HEAP DUMP BEGIN (37979 objects, 1769024 bytes) Tue Jun 14 00:35:39 2016
ROOT 0 (kind=<thread>, id=200000, trace=300000)
ROOT 50009454 (kind=<thread>, id=200004, trace=300001)
ROOT 50009454 (kind=<thread block>, thread=200004)
ROOT 50001525 (kind=<thread>, id=200003, trace=300626)
ROOT 50001525 (kind=<thread block>, thread=200003)
ROOT 500016ce (kind=<JNI local ref>, thread=200003, frame=0)
ROOT 500015c4 (kind=<Java stack>, thread=200003, frame=1)
ROOT 50001831 (kind=<Java stack>, thread=200003, frame=1)
ROOT 50001535 (kind=<Java stack>, thread=200003, frame=2)
ROOT 5000182f (kind=<Java stack>, thread=200003, frame=2)
ROOT 50001831 (kind=<Java stack>, thread=200003, frame=2)
ROOT 50001535 (kind=<Java stack>, thread=200003, frame=3)
ROOT 5000182f (kind=<Java stack>, thread=200003, frame=3)
ROOT 50001524 (kind=<Java stack>, thread=200000, frame=4)
ROOT 50001535 (kind=<Java stack>, thread=200003, frame=4)
ROOT 50001525 (kind=<Java stack>, thread=200003, frame=5)
ROOT 5000945c (kind=<thread>, id=200005, trace=300000)
ROOT 5000945c (kind=<thread block>, thread=200005)
ROOT 5000945c (kind=<JNI local ref>, thread=200000, frame=0)
ROOT 5000945d (kind=<thread>, id=200006, trace=300000)
ROOT 5000945d (kind=<thread block>, thread=200006)
ROOT 5000945e (kind=<thread>, id=200007, trace=300000)
ROOT 5000945e (kind=<thread block>, thread=200007)
ROOT 5000945f (kind=<Java stack>, thread=200000, frame=1)
ROOT 50009460 (kind=<Java stack>, thread=200000, frame=1)
ROOT 5000945f (kind=<Java stack>, thread=200000, frame=2)
ROOT 5000945e (kind=<Java stack>, thread=200000, frame=3)
ROOT 50009461 (kind=<Java stack>, thread=200000, frame=3)
ROOT 50009462 (kind=<thread>, id=200008, trace=300000)
ROOT 50009462 (kind=<thread block>, thread=200008)
ROOT 50009463 (kind=<Java stack>, thread=200000, frame=1)
ROOT 50009462 (kind=<Java stack>, thread=200000, frame=2)
ROOT 50009463 (kind=<Java stack>, thread=200000, frame=2)
ROOT 50009464 (kind=<JNI global ref>, id=1, trace=300000)
ROOT 5000016f (kind=<JNI global ref>, id=2, trace=300000)
ROOT 50000001 (kind=<JNI global ref>, id=3, trace=300000)
ROOT 50000173 (kind=<JNI global ref>, id=4, trace=300000)
ROOT 50000002 (kind=<JNI global ref>, id=5, trace=300000)
ROOT 50000003 (kind=<JNI global ref>, id=6, trace=300000)
ROOT 5000000f (kind=<JNI global ref>, id=7, trace=300000)
ROOT 50000004 (kind=<JNI global ref>, id=8, trace=300000)
ROOT 50000005 (kind=<JNI global ref>, id=9, trace=300000)
ROOT 500000c2 (kind=<JNI global ref>, id=a, trace=300000)
ROOT 50000006 (kind=<JNI global ref>, id=b, trace=300000)
ROOT 50000007 (kind=<JNI global ref>, id=c, trace=300000)
ROOT 50000008 (kind=<JNI global ref>, id=d, trace=300000)
ROOT 50000009 (kind=<JNI global ref>, id=e, trace=300000)
ROOT 5000000a (kind=<JNI global ref>, id=f, trace=300000)
ROOT 5000000b (kind=<JNI global ref>, id=10, trace=300000)
ROOT 5000000c (kind=<JNI global ref>, id=11, trace=300000)
ROOT 5000000d (kind=<JNI global ref>, id=12, trace=300000)
ROOT 5000000e (kind=<JNI global ref>, id=13, trace=300000)
ROOT 50000010 (kind=<JNI global ref>, id=14, trace=300000)
ROOT 50000011 (kind=<JNI global ref>, id=15, trace=300000)
ROOT 50000012 (kind=<JNI global ref>, id=16, trace=300000)
ROOT 50000013 (kind=<JNI global ref>, id=17, trace=300000)
ROOT 50000014 (kind=<JNI global ref>, id=18, trace=300000)
ROOT 50000015 (kind=<JNI global ref>, id=19, trace=300000)
ROOT 50000153 (kind=<JNI global ref>, id=1a, trace=300000)
ROOT 50000016 (kind=<JNI global ref>, id=1b, trace=300000)
ROOT 50000017 (kind=<JNI global ref>, id=1c, trace=300000)
ROOT 5000002a (kind=<JNI global ref>, id=1d, trace=300000)
ROOT 50000018 (kind=<JNI global ref>, id=1e, trace=300000)
ROOT 50000019 (kind=<JNI global ref>, id=1f, trace=300000)
ROOT 5000001c (kind=<JNI global ref>, id=20, trace=300000)
ROOT 5000001a (kind=<JNI global ref>, id=21, trace=300000)
ROOT 5000001b (kind=<JNI global ref>, id=22, trace=300000)
ROOT 5000001d (kind=<JNI global ref>, id=23, trace=300000)
ROOT 5000001e (kind=<JNI global ref>, id=24, trace=300000)
ROOT 5000001f (kind=<JNI global ref>, id=25, trace=300000)
ROOT 50000020 (kind=<JNI global ref>, id=26, trace=300000)
ROOT 50000021 (kind=<JNI global ref>, id=27, trace=300000)
ROOT 50000022 (kind=<JNI global ref>, id=28, trace=300000)
ROOT 50000023 (kind=<JNI global ref>, id=29, trace=300000)
ROOT 50000024 (kind=<JNI global ref>, id=2a, trace=300000)
ROOT 50000025 (kind=<JNI global ref>, id=2b, trace=300000)
ROOT 50000026 (kind=<JNI global ref>, id=2c, trace=300000)
ROOT 50000027 (kind=<JNI global ref>, id=2d, trace=300000)
ROOT 500000ce (kind=<JNI global ref>, id=2e, trace=300000)
ROOT 50000028 (kind=<JNI global ref>, id=2f, trace=300000)
ROOT 50000029 (kind=<JNI global ref>, id=30, trace=300000)
ROOT 5000002b (kind=<JNI global ref>, id=31, trace=300000)
ROOT 5000002c (kind=<JNI global ref>, id=32, trace=300000)
ROOT 5000002d (kind=<JNI global ref>, id=33, trace=300000)
ROOT 5000002e (kind=<JNI global ref>, id=34, trace=300000)
ROOT 5000002f (kind=<JNI global ref>, id=35, trace=300000)
ROOT 5000005a (kind=<JNI global ref>, id=36, trace=300000)
ROOT 50000030 (kind=<JNI global ref>, id=37, trace=300000)
ROOT 50000031 (kind=<JNI global ref>, id=38, trace=300000)
ROOT 50000033 (kind=<JNI global ref>, id=39, trace=300000)
ROOT 50000032 (kind=<JNI global ref>, id=3a, trace=300000)
ROOT 50000034 (kind=<JNI global ref>, id=3b, trace=300000)
ROOT 50000035 (kind=<JNI global ref>, id=3c, trace=300000)
ROOT 50000036 (kind=<JNI global ref>, id=3d, trace=300000)
ROOT 50000114 (kind=<JNI global ref>, id=3e, trace=300000)
ROOT 50000037 (kind=<JNI global ref>, id=3f, trace=300000)
ROOT 5000003b (kind=<JNI global ref>, id=40, trace=300000)
ROOT 50000038 (kind=<JNI global ref>, id=41, trace=300000)
ROOT 50000039 (kind=<JNI global ref>, id=42, trace=300000)
ROOT 5000003a (kind=<JNI global ref>, id=43, trace=300000)
ROOT 5000003c (kind=<JNI global ref>, id=44, trace=300000)
ROOT 5000003d (kind=<JNI global ref>, id=45, trace=300000)
ROOT 5000003e (kind=<JNI global ref>, id=46, trace=300000)
ROOT 5000003f (kind=<JNI global ref>, id=47, trace=300000)
ROOT 50000040 (kind=<JNI global ref>, id=48, trace=300000)
ROOT 50000041 (kind=<JNI global ref>, id=49, trace=300000)
ROOT 50000042 (kind=<JNI global ref>, id=4a, trace=300000)
ROOT 50000043 (kind=<JNI global ref>, id=4b, trace=300000)
ROOT 50000044 (kind=<JNI global ref>, id=4c, trace=300000)
ROOT 50000045 (kind=<JNI global ref>, id=4d, trace=300000)
ROOT 50000046 (kind=<JNI global ref>, id=4e, trace=300000)
ROOT 50000152 (kind=<JNI global ref>, id=4f, trace=300000)
ROOT 50000047 (kind=<JNI global ref>, id=50, trace=300000)
ROOT 50000048 (kind=<JNI global ref>, id=51, trace=300000)
ROOT 50000049 (kind=<JNI global ref>, id=52, trace=300000)
ROOT 5000004a (kind=<JNI global ref>, id=53, trace=300000)
ROOT 5000004b (kind=<JNI global ref>, id=54, trace=300000)
ROOT 5000004c (kind=<JNI global ref>, id=55, trace=300000)
ROOT 5000004d (kind=<JNI global ref>, id=56, trace=300000)
ROOT 50000163 (kind=<JNI global ref>, id=57, trace=300000)
ROOT 5000004e (kind=<JNI global ref>, id=58, trace=300000)
ROOT 5000004f (kind=<JNI global ref>, id=59, trace=300000)
ROOT 50000050 (kind=<JNI global ref>, id=5a, trace=300000)
ROOT 50000051 (kind=<JNI global ref>, id=5b, trace=300000)
ROOT 50000052 (kind=<JNI global ref>, id=5c, trace=300000)
ROOT 50000053 (kind=<JNI global ref>, id=5d, trace=300000)
ROOT 50000054 (kind=<JNI global ref>, id=5e, trace=300000)
ROOT 50000055 (kind=<JNI global ref>, id=5f, trace=300000)
ROOT 50000056 (kind=<JNI global ref>, id=60, trace=300000)
ROOT 50000057 (kind=<JNI global ref>, id=61, trace=300000)
ROOT 50000058 (kind=<JNI global ref>, id=62, trace=300000)
ROOT 50000059 (kind=<JNI global ref>, id=63, trace=300000)
ROOT 500000b9 (kind=<JNI global ref>, id=64, trace=300000)
ROOT 5000005b (kind=<JNI global ref>, id=65, trace=300000)
ROOT 5000005c (kind=<JNI global ref>, id=66, trace=300000)
ROOT 5000005d (kind=<JNI global ref>, id=67, trace=300000)
ROOT 5000005e (kind=<JNI global ref>, id=68, trace=300000)
ROOT 5000005f (kind=<JNI global ref>, id=69, trace=300000)
ROOT 50000060 (kind=<JNI global ref>, id=6a, trace=300000)
ROOT 50000061 (kind=<JNI global ref>, id=6b, trace=300000)
ROOT 50000062 (kind=<JNI global ref>, id=6c, trace=300000)
ROOT 50000063 (kind=<JNI global ref>, id=6d, trace=300000)
ROOT 50000064 (kind=<JNI global ref>, id=6e, trace=300000)
ROOT 50000065 (kind=<JNI global ref>, id=6f, trace=300000)
ROOT 500000ba (kind=<JNI global ref>, id=70, trace=300000)
ROOT 50000066 (kind=<JNI global ref>, id=71, trace=300000)
ROOT 50000067 (kind=<JNI global ref>, id=72, trace=300000)
ROOT 50000068 (kind=<JNI global ref>, id=73, trace=300000)
ROOT 50000069 (kind=<JNI global ref>, id=74, trace=300000)
ROOT 5000006a (kind=<JNI global ref>, id=75, trace=300000)
ROOT 50000077 (kind=<JNI global ref>, id=76, trace=300000)
ROOT 5000006b (kind=<JNI global ref>, id=77, trace=300000)
ROOT 5000006c (kind=<JNI global ref>, id=78, trace=300000)
ROOT 5000006d (kind=<JNI global ref>, id=79, trace=300000)
ROOT 5000006e (kind=<JNI global ref>, id=7a, trace=300000)
ROOT 5000006f (kind=<JNI global ref>, id=7b, trace=300000)
ROOT 50000070 (kind=<JNI global ref>, id=7c, trace=300000)
ROOT 50000071 (kind=<JNI global ref>, id=7d, trace=300000)
ROOT 50000072 (kind=<JNI global ref>, id=7e, trace=300000)
ROOT 50000073 (kind=<JNI global ref>, id=7f, trace=300000)
ROOT 50000074 (kind=<JNI global ref>, id=80, trace=300000)
ROOT 50000075 (kind=<JNI global ref>, id=81, trace=300000)
ROOT 50000076 (kind=<JNI global ref>, id=82, trace=300000)
ROOT 50000078 (kind=<JNI global ref>, id=83, trace=300000)
ROOT 5000007a (kind=<JNI global ref>, id=84, trace=300000)
ROOT 50000079 (kind=<JNI global ref>, id=85, trace=300000)
ROOT 50000083 (kind=<JNI global ref>, id=86, trace=300000)
ROOT 5000007b (kind=<JNI global ref>, id=87, trace=300000)
ROOT 5000007c (kind=<JNI global ref>, id=88, trace=300000)
ROOT 5000007d (kind=<JNI global ref>, id=89, trace=300000)
ROOT 5000007e (kind=<JNI global ref>, id=8a, trace=300000)
ROOT 5000007f (kind=<JNI global ref>, id=8b, trace=300000)
ROOT 50000080 (kind=<JNI global ref>, id=8c, trace=300000)
ROOT 50000081 (kind=<JNI global ref>, id=8d, trace=300000)
ROOT 5000011f (kind=<JNI global ref>, id=8e, trace=300000)
ROOT 50000082 (kind=<JNI global ref>, id=8f, trace=300000)
ROOT 50000084 (kind=<JNI global ref>, id=90, trace=300000)
ROOT 50000085 (kind=<JNI global ref>, id=91, trace=300000)
ROOT 50000086 (kind=<JNI global ref>, id=92, trace=300000)
ROOT 50000087 (kind=<JNI global ref>, id=93, trace=300000)
ROOT 50000088 (kind=<JNI global ref>, id=94, trace=300000)
ROOT 50000089 (kind=<JNI global ref>, id=95, trace=300000)
ROOT 5000008a (kind=<JNI global ref>, id=96, trace=300000)
ROOT 5000008b (kind=<JNI global ref>, id=97, trace=300000)
ROOT 5000008c (kind=<JNI global ref>, id=98, trace=300000)
ROOT 5000008d (kind=<JNI global ref>, id=99, trace=300000)
ROOT 5000008e (kind=<JNI global ref>, id=9a, trace=300000)
ROOT 5000008f (kind=<JNI global ref>, id=9b, trace=300000)
ROOT 50000090 (kind=<JNI global ref>, id=9c, trace=300000)
ROOT 50000091 (kind=<JNI global ref>, id=9d, trace=300000)
ROOT 50000092 (kind=<JNI global ref>, id=9e, trace=300000)
ROOT 50000093 (kind=<JNI global ref>, id=9f, trace=300000)
ROOT 50000094 (kind=<JNI global ref>, id=a0, trace=300000)
ROOT 50000095 (kind=<JNI global ref>, id=a1, trace=300000)
ROOT 50000096 (kind=<JNI global ref>, id=a2, trace=300000)
ROOT 50000097 (kind=<JNI global ref>, id=a3, trace=300000)
ROOT 50000098 (kind=<JNI global ref>, id=a4, trace=300000)
ROOT 50000099 (kind=<JNI global ref>, id=a5, trace=300000)
ROOT 5000009a (kind=<JNI global ref>, id=a6, trace=300000)
ROOT 5000009b (kind=<JNI global ref>, id=a7, trace=300000)
ROOT 5000009c (kind=<JNI global ref>, id=a8, trace=300000)
ROOT 5000009d (kind=<JNI global ref>, id=a9, trace=300000)
ROOT 5000009e (kind=<JNI global ref>, id=aa, trace=300000)
ROOT 5000013a (kind=<JNI global ref>, id=ab, trace=300000)
ROOT 5000009f (kind=<JNI global ref>, id=ac, trace=300000)
ROOT 500000a0 (kind=<JNI global ref>, id=ad, trace=300000)
ROOT 500000a1 (kind=<JNI global ref>, id=ae, trace=300000)
ROOT 500000a2 (kind=<JNI global ref>, id=af, trace=300000)
ROOT 500000a3 (kind=<JNI global ref>, id=b0, trace=300000)
ROOT 500000a4 (kind=<JNI global ref>, id=b1, trace=300000)
ROOT 500000a5 (kind=<JNI global ref>, id=b2, trace=300000)
ROOT 500000d4 (kind=<JNI global ref>, id=b3, trace=300000)
ROOT 500000a6 (kind=<JNI global ref>, id=b4, trace=300000)
ROOT 500000a7 (kind=<JNI global ref>, id=b5, trace=300000)
ROOT 500000a8 (kind=<JNI global ref>, id=b6, trace=300000)
ROOT 500000a9 (kind=<JNI global ref>, id=b7, trace=300000)
ROOT 500000aa (kind=<JNI global ref>, id=b8, trace=300000)
ROOT 500000ab (kind=<JNI global ref>, id=b9, trace=300000)
ROOT 500000ac (kind=<JNI global ref>, id=ba, trace=300000)
ROOT 500000ad (kind=<JNI global ref>, id=bb, trace=300000)
ROOT 500000ae (kind=<JNI global ref>, id=bc, trace=300000)
ROOT 500000af (kind=<JNI global ref>, id=bd, trace=300000)
ROOT 500000b0 (kind=<JNI global ref>, id=be, trace=300000)
ROOT 500000b1 (kind=<JNI global ref>, id=bf, trace=300000)
ROOT 500000b2 (kind=<JNI global ref>, id=c0, trace=300000)
ROOT 500000b3 (kind=<JNI global ref>, id=c1, trace=300000)
ROOT 500000b4 (kind=<JNI global ref>, id=c2, trace=300000)
ROOT 500000b5 (kind=<JNI global ref>, id=c3, trace=300000)
ROOT 500000b6 (kind=<JNI global ref>, id=c4, trace=300000)
ROOT 500000b7 (kind=<JNI global ref>, id=c5, trace=300000)
ROOT 500000b8 (kind=<JNI global ref>, id=c6, trace=300000)
ROOT 500000bb (kind=<JNI global ref>, id=c7, trace=300000)
ROOT 500000bc (kind=<JNI global ref>, id=c8, trace=300000)
ROOT 500000bd (kind=<JNI global ref>, id=c9, trace=300000)
ROOT 500000be (kind=<JNI global ref>, id=ca, trace=300000)
ROOT 500000bf (kind=<JNI global ref>, id=cb, trace=300000)
ROOT 500000c0 (kind=<JNI global ref>, id=cc, trace=300000)
ROOT 500000e6 (kind=<JNI global ref>, id=cd, trace=300000)
ROOT 500000c1 (kind=<JNI global ref>, id=ce, trace=300000)
ROOT 500000e7 (kind=<JNI global ref>, id=cf, trace=300000)
ROOT 500000c3 (kind=<JNI global ref>, id=d0, trace=300000)
ROOT 500000c4 (kind=<JNI global ref>, id=d1, trace=300000)
ROOT 500000c5 (kind=<JNI global ref>, id=d2, trace=300000)
ROOT 500000c6 (kind=<JNI global ref>, id=d3, trace=300000)
ROOT 500000c7 (kind=<JNI global ref>, id=d4, trace=300000)
ROOT 5000015c (kind=<JNI global ref>, id=d5, trace=300000)
ROOT 500000c8 (kind=<JNI global ref>, id=d6, trace=300000)
ROOT 50000111 (kind=<JNI global ref>, id=d7, trace=300000)
ROOT 500000c9 (kind=<JNI global ref>, id=d8, trace=300000)
ROOT 500000ca (kind=<JNI global ref>, id=d9, trace=300000)
ROOT 500000cd (kind=<JNI global ref>, id=da, trace=300000)
ROOT 500000cb (kind=<JNI global ref>, id=db, trace=300000)
ROOT 500000cc (kind=<JNI global ref>, id=dc, trace=300000)
ROOT 500000cf (kind=<JNI global ref>, id=dd, trace=300000)
ROOT 500000d0 (kind=<JNI global ref>, id=de, trace=300000)
ROOT 500000d1 (kind=<JNI global ref>, id=df, trace=300000)
ROOT 500000d2 (kind=<JNI global ref>, id=e0, trace=300000)
ROOT 500000d3 (kind=<JNI global ref>, id=e1, trace=300000)
ROOT 500000d5 (kind=<JNI global ref>, id=e2, trace=300000)
ROOT 500000d6 (kind=<JNI global ref>, id=e3, trace=300000)
ROOT 500000d7 (kind=<JNI global ref>, id=e4, trace=300000)
ROOT 500000d8 (kind=<JNI global ref>, id=e5, trace=300000)
ROOT 500000d9 (kind=<JNI global ref>, id=e6, trace=300000)
ROOT 500000da (kind=<JNI global ref>, id=e7, trace=300000)
ROOT 500000db (kind=<JNI global ref>, id=e8, trace=300000)
ROOT 5000014c (kind=<JNI global ref>, id=e9, trace=300000)
ROOT 500000dc (kind=<JNI global ref>, id=ea, trace=300000)
ROOT 500000dd (kind=<JNI global ref>, id=eb, trace=300000)
ROOT 500000de (kind=<JNI global ref>, id=ec, trace=300000)
ROOT 500000df (kind=<JNI global ref>, id=ed, trace=300000)
ROOT 500000e0 (kind=<JNI global ref>, id=ee, trace=300000)
ROOT 500000e1 (kind=<JNI global ref>, id=ef, trace=300000)
ROOT 500000e2 (kind=<JNI global ref>, id=f0, trace=300000)
ROOT 500000e3 (kind=<JNI global ref>, id=f1, trace=300000)
ROOT 500000e4 (kind=<JNI global ref>, id=f2, trace=300000)
ROOT 500000e5 (kind=<JNI global ref>, id=f3, trace=300000)
ROOT 500000e8 (kind=<JNI global ref>, id=f4, trace=300000)
ROOT 500000e9 (kind=<JNI global ref>, id=f5, trace=300000)
ROOT 500000ea (kind=<JNI global ref>, id=f6, trace=300000)
ROOT 500000eb (kind=<JNI global ref>, id=f7, trace=300000)
ROOT 500000ec (kind=<JNI global ref>, id=f8, trace=300000)
ROOT 500000ed (kind=<JNI global ref>, id=f9, trace=300000)
ROOT 500000ee (kind=<JNI global ref>, id=fa, trace=300000)
ROOT 500000ef (kind=<JNI global ref>, id=fb, trace=300000)
ROOT 500000f0 (kind=<JNI global ref>, id=fc, trace=300000)
ROOT 500000f3 (kind=<JNI global ref>, id=fd, trace=300000)
ROOT 500000f1 (kind=<JNI global ref>, id=fe, trace=300000)
ROOT 500000f2 (kind=<JNI global ref>, id=ff, trace=300000)
ROOT 500000f4 (kind=<JNI global ref>, id=100, trace=300000)
ROOT 500000f5 (kind=<JNI global ref>, id=101, trace=300000)
ROOT 500000f6 (kind=<JNI global ref>, id=102, trace=300000)
ROOT 500000f7 (kind=<JNI global ref>, id=103, trace=300000)
ROOT 500000f8 (kind=<JNI global ref>, id=104, trace=300000)
ROOT 500000f9 (kind=<JNI global ref>, id=105, trace=300000)
ROOT 500000fa (kind=<JNI global ref>, id=106, trace=300000)
ROOT 500000fb (kind=<JNI global ref>, id=107, trace=300000)
ROOT 500000fc (kind=<JNI global ref>, id=108, trace=300000)
ROOT 500000fd (kind=<JNI global ref>, id=109, trace=300000)
ROOT 500000fe (kind=<JNI global ref>, id=10a, trace=300000)
ROOT 500000ff (kind=<JNI global ref>, id=10b, trace=300000)
ROOT 50000100 (kind=<JNI global ref>, id=10c, trace=300000)
ROOT 50000101 (kind=<JNI global ref>, id=10d, trace=300000)
ROOT 50000102 (kind=<JNI global ref>, id=10e, trace=300000)
ROOT 50000103 (kind=<JNI global ref>, id=10f, trace=300000)
ROOT 50000104 (kind=<JNI global ref>, id=110, trace=300000)
ROOT 50000105 (kind=<JNI global ref>, id=111, trace=300000)
ROOT 50000106 (kind=<JNI global ref>, id=112, trace=300000)
ROOT 50000107 (kind=<JNI global ref>, id=113, trace=300000)
ROOT 50000108 (kind=<JNI global ref>, id=114, trace=300000)
ROOT 50000109 (kind=<JNI global ref>, id=115, trace=300000)
ROOT 5000010a (kind=<JNI global ref>, id=116, trace=300000)
ROOT 5000010b (kind=<JNI global ref>, id=117, trace=300000)
ROOT 5000010c (kind=<JNI global ref>, id=118, trace=300000)
ROOT 5000010d (kind=<JNI global ref>, id=119, trace=300000)
ROOT 5000010e (kind=<JNI global ref>, id=11a, trace=300000)
ROOT 5000010f (kind=<JNI global ref>, id=11b, trace=300000)
ROOT 50000110 (kind=<JNI global ref>, id=11c, trace=300000)
ROOT 50000112 (kind=<JNI global ref>, id=11d, trace=300000)
ROOT 50000113 (kind=<JNI global ref>, id=11e, trace=300000)
ROOT 50000115 (kind=<JNI global ref>, id=11f, trace=300000)
ROOT 50000116 (kind=<JNI global ref>, id=120, trace=300000)
ROOT 50000117 (kind=<JNI global ref>, id=121, trace=300000)
ROOT 5000011c (kind=<JNI global ref>, id=122, trace=300000)
ROOT 50000118 (kind=<JNI global ref>, id=123, trace=300000)
ROOT 50000119 (kind=<JNI global ref>, id=124, trace=300000)
ROOT 5000011a (kind=<JNI global ref>, id=125, trace=300000)
ROOT 5000011b (kind=<JNI global ref>, id=126, trace=300000)
ROOT 5000015f (kind=<JNI global ref>, id=127, trace=300000)
ROOT 5000011d (kind=<JNI global ref>, id=128, trace=300000)
ROOT 5000011e (kind=<JNI global ref>, id=129, trace=300000)
ROOT 50000120 (kind=<JNI global ref>, id=12a, trace=300000)
ROOT 50000121 (kind=<JNI global ref>, id=12b, trace=300000)
ROOT 50000122 (kind=<JNI global ref>, id=12c, trace=300000)
ROOT 50000123 (kind=<JNI global ref>, id=12d, trace=300000)
ROOT 50000125 (kind=<JNI global ref>, id=12e, trace=300000)
ROOT 50000124 (kind=<JNI global ref>, id=12f, trace=300000)
ROOT 50000126 (kind=<JNI global ref>, id=130, trace=300000)
ROOT 50000127 (kind=<JNI global ref>, id=131, trace=300000)
ROOT 5000012a (kind=<JNI global ref>, id=132, trace=300000)
ROOT 50000128 (kind=<JNI global ref>, id=133, trace=300000)
ROOT 50000129 (kind=<JNI global ref>, id=134, trace=300000)
ROOT 5000012b (kind=<JNI global ref>, id=135, trace=300000)
ROOT 5000012c (kind=<JNI global ref>, id=136, trace=300000)
ROOT 5000012d (kind=<JNI global ref>, id=137, trace=300000)
ROOT 5000012e (kind=<JNI global ref>, id=138, trace=300000)
ROOT 5000012f (kind=<JNI global ref>, id=139, trace=300000)
ROOT 50000130 (kind=<JNI global ref>, id=13a, trace=300000)
ROOT 50000131 (kind=<JNI global ref>, id=13b, trace=300000)
ROOT 50000132 (kind=<JNI global ref>, id=13c, trace=300000)
ROOT 50000133 (kind=<JNI global ref>, id=13d, trace=300000)
ROOT 50000134 (kind=<JNI global ref>, id=13e, trace=300000)
ROOT 50000135 (kind=<JNI global ref>, id=13f, trace=300000)
ROOT 50000136 (kind=<JNI global ref>, id=140, trace=300000)
ROOT 5000013e (kind=<JNI global ref>, id=141, trace=300000)
ROOT 50000137 (kind=<JNI global ref>, id=142, trace=300000)
ROOT 50000138 (kind=<JNI global ref>, id=143, trace=300000)
ROOT 50000139 (kind=<JNI global ref>, id=144, trace=300000)
ROOT 50000169 (kind=<JNI global ref>, id=145, trace=300000)
ROOT 5000013b (kind=<JNI global ref>, id=146, trace=300000)
ROOT 5000013c (kind=<JNI global ref>, id=147, trace=300000)
ROOT 5000013d (kind=<JNI global ref>, id=148, trace=300000)
ROOT 5000013f (kind=<JNI global ref>, id=149, trace=300000)
ROOT 50000141 (kind=<JNI global ref>, id=14a, trace=300000)
ROOT 50000140 (kind=<JNI global ref>, id=14b, trace=300000)
ROOT 50000145 (kind=<JNI global ref>, id=14c, trace=300000)
ROOT 50000142 (kind=<JNI global ref>, id=14d, trace=300000)
ROOT 50000143 (kind=<JNI global ref>, id=14e, trace=300000)
ROOT 50000144 (kind=<JNI global ref>, id=14f, trace=300000)
ROOT 50000146 (kind=<JNI global ref>, id=150, trace=300000)
ROOT 50000147 (kind=<JNI global ref>, id=151, trace=300000)
ROOT 50000148 (kind=<JNI global ref>, id=152, trace=300000)
ROOT 50000149 (kind=<JNI global ref>, id=153, trace=300000)
ROOT 5000014a (kind=<JNI global ref>, id=154, trace=300000)
ROOT 5000014b (kind=<JNI global ref>, id=155, trace=300000)
ROOT 5000014d (kind=<JNI global ref>, id=156, trace=300000)
ROOT 5000014e (kind=<JNI global ref>, id=157, trace=300000)
ROOT 50000151 (kind=<JNI global ref>, id=158, trace=300000)
ROOT 5000014f (kind=<JNI global ref>, id=159, trace=300000)
ROOT 50000150 (kind=<JNI global ref>, id=15a, trace=300000)
ROOT 50000154 (kind=<JNI global ref>, id=15b, trace=300000)
ROOT 50000155 (kind=<JNI global ref>, id=15c, trace=300000)
ROOT 50000156 (kind=<JNI global ref>, id=15d, trace=300000)
ROOT 50000158 (kind=<JNI global ref>, id=15e, trace=300000)
ROOT 50000157 (kind=<JNI global ref>, id=15f, trace=300000)
ROOT 50000166 (kind=<JNI global ref>, id=160, trace=300000)
ROOT 50000159 (kind=<JNI global ref>, id=161, trace=300000)
ROOT 5000015a (kind=<JNI global ref>, id=162, trace=300000)
ROOT 5000015b (kind=<JNI global ref>, id=163, trace=300000)
ROOT 5000015d (kind=<JNI global ref>, id=164, trace=300000)
ROOT 5000015e (kind=<JNI global ref>, id=165, trace=300000)
ROOT 50000164 (kind=<JNI global ref>, id=166, trace=300000)
ROOT 50000160 (kind=<JNI global ref>, id=167, trace=300000)
ROOT 50000161 (kind=<JNI global ref>, id=168, trace=300000)
ROOT 50000162 (kind=<JNI global ref>, id=169, trace=300000)
ROOT 50000167 (kind=<JNI global ref>, id=16a, trace=300000)
ROOT 50000165 (kind=<JNI global ref>, id=16b, trace=300000)
ROOT 50000168 (kind=<JNI global ref>, id=16c, trace=300000)
ROOT 5000016a (kind=<JNI global ref>, id=16d, trace=300000)
ROOT 5000016b (kind=<JNI global ref>, id=16e, trace=300000)
ROOT 5000016c (kind=<JNI global ref>, id=16f, trace=300000)
ROOT 5000016d (kind=<JNI global ref>, id=170, trace=300000)
ROOT 5000016e (kind=<JNI global ref>, id=171, trace=300000)
ROOT 5000016f (kind=<JNI global ref>, id=172, trace=300000)
ROOT 50000170 (kind=<JNI global ref>, id=173, trace=300000)
ROOT 50000171 (kind=<JNI global ref>, id=174, trace=300000)
ROOT 50000172 (kind=<JNI global ref>, id=175, trace=300000)
ROOT 50000174 (kind=<JNI global ref>, id=176, trace=300000)
ROOT 50000175 (kind=<JNI global ref>, id=177, trace=300000)
ROOT 50000176 (kind=<JNI global ref>, id=178, trace=300000)
ROOT 50000177 (kind=<JNI global ref>, id=179, trace=300000)
ROOT 50000178 (kind=<JNI global ref>, id=17a, trace=300000)
ROOT 50000179 (kind=<JNI global ref>, id=17b, trace=300000)
ROOT 5000017a (kind=<JNI global ref>, id=17c, trace=300000)
ROOT 5000017b (kind=<JNI global ref>, id=17d, trace=300000)
ROOT 50000186 (kind=<JNI global ref>, id=17e, trace=300004)
ROOT 50000189 (kind=<JNI global ref>, id=17f, trace=300007)
ROOT 50000192 (kind=<JNI global ref>, id=180, trace=300015)
ROOT 50000193 (kind=<JNI global ref>, id=181, trace=300015)
ROOT 50000195 (kind=<JNI global ref>, id=182, trace=300017)
ROOT 50000197 (kind=<JNI global ref>, id=183, trace=300019)
ROOT 5000019b (kind=<JNI global ref>, id=184, trace=300022)
ROOT 5000019c (kind=<JNI global ref>, id=185, trace=300022)
ROOT 5000019d (kind=<JNI global ref>, id=186, trace=300023)
ROOT 5000019e (kind=<JNI global ref>, id=187, trace=300024)
ROOT 500001a3 (kind=<JNI global ref>, id=188, trace=300028)
ROOT 500001a5 (kind=<JNI global ref>, id=189, trace=300030)
ROOT 500001a9 (kind=<JNI global ref>, id=18a, trace=300034)
ROOT 500001ab (kind=<JNI global ref>, id=18b, trace=300036)
ROOT 500001ad (kind=<JNI global ref>, id=18c, trace=300038)
ROOT 500001b5 (kind=<JNI global ref>, id=18d, trace=300000)
ROOT 500001b6 (kind=<JNI global ref>, id=18e, trace=300043)
ROOT 500001b8 (kind=<JNI global ref>, id=18f, trace=300045)
ROOT 500001bd (kind=<JNI global ref>, id=190, trace=300047)
ROOT 500001c7 (kind=<JNI global ref>, id=191, trace=300054)
ROOT 500001d8 (kind=<JNI global ref>, id=192, trace=300068)
ROOT 50000211 (kind=<JNI global ref>, id=193, trace=300106)
ROOT 50000214 (kind=<JNI global ref>, id=194, trace=300000)
ROOT 50000216 (kind=<JNI global ref>, id=195, trace=300109)
ROOT 50000222 (kind=<JNI global ref>, id=196, trace=300118)
ROOT 50000228 (kind=<JNI global ref>, id=197, trace=300124)
ROOT 5000022e (kind=<JNI global ref>, id=198, trace=300129)
ROOT 50000230 (kind=<JNI global ref>, id=199, trace=300131)
ROOT 50000231 (kind=<JNI global ref>, id=19a, trace=300131)
ROOT 50000232 (kind=<JNI global ref>, id=19b, trace=300132)
ROOT 50000233 (kind=<JNI global ref>, id=19c, trace=300132)
ROOT 50000234 (kind=<JNI global ref>, id=19d, trace=300133)
ROOT 50000235 (kind=<JNI global ref>, id=19e, trace=300133)
ROOT 50000255 (kind=<JNI global ref>, id=19f, trace=300155)
ROOT 50000257 (kind=<JNI global ref>, id=1a0, trace=300157)
ROOT 5000025e (kind=<JNI global ref>, id=1a1, trace=300160)
ROOT 5000025f (kind=<JNI global ref>, id=1a2, trace=300161)
ROOT 50000260 (kind=<JNI global ref>, id=1a3, trace=300161)
ROOT 50000266 (kind=<JNI global ref>, id=1a4, trace=300167)
ROOT 5000026a (kind=<JNI global ref>, id=1a5, trace=300171)
ROOT 50000275 (kind=<JNI global ref>, id=1a6, trace=300178)
ROOT 5000028b (kind=<JNI global ref>, id=1a7, trace=300178)
ROOT 5000029d (kind=<JNI global ref>, id=1a8, trace=300178)
ROOT 500002af (kind=<JNI global ref>, id=1a9, trace=300178)
ROOT 500002bf (kind=<JNI global ref>, id=1aa, trace=300194)
ROOT 500002c0 (kind=<JNI global ref>, id=1ab, trace=300194)
ROOT 500002c1 (kind=<JNI global ref>, id=1ac, trace=300194)
ROOT 500002c4 (kind=<JNI global ref>, id=1ad, trace=300197)
ROOT 500002ca (kind=<JNI global ref>, id=1ae, trace=300201)
ROOT 500002cb (kind=<JNI global ref>, id=1af, trace=300202)
ROOT 500002cd (kind=<JNI global ref>, id=1b0, trace=300204)
ROOT 500002cf (kind=<JNI global ref>, id=1b1, trace=300206)
ROOT 500002d1 (kind=<JNI global ref>, id=1b2, trace=300208)
ROOT 500002d2 (kind=<JNI global ref>, id=1b3, trace=300208)
ROOT 500002d3 (kind=<JNI global ref>, id=1b4, trace=300208)
ROOT 50000114 (kind=<JNI global ref>, id=1b5, trace=300000)
ROOT 500002d1 (kind=<JNI global ref>, id=1b6, trace=300208)
ROOT 500002d3 (kind=<JNI global ref>, id=1b7, trace=300208)
ROOT 500002d6 (kind=<JNI global ref>, id=1b8, trace=300211)
ROOT 500002d7 (kind=<JNI global ref>, id=1b9, trace=300211)
ROOT 500002e8 (kind=<JNI global ref>, id=1ba, trace=300218)
ROOT 500002ef (kind=<JNI global ref>, id=1bb, trace=300225)
ROOT 50000320 (kind=<JNI global ref>, id=1bc, trace=300268)
ROOT 50000322 (kind=<JNI global ref>, id=1bd, trace=300270)
ROOT 50000323 (kind=<JNI global ref>, id=1be, trace=300270)
ROOT 50000328 (kind=<JNI global ref>, id=1bf, trace=300275)
ROOT 5000032c (kind=<JNI global ref>, id=1c0, trace=300278)
ROOT 50000367 (kind=<JNI global ref>, id=1c1, trace=300285)
ROOT 50000368 (kind=<JNI global ref>, id=1c2, trace=300285)
ROOT 5000036a (kind=<JNI global ref>, id=1c3, trace=300287)
ROOT 500003a6 (kind=<JNI global ref>, id=1c4, trace=300289)
ROOT 500003aa (kind=<JNI global ref>, id=1c5, trace=300292)
ROOT 500003ac (kind=<JNI global ref>, id=1c6, trace=300294)
ROOT 500003ad (kind=<JNI global ref>, id=1c7, trace=300294)
ROOT 50000512 (kind=<JNI global ref>, id=1c8, trace=300328)
ROOT 50000513 (kind=<JNI global ref>, id=1c9, trace=300328)
ROOT 50000515 (kind=<JNI global ref>, id=1ca, trace=300330)
ROOT 500011dd (kind=<JNI global ref>, id=1cb, trace=300354)
ROOT 50001220 (kind=<JNI global ref>, id=1cc, trace=300382)
ROOT 50001221 (kind=<JNI global ref>, id=1cd, trace=300383)
ROOT 50001222 (kind=<JNI global ref>, id=1ce, trace=300383)
ROOT 50001225 (kind=<JNI global ref>, id=1cf, trace=300386)
ROOT 50001290 (kind=<JNI global ref>, id=1d0, trace=300422)
ROOT 50001291 (kind=<JNI global ref>, id=1d1, trace=300422)
ROOT 5000129f (kind=<JNI global ref>, id=1d2, trace=300431)
ROOT 500012a3 (kind=<JNI global ref>, id=1d3, trace=300435)
ROOT 500012ab (kind=<JNI global ref>, id=1d4, trace=300443)
ROOT 500012be (kind=<JNI global ref>, id=1d5, trace=300462)
ROOT 500012ce (kind=<JNI global ref>, id=1d6, trace=300465)
ROOT 500012d3 (kind=<JNI global ref>, id=1d7, trace=300470)
ROOT 500012d4 (kind=<JNI global ref>, id=1d8, trace=300471)
ROOT 500012d6 (kind=<JNI global ref>, id=1d9, trace=300472)
ROOT 500012df (kind=<JNI global ref>, id=1da, trace=300481)
ROOT 500012e4 (kind=<JNI global ref>, id=1db, trace=300486)
ROOT 500012f7 (kind=<JNI global ref>, id=1dc, trace=300500)
ROOT 50001301 (kind=<JNI global ref>, id=1dd, trace=300505)
ROOT 50001315 (kind=<JNI global ref>, id=1de, trace=300518)
ROOT 5000131b (kind=<JNI global ref>, id=1df, trace=300522)
ROOT 5000131c (kind=<JNI global ref>, id=1e0, trace=300522)
ROOT 5000134c (kind=<JNI global ref>, id=1e1, trace=300540)
ROOT 5000134d (kind=<JNI global ref>, id=1e2, trace=300540)
ROOT 5000134e (kind=<JNI global ref>, id=1e3, trace=300540)
ROOT 50001353 (kind=<JNI global ref>, id=1e4, trace=300545)
ROOT 50001367 (kind=<JNI global ref>, id=1e5, trace=300554)
ROOT 50001369 (kind=<JNI global ref>, id=1e6, trace=300556)
ROOT 5000136c (kind=<JNI global ref>, id=1e7, trace=300559)
ROOT 50001380 (kind=<JNI global ref>, id=1e8, trace=300565)
ROOT 50001381 (kind=<JNI global ref>, id=1e9, trace=300566)
ROOT 50001383 (kind=<JNI global ref>, id=1ea, trace=300568)
ROOT 500013bc (kind=<JNI global ref>, id=1eb, trace=300585)
ROOT 500013bd (kind=<JNI global ref>, id=1ec, trace=300586)
ROOT 500013bf (kind=<JNI global ref>, id=1ed, trace=300588)
ROOT 500013c1 (kind=<JNI global ref>, id=1ee, trace=300590)
ROOT 50001537 (kind=<JNI global ref>, id=1ef, trace=300632)
ROOT 50001534 (kind=<JNI global ref>, id=1f0, trace=300592)
ROOT 500013d5 (kind=<JNI global ref>, id=1f1, trace=300592)
ROOT 500013da (kind=<JNI global ref>, id=1f2, trace=300592)
ROOT 500013e3 (kind=<JNI global ref>, id=1f3, trace=300592)
ROOT 500013e8 (kind=<JNI global ref>, id=1f4, trace=300592)
ROOT 500013ee (kind=<JNI global ref>, id=1f5, trace=300595)
ROOT 500013f2 (kind=<JNI global ref>, id=1f6, trace=300597)
ROOT 50001513 (kind=<JNI global ref>, id=1f7, trace=300585)
ROOT 50001549 (kind=<JNI global ref>, id=1f8, trace=300632)
ROOT 5000154a (kind=<JNI global ref>, id=1f9, trace=300632)
ROOT 5000154b (kind=<JNI global ref>, id=1fa, trace=300632)
ROOT 5000154c (kind=<JNI global ref>, id=1fb, trace=300632)
ROOT 5000154d (kind=<JNI global ref>, id=1fc, trace=300632)
ROOT 5000154e (kind=<JNI global ref>, id=1fd, trace=300633)
ROOT 500015df (kind=<JNI global ref>, id=1fe, trace=300656)
ROOT 500015e2 (kind=<JNI global ref>, id=1ff, trace=300656)
ROOT 500015f7 (kind=<JNI global ref>, id=200, trace=300659)
ROOT 5000160c (kind=<JNI global ref>, id=201, trace=300662)
ROOT 5000160f (kind=<JNI global ref>, id=202, trace=300664)
ROOT 50001611 (kind=<JNI global ref>, id=203, trace=300666)
ROOT 500015f7 (kind=<JNI global ref>, id=204, trace=300659)
ROOT 50001623 (kind=<JNI global ref>, id=205, trace=300668)
ROOT 50001623 (kind=<JNI global ref>, id=206, trace=300668)
ROOT 50001624 (kind=<JNI global ref>, id=207, trace=300669)
ROOT 50001625 (kind=<JNI global ref>, id=208, trace=300670)
ROOT 50001628 (kind=<JNI global ref>, id=209, trace=300673)
ROOT 5000162f (kind=<JNI global ref>, id=20a, trace=300678)
ROOT 50001652 (kind=<JNI global ref>, id=20b, trace=300684)
ROOT 50001653 (kind=<JNI global ref>, id=20c, trace=300684)
ROOT 50001670 (kind=<JNI global ref>, id=20d, trace=300694)
ROOT 50001674 (kind=<JNI global ref>, id=20e, trace=300694)
ROOT 5000167f (kind=<JNI global ref>, id=20f, trace=300697)
ROOT 500016a6 (kind=<JNI global ref>, id=210, trace=300709)
ROOT 500016b8 (kind=<JNI global ref>, id=211, trace=300711)
ROOT 500016b8 (kind=<JNI global ref>, id=212, trace=300711)
ROOT 500016e6 (kind=<JNI global ref>, id=213, trace=300724)
ROOT 500016e6 (kind=<JNI global ref>, id=214, trace=300724)
ROOT 500016e9 (kind=<JNI global ref>, id=215, trace=300725)
ROOT 500016ea (kind=<JNI global ref>, id=216, trace=300585)
ROOT 500016f0 (kind=<JNI global ref>, id=217, trace=300726)
ROOT 500016f1 (kind=<JNI global ref>, id=218, trace=300726)
ROOT 500015f7 (kind=<JNI global ref>, id=219, trace=300659)
ROOT 50001623 (kind=<JNI global ref>, id=21a, trace=300668)
ROOT 500016b8 (kind=<JNI global ref>, id=21b, trace=300711)
ROOT 500016f4 (kind=<JNI global ref>, id=21c, trace=300729)
ROOT 500016f4 (kind=<JNI global ref>, id=21d, trace=300729)
ROOT 500016f5 (kind=<JNI global ref>, id=21e, trace=300730)
ROOT 500016f4 (kind=<JNI global ref>, id=21f, trace=300729)
ROOT 50001726 (kind=<JNI global ref>, id=220, trace=300729)
ROOT 50001729 (kind=<JNI global ref>, id=221, trace=300737)
ROOT 50001726 (kind=<JNI global ref>, id=222, trace=300729)
ROOT 500015f7 (kind=<JNI global ref>, id=223, trace=300659)
ROOT 500016b8 (kind=<JNI global ref>, id=224, trace=300711)
ROOT 500016f4 (kind=<JNI global ref>, id=225, trace=300729)
ROOT 50001766 (kind=<JNI global ref>, id=226, trace=300739)
ROOT 50001766 (kind=<JNI global ref>, id=227, trace=300739)
ROOT 50001772 (kind=<JNI global ref>, id=228, trace=300740)
ROOT 500017f6 (kind=<JNI global ref>, id=229, trace=300585)
ROOT 500017fd (kind=<JNI global ref>, id=22a, trace=300750)
ROOT 50001816 (kind=<JNI global ref>, id=22b, trace=300758)
ROOT 50001817 (kind=<JNI global ref>, id=22c, trace=300758)
ROOT 50001818 (kind=<JNI global ref>, id=22d, trace=300758)
ROOT 50001726 (kind=<JNI global ref>, id=22e, trace=300729)
ROOT 50001823 (kind=<JNI global ref>, id=22f, trace=300762)
ROOT 50001825 (kind=<JNI global ref>, id=230, trace=300764)
ROOT 5000182e (kind=<JNI global ref>, id=231, trace=300767)
ROOT 50001838 (kind=<JNI global ref>, id=232, trace=300592)
ROOT 50001839 (kind=<JNI global ref>, id=233, trace=300775)
ROOT 5000183a (kind=<JNI global ref>, id=234, trace=300776)
ROOT 5000183b (kind=<JNI global ref>, id=235, trace=300776)
ROOT 5000183e (kind=<JNI global ref>, id=236, trace=300779)
ROOT 50001843 (kind=<JNI global ref>, id=237, trace=300784)
ROOT 50001844 (kind=<JNI global ref>, id=238, trace=300785)
ROOT 50001848 (kind=<JNI global ref>, id=239, trace=300788)
ROOT 5000184a (kind=<JNI global ref>, id=23a, trace=300790)
ROOT 5000184b (kind=<JNI global ref>, id=23b, trace=300790)
ROOT 5000189d (kind=<JNI global ref>, id=23c, trace=300794)
ROOT 500018a0 (kind=<JNI global ref>, id=23d, trace=300796)
ROOT 500018a5 (kind=<JNI global ref>, id=23e, trace=300798)
ROOT 500018bf (kind=<JNI global ref>, id=23f, trace=300801)
ROOT 500018c0 (kind=<JNI global ref>, id=240, trace=300801)
ROOT 500018c1 (kind=<JNI global ref>, id=241, trace=300801)
ROOT 500018c3 (kind=<JNI global ref>, id=242, trace=300803)
ROOT 500018c6 (kind=<JNI global ref>, id=243, trace=300805)
ROOT 500018ca (kind=<JNI global ref>, id=244, trace=300806)
ROOT 500018ce (kind=<JNI global ref>, id=245, trace=300807)
ROOT 500018d2 (kind=<JNI global ref>, id=246, trace=300808)
ROOT 500018d6 (kind=<JNI global ref>, id=247, trace=300809)
ROOT 500018da (kind=<JNI global ref>, id=248, trace=300810)
ROOT 500018de (kind=<JNI global ref>, id=249, trace=300811)
ROOT 500018e2 (kind=<JNI global ref>, id=24a, trace=300812)
ROOT 500018e6 (kind=<JNI global ref>, id=24b, trace=300813)
ROOT 500018ea (kind=<JNI global ref>, id=24c, trace=300814)
ROOT 500018ee (kind=<JNI global ref>, id=24d, trace=300815)
ROOT 500018f2 (kind=<JNI global ref>, id=24e, trace=300816)
ROOT 500018f6 (kind=<JNI global ref>, id=24f, trace=300817)
ROOT 500018fa (kind=<JNI global ref>, id=250, trace=300818)
ROOT 500018fe (kind=<JNI global ref>, id=251, trace=300819)
ROOT 50001902 (kind=<JNI global ref>, id=252, trace=300820)
ROOT 50001906 (kind=<JNI global ref>, id=253, trace=300821)
ROOT 5000190a (kind=<JNI global ref>, id=254, trace=300822)
ROOT 5000190c (kind=<JNI global ref>, id=255, trace=300824)
ROOT 5000190d (kind=<JNI global ref>, id=256, trace=300824)
ROOT 5000190e (kind=<JNI global ref>, id=257, trace=300825)
ROOT 5000190f (kind=<JNI global ref>, id=258, trace=300826)
ROOT 50001910 (kind=<JNI global ref>, id=259, trace=300827)
ROOT 50001912 (kind=<JNI global ref>, id=25a, trace=300829)
ROOT 50001918 (kind=<JNI global ref>, id=25b, trace=300835)
ROOT 50001921 (kind=<JNI global ref>, id=25c, trace=300842)
ROOT 50001922 (kind=<JNI global ref>, id=25d, trace=300842)
ROOT 50001929 (kind=<JNI global ref>, id=25e, trace=300848)
ROOT 5000192b (kind=<JNI global ref>, id=25f, trace=300850)
ROOT 5000192d (kind=<JNI global ref>, id=260, trace=300852)
ROOT 50001937 (kind=<JNI global ref>, id=261, trace=300856)
ROOT 50001938 (kind=<JNI global ref>, id=262, trace=300856)
ROOT 5000193c (kind=<JNI global ref>, id=263, trace=300859)
ROOT 5000193d (kind=<JNI global ref>, id=264, trace=300859)
ROOT 50001941 (kind=<JNI global ref>, id=265, trace=300863)
ROOT 50001944 (kind=<JNI global ref>, id=266, trace=300866)
ROOT 50001946 (kind=<JNI global ref>, id=267, trace=300867)
ROOT 50001952 (kind=<JNI global ref>, id=268, trace=300879)
ROOT 50001953 (kind=<JNI global ref>, id=269, trace=300879)
ROOT 50001954 (kind=<JNI global ref>, id=26a, trace=300880)
ROOT 50001955 (kind=<JNI global ref>, id=26b, trace=300880)
ROOT 50001956 (kind=<JNI global ref>, id=26c, trace=300881)
ROOT 50001957 (kind=<JNI global ref>, id=26d, trace=300882)
ROOT 50001958 (kind=<JNI global ref>, id=26e, trace=300882)
ROOT 5000195c (kind=<JNI global ref>, id=26f, trace=300886)
ROOT 5000195d (kind=<JNI global ref>, id=270, trace=300886)
ROOT 5000195e (kind=<JNI global ref>, id=271, trace=300887)
ROOT 50001965 (kind=<JNI global ref>, id=272, trace=300894)
ROOT 5000196b (kind=<JNI global ref>, id=273, trace=300900)
ROOT 50001972 (kind=<JNI global ref>, id=274, trace=300905)
ROOT 50001974 (kind=<JNI global ref>, id=275, trace=300907)
ROOT 50001976 (kind=<JNI global ref>, id=276, trace=300909)
ROOT 5000197a (kind=<JNI global ref>, id=277, trace=300913)
ROOT 5000197b (kind=<JNI global ref>, id=278, trace=300913)
ROOT 5000197c (kind=<JNI global ref>, id=279, trace=300914)
ROOT 500019bb (kind=<JNI global ref>, id=27a, trace=300929)
ROOT 50001b3f (kind=<JNI global ref>, id=27b, trace=300935)
ROOT 50001b41 (kind=<JNI global ref>, id=27c, trace=300937)
ROOT 50001b89 (kind=<JNI global ref>, id=27d, trace=300972)
ROOT 50001b8f (kind=<JNI global ref>, id=27e, trace=300978)
ROOT 50001b95 (kind=<JNI global ref>, id=27f, trace=300984)
ROOT 50001b9e (kind=<JNI global ref>, id=280, trace=300992)
ROOT 50001ba0 (kind=<JNI global ref>, id=281, trace=300994)
ROOT 50001ba1 (kind=<JNI global ref>, id=282, trace=300994)
ROOT 50001ba3 (kind=<JNI global ref>, id=283, trace=300996)
ROOT 50001bad (kind=<JNI global ref>, id=284, trace=301001)
ROOT 50001bb3 (kind=<JNI global ref>, id=285, trace=301007)
ROOT 50001bb4 (kind=<JNI global ref>, id=286, trace=301008)
ROOT 50001bb9 (kind=<JNI global ref>, id=287, trace=301013)
ROOT 50001bba (kind=<JNI global ref>, id=288, trace=301014)
ROOT 50001bbd (kind=<JNI global ref>, id=289, trace=301017)
ROOT 50001bbf (kind=<JNI global ref>, id=28a, trace=301019)
ROOT 50001bc1 (kind=<JNI global ref>, id=28b, trace=301021)
ROOT 50001bc3 (kind=<JNI global ref>, id=28c, trace=301023)
ROOT 50001bc4 (kind=<JNI global ref>, id=28d, trace=301023)
ROOT 50001bcc (kind=<JNI global ref>, id=28e, trace=301029)
ROOT 50001bce (kind=<JNI global ref>, id=28f, trace=301030)
ROOT 50001bcf (kind=<JNI global ref>, id=290, trace=301031)
ROOT 50001df7 (kind=<JNI global ref>, id=291, trace=301086)
ROOT 50001df9 (kind=<JNI global ref>, id=292, trace=301088)
ROOT 50001dfb (kind=<JNI global ref>, id=293, trace=301090)
ROOT 50001dfd (kind=<JNI global ref>, id=294, trace=301092)
ROOT 50001dff (kind=<JNI global ref>, id=295, trace=301094)
ROOT 50001e50 (kind=<JNI global ref>, id=296, trace=301096)
ROOT 50001ed6 (kind=<JNI global ref>, id=297, trace=301098)
ROOT 50001f1c (kind=<JNI global ref>, id=298, trace=301100)
ROOT 50001f1d (kind=<JNI global ref>, id=299, trace=301101)
ROOT 50001f2d (kind=<JNI global ref>, id=29a, trace=301115)
ROOT 50001f2f (kind=<JNI global ref>, id=29b, trace=301117)
ROOT 50001f30 (kind=<JNI global ref>, id=29c, trace=301117)
ROOT 50001f32 (kind=<JNI global ref>, id=29d, trace=301119)
ROOT 50001f55 (kind=<JNI global ref>, id=29e, trace=300592)
ROOT 50001f56 (kind=<JNI global ref>, id=29f, trace=300592)
ROOT 50001f5f (kind=<JNI global ref>, id=2a0, trace=301135)
ROOT 50001f62 (kind=<JNI global ref>, id=2a1, trace=301136)
ROOT 50001f67 (kind=<JNI global ref>, id=2a2, trace=301139)
ROOT 50001f7d (kind=<JNI global ref>, id=2a3, trace=300592)
ROOT 50001f9d (kind=<JNI global ref>, id=2a4, trace=300592)
ROOT 50001fac (kind=<JNI global ref>, id=2a5, trace=301160)
ROOT 50001fb2 (kind=<JNI global ref>, id=2a6, trace=301165)
ROOT 50001fb6 (kind=<JNI global ref>, id=2a7, trace=301169)
ROOT 50001fb7 (kind=<JNI global ref>, id=2a8, trace=301170)
ROOT 50001fbe (kind=<JNI global ref>, id=2a9, trace=301172)
ROOT 50001fcc (kind=<JNI global ref>, id=2aa, trace=301180)
ROOT 500020bf (kind=<JNI global ref>, id=2ab, trace=301326)
ROOT 500020c1 (kind=<JNI global ref>, id=2ac, trace=301328)
ROOT 500020c9 (kind=<JNI global ref>, id=2ad, trace=301334)
ROOT 500020ca (kind=<JNI global ref>, id=2ae, trace=301334)
ROOT 5000212e (kind=<JNI global ref>, id=2af, trace=301373)
ROOT 5000212f (kind=<JNI global ref>, id=2b0, trace=301374)
ROOT 50002132 (kind=<JNI global ref>, id=2b1, trace=301377)
ROOT 50002133 (kind=<JNI global ref>, id=2b2, trace=301378)
ROOT 50002134 (kind=<JNI global ref>, id=2b3, trace=301379)
ROOT 50002135 (kind=<JNI global ref>, id=2b4, trace=301380)
ROOT 50002136 (kind=<JNI global ref>, id=2b5, trace=301381)
ROOT 50002137 (kind=<JNI global ref>, id=2b6, trace=301382)
ROOT 50002138 (kind=<JNI global ref>, id=2b7, trace=301383)
ROOT 50002140 (kind=<JNI global ref>, id=2b8, trace=301388)
ROOT 500022b4 (kind=<JNI global ref>, id=2b9, trace=301392)
ROOT 50002311 (kind=<JNI global ref>, id=2ba, trace=301400)
ROOT 50002312 (kind=<JNI global ref>, id=2bb, trace=301400)
ROOT 5000232f (kind=<JNI global ref>, id=2bc, trace=300592)
ROOT 50002330 (kind=<JNI global ref>, id=2bd, trace=300592)
ROOT 50002331 (kind=<JNI global ref>, id=2be, trace=300592)
ROOT 50002350 (kind=<JNI global ref>, id=2bf, trace=300592)
ROOT 50002362 (kind=<JNI global ref>, id=2c0, trace=301423)
ROOT 50002366 (kind=<JNI global ref>, id=2c1, trace=301427)
ROOT 50002367 (kind=<JNI global ref>, id=2c2, trace=301428)
ROOT 50002368 (kind=<JNI global ref>, id=2c3, trace=301429)
ROOT 5000236b (kind=<JNI global ref>, id=2c4, trace=301431)
ROOT 5000236f (kind=<JNI global ref>, id=2c5, trace=301435)
ROOT 50002378 (kind=<JNI global ref>, id=2c6, trace=301444)
ROOT 50002456 (kind=<JNI global ref>, id=2c7, trace=300585)
ROOT 5000245f (kind=<JNI global ref>, id=2c8, trace=300592)
ROOT 50002468 (kind=<JNI global ref>, id=2c9, trace=300592)
ROOT 5000248a (kind=<JNI global ref>, id=2ca, trace=301503)
ROOT 5000248c (kind=<JNI global ref>, id=2cb, trace=301505)
ROOT 5000248d (kind=<JNI global ref>, id=2cc, trace=301505)
ROOT 50002493 (kind=<JNI global ref>, id=2cd, trace=301507)
ROOT 50002494 (kind=<JNI global ref>, id=2ce, trace=301508)
ROOT 50002495 (kind=<JNI global ref>, id=2cf, trace=301508)
ROOT 50002499 (kind=<JNI global ref>, id=2d0, trace=301512)
ROOT 500024a2 (kind=<JNI global ref>, id=2d1, trace=301521)
ROOT 500024a4 (kind=<JNI global ref>, id=2d2, trace=301523)
ROOT 500024a5 (kind=<JNI global ref>, id=2d3, trace=301523)
ROOT 500024ac (kind=<JNI global ref>, id=2d4, trace=301530)
ROOT 5000255b (kind=<JNI global ref>, id=2d5, trace=300585)
ROOT 50006440 (kind=<JNI global ref>, id=2d6, trace=301582)
ROOT 50006446 (kind=<JNI global ref>, id=2d7, trace=301588)
ROOT 5000644c (kind=<JNI global ref>, id=2d8, trace=301590)
ROOT 5000645a (kind=<JNI global ref>, id=2d9, trace=301592)
ROOT 5000645c (kind=<JNI global ref>, id=2da, trace=301594)
ROOT 5000645e (kind=<JNI global ref>, id=2db, trace=301596)
ROOT 50006487 (kind=<JNI global ref>, id=2dc, trace=301602)
ROOT 500064a6 (kind=<JNI global ref>, id=2dd, trace=301605)
ROOT 500064a8 (kind=<JNI global ref>, id=2de, trace=301607)
ROOT 5000690d (kind=<JNI global ref>, id=2df, trace=301674)
ROOT 50006d6c (kind=<JNI global ref>, id=2e0, trace=300585)
ROOT 50006e29 (kind=<JNI global ref>, id=2e1, trace=300585)
ROOT 50006e2f (kind=<JNI global ref>, id=2e2, trace=300592)
ROOT 50006e30 (kind=<JNI global ref>, id=2e3, trace=301699)
ROOT 50006e4d (kind=<JNI global ref>, id=2e4, trace=301708)
ROOT 50006f05 (kind=<JNI global ref>, id=2e5, trace=300585)
ROOT 50007e38 (kind=<JNI global ref>, id=2e6, trace=301724)
ROOT 50007e3b (kind=<JNI global ref>, id=2e7, trace=301727)
ROOT 50009019 (kind=<JNI global ref>, id=2e8, trace=301744)
ROOT 5000053c (kind=<JNI global ref>, id=2e9, trace=300000)
ROOT 5000053d (kind=<JNI global ref>, id=2ea, trace=300000)
ROOT 5000053e (kind=<JNI global ref>, id=2eb, trace=300000)
ROOT 50000545 (kind=<JNI global ref>, id=2ec, trace=300000)
ROOT 50000546 (kind=<JNI global ref>, id=2ed, trace=300000)
ROOT 50000547 (kind=<JNI global ref>, id=2ee, trace=300000)
ROOT 50000548 (kind=<JNI global ref>, id=2ef, trace=300000)
ROOT 50000549 (kind=<JNI global ref>, id=2f0, trace=300000)
ROOT 5000054a (kind=<JNI global ref>, id=2f1, trace=300000)
ROOT 5000054e (kind=<JNI global ref>, id=2f2, trace=300000)
ROOT 50000550 (kind=<JNI global ref>, id=2f3, trace=300000)
ROOT 50000551 (kind=<JNI global ref>, id=2f4, trace=300000)
ROOT 50000552 (kind=<JNI global ref>, id=2f5, trace=300000)
ROOT 5000446d (kind=<JNI global ref>, id=2f6, trace=301754)
ROOT 50009457 (kind=<JNI global ref>, id=2f7, trace=300000)
ROOT 50009459 (kind=<JNI global ref>, id=2f8, trace=301795)
ROOT 50009465 (kind=<unknown>)
ROOT 50009466 (kind=<unknown>)
ROOT 50009467 (kind=<unknown>)
ROOT 50009468 (kind=<unknown>)
ROOT 50009469 (kind=<unknown>)
ROOT 5000946a (kind=<unknown>)
ROOT 5000946b (kind=<unknown>)
ROOT 5000946c (kind=<unknown>)
ROOT 5000946d (kind=<unknown>)
ROOT 5000946e (kind=<unknown>)
ROOT 5000946f (kind=<unknown>)
ROOT 50009470 (kind=<unknown>)
ROOT 50009471 (kind=<unknown>)
ROOT 50009472 (kind=<unknown>)
ROOT 50009473 (kind=<unknown>)
ROOT 50009474 (kind=<unknown>)
ROOT 50009475 (kind=<unknown>)
ROOT 50009476 (kind=<unknown>)
ROOT 50009477 (kind=<unknown>)
ROOT 50009478 (kind=<unknown>)
ROOT 50009479 (kind=<unknown>)
ROOT 5000947a (kind=<unknown>)
ROOT 5000947b (kind=<unknown>)
ROOT 5000947c (kind=<unknown>)
ROOT 5000947d (kind=<unknown>)
ROOT 5000947e (kind=<unknown>)
ROOT 5000947f (kind=<unknown>)
ROOT 50009480 (kind=<unknown>)
ROOT 50009481 (kind=<unknown>)
ROOT 50009482 (kind=<unknown>)
ROOT 50009483 (kind=<unknown>)
ROOT 50009484 (kind=<unknown>)
ROOT 50009485 (kind=<unknown>)
ROOT 50009486 (kind=<unknown>)
ROOT 50009487 (kind=<unknown>)
ROOT 50009488 (kind=<unknown>)
ROOT 50009489 (kind=<unknown>)
ROOT 5000948a (kind=<unknown>)
ROOT 5000948b (kind=<unknown>)
ROOT 5000948c (kind=<unknown>)
ROOT 5000948d (kind=<unknown>)
ROOT 5000948e (kind=<unknown>)
ROOT 5000948f (kind=<unknown>)
ROOT 50009490 (kind=<unknown>)
ROOT 50009491 (kind=<unknown>)
ROOT 50009492 (kind=<unknown>)
ROOT 50009493 (kind=<unknown>)
ROOT 50009494 (kind=<unknown>)
ROOT 50009495 (kind=<unknown>)
ROOT 50009496 (kind=<unknown>)
ROOT 50009497 (kind=<unknown>)
ROOT 50009498 (kind=<unknown>)
ROOT 50009499 (kind=<unknown>)
ROOT 5000949a (kind=<unknown>)
ROOT 5000949b (kind=<unknown>)
ROOT 5000949c (kind=<unknown>)
ROOT 5000949d (kind=<unknown>)
ROOT 5000949e (kind=<unknown>)
ROOT 5000949f (kind=<unknown>)
ROOT 500094a0 (kind=<unknown>)
ROOT 500094a1 (kind=<unknown>)
ROOT 500094a2 (kind=<unknown>)
ROOT 500094a3 (kind=<unknown>)
ROOT 500094a4 (kind=<unknown>)
ROOT 500094a5 (kind=<unknown>)
ROOT 500094a6 (kind=<unknown>)
ROOT 500094a7 (kind=<unknown>)
ROOT 500094a8 (kind=<unknown>)
ROOT 500094a9 (kind=<unknown>)
ROOT 500094aa (kind=<unknown>)
ROOT 500094ab (kind=<unknown>)
ROOT 500094ac (kind=<unknown>)
ROOT 500094ad (kind=<unknown>)
ROOT 500094ae (kind=<unknown>)
ROOT 500094af (kind=<unknown>)
ROOT 500094b0 (kind=<unknown>)
ROOT 500094b1 (kind=<unknown>)
ROOT 500094b2 (kind=<unknown>)
ROOT 500094b3 (kind=<unknown>)
ROOT 500094b4 (kind=<unknown>)
ROOT 500094b5 (kind=<unknown>)
ROOT 500094b6 (kind=<unknown>)
ROOT 500094b7 (kind=<unknown>)
ROOT 500094b8 (kind=<unknown>)
ROOT 500094b9 (kind=<unknown>)
ROOT 500094ba (kind=<unknown>)
ROOT 500094bb (kind=<unknown>)
ROOT 500094bc (kind=<unknown>)
ROOT 500094bd (kind=<unknown>)
ROOT 500094be (kind=<unknown>)
ROOT 500094bf (kind=<unknown>)
ROOT 500094c0 (kind=<unknown>)
ROOT 500094c1 (kind=<unknown>)
ROOT 500094c2 (kind=<unknown>)
ROOT 500094c3 (kind=<unknown>)
ROOT 500094c4 (kind=<unknown>)
ROOT 500094c5 (kind=<unknown>)
ROOT 500094c6 (kind=<unknown>)
ROOT 500094c7 (kind=<unknown>)
ROOT 500094c8 (kind=<unknown>)
ROOT 500094c9 (kind=<unknown>)
ROOT 500094ca (kind=<unknown>)
ROOT 500094cb (kind=<unknown>)
ROOT 500094cc (kind=<unknown>)
ROOT 500094cd (kind=<unknown>)
ROOT 500094ce (kind=<unknown>)
ROOT 500094cf (kind=<unknown>)
ROOT 500094d0 (kind=<unknown>)
ROOT 500094d1 (kind=<unknown>)
ROOT 500094d2 (kind=<unknown>)
ROOT 500094d3 (kind=<unknown>)
ROOT 500094d4 (kind=<unknown>)
ROOT 500094d5 (kind=<unknown>)
ROOT 500094d6 (kind=<unknown>)
ROOT 500094d7 (kind=<unknown>)
ROOT 500094d8 (kind=<unknown>)
ROOT 500094d9 (kind=<unknown>)
ROOT 500094da (kind=<unknown>)
ROOT 500094db (kind=<unknown>)
ROOT 500094dc (kind=<unknown>)
ROOT 500094dd (kind=<unknown>)
ROOT 500094de (kind=<unknown>)
ROOT 500094df (kind=<unknown>)
ROOT 500094e0 (kind=<unknown>)
ROOT 500094e1 (kind=<unknown>)
ROOT 500094e2 (kind=<unknown>)
ROOT 500094e3 (kind=<unknown>)
ROOT 500094e4 (kind=<unknown>)
ROOT 500094e5 (kind=<unknown>)
ROOT 500094e6 (kind=<unknown>)
ROOT 500094e7 (kind=<unknown>)
ROOT 500094e8 (kind=<unknown>)
ROOT 500094e9 (kind=<unknown>)
ROOT 500094ea (kind=<unknown>)
ROOT 500094eb (kind=<unknown>)
ROOT 500094ec (kind=<unknown>)
ROOT 500094ed (kind=<unknown>)
ROOT 500094ee (kind=<unknown>)
ROOT 500094ef (kind=<unknown>)
ROOT 500094f0 (kind=<unknown>)
ROOT 500094f1 (kind=<unknown>)
ROOT 500094f2 (kind=<unknown>)
ROOT 500094f3 (kind=<unknown>)
ROOT 500094f4 (kind=<unknown>)
ROOT 500094f5 (kind=<unknown>)
ROOT 500094f6 (kind=<unknown>)
ROOT 500094f7 (kind=<unknown>)
ROOT 500094f8 (kind=<unknown>)
ROOT 500094f9 (kind=<unknown>)
ROOT 500094fa (kind=<unknown>)
ROOT 500094fb (kind=<unknown>)
ROOT 500094fc (kind=<unknown>)
ROOT 500094fd (kind=<unknown>)
ROOT 500094fe (kind=<unknown>)
ROOT 500094ff (kind=<unknown>)
ROOT 50009500 (kind=<unknown>)
ROOT 50009501 (kind=<unknown>)
ROOT 50009502 (kind=<unknown>)
ROOT 50009503 (kind=<unknown>)
ROOT 50009504 (kind=<unknown>)
ROOT 50009505 (kind=<unknown>)
ROOT 50009506 (kind=<unknown>)
ROOT 50009507 (kind=<unknown>)
ROOT 50009508 (kind=<unknown>)
ROOT 50009509 (kind=<unknown>)
ROOT 5000950a (kind=<unknown>)
ROOT 5000950b (kind=<unknown>)
ROOT 5000950c (kind=<unknown>)
ROOT 5000950d (kind=<unknown>)
ROOT 5000950e (kind=<unknown>)
ROOT 5000950f (kind=<unknown>)
ROOT 50009510 (kind=<unknown>)
ROOT 50009511 (kind=<unknown>)
ROOT 50009512 (kind=<unknown>)
ROOT 50009513 (kind=<unknown>)
ROOT 50009514 (kind=<unknown>)
ROOT 50009515 (kind=<unknown>)
ROOT 50009516 (kind=<unknown>)
ROOT 50009517 (kind=<unknown>)
ROOT 50009518 (kind=<unknown>)
ROOT 50009519 (kind=<unknown>)
ROOT 5000951a (kind=<unknown>)
ROOT 5000951b (kind=<unknown>)
ROOT 5000951c (kind=<unknown>)
ROOT 5000951d (kind=<unknown>)
ROOT 5000951e (kind=<unknown>)
ROOT 5000951f (kind=<unknown>)
ROOT 50009520 (kind=<unknown>)
ROOT 50009521 (kind=<unknown>)
ROOT 50009522 (kind=<unknown>)
ROOT 50009523 (kind=<unknown>)
ROOT 50009524 (kind=<unknown>)
ROOT 50009525 (kind=<unknown>)
ROOT 50009526 (kind=<unknown>)
ROOT 50009527 (kind=<unknown>)
ROOT 50009528 (kind=<unknown>)
ROOT 50009529 (kind=<unknown>)
ROOT 5000952a (kind=<unknown>)
ROOT 5000952b (kind=<unknown>)
ROOT 5000952c (kind=<unknown>)
ROOT 5000952d (kind=<unknown>)
ROOT 5000952e (kind=<unknown>)
ROOT 5000952f (kind=<unknown>)
ROOT 50009530 (kind=<unknown>)
ROOT 50009531 (kind=<unknown>)
ROOT 50009532 (kind=<unknown>)
ROOT 50009533 (kind=<unknown>)
ROOT 50009534 (kind=<unknown>)
ROOT 50009535 (kind=<unknown>)
ROOT 50009536 (kind=<unknown>)
ROOT 50009537 (kind=<unknown>)
ROOT 50009538 (kind=<unknown>)
ROOT 50009539 (kind=<unknown>)
ROOT 5000953a (kind=<unknown>)
ROOT 5000953b (kind=<unknown>)
ROOT 5000953c (kind=<unknown>)
ROOT 5000953d (kind=<unknown>)
ROOT 5000953e (kind=<unknown>)
ROOT 5000953f (kind=<unknown>)
ROOT 50009540 (kind=<unknown>)
ROOT 50009541 (kind=<unknown>)
ROOT 50009542 (kind=<unknown>)
ROOT 50009543 (kind=<unknown>)
ROOT 50009544 (kind=<unknown>)
ROOT 50009545 (kind=<unknown>)
ROOT 50009546 (kind=<unknown>)
ROOT 50009547 (kind=<unknown>)
ROOT 50009548 (kind=<unknown>)
ROOT 50009549 (kind=<unknown>)
ROOT 5000954a (kind=<unknown>)
ROOT 5000954b (kind=<unknown>)
ROOT 5000954c (kind=<unknown>)
ROOT 5000954d (kind=<unknown>)
ROOT 5000954e (kind=<unknown>)
ROOT 5000954f (kind=<unknown>)
ROOT 50009550 (kind=<unknown>)
ROOT 50009551 (kind=<unknown>)
ROOT 50009552 (kind=<unknown>)
ROOT 50009553 (kind=<unknown>)
ROOT 50009554 (kind=<unknown>)
ROOT 50009555 (kind=<unknown>)
ROOT 50009556 (kind=<unknown>)
ROOT 50009557 (kind=<unknown>)
ROOT 50009558 (kind=<unknown>)
ROOT 50009559 (kind=<unknown>)
ROOT 5000955a (kind=<unknown>)
ROOT 5000955b (kind=<unknown>)
ROOT 5000955c (kind=<unknown>)
ROOT 5000955d (kind=<unknown>)
ROOT 5000955e (kind=<unknown>)
ROOT 5000955f (kind=<unknown>)
ROOT 50009560 (kind=<unknown>)
ROOT 50009561 (kind=<unknown>)
ROOT 50009562 (kind=<unknown>)
ROOT 50009563 (kind=<unknown>)
ROOT 50009564 (kind=<unknown>)
ROOT 50009565 (kind=<unknown>)
ROOT 50009566 (kind=<unknown>)
ROOT 50009567 (kind=<unknown>)
ROOT 50009568 (kind=<unknown>)
ROOT 50009569 (kind=<unknown>)
ROOT 5000956a (kind=<unknown>)
ROOT 5000956b (kind=<unknown>)
ROOT 5000956c (kind=<unknown>)
ROOT 5000956d (kind=<unknown>)
ROOT 5000956e (kind=<unknown>)
ROOT 5000956f (kind=<unknown>)
ROOT 50009570 (kind=<unknown>)
ROOT 50009571 (kind=<unknown>)
ROOT 50009572 (kind=<unknown>)
ROOT 50009573 (kind=<unknown>)
ROOT 50009574 (kind=<unknown>)
ROOT 50009575 (kind=<unknown>)
ROOT 50009576 (kind=<unknown>)
ROOT 50009577 (kind=<unknown>)
ROOT 50009578 (kind=<unknown>)
ROOT 50009579 (kind=<unknown>)
ROOT 5000957a (kind=<unknown>)
ROOT 5000957b (kind=<unknown>)
ROOT 5000957c (kind=<unknown>)
ROOT 5000957d (kind=<unknown>)
ROOT 5000957e (kind=<unknown>)
ROOT 5000957f (kind=<unknown>)
ROOT 50009580 (kind=<unknown>)
ROOT 50009459 (kind=<system class>, name=java.lang.Shutdown$Lock)
ROOT 50009457 (kind=<system class>, name=java.lang.Shutdown)
ROOT 5000446d (kind=<system class>, name=java.util.ArrayList$1)
ROOT 50009019 (kind=<system class>, name=java.lang.Math$RandomNumberGeneratorHolder)
ROOT 50007e3b (kind=<system class>, name=sun.misc.FDBigInteger[])
ROOT 50007e38 (kind=<system class>, name=sun.misc.FDBigInteger)
ROOT 50007e38 (kind=<system class>, name=sun.misc.FDBigInteger)
ROOT 50006e4d (kind=<system class>, name=double[][])
ROOT 50000178 (kind=<system class>, name=double[])
ROOT 50006e30 (kind=<system class>, name=java.util.concurrent.atomic.AtomicLong)
ROOT 50006e2f (kind=<system class>, name=java.util.Random)
ROOT 5000690d (kind=<system class>, name=java.util.regex.Pattern$5)
ROOT 500064a8 (kind=<system class>, name=java.util.regex.Pattern$Prolog)
ROOT 500064a6 (kind=<system class>, name=java.util.regex.Pattern$Loop)
ROOT 50006487 (kind=<system class>, name=java.util.regex.Pattern$Single)
ROOT 5000645c (kind=<system class>, name=java.util.regex.Pattern$Branch)
ROOT 5000645a (kind=<system class>, name=java.util.regex.Pattern$BranchConn)
ROOT 5000644c (kind=<system class>, name=java.util.regex.Pattern$Ques)
ROOT 50006446 (kind=<system class>, name=java.util.regex.Pattern$GroupTail)
ROOT 50006440 (kind=<system class>, name=java.util.regex.ASCII)
ROOT 500024ac (kind=<system class>, name=sun.misc.FloatingDecimal$ASCIIToBinaryBuffer)
ROOT 500024a5 (kind=<system class>, name=sun.misc.FloatingDecimal$PreparedASCIIToBinaryBuffer)
ROOT 500024a4 (kind=<system class>, name=sun.misc.FloatingDecimal$ASCIIToBinaryConverter)
ROOT 500024a2 (kind=<system class>, name=sun.misc.FloatingDecimal$1)
ROOT 50002499 (kind=<system class>, name=sun.misc.FloatingDecimal$BinaryToASCIIBuffer)
ROOT 50002495 (kind=<system class>, name=sun.misc.FloatingDecimal$ExceptionalBinaryToASCIIBuffer)
ROOT 50002494 (kind=<system class>, name=sun.misc.FloatingDecimal$BinaryToASCIIConverter)
ROOT 50002493 (kind=<system class>, name=sun.misc.FloatingDecimal)
ROOT 5000248d (kind=<system class>, name=java.util.ArrayList$SubList$1)
ROOT 5000248c (kind=<system class>, name=java.util.ListIterator)
ROOT 5000248a (kind=<system class>, name=java.util.ArrayList$SubList)
ROOT 50002468 (kind=<system class>, name=java.io.FileWriter)
ROOT 5000245f (kind=<system class>, name=java.io.FilenameFilter)
ROOT 50002378 (kind=<system class>, name=java.math.RoundingMode[])
ROOT 5000236f (kind=<system class>, name=java.math.RoundingMode)
ROOT 5000236f (kind=<system class>, name=java.math.RoundingMode)
ROOT 5000236b (kind=<system class>, name=java.text.DigitList)
ROOT 50002368 (kind=<system class>, name=java.text.FieldPosition[])
ROOT 50002367 (kind=<system class>, name=java.text.FieldPosition)
ROOT 50002367 (kind=<system class>, name=java.text.FieldPosition)
ROOT 50002366 (kind=<system class>, name=java.text.DecimalFormat)
ROOT 50002362 (kind=<system class>, name=java.util.HashMap$KeySet)
ROOT 50002350 (kind=<system class>, name=sun.util.resources.en.CurrencyNames_en_US)
ROOT 50002331 (kind=<system class>, name=sun.util.resources.CurrencyNames)
ROOT 50002330 (kind=<system class>, name=sun.util.resources.LocaleNamesBundle)
ROOT 5000232f (kind=<system class>, name=sun.util.resources.OpenListResourceBundle)
ROOT 50002312 (kind=<system class>, name=java.util.Currency$CurrencyNameGetter)
ROOT 50002311 (kind=<system class>, name=sun.util.locale.provider.LocaleServiceProviderPool$LocalizedObjectGetter)
ROOT 500022b4 (kind=<system class>, name=sun.util.locale.provider.SPILocaleProviderAdapter$1)
ROOT 50002140 (kind=<system class>, name=sun.util.locale.provider.CurrencyNameProviderImpl)
ROOT 50002138 (kind=<system class>, name=java.util.spi.CalendarDataProvider)
ROOT 50002137 (kind=<system class>, name=java.util.spi.TimeZoneNameProvider)
ROOT 50002136 (kind=<system class>, name=java.util.spi.LocaleNameProvider)
ROOT 50002135 (kind=<system class>, name=java.text.spi.DateFormatSymbolsProvider)
ROOT 50002134 (kind=<system class>, name=java.text.spi.DateFormatProvider)
ROOT 50002133 (kind=<system class>, name=java.text.spi.CollatorProvider)
ROOT 50002132 (kind=<system class>, name=java.text.spi.BreakIteratorProvider)
ROOT 5000212f (kind=<system class>, name=sun.util.locale.provider.LocaleServiceProviderPool)
ROOT 5000212e (kind=<system class>, name=java.util.spi.CurrencyNameProvider)
ROOT 500020ca (kind=<system class>, name=java.io.DataInputStream)
ROOT 500020c9 (kind=<system class>, name=java.io.DataInput)
ROOT 500020c1 (kind=<system class>, name=java.util.Currency$1)
ROOT 500020bf (kind=<system class>, name=java.util.Currency)
ROOT 50001fcc (kind=<system class>, name=sun.util.resources.ParallelListResourceBundle$KeySet)
ROOT 50001fbe (kind=<system class>, name=sun.util.locale.provider.DecimalFormatSymbolsProviderImpl)
ROOT 50001fb7 (kind=<system class>, name=java.text.spi.DecimalFormatSymbolsProvider)
ROOT 50001fb6 (kind=<system class>, name=java.text.DecimalFormatSymbols)
ROOT 50001fb2 (kind=<system class>, name=sun.util.locale.provider.LocaleResources$ResourceReference)
ROOT 50001f9d (kind=<system class>, name=sun.text.resources.en.FormatData_en_US)
ROOT 50001f7d (kind=<system class>, name=sun.text.resources.en.FormatData_en)
ROOT 50001f67 (kind=<system class>, name=java.util.ResourceBundle$BundleReference)
ROOT 50001f62 (kind=<system class>, name=java.util.concurrent.atomic.AtomicMarkableReference$Pair)
ROOT 50001f5f (kind=<system class>, name=java.util.concurrent.atomic.AtomicMarkableReference)
ROOT 50001f56 (kind=<system class>, name=sun.text.resources.FormatData)
ROOT 50001f55 (kind=<system class>, name=sun.util.resources.ParallelListResourceBundle)
ROOT 50001f32 (kind=<system class>, name=java.util.ResourceBundle$SingleFormatControl)
ROOT 50001f30 (kind=<system class>, name=java.util.ResourceBundle$LoaderReference)
ROOT 50001f2f (kind=<system class>, name=java.util.ResourceBundle$CacheKeyReference)
ROOT 50001f2d (kind=<system class>, name=java.util.ResourceBundle$CacheKey)
ROOT 50001f1d (kind=<system class>, name=java.util.ResourceBundle$RBClassLoader$1)
ROOT 50001f1c (kind=<system class>, name=java.util.ResourceBundle$RBClassLoader)
ROOT 50001ed6 (kind=<system class>, name=java.net.URLClassLoader$3$1)
ROOT 50001e50 (kind=<system class>, name=java.io.FileNotFoundException)
ROOT 50001dff (kind=<system class>, name=sun.misc.CompoundEnumeration)
ROOT 50001dfd (kind=<system class>, name=java.net.URLClassLoader$3)
ROOT 50001dfb (kind=<system class>, name=sun.misc.URLClassPath$1)
ROOT 50001df9 (kind=<system class>, name=java.lang.ClassLoader$2)
ROOT 50001df7 (kind=<system class>, name=sun.misc.URLClassPath$2)
ROOT 50001bcf (kind=<system class>, name=sun.misc.Launcher$BootClassPathHolder$1)
ROOT 50001bce (kind=<system class>, name=sun.misc.Launcher$BootClassPathHolder)
ROOT 50001bcc (kind=<system class>, name=java.util.Enumeration[])
ROOT 5000008e (kind=<system class>, name=java.util.Enumeration)
ROOT 50001bc4 (kind=<system class>, name=java.util.LinkedHashMap$LinkedEntryIterator)
ROOT 50001bc3 (kind=<system class>, name=java.util.LinkedHashMap$LinkedHashIterator)
ROOT 50001bc1 (kind=<system class>, name=java.util.LinkedHashMap$LinkedEntrySet)
ROOT 50001bbf (kind=<system class>, name=java.util.ServiceLoader$1)
ROOT 50001bbd (kind=<system class>, name=java.util.ServiceLoader$LazyIterator)
ROOT 50001bba (kind=<system class>, name=java.util.ServiceLoader)
ROOT 50001bb9 (kind=<system class>, name=java.util.spi.ResourceBundleControlProvider)
ROOT 50001bb4 (kind=<system class>, name=java.util.ResourceBundle$1)
ROOT 50001bb3 (kind=<system class>, name=java.util.ResourceBundle)
ROOT 50001bad (kind=<system class>, name=java.util.ResourceBundle$Control$CandidateListCache)
ROOT 50001ba3 (kind=<system class>, name=java.util.Arrays$ArrayList)
ROOT 50001ba1 (kind=<system class>, name=sun.util.resources.LocaleData$LocaleDataResourceBundleControl)
ROOT 50001ba0 (kind=<system class>, name=java.util.ResourceBundle$Control)
ROOT 50001b9e (kind=<system class>, name=sun.util.resources.LocaleData$1)
ROOT 50001b95 (kind=<system class>, name=sun.util.resources.LocaleData)
ROOT 50001b8f (kind=<system class>, name=sun.util.locale.provider.LocaleResources)
ROOT 50001b89 (kind=<system class>, name=java.util.Collections$EmptyIterator)
ROOT 50001b41 (kind=<system class>, name=java.lang.String[][])
ROOT 500000cf (kind=<system class>, name=java.lang.String[])
ROOT 5000053c (kind=<system class>, name=java.io.Serializable[][])
ROOT 50000106 (kind=<system class>, name=java.io.Serializable[])
ROOT 5000053d (kind=<system class>, name=java.lang.Comparable[][])
ROOT 500000fd (kind=<system class>, name=java.lang.Comparable[])
ROOT 5000053e (kind=<system class>, name=java.lang.CharSequence[][])
ROOT 500000d0 (kind=<system class>, name=java.lang.CharSequence[])
ROOT 50001b3f (kind=<system class>, name=sun.util.locale.LanguageTag)
ROOT 500019bb (kind=<system class>, name=sun.util.locale.provider.JRELocaleProviderAdapter$1)
ROOT 5000197c (kind=<system class>, name=sun.util.locale.provider.LocaleDataMetaInfo)
ROOT 5000197b (kind=<system class>, name=sun.util.locale.provider.NumberFormatProviderImpl)
ROOT 5000197a (kind=<system class>, name=sun.util.locale.provider.AvailableLanguageTags)
ROOT 50001976 (kind=<system class>, name=sun.util.locale.provider.LocaleProviderAdapter$1)
ROOT 50001974 (kind=<system class>, name=java.util.ArrayList$Itr)
ROOT 50001972 (kind=<system class>, name=java.util.Collections$UnmodifiableCollection$1)
ROOT 5000196b (kind=<system class>, name=sun.util.locale.provider.LocaleProviderAdapter$Type[])
ROOT 50001965 (kind=<system class>, name=sun.util.locale.provider.LocaleProviderAdapter$Type)
ROOT 50001965 (kind=<system class>, name=sun.util.locale.provider.LocaleProviderAdapter$Type)
ROOT 5000195e (kind=<system class>, name=sun.util.locale.provider.AuxLocaleProviderAdapter$NullProvider)
ROOT 5000195d (kind=<system class>, name=sun.util.locale.provider.SPILocaleProviderAdapter)
ROOT 5000195c (kind=<system class>, name=sun.util.locale.provider.AuxLocaleProviderAdapter)
ROOT 50001958 (kind=<system class>, name=sun.util.locale.provider.JRELocaleProviderAdapter)
ROOT 50001957 (kind=<system class>, name=sun.util.locale.provider.ResourceBundleBasedAdapter)
ROOT 50001956 (kind=<system class>, name=sun.util.locale.provider.LocaleProviderAdapter)
ROOT 50001955 (kind=<system class>, name=java.text.spi.NumberFormatProvider)
ROOT 50001954 (kind=<system class>, name=java.util.spi.LocaleServiceProvider)
ROOT 50001953 (kind=<system class>, name=java.text.NumberFormat)
ROOT 50001952 (kind=<system class>, name=java.text.Format)
ROOT 50001946 (kind=<system class>, name=java.util.Locale$1)
ROOT 50001944 (kind=<system class>, name=java.util.Locale$Category[])
ROOT 50001941 (kind=<system class>, name=java.util.Locale$Category)
ROOT 50001941 (kind=<system class>, name=java.util.Locale$Category)
ROOT 5000193d (kind=<system class>, name=java.util.regex.Matcher)
ROOT 5000193c (kind=<system class>, name=java.util.regex.MatchResult)
ROOT 50001938 (kind=<system class>, name=java.util.Scanner$1)
ROOT 50001937 (kind=<system class>, name=sun.misc.LRUCache)
ROOT 5000192d (kind=<system class>, name=java.util.regex.Pattern$6)
ROOT 5000192b (kind=<system class>, name=java.util.regex.Pattern$CharProperty$1)
ROOT 50001929 (kind=<system class>, name=java.util.regex.Pattern$1)
ROOT 50001922 (kind=<system class>, name=java.util.regex.Pattern$BitClass)
ROOT 50001921 (kind=<system class>, name=java.util.regex.Pattern$BmpCharProperty)
ROOT 50001918 (kind=<system class>, name=java.util.regex.Pattern$All)
ROOT 50001912 (kind=<system class>, name=java.util.regex.Pattern$TreeInfo)
ROOT 50001910 (kind=<system class>, name=java.util.regex.Pattern$Start)
ROOT 5000190f (kind=<system class>, name=java.util.regex.Pattern$First)
ROOT 5000190e (kind=<system class>, name=java.util.regex.Pattern$Begin)
ROOT 5000190d (kind=<system class>, name=java.util.regex.Pattern$Slice)
ROOT 5000190c (kind=<system class>, name=java.util.regex.Pattern$SliceNode)
ROOT 5000190a (kind=<system class>, name=java.util.regex.Pattern$Curly)
ROOT 50001906 (kind=<system class>, name=java.util.regex.Pattern$CharPropertyNames$23)
ROOT 50001902 (kind=<system class>, name=java.util.regex.Pattern$CharPropertyNames$22)
ROOT 500018fe (kind=<system class>, name=java.util.regex.Pattern$CharPropertyNames$21)
ROOT 500018fa (kind=<system class>, name=java.util.regex.Pattern$CharPropertyNames$20)
ROOT 500018f6 (kind=<system class>, name=java.util.regex.Pattern$CharPropertyNames$19)
ROOT 500018f2 (kind=<system class>, name=java.util.regex.Pattern$CharPropertyNames$18)
ROOT 500018ee (kind=<system class>, name=java.util.regex.Pattern$CharPropertyNames$17)
ROOT 500018ea (kind=<system class>, name=java.util.regex.Pattern$CharPropertyNames$16)
ROOT 500018e6 (kind=<system class>, name=java.util.regex.Pattern$CharPropertyNames$15)
ROOT 500018e2 (kind=<system class>, name=java.util.regex.Pattern$CharPropertyNames$14)
ROOT 500018de (kind=<system class>, name=java.util.regex.Pattern$CharPropertyNames$13)
ROOT 500018da (kind=<system class>, name=java.util.regex.Pattern$CharPropertyNames$12)
ROOT 500018d6 (kind=<system class>, name=java.util.regex.Pattern$CharPropertyNames$11)
ROOT 500018d2 (kind=<system class>, name=java.util.regex.Pattern$CharPropertyNames$10)
ROOT 500018ce (kind=<system class>, name=java.util.regex.Pattern$CharPropertyNames$9)
ROOT 500018ca (kind=<system class>, name=java.util.regex.Pattern$CharPropertyNames$8)
ROOT 500018c6 (kind=<system class>, name=java.util.regex.Pattern$CharPropertyNames$7)
ROOT 500018c3 (kind=<system class>, name=java.util.regex.Pattern$CharPropertyNames$4)
ROOT 500018c1 (kind=<system class>, name=java.util.regex.Pattern$CharPropertyNames$6)
ROOT 500018c0 (kind=<system class>, name=java.util.regex.Pattern$CharPropertyNames$CloneableProperty)
ROOT 500018bf (kind=<system class>, name=java.util.regex.Pattern$CharProperty)
ROOT 500018a5 (kind=<system class>, name=java.util.regex.Pattern$CharPropertyNames$3)
ROOT 500018a0 (kind=<system class>, name=java.util.regex.Pattern$CharPropertyNames$5)
ROOT 5000189d (kind=<system class>, name=java.util.regex.Pattern$CharPropertyNames$2)
ROOT 5000184b (kind=<system class>, name=java.util.regex.Pattern$CharPropertyNames$1)
ROOT 5000184a (kind=<system class>, name=java.util.regex.Pattern$CharPropertyNames$CharPropertyFactory)
ROOT 50001848 (kind=<system class>, name=java.util.regex.Pattern$CharPropertyNames)
ROOT 50001844 (kind=<system class>, name=java.util.regex.Pattern$GroupHead[])
ROOT 50001843 (kind=<system class>, name=java.util.regex.Pattern$GroupHead)
ROOT 5000645e (kind=<system class>, name=java.util.regex.Pattern$Node[])
ROOT 5000183a (kind=<system class>, name=java.util.regex.Pattern$Node)
ROOT 50001843 (kind=<system class>, name=java.util.regex.Pattern$GroupHead)
ROOT 5000183e (kind=<system class>, name=java.util.regex.Pattern$LastNode)
ROOT 5000183b (kind=<system class>, name=java.util.regex.Pattern$4)
ROOT 5000183a (kind=<system class>, name=java.util.regex.Pattern$Node)
ROOT 50001839 (kind=<system class>, name=java.util.regex.Pattern)
ROOT 50001838 (kind=<system class>, name=java.util.Scanner)
ROOT 5000182e (kind=<system class>, name=java.net.Socket)
ROOT 50001825 (kind=<system class>, name=sun.reflect.DelegatingMethodAccessorImpl)
ROOT 50001823 (kind=<system class>, name=sun.reflect.NativeMethodAccessorImpl)
ROOT 50000545 (kind=<system class>, name=java.lang.reflect.Parameter[])
ROOT 50000142 (kind=<system class>, name=java.lang.reflect.Parameter)
ROOT 50000546 (kind=<system class>, name=java.lang.reflect.AnnotatedType[])
ROOT 50001818 (kind=<system class>, name=java.lang.reflect.AnnotatedType)
ROOT 50001818 (kind=<system class>, name=java.lang.reflect.AnnotatedType)
ROOT 50000547 (kind=<system class>, name=java.lang.annotation.Annotation[][])
ROOT 50000549 (kind=<system class>, name=java.lang.annotation.Annotation[])
ROOT 50001fac (kind=<system class>, name=java.lang.Object[][])
ROOT 5000010a (kind=<system class>, name=java.lang.Object[])
ROOT 50000548 (kind=<system class>, name=java.lang.Cloneable[])
ROOT 5000016a (kind=<system class>, name=java.lang.Cloneable)
ROOT 50000549 (kind=<system class>, name=java.lang.annotation.Annotation[])
ROOT 50000133 (kind=<system class>, name=java.lang.annotation.Annotation)
ROOT 5000054a (kind=<system class>, name=java.lang.reflect.TypeVariable[])
ROOT 50001817 (kind=<system class>, name=java.lang.reflect.TypeVariable)
ROOT 50001817 (kind=<system class>, name=java.lang.reflect.TypeVariable)
ROOT 50001816 (kind=<system class>, name=java.lang.IllegalAccessException)
ROOT 500017fd (kind=<system class>, name=java.net.NetworkInterface$2)
ROOT 5000054e (kind=<system class>, name=java.net.InterfaceAddress[])
ROOT 50001766 (kind=<system class>, name=java.net.InterfaceAddress)
ROOT 50000550 (kind=<system class>, name=java.net.NetworkInterface[])
ROOT 50001726 (kind=<system class>, name=java.net.NetworkInterface)
ROOT 50001772 (kind=<system class>, name=java.net.DefaultInterface)
ROOT 50001766 (kind=<system class>, name=java.net.InterfaceAddress)
ROOT 50001729 (kind=<system class>, name=java.net.NetworkInterface$1)
ROOT 50001726 (kind=<system class>, name=java.net.NetworkInterface)
ROOT 500016f5 (kind=<system class>, name=java.net.Inet6Address$Inet6AddressHolder)
ROOT 500016f4 (kind=<system class>, name=java.net.Inet6Address)
ROOT 500016f1 (kind=<system class>, name=sun.net.sdp.SdpProvider)
ROOT 500016f0 (kind=<system class>, name=sun.net.NetHooks$Provider)
ROOT 500016e9 (kind=<system class>, name=sun.net.NetHooks)
ROOT 500016e6 (kind=<system class>, name=java.net.SocketException)
ROOT 500016b8 (kind=<system class>, name=java.net.Inet4Address)
ROOT 500016a6 (kind=<system class>, name=java.net.Inet4AddressImpl)
ROOT 5000167f (kind=<system class>, name=sun.misc.URLClassPath$FileLoader$1)
ROOT 50000551 (kind=<system class>, name=java.net.InetAddress[])
ROOT 500015f7 (kind=<system class>, name=java.net.InetAddress)
ROOT 50001674 (kind=<system class>, name=java.net.InetAddress$2)
ROOT 50001670 (kind=<system class>, name=sun.net.spi.nameservice.NameService)
ROOT 50001653 (kind=<system class>, name=java.net.Inet6AddressImpl)
ROOT 50001652 (kind=<system class>, name=java.net.InetAddressImpl)
ROOT 5000162f (kind=<system class>, name=java.net.InetAddressImplFactory)
ROOT 50001628 (kind=<system class>, name=java.net.InetAddress$Cache$Type[])
ROOT 50001625 (kind=<system class>, name=java.net.InetAddress$Cache$Type)
ROOT 50001625 (kind=<system class>, name=java.net.InetAddress$Cache$Type)
ROOT 50001624 (kind=<system class>, name=java.net.InetAddress$Cache)
ROOT 50001623 (kind=<system class>, name=java.net.InetAddress$InetAddressHolder)
ROOT 50001611 (kind=<system class>, name=java.net.InetAddress$1)
ROOT 5000160f (kind=<system class>, name=sun.security.action.GetBooleanAction)
ROOT 5000160c (kind=<system class>, name=java.net.InetSocketAddress$InetSocketAddressHolder)
ROOT 500015f7 (kind=<system class>, name=java.net.InetAddress)
ROOT 500015e2 (kind=<system class>, name=java.net.InetSocketAddress)
ROOT 500015df (kind=<system class>, name=java.net.SocketAddress)
ROOT 5000154e (kind=<system class>, name=java.net.AbstractPlainSocketImpl$1)
ROOT 5000154d (kind=<system class>, name=java.net.SocksSocketImpl)
ROOT 5000154c (kind=<system class>, name=java.net.PlainSocketImpl)
ROOT 5000154b (kind=<system class>, name=java.net.AbstractPlainSocketImpl)
ROOT 5000154a (kind=<system class>, name=java.net.SocketImpl)
ROOT 50001549 (kind=<system class>, name=java.net.SocketOptions)
ROOT 50001537 (kind=<system class>, name=java.net.SocksConsts)
ROOT 50001534 (kind=<system class>, name=java.net.ServerSocket)
ROOT 50000552 (kind=<system class>, name=java.security.ProtectionDomain[])
ROOT 50000161 (kind=<system class>, name=java.security.ProtectionDomain)
ROOT 500013f2 (kind=<system class>, name=java.util.concurrent.ConcurrentHashMap$ForwardingNode)
ROOT 500013ee (kind=<system class>, name=java.lang.Void)
ROOT 500013e8 (kind=<system class>, name=java.lang.UnsatisfiedLinkError)
ROOT 500013e3 (kind=<system class>, name=java.lang.SecurityException)
ROOT 500013da (kind=<system class>, name=java.lang.NoSuchMethodException)
ROOT 500013d5 (kind=<system class>, name=java.lang.reflect.InvocationTargetException)
ROOT 500013c1 (kind=<system class>, name=java.lang.reflect.Method[])
ROOT 50000140 (kind=<system class>, name=java.lang.reflect.Method)
ROOT 500013bf (kind=<system class>, name=java.lang.Class$MethodArray)
ROOT 500013bd (kind=<system class>, name=sun.launcher.LauncherHelper$FXHelper)
ROOT 50001383 (kind=<system class>, name=java.security.BasicPermissionCollection)
ROOT 50001381 (kind=<system class>, name=java.security.UnresolvedPermission)
ROOT 50001380 (kind=<system class>, name=java.security.AllPermission)
ROOT 5000136c (kind=<system class>, name=java.io.FilePermissionCollection)
ROOT 50001369 (kind=<system class>, name=java.io.FilePermission$1)
ROOT 50001367 (kind=<system class>, name=java.io.FilePermission)
ROOT 50001353 (kind=<system class>, name=sun.net.www.MessageHeader)
ROOT 5000134e (kind=<system class>, name=sun.net.www.protocol.file.FileURLConnection)
ROOT 5000134d (kind=<system class>, name=sun.net.www.URLConnection)
ROOT 5000134c (kind=<system class>, name=java.net.URLConnection)
ROOT 5000131c (kind=<system class>, name=java.security.Permissions)
ROOT 5000131b (kind=<system class>, name=java.security.PermissionCollection)
ROOT 50001315 (kind=<system class>, name=sun.nio.ByteBuffered)
ROOT 50001301 (kind=<system class>, name=sun.security.util.ManifestEntryVerifier)
ROOT 500012f7 (kind=<system class>, name=sun.security.util.SignatureFileVerifier)
ROOT 500012e4 (kind=<system class>, name=java.lang.Package)
ROOT 500012df (kind=<system class>, name=java.io.ByteArrayOutputStream)
ROOT 500012d6 (kind=<system class>, name=java.util.jar.JarVerifier$3)
ROOT 500012d4 (kind=<system class>, name=java.security.CodeSigner[])
ROOT 500012d3 (kind=<system class>, name=java.security.CodeSigner)
ROOT 500012d3 (kind=<system class>, name=java.security.CodeSigner)
ROOT 500012ce (kind=<system class>, name=java.util.jar.JarVerifier)
ROOT 500012be (kind=<system class>, name=sun.misc.ASCIICaseInsensitiveComparator)
ROOT 500012ab (kind=<system class>, name=java.util.jar.Attributes$Name)
ROOT 500012a3 (kind=<system class>, name=java.util.jar.Manifest$FastInputStream)
ROOT 5000129f (kind=<system class>, name=java.util.jar.Attributes)
ROOT 50001291 (kind=<system class>, name=sun.misc.URLClassPath$JarLoader$2)
ROOT 50001290 (kind=<system class>, name=sun.misc.Resource)
ROOT 50001225 (kind=<system class>, name=sun.nio.cs.ThreadLocalCoders$2)
ROOT 50001222 (kind=<system class>, name=sun.nio.cs.ThreadLocalCoders$1)
ROOT 50001221 (kind=<system class>, name=sun.nio.cs.ThreadLocalCoders$Cache)
ROOT 50001220 (kind=<system class>, name=sun.nio.cs.ThreadLocalCoders)
ROOT 500011dd (kind=<system class>, name=sun.misc.URLClassPath$FileLoader)
ROOT 50000515 (kind=<system class>, name=java.util.LinkedList$Node)
ROOT 50000513 (kind=<system class>, name=java.util.LinkedList)
ROOT 50000512 (kind=<system class>, name=java.util.AbstractSequentialList)
ROOT 500003ad (kind=<system class>, name=java.util.zip.ZipFile$ZipFileInflaterInputStream)
ROOT 500003ac (kind=<system class>, name=java.util.zip.InflaterInputStream)
ROOT 500003aa (kind=<system class>, name=java.util.zip.ZStreamRef)
ROOT 500003a6 (kind=<system class>, name=java.util.zip.Inflater)
ROOT 5000036a (kind=<system class>, name=java.security.PrivilegedActionException)
ROOT 50000368 (kind=<system class>, name=java.util.zip.ZipException)
ROOT 50000367 (kind=<system class>, name=java.io.IOException)
ROOT 5000032c (kind=<system class>, name=sun.misc.IOUtils)
ROOT 50000328 (kind=<system class>, name=java.util.zip.ZipFile$ZipFileInputStream)
ROOT 50000323 (kind=<system class>, name=java.util.jar.JarFile$JarFileEntry)
ROOT 50000322 (kind=<system class>, name=java.util.jar.JarEntry)
ROOT 50000320 (kind=<system class>, name=java.util.zip.ZipEntry)
ROOT 500002ef (kind=<system class>, name=sun.misc.ExtensionDependency)
ROOT 500002e8 (kind=<system class>, name=sun.misc.JarIndex)
ROOT 500002d7 (kind=<system class>, name=java.nio.DirectLongBufferU)
ROOT 500002d6 (kind=<system class>, name=java.nio.LongBuffer)
ROOT 500002d3 (kind=<system class>, name=java.nio.DirectByteBuffer)
ROOT 500002d2 (kind=<system class>, name=java.nio.MappedByteBuffer)
ROOT 500002d1 (kind=<system class>, name=sun.nio.ch.DirectBuffer)
ROOT 500002cf (kind=<system class>, name=sun.misc.PerfCounter$CoreCounters)
ROOT 500002cd (kind=<system class>, name=sun.misc.Perf)
ROOT 500002cb (kind=<system class>, name=sun.misc.Perf$GetPerfAction)
ROOT 500002ca (kind=<system class>, name=sun.misc.PerfCounter)
ROOT 500002c4 (kind=<system class>, name=java.util.zip.ZipCoder)
ROOT 500002c1 (kind=<system class>, name=java.util.ArrayDeque)
ROOT 500002c0 (kind=<system class>, name=java.util.Deque)
ROOT 500002bf (kind=<system class>, name=java.util.Queue)
ROOT 500002af (kind=<system class>, name=sun.nio.cs.UTF_16)
ROOT 5000029d (kind=<system class>, name=sun.nio.cs.UTF_16LE)
ROOT 5000028b (kind=<system class>, name=sun.nio.cs.UTF_16BE)
ROOT 50000275 (kind=<system class>, name=sun.nio.cs.ISO_8859_1)
ROOT 5000026a (kind=<system class>, name=sun.nio.cs.US_ASCII)
ROOT 50000266 (kind=<system class>, name=java.nio.charset.StandardCharsets)
ROOT 50000260 (kind=<system class>, name=java.util.jar.JavaUtilJarAccessImpl)
ROOT 5000025f (kind=<system class>, name=sun.misc.JavaUtilJarAccess)
ROOT 5000025e (kind=<system class>, name=java.util.jar.JarFile)
ROOT 50000257 (kind=<system class>, name=sun.misc.FileURLMapper)
ROOT 50000255 (kind=<system class>, name=sun.misc.URLClassPath$JarLoader$1)
ROOT 50000235 (kind=<system class>, name=java.util.zip.ZipFile$1)
ROOT 50000234 (kind=<system class>, name=sun.misc.JavaUtilZipFileAccess)
ROOT 50000233 (kind=<system class>, name=java.util.zip.ZipFile)
ROOT 50000232 (kind=<system class>, name=java.util.zip.ZipConstants)
ROOT 50000231 (kind=<system class>, name=sun.misc.URLClassPath$JarLoader)
ROOT 50000230 (kind=<system class>, name=sun.misc.URLClassPath$Loader)
ROOT 5000022e (kind=<system class>, name=sun.misc.URLClassPath$3)
ROOT 50000228 (kind=<system class>, name=sun.net.util.URLUtil)
ROOT 50000222 (kind=<system class>, name=java.net.URLClassLoader$1)
ROOT 50000216 (kind=<system class>, name=sun.launcher.LauncherHelper[])
ROOT 50000214 (kind=<system class>, name=sun.launcher.LauncherHelper)
ROOT 50000214 (kind=<system class>, name=sun.launcher.LauncherHelper)
ROOT 50000211 (kind=<system class>, name=java.io.FileOutputStream$1)
ROOT 500001d8 (kind=<system class>, name=sun.usagetracker.UsageTrackerClient$3)
ROOT 500001c7 (kind=<system class>, name=sun.usagetracker.UsageTrackerClient$4)
ROOT 500001bd (kind=<system class>, name=sun.usagetracker.UsageTrackerClient$1)
ROOT 500001b8 (kind=<system class>, name=java.util.concurrent.atomic.AtomicBoolean)
ROOT 500001b6 (kind=<system class>, name=sun.usagetracker.UsageTrackerClient)
ROOT 500001b5 (kind=<system class>, name=sun.misc.PostVMInitHook)
ROOT 500001ad (kind=<system class>, name=java.lang.invoke.MethodHandleStatics$1)
ROOT 500001ab (kind=<system class>, name=java.lang.invoke.MethodHandleStatics)
ROOT 500001a9 (kind=<system class>, name=java.lang.invoke.MemberName$Factory)
ROOT 500001a5 (kind=<system class>, name=java.lang.ClassValue$Version)
ROOT 500001a3 (kind=<system class>, name=java.lang.ClassValue$Identity)
ROOT 5000019e (kind=<system class>, name=java.lang.ClassValue$Entry[])
ROOT 5000019d (kind=<system class>, name=java.lang.ClassValue$Entry)
ROOT 5000019d (kind=<system class>, name=java.lang.ClassValue$Entry)
ROOT 5000019c (kind=<system class>, name=java.lang.invoke.MethodHandleImpl$4)
ROOT 5000019b (kind=<system class>, name=java.lang.ClassValue)
ROOT 50000197 (kind=<system class>, name=java.lang.invoke.MethodHandle[])
ROOT 50000131 (kind=<system class>, name=java.lang.invoke.MethodHandle)
ROOT 50000195 (kind=<system class>, name=java.lang.invoke.MethodHandleImpl$3)
ROOT 50000193 (kind=<system class>, name=java.lang.invoke.MethodHandleImpl$2)
ROOT 50000192 (kind=<system class>, name=java.util.function.Function)
ROOT 50000189 (kind=<system class>, name=java.lang.invoke.MethodHandleImpl$1)
ROOT 50000186 (kind=<system class>, name=java.lang.invoke.MethodHandleImpl)
ROOT 50000001 (kind=<system class>, name=java.lang.SystemClassLoaderAction)
ROOT 50000002 (kind=<system class>, name=sun.misc.Launcher$AppClassLoader$1)
ROOT 50000003 (kind=<system class>, name=sun.net.www.protocol.jar.Handler)
ROOT 50000004 (kind=<system class>, name=sun.misc.URLClassPath)
ROOT 50000005 (kind=<system class>, name=java.util.HashSet)
ROOT 50000006 (kind=<system class>, name=java.security.Principal[])
ROOT 50000007 (kind=<system class>, name=java.security.Principal)
ROOT 50000007 (kind=<system class>, name=java.security.Principal)
ROOT 50000008 (kind=<system class>, name=java.security.ProtectionDomain$Key)
ROOT 50000009 (kind=<system class>, name=java.security.ProtectionDomain$2)
ROOT 5000000a (kind=<system class>, name=sun.misc.JavaSecurityProtectionDomainAccess)
ROOT 5000000b (kind=<system class>, name=java.security.ProtectionDomain$JavaSecurityAccessImpl)
ROOT 5000000c (kind=<system class>, name=sun.misc.JavaSecurityAccess)
ROOT 5000000d (kind=<system class>, name=java.net.URL[])
ROOT 5000011b (kind=<system class>, name=java.net.URL)
ROOT 5000000e (kind=<system class>, name=sun.net.www.protocol.file.Handler)
ROOT 5000000f (kind=<system class>, name=java.net.URLStreamHandler)
ROOT 50000010 (kind=<system class>, name=java.net.Parts)
ROOT 50000011 (kind=<system class>, name=java.lang.CharacterDataLatin1)
ROOT 50000012 (kind=<system class>, name=java.lang.CharacterData)
ROOT 50000013 (kind=<system class>, name=sun.util.locale.LocaleUtils)
ROOT 50000014 (kind=<system class>, name=java.util.Locale$LocaleKey)
ROOT 50000015 (kind=<system class>, name=sun.util.locale.LocaleObjectCache$CacheEntry)
ROOT 50000016 (kind=<system class>, name=sun.util.locale.BaseLocale$Key)
ROOT 50000017 (kind=<system class>, name=sun.util.locale.BaseLocale$Cache)
ROOT 50000018 (kind=<system class>, name=sun.util.locale.BaseLocale)
ROOT 50000019 (kind=<system class>, name=java.util.concurrent.ConcurrentHashMap$EntrySetView)
ROOT 5000001a (kind=<system class>, name=java.util.concurrent.ConcurrentHashMap$ValuesView)
ROOT 5000001b (kind=<system class>, name=java.util.concurrent.ConcurrentHashMap$KeySetView)
ROOT 5000001c (kind=<system class>, name=java.util.concurrent.ConcurrentHashMap$CollectionView)
ROOT 5000001d (kind=<system class>, name=java.util.concurrent.ConcurrentHashMap$CounterCell[])
ROOT 5000001e (kind=<system class>, name=java.util.concurrent.ConcurrentHashMap$CounterCell)
ROOT 5000001e (kind=<system class>, name=java.util.concurrent.ConcurrentHashMap$CounterCell)
ROOT 5000001f (kind=<system class>, name=java.util.concurrent.ConcurrentHashMap$Node[])
ROOT 50000020 (kind=<system class>, name=java.util.concurrent.ConcurrentHashMap$Node)
ROOT 50000020 (kind=<system class>, name=java.util.concurrent.ConcurrentHashMap$Node)
ROOT 50000021 (kind=<system class>, name=java.util.concurrent.ConcurrentHashMap$Segment[])
ROOT 50000024 (kind=<system class>, name=java.util.concurrent.ConcurrentHashMap$Segment)
ROOT 50000022 (kind=<system class>, name=java.util.concurrent.locks.ReentrantLock[])
ROOT 50000025 (kind=<system class>, name=java.util.concurrent.locks.ReentrantLock)
ROOT 50000023 (kind=<system class>, name=java.util.concurrent.locks.Lock[])
ROOT 50000026 (kind=<system class>, name=java.util.concurrent.locks.Lock)
ROOT 50000024 (kind=<system class>, name=java.util.concurrent.ConcurrentHashMap$Segment)
ROOT 50000025 (kind=<system class>, name=java.util.concurrent.locks.ReentrantLock)
ROOT 50000026 (kind=<system class>, name=java.util.concurrent.locks.Lock)
ROOT 50000027 (kind=<system class>, name=java.util.concurrent.ConcurrentHashMap)
ROOT 50000028 (kind=<system class>, name=java.util.concurrent.ConcurrentMap)
ROOT 50000029 (kind=<system class>, name=java.util.Locale$Cache)
ROOT 5000002a (kind=<system class>, name=sun.util.locale.LocaleObjectCache)
ROOT 5000002b (kind=<system class>, name=java.util.Locale)
ROOT 5000002c (kind=<system class>, name=java.util.BitSet)
ROOT 5000002d (kind=<system class>, name=sun.net.www.ParseUtil)
ROOT 5000002e (kind=<system class>, name=java.io.FileInputStream$1)
ROOT 5000002f (kind=<system class>, name=java.util.HashMap$TreeNode)
ROOT 50000030 (kind=<system class>, name=java.lang.reflect.Array)
ROOT 50000031 (kind=<system class>, name=java.nio.charset.CoderResult$2)
ROOT 50000032 (kind=<system class>, name=java.nio.charset.CoderResult$1)
ROOT 50000033 (kind=<system class>, name=java.nio.charset.CoderResult$Cache)
ROOT 50000034 (kind=<system class>, name=java.nio.charset.CoderResult)
ROOT 50000035 (kind=<system class>, name=java.nio.HeapCharBuffer)
ROOT 50000036 (kind=<system class>, name=java.nio.CharBuffer)
ROOT 50000037 (kind=<system class>, name=sun.nio.cs.StreamDecoder)
ROOT 50000038 (kind=<system class>, name=java.io.FileReader)
ROOT 50000039 (kind=<system class>, name=java.io.InputStreamReader)
ROOT 5000003a (kind=<system class>, name=java.io.BufferedReader)
ROOT 5000003b (kind=<system class>, name=java.io.Reader)
ROOT 5000003c (kind=<system class>, name=java.lang.Readable)
ROOT 5000003d (kind=<system class>, name=sun.misc.MetaIndex)
ROOT 5000003e (kind=<system class>, name=sun.misc.Launcher$ExtClassLoader$1)
ROOT 5000003f (kind=<system class>, name=java.io.File[])
ROOT 5000011d (kind=<system class>, name=java.io.File)
ROOT 50000040 (kind=<system class>, name=java.util.StringTokenizer)
ROOT 50000041 (kind=<system class>, name=java.net.URLClassLoader$7)
ROOT 50000042 (kind=<system class>, name=sun.misc.JavaNetAccess)
ROOT 50000043 (kind=<system class>, name=java.util.WeakHashMap$KeySet)
ROOT 50000044 (kind=<system class>, name=java.util.Collections$SetFromMap)
ROOT 50000045 (kind=<system class>, name=java.util.WeakHashMap$Entry[])
ROOT 50000046 (kind=<system class>, name=java.util.WeakHashMap$Entry)
ROOT 50000046 (kind=<system class>, name=java.util.WeakHashMap$Entry)
ROOT 50000047 (kind=<system class>, name=java.lang.ClassLoader$ParallelLoaders)
ROOT 50000048 (kind=<system class>, name=sun.security.util.Debug)
ROOT 50000049 (kind=<system class>, name=sun.misc.Launcher$Factory)
ROOT 5000004a (kind=<system class>, name=java.net.URLStreamHandlerFactory)
ROOT 5000004b (kind=<system class>, name=java.lang.Compiler$1)
ROOT 5000004c (kind=<system class>, name=java.lang.Compiler)
ROOT 5000004d (kind=<system class>, name=java.lang.IllegalArgumentException)
ROOT 5000004e (kind=<system class>, name=java.lang.System$2)
ROOT 5000004f (kind=<system class>, name=sun.misc.JavaLangAccess)
ROOT 50000050 (kind=<system class>, name=sun.misc.OSEnvironment)
ROOT 50000051 (kind=<system class>, name=java.lang.Integer[])
ROOT 5000010c (kind=<system class>, name=java.lang.Integer)
ROOT 50000052 (kind=<system class>, name=java.lang.Number[])
ROOT 50000111 (kind=<system class>, name=java.lang.Number)
ROOT 50000053 (kind=<system class>, name=java.lang.Integer$IntegerCache)
ROOT 50000054 (kind=<system class>, name=sun.misc.NativeSignalHandler)
ROOT 50000055 (kind=<system class>, name=sun.misc.Signal)
ROOT 50000056 (kind=<system class>, name=java.lang.Terminator$1)
ROOT 50000057 (kind=<system class>, name=sun.misc.SignalHandler)
ROOT 50000058 (kind=<system class>, name=java.lang.Terminator)
ROOT 50000059 (kind=<system class>, name=java.lang.ClassLoader$NativeLibrary)
ROOT 5000005a (kind=<system class>, name=java.util.LinkedHashMap$Entry)
ROOT 5000005b (kind=<system class>, name=java.io.ExpiringCache$Entry)
ROOT 5000005c (kind=<system class>, name=java.io.File$PathStatus[])
ROOT 50000062 (kind=<system class>, name=java.io.File$PathStatus)
ROOT 5000005d (kind=<system class>, name=java.lang.Enum[])
ROOT 50000063 (kind=<system class>, name=java.lang.Enum)
ROOT 5000005e (kind=<system class>, name=java.lang.ClassLoader$3)
ROOT 5000005f (kind=<system class>, name=java.lang.StringCoding$StringEncoder)
ROOT 50000060 (kind=<system class>, name=java.nio.file.Path)
ROOT 50000061 (kind=<system class>, name=java.nio.file.Watchable)
ROOT 50000062 (kind=<system class>, name=java.io.File$PathStatus)
ROOT 50000063 (kind=<system class>, name=java.lang.Enum)
ROOT 50000064 (kind=<system class>, name=java.io.ExpiringCache$1)
ROOT 50000065 (kind=<system class>, name=java.util.LinkedHashMap)
ROOT 50000066 (kind=<system class>, name=java.io.ExpiringCache)
ROOT 50000067 (kind=<system class>, name=java.io.UnixFileSystem)
ROOT 50000068 (kind=<system class>, name=java.io.FileSystem)
ROOT 50000069 (kind=<system class>, name=java.io.DefaultFileSystem)
ROOT 5000006a (kind=<system class>, name=java.io.BufferedWriter)
ROOT 5000006b (kind=<system class>, name=java.nio.Bits$1)
ROOT 5000006c (kind=<system class>, name=sun.misc.JavaNioAccess)
ROOT 5000006d (kind=<system class>, name=java.nio.ByteOrder)
ROOT 5000006e (kind=<system class>, name=java.nio.Bits)
ROOT 5000006f (kind=<system class>, name=java.nio.HeapByteBuffer)
ROOT 50000070 (kind=<system class>, name=java.nio.ByteBuffer)
ROOT 50000071 (kind=<system class>, name=sun.nio.cs.UTF_8$Encoder)
ROOT 50000072 (kind=<system class>, name=java.nio.charset.CharsetEncoder)
ROOT 50000073 (kind=<system class>, name=sun.nio.cs.ArrayEncoder)
ROOT 50000074 (kind=<system class>, name=sun.security.action.GetPropertyAction)
ROOT 50000075 (kind=<system class>, name=sun.nio.cs.StreamEncoder)
ROOT 50000076 (kind=<system class>, name=java.io.OutputStreamWriter)
ROOT 50000077 (kind=<system class>, name=java.io.Writer)
ROOT 50000078 (kind=<system class>, name=java.io.BufferedOutputStream)
ROOT 50000079 (kind=<system class>, name=java.io.PrintStream)
ROOT 5000007a (kind=<system class>, name=java.io.FilterOutputStream)
ROOT 5000007b (kind=<system class>, name=sun.reflect.misc.ReflectUtil)
ROOT 5000007c (kind=<system class>, name=java.util.concurrent.atomic.AtomicReferenceFieldUpdater$AtomicReferenceFieldUpdaterImpl$1)
ROOT 5000007d (kind=<system class>, name=java.security.PrivilegedExceptionAction)
ROOT 5000007e (kind=<system class>, name=java.util.concurrent.atomic.AtomicReferenceFieldUpdater$AtomicReferenceFieldUpdaterImpl)
ROOT 5000007f (kind=<system class>, name=java.util.concurrent.atomic.AtomicReferenceFieldUpdater)
ROOT 50000080 (kind=<system class>, name=java.io.BufferedInputStream)
ROOT 50000081 (kind=<system class>, name=java.io.FilterInputStream)
ROOT 50000082 (kind=<system class>, name=java.io.FileOutputStream)
ROOT 50000083 (kind=<system class>, name=java.io.OutputStream)
ROOT 50000084 (kind=<system class>, name=java.io.Flushable)
ROOT 50000085 (kind=<system class>, name=sun.misc.SharedSecrets)
ROOT 50000086 (kind=<system class>, name=java.io.FileDescriptor$1)
ROOT 50000087 (kind=<system class>, name=sun.misc.JavaIOFileDescriptorAccess)
ROOT 50000088 (kind=<system class>, name=java.io.FileDescriptor)
ROOT 50000089 (kind=<system class>, name=java.io.FileInputStream)
ROOT 5000008a (kind=<system class>, name=sun.misc.Version)
ROOT 5000008b (kind=<system class>, name=java.lang.Runtime)
ROOT 5000008c (kind=<system class>, name=java.util.Hashtable$Enumerator)
ROOT 5000008d (kind=<system class>, name=java.util.Iterator)
ROOT 5000008e (kind=<system class>, name=java.util.Enumeration)
ROOT 5000008f (kind=<system class>, name=java.util.Objects)
ROOT 50000090 (kind=<system class>, name=java.util.Collections$SynchronizedSet)
ROOT 50000091 (kind=<system class>, name=java.util.Collections$SynchronizedCollection)
ROOT 50000092 (kind=<system class>, name=java.util.Hashtable$EntrySet)
ROOT 50000093 (kind=<system class>, name=java.nio.charset.CodingErrorAction)
ROOT 50000094 (kind=<system class>, name=sun.nio.cs.UTF_8$Decoder)
ROOT 50000095 (kind=<system class>, name=java.nio.charset.CharsetDecoder)
ROOT 50000096 (kind=<system class>, name=sun.nio.cs.ArrayDecoder)
ROOT 50000097 (kind=<system class>, name=java.lang.StringCoding$StringDecoder)
ROOT 50000098 (kind=<system class>, name=java.lang.ThreadLocal$ThreadLocalMap$Entry[])
ROOT 5000009b (kind=<system class>, name=java.lang.ThreadLocal$ThreadLocalMap$Entry)
ROOT 50000099 (kind=<system class>, name=java.lang.ref.WeakReference[])
ROOT 50000152 (kind=<system class>, name=java.lang.ref.WeakReference)
ROOT 5000009a (kind=<system class>, name=java.lang.ref.Reference[])
ROOT 50000154 (kind=<system class>, name=java.lang.ref.Reference)
ROOT 5000009b (kind=<system class>, name=java.lang.ThreadLocal$ThreadLocalMap$Entry)
ROOT 5000009c (kind=<system class>, name=java.lang.ThreadLocal$ThreadLocalMap)
ROOT 5000009d (kind=<system class>, name=java.lang.StringCoding)
ROOT 5000009e (kind=<system class>, name=sun.reflect.DelegatingConstructorAccessorImpl)
ROOT 5000009f (kind=<system class>, name=sun.reflect.NativeConstructorAccessorImpl)
ROOT 500000a0 (kind=<system class>, name=sun.reflect.ReflectionFactory$1)
ROOT 500000a1 (kind=<system class>, name=java.lang.Class$1)
ROOT 500000a2 (kind=<system class>, name=java.lang.reflect.Constructor[])
ROOT 5000013f (kind=<system class>, name=java.lang.reflect.Constructor)
ROOT 500000a3 (kind=<system class>, name=java.lang.reflect.Executable[])
ROOT 50000141 (kind=<system class>, name=java.lang.reflect.Executable)
ROOT 500000a4 (kind=<system class>, name=sun.nio.cs.UTF_8)
ROOT 500000a5 (kind=<system class>, name=sun.nio.cs.Unicode)
ROOT 500000a6 (kind=<system class>, name=sun.nio.cs.HistoricallyNamedCharset)
ROOT 500000a7 (kind=<system class>, name=java.util.Arrays)
ROOT 500000a8 (kind=<system class>, name=java.lang.reflect.ReflectAccess)
ROOT 500000a9 (kind=<system class>, name=sun.reflect.LangReflectAccess)
ROOT 500000aa (kind=<system class>, name=java.lang.reflect.Modifier)
ROOT 500000ab (kind=<system class>, name=java.lang.ClassValue$ClassValueMap)
ROOT 500000ac (kind=<system class>, name=java.util.WeakHashMap)
ROOT 500000ad (kind=<system class>, name=sun.reflect.annotation.AnnotationType)
ROOT 500000ae (kind=<system class>, name=java.lang.Class$AnnotationData)
ROOT 500000af (kind=<system class>, name=sun.reflect.generics.repository.ClassRepository)
ROOT 500000b0 (kind=<system class>, name=sun.reflect.generics.repository.GenericDeclRepository)
ROOT 500000b1 (kind=<system class>, name=sun.reflect.generics.repository.AbstractRepository)
ROOT 500000b2 (kind=<system class>, name=java.lang.reflect.Field[])
ROOT 50000143 (kind=<system class>, name=java.lang.reflect.Field)
ROOT 500000b3 (kind=<system class>, name=java.lang.reflect.Member[])
ROOT 50000144 (kind=<system class>, name=java.lang.reflect.Member)
ROOT 500000b4 (kind=<system class>, name=java.lang.reflect.AccessibleObject[])
ROOT 50000145 (kind=<system class>, name=java.lang.reflect.AccessibleObject)
ROOT 500000b5 (kind=<system class>, name=java.lang.Class$Atomic)
ROOT 500000b6 (kind=<system class>, name=java.lang.Class$ReflectionData)
ROOT 500000b7 (kind=<system class>, name=java.lang.Class$3)
ROOT 500000b8 (kind=<system class>, name=java.util.HashMap$Node[])
ROOT 500000b9 (kind=<system class>, name=java.util.HashMap$Node)
ROOT 500000b9 (kind=<system class>, name=java.util.HashMap$Node)
ROOT 500000ba (kind=<system class>, name=java.util.HashMap)
ROOT 500000bb (kind=<system class>, name=sun.reflect.Reflection)
ROOT 500000bc (kind=<system class>, name=java.util.Collections$UnmodifiableRandomAccessList)
ROOT 500000bd (kind=<system class>, name=java.util.Collections$UnmodifiableList)
ROOT 500000be (kind=<system class>, name=java.util.Collections$UnmodifiableCollection)
ROOT 500000bf (kind=<system class>, name=java.util.Collections$EmptyMap)
ROOT 500000c0 (kind=<system class>, name=java.util.Collections$EmptyList)
ROOT 500000c1 (kind=<system class>, name=java.util.Collections$EmptySet)
ROOT 500000c2 (kind=<system class>, name=java.util.AbstractSet)
ROOT 500000c3 (kind=<system class>, name=java.util.Set)
ROOT 500000c4 (kind=<system class>, name=java.util.Collections)
ROOT 500000c5 (kind=<system class>, name=java.util.ArrayList)
ROOT 500000c6 (kind=<system class>, name=java.lang.NoSuchMethodError)
ROOT 500000c7 (kind=<system class>, name=java.lang.IncompatibleClassChangeError)
ROOT 500000c8 (kind=<system class>, name=java.util.concurrent.atomic.AtomicInteger)
ROOT 500000c9 (kind=<system class>, name=java.lang.ThreadLocal)
ROOT 500000ca (kind=<system class>, name=sun.nio.cs.StandardCharsets$Cache)
ROOT 500000cb (kind=<system class>, name=sun.nio.cs.StandardCharsets$Classes)
ROOT 500000cc (kind=<system class>, name=sun.nio.cs.StandardCharsets$Aliases)
ROOT 500000cd (kind=<system class>, name=sun.util.PreHashedMap)
ROOT 500000ce (kind=<system class>, name=java.util.AbstractMap)
ROOT 500000cf (kind=<system class>, name=java.lang.String[])
ROOT 5000016f (kind=<system class>, name=java.lang.String)
ROOT 500000d0 (kind=<system class>, name=java.lang.CharSequence[])
ROOT 50000170 (kind=<system class>, name=java.lang.CharSequence)
ROOT 500000d1 (kind=<system class>, name=sun.nio.cs.StandardCharsets)
ROOT 500000d2 (kind=<system class>, name=sun.nio.cs.FastCharsetProvider)
ROOT 500000d3 (kind=<system class>, name=java.nio.charset.spi.CharsetProvider)
ROOT 500000d4 (kind=<system class>, name=java.nio.charset.Charset)
ROOT 500000d5 (kind=<system class>, name=java.lang.Math)
ROOT 500000d6 (kind=<system class>, name=java.util.Hashtable$Entry[])
ROOT 500000d8 (kind=<system class>, name=java.util.Hashtable$Entry)
ROOT 500000d7 (kind=<system class>, name=java.util.Map$Entry[])
ROOT 500000d9 (kind=<system class>, name=java.util.Map$Entry)
ROOT 500000d8 (kind=<system class>, name=java.util.Hashtable$Entry)
ROOT 500000d9 (kind=<system class>, name=java.util.Map$Entry)
ROOT 500000da (kind=<system class>, name=sun.misc.VM)
ROOT 500000db (kind=<system class>, name=java.lang.ref.Finalizer$FinalizerThread)
ROOT 500000dc (kind=<system class>, name=java.lang.ref.ReferenceQueue$Lock)
ROOT 500000dd (kind=<system class>, name=java.lang.ref.ReferenceQueue$Null)
ROOT 500000de (kind=<system class>, name=java.lang.ref.ReferenceQueue)
ROOT 500000df (kind=<system class>, name=java.lang.Thread[])
ROOT 5000014c (kind=<system class>, name=java.lang.Thread)
ROOT 500000e0 (kind=<system class>, name=java.lang.Runnable[])
ROOT 5000014d (kind=<system class>, name=java.lang.Runnable)
ROOT 500000e1 (kind=<system class>, name=java.lang.ref.Reference$ReferenceHandler)
ROOT 500000e2 (kind=<system class>, name=java.lang.ref.Reference$Lock)
ROOT 500000e3 (kind=<system class>, name=sun.reflect.ReflectionFactory)
ROOT 500000e4 (kind=<system class>, name=java.util.Stack)
ROOT 500000e5 (kind=<system class>, name=java.util.Vector)
ROOT 500000e6 (kind=<system class>, name=java.util.AbstractList)
ROOT 500000e7 (kind=<system class>, name=java.util.AbstractCollection)
ROOT 500000e8 (kind=<system class>, name=java.util.RandomAccess)
ROOT 500000e9 (kind=<system class>, name=java.util.List)
ROOT 500000ea (kind=<system class>, name=java.util.Collection)
ROOT 500000eb (kind=<system class>, name=java.lang.Iterable)
ROOT 500000ec (kind=<system class>, name=java.security.cert.Certificate[])
ROOT 500000ed (kind=<system class>, name=java.security.cert.Certificate)
ROOT 500000ed (kind=<system class>, name=java.security.cert.Certificate)
ROOT 500000ee (kind=<system class>, name=sun.reflect.ReflectionFactory$GetReflectionFactoryAction)
ROOT 500000ef (kind=<system class>, name=java.security.PrivilegedAction)
ROOT 500000f0 (kind=<system class>, name=java.lang.reflect.ReflectPermission)
ROOT 500000f1 (kind=<system class>, name=java.security.AccessController)
ROOT 500000f2 (kind=<system class>, name=java.lang.RuntimePermission)
ROOT 500000f3 (kind=<system class>, name=java.security.BasicPermission)
ROOT 500000f4 (kind=<system class>, name=java.security.Permission)
ROOT 500000f5 (kind=<system class>, name=java.security.Guard)
ROOT 500000f6 (kind=<system class>, name=java.lang.StackTraceElement[])
ROOT 50000115 (kind=<system class>, name=java.lang.StackTraceElement)
ROOT 500000f7 (kind=<system class>, name=java.lang.ThreadGroup[])
ROOT 5000014a (kind=<system class>, name=java.lang.ThreadGroup)
ROOT 500000f8 (kind=<system class>, name=java.lang.Thread$UncaughtExceptionHandler[])
ROOT 5000014b (kind=<system class>, name=java.lang.Thread$UncaughtExceptionHandler)
ROOT 500000f9 (kind=<system class>, name=com.sun.demo.jvmti.hprof.Tracker)
ROOT 500000fa (kind=<system class>, name=java.lang.String$CaseInsensitiveComparator)
ROOT 500000fb (kind=<system class>, name=java.util.Comparator)
ROOT 500000fc (kind=<system class>, name=java.io.ObjectStreamField[])
ROOT 500000fe (kind=<system class>, name=java.io.ObjectStreamField)
ROOT 500000fd (kind=<system class>, name=java.lang.Comparable[])
ROOT 50000171 (kind=<system class>, name=java.lang.Comparable)
ROOT 500000fe (kind=<system class>, name=java.io.ObjectStreamField)
ROOT 500000ff (kind=<system class>, name=java.lang.OutOfMemoryError[])
ROOT 50000157 (kind=<system class>, name=java.lang.OutOfMemoryError)
ROOT 50000100 (kind=<system class>, name=java.lang.VirtualMachineError[])
ROOT 50000158 (kind=<system class>, name=java.lang.VirtualMachineError)
ROOT 50000101 (kind=<system class>, name=java.lang.Error[])
ROOT 50000166 (kind=<system class>, name=java.lang.Error)
ROOT 50000102 (kind=<system class>, name=java.lang.Throwable[])
ROOT 50000167 (kind=<system class>, name=java.lang.Throwable)
ROOT 50000103 (kind=<system class>, name=java.lang.ArithmeticException)
ROOT 50000104 (kind=<system class>, name=java.lang.NullPointerException)
ROOT 50000105 (kind=<system class>, name=java.lang.Class[])
ROOT 5000016b (kind=<system class>, name=java.lang.Class)
ROOT 50000106 (kind=<system class>, name=java.io.Serializable[])
ROOT 50000172 (kind=<system class>, name=java.io.Serializable)
ROOT 50000107 (kind=<system class>, name=java.lang.reflect.GenericDeclaration[])
ROOT 5000016d (kind=<system class>, name=java.lang.reflect.GenericDeclaration)
ROOT 50000108 (kind=<system class>, name=java.lang.reflect.AnnotatedElement[])
ROOT 5000016e (kind=<system class>, name=java.lang.reflect.AnnotatedElement)
ROOT 50000109 (kind=<system class>, name=java.lang.reflect.Type[])
ROOT 5000016c (kind=<system class>, name=java.lang.reflect.Type)
ROOT 5000010a (kind=<system class>, name=java.lang.Object[])
ROOT 50000173 (kind=<system class>, name=java.lang.Object)
ROOT 5000010b (kind=<system class>, name=java.lang.Long)
ROOT 5000010c (kind=<system class>, name=java.lang.Integer)
ROOT 5000010d (kind=<system class>, name=java.lang.Short)
ROOT 5000010e (kind=<system class>, name=java.lang.Byte)
ROOT 5000010f (kind=<system class>, name=java.lang.Double)
ROOT 50000110 (kind=<system class>, name=java.lang.Float)
ROOT 50000111 (kind=<system class>, name=java.lang.Number)
ROOT 50000112 (kind=<system class>, name=java.lang.Character)
ROOT 50000113 (kind=<system class>, name=java.lang.Boolean)
ROOT 50000114 (kind=<system class>, name=java.nio.Buffer)
ROOT 50000115 (kind=<system class>, name=java.lang.StackTraceElement)
ROOT 50000116 (kind=<system class>, name=java.security.CodeSource)
ROOT 50000117 (kind=<system class>, name=sun.misc.Launcher$ExtClassLoader)
ROOT 50000118 (kind=<system class>, name=sun.misc.Launcher$AppClassLoader)
ROOT 50000119 (kind=<system class>, name=sun.misc.Launcher)
ROOT 5000011a (kind=<system class>, name=java.util.jar.Manifest)
ROOT 5000011b (kind=<system class>, name=java.net.URL)
ROOT 5000011c (kind=<system class>, name=java.net.URLClassLoader)
ROOT 5000011d (kind=<system class>, name=java.io.File)
ROOT 5000011e (kind=<system class>, name=java.io.ByteArrayInputStream)
ROOT 5000011f (kind=<system class>, name=java.io.InputStream)
ROOT 50000120 (kind=<system class>, name=java.io.Closeable)
ROOT 50000121 (kind=<system class>, name=java.lang.AutoCloseable)
ROOT 50000122 (kind=<system class>, name=sun.misc.Unsafe)
ROOT 50000123 (kind=<system class>, name=java.lang.StringBuilder)
ROOT 50000124 (kind=<system class>, name=java.lang.StringBuffer)
ROOT 50000125 (kind=<system class>, name=java.lang.AbstractStringBuilder)
ROOT 50000126 (kind=<system class>, name=java.lang.Appendable)
ROOT 50000127 (kind=<system class>, name=java.lang.invoke.VolatileCallSite)
ROOT 50000128 (kind=<system class>, name=java.lang.invoke.MutableCallSite)
ROOT 50000129 (kind=<system class>, name=java.lang.invoke.ConstantCallSite)
ROOT 5000012a (kind=<system class>, name=java.lang.invoke.CallSite)
ROOT 5000012b (kind=<system class>, name=java.lang.BootstrapMethodError)
ROOT 5000012c (kind=<system class>, name=java.lang.invoke.MethodType)
ROOT 5000012d (kind=<system class>, name=java.lang.invoke.LambdaForm)
ROOT 5000012e (kind=<system class>, name=java.lang.invoke.MethodHandleNatives)
ROOT 5000012f (kind=<system class>, name=java.lang.invoke.MemberName)
ROOT 50000130 (kind=<system class>, name=java.lang.invoke.DirectMethodHandle)
ROOT 50000131 (kind=<system class>, name=java.lang.invoke.MethodHandle)
ROOT 50000132 (kind=<system class>, name=sun.reflect.CallerSensitive)
ROOT 50000133 (kind=<system class>, name=java.lang.annotation.Annotation)
ROOT 50000134 (kind=<system class>, name=sun.reflect.UnsafeStaticFieldAccessorImpl)
ROOT 50000135 (kind=<system class>, name=sun.reflect.UnsafeFieldAccessorImpl)
ROOT 50000136 (kind=<system class>, name=sun.reflect.FieldAccessorImpl)
ROOT 50000137 (kind=<system class>, name=sun.reflect.FieldAccessor)
ROOT 50000138 (kind=<system class>, name=sun.reflect.ConstantPool)
ROOT 50000139 (kind=<system class>, name=sun.reflect.DelegatingClassLoader)
ROOT 5000013a (kind=<system class>, name=sun.reflect.ConstructorAccessorImpl)
ROOT 5000013b (kind=<system class>, name=sun.reflect.ConstructorAccessor)
ROOT 5000013c (kind=<system class>, name=sun.reflect.MethodAccessorImpl)
ROOT 5000013d (kind=<system class>, name=sun.reflect.MethodAccessor)
ROOT 5000013e (kind=<system class>, name=sun.reflect.MagicAccessorImpl)
ROOT 5000013f (kind=<system class>, name=java.lang.reflect.Constructor)
ROOT 50000140 (kind=<system class>, name=java.lang.reflect.Method)
ROOT 50000141 (kind=<system class>, name=java.lang.reflect.Executable)
ROOT 50000142 (kind=<system class>, name=java.lang.reflect.Parameter)
ROOT 50000143 (kind=<system class>, name=java.lang.reflect.Field)
ROOT 50000144 (kind=<system class>, name=java.lang.reflect.Member)
ROOT 50000145 (kind=<system class>, name=java.lang.reflect.AccessibleObject)
ROOT 50000146 (kind=<system class>, name=java.util.Properties)
ROOT 50000147 (kind=<system class>, name=java.util.Hashtable)
ROOT 50000148 (kind=<system class>, name=java.util.Dictionary)
ROOT 50000149 (kind=<system class>, name=java.util.Map)
ROOT 5000014a (kind=<system class>, name=java.lang.ThreadGroup)
ROOT 5000014b (kind=<system class>, name=java.lang.Thread$UncaughtExceptionHandler)
ROOT 5000014c (kind=<system class>, name=java.lang.Thread)
ROOT 5000014d (kind=<system class>, name=java.lang.Runnable)
ROOT 5000014e (kind=<system class>, name=java.lang.ref.Finalizer)
ROOT 5000014f (kind=<system class>, name=sun.misc.Cleaner)
ROOT 50000150 (kind=<system class>, name=java.lang.ref.PhantomReference)
ROOT 50000151 (kind=<system class>, name=java.lang.ref.FinalReference)
ROOT 50000152 (kind=<system class>, name=java.lang.ref.WeakReference)
ROOT 50000153 (kind=<system class>, name=java.lang.ref.SoftReference)
ROOT 50000154 (kind=<system class>, name=java.lang.ref.Reference)
ROOT 50000155 (kind=<system class>, name=java.lang.IllegalMonitorStateException)
ROOT 50000156 (kind=<system class>, name=java.lang.StackOverflowError)
ROOT 50000157 (kind=<system class>, name=java.lang.OutOfMemoryError)
ROOT 50000158 (kind=<system class>, name=java.lang.VirtualMachineError)
ROOT 50000159 (kind=<system class>, name=java.lang.ArrayStoreException)
ROOT 5000015a (kind=<system class>, name=java.lang.ClassCastException)
ROOT 5000015b (kind=<system class>, name=java.lang.NoClassDefFoundError)
ROOT 5000015c (kind=<system class>, name=java.lang.LinkageError)
ROOT 5000015d (kind=<system class>, name=java.lang.ClassNotFoundException)
ROOT 5000015e (kind=<system class>, name=java.lang.ReflectiveOperationException)
ROOT 5000015f (kind=<system class>, name=java.security.SecureClassLoader)
ROOT 50000160 (kind=<system class>, name=java.security.AccessControlContext)
ROOT 50000161 (kind=<system class>, name=java.security.ProtectionDomain)
ROOT 50000162 (kind=<system class>, name=java.lang.SecurityManager)
ROOT 50000163 (kind=<system class>, name=java.lang.RuntimeException)
ROOT 50000164 (kind=<system class>, name=java.lang.Exception)
ROOT 50000165 (kind=<system class>, name=java.lang.ThreadDeath)
ROOT 50000166 (kind=<system class>, name=java.lang.Error)
ROOT 50000167 (kind=<system class>, name=java.lang.Throwable)
ROOT 50000168 (kind=<system class>, name=java.lang.System)
ROOT 50000169 (kind=<system class>, name=java.lang.ClassLoader)
ROOT 5000016a (kind=<system class>, name=java.lang.Cloneable)
ROOT 5000016b (kind=<system class>, name=java.lang.Class)
ROOT 5000016c (kind=<system class>, name=java.lang.reflect.Type)
ROOT 5000016d (kind=<system class>, name=java.lang.reflect.GenericDeclaration)
ROOT 5000016e (kind=<system class>, name=java.lang.reflect.AnnotatedElement)
ROOT 5000016f (kind=<system class>, name=java.lang.String)
ROOT 50000170 (kind=<system class>, name=java.lang.CharSequence)
ROOT 50000171 (kind=<system class>, name=java.lang.Comparable)
ROOT 50000172 (kind=<system class>, name=java.io.Serializable)
ROOT 50000173 (kind=<system class>, name=java.lang.Object)
ROOT 50000174 (kind=<system class>, name=long[])
ROOT 50009581 (kind=<system class>, name=java.lang.Class)
ROOT 50000175 (kind=<system class>, name=int[])
ROOT 50009582 (kind=<system class>, name=java.lang.Class)
ROOT 50000176 (kind=<system class>, name=short[])
ROOT 50009583 (kind=<system class>, name=java.lang.Class)
ROOT 50000177 (kind=<system class>, name=byte[])
ROOT 50009584 (kind=<system class>, name=java.lang.Class)
ROOT 50000178 (kind=<system class>, name=double[])
ROOT 50009585 (kind=<system class>, name=java.lang.Class)
ROOT 50000179 (kind=<system class>, name=float[])
ROOT 50009586 (kind=<system class>, name=java.lang.Class)
ROOT 5000017a (kind=<system class>, name=char[])
ROOT 50009587 (kind=<system class>, name=java.lang.Class)
ROOT 5000017b (kind=<system class>, name=boolean[])
ROOT 50009588 (kind=<system class>, name=java.lang.Class)
ROOT 50009463 (kind=<busy monitor>)
ROOT 50009460 (kind=<busy monitor>)
ROOT 50009582 (kind=<unknown>)
ROOT 50009586 (kind=<unknown>)
ROOT 50009585 (kind=<unknown>)
ROOT 50009584 (kind=<unknown>)
ROOT 50009588 (kind=<unknown>)
ROOT 50009587 (kind=<unknown>)
ROOT 50009581 (kind=<unknown>)
ROOT 50009583 (kind=<unknown>)
ROOT 50009589 (kind=<unknown>)
ROOT 50009588 (kind=<unknown>)
ROOT 50009587 (kind=<unknown>)
ROOT 50009586 (kind=<unknown>)
ROOT 50009585 (kind=<unknown>)
ROOT 50009584 (kind=<unknown>)
ROOT 50009583 (kind=<unknown>)
ROOT 50009582 (kind=<unknown>)
ROOT 50009581 (kind=<unknown>)
ROOT 50009589 (kind=<unknown>)
ROOT 5000958a (kind=<unknown>)
ROOT 5000958b (kind=<unknown>)
ROOT 5000958c (kind=<unknown>)
ROOT 5000958d (kind=<unknown>)
ROOT 5000958e (kind=<unknown>)
ROOT 5000958f (kind=<unknown>)
ROOT 50009590 (kind=<unknown>)
ROOT 50009591 (kind=<unknown>)
ROOT 50009592 (kind=<unknown>)
ROOT 50009593 (kind=<unknown>)
ROOT 50009594 (kind=<unknown>)
ROOT 50009595 (kind=<unknown>)
ROOT 50009596 (kind=<unknown>)
ROOT 50009597 (kind=<unknown>)
ROOT 50009598 (kind=<unknown>)
ROOT 50009599 (kind=<unknown>)
OBJ 5000017c (sz=376, trace=300000, class=java.lang.Thread@5000014c)
OBJ 5000017d (sz=376, trace=300001, class=java.lang.Thread@5000014c)
OBJ 5000017e (sz=16, trace=300002, class=java.lang.Object@50000173)
ARR 5000017f (sz=56, trace=300003, nelems=0, elem type=char[])
OBJ 50000180 (sz=376, trace=300001, class=java.lang.Thread@5000014c)
OBJ 50000181 (sz=16, trace=300002, class=java.lang.Object@50000173)
ARR 50000182 (sz=56, trace=300003, nelems=0, elem type=char[])
OBJ 50000183 (sz=376, trace=300001, class=java.lang.Thread@5000014c)
OBJ 50000184 (sz=16, trace=300002, class=java.lang.Object@50000173)
ARR 50000185 (sz=56, trace=300003, nelems=0, elem type=char[])
ARR 50000187 (sz=1024, trace=301761, nelems=0, elem type=boolean[])
OBJ 50000188 (sz=24, trace=301710, class=java.util.ArrayList@500000c5)
OBJ 5000018a (sz=24, trace=301711, class=java.util.ArrayList@500000c5)
ARR 5000018b (sz=24, trace=301762, nelems=0, elem type=int[])
OBJ 5000018c (sz=32, trace=301713, class=java.util.ArrayList$Itr@50001974)
OBJ 5000018d (sz=32, trace=301763, class=Line@50006f05)
ARR 5000018e (sz=24, trace=301762, nelems=0, elem type=int[])
OBJ 5000018f (sz=32, trace=301713, class=java.util.ArrayList$Itr@50001974)
OBJ 50000190 (sz=32, trace=301763, class=Line@50006f05)
OBJ 50000191 (sz=16, trace=301715, class=java.lang.Integer@5000010c)
OBJ 50000194 (sz=16, trace=300016, class=java.lang.invoke.MethodHandleImpl$2@50000193)
OBJ 50000196 (sz=16, trace=300018, class=java.lang.invoke.MethodHandleImpl$3@50000195)
ARR 50000198 (sz=24, trace=300019, nelems=0, elem type=java.lang.invoke.MethodHandle[]@50000197)
ARR 50000199 (sz=16, trace=300020, nelems=0, elem type=java.lang.Object[]@5000010a)
ARR 5000019a (sz=1040, trace=300021, nelems=0, elem type=java.lang.invoke.MethodHandle[]@50000197)
ARR 5000019f (sz=24, trace=300024, nelems=0, elem type=java.lang.ClassValue$Entry[]@5000019e)
OBJ 500001a0 (sz=16, trace=300025, class=java.util.concurrent.atomic.AtomicInteger@500000c8)
OBJ 500001a1 (sz=16, trace=300026, class=java.lang.Object@50000173)
OBJ 500001a2 (sz=24, trace=300027, class=java.lang.invoke.MethodHandleImpl$4@5000019c)
	identity	500001a4
	version		500001a6
OBJ 500001a4 (sz=16, trace=300029, class=java.lang.ClassValue$Identity@500001a3)
OBJ 500001a6 (sz=24, trace=300031, class=java.lang.ClassValue$Version@500001a5)
	classValue	500001a2
	promise		500001a8
OBJ 500001a7 (sz=32, trace=300032, class=java.lang.ClassValue$Entry@5000019d)
	queue		5000962b
OBJ 500001a8 (sz=32, trace=300033, class=java.lang.ClassValue$Entry@5000019d)
	referent	500001a6
	queue		5000962b
	value		500001a8
OBJ 500001aa (sz=16, trace=300035, class=java.lang.invoke.MemberName$Factory@500001a9)
ARR 500001ac (sz=24, trace=301762, nelems=0, elem type=int[])
OBJ 500001ae (sz=32, trace=301713, class=java.util.ArrayList$Itr@50001974)
OBJ 500001af (sz=56, trace=300040, class=java.lang.Class$ReflectionData@500000b6)
OBJ 500001b0 (sz=40, trace=300041, class=java.lang.ref.SoftReference@50000153)
OBJ 500001b1 (sz=32, trace=301763, class=Line@50006f05)
OBJ 500001b2 (sz=376, trace=300001, class=java.lang.Thread@5000014c)
OBJ 500001b3 (sz=16, trace=300002, class=java.lang.Object@50000173)
ARR 500001b4 (sz=48, trace=300003, nelems=0, elem type=char[])
OBJ 500001b7 (sz=16, trace=300044, class=java.lang.Object@50000173)
OBJ 500001b9 (sz=56, trace=300040, class=java.lang.Class$ReflectionData@500000b6)
OBJ 500001ba (sz=40, trace=300041, class=java.lang.ref.SoftReference@50000153)
ARR 500001bb (sz=24, trace=301762, nelems=0, elem type=int[])
OBJ 500001bc (sz=16, trace=300046, class=java.util.concurrent.atomic.AtomicBoolean@500001b8)
OBJ 500001be (sz=32, trace=301713, class=java.util.ArrayList$Itr@50001974)
OBJ 500001bf (sz=32, trace=301763, class=Line@50006f05)
OBJ 500001c0 (sz=16, trace=301715, class=java.lang.Integer@5000010c)
ARR 500001c1 (sz=24, trace=301762, nelems=0, elem type=int[])
OBJ 500001c2 (sz=32, trace=301713, class=java.util.ArrayList$Itr@50001974)
OBJ 500001c3 (sz=32, trace=301763, class=Line@50006f05)
OBJ 500001c4 (sz=16, trace=301715, class=java.lang.Integer@5000010c)
ARR 500001c5 (sz=24, trace=301762, nelems=0, elem type=int[])
OBJ 500001c6 (sz=32, trace=301713, class=java.util.ArrayList$Itr@50001974)
OBJ 500001c8 (sz=32, trace=301763, class=Line@50006f05)
OBJ 500001c9 (sz=16, trace=301715, class=java.lang.Integer@5000010c)
ARR 500001ca (sz=24, trace=301762, nelems=0, elem type=int[])
OBJ 500001cb (sz=32, trace=301713, class=java.util.ArrayList$Itr@50001974)
OBJ 500001cc (sz=32, trace=301763, class=Line@50006f05)
OBJ 500001cd (sz=16, trace=301715, class=java.lang.Integer@5000010c)
ARR 500001ce (sz=24, trace=301762, nelems=0, elem type=int[])
OBJ 500001cf (sz=32, trace=301713, class=java.util.ArrayList$Itr@50001974)
OBJ 500001d0 (sz=32, trace=301763, class=Line@50006f05)
ARR 500001d1 (sz=24, trace=301762, nelems=0, elem type=int[])
OBJ 500001d2 (sz=32, trace=301713, class=java.util.ArrayList$Itr@50001974)
OBJ 500001d3 (sz=32, trace=301763, class=Line@50006f05)
OBJ 500001d4 (sz=16, trace=301715, class=java.lang.Integer@5000010c)
ARR 500001d5 (sz=24, trace=301762, nelems=0, elem type=int[])
OBJ 500001d6 (sz=32, trace=301713, class=java.util.ArrayList$Itr@50001974)
OBJ 500001d7 (sz=32, trace=301763, class=Line@50006f05)
OBJ 500001d9 (sz=16, trace=301715, class=java.lang.Integer@5000010c)
ARR 500001da (sz=24, trace=301762, nelems=0, elem type=int[])
OBJ 500001db (sz=32, trace=301713, class=java.util.ArrayList$Itr@50001974)
OBJ 500001dc (sz=32, trace=301763, class=Line@50006f05)
OBJ 500001dd (sz=16, trace=301715, class=java.lang.Integer@5000010c)
ARR 500001de (sz=24, trace=301762, nelems=0, elem type=int[])
OBJ 500001df (sz=32, trace=301713, class=java.util.ArrayList$Itr@50001974)
OBJ 500001e0 (sz=32, trace=301763, class=Line@50006f05)
OBJ 500001e1 (sz=16, trace=301715, class=java.lang.Integer@5000010c)
ARR 500001e2 (sz=24, trace=301762, nelems=0, elem type=int[])
OBJ 500001e3 (sz=32, trace=301713, class=java.util.ArrayList$Itr@50001974)
OBJ 500001e4 (sz=32, trace=301763, class=Line@50006f05)
OBJ 500001e5 (sz=16, trace=301715, class=java.lang.Integer@5000010c)
ARR 500001e6 (sz=24, trace=301762, nelems=0, elem type=int[])
OBJ 500001e7 (sz=32, trace=301713, class=java.util.ArrayList$Itr@50001974)
OBJ 500001e8 (sz=32, trace=301763, class=Line@50006f05)
OBJ 500001e9 (sz=16, trace=301715, class=java.lang.Integer@5000010c)
OBJ 500001ea (sz=24, trace=300079, class=java.io.ExpiringCache$Entry@5000005b)
	val		5000981a
OBJ 500001eb (sz=40, trace=300080, class=java.util.LinkedHashMap$Entry@5000005a)
	key		5000973c
	value		500001ea
	before		500097c9
	after		50001423
ARR 500001ec (sz=24, trace=301762, nelems=0, elem type=int[])
OBJ 500001ed (sz=32, trace=301713, class=java.util.ArrayList$Itr@50001974)
OBJ 500001ee (sz=32, trace=301763, class=Line@50006f05)
OBJ 500001ef (sz=16, trace=301715, class=java.lang.Integer@5000010c)
ARR 500001f0 (sz=24, trace=301762, nelems=0, elem type=int[])
OBJ 500001f1 (sz=32, trace=301713, class=java.util.ArrayList$Itr@50001974)
OBJ 500001f2 (sz=32, trace=301763, class=Line@50006f05)
OBJ 500001f3 (sz=16, trace=301715, class=java.lang.Integer@5000010c)
ARR 500001f4 (sz=24, trace=301762, nelems=0, elem type=int[])
OBJ 500001f5 (sz=32, trace=301713, class=java.util.ArrayList$Itr@50001974)
OBJ 500001f6 (sz=32, trace=301763, class=Line@50006f05)
OBJ 500001f7 (sz=16, trace=301715, class=java.lang.Integer@5000010c)
ARR 500001f8 (sz=24, trace=301762, nelems=0, elem type=int[])
OBJ 500001f9 (sz=32, trace=301713, class=java.util.ArrayList$Itr@50001974)
OBJ 500001fa (sz=32, trace=301763, class=Line@50006f05)
OBJ 500001fb (sz=16, trace=301715, class=java.lang.Integer@5000010c)
ARR 500001fc (sz=24, trace=301762, nelems=0, elem type=int[])
OBJ 500001fd (sz=24, trace=300094, class=java.lang.String@5000016f)
ARR 500001fe (sz=128, trace=300095, nelems=0, elem type=char[])
OBJ 500001ff (sz=32, trace=301713, class=java.util.ArrayList$Itr@50001974)
OBJ 50000200 (sz=32, trace=301763, class=Line@50006f05)
OBJ 50000201 (sz=16, trace=301715, class=java.lang.Integer@5000010c)
ARR 50000202 (sz=24, trace=301762, nelems=0, elem type=int[])
OBJ 50000203 (sz=32, trace=300096, class=java.io.FileOutputStream@50000082)
OBJ 50000204 (sz=32, trace=301713, class=java.util.ArrayList$Itr@50001974)
OBJ 50000205 (sz=16, trace=300098, class=java.lang.Object@50000173)
OBJ 50000206 (sz=32, trace=300099, class=java.io.FileDescriptor@50000088)
OBJ 50000207 (sz=32, trace=301763, class=Line@50006f05)
OBJ 50000208 (sz=16, trace=301715, class=java.lang.Integer@5000010c)
ARR 50000209 (sz=24, trace=301762, nelems=0, elem type=int[])
OBJ 5000020a (sz=32, trace=301713, class=java.util.ArrayList$Itr@50001974)
OBJ 5000020b (sz=32, trace=301763, class=Line@50006f05)
OBJ 5000020c (sz=16, trace=301715, class=java.lang.Integer@5000010c)
ARR 5000020d (sz=24, trace=301762, nelems=0, elem type=int[])
OBJ 5000020e (sz=32, trace=301713, class=java.util.ArrayList$Itr@50001974)
OBJ 5000020f (sz=32, trace=301763, class=Line@50006f05)
ARR 50000210 (sz=24, trace=301762, nelems=0, elem type=int[])
OBJ 50000212 (sz=32, trace=301713, class=java.util.ArrayList$Itr@50001974)
OBJ 50000213 (sz=376, trace=300000, class=java.lang.Thread@5000014c)
OBJ 50000215 (sz=24, trace=300108, class=sun.launcher.LauncherHelper@50000214)
	name		5000a7f0
ARR 50000217 (sz=24, trace=300109, nelems=1, elem type=sun.launcher.LauncherHelper[]@50000216)
	[0]		50000215
OBJ 50000218 (sz=24, trace=300110, class=java.lang.StringBuilder@50000123)
	value		50000219
ARR 50000219 (sz=32, trace=300111, nelems=16, elem type=char[])
OBJ 5000021a (sz=24, trace=300112, class=java.lang.String@5000016f)
	value		5000021b
ARR 5000021b (sz=90, trace=300113, nelems=45, elem type=char[])
OBJ 5000021c (sz=16, trace=300114, class=java.lang.Object@50000173)
OBJ 5000021d (sz=32, trace=301763, class=Line@50006f05)
ARR 5000021e (sz=24, trace=301762, nelems=0, elem type=int[])
OBJ 5000021f (sz=16, trace=300117, class=java.lang.Object@50000173)
OBJ 50000220 (sz=32, trace=301713, class=java.util.ArrayList$Itr@50001974)
OBJ 50000221 (sz=32, trace=301763, class=Line@50006f05)
OBJ 50000223 (sz=16, trace=301715, class=java.lang.Integer@5000010c)
ARR 50000224 (sz=24, trace=301762, nelems=0, elem type=int[])
OBJ 50000225 (sz=32, trace=301713, class=java.util.ArrayList$Itr@50001974)
OBJ 50000226 (sz=32, trace=301763, class=Line@50006f05)
OBJ 50000227 (sz=16, trace=301715, class=java.lang.Integer@5000010c)
ARR 50000229 (sz=24, trace=301762, nelems=0, elem type=int[])
OBJ 5000022a (sz=32, trace=301713, class=java.util.ArrayList$Itr@50001974)
OBJ 5000022b (sz=32, trace=301763, class=Line@50006f05)
OBJ 5000022c (sz=24, trace=300127, class=java.lang.String@5000016f)
	value		5000022d
ARR 5000022d (sz=114, trace=300128, nelems=57, elem type=char[])
OBJ 5000022f (sz=16, trace=301715, class=java.lang.Integer@5000010c)
OBJ 50000236 (sz=16, trace=300134, class=java.util.zip.ZipFile$1@50000235)
ARR 50000237 (sz=24, trace=301762, nelems=0, elem type=int[])
OBJ 50000238 (sz=32, trace=301713, class=java.util.ArrayList$Itr@50001974)
ARR 50000239 (sz=32, trace=300137, nelems=3, elem type=java.io.ObjectStreamField[]@500000fc)
	[0]		5000023a
	[1]		5000023f
	[2]		50000244
OBJ 5000023a (sz=40, trace=300138, class=java.io.ObjectStreamField@500000fe)
	name		50009662
	signature	5000023d
	type		5000017a
OBJ 5000023b (sz=32, trace=301763, class=Line@50006f05)
ARR 5000023c (sz=24, trace=301762, nelems=0, elem type=int[])
OBJ 5000023d (sz=24, trace=300141, class=java.lang.String@5000016f)
	value		5000023e
ARR 5000023e (sz=4, trace=300142, nelems=2, elem type=char[])
OBJ 5000023f (sz=40, trace=300143, class=java.io.ObjectStreamField@500000fe)
	name		50009a27
	signature	50009a2a
	type		50009582
OBJ 50000240 (sz=32, trace=301713, class=java.util.ArrayList$Itr@50001974)
OBJ 50000241 (sz=32, trace=301763, class=Line@50006f05)
OBJ 50000242 (sz=16, trace=301715, class=java.lang.Integer@5000010c)
ARR 50000243 (sz=24, trace=301762, nelems=0, elem type=int[])
OBJ 50000244 (sz=40, trace=300144, class=java.io.ObjectStreamField@500000fe)
	name		50009a28
	signature	50000247
	type		50009588
OBJ 50000245 (sz=32, trace=301713, class=java.util.ArrayList$Itr@50001974)
OBJ 50000246 (sz=32, trace=301763, class=Line@50006f05)
OBJ 50000247 (sz=24, trace=300141, class=java.lang.String@5000016f)
	value		50000248
ARR 50000248 (sz=2, trace=300142, nelems=1, elem type=char[])
OBJ 50000249 (sz=16, trace=301715, class=java.lang.Integer@5000010c)
ARR 5000024a (sz=24, trace=301762, nelems=0, elem type=int[])
OBJ 5000024b (sz=32, trace=301713, class=java.util.ArrayList$Itr@50001974)
OBJ 5000024c (sz=32, trace=301763, class=Line@50006f05)
OBJ 5000024d (sz=16, trace=301715, class=java.lang.Integer@5000010c)
ARR 5000024e (sz=24, trace=301762, nelems=0, elem type=int[])
OBJ 5000024f (sz=24, trace=300149, class=java.lang.String@5000016f)
	value		50000250
ARR 50000250 (sz=114, trace=300150, nelems=57, elem type=char[])
OBJ 50000251 (sz=64, trace=300151, class=java.net.URL@5000011b)
	protocol	50009a58
	host		500095b3
	file		5000024f
	authority	500095b3
	path		5000024f
	handler		50009ff0
OBJ 50000252 (sz=32, trace=301713, class=java.util.ArrayList$Itr@50001974)
OBJ 50000253 (sz=48, trace=300153, class=sun.misc.URLClassPath$JarLoader@50000231)
	base		50000251
	jar		500002b9
	csu		50009ff6
	handler		50009ff0
	lmap		50009ff1
OBJ 50000254 (sz=32, trace=301763, class=Line@50006f05)
OBJ 50000256 (sz=16, trace=301715, class=java.lang.Integer@5000010c)
ARR 50000258 (sz=24, trace=301762, nelems=0, elem type=int[])
OBJ 50000259 (sz=32, trace=301713, class=java.util.ArrayList$Itr@50001974)
OBJ 5000025a (sz=32, trace=301763, class=Line@50006f05)
OBJ 5000025b (sz=16, trace=301715, class=java.lang.Integer@5000010c)
ARR 5000025c (sz=24, trace=301762, nelems=0, elem type=int[])
OBJ 5000025d (sz=32, trace=301713, class=java.util.ArrayList$Itr@50001974)
OBJ 50000261 (sz=16, trace=300162, class=java.util.jar.JavaUtilJarAccessImpl@50000260)
ARR 50000262 (sz=20, trace=300163, nelems=10, elem type=char[])
ARR 50000263 (sz=512, trace=300164, nelems=128, elem type=int[])
ARR 50000264 (sz=40, trace=300165, nelems=10, elem type=int[])
OBJ 50000265 (sz=32, trace=301763, class=Line@50006f05)
OBJ 50000267 (sz=16, trace=301715, class=java.lang.Integer@5000010c)
ARR 50000268 (sz=24, trace=301762, nelems=0, elem type=int[])
OBJ 50000269 (sz=32, trace=301713, class=java.util.ArrayList$Itr@50001974)
OBJ 5000026b (sz=24, trace=300172, class=sun.nio.cs.US_ASCII@5000026a)
	name		50009e1d
	aliases		50009e1c
OBJ 5000026c (sz=32, trace=301763, class=Line@50006f05)
OBJ 5000026d (sz=16, trace=301715, class=java.lang.Integer@5000010c)
ARR 5000026e (sz=24, trace=301762, nelems=0, elem type=int[])
OBJ 5000026f (sz=32, trace=301713, class=java.util.ArrayList$Itr@50001974)
OBJ 50000270 (sz=32, trace=301763, class=Line@50006f05)
ARR 50000271 (sz=24, trace=301762, nelems=0, elem type=int[])
OBJ 50000272 (sz=32, trace=301713, class=java.util.ArrayList$Itr@50001974)
OBJ 50000273 (sz=32, trace=301763, class=Line@50006f05)
OBJ 50000274 (sz=16, trace=301715, class=java.lang.Integer@5000010c)
ARR 50000276 (sz=24, trace=301762, nelems=0, elem type=int[])
OBJ 50000277 (sz=56, trace=300180, class=java.lang.Class$ReflectionData@500000b6)
OBJ 50000278 (sz=40, trace=300041, class=java.lang.ref.SoftReference@50000153)
OBJ 50000279 (sz=80, trace=300181, class=java.lang.reflect.Constructor@5000013f)
OBJ 5000027a (sz=32, trace=301713, class=java.util.ArrayList$Itr@50001974)
OBJ 5000027b (sz=24, trace=300183, class=sun.reflect.NativeConstructorAccessorImpl@5000009f)
OBJ 5000027c (sz=16, trace=300184, class=sun.reflect.DelegatingConstructorAccessorImpl@5000009e)
OBJ 5000027d (sz=24, trace=300185, class=sun.nio.cs.ISO_8859_1@50000275)
	name		50009eea
	aliases		50009e82
OBJ 5000027e (sz=32, trace=301763, class=Line@50006f05)
OBJ 5000027f (sz=16, trace=301715, class=java.lang.Integer@5000010c)
ARR 50000280 (sz=24, trace=301762, nelems=0, elem type=int[])
OBJ 50000281 (sz=32, trace=301713, class=java.util.ArrayList$Itr@50001974)
OBJ 50000282 (sz=32, trace=301763, class=Line@50006f05)
OBJ 50000283 (sz=16, trace=301715, class=java.lang.Integer@5000010c)
ARR 50000284 (sz=24, trace=301762, nelems=0, elem type=int[])
OBJ 50000285 (sz=32, trace=301713, class=java.util.ArrayList$Itr@50001974)
OBJ 50000286 (sz=32, trace=301763, class=Line@50006f05)
OBJ 50000287 (sz=16, trace=301715, class=java.lang.Integer@5000010c)
ARR 50000288 (sz=24, trace=301762, nelems=0, elem type=int[])
OBJ 50000289 (sz=32, trace=301713, class=java.util.ArrayList$Itr@50001974)
OBJ 5000028a (sz=32, trace=301763, class=Line@50006f05)
OBJ 5000028c (sz=16, trace=301715, class=java.lang.Integer@5000010c)
OBJ 5000028d (sz=56, trace=300180, class=java.lang.Class$ReflectionData@500000b6)
OBJ 5000028e (sz=40, trace=300041, class=java.lang.ref.SoftReference@50000153)
OBJ 5000028f (sz=80, trace=300181, class=java.lang.reflect.Constructor@5000013f)
ARR 50000290 (sz=24, trace=301762, nelems=0, elem type=int[])
OBJ 50000291 (sz=24, trace=300183, class=sun.reflect.NativeConstructorAccessorImpl@5000009f)
OBJ 50000292 (sz=16, trace=300184, class=sun.reflect.DelegatingConstructorAccessorImpl@5000009e)
OBJ 50000293 (sz=24, trace=300186, class=sun.nio.cs.UTF_16BE@5000028b)
	name		50009eec
	aliases		50009e8a
OBJ 50000294 (sz=32, trace=301713, class=java.util.ArrayList$Itr@50001974)
OBJ 50000295 (sz=32, trace=301763, class=Line@50006f05)
ARR 50000296 (sz=24, trace=301762, nelems=0, elem type=int[])
OBJ 50000297 (sz=32, trace=301713, class=java.util.ArrayList$Itr@50001974)
OBJ 50000298 (sz=32, trace=301763, class=Line@50006f05)
OBJ 50000299 (sz=16, trace=301715, class=java.lang.Integer@5000010c)
ARR 5000029a (sz=24, trace=301762, nelems=0, elem type=int[])
OBJ 5000029b (sz=32, trace=301713, class=java.util.ArrayList$Itr@50001974)
OBJ 5000029c (sz=32, trace=301763, class=Line@50006f05)
OBJ 5000029e (sz=16, trace=301715, class=java.lang.Integer@5000010c)
OBJ 5000029f (sz=56, trace=300180, class=java.lang.Class$ReflectionData@500000b6)
OBJ 500002a0 (sz=40, trace=300041, class=java.lang.ref.SoftReference@50000153)
OBJ 500002a1 (sz=80, trace=300181, class=java.lang.reflect.Constructor@5000013f)
ARR 500002a2 (sz=24, trace=301762, nelems=0, elem type=int[])
OBJ 500002a3 (sz=24, trace=300183, class=sun.reflect.NativeConstructorAccessorImpl@5000009f)
OBJ 500002a4 (sz=16, trace=300184, class=sun.reflect.DelegatingConstructorAccessorImpl@5000009e)
OBJ 500002a5 (sz=24, trace=300187, class=sun.nio.cs.UTF_16LE@5000029d)
	name		50009ef6
	aliases		50009e89
OBJ 500002a6 (sz=32, trace=301713, class=java.util.ArrayList$Itr@50001974)
OBJ 500002a7 (sz=32, trace=301763, class=Line@50006f05)
ARR 500002a8 (sz=24, trace=301762, nelems=0, elem type=int[])
OBJ 500002a9 (sz=32, trace=301713, class=java.util.ArrayList$Itr@50001974)
OBJ 500002aa (sz=32, trace=301763, class=Line@50006f05)
OBJ 500002ab (sz=16, trace=301715, class=java.lang.Integer@5000010c)
ARR 500002ac (sz=24, trace=301762, nelems=0, elem type=int[])
OBJ 500002ad (sz=32, trace=301713, class=java.util.ArrayList$Itr@50001974)
OBJ 500002ae (sz=32, trace=301763, class=Line@50006f05)
OBJ 500002b0 (sz=16, trace=301715, class=java.lang.Integer@5000010c)
OBJ 500002b1 (sz=56, trace=300180, class=java.lang.Class$ReflectionData@500000b6)
OBJ 500002b2 (sz=40, trace=300041, class=java.lang.ref.SoftReference@50000153)
OBJ 500002b3 (sz=80, trace=300181, class=java.lang.reflect.Constructor@5000013f)
ARR 500002b4 (sz=24, trace=301762, nelems=0, elem type=int[])
OBJ 500002b5 (sz=24, trace=300183, class=sun.reflect.NativeConstructorAccessorImpl@5000009f)
OBJ 500002b6 (sz=16, trace=300184, class=sun.reflect.DelegatingConstructorAccessorImpl@5000009e)
OBJ 500002b7 (sz=24, trace=300188, class=sun.nio.cs.UTF_16@500002af)
	name		50009eef
	aliases		50009e8b
OBJ 500002b8 (sz=32, trace=301713, class=java.util.ArrayList$Itr@50001974)
OBJ 500002b9 (sz=64, trace=300189, class=java.util.jar.JarFile@5000025e)
	name		5000a04b
	zc		500002c5
	streams		500002bb
	inflaterCache	500002c2
	manEntry	50000324
OBJ 500002ba (sz=40, trace=300097, class=java.lang.ref.Finalizer@5000014e)
	referent	500002b9
	queue		5000945f
	next		5000a77c
	prev		5000038a
OBJ 500002bb (sz=48, trace=300190, class=java.util.WeakHashMap@500000ac)
	table		500002be
	queue		500002bc
OBJ 500002bc (sz=32, trace=300191, class=java.lang.ref.ReferenceQueue@500000de)
	lock		500002bd
OBJ 500002bd (sz=16, trace=300192, class=java.lang.ref.ReferenceQueue$Lock@500000dc)
ARR 500002be (sz=80, trace=300193, nelems=0, elem type=java.util.WeakHashMap$Entry[]@50000045)
OBJ 500002c2 (sz=24, trace=300195, class=java.util.ArrayDeque@500002c1)
	elements	500002c3
ARR 500002c3 (sz=80, trace=300196, nelems=0, elem type=java.lang.Object[]@5000010a)
OBJ 500002c5 (sz=32, trace=300198, class=java.util.zip.ZipCoder@500002c4)
	cs		50009acb
	enc		500002ea
OBJ 500002c6 (sz=32, trace=301763, class=Line@50006f05)
OBJ 500002c7 (sz=16, trace=301715, class=java.lang.Integer@5000010c)
ARR 500002c8 (sz=24, trace=301762, nelems=0, elem type=int[])
OBJ 500002c9 (sz=32, trace=301713, class=java.util.ArrayList$Itr@50001974)
OBJ 500002cc (sz=32, trace=301763, class=Line@50006f05)
OBJ 500002ce (sz=16, trace=300205, class=sun.misc.Perf@500002cd)
OBJ 500002d0 (sz=24, trace=300207, class=sun.misc.PerfCounter@500002ca)
	name		50009ab2
	lb		500002d8
ARR 500002d4 (sz=24, trace=301762, nelems=0, elem type=int[])
OBJ 500002d5 (sz=64, trace=300210, class=java.nio.DirectByteBuffer@500002d3)
OBJ 500002d8 (sz=56, trace=300212, class=java.nio.DirectLongBufferU@500002d7)
	att		500002d5
OBJ 500002d9 (sz=24, trace=300213, class=sun.misc.PerfCounter@500002ca)
	name		50009ab3
	lb		500002db
OBJ 500002da (sz=64, trace=300210, class=java.nio.DirectByteBuffer@500002d3)
OBJ 500002db (sz=56, trace=300212, class=java.nio.DirectLongBufferU@500002d7)
	att		500002da
OBJ 500002dc (sz=24, trace=300214, class=sun.misc.PerfCounter@500002ca)
	name		50009ab4
	lb		500002de
OBJ 500002dd (sz=64, trace=300210, class=java.nio.DirectByteBuffer@500002d3)
OBJ 500002de (sz=56, trace=300212, class=java.nio.DirectLongBufferU@500002d7)
	att		500002dd
OBJ 500002df (sz=24, trace=300215, class=sun.misc.PerfCounter@500002ca)
	name		50009ab5
	lb		500002e1
OBJ 500002e0 (sz=64, trace=300210, class=java.nio.DirectByteBuffer@500002d3)
OBJ 500002e1 (sz=56, trace=300212, class=java.nio.DirectLongBufferU@500002d7)
	att		500002e0
OBJ 500002e2 (sz=24, trace=300216, class=sun.misc.PerfCounter@500002ca)
	name		50009ab6
	lb		500002e4
OBJ 500002e3 (sz=64, trace=300210, class=java.nio.DirectByteBuffer@500002d3)
OBJ 500002e4 (sz=56, trace=300212, class=java.nio.DirectLongBufferU@500002d7)
	att		500002e3
OBJ 500002e5 (sz=24, trace=300217, class=sun.misc.PerfCounter@500002ca)
	name		50009ab7
	lb		500002e7
OBJ 500002e6 (sz=64, trace=300210, class=java.nio.DirectByteBuffer@500002d3)
OBJ 500002e7 (sz=56, trace=300212, class=java.nio.DirectLongBufferU@500002d7)
	att		500002e6
OBJ 500002e9 (sz=32, trace=301713, class=java.util.ArrayList$Itr@50001974)
OBJ 500002ea (sz=56, trace=300220, class=sun.nio.cs.UTF_8$Encoder@50000071)
	charset		50009acb
	replacement	500002eb
	malformedInputAction	50009ac2
	unmappableCharacterAction	50009ac2
ARR 500002eb (sz=1, trace=300221, nelems=1, elem type=byte[])
OBJ 500002ec (sz=32, trace=301763, class=Line@50006f05)
OBJ 500002ed (sz=16, trace=301715, class=java.lang.Integer@5000010c)
ARR 500002ee (sz=24, trace=301762, nelems=0, elem type=int[])
OBJ 500002f0 (sz=32, trace=301713, class=java.util.ArrayList$Itr@50001974)
ARR 500002f1 (sz=64, trace=300227, nelems=11, elem type=java.lang.String[]@500000cf)
	[0]		500002f4
	[1]		500002f8
	[2]		500002fc
	[3]		50000300
	[4]		50000304
	[5]		50000308
	[6]		5000030c
	[7]		50009a50
	[8]		50000311
	[9]		50000316
	[10]		5000031b
OBJ 500002f2 (sz=32, trace=301763, class=Line@50006f05)
OBJ 500002f3 (sz=16, trace=301715, class=java.lang.Integer@5000010c)
OBJ 500002f4 (sz=24, trace=300230, class=java.lang.String@5000016f)
	value		500002f5
ARR 500002f5 (sz=14, trace=300231, nelems=7, elem type=char[])
ARR 500002f6 (sz=24, trace=301762, nelems=0, elem type=int[])
OBJ 500002f7 (sz=32, trace=301713, class=java.util.ArrayList$Itr@50001974)
OBJ 500002f8 (sz=24, trace=300234, class=java.lang.String@5000016f)
	value		500002f9
ARR 500002f9 (sz=18, trace=300235, nelems=9, elem type=char[])
OBJ 500002fa (sz=32, trace=301763, class=Line@50006f05)
OBJ 500002fb (sz=16, trace=301715, class=java.lang.Integer@5000010c)
OBJ 500002fc (sz=24, trace=300238, class=java.lang.String@5000016f)
	value		500002fd
ARR 500002fd (sz=16, trace=300239, nelems=8, elem type=char[])
ARR 500002fe (sz=24, trace=301762, nelems=0, elem type=int[])
OBJ 500002ff (sz=32, trace=301713, class=java.util.ArrayList$Itr@50001974)
OBJ 50000300 (sz=24, trace=300242, class=java.lang.String@5000016f)
	value		50000301
ARR 50000301 (sz=26, trace=300243, nelems=13, elem type=char[])
OBJ 50000302 (sz=32, trace=301763, class=Line@50006f05)
OBJ 50000303 (sz=16, trace=301715, class=java.lang.Integer@5000010c)
OBJ 50000304 (sz=24, trace=300246, class=java.lang.String@5000016f)
	value		50000305
ARR 50000305 (sz=20, trace=300247, nelems=10, elem type=char[])
ARR 50000306 (sz=24, trace=301762, nelems=0, elem type=int[])
OBJ 50000307 (sz=32, trace=301713, class=java.util.ArrayList$Itr@50001974)
OBJ 50000308 (sz=24, trace=300250, class=java.lang.String@5000016f)
	value		50000309
ARR 50000309 (sz=20, trace=300251, nelems=10, elem type=char[])
OBJ 5000030a (sz=32, trace=301763, class=Line@50006f05)
OBJ 5000030b (sz=16, trace=301715, class=java.lang.Integer@5000010c)
OBJ 5000030c (sz=24, trace=300254, class=java.lang.String@5000016f)
	value		5000030d
ARR 5000030d (sz=30, trace=300255, nelems=15, elem type=char[])
ARR 5000030e (sz=24, trace=301762, nelems=0, elem type=int[])
OBJ 5000030f (sz=32, trace=301713, class=java.util.ArrayList$Itr@50001974)
OBJ 50000310 (sz=32, trace=301763, class=Line@50006f05)
OBJ 50000311 (sz=24, trace=300258, class=java.lang.String@5000016f)
	value		50000312
ARR 50000312 (sz=62, trace=300259, nelems=31, elem type=char[])
OBJ 50000313 (sz=16, trace=301715, class=java.lang.Integer@5000010c)
ARR 50000314 (sz=24, trace=301762, nelems=0, elem type=int[])
OBJ 50000315 (sz=32, trace=301713, class=java.util.ArrayList$Itr@50001974)
OBJ 50000316 (sz=24, trace=300262, class=java.lang.String@5000016f)
	value		50000317
ARR 50000317 (sz=50, trace=300263, nelems=25, elem type=char[])
OBJ 50000318 (sz=32, trace=301763, class=Line@50006f05)
OBJ 50000319 (sz=16, trace=301715, class=java.lang.Integer@5000010c)
ARR 5000031a (sz=24, trace=301762, nelems=0, elem type=int[])
OBJ 5000031b (sz=24, trace=300266, class=java.lang.String@5000016f)
	value		5000031c
ARR 5000031c (sz=42, trace=300267, nelems=21, elem type=char[])
OBJ 5000031d (sz=32, trace=301713, class=java.util.ArrayList$Itr@50001974)
OBJ 5000031e (sz=32, trace=301763, class=Line@50006f05)
OBJ 5000031f (sz=16, trace=301715, class=java.lang.Integer@5000010c)
ARR 50000321 (sz=24, trace=301762, nelems=0, elem type=int[])
OBJ 50000324 (sz=96, trace=300271, class=java.util.jar.JarFile$JarFileEntry@50000323)
	name		50009a48
	this$0		500002b9
OBJ 50000325 (sz=32, trace=301713, class=java.util.ArrayList$Itr@50001974)
OBJ 50000326 (sz=32, trace=301763, class=Line@50006f05)
OBJ 50000327 (sz=16, trace=301715, class=java.lang.Integer@5000010c)
OBJ 50000329 (sz=56, trace=300276, class=java.util.zip.ZipFile$ZipFileInputStream@50000328)
ARR 5000032a (sz=24, trace=301762, nelems=0, elem type=int[])
OBJ 5000032b (sz=32, trace=301713, class=java.util.ArrayList$Itr@50001974)
OBJ 5000032d (sz=32, trace=301763, class=Line@50006f05)
ARR 5000032e (sz=24, trace=301762, nelems=0, elem type=int[])
OBJ 5000032f (sz=32, trace=301713, class=java.util.ArrayList$Itr@50001974)
OBJ 50000330 (sz=32, trace=301763, class=Line@50006f05)
OBJ 50000331 (sz=16, trace=301715, class=java.lang.Integer@5000010c)
ARR 50000332 (sz=24, trace=301762, nelems=0, elem type=int[])
OBJ 50000333 (sz=32, trace=301713, class=java.util.ArrayList$Itr@50001974)
OBJ 50000334 (sz=32, trace=301763, class=Line@50006f05)
OBJ 50000335 (sz=16, trace=301715, class=java.lang.Integer@5000010c)
ARR 50000336 (sz=24, trace=301762, nelems=0, elem type=int[])
OBJ 50000337 (sz=32, trace=301713, class=java.util.ArrayList$Itr@50001974)
OBJ 50000338 (sz=32, trace=300283, class=java.util.HashMap$Node@500000b9)
	key		5000022c
	value		50000253
OBJ 50000339 (sz=32, trace=301763, class=Line@50006f05)
OBJ 5000033a (sz=16, trace=301715, class=java.lang.Integer@5000010c)
ARR 5000033b (sz=24, trace=301762, nelems=0, elem type=int[])
OBJ 5000033c (sz=32, trace=301713, class=java.util.ArrayList$Itr@50001974)
OBJ 5000033d (sz=32, trace=301763, class=Line@50006f05)
OBJ 5000033e (sz=16, trace=301715, class=java.lang.Integer@5000010c)
ARR 5000033f (sz=24, trace=301762, nelems=0, elem type=int[])
OBJ 50000340 (sz=32, trace=301713, class=java.util.ArrayList$Itr@50001974)
OBJ 50000341 (sz=32, trace=301763, class=Line@50006f05)
OBJ 50000342 (sz=16, trace=301715, class=java.lang.Integer@5000010c)
ARR 50000343 (sz=24, trace=301762, nelems=0, elem type=int[])
OBJ 50000344 (sz=32, trace=301713, class=java.util.ArrayList$Itr@50001974)
OBJ 50000345 (sz=32, trace=301763, class=Line@50006f05)
OBJ 50000346 (sz=16, trace=301715, class=java.lang.Integer@5000010c)
ARR 50000347 (sz=24, trace=301762, nelems=0, elem type=int[])
OBJ 50000348 (sz=32, trace=301713, class=java.util.ArrayList$Itr@50001974)
OBJ 50000349 (sz=32, trace=301763, class=Line@50006f05)
OBJ 5000034a (sz=16, trace=301715, class=java.lang.Integer@5000010c)
ARR 5000034b (sz=24, trace=301762, nelems=0, elem type=int[])
OBJ 5000034c (sz=32, trace=301713, class=java.util.ArrayList$Itr@50001974)
OBJ 5000034d (sz=32, trace=301763, class=Line@50006f05)
OBJ 5000034e (sz=16, trace=301715, class=java.lang.Integer@5000010c)
ARR 5000034f (sz=24, trace=301762, nelems=0, elem type=int[])
OBJ 50000350 (sz=32, trace=301713, class=java.util.ArrayList$Itr@50001974)
OBJ 50000351 (sz=32, trace=301763, class=Line@50006f05)
OBJ 50000352 (sz=16, trace=301715, class=java.lang.Integer@5000010c)
ARR 50000353 (sz=24, trace=301762, nelems=0, elem type=int[])
OBJ 50000354 (sz=32, trace=301713, class=java.util.ArrayList$Itr@50001974)
OBJ 50000355 (sz=32, trace=301763, class=Line@50006f05)
OBJ 50000356 (sz=16, trace=301715, class=java.lang.Integer@5000010c)
ARR 50000357 (sz=24, trace=301762, nelems=0, elem type=int[])
OBJ 50000358 (sz=64, trace=300189, class=java.util.jar.JarFile@5000025e)
OBJ 50000359 (sz=32, trace=301713, class=java.util.ArrayList$Itr@50001974)
OBJ 5000035a (sz=48, trace=300190, class=java.util.WeakHashMap@500000ac)
OBJ 5000035b (sz=32, trace=300191, class=java.lang.ref.ReferenceQueue@500000de)
OBJ 5000035c (sz=16, trace=300192, class=java.lang.ref.ReferenceQueue$Lock@500000dc)
ARR 5000035d (sz=80, trace=300193, nelems=0, elem type=java.util.WeakHashMap$Entry[]@50000045)
OBJ 5000035e (sz=24, trace=300195, class=java.util.ArrayDeque@500002c1)
ARR 5000035f (sz=80, trace=300196, nelems=0, elem type=java.lang.Object[]@5000010a)
OBJ 50000360 (sz=32, trace=300198, class=java.util.zip.ZipCoder@500002c4)
OBJ 50000361 (sz=32, trace=301763, class=Line@50006f05)
OBJ 50000362 (sz=16, trace=301715, class=java.lang.Integer@5000010c)
ARR 50000363 (sz=24, trace=301762, nelems=0, elem type=int[])
OBJ 50000364 (sz=32, trace=301713, class=java.util.ArrayList$Itr@50001974)
OBJ 50000365 (sz=32, trace=301763, class=Line@50006f05)
OBJ 50000366 (sz=16, trace=301715, class=java.lang.Integer@5000010c)
ARR 50000369 (sz=24, trace=301762, nelems=0, elem type=int[])
OBJ 5000036b (sz=32, trace=301713, class=java.util.ArrayList$Itr@50001974)
OBJ 5000036c (sz=32, trace=301763, class=Line@50006f05)
OBJ 5000036d (sz=16, trace=301715, class=java.lang.Integer@5000010c)
ARR 5000036e (sz=24, trace=301762, nelems=0, elem type=int[])
OBJ 5000036f (sz=32, trace=301713, class=java.util.ArrayList$Itr@50001974)
OBJ 50000370 (sz=24, trace=300127, class=java.lang.String@5000016f)
	value		50000371
ARR 50000371 (sz=108, trace=300128, nelems=54, elem type=char[])
OBJ 50000372 (sz=32, trace=301763, class=Line@50006f05)
OBJ 50000373 (sz=16, trace=301715, class=java.lang.Integer@5000010c)
ARR 50000374 (sz=24, trace=301762, nelems=0, elem type=int[])
OBJ 50000375 (sz=32, trace=301713, class=java.util.ArrayList$Itr@50001974)
OBJ 50000376 (sz=32, trace=301763, class=Line@50006f05)
ARR 50000377 (sz=24, trace=301762, nelems=0, elem type=int[])
OBJ 50000378 (sz=32, trace=301713, class=java.util.ArrayList$Itr@50001974)
OBJ 50000379 (sz=32, trace=301763, class=Line@50006f05)
OBJ 5000037a (sz=16, trace=301715, class=java.lang.Integer@5000010c)
OBJ 5000037b (sz=24, trace=300149, class=java.lang.String@5000016f)
	value		5000037c
ARR 5000037c (sz=108, trace=300150, nelems=54, elem type=char[])
OBJ 5000037d (sz=64, trace=300151, class=java.net.URL@5000011b)
	protocol	50009a58
	host		500095b3
	file		5000037b
	authority	500095b3
	path		5000037b
	handler		50009ff0
ARR 5000037e (sz=24, trace=301762, nelems=0, elem type=int[])
OBJ 5000037f (sz=48, trace=300153, class=sun.misc.URLClassPath$JarLoader@50000231)
	base		5000037d
	jar		50000389
	csu		50009ff8
	handler		50009ff0
	lmap		50009ff1
OBJ 50000380 (sz=32, trace=301713, class=java.util.ArrayList$Itr@50001974)
OBJ 50000381 (sz=32, trace=301763, class=Line@50006f05)
OBJ 50000382 (sz=16, trace=301715, class=java.lang.Integer@5000010c)
ARR 50000383 (sz=24, trace=301762, nelems=0, elem type=int[])
OBJ 50000384 (sz=32, trace=301713, class=java.util.ArrayList$Itr@50001974)
OBJ 50000385 (sz=32, trace=301763, class=Line@50006f05)
OBJ 50000386 (sz=16, trace=301715, class=java.lang.Integer@5000010c)
ARR 50000387 (sz=24, trace=301762, nelems=0, elem type=int[])
OBJ 50000388 (sz=32, trace=301713, class=java.util.ArrayList$Itr@50001974)
OBJ 50000389 (sz=64, trace=300189, class=java.util.jar.JarFile@5000025e)
	name		5000a047
	zc		50000391
	streams		5000038b
	inflaterCache	5000038f
	manEntry	500003a0
OBJ 5000038a (sz=40, trace=300097, class=java.lang.ref.Finalizer@5000014e)
	referent	50000389
	queue		5000945f
	next		500002ba
	prev		500003a9
OBJ 5000038b (sz=48, trace=300190, class=java.util.WeakHashMap@500000ac)
	table		5000038e
	queue		5000038c
OBJ 5000038c (sz=32, trace=300191, class=java.lang.ref.ReferenceQueue@500000de)
	lock		5000038d
OBJ 5000038d (sz=16, trace=300192, class=java.lang.ref.ReferenceQueue$Lock@500000dc)
ARR 5000038e (sz=80, trace=300193, nelems=0, elem type=java.util.WeakHashMap$Entry[]@50000045)
OBJ 5000038f (sz=24, trace=300195, class=java.util.ArrayDeque@500002c1)
	elements	50000390
ARR 50000390 (sz=80, trace=300196, nelems=1, elem type=java.lang.Object[]@5000010a)
	[0]		500003a8
OBJ 50000391 (sz=32, trace=300198, class=java.util.zip.ZipCoder@500002c4)
	cs		50009acb
	enc		50000397
OBJ 50000392 (sz=32, trace=301763, class=Line@50006f05)
OBJ 50000393 (sz=16, trace=301715, class=java.lang.Integer@5000010c)
ARR 50000394 (sz=24, trace=301762, nelems=0, elem type=int[])
OBJ 50000395 (sz=32, trace=301713, class=java.util.ArrayList$Itr@50001974)
OBJ 50000396 (sz=32, trace=301763, class=Line@50006f05)
OBJ 50000397 (sz=56, trace=300220, class=sun.nio.cs.UTF_8$Encoder@50000071)
	charset		50009acb
	replacement	50000398
	malformedInputAction	50009ac2
	unmappableCharacterAction	50009ac2
ARR 50000398 (sz=1, trace=300221, nelems=1, elem type=byte[])
OBJ 50000399 (sz=16, trace=301715, class=java.lang.Integer@5000010c)
ARR 5000039a (sz=24, trace=301762, nelems=0, elem type=int[])
OBJ 5000039b (sz=32, trace=301713, class=java.util.ArrayList$Itr@50001974)
OBJ 5000039c (sz=32, trace=301763, class=Line@50006f05)
OBJ 5000039d (sz=16, trace=301715, class=java.lang.Integer@5000010c)
ARR 5000039e (sz=24, trace=301762, nelems=0, elem type=int[])
OBJ 5000039f (sz=32, trace=301713, class=java.util.ArrayList$Itr@50001974)
OBJ 500003a0 (sz=96, trace=300271, class=java.util.jar.JarFile$JarFileEntry@50000323)
	name		50009a48
	this$0		50000389
OBJ 500003a1 (sz=32, trace=301763, class=Line@50006f05)
ARR 500003a2 (sz=24, trace=301762, nelems=0, elem type=int[])
OBJ 500003a3 (sz=32, trace=301713, class=java.util.ArrayList$Itr@50001974)
OBJ 500003a4 (sz=56, trace=300276, class=java.util.zip.ZipFile$ZipFileInputStream@50000328)
OBJ 500003a5 (sz=32, trace=301763, class=Line@50006f05)
ARR 500003a7 (sz=0, trace=300290, nelems=0, elem type=byte[])
OBJ 500003a8 (sz=48, trace=300291, class=java.util.zip.Inflater@500003a6)
	zsRef		500003ab
	buf		500003a7
OBJ 500003a9 (sz=40, trace=300097, class=java.lang.ref.Finalizer@5000014e)
	referent	500003a8
	queue		5000945f
	next		5000038a
	prev		500004d2
OBJ 500003ab (sz=24, trace=300293, class=java.util.zip.ZStreamRef@500003aa)
OBJ 500003ae (sz=56, trace=300295, class=java.util.zip.ZipFile$ZipFileInflaterInputStream@500003ad)
ARR 500003af (sz=24, trace=301762, nelems=0, elem type=int[])
ARR 500003b0 (sz=24, trace=300296, nelems=0, elem type=byte[])
ARR 500003b1 (sz=528, trace=300297, nelems=0, elem type=byte[])
ARR 500003b2 (sz=96, trace=300298, nelems=0, elem type=byte[])
OBJ 500003b3 (sz=32, trace=301713, class=java.util.ArrayList$Itr@50001974)
OBJ 500003b4 (sz=32, trace=301763, class=Line@50006f05)
OBJ 500003b5 (sz=16, trace=301715, class=java.lang.Integer@5000010c)
OBJ 500003b6 (sz=32, trace=300283, class=java.util.HashMap$Node@500000b9)
	key		50000370
	value		5000037f
ARR 500003b7 (sz=24, trace=301762, nelems=0, elem type=int[])
OBJ 500003b8 (sz=32, trace=301713, class=java.util.ArrayList$Itr@50001974)
OBJ 500003b9 (sz=32, trace=301763, class=Line@50006f05)
OBJ 500003ba (sz=16, trace=301715, class=java.lang.Integer@5000010c)
ARR 500003bb (sz=24, trace=301762, nelems=0, elem type=int[])
OBJ 500003bc (sz=32, trace=301713, class=java.util.ArrayList$Itr@50001974)
OBJ 500003bd (sz=24, trace=300127, class=java.lang.String@5000016f)
	value		500003be
ARR 500003be (sz=190, trace=300128, nelems=95, elem type=char[])
OBJ 500003bf (sz=32, trace=301763, class=Line@50006f05)
OBJ 500003c0 (sz=16, trace=301715, class=java.lang.Integer@5000010c)
ARR 500003c1 (sz=24, trace=301762, nelems=0, elem type=int[])
OBJ 500003c2 (sz=32, trace=301713, class=java.util.ArrayList$Itr@50001974)
OBJ 500003c3 (sz=32, trace=301763, class=Line@50006f05)
OBJ 500003c4 (sz=16, trace=301715, class=java.lang.Integer@5000010c)
ARR 500003c5 (sz=24, trace=301762, nelems=0, elem type=int[])
OBJ 500003c6 (sz=32, trace=301713, class=java.util.ArrayList$Itr@50001974)
OBJ 500003c7 (sz=32, trace=301763, class=Line@50006f05)
OBJ 500003c8 (sz=24, trace=300149, class=java.lang.String@5000016f)
	value		500003c9
ARR 500003c9 (sz=190, trace=300150, nelems=95, elem type=char[])
OBJ 500003ca (sz=64, trace=300151, class=java.net.URL@5000011b)
	protocol	50009a58
	host		500095b3
	file		500003c8
	authority	500095b3
	path		500003c8
	handler		50009ff0
OBJ 500003cb (sz=16, trace=301715, class=java.lang.Integer@5000010c)
OBJ 500003cc (sz=48, trace=300153, class=sun.misc.URLClassPath$JarLoader@50000231)
	base		500003ca
	csu		50009ff9
	metaIndex	5000a0e6
	handler		50009ff0
	lmap		50009ff1
ARR 500003cd (sz=24, trace=301762, nelems=0, elem type=int[])
OBJ 500003ce (sz=32, trace=301713, class=java.util.ArrayList$Itr@50001974)
OBJ 500003cf (sz=32, trace=301763, class=Line@50006f05)
OBJ 500003d0 (sz=16, trace=301715, class=java.lang.Integer@5000010c)
ARR 500003d1 (sz=24, trace=301762, nelems=0, elem type=int[])
OBJ 500003d2 (sz=32, trace=300283, class=java.util.HashMap$Node@500000b9)
	key		500003bd
	value		500003cc
OBJ 500003d3 (sz=32, trace=301713, class=java.util.ArrayList$Itr@50001974)
OBJ 500003d4 (sz=32, trace=301763, class=Line@50006f05)
ARR 500003d5 (sz=24, trace=301762, nelems=0, elem type=int[])
OBJ 500003d6 (sz=24, trace=300127, class=java.lang.String@5000016f)
	value		500003d7
ARR 500003d7 (sz=184, trace=300128, nelems=92, elem type=char[])
OBJ 500003d8 (sz=32, trace=301713, class=java.util.ArrayList$Itr@50001974)
OBJ 500003d9 (sz=32, trace=301763, class=Line@50006f05)
OBJ 500003da (sz=16, trace=301715, class=java.lang.Integer@5000010c)
ARR 500003db (sz=24, trace=301762, nelems=0, elem type=int[])
OBJ 500003dc (sz=32, trace=301713, class=java.util.ArrayList$Itr@50001974)
OBJ 500003dd (sz=32, trace=301763, class=Line@50006f05)
OBJ 500003de (sz=16, trace=301715, class=java.lang.Integer@5000010c)
ARR 500003df (sz=24, trace=301762, nelems=0, elem type=int[])
OBJ 500003e0 (sz=32, trace=301713, class=java.util.ArrayList$Itr@50001974)
OBJ 500003e1 (sz=24, trace=300149, class=java.lang.String@5000016f)
	value		500003e2
ARR 500003e2 (sz=184, trace=300150, nelems=92, elem type=char[])
OBJ 500003e3 (sz=64, trace=300151, class=java.net.URL@5000011b)
	protocol	50009a58
	host		500095b3
	file		500003e1
	authority	500095b3
	path		500003e1
	handler		50009ff0
OBJ 500003e4 (sz=32, trace=301763, class=Line@50006f05)
OBJ 500003e5 (sz=48, trace=300153, class=sun.misc.URLClassPath$JarLoader@50000231)
	base		500003e3
	csu		50009ffa
	metaIndex	5000a072
	handler		50009ff0
	lmap		50009ff1
OBJ 500003e6 (sz=16, trace=301715, class=java.lang.Integer@5000010c)
ARR 500003e7 (sz=24, trace=301762, nelems=0, elem type=int[])
OBJ 500003e8 (sz=32, trace=301713, class=java.util.ArrayList$Itr@50001974)
OBJ 500003e9 (sz=32, trace=301763, class=Line@50006f05)
OBJ 500003ea (sz=16, trace=301715, class=java.lang.Integer@5000010c)
OBJ 500003eb (sz=32, trace=300283, class=java.util.HashMap$Node@500000b9)
	key		500003d6
	value		500003e5
ARR 500003ec (sz=24, trace=301762, nelems=0, elem type=int[])
OBJ 500003ed (sz=32, trace=301713, class=java.util.ArrayList$Itr@50001974)
OBJ 500003ee (sz=32, trace=301763, class=Line@50006f05)
OBJ 500003ef (sz=24, trace=300127, class=java.lang.String@5000016f)
	value		500003f0
ARR 500003f0 (sz=188, trace=300128, nelems=94, elem type=char[])
OBJ 500003f1 (sz=16, trace=301715, class=java.lang.Integer@5000010c)
ARR 500003f2 (sz=24, trace=301762, nelems=0, elem type=int[])
OBJ 500003f3 (sz=32, trace=301713, class=java.util.ArrayList$Itr@50001974)
OBJ 500003f4 (sz=32, trace=301763, class=Line@50006f05)
OBJ 500003f5 (sz=16, trace=301715, class=java.lang.Integer@5000010c)
ARR 500003f6 (sz=24, trace=301762, nelems=0, elem type=int[])
OBJ 500003f7 (sz=32, trace=301713, class=java.util.ArrayList$Itr@50001974)
OBJ 500003f8 (sz=32, trace=301763, class=Line@50006f05)
OBJ 500003f9 (sz=16, trace=301715, class=java.lang.Integer@5000010c)
OBJ 500003fa (sz=24, trace=300149, class=java.lang.String@5000016f)
	value		500003fb
ARR 500003fb (sz=188, trace=300150, nelems=94, elem type=char[])
OBJ 500003fc (sz=64, trace=300151, class=java.net.URL@5000011b)
	protocol	50009a58
	host		500095b3
	file		500003fa
	authority	500095b3
	path		500003fa
	handler		50009ff0
ARR 500003fd (sz=24, trace=301762, nelems=0, elem type=int[])
OBJ 500003fe (sz=48, trace=300153, class=sun.misc.URLClassPath$JarLoader@50000231)
	base		500003fc
	csu		50009ffb
	metaIndex	5000a0fa
	handler		50009ff0
	lmap		50009ff1
OBJ 500003ff (sz=32, trace=301713, class=java.util.ArrayList$Itr@50001974)
OBJ 50000400 (sz=32, trace=301763, class=Line@50006f05)
OBJ 50000401 (sz=16, trace=301715, class=java.lang.Integer@5000010c)
ARR 50000402 (sz=24, trace=301762, nelems=0, elem type=int[])
OBJ 50000403 (sz=32, trace=301713, class=java.util.ArrayList$Itr@50001974)
OBJ 50000404 (sz=32, trace=300283, class=java.util.HashMap$Node@500000b9)
	key		500003ef
	value		500003fe
OBJ 50000405 (sz=32, trace=301763, class=Line@50006f05)
OBJ 50000406 (sz=16, trace=301715, class=java.lang.Integer@5000010c)
ARR 50000407 (sz=24, trace=301762, nelems=0, elem type=int[])
OBJ 50000408 (sz=24, trace=300127, class=java.lang.String@5000016f)
	value		50000409
ARR 50000409 (sz=184, trace=300128, nelems=92, elem type=char[])
OBJ 5000040a (sz=32, trace=301713, class=java.util.ArrayList$Itr@50001974)
OBJ 5000040b (sz=32, trace=301763, class=Line@50006f05)
OBJ 5000040c (sz=16, trace=301715, class=java.lang.Integer@5000010c)
ARR 5000040d (sz=24, trace=301762, nelems=0, elem type=int[])
OBJ 5000040e (sz=32, trace=301713, class=java.util.ArrayList$Itr@50001974)
OBJ 5000040f (sz=32, trace=301763, class=Line@50006f05)
OBJ 50000410 (sz=16, trace=301715, class=java.lang.Integer@5000010c)
ARR 50000411 (sz=24, trace=301762, nelems=0, elem type=int[])
OBJ 50000412 (sz=32, trace=301713, class=java.util.ArrayList$Itr@50001974)
OBJ 50000413 (sz=24, trace=300149, class=java.lang.String@5000016f)
	value		50000414
ARR 50000414 (sz=184, trace=300150, nelems=92, elem type=char[])
OBJ 50000415 (sz=64, trace=300151, class=java.net.URL@5000011b)
	protocol	50009a58
	host		500095b3
	file		50000413
	authority	500095b3
	path		50000413
	handler		50009ff0
OBJ 50000416 (sz=32, trace=301763, class=Line@50006f05)
OBJ 50000417 (sz=48, trace=300153, class=sun.misc.URLClassPath$JarLoader@50000231)
	base		50000415
	csu		50009ffc
	metaIndex	5000a085
	handler		50009ff0
	lmap		50009ff1
OBJ 50000418 (sz=16, trace=301715, class=java.lang.Integer@5000010c)
ARR 50000419 (sz=24, trace=301762, nelems=0, elem type=int[])
OBJ 5000041a (sz=32, trace=301713, class=java.util.ArrayList$Itr@50001974)
OBJ 5000041b (sz=32, trace=301763, class=Line@50006f05)
OBJ 5000041c (sz=16, trace=301715, class=java.lang.Integer@5000010c)
OBJ 5000041d (sz=32, trace=300283, class=java.util.HashMap$Node@500000b9)
	key		50000408
	value		50000417
	next		500004b4
ARR 5000041e (sz=24, trace=301762, nelems=0, elem type=int[])
OBJ 5000041f (sz=32, trace=301713, class=java.util.ArrayList$Itr@50001974)
OBJ 50000420 (sz=32, trace=301763, class=Line@50006f05)
OBJ 50000421 (sz=24, trace=300127, class=java.lang.String@5000016f)
	value		50000422
ARR 50000422 (sz=194, trace=300128, nelems=97, elem type=char[])
OBJ 50000423 (sz=16, trace=301715, class=java.lang.Integer@5000010c)
ARR 50000424 (sz=24, trace=301762, nelems=0, elem type=int[])
OBJ 50000425 (sz=32, trace=301713, class=java.util.ArrayList$Itr@50001974)
OBJ 50000426 (sz=32, trace=301763, class=Line@50006f05)
OBJ 50000427 (sz=16, trace=301715, class=java.lang.Integer@5000010c)
ARR 50000428 (sz=24, trace=301762, nelems=0, elem type=int[])
OBJ 50000429 (sz=32, trace=301713, class=java.util.ArrayList$Itr@50001974)
OBJ 5000042a (sz=32, trace=301763, class=Line@50006f05)
OBJ 5000042b (sz=16, trace=301715, class=java.lang.Integer@5000010c)
OBJ 5000042c (sz=24, trace=300149, class=java.lang.String@5000016f)
	value		5000042d
ARR 5000042d (sz=194, trace=300150, nelems=97, elem type=char[])
OBJ 5000042e (sz=64, trace=300151, class=java.net.URL@5000011b)
	protocol	50009a58
	host		500095b3
	file		5000042c
	authority	500095b3
	path		5000042c
	handler		50009ff0
ARR 5000042f (sz=24, trace=301762, nelems=0, elem type=int[])
OBJ 50000430 (sz=48, trace=300153, class=sun.misc.URLClassPath$JarLoader@50000231)
	base		5000042e
	csu		50009ffd
	metaIndex	5000a0c2
	handler		50009ff0
	lmap		50009ff1
OBJ 50000431 (sz=32, trace=301713, class=java.util.ArrayList$Itr@50001974)
OBJ 50000432 (sz=32, trace=301763, class=Line@50006f05)
OBJ 50000433 (sz=16, trace=301715, class=java.lang.Integer@5000010c)
ARR 50000434 (sz=24, trace=301762, nelems=0, elem type=int[])
OBJ 50000435 (sz=32, trace=301713, class=java.util.ArrayList$Itr@50001974)
OBJ 50000436 (sz=32, trace=300299, class=java.util.HashMap$Node@500000b9)
	key		50000421
	value		50000430
OBJ 50000437 (sz=32, trace=301763, class=Line@50006f05)
ARR 50000438 (sz=24, trace=301762, nelems=0, elem type=int[])
OBJ 50000439 (sz=32, trace=301713, class=java.util.ArrayList$Itr@50001974)
OBJ 5000043a (sz=24, trace=300127, class=java.lang.String@5000016f)
	value		5000043b
ARR 5000043b (sz=188, trace=300128, nelems=94, elem type=char[])
OBJ 5000043c (sz=32, trace=301763, class=Line@50006f05)
OBJ 5000043d (sz=16, trace=301715, class=java.lang.Integer@5000010c)
ARR 5000043e (sz=24, trace=301762, nelems=0, elem type=int[])
OBJ 5000043f (sz=32, trace=301713, class=java.util.ArrayList$Itr@50001974)
OBJ 50000440 (sz=32, trace=301763, class=Line@50006f05)
OBJ 50000441 (sz=16, trace=301715, class=java.lang.Integer@5000010c)
ARR 50000442 (sz=24, trace=301762, nelems=0, elem type=int[])
OBJ 50000443 (sz=32, trace=301713, class=java.util.ArrayList$Itr@50001974)
OBJ 50000444 (sz=32, trace=301763, class=Line@50006f05)
OBJ 50000445 (sz=24, trace=300149, class=java.lang.String@5000016f)
	value		50000446
ARR 50000446 (sz=188, trace=300150, nelems=94, elem type=char[])
OBJ 50000447 (sz=64, trace=300151, class=java.net.URL@5000011b)
	protocol	50009a58
	host		500095b3
	file		50000445
	authority	500095b3
	path		50000445
	handler		50009ff0
OBJ 50000448 (sz=16, trace=301715, class=java.lang.Integer@5000010c)
OBJ 50000449 (sz=48, trace=300153, class=sun.misc.URLClassPath$JarLoader@50000231)
	base		50000447
	csu		50009ffe
	metaIndex	5000a0cf
	handler		50009ff0
	lmap		50009ff1
ARR 5000044a (sz=24, trace=301762, nelems=0, elem type=int[])
OBJ 5000044b (sz=32, trace=301713, class=java.util.ArrayList$Itr@50001974)
OBJ 5000044c (sz=32, trace=301763, class=Line@50006f05)
OBJ 5000044d (sz=16, trace=301715, class=java.lang.Integer@5000010c)
ARR 5000044e (sz=24, trace=301762, nelems=0, elem type=int[])
OBJ 5000044f (sz=32, trace=300283, class=java.util.HashMap$Node@500000b9)
	key		5000043a
	value		50000449
OBJ 50000450 (sz=32, trace=301713, class=java.util.ArrayList$Itr@50001974)
OBJ 50000451 (sz=32, trace=301763, class=Line@50006f05)
OBJ 50000452 (sz=16, trace=301715, class=java.lang.Integer@5000010c)
OBJ 50000453 (sz=24, trace=300127, class=java.lang.String@5000016f)
	value		50000454
ARR 50000454 (sz=184, trace=300128, nelems=92, elem type=char[])
ARR 50000455 (sz=24, trace=301762, nelems=0, elem type=int[])
OBJ 50000456 (sz=32, trace=301713, class=java.util.ArrayList$Itr@50001974)
OBJ 50000457 (sz=32, trace=301763, class=Line@50006f05)
OBJ 50000458 (sz=16, trace=301715, class=java.lang.Integer@5000010c)
ARR 50000459 (sz=24, trace=301762, nelems=0, elem type=int[])
OBJ 5000045a (sz=32, trace=301713, class=java.util.ArrayList$Itr@50001974)
OBJ 5000045b (sz=32, trace=301763, class=Line@50006f05)
OBJ 5000045c (sz=16, trace=301715, class=java.lang.Integer@5000010c)
ARR 5000045d (sz=24, trace=301762, nelems=0, elem type=int[])
OBJ 5000045e (sz=24, trace=300149, class=java.lang.String@5000016f)
	value		5000045f
ARR 5000045f (sz=184, trace=300150, nelems=92, elem type=char[])
OBJ 50000460 (sz=64, trace=300151, class=java.net.URL@5000011b)
	protocol	50009a58
	host		500095b3
	file		5000045e
	authority	500095b3
	path		5000045e
	handler		50009ff0
OBJ 50000461 (sz=32, trace=301713, class=java.util.ArrayList$Itr@50001974)
OBJ 50000462 (sz=48, trace=300153, class=sun.misc.URLClassPath$JarLoader@50000231)
	base		50000460
	csu		50009fff
	metaIndex	5000a101
	handler		50009ff0
	lmap		50009ff1
OBJ 50000463 (sz=32, trace=301763, class=Line@50006f05)
OBJ 50000464 (sz=16, trace=301715, class=java.lang.Integer@5000010c)
ARR 50000465 (sz=24, trace=301762, nelems=0, elem type=int[])
OBJ 50000466 (sz=32, trace=301713, class=java.util.ArrayList$Itr@50001974)
OBJ 50000467 (sz=32, trace=301763, class=Line@50006f05)
OBJ 50000468 (sz=32, trace=300283, class=java.util.HashMap$Node@500000b9)
	key		50000453
	value		50000462
	next		50000802
OBJ 50000469 (sz=16, trace=301715, class=java.lang.Integer@5000010c)
ARR 5000046a (sz=24, trace=301762, nelems=0, elem type=int[])
OBJ 5000046b (sz=32, trace=301713, class=java.util.ArrayList$Itr@50001974)
OBJ 5000046c (sz=24, trace=300127, class=java.lang.String@5000016f)
	value		5000046d
ARR 5000046d (sz=204, trace=300128, nelems=102, elem type=char[])
OBJ 5000046e (sz=32, trace=301763, class=Line@50006f05)
ARR 5000046f (sz=24, trace=301762, nelems=0, elem type=int[])
OBJ 50000470 (sz=32, trace=301713, class=java.util.ArrayList$Itr@50001974)
OBJ 50000471 (sz=32, trace=301763, class=Line@50006f05)
OBJ 50000472 (sz=16, trace=301715, class=java.lang.Integer@5000010c)
ARR 50000473 (sz=24, trace=301762, nelems=0, elem type=int[])
OBJ 50000474 (sz=32, trace=301713, class=java.util.ArrayList$Itr@50001974)
OBJ 50000475 (sz=32, trace=301763, class=Line@50006f05)
OBJ 50000476 (sz=16, trace=301715, class=java.lang.Integer@5000010c)
OBJ 50000477 (sz=24, trace=300149, class=java.lang.String@5000016f)
	value		50000478
ARR 50000478 (sz=204, trace=300150, nelems=102, elem type=char[])
OBJ 50000479 (sz=64, trace=300151, class=java.net.URL@5000011b)
	protocol	50009a58
	host		500095b3
	file		50000477
	authority	500095b3
	path		50000477
	handler		50009ff0
ARR 5000047a (sz=24, trace=301762, nelems=0, elem type=int[])
OBJ 5000047b (sz=48, trace=300153, class=sun.misc.URLClassPath$JarLoader@50000231)
	base		50000479
	csu		5000a000
	metaIndex	5000a0ef
	handler		50009ff0
	lmap		50009ff1
OBJ 5000047c (sz=32, trace=301713, class=java.util.ArrayList$Itr@50001974)
OBJ 5000047d (sz=32, trace=301763, class=Line@50006f05)
OBJ 5000047e (sz=16, trace=301715, class=java.lang.Integer@5000010c)
ARR 5000047f (sz=24, trace=301762, nelems=0, elem type=int[])
OBJ 50000480 (sz=32, trace=301713, class=java.util.ArrayList$Itr@50001974)
OBJ 50000481 (sz=32, trace=300283, class=java.util.HashMap$Node@500000b9)
	key		5000046c
	value		5000047b
	next		50000996
OBJ 50000482 (sz=32, trace=301763, class=Line@50006f05)
OBJ 50000483 (sz=16, trace=301715, class=java.lang.Integer@5000010c)
ARR 50000484 (sz=24, trace=301762, nelems=0, elem type=int[])
OBJ 50000485 (sz=24, trace=300127, class=java.lang.String@5000016f)
	value		50000486
ARR 50000486 (sz=192, trace=300128, nelems=96, elem type=char[])
OBJ 50000487 (sz=32, trace=301713, class=java.util.ArrayList$Itr@50001974)
OBJ 50000488 (sz=32, trace=301763, class=Line@50006f05)
OBJ 50000489 (sz=16, trace=301715, class=java.lang.Integer@5000010c)
ARR 5000048a (sz=24, trace=301762, nelems=0, elem type=int[])
OBJ 5000048b (sz=32, trace=301713, class=java.util.ArrayList$Itr@50001974)
OBJ 5000048c (sz=32, trace=301763, class=Line@50006f05)
OBJ 5000048d (sz=16, trace=301715, class=java.lang.Integer@5000010c)
ARR 5000048e (sz=24, trace=301762, nelems=0, elem type=int[])
OBJ 5000048f (sz=32, trace=301713, class=java.util.ArrayList$Itr@50001974)
OBJ 50000490 (sz=24, trace=300149, class=java.lang.String@5000016f)
	value		50000491
ARR 50000491 (sz=192, trace=300150, nelems=96, elem type=char[])
OBJ 50000492 (sz=64, trace=300151, class=java.net.URL@5000011b)
	protocol	50009a58
	host		500095b3
	file		50000490
	authority	500095b3
	path		50000490
	handler		50009ff0
OBJ 50000493 (sz=32, trace=301763, class=Line@50006f05)
OBJ 50000494 (sz=48, trace=300153, class=sun.misc.URLClassPath$JarLoader@50000231)
	base		50000492
	csu		5000a001
	metaIndex	5000a0db
	handler		50009ff0
	lmap		50009ff1
OBJ 50000495 (sz=16, trace=301715, class=java.lang.Integer@5000010c)
ARR 50000496 (sz=24, trace=301762, nelems=0, elem type=int[])
OBJ 50000497 (sz=32, trace=301713, class=java.util.ArrayList$Itr@50001974)
OBJ 50000498 (sz=32, trace=301763, class=Line@50006f05)
OBJ 50000499 (sz=16, trace=301715, class=java.lang.Integer@5000010c)
ARR 5000049a (sz=24, trace=301762, nelems=0, elem type=int[])
OBJ 5000049b (sz=32, trace=300299, class=java.util.HashMap$Node@500000b9)
	key		50000485
	value		50000494
OBJ 5000049c (sz=32, trace=301713, class=java.util.ArrayList$Itr@50001974)
OBJ 5000049d (sz=32, trace=301763, class=Line@50006f05)
OBJ 5000049e (sz=16, trace=301715, class=java.lang.Integer@5000010c)
OBJ 5000049f (sz=24, trace=300127, class=java.lang.String@5000016f)
	value		500004a0
ARR 500004a0 (sz=184, trace=300128, nelems=92, elem type=char[])
ARR 500004a1 (sz=24, trace=301762, nelems=0, elem type=int[])
OBJ 500004a2 (sz=32, trace=301713, class=java.util.ArrayList$Itr@50001974)
OBJ 500004a3 (sz=32, trace=301763, class=Line@50006f05)
ARR 500004a4 (sz=24, trace=301762, nelems=0, elem type=int[])
OBJ 500004a5 (sz=32, trace=301713, class=java.util.ArrayList$Itr@50001974)
OBJ 500004a6 (sz=32, trace=301763, class=Line@50006f05)
OBJ 500004a7 (sz=16, trace=301715, class=java.lang.Integer@5000010c)
ARR 500004a8 (sz=24, trace=301762, nelems=0, elem type=int[])
OBJ 500004a9 (sz=32, trace=301713, class=java.util.ArrayList$Itr@50001974)
OBJ 500004aa (sz=24, trace=300149, class=java.lang.String@5000016f)
	value		500004ab
ARR 500004ab (sz=184, trace=300150, nelems=92, elem type=char[])
OBJ 500004ac (sz=64, trace=300151, class=java.net.URL@5000011b)
	protocol	50009a58
	host		500095b3
	file		500004aa
	authority	500095b3
	path		500004aa
	handler		50009ff0
OBJ 500004ad (sz=32, trace=301763, class=Line@50006f05)
OBJ 500004ae (sz=48, trace=300153, class=sun.misc.URLClassPath$JarLoader@50000231)
	base		500004ac
	csu		5000a002
	metaIndex	5000a07c
	handler		50009ff0
	lmap		50009ff1
OBJ 500004af (sz=16, trace=301715, class=java.lang.Integer@5000010c)
ARR 500004b0 (sz=24, trace=301762, nelems=0, elem type=int[])
OBJ 500004b1 (sz=32, trace=301713, class=java.util.ArrayList$Itr@50001974)
OBJ 500004b2 (sz=32, trace=301763, class=Line@50006f05)
OBJ 500004b3 (sz=16, trace=301715, class=java.lang.Integer@5000010c)
OBJ 500004b4 (sz=32, trace=300299, class=java.util.HashMap$Node@500000b9)
	key		5000049f
	value		500004ae
	next		5000061b
ARR 500004b5 (sz=24, trace=301762, nelems=0, elem type=int[])
OBJ 500004b6 (sz=32, trace=301713, class=java.util.ArrayList$Itr@50001974)
OBJ 500004b7 (sz=32, trace=301763, class=Line@50006f05)
OBJ 500004b8 (sz=16, trace=301715, class=java.lang.Integer@5000010c)
ARR 500004b9 (sz=24, trace=301762, nelems=0, elem type=int[])
OBJ 500004ba (sz=32, trace=301713, class=java.util.ArrayList$Itr@50001974)
OBJ 500004bb (sz=32, trace=301763, class=Line@50006f05)
OBJ 500004bc (sz=16, trace=301715, class=java.lang.Integer@5000010c)
ARR 500004bd (sz=24, trace=301762, nelems=0, elem type=int[])
OBJ 500004be (sz=32, trace=301713, class=java.util.ArrayList$Itr@50001974)
OBJ 500004bf (sz=32, trace=301763, class=Line@50006f05)
OBJ 500004c0 (sz=16, trace=301715, class=java.lang.Integer@5000010c)
ARR 500004c1 (sz=24, trace=301762, nelems=0, elem type=int[])
OBJ 500004c2 (sz=32, trace=301713, class=java.util.ArrayList$Itr@50001974)
OBJ 500004c3 (sz=24, trace=300149, class=java.lang.String@5000016f)
	value		500004c4
ARR 500004c4 (sz=120, trace=300150, nelems=60, elem type=char[])
OBJ 500004c5 (sz=64, trace=300151, class=java.net.URL@5000011b)
	protocol	50009a58
	host		500095b3
	file		500004c3
	authority	500095b3
	path		500004c3
	handler		50009ff0
OBJ 500004c6 (sz=32, trace=301763, class=Line@50006f05)
OBJ 500004c7 (sz=48, trace=300153, class=sun.misc.URLClassPath$JarLoader@50000231)
	base		500004c5
	jar		500004d1
	csu		5000a003
	index		500004fa
	handler		50009ff0
	lmap		50009ff1
OBJ 500004c8 (sz=16, trace=301715, class=java.lang.Integer@5000010c)
ARR 500004c9 (sz=24, trace=301762, nelems=0, elem type=int[])
OBJ 500004ca (sz=32, trace=301713, class=java.util.ArrayList$Itr@50001974)
OBJ 500004cb (sz=32, trace=301763, class=Line@50006f05)
OBJ 500004cc (sz=16, trace=301715, class=java.lang.Integer@5000010c)
ARR 500004cd (sz=24, trace=301762, nelems=0, elem type=int[])
OBJ 500004ce (sz=32, trace=301713, class=java.util.ArrayList$Itr@50001974)
OBJ 500004cf (sz=32, trace=301763, class=Line@50006f05)
OBJ 500004d0 (sz=16, trace=301715, class=java.lang.Integer@5000010c)
OBJ 500004d1 (sz=64, trace=300189, class=java.util.jar.JarFile@5000025e)
	name		5000a031
	zc		500004d9
	streams		500004d3
	inflaterCache	500004d7
OBJ 500004d2 (sz=40, trace=300097, class=java.lang.ref.Finalizer@5000014e)
	referent	500004d1
	queue		5000945f
	next		500003a9
	prev		500004f2
OBJ 500004d3 (sz=48, trace=300190, class=java.util.WeakHashMap@500000ac)
	table		500004d6
	queue		500004d4
OBJ 500004d4 (sz=32, trace=300191, class=java.lang.ref.ReferenceQueue@500000de)
	lock		500004d5
	head		500004f9
OBJ 500004d5 (sz=16, trace=300192, class=java.lang.ref.ReferenceQueue$Lock@500000dc)
ARR 500004d6 (sz=80, trace=300193, nelems=11, elem type=java.util.WeakHashMap$Entry[]@50000045)
	[10]		500004f9
OBJ 500004d7 (sz=24, trace=300195, class=java.util.ArrayDeque@500002c1)
	elements	500004d8
ARR 500004d8 (sz=80, trace=300196, nelems=0, elem type=java.lang.Object[]@5000010a)
OBJ 500004d9 (sz=32, trace=300198, class=java.util.zip.ZipCoder@500002c4)
	cs		50009acb
	enc		500004df
ARR 500004da (sz=24, trace=301762, nelems=0, elem type=int[])
OBJ 500004db (sz=32, trace=301713, class=java.util.ArrayList$Itr@50001974)
OBJ 500004dc (sz=32, trace=301763, class=Line@50006f05)
OBJ 500004dd (sz=16, trace=301715, class=java.lang.Integer@5000010c)
ARR 500004de (sz=24, trace=301762, nelems=0, elem type=int[])
OBJ 500004df (sz=56, trace=300220, class=sun.nio.cs.UTF_8$Encoder@50000071)
	charset		50009acb
	replacement	500004e0
	malformedInputAction	50009ac2
	unmappableCharacterAction	50009ac2
ARR 500004e0 (sz=1, trace=300221, nelems=1, elem type=byte[])
OBJ 500004e1 (sz=32, trace=301713, class=java.util.ArrayList$Itr@50001974)
OBJ 500004e2 (sz=32, trace=301763, class=Line@50006f05)
OBJ 500004e3 (sz=16, trace=301715, class=java.lang.Integer@5000010c)
ARR 500004e4 (sz=24, trace=301762, nelems=0, elem type=int[])
OBJ 500004e5 (sz=32, trace=301713, class=java.util.ArrayList$Itr@50001974)
OBJ 500004e6 (sz=32, trace=301763, class=Line@50006f05)
OBJ 500004e7 (sz=16, trace=301715, class=java.lang.Integer@5000010c)
ARR 500004e8 (sz=24, trace=301762, nelems=0, elem type=int[])
OBJ 500004e9 (sz=32, trace=301713, class=java.util.ArrayList$Itr@50001974)
OBJ 500004ea (sz=32, trace=301763, class=Line@50006f05)
OBJ 500004eb (sz=16, trace=301715, class=java.lang.Integer@5000010c)
ARR 500004ec (sz=24, trace=301762, nelems=0, elem type=int[])
OBJ 500004ed (sz=32, trace=301713, class=java.util.ArrayList$Itr@50001974)
OBJ 500004ee (sz=32, trace=301763, class=Line@50006f05)
OBJ 500004ef (sz=56, trace=300306, class=java.util.zip.ZipFile$ZipFileInputStream@50000328)
OBJ 500004f0 (sz=16, trace=301715, class=java.lang.Integer@5000010c)
OBJ 500004f1 (sz=48, trace=300307, class=java.util.zip.Inflater@500003a6)
	zsRef		500004f3
	buf		500004f8
OBJ 500004f2 (sz=40, trace=300097, class=java.lang.ref.Finalizer@5000014e)
	referent	500004f1
	queue		5000945f
	next		500004d2
	prev		5000055a
OBJ 500004f3 (sz=24, trace=300293, class=java.util.zip.ZStreamRef@500003aa)
OBJ 500004f4 (sz=56, trace=300295, class=java.util.zip.ZipFile$ZipFileInflaterInputStream@500003ad)
ARR 500004f5 (sz=24, trace=301762, nelems=0, elem type=int[])
ARR 500004f6 (sz=24, trace=300308, nelems=0, elem type=byte[])
ARR 500004f7 (sz=528, trace=300309, nelems=0, elem type=byte[])
ARR 500004f8 (sz=72, trace=300310, nelems=72, elem type=byte[])
OBJ 500004f9 (sz=40, trace=300277, class=java.util.WeakHashMap$Entry@50000046)
	queue		5000962e
	next		500004f9
	value		500004f1
OBJ 500004fa (sz=24, trace=300311, class=sun.misc.JarIndex@500002e8)
	indexMap	500004fb
	jarMap		500004fc
	jarFiles	50000525
OBJ 500004fb (sz=48, trace=300312, class=java.util.HashMap@500000ba)
	table		50000517
OBJ 500004fc (sz=48, trace=300313, class=java.util.HashMap@500000ba)
	table		5000051b
OBJ 500004fd (sz=32, trace=301713, class=java.util.ArrayList$Itr@50001974)
OBJ 500004fe (sz=32, trace=301763, class=Line@50006f05)
OBJ 500004ff (sz=16, trace=301715, class=java.lang.Integer@5000010c)
ARR 50000500 (sz=24, trace=301762, nelems=0, elem type=int[])
ARR 50000501 (sz=24, trace=300315, nelems=2, elem type=java.lang.Object[]@5000010a)
	[0]		50009a77
	[1]		50009acb
OBJ 50000502 (sz=32, trace=301713, class=java.util.ArrayList$Itr@50001974)
OBJ 50000503 (sz=32, trace=301763, class=Line@50006f05)
OBJ 50000504 (sz=16, trace=301715, class=java.lang.Integer@5000010c)
ARR 50000505 (sz=24, trace=301762, nelems=0, elem type=int[])
OBJ 50000506 (sz=32, trace=301713, class=java.util.ArrayList$Itr@50001974)
OBJ 50000507 (sz=32, trace=301763, class=Line@50006f05)
OBJ 50000508 (sz=16, trace=301715, class=java.lang.Integer@5000010c)
ARR 50000509 (sz=24, trace=301762, nelems=0, elem type=int[])
OBJ 5000050a (sz=32, trace=301713, class=java.util.ArrayList$Itr@50001974)
OBJ 5000050b (sz=32, trace=301763, class=Line@50006f05)
OBJ 5000050c (sz=16, trace=301715, class=java.lang.Integer@5000010c)
ARR 5000050d (sz=24, trace=301762, nelems=0, elem type=int[])
OBJ 5000050e (sz=24, trace=300325, class=java.lang.String@5000016f)
	value		5000050f
ARR 5000050f (sz=42, trace=300326, nelems=21, elem type=char[])
OBJ 50000510 (sz=24, trace=300327, class=java.lang.String@5000016f)
	value		50000511
ARR 50000511 (sz=10, trace=300326, nelems=5, elem type=char[])
OBJ 50000514 (sz=32, trace=300329, class=java.util.LinkedList@50000513)
	first		50000516
	last		50000516
OBJ 50000516 (sz=24, trace=300331, class=java.util.LinkedList$Node@50000515)
	item		5000050e
ARR 50000517 (sz=80, trace=300332, nelems=2, elem type=java.util.HashMap$Node[]@500000b8)
	[0]		50000521
	[1]		50000518
OBJ 50000518 (sz=32, trace=300283, class=java.util.HashMap$Node@500000b9)
	key		50000510
	value		50000514
OBJ 50000519 (sz=32, trace=300329, class=java.util.LinkedList@50000513)
	first		5000051a
	last		50000522
OBJ 5000051a (sz=24, trace=300331, class=java.util.LinkedList$Node@50000515)
	item		50000510
	next		50000522
ARR 5000051b (sz=80, trace=300332, nelems=1, elem type=java.util.HashMap$Node[]@500000b8)
	[0]		5000051c
OBJ 5000051c (sz=32, trace=300283, class=java.util.HashMap$Node@500000b9)
	key		5000050e
	value		50000519
OBJ 5000051d (sz=24, trace=300327, class=java.lang.String@5000016f)
	value		5000051e
ARR 5000051e (sz=34, trace=300326, nelems=17, elem type=char[])
OBJ 5000051f (sz=32, trace=300329, class=java.util.LinkedList@50000513)
	first		50000520
	last		50000520
OBJ 50000520 (sz=24, trace=300331, class=java.util.LinkedList$Node@50000515)
	item		5000050e
OBJ 50000521 (sz=32, trace=300283, class=java.util.HashMap$Node@500000b9)
	key		5000051d
	value		5000051f
OBJ 50000522 (sz=24, trace=300333, class=java.util.LinkedList$Node@50000515)
	item		5000051d
	prev		5000051a
OBJ 50000523 (sz=32, trace=301713, class=java.util.ArrayList$Itr@50001974)
OBJ 50000524 (sz=32, trace=301763, class=Line@50006f05)
ARR 50000525 (sz=24, trace=300334, nelems=1, elem type=java.lang.String[]@500000cf)
	[0]		5000050e
ARR 50000526 (sz=24, trace=301762, nelems=0, elem type=int[])
OBJ 50000527 (sz=32, trace=301713, class=java.util.ArrayList$Itr@50001974)
OBJ 50000528 (sz=32, trace=301763, class=Line@50006f05)
OBJ 50000529 (sz=16, trace=301715, class=java.lang.Integer@5000010c)
ARR 5000052a (sz=24, trace=301762, nelems=0, elem type=int[])
OBJ 5000052b (sz=32, trace=301713, class=java.util.ArrayList$Itr@50001974)
OBJ 5000052c (sz=32, trace=301763, class=Line@50006f05)
OBJ 5000052d (sz=16, trace=301715, class=java.lang.Integer@5000010c)
ARR 5000052e (sz=24, trace=301762, nelems=0, elem type=int[])
OBJ 5000052f (sz=32, trace=301713, class=java.util.ArrayList$Itr@50001974)
OBJ 50000530 (sz=32, trace=301763, class=Line@50006f05)
ARR 50000531 (sz=24, trace=301762, nelems=0, elem type=int[])
OBJ 50000532 (sz=24, trace=300344, class=java.lang.String@5000016f)
	value		50000533
ARR 50000533 (sz=120, trace=300128, nelems=60, elem type=char[])
OBJ 50000534 (sz=32, trace=300283, class=java.util.HashMap$Node@500000b9)
	key		50000532
	value		500004c7
	next		500008a0
ARR 50000535 (sz=144, trace=300345, nelems=31, elem type=java.util.HashMap$Node[]@500000b8)
	[0]		50000481
	[5]		50000404
	[6]		50000436
	[7]		5000049b
	[11]		50000ac8
	[12]		50000534
	[13]		5000044f
	[14]		50000bbe
	[15]		50000468
	[17]		500003eb
	[18]		50000b44
	[22]		500003b6
	[23]		5000041d
	[26]		500003d2
	[28]		50000581
	[30]		50000338
OBJ 50000536 (sz=32, trace=301713, class=java.util.ArrayList$Itr@50001974)
OBJ 50000537 (sz=32, trace=301763, class=Line@50006f05)
OBJ 50000538 (sz=16, trace=301715, class=java.lang.Integer@5000010c)
ARR 50000539 (sz=24, trace=301762, nelems=0, elem type=int[])
OBJ 5000053a (sz=32, trace=301713, class=java.util.ArrayList$Itr@50001974)
OBJ 5000053b (sz=32, trace=301763, class=Line@50006f05)
OBJ 5000053f (sz=16, trace=301715, class=java.lang.Integer@5000010c)
OBJ 50000540 (sz=24, trace=300127, class=java.lang.String@5000016f)
	value		50000541
ARR 50000541 (sz=98, trace=300128, nelems=49, elem type=char[])
ARR 50000542 (sz=24, trace=301762, nelems=0, elem type=int[])
OBJ 50000543 (sz=32, trace=301713, class=java.util.ArrayList$Itr@50001974)
OBJ 50000544 (sz=32, trace=301763, class=Line@50006f05)
OBJ 5000054b (sz=24, trace=300149, class=java.lang.String@5000016f)
	value		5000054c
ARR 5000054c (sz=98, trace=300150, nelems=49, elem type=char[])
OBJ 5000054d (sz=64, trace=300151, class=java.net.URL@5000011b)
	protocol	50009a58
	host		500095b3
	file		5000054b
	authority	500095b3
	path		5000054b
	handler		50009ff0
OBJ 5000054f (sz=48, trace=300153, class=sun.misc.URLClassPath$JarLoader@50000231)
	base		5000054d
	jar		50000559
	csu		5000a004
	handler		50009ff0
	lmap		50009ff1
ARR 50000553 (sz=24, trace=301762, nelems=0, elem type=int[])
OBJ 50000554 (sz=32, trace=301713, class=java.util.ArrayList$Itr@50001974)
OBJ 50000555 (sz=32, trace=301763, class=Line@50006f05)
ARR 50000556 (sz=24, trace=301762, nelems=0, elem type=int[])
OBJ 50000557 (sz=32, trace=301713, class=java.util.ArrayList$Itr@50001974)
OBJ 50000558 (sz=32, trace=301763, class=Line@50006f05)
OBJ 50000559 (sz=64, trace=300189, class=java.util.jar.JarFile@5000025e)
	name		5000a02f
	zc		50000561
	streams		5000055b
	inflaterCache	5000055f
	manEntry	50000570
OBJ 5000055a (sz=40, trace=300097, class=java.lang.ref.Finalizer@5000014e)
	referent	50000559
	queue		5000945f
	next		500004f2
	prev		50000577
OBJ 5000055b (sz=48, trace=300190, class=java.util.WeakHashMap@500000ac)
	table		5000055e
	queue		5000055c
OBJ 5000055c (sz=32, trace=300191, class=java.lang.ref.ReferenceQueue@500000de)
	lock		5000055d
OBJ 5000055d (sz=16, trace=300192, class=java.lang.ref.ReferenceQueue$Lock@500000dc)
ARR 5000055e (sz=80, trace=300193, nelems=0, elem type=java.util.WeakHashMap$Entry[]@50000045)
OBJ 5000055f (sz=24, trace=300195, class=java.util.ArrayDeque@500002c1)
	elements	50000560
ARR 50000560 (sz=80, trace=300196, nelems=1, elem type=java.lang.Object[]@5000010a)
	[0]		50000576
OBJ 50000561 (sz=32, trace=300198, class=java.util.zip.ZipCoder@500002c4)
	cs		50009acb
	enc		50000567
OBJ 50000562 (sz=16, trace=301715, class=java.lang.Integer@5000010c)
ARR 50000563 (sz=24, trace=301762, nelems=0, elem type=int[])
OBJ 50000564 (sz=32, trace=301713, class=java.util.ArrayList$Itr@50001974)
OBJ 50000565 (sz=32, trace=301763, class=Line@50006f05)
OBJ 50000566 (sz=16, trace=301715, class=java.lang.Integer@5000010c)
OBJ 50000567 (sz=56, trace=300220, class=sun.nio.cs.UTF_8$Encoder@50000071)
	charset		50009acb
	replacement	50000568
	malformedInputAction	50009ac2
	unmappableCharacterAction	50009ac2
ARR 50000568 (sz=1, trace=300221, nelems=1, elem type=byte[])
ARR 50000569 (sz=24, trace=301762, nelems=0, elem type=int[])
OBJ 5000056a (sz=32, trace=301713, class=java.util.ArrayList$Itr@50001974)
OBJ 5000056b (sz=32, trace=301763, class=Line@50006f05)
OBJ 5000056c (sz=16, trace=301715, class=java.lang.Integer@5000010c)
ARR 5000056d (sz=24, trace=301762, nelems=0, elem type=int[])
OBJ 5000056e (sz=32, trace=301713, class=java.util.ArrayList$Itr@50001974)
OBJ 5000056f (sz=32, trace=301763, class=Line@50006f05)
OBJ 50000570 (sz=96, trace=300271, class=java.util.jar.JarFile$JarFileEntry@50000323)
	name		50009a48
	this$0		50000559
OBJ 50000571 (sz=16, trace=301715, class=java.lang.Integer@5000010c)
ARR 50000572 (sz=24, trace=301762, nelems=0, elem type=int[])
OBJ 50000573 (sz=32, trace=301713, class=java.util.ArrayList$Itr@50001974)
OBJ 50000574 (sz=56, trace=300276, class=java.util.zip.ZipFile$ZipFileInputStream@50000328)
OBJ 50000575 (sz=32, trace=301763, class=Line@50006f05)
OBJ 50000576 (sz=48, trace=300291, class=java.util.zip.Inflater@500003a6)
	zsRef		50000578
	buf		500003a7
OBJ 50000577 (sz=40, trace=300097, class=java.lang.ref.Finalizer@5000014e)
	referent	50000576
	queue		5000945f
	next		5000055a
	prev		500005a2
OBJ 50000578 (sz=24, trace=300293, class=java.util.zip.ZStreamRef@500003aa)
OBJ 50000579 (sz=56, trace=300295, class=java.util.zip.ZipFile$ZipFileInflaterInputStream@500003ad)
OBJ 5000057a (sz=16, trace=301715, class=java.lang.Integer@5000010c)
ARR 5000057b (sz=24, trace=300296, nelems=0, elem type=byte[])
ARR 5000057c (sz=528, trace=300297, nelems=0, elem type=byte[])
ARR 5000057d (sz=80, trace=300298, nelems=0, elem type=byte[])
ARR 5000057e (sz=24, trace=301762, nelems=0, elem type=int[])
OBJ 5000057f (sz=32, trace=301713, class=java.util.ArrayList$Itr@50001974)
OBJ 50000580 (sz=32, trace=301763, class=Line@50006f05)
OBJ 50000581 (sz=32, trace=300283, class=java.util.HashMap$Node@500000b9)
	key		50000540
	value		5000054f
OBJ 50000582 (sz=16, trace=301715, class=java.lang.Integer@5000010c)
ARR 50000583 (sz=24, trace=301762, nelems=0, elem type=int[])
OBJ 50000584 (sz=32, trace=301713, class=java.util.ArrayList$Itr@50001974)
OBJ 50000585 (sz=32, trace=301763, class=Line@50006f05)
OBJ 50000586 (sz=16, trace=301715, class=java.lang.Integer@5000010c)
ARR 50000587 (sz=24, trace=301762, nelems=0, elem type=int[])
OBJ 50000588 (sz=32, trace=301713, class=java.util.ArrayList$Itr@50001974)
OBJ 50000589 (sz=32, trace=301763, class=Line@50006f05)
OBJ 5000058a (sz=16, trace=301715, class=java.lang.Integer@5000010c)
ARR 5000058b (sz=24, trace=301762, nelems=0, elem type=int[])
OBJ 5000058c (sz=32, trace=301713, class=java.util.ArrayList$Itr@50001974)
OBJ 5000058d (sz=32, trace=301763, class=Line@50006f05)
OBJ 5000058e (sz=16, trace=301715, class=java.lang.Integer@5000010c)
ARR 5000058f (sz=24, trace=301762, nelems=0, elem type=int[])
OBJ 50000590 (sz=32, trace=301713, class=java.util.ArrayList$Itr@50001974)
OBJ 50000591 (sz=32, trace=301763, class=Line@50006f05)
OBJ 50000592 (sz=16, trace=301715, class=java.lang.Integer@5000010c)
OBJ 50000593 (sz=24, trace=300149, class=java.lang.String@5000016f)
	value		50000594
ARR 50000594 (sz=102, trace=300150, nelems=51, elem type=char[])
OBJ 50000595 (sz=64, trace=300151, class=java.net.URL@5000011b)
	protocol	50009a58
	host		500095b3
	file		50000593
	authority	500095b3
	path		50000593
	handler		50009ff0
ARR 50000596 (sz=24, trace=301762, nelems=0, elem type=int[])
OBJ 50000597 (sz=48, trace=300153, class=sun.misc.URLClassPath$JarLoader@50000231)
	base		50000595
	jar		500005a1
	csu		5000a005
	index		500005c4
	handler		50009ff0
	lmap		50009ff1
OBJ 50000598 (sz=32, trace=301713, class=java.util.ArrayList$Itr@50001974)
OBJ 50000599 (sz=32, trace=301763, class=Line@50006f05)
OBJ 5000059a (sz=16, trace=301715, class=java.lang.Integer@5000010c)
ARR 5000059b (sz=24, trace=301762, nelems=0, elem type=int[])
OBJ 5000059c (sz=32, trace=301713, class=java.util.ArrayList$Itr@50001974)
OBJ 5000059d (sz=32, trace=301763, class=Line@50006f05)
OBJ 5000059e (sz=16, trace=301715, class=java.lang.Integer@5000010c)
ARR 5000059f (sz=24, trace=301762, nelems=0, elem type=int[])
OBJ 500005a0 (sz=32, trace=301713, class=java.util.ArrayList$Itr@50001974)
OBJ 500005a1 (sz=64, trace=300189, class=java.util.jar.JarFile@5000025e)
	name		5000a02d
	zc		500005a9
	streams		500005a3
	inflaterCache	500005a7
OBJ 500005a2 (sz=40, trace=300097, class=java.lang.ref.Finalizer@5000014e)
	referent	500005a1
	queue		5000945f
	next		50000577
	prev		500005bc
OBJ 500005a3 (sz=48, trace=300190, class=java.util.WeakHashMap@500000ac)
	table		500005a6
	queue		500005a4
OBJ 500005a4 (sz=32, trace=300191, class=java.lang.ref.ReferenceQueue@500000de)
	lock		500005a5
OBJ 500005a5 (sz=16, trace=300192, class=java.lang.ref.ReferenceQueue$Lock@500000dc)
ARR 500005a6 (sz=80, trace=300193, nelems=0, elem type=java.util.WeakHashMap$Entry[]@50000045)
OBJ 500005a7 (sz=24, trace=300195, class=java.util.ArrayDeque@500002c1)
	elements	500005a8
ARR 500005a8 (sz=80, trace=300196, nelems=0, elem type=java.lang.Object[]@5000010a)
OBJ 500005a9 (sz=32, trace=300198, class=java.util.zip.ZipCoder@500002c4)
	cs		50009acb
	enc		500005af
OBJ 500005aa (sz=32, trace=301763, class=Line@50006f05)
OBJ 500005ab (sz=16, trace=301715, class=java.lang.Integer@5000010c)
ARR 500005ac (sz=24, trace=301762, nelems=0, elem type=int[])
OBJ 500005ad (sz=32, trace=301713, class=java.util.ArrayList$Itr@50001974)
OBJ 500005ae (sz=32, trace=301763, class=Line@50006f05)
OBJ 500005af (sz=56, trace=300220, class=sun.nio.cs.UTF_8$Encoder@50000071)
	charset		50009acb
	replacement	500005b0
	malformedInputAction	50009ac2
	unmappableCharacterAction	50009ac2
ARR 500005b0 (sz=1, trace=300221, nelems=1, elem type=byte[])
OBJ 500005b1 (sz=16, trace=301715, class=java.lang.Integer@5000010c)
ARR 500005b2 (sz=24, trace=301762, nelems=0, elem type=int[])
OBJ 500005b3 (sz=32, trace=301713, class=java.util.ArrayList$Itr@50001974)
OBJ 500005b4 (sz=32, trace=301763, class=Line@50006f05)
OBJ 500005b5 (sz=16, trace=301715, class=java.lang.Integer@5000010c)
ARR 500005b6 (sz=24, trace=301762, nelems=0, elem type=int[])
OBJ 500005b7 (sz=32, trace=301713, class=java.util.ArrayList$Itr@50001974)
OBJ 500005b8 (sz=32, trace=301763, class=Line@50006f05)
OBJ 500005b9 (sz=56, trace=300306, class=java.util.zip.ZipFile$ZipFileInputStream@50000328)
OBJ 500005ba (sz=16, trace=301715, class=java.lang.Integer@5000010c)
OBJ 500005bb (sz=48, trace=300307, class=java.util.zip.Inflater@500003a6)
	zsRef		500005bd
	buf		500005c2
OBJ 500005bc (sz=40, trace=300097, class=java.lang.ref.Finalizer@5000014e)
	referent	500005bb
	queue		5000945f
	next		500005a2
	prev		50000640
OBJ 500005bd (sz=24, trace=300293, class=java.util.zip.ZStreamRef@500003aa)
OBJ 500005be (sz=56, trace=300295, class=java.util.zip.ZipFile$ZipFileInflaterInputStream@500003ad)
ARR 500005bf (sz=24, trace=301762, nelems=0, elem type=int[])
ARR 500005c0 (sz=24, trace=300308, nelems=0, elem type=byte[])
ARR 500005c1 (sz=528, trace=300309, nelems=0, elem type=byte[])
ARR 500005c2 (sz=201, trace=300310, nelems=201, elem type=byte[])
OBJ 500005c3 (sz=32, trace=301713, class=java.util.ArrayList$Itr@50001974)
OBJ 500005c4 (sz=24, trace=300311, class=sun.misc.JarIndex@500002e8)
	indexMap	500005c5
	jarMap		500005c6
	jarFiles	5000060c
OBJ 500005c5 (sz=48, trace=300312, class=java.util.HashMap@500000ba)
	table		500005da
OBJ 500005c6 (sz=48, trace=300313, class=java.util.HashMap@500000ba)
	table		500005de
OBJ 500005c7 (sz=32, trace=301763, class=Line@50006f05)
OBJ 500005c8 (sz=16, trace=301715, class=java.lang.Integer@5000010c)
ARR 500005c9 (sz=24, trace=301762, nelems=0, elem type=int[])
OBJ 500005ca (sz=32, trace=301713, class=java.util.ArrayList$Itr@50001974)
OBJ 500005cb (sz=32, trace=301763, class=Line@50006f05)
OBJ 500005cc (sz=16, trace=301715, class=java.lang.Integer@5000010c)
ARR 500005cd (sz=24, trace=301762, nelems=0, elem type=int[])
OBJ 500005ce (sz=32, trace=301713, class=java.util.ArrayList$Itr@50001974)
OBJ 500005cf (sz=32, trace=301763, class=Line@50006f05)
OBJ 500005d0 (sz=16, trace=301715, class=java.lang.Integer@5000010c)
ARR 500005d1 (sz=24, trace=301762, nelems=0, elem type=int[])
OBJ 500005d2 (sz=32, trace=301713, class=java.util.ArrayList$Itr@50001974)
OBJ 500005d3 (sz=32, trace=301763, class=Line@50006f05)
OBJ 500005d4 (sz=24, trace=300325, class=java.lang.String@5000016f)
	value		500005d5
ARR 500005d5 (sz=24, trace=300326, nelems=12, elem type=char[])
OBJ 500005d6 (sz=24, trace=300327, class=java.lang.String@5000016f)
	value		500005d7
ARR 500005d7 (sz=6, trace=300326, nelems=3, elem type=char[])
OBJ 500005d8 (sz=32, trace=300329, class=java.util.LinkedList@50000513)
	first		500005d9
	last		500005d9
OBJ 500005d9 (sz=24, trace=300331, class=java.util.LinkedList$Node@50000515)
	item		500005d4
ARR 500005da (sz=80, trace=300332, nelems=16, elem type=java.util.HashMap$Node[]@500000b8)
	[0]		500005db
	[1]		50000602
	[2]		50000608
	[6]		500005ea
	[7]		500005e4
	[9]		500005f6
	[15]		500005f0
OBJ 500005db (sz=32, trace=300283, class=java.util.HashMap$Node@500000b9)
	key		500005d6
	value		500005d8
OBJ 500005dc (sz=32, trace=300329, class=java.util.LinkedList@50000513)
	first		500005dd
	last		50000609
OBJ 500005dd (sz=24, trace=300331, class=java.util.LinkedList$Node@50000515)
	item		500005d6
	next		500005e5
ARR 500005de (sz=80, trace=300332, nelems=13, elem type=java.util.HashMap$Node[]@500000b8)
	[12]		500005df
OBJ 500005df (sz=32, trace=300283, class=java.util.HashMap$Node@500000b9)
	key		500005d4
	value		500005dc
OBJ 500005e0 (sz=24, trace=300327, class=java.lang.String@5000016f)
	value		500005e1
ARR 500005e1 (sz=14, trace=300326, nelems=7, elem type=char[])
OBJ 500005e2 (sz=32, trace=300329, class=java.util.LinkedList@50000513)
	first		500005e3
	last		500005e3
OBJ 500005e3 (sz=24, trace=300331, class=java.util.LinkedList$Node@50000515)
	item		500005d4
OBJ 500005e4 (sz=32, trace=300283, class=java.util.HashMap$Node@500000b9)
	key		500005e0
	value		500005e2
OBJ 500005e5 (sz=24, trace=300333, class=java.util.LinkedList$Node@50000515)
	item		500005e0
	next		500005eb
	prev		500005dd
OBJ 500005e6 (sz=24, trace=300327, class=java.lang.String@5000016f)
	value		500005e7
ARR 500005e7 (sz=22, trace=300326, nelems=11, elem type=char[])
OBJ 500005e8 (sz=32, trace=300329, class=java.util.LinkedList@50000513)
	first		500005e9
	last		500005e9
OBJ 500005e9 (sz=24, trace=300331, class=java.util.LinkedList$Node@50000515)
	item		500005d4
OBJ 500005ea (sz=32, trace=300283, class=java.util.HashMap$Node@500000b9)
	key		500005e6
	value		500005e8
OBJ 500005eb (sz=24, trace=300333, class=java.util.LinkedList$Node@50000515)
	item		500005e6
	next		500005f1
	prev		500005e5
OBJ 500005ec (sz=24, trace=300327, class=java.lang.String@5000016f)
	value		500005ed
ARR 500005ed (sz=48, trace=300326, nelems=24, elem type=char[])
OBJ 500005ee (sz=32, trace=300329, class=java.util.LinkedList@50000513)
	first		500005ef
	last		500005ef
OBJ 500005ef (sz=24, trace=300331, class=java.util.LinkedList$Node@50000515)
	item		500005d4
OBJ 500005f0 (sz=32, trace=300283, class=java.util.HashMap$Node@500000b9)
	key		500005ec
	value		500005ee
OBJ 500005f1 (sz=24, trace=300333, class=java.util.LinkedList$Node@50000515)
	item		500005ec
	next		500005f7
	prev		500005eb
OBJ 500005f2 (sz=24, trace=300327, class=java.lang.String@5000016f)
	value		500005f3
ARR 500005f3 (sz=68, trace=300326, nelems=34, elem type=char[])
OBJ 500005f4 (sz=32, trace=300329, class=java.util.LinkedList@50000513)
	first		500005f5
	last		500005f5
OBJ 500005f5 (sz=24, trace=300331, class=java.util.LinkedList$Node@50000515)
	item		500005d4
OBJ 500005f6 (sz=32, trace=300283, class=java.util.HashMap$Node@500000b9)
	key		500005f2
	value		500005f4
	next		500005fc
OBJ 500005f7 (sz=24, trace=300333, class=java.util.LinkedList$Node@50000515)
	item		500005f2
	next		500005fd
	prev		500005f1
OBJ 500005f8 (sz=24, trace=300327, class=java.lang.String@5000016f)
	value		500005f9
ARR 500005f9 (sz=68, trace=300326, nelems=34, elem type=char[])
OBJ 500005fa (sz=32, trace=300329, class=java.util.LinkedList@50000513)
	first		500005fb
	last		500005fb
OBJ 500005fb (sz=24, trace=300331, class=java.util.LinkedList$Node@50000515)
	item		500005d4
OBJ 500005fc (sz=32, trace=300299, class=java.util.HashMap$Node@500000b9)
	key		500005f8
	value		500005fa
OBJ 500005fd (sz=24, trace=300333, class=java.util.LinkedList$Node@50000515)
	item		500005f8
	next		50000603
	prev		500005f7
OBJ 500005fe (sz=24, trace=300327, class=java.lang.String@5000016f)
	value		500005ff
ARR 500005ff (sz=34, trace=300326, nelems=17, elem type=char[])
OBJ 50000600 (sz=32, trace=300329, class=java.util.LinkedList@50000513)
	first		50000601
	last		50000601
OBJ 50000601 (sz=24, trace=300331, class=java.util.LinkedList$Node@50000515)
	item		500005d4
OBJ 50000602 (sz=32, trace=300283, class=java.util.HashMap$Node@500000b9)
	key		500005fe
	value		50000600
OBJ 50000603 (sz=24, trace=300333, class=java.util.LinkedList$Node@50000515)
	item		500005fe
	next		50000609
	prev		500005fd
OBJ 50000604 (sz=24, trace=300327, class=java.lang.String@5000016f)
	value		50000605
ARR 50000605 (sz=48, trace=300326, nelems=24, elem type=char[])
OBJ 50000606 (sz=32, trace=300329, class=java.util.LinkedList@50000513)
	first		50000607
	last		50000607
OBJ 50000607 (sz=24, trace=300331, class=java.util.LinkedList$Node@50000515)
	item		500005d4
OBJ 50000608 (sz=32, trace=300283, class=java.util.HashMap$Node@500000b9)
	key		50000604
	value		50000606
OBJ 50000609 (sz=24, trace=300333, class=java.util.LinkedList$Node@50000515)
	item		50000604
	prev		50000603
OBJ 5000060a (sz=16, trace=301715, class=java.lang.Integer@5000010c)
ARR 5000060b (sz=24, trace=301762, nelems=0, elem type=int[])
ARR 5000060c (sz=24, trace=300334, nelems=1, elem type=java.lang.String[]@500000cf)
	[0]		500005d4
OBJ 5000060d (sz=32, trace=301713, class=java.util.ArrayList$Itr@50001974)
OBJ 5000060e (sz=32, trace=301763, class=Line@50006f05)
OBJ 5000060f (sz=16, trace=301715, class=java.lang.Integer@5000010c)
ARR 50000610 (sz=24, trace=301762, nelems=0, elem type=int[])
OBJ 50000611 (sz=32, trace=301713, class=java.util.ArrayList$Itr@50001974)
OBJ 50000612 (sz=32, trace=301763, class=Line@50006f05)
OBJ 50000613 (sz=16, trace=301715, class=java.lang.Integer@5000010c)
ARR 50000614 (sz=24, trace=301762, nelems=0, elem type=int[])
OBJ 50000615 (sz=32, trace=301713, class=java.util.ArrayList$Itr@50001974)
OBJ 50000616 (sz=32, trace=301763, class=Line@50006f05)
ARR 50000617 (sz=24, trace=301762, nelems=0, elem type=int[])
OBJ 50000618 (sz=32, trace=301713, class=java.util.ArrayList$Itr@50001974)
OBJ 50000619 (sz=24, trace=300344, class=java.lang.String@5000016f)
	value		5000061a
ARR 5000061a (sz=102, trace=300128, nelems=51, elem type=char[])
OBJ 5000061b (sz=32, trace=300299, class=java.util.HashMap$Node@500000b9)
	key		50000619
	value		50000597
	next		5000069b
OBJ 5000061c (sz=32, trace=301763, class=Line@50006f05)
ARR 5000061d (sz=24, trace=301762, nelems=0, elem type=int[])
OBJ 5000061e (sz=32, trace=301713, class=java.util.ArrayList$Itr@50001974)
OBJ 5000061f (sz=32, trace=301763, class=Line@50006f05)
OBJ 50000620 (sz=16, trace=301715, class=java.lang.Integer@5000010c)
ARR 50000621 (sz=24, trace=301762, nelems=0, elem type=int[])
OBJ 50000622 (sz=32, trace=301713, class=java.util.ArrayList$Itr@50001974)
OBJ 50000623 (sz=32, trace=301763, class=Line@50006f05)
OBJ 50000624 (sz=16, trace=301715, class=java.lang.Integer@5000010c)
ARR 50000625 (sz=24, trace=301762, nelems=0, elem type=int[])
OBJ 50000626 (sz=32, trace=301713, class=java.util.ArrayList$Itr@50001974)
OBJ 50000627 (sz=32, trace=301763, class=Line@50006f05)
OBJ 50000628 (sz=16, trace=301715, class=java.lang.Integer@5000010c)
ARR 50000629 (sz=24, trace=301762, nelems=0, elem type=int[])
OBJ 5000062a (sz=32, trace=301713, class=java.util.ArrayList$Itr@50001974)
OBJ 5000062b (sz=32, trace=301763, class=Line@50006f05)
OBJ 5000062c (sz=16, trace=301715, class=java.lang.Integer@5000010c)
ARR 5000062d (sz=24, trace=301762, nelems=0, elem type=int[])
OBJ 5000062e (sz=32, trace=301713, class=java.util.ArrayList$Itr@50001974)
OBJ 5000062f (sz=32, trace=301763, class=Line@50006f05)
OBJ 50000630 (sz=16, trace=301715, class=java.lang.Integer@5000010c)
OBJ 50000631 (sz=24, trace=300149, class=java.lang.String@5000016f)
	value		50000632
ARR 50000632 (sz=100, trace=300150, nelems=50, elem type=char[])
OBJ 50000633 (sz=64, trace=300151, class=java.net.URL@5000011b)
	protocol	50009a58
	host		500095b3
	file		50000631
	authority	500095b3
	path		50000631
	handler		50009ff0
ARR 50000634 (sz=24, trace=301762, nelems=0, elem type=int[])
OBJ 50000635 (sz=48, trace=300153, class=sun.misc.URLClassPath$JarLoader@50000231)
	base		50000633
	jar		5000063f
	csu		5000a006
	index		50000662
	handler		50009ff0
	lmap		50009ff1
OBJ 50000636 (sz=32, trace=301713, class=java.util.ArrayList$Itr@50001974)
OBJ 50000637 (sz=32, trace=301763, class=Line@50006f05)
ARR 50000638 (sz=24, trace=301762, nelems=0, elem type=int[])
OBJ 50000639 (sz=32, trace=301713, class=java.util.ArrayList$Itr@50001974)
OBJ 5000063a (sz=32, trace=301763, class=Line@50006f05)
OBJ 5000063b (sz=16, trace=301715, class=java.lang.Integer@5000010c)
ARR 5000063c (sz=24, trace=301762, nelems=0, elem type=int[])
OBJ 5000063d (sz=32, trace=301713, class=java.util.ArrayList$Itr@50001974)
OBJ 5000063e (sz=32, trace=301763, class=Line@50006f05)
OBJ 5000063f (sz=64, trace=300189, class=java.util.jar.JarFile@5000025e)
	name		5000a02b
	zc		50000647
	streams		50000641
	inflaterCache	50000645
OBJ 50000640 (sz=40, trace=300097, class=java.lang.ref.Finalizer@5000014e)
	referent	5000063f
	queue		5000945f
	next		500005bc
	prev		5000065a
OBJ 50000641 (sz=48, trace=300190, class=java.util.WeakHashMap@500000ac)
	table		50000644
	queue		50000642
OBJ 50000642 (sz=32, trace=300191, class=java.lang.ref.ReferenceQueue@500000de)
	lock		50000643
OBJ 50000643 (sz=16, trace=300192, class=java.lang.ref.ReferenceQueue$Lock@500000dc)
ARR 50000644 (sz=80, trace=300193, nelems=0, elem type=java.util.WeakHashMap$Entry[]@50000045)
OBJ 50000645 (sz=24, trace=300195, class=java.util.ArrayDeque@500002c1)
	elements	50000646
ARR 50000646 (sz=80, trace=300196, nelems=0, elem type=java.lang.Object[]@5000010a)
OBJ 50000647 (sz=32, trace=300198, class=java.util.zip.ZipCoder@500002c4)
	cs		50009acb
	enc		5000064d
OBJ 50000648 (sz=16, trace=301715, class=java.lang.Integer@5000010c)
ARR 50000649 (sz=24, trace=301762, nelems=0, elem type=int[])
OBJ 5000064a (sz=32, trace=301713, class=java.util.ArrayList$Itr@50001974)
OBJ 5000064b (sz=32, trace=301763, class=Line@50006f05)
OBJ 5000064c (sz=16, trace=301715, class=java.lang.Integer@5000010c)
OBJ 5000064d (sz=56, trace=300220, class=sun.nio.cs.UTF_8$Encoder@50000071)
	charset		50009acb
	replacement	5000064e
	malformedInputAction	50009ac2
	unmappableCharacterAction	50009ac2
ARR 5000064e (sz=1, trace=300221, nelems=1, elem type=byte[])
ARR 5000064f (sz=24, trace=301762, nelems=0, elem type=int[])
OBJ 50000650 (sz=32, trace=301713, class=java.util.ArrayList$Itr@50001974)
OBJ 50000651 (sz=32, trace=301763, class=Line@50006f05)
OBJ 50000652 (sz=16, trace=301715, class=java.lang.Integer@5000010c)
ARR 50000653 (sz=24, trace=301762, nelems=0, elem type=int[])
OBJ 50000654 (sz=32, trace=301713, class=java.util.ArrayList$Itr@50001974)
OBJ 50000655 (sz=32, trace=301763, class=Line@50006f05)
OBJ 50000656 (sz=16, trace=301715, class=java.lang.Integer@5000010c)
OBJ 50000657 (sz=56, trace=300306, class=java.util.zip.ZipFile$ZipFileInputStream@50000328)
ARR 50000658 (sz=24, trace=301762, nelems=0, elem type=int[])
OBJ 50000659 (sz=48, trace=300307, class=java.util.zip.Inflater@500003a6)
	zsRef		5000065b
	buf		50000660
OBJ 5000065a (sz=40, trace=300097, class=java.lang.ref.Finalizer@5000014e)
	referent	50000659
	queue		5000945f
	next		50000640
	prev		500006c1
OBJ 5000065b (sz=24, trace=300293, class=java.util.zip.ZStreamRef@500003aa)
OBJ 5000065c (sz=56, trace=300295, class=java.util.zip.ZipFile$ZipFileInflaterInputStream@500003ad)
OBJ 5000065d (sz=32, trace=301713, class=java.util.ArrayList$Itr@50001974)
ARR 5000065e (sz=24, trace=300308, nelems=0, elem type=byte[])
ARR 5000065f (sz=528, trace=300309, nelems=0, elem type=byte[])
ARR 50000660 (sz=72, trace=300310, nelems=72, elem type=byte[])
OBJ 50000661 (sz=32, trace=301763, class=Line@50006f05)
OBJ 50000662 (sz=24, trace=300311, class=sun.misc.JarIndex@500002e8)
	indexMap	50000663
	jarMap		50000664
	jarFiles	5000068c
OBJ 50000663 (sz=48, trace=300312, class=java.util.HashMap@500000ba)
	table		50000678
OBJ 50000664 (sz=48, trace=300313, class=java.util.HashMap@500000ba)
	table		5000067c
OBJ 50000665 (sz=16, trace=301715, class=java.lang.Integer@5000010c)
ARR 50000666 (sz=24, trace=301762, nelems=0, elem type=int[])
OBJ 50000667 (sz=32, trace=301713, class=java.util.ArrayList$Itr@50001974)
OBJ 50000668 (sz=32, trace=301763, class=Line@50006f05)
OBJ 50000669 (sz=16, trace=301715, class=java.lang.Integer@5000010c)
ARR 5000066a (sz=24, trace=301762, nelems=0, elem type=int[])
OBJ 5000066b (sz=32, trace=301713, class=java.util.ArrayList$Itr@50001974)
OBJ 5000066c (sz=32, trace=301763, class=Line@50006f05)
OBJ 5000066d (sz=16, trace=301715, class=java.lang.Integer@5000010c)
ARR 5000066e (sz=24, trace=301762, nelems=0, elem type=int[])
OBJ 5000066f (sz=32, trace=301713, class=java.util.ArrayList$Itr@50001974)
OBJ 50000670 (sz=32, trace=301763, class=Line@50006f05)
OBJ 50000671 (sz=16, trace=301715, class=java.lang.Integer@5000010c)
OBJ 50000672 (sz=24, trace=300325, class=java.lang.String@5000016f)
	value		50000673
ARR 50000673 (sz=22, trace=300326, nelems=11, elem type=char[])
OBJ 50000674 (sz=24, trace=300327, class=java.lang.String@5000016f)
	value		50000675
ARR 50000675 (sz=10, trace=300326, nelems=5, elem type=char[])
OBJ 50000676 (sz=32, trace=300329, class=java.util.LinkedList@50000513)
	first		50000677
	last		50000677
OBJ 50000677 (sz=24, trace=300331, class=java.util.LinkedList$Node@50000515)
	item		50000672
ARR 50000678 (sz=80, trace=300332, nelems=13, elem type=java.util.HashMap$Node[]@500000b8)
	[5]		50000679
	[9]		50000682
	[12]		50000688
OBJ 50000679 (sz=32, trace=300283, class=java.util.HashMap$Node@500000b9)
	key		50000674
	value		50000676
OBJ 5000067a (sz=32, trace=300329, class=java.util.LinkedList@50000513)
	first		5000067b
	last		50000689
OBJ 5000067b (sz=24, trace=300331, class=java.util.LinkedList$Node@50000515)
	item		50000674
	next		50000683
ARR 5000067c (sz=80, trace=300332, nelems=3, elem type=java.util.HashMap$Node[]@500000b8)
	[2]		5000067d
OBJ 5000067d (sz=32, trace=300283, class=java.util.HashMap$Node@500000b9)
	key		50000672
	value		5000067a
OBJ 5000067e (sz=24, trace=300327, class=java.lang.String@5000016f)
	value		5000067f
ARR 5000067f (sz=22, trace=300326, nelems=11, elem type=char[])
OBJ 50000680 (sz=32, trace=300329, class=java.util.LinkedList@50000513)
	first		50000681
	last		50000681
OBJ 50000681 (sz=24, trace=300331, class=java.util.LinkedList$Node@50000515)
	item		50000672
OBJ 50000682 (sz=32, trace=300283, class=java.util.HashMap$Node@500000b9)
	key		5000067e
	value		50000680
OBJ 50000683 (sz=24, trace=300333, class=java.util.LinkedList$Node@50000515)
	item		5000067e
	next		50000689
	prev		5000067b
OBJ 50000684 (sz=24, trace=300327, class=java.lang.String@5000016f)
	value		50000685
ARR 50000685 (sz=30, trace=300326, nelems=15, elem type=char[])
OBJ 50000686 (sz=32, trace=300329, class=java.util.LinkedList@50000513)
	first		50000687
	last		50000687
OBJ 50000687 (sz=24, trace=300331, class=java.util.LinkedList$Node@50000515)
	item		50000672
OBJ 50000688 (sz=32, trace=300283, class=java.util.HashMap$Node@500000b9)
	key		50000684
	value		50000686
OBJ 50000689 (sz=24, trace=300333, class=java.util.LinkedList$Node@50000515)
	item		50000684
	prev		50000683
ARR 5000068a (sz=24, trace=301762, nelems=0, elem type=int[])
OBJ 5000068b (sz=32, trace=301713, class=java.util.ArrayList$Itr@50001974)
ARR 5000068c (sz=24, trace=300334, nelems=1, elem type=java.lang.String[]@500000cf)
	[0]		50000672
OBJ 5000068d (sz=32, trace=301763, class=Line@50006f05)
OBJ 5000068e (sz=16, trace=301715, class=java.lang.Integer@5000010c)
ARR 5000068f (sz=24, trace=301762, nelems=0, elem type=int[])
OBJ 50000690 (sz=32, trace=301713, class=java.util.ArrayList$Itr@50001974)
OBJ 50000691 (sz=32, trace=301763, class=Line@50006f05)
OBJ 50000692 (sz=16, trace=301715, class=java.lang.Integer@5000010c)
ARR 50000693 (sz=24, trace=301762, nelems=0, elem type=int[])
OBJ 50000694 (sz=32, trace=301713, class=java.util.ArrayList$Itr@50001974)
OBJ 50000695 (sz=32, trace=301763, class=Line@50006f05)
OBJ 50000696 (sz=16, trace=301715, class=java.lang.Integer@5000010c)
ARR 50000697 (sz=24, trace=301762, nelems=0, elem type=int[])
OBJ 50000698 (sz=32, trace=301713, class=java.util.ArrayList$Itr@50001974)
OBJ 50000699 (sz=24, trace=300344, class=java.lang.String@5000016f)
	value		5000069a
ARR 5000069a (sz=100, trace=300128, nelems=50, elem type=char[])
OBJ 5000069b (sz=32, trace=300299, class=java.util.HashMap$Node@500000b9)
	key		50000699
	value		50000635
ARR 5000069c (sz=104, trace=300281, nelems=22, elem type=java.lang.Object[]@5000010a)
	[0]		50000253
	[1]		5000037f
	[2]		500003cc
	[3]		500003e5
	[4]		500003fe
	[5]		50000417
	[6]		50000430
	[7]		50000449
	[8]		50000462
	[9]		5000047b
	[10]		50000494
	[11]		500004ae
	[12]		500004c7
	[13]		5000054f
	[14]		50000597
	[15]		50000635
	[16]		500006b6
	[17]		5000081c
	[18]		500008ba
	[19]		50000a96
	[20]		50000ade
	[21]		50000b5e
OBJ 5000069d (sz=32, trace=301763, class=Line@50006f05)
ARR 5000069e (sz=24, trace=301762, nelems=0, elem type=int[])
OBJ 5000069f (sz=32, trace=301713, class=java.util.ArrayList$Itr@50001974)
OBJ 500006a0 (sz=32, trace=301763, class=Line@50006f05)
OBJ 500006a1 (sz=16, trace=301715, class=java.lang.Integer@5000010c)
ARR 500006a2 (sz=24, trace=301762, nelems=0, elem type=int[])
OBJ 500006a3 (sz=32, trace=301713, class=java.util.ArrayList$Itr@50001974)
OBJ 500006a4 (sz=32, trace=301763, class=Line@50006f05)
OBJ 500006a5 (sz=16, trace=301715, class=java.lang.Integer@5000010c)
ARR 500006a6 (sz=24, trace=301762, nelems=0, elem type=int[])
OBJ 500006a7 (sz=32, trace=301713, class=java.util.ArrayList$Itr@50001974)
OBJ 500006a8 (sz=32, trace=301763, class=Line@50006f05)
OBJ 500006a9 (sz=16, trace=301715, class=java.lang.Integer@5000010c)
ARR 500006aa (sz=24, trace=301762, nelems=0, elem type=int[])
OBJ 500006ab (sz=32, trace=301713, class=java.util.ArrayList$Itr@50001974)
OBJ 500006ac (sz=32, trace=301763, class=Line@50006f05)
ARR 500006ad (sz=24, trace=301762, nelems=0, elem type=int[])
OBJ 500006ae (sz=32, trace=301713, class=java.util.ArrayList$Itr@50001974)
OBJ 500006af (sz=32, trace=301763, class=Line@50006f05)
OBJ 500006b0 (sz=16, trace=301715, class=java.lang.Integer@5000010c)
ARR 500006b1 (sz=24, trace=301762, nelems=0, elem type=int[])
OBJ 500006b2 (sz=24, trace=300149, class=java.lang.String@5000016f)
	value		500006b3
ARR 500006b3 (sz=102, trace=300150, nelems=51, elem type=char[])
OBJ 500006b4 (sz=64, trace=300151, class=java.net.URL@5000011b)
	protocol	50009a58
	host		500095b3
	file		500006b2
	authority	500095b3
	path		500006b2
	handler		50009ff0
OBJ 500006b5 (sz=32, trace=301713, class=java.util.ArrayList$Itr@50001974)
OBJ 500006b6 (sz=48, trace=300153, class=sun.misc.URLClassPath$JarLoader@50000231)
	base		500006b4
	jar		500006c0
	csu		5000a007
	index		500006e3
	handler		50009ff0
	lmap		50009ff1
OBJ 500006b7 (sz=32, trace=301763, class=Line@50006f05)
OBJ 500006b8 (sz=16, trace=301715, class=java.lang.Integer@5000010c)
ARR 500006b9 (sz=24, trace=301762, nelems=0, elem type=int[])
OBJ 500006ba (sz=32, trace=301713, class=java.util.ArrayList$Itr@50001974)
OBJ 500006bb (sz=32, trace=301763, class=Line@50006f05)
OBJ 500006bc (sz=16, trace=301715, class=java.lang.Integer@5000010c)
ARR 500006bd (sz=24, trace=301762, nelems=0, elem type=int[])
OBJ 500006be (sz=32, trace=301713, class=java.util.ArrayList$Itr@50001974)
OBJ 500006bf (sz=32, trace=301763, class=Line@50006f05)
OBJ 500006c0 (sz=64, trace=300189, class=java.util.jar.JarFile@5000025e)
	name		5000a029
	zc		500006c8
	streams		500006c2
	inflaterCache	500006c6
OBJ 500006c1 (sz=40, trace=300097, class=java.lang.ref.Finalizer@5000014e)
	referent	500006c0
	queue		5000945f
	next		5000065a
	prev		500006db
OBJ 500006c2 (sz=48, trace=300190, class=java.util.WeakHashMap@500000ac)
	table		500006c5
	queue		500006c3
OBJ 500006c3 (sz=32, trace=300191, class=java.lang.ref.ReferenceQueue@500000de)
	lock		500006c4
	head		500006e2
OBJ 500006c4 (sz=16, trace=300192, class=java.lang.ref.ReferenceQueue$Lock@500000dc)
ARR 500006c5 (sz=80, trace=300193, nelems=8, elem type=java.util.WeakHashMap$Entry[]@50000045)
	[7]		500006e2
OBJ 500006c6 (sz=24, trace=300195, class=java.util.ArrayDeque@500002c1)
	elements	500006c7
ARR 500006c7 (sz=80, trace=300196, nelems=0, elem type=java.lang.Object[]@5000010a)
OBJ 500006c8 (sz=32, trace=300198, class=java.util.zip.ZipCoder@500002c4)
	cs		50009acb
	enc		500006ce
OBJ 500006c9 (sz=16, trace=301715, class=java.lang.Integer@5000010c)
ARR 500006ca (sz=24, trace=301762, nelems=0, elem type=int[])
OBJ 500006cb (sz=32, trace=301713, class=java.util.ArrayList$Itr@50001974)
OBJ 500006cc (sz=32, trace=301763, class=Line@50006f05)
OBJ 500006cd (sz=16, trace=301715, class=java.lang.Integer@5000010c)
OBJ 500006ce (sz=56, trace=300220, class=sun.nio.cs.UTF_8$Encoder@50000071)
	charset		50009acb
	replacement	500006cf
	malformedInputAction	50009ac2
	unmappableCharacterAction	50009ac2
ARR 500006cf (sz=1, trace=300221, nelems=1, elem type=byte[])
ARR 500006d0 (sz=24, trace=301762, nelems=0, elem type=int[])
OBJ 500006d1 (sz=32, trace=301713, class=java.util.ArrayList$Itr@50001974)
OBJ 500006d2 (sz=32, trace=301763, class=Line@50006f05)
OBJ 500006d3 (sz=16, trace=301715, class=java.lang.Integer@5000010c)
ARR 500006d4 (sz=24, trace=301762, nelems=0, elem type=int[])
OBJ 500006d5 (sz=32, trace=301713, class=java.util.ArrayList$Itr@50001974)
OBJ 500006d6 (sz=32, trace=301763, class=Line@50006f05)
OBJ 500006d7 (sz=16, trace=301715, class=java.lang.Integer@5000010c)
OBJ 500006d8 (sz=56, trace=300306, class=java.util.zip.ZipFile$ZipFileInputStream@50000328)
ARR 500006d9 (sz=24, trace=301762, nelems=0, elem type=int[])
OBJ 500006da (sz=48, trace=300307, class=java.util.zip.Inflater@500003a6)
	zsRef		500006dc
	buf		500006e1
OBJ 500006db (sz=40, trace=300097, class=java.lang.ref.Finalizer@5000014e)
	referent	500006da
	queue		5000945f
	next		500006c1
	prev		50000827
OBJ 500006dc (sz=24, trace=300293, class=java.util.zip.ZStreamRef@500003aa)
OBJ 500006dd (sz=56, trace=300295, class=java.util.zip.ZipFile$ZipFileInflaterInputStream@500003ad)
OBJ 500006de (sz=32, trace=301713, class=java.util.ArrayList$Itr@50001974)
ARR 500006df (sz=24, trace=300308, nelems=0, elem type=byte[])
ARR 500006e0 (sz=528, trace=300309, nelems=0, elem type=byte[])
ARR 500006e1 (sz=1556, trace=300310, nelems=1556, elem type=byte[])
OBJ 500006e2 (sz=40, trace=300277, class=java.util.WeakHashMap$Entry@50000046)
	queue		5000962e
	next		500006e2
	value		500006da
OBJ 500006e3 (sz=24, trace=300311, class=sun.misc.JarIndex@500002e8)
	indexMap	500006e4
	jarMap		500006e5
	jarFiles	500007f3
OBJ 500006e4 (sz=48, trace=300312, class=java.util.HashMap@500000ba)
	table		5000078f
OBJ 500006e5 (sz=48, trace=300313, class=java.util.HashMap@500000ba)
	table		500006fd
OBJ 500006e6 (sz=32, trace=301763, class=Line@50006f05)
OBJ 500006e7 (sz=16, trace=301715, class=java.lang.Integer@5000010c)
ARR 500006e8 (sz=24, trace=301762, nelems=0, elem type=int[])
OBJ 500006e9 (sz=32, trace=301713, class=java.util.ArrayList$Itr@50001974)
OBJ 500006ea (sz=32, trace=301763, class=Line@50006f05)
OBJ 500006eb (sz=16, trace=301715, class=java.lang.Integer@5000010c)
ARR 500006ec (sz=24, trace=301762, nelems=0, elem type=int[])
OBJ 500006ed (sz=32, trace=301713, class=java.util.ArrayList$Itr@50001974)
OBJ 500006ee (sz=32, trace=301763, class=Line@50006f05)
ARR 500006ef (sz=24, trace=301762, nelems=0, elem type=int[])
OBJ 500006f0 (sz=32, trace=301713, class=java.util.ArrayList$Itr@50001974)
OBJ 500006f1 (sz=32, trace=301763, class=Line@50006f05)
OBJ 500006f2 (sz=16, trace=301715, class=java.lang.Integer@5000010c)
OBJ 500006f3 (sz=24, trace=300325, class=java.lang.String@5000016f)
	value		500006f4
ARR 500006f4 (sz=24, trace=300326, nelems=12, elem type=char[])
OBJ 500006f5 (sz=24, trace=300327, class=java.lang.String@5000016f)
	value		500006f6
ARR 500006f6 (sz=6, trace=300326, nelems=3, elem type=char[])
OBJ 500006f7 (sz=32, trace=300329, class=java.util.LinkedList@50000513)
	first		500006f8
	last		500006f8
OBJ 500006f8 (sz=24, trace=300331, class=java.util.LinkedList$Node@50000515)
	item		500006f3
ARR 500006f9 (sz=24, trace=301762, nelems=0, elem type=int[])
OBJ 500006fa (sz=32, trace=300283, class=java.util.HashMap$Node@500000b9)
	key		500006f5
	value		500006f7
	next		500007d1
OBJ 500006fb (sz=32, trace=300329, class=java.util.LinkedList@50000513)
	first		500006fc
	last		500007f0
OBJ 500006fc (sz=24, trace=300331, class=java.util.LinkedList$Node@50000515)
	item		500006f5
	next		50000704
ARR 500006fd (sz=80, trace=300332, nelems=2, elem type=java.util.HashMap$Node[]@500000b8)
	[1]		500006fe
OBJ 500006fe (sz=32, trace=300283, class=java.util.HashMap$Node@500000b9)
	key		500006f3
	value		500006fb
OBJ 500006ff (sz=24, trace=300327, class=java.lang.String@5000016f)
	value		50000700
ARR 50000700 (sz=14, trace=300326, nelems=7, elem type=char[])
OBJ 50000701 (sz=32, trace=300329, class=java.util.LinkedList@50000513)
	first		50000702
	last		50000702
OBJ 50000702 (sz=24, trace=300331, class=java.util.LinkedList$Node@50000515)
	item		500006f3
OBJ 50000703 (sz=32, trace=300283, class=java.util.HashMap$Node@500000b9)
	key		500006ff
	value		50000701
OBJ 50000704 (sz=24, trace=300333, class=java.util.LinkedList$Node@50000515)
	item		500006ff
	next		5000070a
	prev		500006fc
OBJ 50000705 (sz=24, trace=300327, class=java.lang.String@5000016f)
	value		50000706
ARR 50000706 (sz=22, trace=300326, nelems=11, elem type=char[])
OBJ 50000707 (sz=32, trace=300329, class=java.util.LinkedList@50000513)
	first		50000708
	last		50000708
OBJ 50000708 (sz=24, trace=300331, class=java.util.LinkedList$Node@50000515)
	item		500006f3
OBJ 50000709 (sz=32, trace=300283, class=java.util.HashMap$Node@500000b9)
	key		50000705
	value		50000707
OBJ 5000070a (sz=24, trace=300333, class=java.util.LinkedList$Node@50000515)
	item		50000705
	next		50000710
	prev		50000704
OBJ 5000070b (sz=24, trace=300327, class=java.lang.String@5000016f)
	value		5000070c
ARR 5000070c (sz=40, trace=300326, nelems=20, elem type=char[])
OBJ 5000070d (sz=32, trace=300329, class=java.util.LinkedList@50000513)
	first		5000070e
	last		5000070e
OBJ 5000070e (sz=24, trace=300331, class=java.util.LinkedList$Node@50000515)
	item		500006f3
OBJ 5000070f (sz=32, trace=300283, class=java.util.HashMap$Node@500000b9)
	key		5000070b
	value		5000070d
	next		500007cb
OBJ 50000710 (sz=24, trace=300333, class=java.util.LinkedList$Node@50000515)
	item		5000070b
	next		50000716
	prev		5000070a
OBJ 50000711 (sz=24, trace=300327, class=java.lang.String@5000016f)
	value		50000712
ARR 50000712 (sz=38, trace=300326, nelems=19, elem type=char[])
OBJ 50000713 (sz=32, trace=300329, class=java.util.LinkedList@50000513)
	first		50000714
	last		50000714
OBJ 50000714 (sz=24, trace=300331, class=java.util.LinkedList$Node@50000515)
	item		500006f3
OBJ 50000715 (sz=32, trace=300283, class=java.util.HashMap$Node@500000b9)
	key		50000711
	value		50000713
OBJ 50000716 (sz=24, trace=300333, class=java.util.LinkedList$Node@50000515)
	item		50000711
	next		5000071c
	prev		50000710
OBJ 50000717 (sz=24, trace=300327, class=java.lang.String@5000016f)
	value		50000718
ARR 50000718 (sz=48, trace=300326, nelems=24, elem type=char[])
OBJ 50000719 (sz=32, trace=300329, class=java.util.LinkedList@50000513)
	first		5000071a
	last		5000071a
OBJ 5000071a (sz=24, trace=300331, class=java.util.LinkedList$Node@50000515)
	item		500006f3
OBJ 5000071b (sz=32, trace=300283, class=java.util.HashMap$Node@500000b9)
	key		50000717
	value		50000719
	next		5000075e
OBJ 5000071c (sz=24, trace=300333, class=java.util.LinkedList$Node@50000515)
	item		50000717
	next		50000722
	prev		50000716
OBJ 5000071d (sz=24, trace=300327, class=java.lang.String@5000016f)
	value		5000071e
ARR 5000071e (sz=60, trace=300326, nelems=30, elem type=char[])
OBJ 5000071f (sz=32, trace=300329, class=java.util.LinkedList@50000513)
	first		50000720
	last		50000720
OBJ 50000720 (sz=24, trace=300331, class=java.util.LinkedList$Node@50000515)
	item		500006f3
OBJ 50000721 (sz=32, trace=300283, class=java.util.HashMap$Node@500000b9)
	key		5000071d
	value		5000071f
	next		500007e9
OBJ 50000722 (sz=24, trace=300333, class=java.util.LinkedList$Node@50000515)
	item		5000071d
	next		50000728
	prev		5000071c
OBJ 50000723 (sz=24, trace=300327, class=java.lang.String@5000016f)
	value		50000724
ARR 50000724 (sz=34, trace=300326, nelems=17, elem type=char[])
OBJ 50000725 (sz=32, trace=300329, class=java.util.LinkedList@50000513)
	first		50000726
	last		50000726
OBJ 50000726 (sz=24, trace=300331, class=java.util.LinkedList$Node@50000515)
	item		500006f3
OBJ 50000727 (sz=32, trace=300299, class=java.util.HashMap$Node@500000b9)
	key		50000723
	value		50000725
	next		50000770
OBJ 50000728 (sz=24, trace=300333, class=java.util.LinkedList$Node@50000515)
	item		50000723
	next		5000072e
	prev		50000722
OBJ 50000729 (sz=24, trace=300327, class=java.lang.String@5000016f)
	value		5000072a
ARR 5000072a (sz=48, trace=300326, nelems=24, elem type=char[])
OBJ 5000072b (sz=32, trace=300329, class=java.util.LinkedList@50000513)
	first		5000072c
	last		5000072c
OBJ 5000072c (sz=24, trace=300331, class=java.util.LinkedList$Node@50000515)
	item		500006f3
OBJ 5000072d (sz=32, trace=300283, class=java.util.HashMap$Node@500000b9)
	key		50000729
	value		5000072b
OBJ 5000072e (sz=24, trace=300333, class=java.util.LinkedList$Node@50000515)
	item		50000729
	next		50000734
	prev		50000728
OBJ 5000072f (sz=24, trace=300327, class=java.lang.String@5000016f)
	value		50000730
ARR 50000730 (sz=46, trace=300326, nelems=23, elem type=char[])
OBJ 50000731 (sz=32, trace=300329, class=java.util.LinkedList@50000513)
	first		50000732
	last		50000732
OBJ 50000732 (sz=24, trace=300331, class=java.util.LinkedList$Node@50000515)
	item		500006f3
OBJ 50000733 (sz=32, trace=300283, class=java.util.HashMap$Node@500000b9)
	key		5000072f
	value		50000731
	next		500007a1
OBJ 50000734 (sz=24, trace=300333, class=java.util.LinkedList$Node@50000515)
	item		5000072f
	next		5000073a
	prev		5000072e
OBJ 50000735 (sz=24, trace=300327, class=java.lang.String@5000016f)
	value		50000736
ARR 50000736 (sz=54, trace=300326, nelems=27, elem type=char[])
OBJ 50000737 (sz=32, trace=300329, class=java.util.LinkedList@50000513)
	first		50000738
	last		50000738
OBJ 50000738 (sz=24, trace=300331, class=java.util.LinkedList$Node@50000515)
	item		500006f3
OBJ 50000739 (sz=32, trace=300299, class=java.util.HashMap$Node@500000b9)
	key		50000735
	value		50000737
OBJ 5000073a (sz=24, trace=300333, class=java.util.LinkedList$Node@50000515)
	item		50000735
	next		50000740
	prev		50000734
OBJ 5000073b (sz=24, trace=300327, class=java.lang.String@5000016f)
	value		5000073c
ARR 5000073c (sz=82, trace=300326, nelems=41, elem type=char[])
OBJ 5000073d (sz=32, trace=300329, class=java.util.LinkedList@50000513)
	first		5000073e
	last		5000073e
OBJ 5000073e (sz=24, trace=300331, class=java.util.LinkedList$Node@50000515)
	item		500006f3
OBJ 5000073f (sz=32, trace=300283, class=java.util.HashMap$Node@500000b9)
	key		5000073b
	value		5000073d
OBJ 50000740 (sz=24, trace=300333, class=java.util.LinkedList$Node@50000515)
	item		5000073b
	next		50000747
	prev		5000073a
OBJ 50000741 (sz=24, trace=300327, class=java.lang.String@5000016f)
	value		50000742
ARR 50000742 (sz=72, trace=300326, nelems=36, elem type=char[])
OBJ 50000743 (sz=32, trace=300329, class=java.util.LinkedList@50000513)
	first		50000744
	last		50000744
OBJ 50000744 (sz=24, trace=300331, class=java.util.LinkedList$Node@50000515)
	item		500006f3
OBJ 50000745 (sz=32, trace=300283, class=java.util.HashMap$Node@500000b9)
	key		50000741
	value		50000743
OBJ 50000746 (sz=32, trace=301713, class=java.util.ArrayList$Itr@50001974)
OBJ 50000747 (sz=24, trace=300333, class=java.util.LinkedList$Node@50000515)
	item		50000741
	next		5000074d
	prev		50000740
OBJ 50000748 (sz=24, trace=300327, class=java.lang.String@5000016f)
	value		50000749
ARR 50000749 (sz=66, trace=300326, nelems=33, elem type=char[])
OBJ 5000074a (sz=32, trace=300329, class=java.util.LinkedList@50000513)
	first		5000074b
	last		5000074b
OBJ 5000074b (sz=24, trace=300331, class=java.util.LinkedList$Node@50000515)
	item		500006f3
OBJ 5000074c (sz=32, trace=300299, class=java.util.HashMap$Node@500000b9)
	key		50000748
	value		5000074a
OBJ 5000074d (sz=24, trace=300333, class=java.util.LinkedList$Node@50000515)
	item		50000748
	next		50000753
	prev		50000747
OBJ 5000074e (sz=24, trace=300327, class=java.lang.String@5000016f)
	value		5000074f
ARR 5000074f (sz=70, trace=300326, nelems=35, elem type=char[])
OBJ 50000750 (sz=32, trace=300329, class=java.util.LinkedList@50000513)
	first		50000751
	last		50000751
OBJ 50000751 (sz=24, trace=300331, class=java.util.LinkedList$Node@50000515)
	item		500006f3
OBJ 50000752 (sz=32, trace=300283, class=java.util.HashMap$Node@500000b9)
	key		5000074e
	value		50000750
OBJ 50000753 (sz=24, trace=300333, class=java.util.LinkedList$Node@50000515)
	item		5000074e
	next		50000759
	prev		5000074d
OBJ 50000754 (sz=24, trace=300327, class=java.lang.String@5000016f)
	value		50000755
ARR 50000755 (sz=68, trace=300326, nelems=34, elem type=char[])
OBJ 50000756 (sz=32, trace=300329, class=java.util.LinkedList@50000513)
	first		50000757
	last		50000757
OBJ 50000757 (sz=24, trace=300331, class=java.util.LinkedList$Node@50000515)
	item		500006f3
OBJ 50000758 (sz=32, trace=300283, class=java.util.HashMap$Node@500000b9)
	key		50000754
	value		50000756
OBJ 50000759 (sz=24, trace=300333, class=java.util.LinkedList$Node@50000515)
	item		50000754
	next		5000075f
	prev		50000753
OBJ 5000075a (sz=24, trace=300327, class=java.lang.String@5000016f)
	value		5000075b
ARR 5000075b (sz=60, trace=300326, nelems=30, elem type=char[])
OBJ 5000075c (sz=32, trace=300329, class=java.util.LinkedList@50000513)
	first		5000075d
	last		5000075d
OBJ 5000075d (sz=24, trace=300331, class=java.util.LinkedList$Node@50000515)
	item		500006f3
OBJ 5000075e (sz=32, trace=300299, class=java.util.HashMap$Node@500000b9)
	key		5000075a
	value		5000075c
OBJ 5000075f (sz=24, trace=300333, class=java.util.LinkedList$Node@50000515)
	item		5000075a
	next		50000765
	prev		50000759
OBJ 50000760 (sz=24, trace=300327, class=java.lang.String@5000016f)
	value		50000761
ARR 50000761 (sz=58, trace=300326, nelems=29, elem type=char[])
OBJ 50000762 (sz=32, trace=300329, class=java.util.LinkedList@50000513)
	first		50000763
	last		50000763
OBJ 50000763 (sz=24, trace=300331, class=java.util.LinkedList$Node@50000515)
	item		500006f3
OBJ 50000764 (sz=32, trace=300283, class=java.util.HashMap$Node@500000b9)
	key		50000760
	value		50000762
OBJ 50000765 (sz=24, trace=300333, class=java.util.LinkedList$Node@50000515)
	item		50000760
	next		5000076b
	prev		5000075f
OBJ 50000766 (sz=24, trace=300327, class=java.lang.String@5000016f)
	value		50000767
ARR 50000767 (sz=52, trace=300326, nelems=26, elem type=char[])
OBJ 50000768 (sz=32, trace=300329, class=java.util.LinkedList@50000513)
	first		50000769
	last		50000769
OBJ 50000769 (sz=24, trace=300331, class=java.util.LinkedList$Node@50000515)
	item		500006f3
OBJ 5000076a (sz=32, trace=300283, class=java.util.HashMap$Node@500000b9)
	key		50000766
	value		50000768
OBJ 5000076b (sz=24, trace=300333, class=java.util.LinkedList$Node@50000515)
	item		50000766
	next		50000771
	prev		50000765
OBJ 5000076c (sz=24, trace=300327, class=java.lang.String@5000016f)
	value		5000076d
ARR 5000076d (sz=46, trace=300326, nelems=23, elem type=char[])
OBJ 5000076e (sz=32, trace=300329, class=java.util.LinkedList@50000513)
	first		5000076f
	last		5000076f
OBJ 5000076f (sz=24, trace=300331, class=java.util.LinkedList$Node@50000515)
	item		500006f3
OBJ 50000770 (sz=32, trace=300299, class=java.util.HashMap$Node@500000b9)
	key		5000076c
	value		5000076e
	next		50000776
OBJ 50000771 (sz=24, trace=300333, class=java.util.LinkedList$Node@50000515)
	item		5000076c
	next		50000777
	prev		5000076b
OBJ 50000772 (sz=24, trace=300327, class=java.lang.String@5000016f)
	value		50000773
ARR 50000773 (sz=50, trace=300326, nelems=25, elem type=char[])
OBJ 50000774 (sz=32, trace=300329, class=java.util.LinkedList@50000513)
	first		50000775
	last		50000775
OBJ 50000775 (sz=24, trace=300331, class=java.util.LinkedList$Node@50000515)
	item		500006f3
OBJ 50000776 (sz=32, trace=300299, class=java.util.HashMap$Node@500000b9)
	key		50000772
	value		50000774
OBJ 50000777 (sz=24, trace=300333, class=java.util.LinkedList$Node@50000515)
	item		50000772
	next		5000077d
	prev		50000771
OBJ 50000778 (sz=24, trace=300327, class=java.lang.String@5000016f)
	value		50000779
ARR 50000779 (sz=70, trace=300326, nelems=35, elem type=char[])
OBJ 5000077a (sz=32, trace=300329, class=java.util.LinkedList@50000513)
	first		5000077b
	last		5000077b
OBJ 5000077b (sz=24, trace=300331, class=java.util.LinkedList$Node@50000515)
	item		500006f3
OBJ 5000077c (sz=32, trace=300299, class=java.util.HashMap$Node@500000b9)
	key		50000778
	value		5000077a
	next		500007b9
OBJ 5000077d (sz=24, trace=300333, class=java.util.LinkedList$Node@50000515)
	item		50000778
	next		50000783
	prev		50000777
OBJ 5000077e (sz=24, trace=300327, class=java.lang.String@5000016f)
	value		5000077f
ARR 5000077f (sz=56, trace=300326, nelems=28, elem type=char[])
OBJ 50000780 (sz=32, trace=300329, class=java.util.LinkedList@50000513)
	first		50000781
	last		50000781
OBJ 50000781 (sz=24, trace=300331, class=java.util.LinkedList$Node@50000515)
	item		500006f3
OBJ 50000782 (sz=32, trace=300283, class=java.util.HashMap$Node@500000b9)
	key		5000077e
	value		50000780
OBJ 50000783 (sz=24, trace=300333, class=java.util.LinkedList$Node@50000515)
	item		5000077e
	next		50000789
	prev		5000077d
OBJ 50000784 (sz=24, trace=300327, class=java.lang.String@5000016f)
	value		50000785
ARR 50000785 (sz=62, trace=300326, nelems=31, elem type=char[])
OBJ 50000786 (sz=32, trace=300329, class=java.util.LinkedList@50000513)
	first		50000787
	last		50000787
OBJ 50000787 (sz=24, trace=300331, class=java.util.LinkedList$Node@50000515)
	item		500006f3
OBJ 50000788 (sz=32, trace=300283, class=java.util.HashMap$Node@500000b9)
	key		50000784
	value		50000786
OBJ 50000789 (sz=24, trace=300333, class=java.util.LinkedList$Node@50000515)
	item		50000784
	next		50000790
	prev		50000783
OBJ 5000078a (sz=24, trace=300327, class=java.lang.String@5000016f)
	value		5000078b
ARR 5000078b (sz=80, trace=300326, nelems=40, elem type=char[])
OBJ 5000078c (sz=32, trace=300329, class=java.util.LinkedList@50000513)
	first		5000078d
	last		5000078d
OBJ 5000078d (sz=24, trace=300331, class=java.util.LinkedList$Node@50000515)
	item		500006f3
OBJ 5000078e (sz=32, trace=300299, class=java.util.HashMap$Node@500000b9)
	key		5000078a
	value		5000078c
	next		5000079b
ARR 5000078f (sz=272, trace=300350, nelems=62, elem type=java.util.HashMap$Node[]@500000b8)
	[0]		500006fa
	[1]		500007a7
	[2]		5000072d
	[5]		500007d7
	[8]		5000070f
	[12]		50000795
	[13]		500007ef
	[15]		50000733
	[17]		50000727
	[19]		50000788
	[20]		50000715
	[21]		50000745
	[22]		50000709
	[25]		5000077c
	[27]		50000782
	[28]		5000073f
	[29]		5000074c
	[33]		50000721
	[35]		50000764
	[39]		50000739
	[40]		500007c5
	[45]		50000752
	[46]		5000076a
	[51]		500007b3
	[54]		5000078e
	[55]		50000703
	[57]		50000758
	[58]		500007bf
	[59]		500007ad
	[61]		5000071b
OBJ 50000790 (sz=24, trace=300333, class=java.util.LinkedList$Node@50000515)
	item		5000078a
	next		50000796
	prev		50000789
OBJ 50000791 (sz=24, trace=300327, class=java.lang.String@5000016f)
	value		50000792
ARR 50000792 (sz=74, trace=300326, nelems=37, elem type=char[])
OBJ 50000793 (sz=32, trace=300329, class=java.util.LinkedList@50000513)
	first		50000794
	last		50000794
OBJ 50000794 (sz=24, trace=300331, class=java.util.LinkedList$Node@50000515)
	item		500006f3
OBJ 50000795 (sz=32, trace=300283, class=java.util.HashMap$Node@500000b9)
	key		50000791
	value		50000793
	next		500007dd
OBJ 50000796 (sz=24, trace=300333, class=java.util.LinkedList$Node@50000515)
	item		50000791
	next		5000079c
	prev		50000790
OBJ 50000797 (sz=24, trace=300327, class=java.lang.String@5000016f)
	value		50000798
ARR 50000798 (sz=82, trace=300326, nelems=41, elem type=char[])
OBJ 50000799 (sz=32, trace=300329, class=java.util.LinkedList@50000513)
	first		5000079a
	last		5000079a
OBJ 5000079a (sz=24, trace=300331, class=java.util.LinkedList$Node@50000515)
	item		500006f3
OBJ 5000079b (sz=32, trace=300299, class=java.util.HashMap$Node@500000b9)
	key		50000797
	value		50000799
OBJ 5000079c (sz=24, trace=300333, class=java.util.LinkedList$Node@50000515)
	item		50000797
	next		500007a2
	prev		50000796
OBJ 5000079d (sz=24, trace=300327, class=java.lang.String@5000016f)
	value		5000079e
ARR 5000079e (sz=90, trace=300326, nelems=45, elem type=char[])
OBJ 5000079f (sz=32, trace=300329, class=java.util.LinkedList@50000513)
	first		500007a0
	last		500007a0
OBJ 500007a0 (sz=24, trace=300331, class=java.util.LinkedList$Node@50000515)
	item		500006f3
OBJ 500007a1 (sz=32, trace=300299, class=java.util.HashMap$Node@500000b9)
	key		5000079d
	value		5000079f
OBJ 500007a2 (sz=24, trace=300333, class=java.util.LinkedList$Node@50000515)
	item		5000079d
	next		500007a8
	prev		5000079c
OBJ 500007a3 (sz=24, trace=300327, class=java.lang.String@5000016f)
	value		500007a4
ARR 500007a4 (sz=98, trace=300326, nelems=49, elem type=char[])
OBJ 500007a5 (sz=32, trace=300329, class=java.util.LinkedList@50000513)
	first		500007a6
	last		500007a6
OBJ 500007a6 (sz=24, trace=300331, class=java.util.LinkedList$Node@50000515)
	item		500006f3
OBJ 500007a7 (sz=32, trace=300283, class=java.util.HashMap$Node@500000b9)
	key		500007a3
	value		500007a5
OBJ 500007a8 (sz=24, trace=300333, class=java.util.LinkedList$Node@50000515)
	item		500007a3
	next		500007ae
	prev		500007a2
OBJ 500007a9 (sz=24, trace=300327, class=java.lang.String@5000016f)
	value		500007aa
ARR 500007aa (sz=110, trace=300326, nelems=55, elem type=char[])
OBJ 500007ab (sz=32, trace=300329, class=java.util.LinkedList@50000513)
	first		500007ac
	last		500007ac
OBJ 500007ac (sz=24, trace=300331, class=java.util.LinkedList$Node@50000515)
	item		500006f3
OBJ 500007ad (sz=32, trace=300283, class=java.util.HashMap$Node@500000b9)
	key		500007a9
	value		500007ab
OBJ 500007ae (sz=24, trace=300333, class=java.util.LinkedList$Node@50000515)
	item		500007a9
	next		500007b4
	prev		500007a8
OBJ 500007af (sz=24, trace=300327, class=java.lang.String@5000016f)
	value		500007b0
ARR 500007b0 (sz=130, trace=300326, nelems=65, elem type=char[])
OBJ 500007b1 (sz=32, trace=300329, class=java.util.LinkedList@50000513)
	first		500007b2
	last		500007b2
OBJ 500007b2 (sz=24, trace=300331, class=java.util.LinkedList$Node@50000515)
	item		500006f3
OBJ 500007b3 (sz=32, trace=300283, class=java.util.HashMap$Node@500000b9)
	key		500007af
	value		500007b1
OBJ 500007b4 (sz=24, trace=300333, class=java.util.LinkedList$Node@50000515)
	item		500007af
	next		500007ba
	prev		500007ae
OBJ 500007b5 (sz=24, trace=300327, class=java.lang.String@5000016f)
	value		500007b6
ARR 500007b6 (sz=158, trace=300326, nelems=79, elem type=char[])
OBJ 500007b7 (sz=32, trace=300329, class=java.util.LinkedList@50000513)
	first		500007b8
	last		500007b8
OBJ 500007b8 (sz=24, trace=300331, class=java.util.LinkedList$Node@50000515)
	item		500006f3
OBJ 500007b9 (sz=32, trace=300299, class=java.util.HashMap$Node@500000b9)
	key		500007b5
	value		500007b7
OBJ 500007ba (sz=24, trace=300333, class=java.util.LinkedList$Node@50000515)
	item		500007b5
	next		500007c0
	prev		500007b4
OBJ 500007bb (sz=24, trace=300327, class=java.lang.String@5000016f)
	value		500007bc
ARR 500007bc (sz=142, trace=300326, nelems=71, elem type=char[])
OBJ 500007bd (sz=32, trace=300329, class=java.util.LinkedList@50000513)
	first		500007be
	last		500007be
OBJ 500007be (sz=24, trace=300331, class=java.util.LinkedList$Node@50000515)
	item		500006f3
OBJ 500007bf (sz=32, trace=300283, class=java.util.HashMap$Node@500000b9)
	key		500007bb
	value		500007bd
	next		500007e3
OBJ 500007c0 (sz=24, trace=300333, class=java.util.LinkedList$Node@50000515)
	item		500007bb
	next		500007c6
	prev		500007ba
OBJ 500007c1 (sz=24, trace=300327, class=java.lang.String@5000016f)
	value		500007c2
ARR 500007c2 (sz=128, trace=300326, nelems=64, elem type=char[])
OBJ 500007c3 (sz=32, trace=300329, class=java.util.LinkedList@50000513)
	first		500007c4
	last		500007c4
OBJ 500007c4 (sz=24, trace=300331, class=java.util.LinkedList$Node@50000515)
	item		500006f3
OBJ 500007c5 (sz=32, trace=300283, class=java.util.HashMap$Node@500000b9)
	key		500007c1
	value		500007c3
OBJ 500007c6 (sz=24, trace=300333, class=java.util.LinkedList$Node@50000515)
	item		500007c1
	next		500007cc
	prev		500007c0
OBJ 500007c7 (sz=24, trace=300327, class=java.lang.String@5000016f)
	value		500007c8
ARR 500007c8 (sz=122, trace=300326, nelems=61, elem type=char[])
OBJ 500007c9 (sz=32, trace=300329, class=java.util.LinkedList@50000513)
	first		500007ca
	last		500007ca
OBJ 500007ca (sz=24, trace=300331, class=java.util.LinkedList$Node@50000515)
	item		500006f3
OBJ 500007cb (sz=32, trace=300299, class=java.util.HashMap$Node@500000b9)
	key		500007c7
	value		500007c9
OBJ 500007cc (sz=24, trace=300333, class=java.util.LinkedList$Node@50000515)
	item		500007c7
	next		500007d2
	prev		500007c6
OBJ 500007cd (sz=24, trace=300327, class=java.lang.String@5000016f)
	value		500007ce
ARR 500007ce (sz=128, trace=300326, nelems=64, elem type=char[])
OBJ 500007cf (sz=32, trace=300329, class=java.util.LinkedList@50000513)
	first		500007d0
	last		500007d0
OBJ 500007d0 (sz=24, trace=300331, class=java.util.LinkedList$Node@50000515)
	item		500006f3
OBJ 500007d1 (sz=32, trace=300299, class=java.util.HashMap$Node@500000b9)
	key		500007cd
	value		500007cf
OBJ 500007d2 (sz=24, trace=300333, class=java.util.LinkedList$Node@50000515)
	item		500007cd
	next		500007d8
	prev		500007cc
OBJ 500007d3 (sz=24, trace=300327, class=java.lang.String@5000016f)
	value		500007d4
ARR 500007d4 (sz=86, trace=300326, nelems=43, elem type=char[])
OBJ 500007d5 (sz=32, trace=300329, class=java.util.LinkedList@50000513)
	first		500007d6
	last		500007d6
OBJ 500007d6 (sz=24, trace=300331, class=java.util.LinkedList$Node@50000515)
	item		500006f3
OBJ 500007d7 (sz=32, trace=300283, class=java.util.HashMap$Node@500000b9)
	key		500007d3
	value		500007d5
OBJ 500007d8 (sz=24, trace=300333, class=java.util.LinkedList$Node@50000515)
	item		500007d3
	next		500007de
	prev		500007d2
OBJ 500007d9 (sz=24, trace=300327, class=java.lang.String@5000016f)
	value		500007da
ARR 500007da (sz=98, trace=300326, nelems=49, elem type=char[])
OBJ 500007db (sz=32, trace=300329, class=java.util.LinkedList@50000513)
	first		500007dc
	last		500007dc
OBJ 500007dc (sz=24, trace=300331, class=java.util.LinkedList$Node@50000515)
	item		500006f3
OBJ 500007dd (sz=32, trace=300299, class=java.util.HashMap$Node@500000b9)
	key		500007d9
	value		500007db
OBJ 500007de (sz=24, trace=300333, class=java.util.LinkedList$Node@50000515)
	item		500007d9
	next		500007e4
	prev		500007d8
OBJ 500007df (sz=24, trace=300327, class=java.lang.String@5000016f)
	value		500007e0
ARR 500007e0 (sz=106, trace=300326, nelems=53, elem type=char[])
OBJ 500007e1 (sz=32, trace=300329, class=java.util.LinkedList@50000513)
	first		500007e2
	last		500007e2
OBJ 500007e2 (sz=24, trace=300331, class=java.util.LinkedList$Node@50000515)
	item		500006f3
OBJ 500007e3 (sz=32, trace=300299, class=java.util.HashMap$Node@500000b9)
	key		500007df
	value		500007e1
OBJ 500007e4 (sz=24, trace=300333, class=java.util.LinkedList$Node@50000515)
	item		500007df
	next		500007ea
	prev		500007de
OBJ 500007e5 (sz=24, trace=300327, class=java.lang.String@5000016f)
	value		500007e6
ARR 500007e6 (sz=46, trace=300326, nelems=23, elem type=char[])
OBJ 500007e7 (sz=32, trace=300329, class=java.util.LinkedList@50000513)
	first		500007e8
	last		500007e8
OBJ 500007e8 (sz=24, trace=300331, class=java.util.LinkedList$Node@50000515)
	item		500006f3
OBJ 500007e9 (sz=32, trace=300299, class=java.util.HashMap$Node@500000b9)
	key		500007e5
	value		500007e7
OBJ 500007ea (sz=24, trace=300333, class=java.util.LinkedList$Node@50000515)
	item		500007e5
	next		500007f0
	prev		500007e4
OBJ 500007eb (sz=24, trace=300327, class=java.lang.String@5000016f)
	value		500007ec
ARR 500007ec (sz=52, trace=300326, nelems=26, elem type=char[])
OBJ 500007ed (sz=32, trace=300329, class=java.util.LinkedList@50000513)
	first		500007ee
	last		500007ee
OBJ 500007ee (sz=24, trace=300331, class=java.util.LinkedList$Node@50000515)
	item		500006f3
OBJ 500007ef (sz=32, trace=300283, class=java.util.HashMap$Node@500000b9)
	key		500007eb
	value		500007ed
OBJ 500007f0 (sz=24, trace=300333, class=java.util.LinkedList$Node@50000515)
	item		500007eb
	prev		500007ea
OBJ 500007f1 (sz=32, trace=301763, class=Line@50006f05)
OBJ 500007f2 (sz=16, trace=301715, class=java.lang.Integer@5000010c)
ARR 500007f3 (sz=24, trace=300334, nelems=1, elem type=java.lang.String[]@500000cf)
	[0]		500006f3
ARR 500007f4 (sz=24, trace=301762, nelems=0, elem type=int[])
OBJ 500007f5 (sz=32, trace=301713, class=java.util.ArrayList$Itr@50001974)
OBJ 500007f6 (sz=32, trace=301763, class=Line@50006f05)
OBJ 500007f7 (sz=16, trace=301715, class=java.lang.Integer@5000010c)
ARR 500007f8 (sz=24, trace=301762, nelems=0, elem type=int[])
OBJ 500007f9 (sz=32, trace=301713, class=java.util.ArrayList$Itr@50001974)
OBJ 500007fa (sz=32, trace=301763, class=Line@50006f05)
OBJ 500007fb (sz=16, trace=301715, class=java.lang.Integer@5000010c)
ARR 500007fc (sz=24, trace=301762, nelems=0, elem type=int[])
OBJ 500007fd (sz=32, trace=301713, class=java.util.ArrayList$Itr@50001974)
OBJ 500007fe (sz=32, trace=301763, class=Line@50006f05)
OBJ 500007ff (sz=16, trace=301715, class=java.lang.Integer@5000010c)
OBJ 50000800 (sz=24, trace=300344, class=java.lang.String@5000016f)
	value		50000801
ARR 50000801 (sz=102, trace=300128, nelems=51, elem type=char[])
OBJ 50000802 (sz=32, trace=300299, class=java.util.HashMap$Node@500000b9)
	key		50000800
	value		500006b6
ARR 50000803 (sz=24, trace=301762, nelems=0, elem type=int[])
OBJ 50000804 (sz=32, trace=301713, class=java.util.ArrayList$Itr@50001974)
OBJ 50000805 (sz=32, trace=301763, class=Line@50006f05)
OBJ 50000806 (sz=16, trace=301715, class=java.lang.Integer@5000010c)
ARR 50000807 (sz=24, trace=301762, nelems=0, elem type=int[])
OBJ 50000808 (sz=32, trace=301713, class=java.util.ArrayList$Itr@50001974)
OBJ 50000809 (sz=32, trace=301763, class=Line@50006f05)
OBJ 5000080a (sz=16, trace=301715, class=java.lang.Integer@5000010c)
ARR 5000080b (sz=24, trace=301762, nelems=0, elem type=int[])
OBJ 5000080c (sz=32, trace=301713, class=java.util.ArrayList$Itr@50001974)
OBJ 5000080d (sz=32, trace=301763, class=Line@50006f05)
OBJ 5000080e (sz=16, trace=301715, class=java.lang.Integer@5000010c)
ARR 5000080f (sz=24, trace=301762, nelems=0, elem type=int[])
OBJ 50000810 (sz=32, trace=301713, class=java.util.ArrayList$Itr@50001974)
OBJ 50000811 (sz=32, trace=301763, class=Line@50006f05)
OBJ 50000812 (sz=16, trace=301715, class=java.lang.Integer@5000010c)
ARR 50000813 (sz=24, trace=301762, nelems=0, elem type=int[])
OBJ 50000814 (sz=32, trace=301713, class=java.util.ArrayList$Itr@50001974)
OBJ 50000815 (sz=32, trace=301763, class=Line@50006f05)
ARR 50000816 (sz=24, trace=301762, nelems=0, elem type=int[])
OBJ 50000817 (sz=32, trace=301713, class=java.util.ArrayList$Itr@50001974)
OBJ 50000818 (sz=24, trace=300149, class=java.lang.String@5000016f)
	value		50000819
ARR 50000819 (sz=104, trace=300150, nelems=52, elem type=char[])
OBJ 5000081a (sz=64, trace=300151, class=java.net.URL@5000011b)
	protocol	50009a58
	host		500095b3
	file		50000818
	authority	500095b3
	path		50000818
	handler		50009ff0
OBJ 5000081b (sz=32, trace=301763, class=Line@50006f05)
OBJ 5000081c (sz=48, trace=300153, class=sun.misc.URLClassPath$JarLoader@50000231)
	base		5000081a
	jar		50000826
	csu		5000a008
	index		50000849
	handler		50009ff0
	lmap		50009ff1
OBJ 5000081d (sz=16, trace=301715, class=java.lang.Integer@5000010c)
ARR 5000081e (sz=24, trace=301762, nelems=0, elem type=int[])
OBJ 5000081f (sz=32, trace=301713, class=java.util.ArrayList$Itr@50001974)
OBJ 50000820 (sz=32, trace=301763, class=Line@50006f05)
OBJ 50000821 (sz=16, trace=301715, class=java.lang.Integer@5000010c)
ARR 50000822 (sz=24, trace=301762, nelems=0, elem type=int[])
OBJ 50000823 (sz=32, trace=301713, class=java.util.ArrayList$Itr@50001974)
OBJ 50000824 (sz=32, trace=301763, class=Line@50006f05)
ARR 50000825 (sz=24, trace=301762, nelems=0, elem type=int[])
OBJ 50000826 (sz=64, trace=300189, class=java.util.jar.JarFile@5000025e)
	name		5000a027
	zc		5000082e
	streams		50000828
	inflaterCache	5000082c
OBJ 50000827 (sz=40, trace=300097, class=java.lang.ref.Finalizer@5000014e)
	referent	50000826
	queue		5000945f
	next		500006db
	prev		50000841
OBJ 50000828 (sz=48, trace=300190, class=java.util.WeakHashMap@500000ac)
	table		5000082b
	queue		50000829
OBJ 50000829 (sz=32, trace=300191, class=java.lang.ref.ReferenceQueue@500000de)
	lock		5000082a
OBJ 5000082a (sz=16, trace=300192, class=java.lang.ref.ReferenceQueue$Lock@500000dc)
ARR 5000082b (sz=80, trace=300193, nelems=0, elem type=java.util.WeakHashMap$Entry[]@50000045)
OBJ 5000082c (sz=24, trace=300195, class=java.util.ArrayDeque@500002c1)
	elements	5000082d
ARR 5000082d (sz=80, trace=300196, nelems=0, elem type=java.lang.Object[]@5000010a)
OBJ 5000082e (sz=32, trace=300198, class=java.util.zip.ZipCoder@500002c4)
	cs		50009acb
	enc		50000834
OBJ 5000082f (sz=32, trace=301713, class=java.util.ArrayList$Itr@50001974)
OBJ 50000830 (sz=32, trace=301763, class=Line@50006f05)
OBJ 50000831 (sz=16, trace=301715, class=java.lang.Integer@5000010c)
ARR 50000832 (sz=24, trace=301762, nelems=0, elem type=int[])
OBJ 50000833 (sz=32, trace=301713, class=java.util.ArrayList$Itr@50001974)
OBJ 50000834 (sz=56, trace=300220, class=sun.nio.cs.UTF_8$Encoder@50000071)
	charset		50009acb
	replacement	50000835
	malformedInputAction	50009ac2
	unmappableCharacterAction	50009ac2
ARR 50000835 (sz=1, trace=300221, nelems=1, elem type=byte[])
OBJ 50000836 (sz=32, trace=301763, class=Line@50006f05)
ARR 50000837 (sz=24, trace=301762, nelems=0, elem type=int[])
OBJ 50000838 (sz=32, trace=301713, class=java.util.ArrayList$Itr@50001974)
OBJ 50000839 (sz=32, trace=301763, class=Line@50006f05)
OBJ 5000083a (sz=16, trace=301715, class=java.lang.Integer@5000010c)
ARR 5000083b (sz=24, trace=301762, nelems=0, elem type=int[])
OBJ 5000083c (sz=32, trace=301713, class=java.util.ArrayList$Itr@50001974)
OBJ 5000083d (sz=32, trace=301763, class=Line@50006f05)
OBJ 5000083e (sz=56, trace=300306, class=java.util.zip.ZipFile$ZipFileInputStream@50000328)
OBJ 5000083f (sz=16, trace=301715, class=java.lang.Integer@5000010c)
OBJ 50000840 (sz=48, trace=300307, class=java.util.zip.Inflater@500003a6)
	zsRef		50000842
	buf		50000847
OBJ 50000841 (sz=40, trace=300097, class=java.lang.ref.Finalizer@5000014e)
	referent	50000840
	queue		5000945f
	next		50000827
	prev		500008c5
OBJ 50000842 (sz=24, trace=300293, class=java.util.zip.ZStreamRef@500003aa)
OBJ 50000843 (sz=56, trace=300295, class=java.util.zip.ZipFile$ZipFileInflaterInputStream@500003ad)
ARR 50000844 (sz=24, trace=301762, nelems=0, elem type=int[])
ARR 50000845 (sz=24, trace=300308, nelems=0, elem type=byte[])
ARR 50000846 (sz=528, trace=300309, nelems=0, elem type=byte[])
ARR 50000847 (sz=201, trace=300310, nelems=201, elem type=byte[])
OBJ 50000848 (sz=32, trace=301713, class=java.util.ArrayList$Itr@50001974)
OBJ 50000849 (sz=24, trace=300311, class=sun.misc.JarIndex@500002e8)
	indexMap	5000084a
	jarMap		5000084b
	jarFiles	50000891
OBJ 5000084a (sz=48, trace=300312, class=java.util.HashMap@500000ba)
	table		5000085f
OBJ 5000084b (sz=48, trace=300313, class=java.util.HashMap@500000ba)
	table		50000863
OBJ 5000084c (sz=32, trace=301763, class=Line@50006f05)
OBJ 5000084d (sz=16, trace=301715, class=java.lang.Integer@5000010c)
ARR 5000084e (sz=24, trace=301762, nelems=0, elem type=int[])
OBJ 5000084f (sz=32, trace=301713, class=java.util.ArrayList$Itr@50001974)
OBJ 50000850 (sz=32, trace=301763, class=Line@50006f05)
OBJ 50000851 (sz=16, trace=301715, class=java.lang.Integer@5000010c)
ARR 50000852 (sz=24, trace=301762, nelems=0, elem type=int[])
OBJ 50000853 (sz=32, trace=301713, class=java.util.ArrayList$Itr@50001974)
OBJ 50000854 (sz=32, trace=301763, class=Line@50006f05)
OBJ 50000855 (sz=16, trace=301715, class=java.lang.Integer@5000010c)
ARR 50000856 (sz=24, trace=301762, nelems=0, elem type=int[])
OBJ 50000857 (sz=32, trace=301713, class=java.util.ArrayList$Itr@50001974)
OBJ 50000858 (sz=32, trace=301763, class=Line@50006f05)
OBJ 50000859 (sz=24, trace=300325, class=java.lang.String@5000016f)
	value		5000085a
ARR 5000085a (sz=26, trace=300326, nelems=13, elem type=char[])
OBJ 5000085b (sz=24, trace=300327, class=java.lang.String@5000016f)
	value		5000085c
ARR 5000085c (sz=6, trace=300326, nelems=3, elem type=char[])
OBJ 5000085d (sz=32, trace=300329, class=java.util.LinkedList@50000513)
	first		5000085e
	last		5000085e
OBJ 5000085e (sz=24, trace=300331, class=java.util.LinkedList$Node@50000515)
	item		50000859
ARR 5000085f (sz=80, trace=300332, nelems=14, elem type=java.util.HashMap$Node[]@500000b8)
	[0]		50000860
	[2]		50000887
	[3]		50000875
	[4]		5000087b
	[5]		5000086f
	[7]		50000869
	[13]		5000088d
OBJ 50000860 (sz=32, trace=300283, class=java.util.HashMap$Node@500000b9)
	key		5000085b
	value		5000085d
OBJ 50000861 (sz=32, trace=300329, class=java.util.LinkedList@50000513)
	first		50000862
	last		5000088e
OBJ 50000862 (sz=24, trace=300331, class=java.util.LinkedList$Node@50000515)
	item		5000085b
	next		5000086a
ARR 50000863 (sz=80, trace=300332, nelems=13, elem type=java.util.HashMap$Node[]@500000b8)
	[12]		50000864
OBJ 50000864 (sz=32, trace=300283, class=java.util.HashMap$Node@500000b9)
	key		50000859
	value		50000861
OBJ 50000865 (sz=24, trace=300327, class=java.lang.String@5000016f)
	value		50000866
ARR 50000866 (sz=14, trace=300326, nelems=7, elem type=char[])
OBJ 50000867 (sz=32, trace=300329, class=java.util.LinkedList@50000513)
	first		50000868
	last		50000868
OBJ 50000868 (sz=24, trace=300331, class=java.util.LinkedList$Node@50000515)
	item		50000859
OBJ 50000869 (sz=32, trace=300283, class=java.util.HashMap$Node@500000b9)
	key		50000865
	value		50000867
OBJ 5000086a (sz=24, trace=300333, class=java.util.LinkedList$Node@50000515)
	item		50000865
	next		50000870
	prev		50000862
OBJ 5000086b (sz=24, trace=300327, class=java.lang.String@5000016f)
	value		5000086c
ARR 5000086c (sz=26, trace=300326, nelems=13, elem type=char[])
OBJ 5000086d (sz=32, trace=300329, class=java.util.LinkedList@50000513)
	first		5000086e
	last		5000086e
OBJ 5000086e (sz=24, trace=300331, class=java.util.LinkedList$Node@50000515)
	item		50000859
OBJ 5000086f (sz=32, trace=300283, class=java.util.HashMap$Node@500000b9)
	key		5000086b
	value		5000086d
	next		50000881
OBJ 50000870 (sz=24, trace=300333, class=java.util.LinkedList$Node@50000515)
	item		5000086b
	next		50000876
	prev		5000086a
OBJ 50000871 (sz=24, trace=300327, class=java.lang.String@5000016f)
	value		50000872
ARR 50000872 (sz=34, trace=300326, nelems=17, elem type=char[])
OBJ 50000873 (sz=32, trace=300329, class=java.util.LinkedList@50000513)
	first		50000874
	last		50000874
OBJ 50000874 (sz=24, trace=300331, class=java.util.LinkedList$Node@50000515)
	item		50000859
OBJ 50000875 (sz=32, trace=300283, class=java.util.HashMap$Node@500000b9)
	key		50000871
	value		50000873
OBJ 50000876 (sz=24, trace=300333, class=java.util.LinkedList$Node@50000515)
	item		50000871
	next		5000087c
	prev		50000870
OBJ 50000877 (sz=24, trace=300327, class=java.lang.String@5000016f)
	value		50000878
ARR 50000878 (sz=46, trace=300326, nelems=23, elem type=char[])
OBJ 50000879 (sz=32, trace=300329, class=java.util.LinkedList@50000513)
	first		5000087a
	last		5000087a
OBJ 5000087a (sz=24, trace=300331, class=java.util.LinkedList$Node@50000515)
	item		50000859
OBJ 5000087b (sz=32, trace=300283, class=java.util.HashMap$Node@500000b9)
	key		50000877
	value		50000879
OBJ 5000087c (sz=24, trace=300333, class=java.util.LinkedList$Node@50000515)
	item		50000877
	next		50000882
	prev		50000876
OBJ 5000087d (sz=24, trace=300327, class=java.lang.String@5000016f)
	value		5000087e
ARR 5000087e (sz=54, trace=300326, nelems=27, elem type=char[])
OBJ 5000087f (sz=32, trace=300329, class=java.util.LinkedList@50000513)
	first		50000880
	last		50000880
OBJ 50000880 (sz=24, trace=300331, class=java.util.LinkedList$Node@50000515)
	item		50000859
OBJ 50000881 (sz=32, trace=300299, class=java.util.HashMap$Node@500000b9)
	key		5000087d
	value		5000087f
OBJ 50000882 (sz=24, trace=300333, class=java.util.LinkedList$Node@50000515)
	item		5000087d
	next		50000888
	prev		5000087c
OBJ 50000883 (sz=24, trace=300327, class=java.lang.String@5000016f)
	value		50000884
ARR 50000884 (sz=62, trace=300326, nelems=31, elem type=char[])
OBJ 50000885 (sz=32, trace=300329, class=java.util.LinkedList@50000513)
	first		50000886
	last		50000886
OBJ 50000886 (sz=24, trace=300331, class=java.util.LinkedList$Node@50000515)
	item		50000859
OBJ 50000887 (sz=32, trace=300283, class=java.util.HashMap$Node@500000b9)
	key		50000883
	value		50000885
OBJ 50000888 (sz=24, trace=300333, class=java.util.LinkedList$Node@50000515)
	item		50000883
	next		5000088e
	prev		50000882
OBJ 50000889 (sz=24, trace=300327, class=java.lang.String@5000016f)
	value		5000088a
ARR 5000088a (sz=64, trace=300326, nelems=32, elem type=char[])
OBJ 5000088b (sz=32, trace=300329, class=java.util.LinkedList@50000513)
	first		5000088c
	last		5000088c
OBJ 5000088c (sz=24, trace=300331, class=java.util.LinkedList$Node@50000515)
	item		50000859
OBJ 5000088d (sz=32, trace=300283, class=java.util.HashMap$Node@500000b9)
	key		50000889
	value		5000088b
OBJ 5000088e (sz=24, trace=300333, class=java.util.LinkedList$Node@50000515)
	item		50000889
	prev		50000888
OBJ 5000088f (sz=16, trace=301715, class=java.lang.Integer@5000010c)
ARR 50000890 (sz=24, trace=301762, nelems=0, elem type=int[])
ARR 50000891 (sz=24, trace=300334, nelems=1, elem type=java.lang.String[]@500000cf)
	[0]		50000859
OBJ 50000892 (sz=32, trace=301713, class=java.util.ArrayList$Itr@50001974)
OBJ 50000893 (sz=32, trace=301763, class=Line@50006f05)
OBJ 50000894 (sz=16, trace=301715, class=java.lang.Integer@5000010c)
ARR 50000895 (sz=24, trace=301762, nelems=0, elem type=int[])
OBJ 50000896 (sz=32, trace=301713, class=java.util.ArrayList$Itr@50001974)
OBJ 50000897 (sz=32, trace=301763, class=Line@50006f05)
OBJ 50000898 (sz=16, trace=301715, class=java.lang.Integer@5000010c)
ARR 50000899 (sz=24, trace=301762, nelems=0, elem type=int[])
OBJ 5000089a (sz=32, trace=301713, class=java.util.ArrayList$Itr@50001974)
OBJ 5000089b (sz=32, trace=301763, class=Line@50006f05)
OBJ 5000089c (sz=16, trace=301715, class=java.lang.Integer@5000010c)
ARR 5000089d (sz=24, trace=301762, nelems=0, elem type=int[])
OBJ 5000089e (sz=24, trace=300344, class=java.lang.String@5000016f)
	value		5000089f
ARR 5000089f (sz=104, trace=300128, nelems=52, elem type=char[])
OBJ 500008a0 (sz=32, trace=300299, class=java.util.HashMap$Node@500000b9)
	key		5000089e
	value		5000081c
OBJ 500008a1 (sz=32, trace=301713, class=java.util.ArrayList$Itr@50001974)
OBJ 500008a2 (sz=32, trace=301763, class=Line@50006f05)
OBJ 500008a3 (sz=16, trace=301715, class=java.lang.Integer@5000010c)
ARR 500008a4 (sz=24, trace=301762, nelems=0, elem type=int[])
OBJ 500008a5 (sz=32, trace=301713, class=java.util.ArrayList$Itr@50001974)
OBJ 500008a6 (sz=32, trace=301763, class=Line@50006f05)
OBJ 500008a7 (sz=16, trace=301715, class=java.lang.Integer@5000010c)
ARR 500008a8 (sz=24, trace=301762, nelems=0, elem type=int[])
OBJ 500008a9 (sz=32, trace=301713, class=java.util.ArrayList$Itr@50001974)
OBJ 500008aa (sz=32, trace=301763, class=Line@50006f05)
OBJ 500008ab (sz=16, trace=301715, class=java.lang.Integer@5000010c)
ARR 500008ac (sz=24, trace=301762, nelems=0, elem type=int[])
OBJ 500008ad (sz=32, trace=301713, class=java.util.ArrayList$Itr@50001974)
OBJ 500008ae (sz=32, trace=301763, class=Line@50006f05)
OBJ 500008af (sz=16, trace=301715, class=java.lang.Integer@5000010c)
ARR 500008b0 (sz=24, trace=301762, nelems=0, elem type=int[])
OBJ 500008b1 (sz=32, trace=301713, class=java.util.ArrayList$Itr@50001974)
OBJ 500008b2 (sz=32, trace=301763, class=Line@50006f05)
OBJ 500008b3 (sz=16, trace=301715, class=java.lang.Integer@5000010c)
ARR 500008b4 (sz=24, trace=301762, nelems=0, elem type=int[])
OBJ 500008b5 (sz=32, trace=301713, class=java.util.ArrayList$Itr@50001974)
OBJ 500008b6 (sz=24, trace=300149, class=java.lang.String@5000016f)
	value		500008b7
ARR 500008b7 (sz=102, trace=300150, nelems=51, elem type=char[])
OBJ 500008b8 (sz=64, trace=300151, class=java.net.URL@5000011b)
	protocol	50009a58
	host		500095b3
	file		500008b6
	authority	500095b3
	path		500008b6
	handler		50009ff0
OBJ 500008b9 (sz=32, trace=301763, class=Line@50006f05)
OBJ 500008ba (sz=48, trace=300153, class=sun.misc.URLClassPath$JarLoader@50000231)
	base		500008b8
	jar		500008c4
	csu		5000a009
	index		500008ea
	handler		50009ff0
	lmap		50009ff1
OBJ 500008bb (sz=16, trace=301715, class=java.lang.Integer@5000010c)
ARR 500008bc (sz=24, trace=301762, nelems=0, elem type=int[])
OBJ 500008bd (sz=32, trace=301713, class=java.util.ArrayList$Itr@50001974)
OBJ 500008be (sz=32, trace=301763, class=Line@50006f05)
OBJ 500008bf (sz=16, trace=301715, class=java.lang.Integer@5000010c)
ARR 500008c0 (sz=24, trace=301762, nelems=0, elem type=int[])
OBJ 500008c1 (sz=32, trace=301713, class=java.util.ArrayList$Itr@50001974)
OBJ 500008c2 (sz=32, trace=301763, class=Line@50006f05)
OBJ 500008c3 (sz=16, trace=301715, class=java.lang.Integer@5000010c)
OBJ 500008c4 (sz=64, trace=300189, class=java.util.jar.JarFile@5000025e)
	name		5000a025
	zc		500008cc
	streams		500008c6
	inflaterCache	500008ca
OBJ 500008c5 (sz=40, trace=300097, class=java.lang.ref.Finalizer@5000014e)
	referent	500008c4
	queue		5000945f
	next		50000841
	prev		500008e2
OBJ 500008c6 (sz=48, trace=300190, class=java.util.WeakHashMap@500000ac)
	table		500008c9
	queue		500008c7
OBJ 500008c7 (sz=32, trace=300191, class=java.lang.ref.ReferenceQueue@500000de)
	lock		500008c8
OBJ 500008c8 (sz=16, trace=300192, class=java.lang.ref.ReferenceQueue$Lock@500000dc)
ARR 500008c9 (sz=80, trace=300193, nelems=0, elem type=java.util.WeakHashMap$Entry[]@50000045)
OBJ 500008ca (sz=24, trace=300195, class=java.util.ArrayDeque@500002c1)
	elements	500008cb
ARR 500008cb (sz=80, trace=300196, nelems=0, elem type=java.lang.Object[]@5000010a)
OBJ 500008cc (sz=32, trace=300198, class=java.util.zip.ZipCoder@500002c4)
	cs		50009acb
	enc		500008d2
ARR 500008cd (sz=24, trace=301762, nelems=0, elem type=int[])
OBJ 500008ce (sz=32, trace=301713, class=java.util.ArrayList$Itr@50001974)
OBJ 500008cf (sz=32, trace=301763, class=Line@50006f05)
OBJ 500008d0 (sz=16, trace=301715, class=java.lang.Integer@5000010c)
ARR 500008d1 (sz=24, trace=301762, nelems=0, elem type=int[])
OBJ 500008d2 (sz=56, trace=300220, class=sun.nio.cs.UTF_8$Encoder@50000071)
	charset		50009acb
	replacement	500008d3
	malformedInputAction	50009ac2
	unmappableCharacterAction	50009ac2
ARR 500008d3 (sz=1, trace=300221, nelems=1, elem type=byte[])
OBJ 500008d4 (sz=32, trace=301713, class=java.util.ArrayList$Itr@50001974)
OBJ 500008d5 (sz=32, trace=301763, class=Line@50006f05)
OBJ 500008d6 (sz=16, trace=301715, class=java.lang.Integer@5000010c)
ARR 500008d7 (sz=24, trace=301762, nelems=0, elem type=int[])
OBJ 500008d8 (sz=32, trace=301713, class=java.util.ArrayList$Itr@50001974)
OBJ 500008d9 (sz=32, trace=301763, class=Line@50006f05)
ARR 500008da (sz=24, trace=301762, nelems=0, elem type=int[])
OBJ 500008db (sz=32, trace=301713, class=java.util.ArrayList$Itr@50001974)
OBJ 500008dc (sz=32, trace=301763, class=Line@50006f05)
OBJ 500008dd (sz=16, trace=301715, class=java.lang.Integer@5000010c)
ARR 500008de (sz=24, trace=301762, nelems=0, elem type=int[])
OBJ 500008df (sz=56, trace=300306, class=java.util.zip.ZipFile$ZipFileInputStream@50000328)
OBJ 500008e0 (sz=32, trace=301713, class=java.util.ArrayList$Itr@50001974)
OBJ 500008e1 (sz=48, trace=300307, class=java.util.zip.Inflater@500003a6)
	zsRef		500008e3
	buf		500008e8
OBJ 500008e2 (sz=40, trace=300097, class=java.lang.ref.Finalizer@5000014e)
	referent	500008e1
	queue		5000945f
	next		500008c5
	prev		50000aa1
OBJ 500008e3 (sz=24, trace=300293, class=java.util.zip.ZStreamRef@500003aa)
OBJ 500008e4 (sz=56, trace=300295, class=java.util.zip.ZipFile$ZipFileInflaterInputStream@500003ad)
OBJ 500008e5 (sz=32, trace=301763, class=Line@50006f05)
ARR 500008e6 (sz=24, trace=300308, nelems=0, elem type=byte[])
ARR 500008e7 (sz=528, trace=300309, nelems=0, elem type=byte[])
ARR 500008e8 (sz=484, trace=300310, nelems=484, elem type=byte[])
ARR 500008e9 (sz=24, trace=301762, nelems=0, elem type=int[])
OBJ 500008ea (sz=24, trace=300311, class=sun.misc.JarIndex@500002e8)
	indexMap	500008eb
	jarMap		500008ec
	jarFiles	50000987
OBJ 500008eb (sz=48, trace=300312, class=java.util.HashMap@500000ba)
	table		5000094d
OBJ 500008ec (sz=48, trace=300313, class=java.util.HashMap@500000ba)
	table		50000904
OBJ 500008ed (sz=32, trace=301713, class=java.util.ArrayList$Itr@50001974)
OBJ 500008ee (sz=32, trace=301763, class=Line@50006f05)
OBJ 500008ef (sz=16, trace=301715, class=java.lang.Integer@5000010c)
ARR 500008f0 (sz=24, trace=301762, nelems=0, elem type=int[])
OBJ 500008f1 (sz=32, trace=301713, class=java.util.ArrayList$Itr@50001974)
OBJ 500008f2 (sz=32, trace=301763, class=Line@50006f05)
OBJ 500008f3 (sz=16, trace=301715, class=java.lang.Integer@5000010c)
ARR 500008f4 (sz=24, trace=301762, nelems=0, elem type=int[])
OBJ 500008f5 (sz=32, trace=301713, class=java.util.ArrayList$Itr@50001974)
OBJ 500008f6 (sz=32, trace=301763, class=Line@50006f05)
OBJ 500008f7 (sz=16, trace=301715, class=java.lang.Integer@5000010c)
ARR 500008f8 (sz=24, trace=301762, nelems=0, elem type=int[])
OBJ 500008f9 (sz=32, trace=301713, class=java.util.ArrayList$Itr@50001974)
OBJ 500008fa (sz=24, trace=300325, class=java.lang.String@5000016f)
	value		500008fb
ARR 500008fb (sz=24, trace=300326, nelems=12, elem type=char[])
OBJ 500008fc (sz=24, trace=300327, class=java.lang.String@5000016f)
	value		500008fd
ARR 500008fd (sz=6, trace=300326, nelems=3, elem type=char[])
OBJ 500008fe (sz=32, trace=300329, class=java.util.LinkedList@50000513)
	first		500008ff
	last		500008ff
OBJ 500008ff (sz=24, trace=300331, class=java.util.LinkedList$Node@50000515)
	item		500008fa
OBJ 50000900 (sz=32, trace=301763, class=Line@50006f05)
OBJ 50000901 (sz=32, trace=300283, class=java.util.HashMap$Node@500000b9)
	key		500008fc
	value		500008fe
	next		50000983
OBJ 50000902 (sz=32, trace=300329, class=java.util.LinkedList@50000513)
	first		50000903
	last		50000984
OBJ 50000903 (sz=24, trace=300331, class=java.util.LinkedList$Node@50000515)
	item		500008fc
	next		5000090b
ARR 50000904 (sz=80, trace=300332, nelems=9, elem type=java.util.HashMap$Node[]@500000b8)
	[8]		50000905
OBJ 50000905 (sz=32, trace=300283, class=java.util.HashMap$Node@500000b9)
	key		500008fa
	value		50000902
OBJ 50000906 (sz=24, trace=300327, class=java.lang.String@5000016f)
	value		50000907
ARR 50000907 (sz=14, trace=300326, nelems=7, elem type=char[])
OBJ 50000908 (sz=32, trace=300329, class=java.util.LinkedList@50000513)
	first		50000909
	last		50000909
OBJ 50000909 (sz=24, trace=300331, class=java.util.LinkedList$Node@50000515)
	item		500008fa
OBJ 5000090a (sz=32, trace=300283, class=java.util.HashMap$Node@500000b9)
	key		50000906
	value		50000908
OBJ 5000090b (sz=24, trace=300333, class=java.util.LinkedList$Node@50000515)
	item		50000906
	next		50000911
	prev		50000903
OBJ 5000090c (sz=24, trace=300327, class=java.lang.String@5000016f)
	value		5000090d
ARR 5000090d (sz=26, trace=300326, nelems=13, elem type=char[])
OBJ 5000090e (sz=32, trace=300329, class=java.util.LinkedList@50000513)
	first		5000090f
	last		5000090f
OBJ 5000090f (sz=24, trace=300331, class=java.util.LinkedList$Node@50000515)
	item		500008fa
OBJ 50000910 (sz=32, trace=300283, class=java.util.HashMap$Node@500000b9)
	key		5000090c
	value		5000090e
	next		5000094c
OBJ 50000911 (sz=24, trace=300333, class=java.util.LinkedList$Node@50000515)
	item		5000090c
	next		50000917
	prev		5000090b
OBJ 50000912 (sz=24, trace=300327, class=java.lang.String@5000016f)
	value		50000913
ARR 50000913 (sz=34, trace=300326, nelems=17, elem type=char[])
OBJ 50000914 (sz=32, trace=300329, class=java.util.LinkedList@50000513)
	first		50000915
	last		50000915
OBJ 50000915 (sz=24, trace=300331, class=java.util.LinkedList$Node@50000515)
	item		500008fa
OBJ 50000916 (sz=32, trace=300283, class=java.util.HashMap$Node@500000b9)
	key		50000912
	value		50000914
OBJ 50000917 (sz=24, trace=300333, class=java.util.LinkedList$Node@50000515)
	item		50000912
	next		5000091d
	prev		50000911
OBJ 50000918 (sz=24, trace=300327, class=java.lang.String@5000016f)
	value		50000919
ARR 50000919 (sz=52, trace=300326, nelems=26, elem type=char[])
OBJ 5000091a (sz=32, trace=300329, class=java.util.LinkedList@50000513)
	first		5000091b
	last		5000091b
OBJ 5000091b (sz=24, trace=300331, class=java.util.LinkedList$Node@50000515)
	item		500008fa
OBJ 5000091c (sz=32, trace=300283, class=java.util.HashMap$Node@500000b9)
	key		50000918
	value		5000091a
OBJ 5000091d (sz=24, trace=300333, class=java.util.LinkedList$Node@50000515)
	item		50000918
	next		50000923
	prev		50000917
OBJ 5000091e (sz=24, trace=300327, class=java.lang.String@5000016f)
	value		5000091f
ARR 5000091f (sz=44, trace=300326, nelems=22, elem type=char[])
OBJ 50000920 (sz=32, trace=300329, class=java.util.LinkedList@50000513)
	first		50000921
	last		50000921
OBJ 50000921 (sz=24, trace=300331, class=java.util.LinkedList$Node@50000515)
	item		500008fa
OBJ 50000922 (sz=32, trace=300283, class=java.util.HashMap$Node@500000b9)
	key		5000091e
	value		50000920
OBJ 50000923 (sz=24, trace=300333, class=java.util.LinkedList$Node@50000515)
	item		5000091e
	next		50000929
	prev		5000091d
OBJ 50000924 (sz=24, trace=300327, class=java.lang.String@5000016f)
	value		50000925
ARR 50000925 (sz=50, trace=300326, nelems=25, elem type=char[])
OBJ 50000926 (sz=32, trace=300329, class=java.util.LinkedList@50000513)
	first		50000927
	last		50000927
OBJ 50000927 (sz=24, trace=300331, class=java.util.LinkedList$Node@50000515)
	item		500008fa
OBJ 50000928 (sz=32, trace=300283, class=java.util.HashMap$Node@500000b9)
	key		50000924
	value		50000926
	next		5000096b
OBJ 50000929 (sz=24, trace=300333, class=java.util.LinkedList$Node@50000515)
	item		50000924
	next		5000092f
	prev		50000923
OBJ 5000092a (sz=24, trace=300327, class=java.lang.String@5000016f)
	value		5000092b
ARR 5000092b (sz=48, trace=300326, nelems=24, elem type=char[])
OBJ 5000092c (sz=32, trace=300329, class=java.util.LinkedList@50000513)
	first		5000092d
	last		5000092d
OBJ 5000092d (sz=24, trace=300331, class=java.util.LinkedList$Node@50000515)
	item		500008fa
OBJ 5000092e (sz=32, trace=300283, class=java.util.HashMap$Node@500000b9)
	key		5000092a
	value		5000092c
OBJ 5000092f (sz=24, trace=300333, class=java.util.LinkedList$Node@50000515)
	item		5000092a
	next		50000935
	prev		50000929
OBJ 50000930 (sz=24, trace=300327, class=java.lang.String@5000016f)
	value		50000931
ARR 50000931 (sz=42, trace=300326, nelems=21, elem type=char[])
OBJ 50000932 (sz=32, trace=300329, class=java.util.LinkedList@50000513)
	first		50000933
	last		50000933
OBJ 50000933 (sz=24, trace=300331, class=java.util.LinkedList$Node@50000515)
	item		500008fa
OBJ 50000934 (sz=32, trace=300283, class=java.util.HashMap$Node@500000b9)
	key		50000930
	value		50000932
OBJ 50000935 (sz=24, trace=300333, class=java.util.LinkedList$Node@50000515)
	item		50000930
	next		5000093b
	prev		5000092f
OBJ 50000936 (sz=24, trace=300327, class=java.lang.String@5000016f)
	value		50000937
ARR 50000937 (sz=54, trace=300326, nelems=27, elem type=char[])
OBJ 50000938 (sz=32, trace=300329, class=java.util.LinkedList@50000513)
	first		50000939
	last		50000939
OBJ 50000939 (sz=24, trace=300331, class=java.util.LinkedList$Node@50000515)
	item		500008fa
OBJ 5000093a (sz=32, trace=300283, class=java.util.HashMap$Node@500000b9)
	key		50000936
	value		50000938
	next		50000971
OBJ 5000093b (sz=24, trace=300333, class=java.util.LinkedList$Node@50000515)
	item		50000936
	next		50000941
	prev		50000935
OBJ 5000093c (sz=24, trace=300327, class=java.lang.String@5000016f)
	value		5000093d
ARR 5000093d (sz=44, trace=300326, nelems=22, elem type=char[])
OBJ 5000093e (sz=32, trace=300329, class=java.util.LinkedList@50000513)
	first		5000093f
	last		5000093f
OBJ 5000093f (sz=24, trace=300331, class=java.util.LinkedList$Node@50000515)
	item		500008fa
OBJ 50000940 (sz=32, trace=300283, class=java.util.HashMap$Node@500000b9)
	key		5000093c
	value		5000093e
OBJ 50000941 (sz=24, trace=300333, class=java.util.LinkedList$Node@50000515)
	item		5000093c
	next		50000947
	prev		5000093b
OBJ 50000942 (sz=24, trace=300327, class=java.lang.String@5000016f)
	value		50000943
ARR 50000943 (sz=48, trace=300326, nelems=24, elem type=char[])
OBJ 50000944 (sz=32, trace=300329, class=java.util.LinkedList@50000513)
	first		50000945
	last		50000945
OBJ 50000945 (sz=24, trace=300331, class=java.util.LinkedList$Node@50000515)
	item		500008fa
OBJ 50000946 (sz=32, trace=300299, class=java.util.HashMap$Node@500000b9)
	key		50000942
	value		50000944
OBJ 50000947 (sz=24, trace=300333, class=java.util.LinkedList$Node@50000515)
	item		50000942
	next		5000094e
	prev		50000941
OBJ 50000948 (sz=24, trace=300327, class=java.lang.String@5000016f)
	value		50000949
ARR 50000949 (sz=10, trace=300326, nelems=5, elem type=char[])
OBJ 5000094a (sz=32, trace=300329, class=java.util.LinkedList@50000513)
	first		5000094b
	last		5000094b
OBJ 5000094b (sz=24, trace=300331, class=java.util.LinkedList$Node@50000515)
	item		500008fa
OBJ 5000094c (sz=32, trace=300299, class=java.util.HashMap$Node@500000b9)
	key		50000948
	value		5000094a
	next		50000965
ARR 5000094d (sz=144, trace=300350, nelems=32, elem type=java.util.HashMap$Node[]@500000b8)
	[0]		50000901
	[2]		50000977
	[4]		5000091c
	[5]		50000959
	[6]		50000934
	[13]		5000095f
	[14]		5000093a
	[17]		50000922
	[18]		5000092e
	[19]		50000916
	[20]		50000946
	[21]		50000910
	[23]		5000090a
	[25]		50000953
	[28]		50000928
	[31]		50000940
OBJ 5000094e (sz=24, trace=300333, class=java.util.LinkedList$Node@50000515)
	item		50000948
	next		50000954
	prev		50000947
OBJ 5000094f (sz=24, trace=300327, class=java.lang.String@5000016f)
	value		50000950
ARR 50000950 (sz=22, trace=300326, nelems=11, elem type=char[])
OBJ 50000951 (sz=32, trace=300329, class=java.util.LinkedList@50000513)
	first		50000952
	last		50000952
OBJ 50000952 (sz=24, trace=300331, class=java.util.LinkedList$Node@50000515)
	item		500008fa
OBJ 50000953 (sz=32, trace=300283, class=java.util.HashMap$Node@500000b9)
	key		5000094f
	value		50000951
OBJ 50000954 (sz=24, trace=300333, class=java.util.LinkedList$Node@50000515)
	item		5000094f
	next		5000095a
	prev		5000094e
OBJ 50000955 (sz=24, trace=300327, class=java.lang.String@5000016f)
	value		50000956
ARR 50000956 (sz=30, trace=300326, nelems=15, elem type=char[])
OBJ 50000957 (sz=32, trace=300329, class=java.util.LinkedList@50000513)
	first		50000958
	last		50000958
OBJ 50000958 (sz=24, trace=300331, class=java.util.LinkedList$Node@50000515)
	item		500008fa
OBJ 50000959 (sz=32, trace=300283, class=java.util.HashMap$Node@500000b9)
	key		50000955
	value		50000957
OBJ 5000095a (sz=24, trace=300333, class=java.util.LinkedList$Node@50000515)
	item		50000955
	next		50000960
	prev		50000954
OBJ 5000095b (sz=24, trace=300327, class=java.lang.String@5000016f)
	value		5000095c
ARR 5000095c (sz=48, trace=300326, nelems=24, elem type=char[])
OBJ 5000095d (sz=32, trace=300329, class=java.util.LinkedList@50000513)
	first		5000095e
	last		5000095e
OBJ 5000095e (sz=24, trace=300331, class=java.util.LinkedList$Node@50000515)
	item		500008fa
OBJ 5000095f (sz=32, trace=300283, class=java.util.HashMap$Node@500000b9)
	key		5000095b
	value		5000095d
OBJ 50000960 (sz=24, trace=300333, class=java.util.LinkedList$Node@50000515)
	item		5000095b
	next		50000966
	prev		5000095a
OBJ 50000961 (sz=24, trace=300327, class=java.lang.String@5000016f)
	value		50000962
ARR 50000962 (sz=48, trace=300326, nelems=24, elem type=char[])
OBJ 50000963 (sz=32, trace=300329, class=java.util.LinkedList@50000513)
	first		50000964
	last		50000964
OBJ 50000964 (sz=24, trace=300331, class=java.util.LinkedList$Node@50000515)
	item		500008fa
OBJ 50000965 (sz=32, trace=300299, class=java.util.HashMap$Node@500000b9)
	key		50000961
	value		50000963
OBJ 50000966 (sz=24, trace=300333, class=java.util.LinkedList$Node@50000515)
	item		50000961
	next		5000096c
	prev		50000960
OBJ 50000967 (sz=24, trace=300327, class=java.lang.String@5000016f)
	value		50000968
ARR 50000968 (sz=48, trace=300326, nelems=24, elem type=char[])
OBJ 50000969 (sz=32, trace=300329, class=java.util.LinkedList@50000513)
	first		5000096a
	last		5000096a
OBJ 5000096a (sz=24, trace=300331, class=java.util.LinkedList$Node@50000515)
	item		500008fa
OBJ 5000096b (sz=32, trace=300299, class=java.util.HashMap$Node@500000b9)
	key		50000967
	value		50000969
	next		5000097d
OBJ 5000096c (sz=24, trace=300333, class=java.util.LinkedList$Node@50000515)
	item		50000967
	next		50000972
	prev		50000966
OBJ 5000096d (sz=24, trace=300327, class=java.lang.String@5000016f)
	value		5000096e
ARR 5000096e (sz=44, trace=300326, nelems=22, elem type=char[])
OBJ 5000096f (sz=32, trace=300329, class=java.util.LinkedList@50000513)
	first		50000970
	last		50000970
OBJ 50000970 (sz=24, trace=300331, class=java.util.LinkedList$Node@50000515)
	item		500008fa
OBJ 50000971 (sz=32, trace=300299, class=java.util.HashMap$Node@500000b9)
	key		5000096d
	value		5000096f
OBJ 50000972 (sz=24, trace=300333, class=java.util.LinkedList$Node@50000515)
	item		5000096d
	next		50000978
	prev		5000096c
OBJ 50000973 (sz=24, trace=300327, class=java.lang.String@5000016f)
	value		50000974
ARR 50000974 (sz=50, trace=300326, nelems=25, elem type=char[])
OBJ 50000975 (sz=32, trace=300329, class=java.util.LinkedList@50000513)
	first		50000976
	last		50000976
OBJ 50000976 (sz=24, trace=300331, class=java.util.LinkedList$Node@50000515)
	item		500008fa
OBJ 50000977 (sz=32, trace=300283, class=java.util.HashMap$Node@500000b9)
	key		50000973
	value		50000975
OBJ 50000978 (sz=24, trace=300333, class=java.util.LinkedList$Node@50000515)
	item		50000973
	next		5000097e
	prev		50000972
OBJ 50000979 (sz=24, trace=300327, class=java.lang.String@5000016f)
	value		5000097a
ARR 5000097a (sz=40, trace=300326, nelems=20, elem type=char[])
OBJ 5000097b (sz=32, trace=300329, class=java.util.LinkedList@50000513)
	first		5000097c
	last		5000097c
OBJ 5000097c (sz=24, trace=300331, class=java.util.LinkedList$Node@50000515)
	item		500008fa
OBJ 5000097d (sz=32, trace=300299, class=java.util.HashMap$Node@500000b9)
	key		50000979
	value		5000097b
OBJ 5000097e (sz=24, trace=300333, class=java.util.LinkedList$Node@50000515)
	item		50000979
	next		50000984
	prev		50000978
OBJ 5000097f (sz=24, trace=300327, class=java.lang.String@5000016f)
	value		50000980
ARR 50000980 (sz=44, trace=300326, nelems=22, elem type=char[])
OBJ 50000981 (sz=32, trace=300329, class=java.util.LinkedList@50000513)
	first		50000982
	last		50000982
OBJ 50000982 (sz=24, trace=300331, class=java.util.LinkedList$Node@50000515)
	item		500008fa
OBJ 50000983 (sz=32, trace=300299, class=java.util.HashMap$Node@500000b9)
	key		5000097f
	value		50000981
OBJ 50000984 (sz=24, trace=300333, class=java.util.LinkedList$Node@50000515)
	item		5000097f
	prev		5000097e
OBJ 50000985 (sz=16, trace=301715, class=java.lang.Integer@5000010c)
ARR 50000986 (sz=24, trace=301762, nelems=0, elem type=int[])
ARR 50000987 (sz=24, trace=300334, nelems=1, elem type=java.lang.String[]@500000cf)
	[0]		500008fa
OBJ 50000988 (sz=32, trace=301713, class=java.util.ArrayList$Itr@50001974)
OBJ 50000989 (sz=32, trace=301763, class=Line@50006f05)
OBJ 5000098a (sz=16, trace=301715, class=java.lang.Integer@5000010c)
ARR 5000098b (sz=24, trace=301762, nelems=0, elem type=int[])
OBJ 5000098c (sz=32, trace=301713, class=java.util.ArrayList$Itr@50001974)
OBJ 5000098d (sz=32, trace=301763, class=Line@50006f05)
OBJ 5000098e (sz=16, trace=301715, class=java.lang.Integer@5000010c)
ARR 5000098f (sz=24, trace=301762, nelems=0, elem type=int[])
OBJ 50000990 (sz=32, trace=301713, class=java.util.ArrayList$Itr@50001974)
OBJ 50000991 (sz=32, trace=301763, class=Line@50006f05)
OBJ 50000992 (sz=16, trace=301715, class=java.lang.Integer@5000010c)
ARR 50000993 (sz=24, trace=301762, nelems=0, elem type=int[])
OBJ 50000994 (sz=24, trace=300344, class=java.lang.String@5000016f)
	value		50000995
ARR 50000995 (sz=102, trace=300128, nelems=51, elem type=char[])
OBJ 50000996 (sz=32, trace=300299, class=java.util.HashMap$Node@500000b9)
	key		50000994
	value		500008ba
OBJ 50000997 (sz=32, trace=301713, class=java.util.ArrayList$Itr@50001974)
OBJ 50000998 (sz=32, trace=301763, class=Line@50006f05)
OBJ 50000999 (sz=16, trace=301715, class=java.lang.Integer@5000010c)
ARR 5000099a (sz=24, trace=301762, nelems=0, elem type=int[])
OBJ 5000099b (sz=32, trace=301713, class=java.util.ArrayList$Itr@50001974)
OBJ 5000099c (sz=32, trace=301763, class=Line@50006f05)
ARR 5000099d (sz=24, trace=301762, nelems=0, elem type=int[])
OBJ 5000099e (sz=32, trace=301713, class=java.util.ArrayList$Itr@50001974)
OBJ 5000099f (sz=32, trace=301763, class=Line@50006f05)
OBJ 500009a0 (sz=16, trace=301715, class=java.lang.Integer@5000010c)
ARR 500009a1 (sz=24, trace=301762, nelems=0, elem type=int[])
OBJ 500009a2 (sz=32, trace=301713, class=java.util.ArrayList$Itr@50001974)
OBJ 500009a3 (sz=32, trace=301763, class=Line@50006f05)
OBJ 500009a4 (sz=16, trace=301715, class=java.lang.Integer@5000010c)
ARR 500009a5 (sz=24, trace=301762, nelems=0, elem type=int[])
OBJ 500009a6 (sz=32, trace=301713, class=java.util.ArrayList$Itr@50001974)
OBJ 500009a7 (sz=32, trace=301763, class=Line@50006f05)
OBJ 500009a8 (sz=16, trace=301715, class=java.lang.Integer@5000010c)
ARR 500009a9 (sz=24, trace=301762, nelems=0, elem type=int[])
OBJ 500009aa (sz=32, trace=301713, class=java.util.ArrayList$Itr@50001974)
OBJ 500009ab (sz=32, trace=301763, class=Line@50006f05)
ARR 500009ac (sz=24, trace=301762, nelems=0, elem type=int[])
OBJ 500009ad (sz=32, trace=301713, class=java.util.ArrayList$Itr@50001974)
OBJ 500009ae (sz=32, trace=301763, class=Line@50006f05)
OBJ 500009af (sz=16, trace=301715, class=java.lang.Integer@5000010c)
ARR 500009b0 (sz=24, trace=301762, nelems=0, elem type=int[])
OBJ 500009b1 (sz=32, trace=301713, class=java.util.ArrayList$Itr@50001974)
OBJ 500009b2 (sz=32, trace=301763, class=Line@50006f05)
OBJ 500009b3 (sz=16, trace=301715, class=java.lang.Integer@5000010c)
ARR 500009b4 (sz=24, trace=301762, nelems=0, elem type=int[])
OBJ 500009b5 (sz=32, trace=301713, class=java.util.ArrayList$Itr@50001974)
OBJ 500009b6 (sz=32, trace=301763, class=Line@50006f05)
OBJ 500009b7 (sz=16, trace=301715, class=java.lang.Integer@5000010c)
ARR 500009b8 (sz=24, trace=301762, nelems=0, elem type=int[])
OBJ 500009b9 (sz=32, trace=301713, class=java.util.ArrayList$Itr@50001974)
OBJ 500009ba (sz=64, trace=300189, class=java.util.jar.JarFile@5000025e)
OBJ 500009bb (sz=32, trace=301763, class=Line@50006f05)
OBJ 500009bc (sz=48, trace=300190, class=java.util.WeakHashMap@500000ac)
OBJ 500009bd (sz=32, trace=300191, class=java.lang.ref.ReferenceQueue@500000de)
OBJ 500009be (sz=16, trace=300192, class=java.lang.ref.ReferenceQueue$Lock@500000dc)
ARR 500009bf (sz=80, trace=300193, nelems=0, elem type=java.util.WeakHashMap$Entry[]@50000045)
OBJ 500009c0 (sz=24, trace=300195, class=java.util.ArrayDeque@500002c1)
ARR 500009c1 (sz=80, trace=300196, nelems=0, elem type=java.lang.Object[]@5000010a)
OBJ 500009c2 (sz=32, trace=300198, class=java.util.zip.ZipCoder@500002c4)
OBJ 500009c3 (sz=16, trace=301715, class=java.lang.Integer@5000010c)
ARR 500009c4 (sz=24, trace=301762, nelems=0, elem type=int[])
OBJ 500009c5 (sz=32, trace=301713, class=java.util.ArrayList$Itr@50001974)
OBJ 500009c6 (sz=32, trace=301763, class=Line@50006f05)
OBJ 500009c7 (sz=16, trace=301715, class=java.lang.Integer@5000010c)
ARR 500009c8 (sz=24, trace=301762, nelems=0, elem type=int[])
OBJ 500009c9 (sz=32, trace=301713, class=java.util.ArrayList$Itr@50001974)
OBJ 500009ca (sz=32, trace=301763, class=Line@50006f05)
OBJ 500009cb (sz=16, trace=301715, class=java.lang.Integer@5000010c)
ARR 500009cc (sz=24, trace=301762, nelems=0, elem type=int[])
OBJ 500009cd (sz=32, trace=301713, class=java.util.ArrayList$Itr@50001974)
OBJ 500009ce (sz=32, trace=301763, class=Line@50006f05)
OBJ 500009cf (sz=16, trace=301715, class=java.lang.Integer@5000010c)
ARR 500009d0 (sz=24, trace=301762, nelems=0, elem type=int[])
OBJ 500009d1 (sz=32, trace=301713, class=java.util.ArrayList$Itr@50001974)
OBJ 500009d2 (sz=32, trace=301763, class=Line@50006f05)
ARR 500009d3 (sz=24, trace=301762, nelems=0, elem type=int[])
OBJ 500009d4 (sz=32, trace=301713, class=java.util.ArrayList$Itr@50001974)
OBJ 500009d5 (sz=32, trace=301763, class=Line@50006f05)
OBJ 500009d6 (sz=16, trace=301715, class=java.lang.Integer@5000010c)
ARR 500009d7 (sz=24, trace=301762, nelems=0, elem type=int[])
OBJ 500009d8 (sz=32, trace=301713, class=java.util.ArrayList$Itr@50001974)
OBJ 500009d9 (sz=32, trace=301763, class=Line@50006f05)
OBJ 500009da (sz=16, trace=301715, class=java.lang.Integer@5000010c)
ARR 500009db (sz=24, trace=301762, nelems=0, elem type=int[])
OBJ 500009dc (sz=32, trace=301713, class=java.util.ArrayList$Itr@50001974)
OBJ 500009dd (sz=32, trace=301763, class=Line@50006f05)
OBJ 500009de (sz=16, trace=301715, class=java.lang.Integer@5000010c)
ARR 500009df (sz=24, trace=301762, nelems=0, elem type=int[])
OBJ 500009e0 (sz=32, trace=301713, class=java.util.ArrayList$Itr@50001974)
OBJ 500009e1 (sz=32, trace=301763, class=Line@50006f05)
OBJ 500009e2 (sz=16, trace=301715, class=java.lang.Integer@5000010c)
ARR 500009e3 (sz=24, trace=301762, nelems=0, elem type=int[])
OBJ 500009e4 (sz=32, trace=301713, class=java.util.ArrayList$Itr@50001974)
OBJ 500009e5 (sz=32, trace=301763, class=Line@50006f05)
OBJ 500009e6 (sz=16, trace=301715, class=java.lang.Integer@5000010c)
ARR 500009e7 (sz=24, trace=301762, nelems=0, elem type=int[])
OBJ 500009e8 (sz=64, trace=300189, class=java.util.jar.JarFile@5000025e)
OBJ 500009e9 (sz=32, trace=301713, class=java.util.ArrayList$Itr@50001974)
OBJ 500009ea (sz=48, trace=300190, class=java.util.WeakHashMap@500000ac)
OBJ 500009eb (sz=32, trace=300191, class=java.lang.ref.ReferenceQueue@500000de)
OBJ 500009ec (sz=16, trace=300192, class=java.lang.ref.ReferenceQueue$Lock@500000dc)
ARR 500009ed (sz=80, trace=300193, nelems=0, elem type=java.util.WeakHashMap$Entry[]@50000045)
OBJ 500009ee (sz=24, trace=300195, class=java.util.ArrayDeque@500002c1)
ARR 500009ef (sz=80, trace=300196, nelems=0, elem type=java.lang.Object[]@5000010a)
OBJ 500009f0 (sz=32, trace=300198, class=java.util.zip.ZipCoder@500002c4)
OBJ 500009f1 (sz=32, trace=301763, class=Line@50006f05)
OBJ 500009f2 (sz=16, trace=301715, class=java.lang.Integer@5000010c)
ARR 500009f3 (sz=24, trace=301762, nelems=0, elem type=int[])
OBJ 500009f4 (sz=32, trace=301713, class=java.util.ArrayList$Itr@50001974)
OBJ 500009f5 (sz=32, trace=301763, class=Line@50006f05)
ARR 500009f6 (sz=24, trace=301762, nelems=0, elem type=int[])
OBJ 500009f7 (sz=32, trace=301713, class=java.util.ArrayList$Itr@50001974)
OBJ 500009f8 (sz=32, trace=301763, class=Line@50006f05)
OBJ 500009f9 (sz=16, trace=301715, class=java.lang.Integer@5000010c)
ARR 500009fa (sz=24, trace=301762, nelems=0, elem type=int[])
OBJ 500009fb (sz=32, trace=301713, class=java.util.ArrayList$Itr@50001974)
OBJ 500009fc (sz=32, trace=301763, class=Line@50006f05)
OBJ 500009fd (sz=16, trace=301715, class=java.lang.Integer@5000010c)
ARR 500009fe (sz=24, trace=301762, nelems=0, elem type=int[])
OBJ 500009ff (sz=32, trace=301713, class=java.util.ArrayList$Itr@50001974)
OBJ 50000a00 (sz=32, trace=301763, class=Line@50006f05)
OBJ 50000a01 (sz=16, trace=301715, class=java.lang.Integer@5000010c)
ARR 50000a02 (sz=24, trace=301762, nelems=0, elem type=int[])
OBJ 50000a03 (sz=32, trace=301713, class=java.util.ArrayList$Itr@50001974)
OBJ 50000a04 (sz=32, trace=301763, class=Line@50006f05)
OBJ 50000a05 (sz=16, trace=301715, class=java.lang.Integer@5000010c)
ARR 50000a06 (sz=24, trace=301762, nelems=0, elem type=int[])
OBJ 50000a07 (sz=32, trace=301713, class=java.util.ArrayList$Itr@50001974)
OBJ 50000a08 (sz=32, trace=301763, class=Line@50006f05)
OBJ 50000a09 (sz=16, trace=301715, class=java.lang.Integer@5000010c)
ARR 50000a0a (sz=24, trace=301762, nelems=0, elem type=int[])
OBJ 50000a0b (sz=32, trace=301713, class=java.util.ArrayList$Itr@50001974)
OBJ 50000a0c (sz=32, trace=301763, class=Line@50006f05)
OBJ 50000a0d (sz=16, trace=301715, class=java.lang.Integer@5000010c)
ARR 50000a0e (sz=24, trace=301762, nelems=0, elem type=int[])
OBJ 50000a0f (sz=32, trace=301713, class=java.util.ArrayList$Itr@50001974)
OBJ 50000a10 (sz=32, trace=301763, class=Line@50006f05)
OBJ 50000a11 (sz=16, trace=301715, class=java.lang.Integer@5000010c)
ARR 50000a12 (sz=24, trace=301762, nelems=0, elem type=int[])
OBJ 50000a13 (sz=32, trace=301713, class=java.util.ArrayList$Itr@50001974)
OBJ 50000a14 (sz=32, trace=301763, class=Line@50006f05)
OBJ 50000a15 (sz=16, trace=301715, class=java.lang.Integer@5000010c)
OBJ 50000a16 (sz=64, trace=300189, class=java.util.jar.JarFile@5000025e)
ARR 50000a17 (sz=24, trace=301762, nelems=0, elem type=int[])
OBJ 50000a18 (sz=48, trace=300190, class=java.util.WeakHashMap@500000ac)
OBJ 50000a19 (sz=32, trace=300191, class=java.lang.ref.ReferenceQueue@500000de)
OBJ 50000a1a (sz=16, trace=300192, class=java.lang.ref.ReferenceQueue$Lock@500000dc)
ARR 50000a1b (sz=80, trace=300193, nelems=0, elem type=java.util.WeakHashMap$Entry[]@50000045)
OBJ 50000a1c (sz=24, trace=300195, class=java.util.ArrayDeque@500002c1)
ARR 50000a1d (sz=80, trace=300196, nelems=0, elem type=java.lang.Object[]@5000010a)
OBJ 50000a1e (sz=32, trace=300198, class=java.util.zip.ZipCoder@500002c4)
OBJ 50000a1f (sz=32, trace=301713, class=java.util.ArrayList$Itr@50001974)
OBJ 50000a20 (sz=32, trace=301763, class=Line@50006f05)
OBJ 50000a21 (sz=16, trace=301715, class=java.lang.Integer@5000010c)
ARR 50000a22 (sz=24, trace=301762, nelems=0, elem type=int[])
OBJ 50000a23 (sz=32, trace=301713, class=java.util.ArrayList$Itr@50001974)
OBJ 50000a24 (sz=32, trace=301763, class=Line@50006f05)
OBJ 50000a25 (sz=16, trace=301715, class=java.lang.Integer@5000010c)
ARR 50000a26 (sz=24, trace=301762, nelems=0, elem type=int[])
OBJ 50000a27 (sz=32, trace=301713, class=java.util.ArrayList$Itr@50001974)
OBJ 50000a28 (sz=32, trace=301763, class=Line@50006f05)
OBJ 50000a29 (sz=16, trace=301715, class=java.lang.Integer@5000010c)
ARR 50000a2a (sz=24, trace=301762, nelems=0, elem type=int[])
OBJ 50000a2b (sz=32, trace=301713, class=java.util.ArrayList$Itr@50001974)
OBJ 50000a2c (sz=32, trace=301763, class=Line@50006f05)
OBJ 50000a2d (sz=16, trace=301715, class=java.lang.Integer@5000010c)
ARR 50000a2e (sz=24, trace=301762, nelems=0, elem type=int[])
OBJ 50000a2f (sz=32, trace=301713, class=java.util.ArrayList$Itr@50001974)
OBJ 50000a30 (sz=32, trace=301763, class=Line@50006f05)
OBJ 50000a31 (sz=16, trace=301715, class=java.lang.Integer@5000010c)
ARR 50000a32 (sz=24, trace=301762, nelems=0, elem type=int[])
OBJ 50000a33 (sz=32, trace=301713, class=java.util.ArrayList$Itr@50001974)
OBJ 50000a34 (sz=32, trace=301763, class=Line@50006f05)
OBJ 50000a35 (sz=16, trace=301715, class=java.lang.Integer@5000010c)
ARR 50000a36 (sz=24, trace=301762, nelems=0, elem type=int[])
OBJ 50000a37 (sz=32, trace=301713, class=java.util.ArrayList$Itr@50001974)
OBJ 50000a38 (sz=32, trace=301763, class=Line@50006f05)
OBJ 50000a39 (sz=16, trace=301715, class=java.lang.Integer@5000010c)
ARR 50000a3a (sz=24, trace=301762, nelems=0, elem type=int[])
OBJ 50000a3b (sz=32, trace=301713, class=java.util.ArrayList$Itr@50001974)
OBJ 50000a3c (sz=32, trace=301763, class=Line@50006f05)
OBJ 50000a3d (sz=16, trace=301715, class=java.lang.Integer@5000010c)
ARR 50000a3e (sz=24, trace=301762, nelems=0, elem type=int[])
OBJ 50000a3f (sz=32, trace=301713, class=java.util.ArrayList$Itr@50001974)
OBJ 50000a40 (sz=32, trace=301763, class=Line@50006f05)
OBJ 50000a41 (sz=16, trace=301715, class=java.lang.Integer@5000010c)
ARR 50000a42 (sz=24, trace=301762, nelems=0, elem type=int[])
OBJ 50000a43 (sz=32, trace=301713, class=java.util.ArrayList$Itr@50001974)
OBJ 50000a44 (sz=64, trace=300189, class=java.util.jar.JarFile@5000025e)
OBJ 50000a45 (sz=32, trace=301763, class=Line@50006f05)
OBJ 50000a46 (sz=48, trace=300190, class=java.util.WeakHashMap@500000ac)
OBJ 50000a47 (sz=32, trace=300191, class=java.lang.ref.ReferenceQueue@500000de)
OBJ 50000a48 (sz=16, trace=300192, class=java.lang.ref.ReferenceQueue$Lock@500000dc)
ARR 50000a49 (sz=80, trace=300193, nelems=0, elem type=java.util.WeakHashMap$Entry[]@50000045)
OBJ 50000a4a (sz=24, trace=300195, class=java.util.ArrayDeque@500002c1)
ARR 50000a4b (sz=80, trace=300196, nelems=0, elem type=java.lang.Object[]@5000010a)
OBJ 50000a4c (sz=32, trace=300198, class=java.util.zip.ZipCoder@500002c4)
OBJ 50000a4d (sz=16, trace=301715, class=java.lang.Integer@5000010c)
ARR 50000a4e (sz=24, trace=301762, nelems=0, elem type=int[])
OBJ 50000a4f (sz=32, trace=301713, class=java.util.ArrayList$Itr@50001974)
OBJ 50000a50 (sz=32, trace=301763, class=Line@50006f05)
OBJ 50000a51 (sz=16, trace=301715, class=java.lang.Integer@5000010c)
ARR 50000a52 (sz=24, trace=301762, nelems=0, elem type=int[])
OBJ 50000a53 (sz=32, trace=301713, class=java.util.ArrayList$Itr@50001974)
OBJ 50000a54 (sz=32, trace=301763, class=Line@50006f05)
OBJ 50000a55 (sz=16, trace=301715, class=java.lang.Integer@5000010c)
ARR 50000a56 (sz=24, trace=301762, nelems=0, elem type=int[])
OBJ 50000a57 (sz=32, trace=301713, class=java.util.ArrayList$Itr@50001974)
OBJ 50000a58 (sz=32, trace=301763, class=Line@50006f05)
OBJ 50000a59 (sz=16, trace=301715, class=java.lang.Integer@5000010c)
ARR 50000a5a (sz=24, trace=301762, nelems=0, elem type=int[])
OBJ 50000a5b (sz=32, trace=301713, class=java.util.ArrayList$Itr@50001974)
OBJ 50000a5c (sz=32, trace=301763, class=Line@50006f05)
OBJ 50000a5d (sz=16, trace=301715, class=java.lang.Integer@5000010c)
ARR 50000a5e (sz=24, trace=301762, nelems=0, elem type=int[])
OBJ 50000a5f (sz=32, trace=301713, class=java.util.ArrayList$Itr@50001974)
OBJ 50000a60 (sz=32, trace=301763, class=Line@50006f05)
ARR 50000a61 (sz=24, trace=301762, nelems=0, elem type=int[])
OBJ 50000a62 (sz=32, trace=301713, class=java.util.ArrayList$Itr@50001974)
OBJ 50000a63 (sz=32, trace=301763, class=Line@50006f05)
OBJ 50000a64 (sz=16, trace=301715, class=java.lang.Integer@5000010c)
ARR 50000a65 (sz=24, trace=301762, nelems=0, elem type=int[])
OBJ 50000a66 (sz=32, trace=301713, class=java.util.ArrayList$Itr@50001974)
OBJ 50000a67 (sz=32, trace=301763, class=Line@50006f05)
OBJ 50000a68 (sz=16, trace=301715, class=java.lang.Integer@5000010c)
ARR 50000a69 (sz=24, trace=301762, nelems=0, elem type=int[])
OBJ 50000a6a (sz=32, trace=301713, class=java.util.ArrayList$Itr@50001974)
OBJ 50000a6b (sz=32, trace=301763, class=Line@50006f05)
OBJ 50000a6c (sz=16, trace=301715, class=java.lang.Integer@5000010c)
ARR 50000a6d (sz=24, trace=301762, nelems=0, elem type=int[])
OBJ 50000a6e (sz=32, trace=301713, class=java.util.ArrayList$Itr@50001974)
OBJ 50000a6f (sz=32, trace=301763, class=Line@50006f05)
OBJ 50000a70 (sz=16, trace=301715, class=java.lang.Integer@5000010c)
ARR 50000a71 (sz=24, trace=301762, nelems=0, elem type=int[])
OBJ 50000a72 (sz=64, trace=300189, class=java.util.jar.JarFile@5000025e)
OBJ 50000a73 (sz=32, trace=301713, class=java.util.ArrayList$Itr@50001974)
OBJ 50000a74 (sz=48, trace=300190, class=java.util.WeakHashMap@500000ac)
OBJ 50000a75 (sz=32, trace=300191, class=java.lang.ref.ReferenceQueue@500000de)
OBJ 50000a76 (sz=16, trace=300192, class=java.lang.ref.ReferenceQueue$Lock@500000dc)
ARR 50000a77 (sz=80, trace=300193, nelems=0, elem type=java.util.WeakHashMap$Entry[]@50000045)
OBJ 50000a78 (sz=24, trace=300195, class=java.util.ArrayDeque@500002c1)
ARR 50000a79 (sz=80, trace=300196, nelems=0, elem type=java.lang.Object[]@5000010a)
OBJ 50000a7a (sz=32, trace=300198, class=java.util.zip.ZipCoder@500002c4)
OBJ 50000a7b (sz=32, trace=301763, class=Line@50006f05)
OBJ 50000a7c (sz=16, trace=301715, class=java.lang.Integer@5000010c)
ARR 50000a7d (sz=24, trace=301762, nelems=0, elem type=int[])
OBJ 50000a7e (sz=32, trace=301713, class=java.util.ArrayList$Itr@50001974)
OBJ 50000a7f (sz=32, trace=301763, class=Line@50006f05)
OBJ 50000a80 (sz=16, trace=301715, class=java.lang.Integer@5000010c)
ARR 50000a81 (sz=24, trace=301762, nelems=0, elem type=int[])
OBJ 50000a82 (sz=32, trace=301713, class=java.util.ArrayList$Itr@50001974)
OBJ 50000a83 (sz=32, trace=301763, class=Line@50006f05)
OBJ 50000a84 (sz=16, trace=301715, class=java.lang.Integer@5000010c)
ARR 50000a85 (sz=24, trace=301762, nelems=0, elem type=int[])
OBJ 50000a86 (sz=32, trace=301713, class=java.util.ArrayList$Itr@50001974)
OBJ 50000a87 (sz=24, trace=300127, class=java.lang.String@5000016f)
	value		50000a88
ARR 50000a88 (sz=116, trace=300128, nelems=58, elem type=char[])
OBJ 50000a89 (sz=32, trace=301763, class=Line@50006f05)
OBJ 50000a8a (sz=16, trace=301715, class=java.lang.Integer@5000010c)
ARR 50000a8b (sz=24, trace=301762, nelems=0, elem type=int[])
OBJ 50000a8c (sz=32, trace=301713, class=java.util.ArrayList$Itr@50001974)
OBJ 50000a8d (sz=32, trace=301763, class=Line@50006f05)
OBJ 50000a8e (sz=16, trace=301715, class=java.lang.Integer@5000010c)
ARR 50000a8f (sz=24, trace=301762, nelems=0, elem type=int[])
OBJ 50000a90 (sz=32, trace=301713, class=java.util.ArrayList$Itr@50001974)
OBJ 50000a91 (sz=32, trace=301763, class=Line@50006f05)
OBJ 50000a92 (sz=24, trace=300149, class=java.lang.String@5000016f)
	value		50000a93
ARR 50000a93 (sz=116, trace=300150, nelems=58, elem type=char[])
OBJ 50000a94 (sz=64, trace=300151, class=java.net.URL@5000011b)
	protocol	50009a58
	host		500095b3
	file		50000a92
	authority	500095b3
	path		50000a92
	handler		50009ff0
OBJ 50000a95 (sz=16, trace=301715, class=java.lang.Integer@5000010c)
OBJ 50000a96 (sz=48, trace=300153, class=sun.misc.URLClassPath$JarLoader@50000231)
	base		50000a94
	jar		50000aa0
	csu		5000a00f
	handler		50009ff0
	lmap		50009ff1
ARR 50000a97 (sz=24, trace=301762, nelems=0, elem type=int[])
OBJ 50000a98 (sz=32, trace=301713, class=java.util.ArrayList$Itr@50001974)
OBJ 50000a99 (sz=32, trace=301763, class=Line@50006f05)
OBJ 50000a9a (sz=16, trace=301715, class=java.lang.Integer@5000010c)
ARR 50000a9b (sz=24, trace=301762, nelems=0, elem type=int[])
OBJ 50000a9c (sz=32, trace=301713, class=java.util.ArrayList$Itr@50001974)
OBJ 50000a9d (sz=32, trace=301763, class=Line@50006f05)
OBJ 50000a9e (sz=16, trace=301715, class=java.lang.Integer@5000010c)
ARR 50000a9f (sz=24, trace=301762, nelems=0, elem type=int[])
OBJ 50000aa0 (sz=64, trace=300189, class=java.util.jar.JarFile@5000025e)
	name		5000a019
	zc		50000aa8
	streams		50000aa2
	inflaterCache	50000aa6
	manEntry	50000ab7
OBJ 50000aa1 (sz=40, trace=300097, class=java.lang.ref.Finalizer@5000014e)
	referent	50000aa0
	queue		5000945f
	next		500008e2
	prev		50000abe
OBJ 50000aa2 (sz=48, trace=300190, class=java.util.WeakHashMap@500000ac)
	table		50000aa5
	queue		50000aa3
OBJ 50000aa3 (sz=32, trace=300191, class=java.lang.ref.ReferenceQueue@500000de)
	lock		50000aa4
OBJ 50000aa4 (sz=16, trace=300192, class=java.lang.ref.ReferenceQueue$Lock@500000dc)
ARR 50000aa5 (sz=80, trace=300193, nelems=0, elem type=java.util.WeakHashMap$Entry[]@50000045)
OBJ 50000aa6 (sz=24, trace=300195, class=java.util.ArrayDeque@500002c1)
	elements	50000aa7
ARR 50000aa7 (sz=80, trace=300196, nelems=1, elem type=java.lang.Object[]@5000010a)
	[0]		50000abd
OBJ 50000aa8 (sz=32, trace=300198, class=java.util.zip.ZipCoder@500002c4)
	cs		50009acb
	enc		50000aae
OBJ 50000aa9 (sz=32, trace=301713, class=java.util.ArrayList$Itr@50001974)
OBJ 50000aaa (sz=32, trace=301763, class=Line@50006f05)
OBJ 50000aab (sz=16, trace=301715, class=java.lang.Integer@5000010c)
ARR 50000aac (sz=24, trace=301762, nelems=0, elem type=int[])
OBJ 50000aad (sz=32, trace=301713, class=java.util.ArrayList$Itr@50001974)
OBJ 50000aae (sz=56, trace=300220, class=sun.nio.cs.UTF_8$Encoder@50000071)
	charset		50009acb
	replacement	50000aaf
	malformedInputAction	50009ac2
	unmappableCharacterAction	50009ac2
ARR 50000aaf (sz=1, trace=300221, nelems=1, elem type=byte[])
OBJ 50000ab0 (sz=32, trace=301763, class=Line@50006f05)
OBJ 50000ab1 (sz=16, trace=301715, class=java.lang.Integer@5000010c)
ARR 50000ab2 (sz=24, trace=301762, nelems=0, elem type=int[])
OBJ 50000ab3 (sz=32, trace=301713, class=java.util.ArrayList$Itr@50001974)
OBJ 50000ab4 (sz=32, trace=301763, class=Line@50006f05)
OBJ 50000ab5 (sz=16, trace=301715, class=java.lang.Integer@5000010c)
ARR 50000ab6 (sz=24, trace=301762, nelems=0, elem type=int[])
OBJ 50000ab7 (sz=96, trace=300271, class=java.util.jar.JarFile$JarFileEntry@50000323)
	name		50009a48
	this$0		50000aa0
OBJ 50000ab8 (sz=32, trace=301713, class=java.util.ArrayList$Itr@50001974)
OBJ 50000ab9 (sz=32, trace=301763, class=Line@50006f05)
OBJ 50000aba (sz=16, trace=301715, class=java.lang.Integer@5000010c)
OBJ 50000abb (sz=56, trace=300276, class=java.util.zip.ZipFile$ZipFileInputStream@50000328)
ARR 50000abc (sz=24, trace=301762, nelems=0, elem type=int[])
OBJ 50000abd (sz=48, trace=300291, class=java.util.zip.Inflater@500003a6)
	zsRef		50000abf
	buf		500003a7
OBJ 50000abe (sz=40, trace=300097, class=java.lang.ref.Finalizer@5000014e)
	referent	50000abd
	queue		5000945f
	next		50000aa1
	prev		50000ae9
OBJ 50000abf (sz=24, trace=300293, class=java.util.zip.ZStreamRef@500003aa)
OBJ 50000ac0 (sz=56, trace=300295, class=java.util.zip.ZipFile$ZipFileInflaterInputStream@500003ad)
OBJ 50000ac1 (sz=32, trace=301713, class=java.util.ArrayList$Itr@50001974)
ARR 50000ac2 (sz=24, trace=300296, nelems=0, elem type=byte[])
ARR 50000ac3 (sz=528, trace=300297, nelems=0, elem type=byte[])
ARR 50000ac4 (sz=328, trace=300298, nelems=0, elem type=byte[])
OBJ 50000ac5 (sz=32, trace=301763, class=Line@50006f05)
OBJ 50000ac6 (sz=16, trace=301715, class=java.lang.Integer@5000010c)
ARR 50000ac7 (sz=24, trace=301762, nelems=0, elem type=int[])
OBJ 50000ac8 (sz=32, trace=300283, class=java.util.HashMap$Node@500000b9)
	key		50000a87
	value		50000a96
OBJ 50000ac9 (sz=32, trace=301713, class=java.util.ArrayList$Itr@50001974)
OBJ 50000aca (sz=32, trace=301763, class=Line@50006f05)
OBJ 50000acb (sz=16, trace=301715, class=java.lang.Integer@5000010c)
ARR 50000acc (sz=24, trace=301762, nelems=0, elem type=int[])
OBJ 50000acd (sz=32, trace=301713, class=java.util.ArrayList$Itr@50001974)
OBJ 50000ace (sz=32, trace=301763, class=Line@50006f05)
OBJ 50000acf (sz=16, trace=301715, class=java.lang.Integer@5000010c)
ARR 50000ad0 (sz=24, trace=301762, nelems=0, elem type=int[])
OBJ 50000ad1 (sz=32, trace=301713, class=java.util.ArrayList$Itr@50001974)
OBJ 50000ad2 (sz=32, trace=301763, class=Line@50006f05)
OBJ 50000ad3 (sz=16, trace=301715, class=java.lang.Integer@5000010c)
ARR 50000ad4 (sz=24, trace=301762, nelems=0, elem type=int[])
OBJ 50000ad5 (sz=32, trace=301713, class=java.util.ArrayList$Itr@50001974)
OBJ 50000ad6 (sz=32, trace=301763, class=Line@50006f05)
OBJ 50000ad7 (sz=16, trace=301715, class=java.lang.Integer@5000010c)
ARR 50000ad8 (sz=24, trace=301762, nelems=0, elem type=int[])
OBJ 50000ad9 (sz=32, trace=301713, class=java.util.ArrayList$Itr@50001974)
OBJ 50000ada (sz=24, trace=300149, class=java.lang.String@5000016f)
	value		50000adb
ARR 50000adb (sz=106, trace=300150, nelems=53, elem type=char[])
OBJ 50000adc (sz=64, trace=300151, class=java.net.URL@5000011b)
	protocol	50009a58
	host		500095b3
	file		50000ada
	authority	500095b3
	path		50000ada
	handler		50009ff0
OBJ 50000add (sz=32, trace=301763, class=Line@50006f05)
OBJ 50000ade (sz=48, trace=300153, class=sun.misc.URLClassPath$JarLoader@50000231)
	base		50000adc
	jar		50000ae8
	csu		5000a010
	index		50000b0b
	handler		50009ff0
	lmap		50009ff1
OBJ 50000adf (sz=16, trace=301715, class=java.lang.Integer@5000010c)
ARR 50000ae0 (sz=24, trace=301762, nelems=0, elem type=int[])
OBJ 50000ae1 (sz=32, trace=301713, class=java.util.ArrayList$Itr@50001974)
OBJ 50000ae2 (sz=32, trace=301763, class=Line@50006f05)
OBJ 50000ae3 (sz=16, trace=301715, class=java.lang.Integer@5000010c)
ARR 50000ae4 (sz=24, trace=301762, nelems=0, elem type=int[])
OBJ 50000ae5 (sz=32, trace=301713, class=java.util.ArrayList$Itr@50001974)
OBJ 50000ae6 (sz=32, trace=301763, class=Line@50006f05)
OBJ 50000ae7 (sz=16, trace=301715, class=java.lang.Integer@5000010c)
OBJ 50000ae8 (sz=64, trace=300189, class=java.util.jar.JarFile@5000025e)
	name		5000a017
	zc		50000af0
	streams		50000aea
	inflaterCache	50000aee
OBJ 50000ae9 (sz=40, trace=300097, class=java.lang.ref.Finalizer@5000014e)
	referent	50000ae8
	queue		5000945f
	next		50000abe
	prev		50000b03
OBJ 50000aea (sz=48, trace=300190, class=java.util.WeakHashMap@500000ac)
	table		50000aed
	queue		50000aeb
OBJ 50000aeb (sz=32, trace=300191, class=java.lang.ref.ReferenceQueue@500000de)
	lock		50000aec
OBJ 50000aec (sz=16, trace=300192, class=java.lang.ref.ReferenceQueue$Lock@500000dc)
ARR 50000aed (sz=80, trace=300193, nelems=0, elem type=java.util.WeakHashMap$Entry[]@50000045)
OBJ 50000aee (sz=24, trace=300195, class=java.util.ArrayDeque@500002c1)
	elements	50000aef
ARR 50000aef (sz=80, trace=300196, nelems=0, elem type=java.lang.Object[]@5000010a)
OBJ 50000af0 (sz=32, trace=300198, class=java.util.zip.ZipCoder@500002c4)
	cs		50009acb
	enc		50000af6
ARR 50000af1 (sz=24, trace=301762, nelems=0, elem type=int[])
OBJ 50000af2 (sz=32, trace=301713, class=java.util.ArrayList$Itr@50001974)
OBJ 50000af3 (sz=32, trace=301763, class=Line@50006f05)
OBJ 50000af4 (sz=16, trace=301715, class=java.lang.Integer@5000010c)
ARR 50000af5 (sz=24, trace=301762, nelems=0, elem type=int[])
OBJ 50000af6 (sz=56, trace=300220, class=sun.nio.cs.UTF_8$Encoder@50000071)
	charset		50009acb
	replacement	50000af7
	malformedInputAction	50009ac2
	unmappableCharacterAction	50009ac2
ARR 50000af7 (sz=1, trace=300221, nelems=1, elem type=byte[])
OBJ 50000af8 (sz=32, trace=301713, class=java.util.ArrayList$Itr@50001974)
OBJ 50000af9 (sz=32, trace=301763, class=Line@50006f05)
OBJ 50000afa (sz=16, trace=301715, class=java.lang.Integer@5000010c)
ARR 50000afb (sz=24, trace=301762, nelems=0, elem type=int[])
OBJ 50000afc (sz=32, trace=301713, class=java.util.ArrayList$Itr@50001974)
OBJ 50000afd (sz=32, trace=301763, class=Line@50006f05)
OBJ 50000afe (sz=16, trace=301715, class=java.lang.Integer@5000010c)
ARR 50000aff (sz=24, trace=301762, nelems=0, elem type=int[])
OBJ 50000b00 (sz=56, trace=300306, class=java.util.zip.ZipFile$ZipFileInputStream@50000328)
OBJ 50000b01 (sz=32, trace=301713, class=java.util.ArrayList$Itr@50001974)
OBJ 50000b02 (sz=48, trace=300307, class=java.util.zip.Inflater@500003a6)
	zsRef		50000b04
	buf		50000b09
OBJ 50000b03 (sz=40, trace=300097, class=java.lang.ref.Finalizer@5000014e)
	referent	50000b02
	queue		5000945f
	next		50000ae9
	prev		50000b69
OBJ 50000b04 (sz=24, trace=300293, class=java.util.zip.ZStreamRef@500003aa)
OBJ 50000b05 (sz=56, trace=300295, class=java.util.zip.ZipFile$ZipFileInflaterInputStream@500003ad)
OBJ 50000b06 (sz=32, trace=301763, class=Line@50006f05)
ARR 50000b07 (sz=24, trace=300308, nelems=0, elem type=byte[])
ARR 50000b08 (sz=528, trace=300309, nelems=0, elem type=byte[])
ARR 50000b09 (sz=69, trace=300310, nelems=69, elem type=byte[])
OBJ 50000b0a (sz=16, trace=301715, class=java.lang.Integer@5000010c)
OBJ 50000b0b (sz=24, trace=300311, class=sun.misc.JarIndex@500002e8)
	indexMap	50000b0c
	jarMap		50000b0d
	jarFiles	50000b35
OBJ 50000b0c (sz=48, trace=300312, class=java.util.HashMap@500000ba)
	table		50000b21
OBJ 50000b0d (sz=48, trace=300313, class=java.util.HashMap@500000ba)
	table		50000b25
ARR 50000b0e (sz=24, trace=301762, nelems=0, elem type=int[])
OBJ 50000b0f (sz=32, trace=301713, class=java.util.ArrayList$Itr@50001974)
OBJ 50000b10 (sz=32, trace=301763, class=Line@50006f05)
OBJ 50000b11 (sz=16, trace=301715, class=java.lang.Integer@5000010c)
ARR 50000b12 (sz=24, trace=301762, nelems=0, elem type=int[])
OBJ 50000b13 (sz=32, trace=301713, class=java.util.ArrayList$Itr@50001974)
OBJ 50000b14 (sz=32, trace=301763, class=Line@50006f05)
OBJ 50000b15 (sz=16, trace=301715, class=java.lang.Integer@5000010c)
ARR 50000b16 (sz=24, trace=301762, nelems=0, elem type=int[])
OBJ 50000b17 (sz=32, trace=301713, class=java.util.ArrayList$Itr@50001974)
OBJ 50000b18 (sz=32, trace=301763, class=Line@50006f05)
ARR 50000b19 (sz=24, trace=301762, nelems=0, elem type=int[])
OBJ 50000b1a (sz=32, trace=301713, class=java.util.ArrayList$Itr@50001974)
OBJ 50000b1b (sz=24, trace=300325, class=java.lang.String@5000016f)
	value		50000b1c
ARR 50000b1c (sz=28, trace=300326, nelems=14, elem type=char[])
OBJ 50000b1d (sz=24, trace=300327, class=java.lang.String@5000016f)
	value		50000b1e
ARR 50000b1e (sz=6, trace=300326, nelems=3, elem type=char[])
OBJ 50000b1f (sz=32, trace=300329, class=java.util.LinkedList@50000513)
	first		50000b20
	last		50000b20
OBJ 50000b20 (sz=24, trace=300331, class=java.util.LinkedList$Node@50000515)
	item		50000b1b
ARR 50000b21 (sz=80, trace=300332, nelems=10, elem type=java.util.HashMap$Node[]@500000b8)
	[0]		50000b22
	[3]		50000b2b
	[9]		50000b31
OBJ 50000b22 (sz=32, trace=300283, class=java.util.HashMap$Node@500000b9)
	key		50000b1d
	value		50000b1f
OBJ 50000b23 (sz=32, trace=300329, class=java.util.LinkedList@50000513)
	first		50000b24
	last		50000b32
OBJ 50000b24 (sz=24, trace=300331, class=java.util.LinkedList$Node@50000515)
	item		50000b1d
	next		50000b2c
ARR 50000b25 (sz=80, trace=300332, nelems=1, elem type=java.util.HashMap$Node[]@500000b8)
	[0]		50000b26
OBJ 50000b26 (sz=32, trace=300283, class=java.util.HashMap$Node@500000b9)
	key		50000b1b
	value		50000b23
OBJ 50000b27 (sz=24, trace=300327, class=java.lang.String@5000016f)
	value		50000b28
ARR 50000b28 (sz=18, trace=300326, nelems=9, elem type=char[])
OBJ 50000b29 (sz=32, trace=300329, class=java.util.LinkedList@50000513)
	first		50000b2a
	last		50000b2a
OBJ 50000b2a (sz=24, trace=300331, class=java.util.LinkedList$Node@50000515)
	item		50000b1b
OBJ 50000b2b (sz=32, trace=300283, class=java.util.HashMap$Node@500000b9)
	key		50000b27
	value		50000b29
OBJ 50000b2c (sz=24, trace=300333, class=java.util.LinkedList$Node@50000515)
	item		50000b27
	next		50000b32
	prev		50000b24
OBJ 50000b2d (sz=24, trace=300327, class=java.lang.String@5000016f)
	value		50000b2e
ARR 50000b2e (sz=26, trace=300326, nelems=13, elem type=char[])
OBJ 50000b2f (sz=32, trace=300329, class=java.util.LinkedList@50000513)
	first		50000b30
	last		50000b30
OBJ 50000b30 (sz=24, trace=300331, class=java.util.LinkedList$Node@50000515)
	item		50000b1b
OBJ 50000b31 (sz=32, trace=300283, class=java.util.HashMap$Node@500000b9)
	key		50000b2d
	value		50000b2f
OBJ 50000b32 (sz=24, trace=300333, class=java.util.LinkedList$Node@50000515)
	item		50000b2d
	prev		50000b2c
OBJ 50000b33 (sz=32, trace=301763, class=Line@50006f05)
OBJ 50000b34 (sz=16, trace=301715, class=java.lang.Integer@5000010c)
ARR 50000b35 (sz=24, trace=300334, nelems=1, elem type=java.lang.String[]@500000cf)
	[0]		50000b1b
ARR 50000b36 (sz=24, trace=301762, nelems=0, elem type=int[])
OBJ 50000b37 (sz=32, trace=301713, class=java.util.ArrayList$Itr@50001974)
OBJ 50000b38 (sz=32, trace=301763, class=Line@50006f05)
OBJ 50000b39 (sz=16, trace=301715, class=java.lang.Integer@5000010c)
ARR 50000b3a (sz=24, trace=301762, nelems=0, elem type=int[])
OBJ 50000b3b (sz=32, trace=301713, class=java.util.ArrayList$Itr@50001974)
OBJ 50000b3c (sz=32, trace=301763, class=Line@50006f05)
OBJ 50000b3d (sz=16, trace=301715, class=java.lang.Integer@5000010c)
ARR 50000b3e (sz=24, trace=301762, nelems=0, elem type=int[])
OBJ 50000b3f (sz=32, trace=301713, class=java.util.ArrayList$Itr@50001974)
OBJ 50000b40 (sz=32, trace=301763, class=Line@50006f05)
OBJ 50000b41 (sz=16, trace=301715, class=java.lang.Integer@5000010c)
OBJ 50000b42 (sz=24, trace=300344, class=java.lang.String@5000016f)
	value		50000b43
ARR 50000b43 (sz=106, trace=300128, nelems=53, elem type=char[])
OBJ 50000b44 (sz=32, trace=300283, class=java.util.HashMap$Node@500000b9)
	key		50000b42
	value		50000ade
ARR 50000b45 (sz=24, trace=301762, nelems=0, elem type=int[])
OBJ 50000b46 (sz=32, trace=301713, class=java.util.ArrayList$Itr@50001974)
OBJ 50000b47 (sz=32, trace=301763, class=Line@50006f05)
OBJ 50000b48 (sz=16, trace=301715, class=java.lang.Integer@5000010c)
ARR 50000b49 (sz=24, trace=301762, nelems=0, elem type=int[])
OBJ 50000b4a (sz=32, trace=301713, class=java.util.ArrayList$Itr@50001974)
OBJ 50000b4b (sz=32, trace=301763, class=Line@50006f05)
OBJ 50000b4c (sz=16, trace=301715, class=java.lang.Integer@5000010c)
ARR 50000b4d (sz=24, trace=301762, nelems=0, elem type=int[])
OBJ 50000b4e (sz=32, trace=301713, class=java.util.ArrayList$Itr@50001974)
OBJ 50000b4f (sz=32, trace=301763, class=Line@50006f05)
OBJ 50000b50 (sz=16, trace=301715, class=java.lang.Integer@5000010c)
ARR 50000b51 (sz=24, trace=301762, nelems=0, elem type=int[])
OBJ 50000b52 (sz=32, trace=301713, class=java.util.ArrayList$Itr@50001974)
OBJ 50000b53 (sz=32, trace=301763, class=Line@50006f05)
OBJ 50000b54 (sz=16, trace=301715, class=java.lang.Integer@5000010c)
ARR 50000b55 (sz=4024, trace=301760, nelems=0, elem type=double[][]@50006e4d)
ARR 50000b56 (sz=24, trace=301762, nelems=0, elem type=int[])
OBJ 50000b57 (sz=32, trace=301713, class=java.util.ArrayList$Itr@50001974)
OBJ 50000b58 (sz=32, trace=301763, class=Line@50006f05)
OBJ 50000b59 (sz=16, trace=301715, class=java.lang.Integer@5000010c)
OBJ 50000b5a (sz=24, trace=300149, class=java.lang.String@5000016f)
	value		50000b5b
ARR 50000b5b (sz=100, trace=300150, nelems=50, elem type=char[])
OBJ 50000b5c (sz=64, trace=300151, class=java.net.URL@5000011b)
	protocol	50009a58
	host		500095b3
	file		50000b5a
	authority	500095b3
	path		50000b5a
	handler		50009ff0
ARR 50000b5d (sz=24, trace=301762, nelems=0, elem type=int[])
OBJ 50000b5e (sz=48, trace=300153, class=sun.misc.URLClassPath$JarLoader@50000231)
	base		50000b5c
	jar		50000b68
	csu		5000a011
	index		50000b8b
	handler		50009ff0
	lmap		50009ff1
OBJ 50000b5f (sz=32, trace=301713, class=java.util.ArrayList$Itr@50001974)
OBJ 50000b60 (sz=32, trace=301763, class=Line@50006f05)
ARR 50000b61 (sz=24, trace=301762, nelems=0, elem type=int[])
OBJ 50000b62 (sz=32, trace=301713, class=java.util.ArrayList$Itr@50001974)
OBJ 50000b63 (sz=32, trace=301763, class=Line@50006f05)
OBJ 50000b64 (sz=16, trace=301715, class=java.lang.Integer@5000010c)
ARR 50000b65 (sz=24, trace=301762, nelems=0, elem type=int[])
OBJ 50000b66 (sz=32, trace=301713, class=java.util.ArrayList$Itr@50001974)
OBJ 50000b67 (sz=32, trace=301763, class=Line@50006f05)
OBJ 50000b68 (sz=64, trace=300189, class=java.util.jar.JarFile@5000025e)
	name		5000a015
	zc		50000b70
	streams		50000b6a
	inflaterCache	50000b6e
OBJ 50000b69 (sz=40, trace=300097, class=java.lang.ref.Finalizer@5000014e)
	referent	50000b68
	queue		5000945f
	next		50000b03
	prev		50000b83
OBJ 50000b6a (sz=48, trace=300190, class=java.util.WeakHashMap@500000ac)
	table		50000b6d
	queue		50000b6b
OBJ 50000b6b (sz=32, trace=300191, class=java.lang.ref.ReferenceQueue@500000de)
	lock		50000b6c
OBJ 50000b6c (sz=16, trace=300192, class=java.lang.ref.ReferenceQueue$Lock@500000dc)
ARR 50000b6d (sz=80, trace=300193, nelems=0, elem type=java.util.WeakHashMap$Entry[]@50000045)
OBJ 50000b6e (sz=24, trace=300195, class=java.util.ArrayDeque@500002c1)
	elements	50000b6f
ARR 50000b6f (sz=80, trace=300196, nelems=0, elem type=java.lang.Object[]@5000010a)
OBJ 50000b70 (sz=32, trace=300198, class=java.util.zip.ZipCoder@500002c4)
	cs		50009acb
	enc		50000b76
OBJ 50000b71 (sz=16, trace=301715, class=java.lang.Integer@5000010c)
ARR 50000b72 (sz=24, trace=301762, nelems=0, elem type=int[])
OBJ 50000b73 (sz=32, trace=301713, class=java.util.ArrayList$Itr@50001974)
OBJ 50000b74 (sz=32, trace=301763, class=Line@50006f05)
ARR 50000b75 (sz=24, trace=301762, nelems=0, elem type=int[])
OBJ 50000b76 (sz=56, trace=300220, class=sun.nio.cs.UTF_8$Encoder@50000071)
	charset		50009acb
	replacement	50000b77
	malformedInputAction	50009ac2
	unmappableCharacterAction	50009ac2
ARR 50000b77 (sz=1, trace=300221, nelems=1, elem type=byte[])
OBJ 50000b78 (sz=32, trace=301713, class=java.util.ArrayList$Itr@50001974)
OBJ 50000b79 (sz=32, trace=301763, class=Line@50006f05)
OBJ 50000b7a (sz=16, trace=301715, class=java.lang.Integer@5000010c)
ARR 50000b7b (sz=24, trace=301762, nelems=0, elem type=int[])
OBJ 50000b7c (sz=32, trace=301713, class=java.util.ArrayList$Itr@50001974)
OBJ 50000b7d (sz=32, trace=301763, class=Line@50006f05)
OBJ 50000b7e (sz=16, trace=301715, class=java.lang.Integer@5000010c)
ARR 50000b7f (sz=24, trace=301762, nelems=0, elem type=int[])
OBJ 50000b80 (sz=56, trace=300306, class=java.util.zip.ZipFile$ZipFileInputStream@50000328)
OBJ 50000b81 (sz=32, trace=301713, class=java.util.ArrayList$Itr@50001974)
OBJ 50000b82 (sz=48, trace=300307, class=java.util.zip.Inflater@500003a6)
	zsRef		50000b84
	buf		50000b89
OBJ 50000b83 (sz=40, trace=300097, class=java.lang.ref.Finalizer@5000014e)
	referent	50000b82
	queue		5000945f
	next		50000b69
	prev		50000c17
OBJ 50000b84 (sz=24, trace=300293, class=java.util.zip.ZStreamRef@500003aa)
OBJ 50000b85 (sz=56, trace=300295, class=java.util.zip.ZipFile$ZipFileInflaterInputStream@500003ad)
OBJ 50000b86 (sz=32, trace=301763, class=Line@50006f05)
ARR 50000b87 (sz=24, trace=300308, nelems=0, elem type=byte[])
ARR 50000b88 (sz=528, trace=300309, nelems=0, elem type=byte[])
ARR 50000b89 (sz=58, trace=300310, nelems=58, elem type=byte[])
OBJ 50000b8a (sz=16, trace=301715, class=java.lang.Integer@5000010c)
OBJ 50000b8b (sz=24, trace=300311, class=sun.misc.JarIndex@500002e8)
	indexMap	50000b8c
	jarMap		50000b8d
	jarFiles	50000baf
OBJ 50000b8c (sz=48, trace=300312, class=java.util.HashMap@500000ba)
	table		50000ba1
OBJ 50000b8d (sz=48, trace=300313, class=java.util.HashMap@500000ba)
	table		50000ba5
ARR 50000b8e (sz=24, trace=301762, nelems=0, elem type=int[])
OBJ 50000b8f (sz=32, trace=301713, class=java.util.ArrayList$Itr@50001974)
OBJ 50000b90 (sz=32, trace=301763, class=Line@50006f05)
OBJ 50000b91 (sz=16, trace=301715, class=java.lang.Integer@5000010c)
ARR 50000b92 (sz=24, trace=301762, nelems=0, elem type=int[])
OBJ 50000b93 (sz=32, trace=301713, class=java.util.ArrayList$Itr@50001974)
OBJ 50000b94 (sz=32, trace=301763, class=Line@50006f05)
OBJ 50000b95 (sz=16, trace=301715, class=java.lang.Integer@5000010c)
ARR 50000b96 (sz=24, trace=301762, nelems=0, elem type=int[])
OBJ 50000b97 (sz=32, trace=301713, class=java.util.ArrayList$Itr@50001974)
OBJ 50000b98 (sz=32, trace=301763, class=Line@50006f05)
ARR 50000b99 (sz=24, trace=301762, nelems=0, elem type=int[])
OBJ 50000b9a (sz=32, trace=301713, class=java.util.ArrayList$Itr@50001974)
OBJ 50000b9b (sz=24, trace=300325, class=java.lang.String@5000016f)
	value		50000b9c
ARR 50000b9c (sz=22, trace=300326, nelems=11, elem type=char[])
OBJ 50000b9d (sz=24, trace=300327, class=java.lang.String@5000016f)
	value		50000b9e
ARR 50000b9e (sz=10, trace=300326, nelems=5, elem type=char[])
OBJ 50000b9f (sz=32, trace=300329, class=java.util.LinkedList@50000513)
	first		50000ba0
	last		50000ba0
OBJ 50000ba0 (sz=24, trace=300331, class=java.util.LinkedList$Node@50000515)
	item		50000b9b
ARR 50000ba1 (sz=80, trace=300332, nelems=12, elem type=java.util.HashMap$Node[]@500000b8)
	[5]		50000ba2
	[11]		50000bab
OBJ 50000ba2 (sz=32, trace=300283, class=java.util.HashMap$Node@500000b9)
	key		50000b9d
	value		50000b9f
OBJ 50000ba3 (sz=32, trace=300329, class=java.util.LinkedList@50000513)
	first		50000ba4
	last		50000bac
OBJ 50000ba4 (sz=24, trace=300331, class=java.util.LinkedList$Node@50000515)
	item		50000b9d
	next		50000bac
ARR 50000ba5 (sz=80, trace=300332, nelems=1, elem type=java.util.HashMap$Node[]@500000b8)
	[0]		50000ba6
OBJ 50000ba6 (sz=32, trace=300283, class=java.util.HashMap$Node@500000b9)
	key		50000b9b
	value		50000ba3
OBJ 50000ba7 (sz=24, trace=300327, class=java.lang.String@5000016f)
	value		50000ba8
ARR 50000ba8 (sz=26, trace=300326, nelems=13, elem type=char[])
OBJ 50000ba9 (sz=32, trace=300329, class=java.util.LinkedList@50000513)
	first		50000baa
	last		50000baa
OBJ 50000baa (sz=24, trace=300331, class=java.util.LinkedList$Node@50000515)
	item		50000b9b
OBJ 50000bab (sz=32, trace=300283, class=java.util.HashMap$Node@500000b9)
	key		50000ba7
	value		50000ba9
OBJ 50000bac (sz=24, trace=300333, class=java.util.LinkedList$Node@50000515)
	item		50000ba7
	prev		50000ba4
OBJ 50000bad (sz=32, trace=301763, class=Line@50006f05)
OBJ 50000bae (sz=16, trace=301715, class=java.lang.Integer@5000010c)
ARR 50000baf (sz=24, trace=300334, nelems=1, elem type=java.lang.String[]@500000cf)
	[0]		50000b9b
ARR 50000bb0 (sz=24, trace=301762, nelems=0, elem type=int[])
OBJ 50000bb1 (sz=32, trace=301713, class=java.util.ArrayList$Itr@50001974)
OBJ 50000bb2 (sz=32, trace=301763, class=Line@50006f05)
OBJ 50000bb3 (sz=16, trace=301715, class=java.lang.Integer@5000010c)
ARR 50000bb4 (sz=24, trace=301762, nelems=0, elem type=int[])
OBJ 50000bb5 (sz=32, trace=301713, class=java.util.ArrayList$Itr@50001974)
OBJ 50000bb6 (sz=32, trace=301763, class=Line@50006f05)
OBJ 50000bb7 (sz=16, trace=301715, class=java.lang.Integer@5000010c)
ARR 50000bb8 (sz=24, trace=301762, nelems=0, elem type=int[])
OBJ 50000bb9 (sz=32, trace=301713, class=java.util.ArrayList$Itr@50001974)
OBJ 50000bba (sz=32, trace=301763, class=Line@50006f05)
ARR 50000bbb (sz=24, trace=301762, nelems=0, elem type=int[])
OBJ 50000bbc (sz=24, trace=300344, class=java.lang.String@5000016f)
	value		50000bbd
ARR 50000bbd (sz=100, trace=300128, nelems=50, elem type=char[])
OBJ 50000bbe (sz=32, trace=300283, class=java.util.HashMap$Node@500000b9)
	key		50000bbc
	value		50000b5e
OBJ 50000bbf (sz=32, trace=301713, class=java.util.ArrayList$Itr@50001974)
OBJ 50000bc0 (sz=32, trace=301763, class=Line@50006f05)
OBJ 50000bc1 (sz=16, trace=301715, class=java.lang.Integer@5000010c)
ARR 50000bc2 (sz=24, trace=301762, nelems=0, elem type=int[])
OBJ 50000bc3 (sz=32, trace=301713, class=java.util.ArrayList$Itr@50001974)
OBJ 50000bc4 (sz=32, trace=301763, class=Line@50006f05)
OBJ 50000bc5 (sz=16, trace=301715, class=java.lang.Integer@5000010c)
ARR 50000bc6 (sz=24, trace=301762, nelems=0, elem type=int[])
OBJ 50000bc7 (sz=32, trace=301713, class=java.util.ArrayList$Itr@50001974)
OBJ 50000bc8 (sz=32, trace=301763, class=Line@50006f05)
OBJ 50000bc9 (sz=16, trace=301715, class=java.lang.Integer@5000010c)
ARR 50000bca (sz=24, trace=301762, nelems=0, elem type=int[])
OBJ 50000bcb (sz=32, trace=301713, class=java.util.ArrayList$Itr@50001974)
OBJ 50000bcc (sz=32, trace=301763, class=Line@50006f05)
OBJ 50000bcd (sz=16, trace=301715, class=java.lang.Integer@5000010c)
ARR 50000bce (sz=24, trace=301762, nelems=0, elem type=int[])
OBJ 50000bcf (sz=32, trace=301713, class=java.util.ArrayList$Itr@50001974)
OBJ 50000bd0 (sz=32, trace=301763, class=Line@50006f05)
OBJ 50000bd1 (sz=16, trace=301715, class=java.lang.Integer@5000010c)
ARR 50000bd2 (sz=24, trace=301762, nelems=0, elem type=int[])
OBJ 50000bd3 (sz=32, trace=301713, class=java.util.ArrayList$Itr@50001974)
OBJ 50000bd4 (sz=32, trace=301763, class=Line@50006f05)
OBJ 50000bd5 (sz=16, trace=301715, class=java.lang.Integer@5000010c)
ARR 50000bd6 (sz=24, trace=301762, nelems=0, elem type=int[])
OBJ 50000bd7 (sz=32, trace=301713, class=java.util.ArrayList$Itr@50001974)
OBJ 50000bd8 (sz=32, trace=301763, class=Line@50006f05)
OBJ 50000bd9 (sz=16, trace=301715, class=java.lang.Integer@5000010c)
ARR 50000bda (sz=24, trace=301762, nelems=0, elem type=int[])
OBJ 50000bdb (sz=32, trace=301713, class=java.util.ArrayList$Itr@50001974)
OBJ 50000bdc (sz=32, trace=301763, class=Line@50006f05)
OBJ 50000bdd (sz=16, trace=301715, class=java.lang.Integer@5000010c)
ARR 50000bde (sz=24, trace=301762, nelems=0, elem type=int[])
OBJ 50000bdf (sz=32, trace=301713, class=java.util.ArrayList$Itr@50001974)
OBJ 50000be0 (sz=32, trace=301763, class=Line@50006f05)
OBJ 50000be1 (sz=16, trace=301715, class=java.lang.Integer@5000010c)
OBJ 50000be2 (sz=64, trace=300189, class=java.util.jar.JarFile@5000025e)
ARR 50000be3 (sz=24, trace=301762, nelems=0, elem type=int[])
OBJ 50000be4 (sz=48, trace=300190, class=java.util.WeakHashMap@500000ac)
OBJ 50000be5 (sz=32, trace=300191, class=java.lang.ref.ReferenceQueue@500000de)
OBJ 50000be6 (sz=16, trace=300192, class=java.lang.ref.ReferenceQueue$Lock@500000dc)
ARR 50000be7 (sz=80, trace=300193, nelems=0, elem type=java.util.WeakHashMap$Entry[]@50000045)
OBJ 50000be8 (sz=24, trace=300195, class=java.util.ArrayDeque@500002c1)
ARR 50000be9 (sz=80, trace=300196, nelems=0, elem type=java.lang.Object[]@5000010a)
OBJ 50000bea (sz=32, trace=300198, class=java.util.zip.ZipCoder@500002c4)
OBJ 50000beb (sz=32, trace=301713, class=java.util.ArrayList$Itr@50001974)
OBJ 50000bec (sz=32, trace=301763, class=Line@50006f05)
OBJ 50000bed (sz=16, trace=301715, class=java.lang.Integer@5000010c)
ARR 50000bee (sz=24, trace=301762, nelems=0, elem type=int[])
OBJ 50000bef (sz=32, trace=301713, class=java.util.ArrayList$Itr@50001974)
OBJ 50000bf0 (sz=32, trace=301763, class=Line@50006f05)
OBJ 50000bf1 (sz=16, trace=301715, class=java.lang.Integer@5000010c)
ARR 50000bf2 (sz=24, trace=301762, nelems=0, elem type=int[])
OBJ 50000bf3 (sz=32, trace=301713, class=java.util.ArrayList$Itr@50001974)
OBJ 50000bf4 (sz=32, trace=301763, class=Line@50006f05)
OBJ 50000bf5 (sz=16, trace=301715, class=java.lang.Integer@5000010c)
ARR 50000bf6 (sz=24, trace=301762, nelems=0, elem type=int[])
OBJ 50000bf7 (sz=32, trace=301713, class=java.util.ArrayList$Itr@50001974)
OBJ 50000bf8 (sz=32, trace=301763, class=Line@50006f05)
ARR 50000bf9 (sz=24, trace=301762, nelems=0, elem type=int[])
OBJ 50000bfa (sz=32, trace=301713, class=java.util.ArrayList$Itr@50001974)
OBJ 50000bfb (sz=32, trace=301763, class=Line@50006f05)
OBJ 50000bfc (sz=16, trace=301715, class=java.lang.Integer@5000010c)
OBJ 50000bfd (sz=24, trace=300127, class=java.lang.String@5000016f)
	value		50000bfe
ARR 50000bfe (sz=182, trace=300128, nelems=91, elem type=char[])
ARR 50000bff (sz=24, trace=301762, nelems=0, elem type=int[])
OBJ 50000c00 (sz=32, trace=301713, class=java.util.ArrayList$Itr@50001974)
OBJ 50000c01 (sz=32, trace=301763, class=Line@50006f05)
OBJ 50000c02 (sz=16, trace=301715, class=java.lang.Integer@5000010c)
ARR 50000c03 (sz=24, trace=301762, nelems=0, elem type=int[])
OBJ 50000c04 (sz=32, trace=301713, class=java.util.ArrayList$Itr@50001974)
OBJ 50000c05 (sz=32, trace=301763, class=Line@50006f05)
OBJ 50000c06 (sz=16, trace=301715, class=java.lang.Integer@5000010c)
ARR 50000c07 (sz=24, trace=301762, nelems=0, elem type=int[])
OBJ 50000c08 (sz=24, trace=300149, class=java.lang.String@5000016f)
	value		50000c09
ARR 50000c09 (sz=182, trace=300150, nelems=91, elem type=char[])
OBJ 50000c0a (sz=64, trace=300151, class=java.net.URL@5000011b)
	protocol	50009a58
	host		500095b3
	file		50000c08
	authority	500095b3
	path		50000c08
	handler		5000a505
OBJ 50000c0b (sz=32, trace=301713, class=java.util.ArrayList$Itr@50001974)
OBJ 50000c0c (sz=48, trace=300153, class=sun.misc.URLClassPath$JarLoader@50000231)
	base		50000c0a
	jar		50000c16
	csu		5000a50b
	handler		5000a505
	lmap		5000a506
OBJ 50000c0d (sz=32, trace=301763, class=Line@50006f05)
OBJ 50000c0e (sz=16, trace=301715, class=java.lang.Integer@5000010c)
ARR 50000c0f (sz=24, trace=301762, nelems=0, elem type=int[])
OBJ 50000c10 (sz=32, trace=301713, class=java.util.ArrayList$Itr@50001974)
OBJ 50000c11 (sz=32, trace=301763, class=Line@50006f05)
OBJ 50000c12 (sz=16, trace=301715, class=java.lang.Integer@5000010c)
ARR 50000c13 (sz=24, trace=301762, nelems=0, elem type=int[])
OBJ 50000c14 (sz=32, trace=301713, class=java.util.ArrayList$Itr@50001974)
OBJ 50000c15 (sz=32, trace=301763, class=Line@50006f05)
OBJ 50000c16 (sz=64, trace=300189, class=java.util.jar.JarFile@5000025e)
	name		5000a55d
	zc		50000c1e
	streams		50000c18
	inflaterCache	50000c1c
OBJ 50000c17 (sz=40, trace=300097, class=java.lang.ref.Finalizer@5000014e)
	referent	50000c16
	queue		5000945f
	next		50000b83
	prev		50000c4c
OBJ 50000c18 (sz=48, trace=300190, class=java.util.WeakHashMap@500000ac)
	table		50000c1b
	queue		50000c19
OBJ 50000c19 (sz=32, trace=300191, class=java.lang.ref.ReferenceQueue@500000de)
	lock		50000c1a
OBJ 50000c1a (sz=16, trace=300192, class=java.lang.ref.ReferenceQueue$Lock@500000dc)
ARR 50000c1b (sz=80, trace=300193, nelems=0, elem type=java.util.WeakHashMap$Entry[]@50000045)
OBJ 50000c1c (sz=24, trace=300195, class=java.util.ArrayDeque@500002c1)
	elements	50000c1d
ARR 50000c1d (sz=80, trace=300196, nelems=0, elem type=java.lang.Object[]@5000010a)
OBJ 50000c1e (sz=32, trace=300198, class=java.util.zip.ZipCoder@500002c4)
	cs		50009acb
	enc		50000c24
OBJ 50000c1f (sz=16, trace=301715, class=java.lang.Integer@5000010c)
ARR 50000c20 (sz=24, trace=301762, nelems=0, elem type=int[])
OBJ 50000c21 (sz=32, trace=301713, class=java.util.ArrayList$Itr@50001974)
OBJ 50000c22 (sz=32, trace=301763, class=Line@50006f05)
ARR 50000c23 (sz=24, trace=301762, nelems=0, elem type=int[])
OBJ 50000c24 (sz=56, trace=300220, class=sun.nio.cs.UTF_8$Encoder@50000071)
	charset		50009acb
	replacement	50000c25
	malformedInputAction	50009ac2
	unmappableCharacterAction	50009ac2
ARR 50000c25 (sz=1, trace=300221, nelems=1, elem type=byte[])
OBJ 50000c26 (sz=32, trace=301713, class=java.util.ArrayList$Itr@50001974)
OBJ 50000c27 (sz=32, trace=301763, class=Line@50006f05)
OBJ 50000c28 (sz=16, trace=301715, class=java.lang.Integer@5000010c)
ARR 50000c29 (sz=24, trace=301762, nelems=0, elem type=int[])
OBJ 50000c2a (sz=32, trace=301713, class=java.util.ArrayList$Itr@50001974)
OBJ 50000c2b (sz=32, trace=300283, class=java.util.HashMap$Node@500000b9)
	key		50000bfd
	value		50000c0c
OBJ 50000c2c (sz=32, trace=301763, class=Line@50006f05)
OBJ 50000c2d (sz=16, trace=301715, class=java.lang.Integer@5000010c)
ARR 50000c2e (sz=24, trace=301762, nelems=0, elem type=int[])
OBJ 50000c2f (sz=32, trace=301713, class=java.util.ArrayList$Itr@50001974)
OBJ 50000c30 (sz=32, trace=301763, class=Line@50006f05)
OBJ 50000c31 (sz=16, trace=301715, class=java.lang.Integer@5000010c)
OBJ 50000c32 (sz=24, trace=300127, class=java.lang.String@5000016f)
	value		50000c33
ARR 50000c33 (sz=178, trace=300128, nelems=89, elem type=char[])
ARR 50000c34 (sz=24, trace=301762, nelems=0, elem type=int[])
OBJ 50000c35 (sz=32, trace=301713, class=java.util.ArrayList$Itr@50001974)
OBJ 50000c36 (sz=32, trace=301763, class=Line@50006f05)
OBJ 50000c37 (sz=16, trace=301715, class=java.lang.Integer@5000010c)
ARR 50000c38 (sz=24, trace=301762, nelems=0, elem type=int[])
OBJ 50000c39 (sz=32, trace=301713, class=java.util.ArrayList$Itr@50001974)
OBJ 50000c3a (sz=32, trace=301763, class=Line@50006f05)
OBJ 50000c3b (sz=16, trace=301715, class=java.lang.Integer@5000010c)
ARR 50000c3c (sz=24, trace=301762, nelems=0, elem type=int[])
OBJ 50000c3d (sz=24, trace=300149, class=java.lang.String@5000016f)
	value		50000c3e
ARR 50000c3e (sz=178, trace=300150, nelems=89, elem type=char[])
OBJ 50000c3f (sz=64, trace=300151, class=java.net.URL@5000011b)
	protocol	50009a58
	host		500095b3
	file		50000c3d
	authority	500095b3
	path		50000c3d
	handler		5000a505
OBJ 50000c40 (sz=32, trace=301713, class=java.util.ArrayList$Itr@50001974)
OBJ 50000c41 (sz=48, trace=300153, class=sun.misc.URLClassPath$JarLoader@50000231)
	base		50000c3f
	jar		50000c4b
	csu		5000a50c
	handler		5000a505
	lmap		5000a506
OBJ 50000c42 (sz=32, trace=301763, class=Line@50006f05)
OBJ 50000c43 (sz=16, trace=301715, class=java.lang.Integer@5000010c)
ARR 50000c44 (sz=24, trace=301762, nelems=0, elem type=int[])
OBJ 50000c45 (sz=32, trace=301713, class=java.util.ArrayList$Itr@50001974)
OBJ 50000c46 (sz=32, trace=301763, class=Line@50006f05)
OBJ 50000c47 (sz=16, trace=301715, class=java.lang.Integer@5000010c)
ARR 50000c48 (sz=24, trace=301762, nelems=0, elem type=int[])
OBJ 50000c49 (sz=32, trace=301713, class=java.util.ArrayList$Itr@50001974)
OBJ 50000c4a (sz=32, trace=301763, class=Line@50006f05)
OBJ 50000c4b (sz=64, trace=300189, class=java.util.jar.JarFile@5000025e)
	name		5000a55b
	zc		50000c53
	streams		50000c4d
	inflaterCache	50000c51
	manEntry	50000c62
OBJ 50000c4c (sz=40, trace=300097, class=java.lang.ref.Finalizer@5000014e)
	referent	50000c4b
	queue		5000945f
	next		50000c17
	prev		50000c69
OBJ 50000c4d (sz=48, trace=300190, class=java.util.WeakHashMap@500000ac)
	table		50000c50
	queue		50000c4e
OBJ 50000c4e (sz=32, trace=300191, class=java.lang.ref.ReferenceQueue@500000de)
	lock		50000c4f
OBJ 50000c4f (sz=16, trace=300192, class=java.lang.ref.ReferenceQueue$Lock@500000dc)
ARR 50000c50 (sz=80, trace=300193, nelems=0, elem type=java.util.WeakHashMap$Entry[]@50000045)
OBJ 50000c51 (sz=24, trace=300195, class=java.util.ArrayDeque@500002c1)
	elements	50000c52
ARR 50000c52 (sz=80, trace=300196, nelems=1, elem type=java.lang.Object[]@5000010a)
	[0]		50000c68
OBJ 50000c53 (sz=32, trace=300198, class=java.util.zip.ZipCoder@500002c4)
	cs		50009acb
	enc		50000c59
OBJ 50000c54 (sz=16, trace=301715, class=java.lang.Integer@5000010c)
ARR 50000c55 (sz=24, trace=301762, nelems=0, elem type=int[])
OBJ 50000c56 (sz=32, trace=301713, class=java.util.ArrayList$Itr@50001974)
OBJ 50000c57 (sz=32, trace=301763, class=Line@50006f05)
OBJ 50000c58 (sz=16, trace=301715, class=java.lang.Integer@5000010c)
OBJ 50000c59 (sz=56, trace=300220, class=sun.nio.cs.UTF_8$Encoder@50000071)
	charset		50009acb
	replacement	50000c5a
	malformedInputAction	50009ac2
	unmappableCharacterAction	50009ac2
ARR 50000c5a (sz=1, trace=300221, nelems=1, elem type=byte[])
ARR 50000c5b (sz=24, trace=301762, nelems=0, elem type=int[])
OBJ 50000c5c (sz=32, trace=301713, class=java.util.ArrayList$Itr@50001974)
OBJ 50000c5d (sz=32, trace=301763, class=Line@50006f05)
OBJ 50000c5e (sz=16, trace=301715, class=java.lang.Integer@5000010c)
ARR 50000c5f (sz=24, trace=301762, nelems=0, elem type=int[])
OBJ 50000c60 (sz=32, trace=301713, class=java.util.ArrayList$Itr@50001974)
OBJ 50000c61 (sz=32, trace=301763, class=Line@50006f05)
OBJ 50000c62 (sz=96, trace=300271, class=java.util.jar.JarFile$JarFileEntry@50000323)
	name		50009a48
	this$0		50000c4b
OBJ 50000c63 (sz=16, trace=301715, class=java.lang.Integer@5000010c)
ARR 50000c64 (sz=24, trace=301762, nelems=0, elem type=int[])
OBJ 50000c65 (sz=32, trace=301713, class=java.util.ArrayList$Itr@50001974)
OBJ 50000c66 (sz=56, trace=300276, class=java.util.zip.ZipFile$ZipFileInputStream@50000328)
OBJ 50000c67 (sz=32, trace=301763, class=Line@50006f05)
OBJ 50000c68 (sz=48, trace=300291, class=java.util.zip.Inflater@500003a6)
	zsRef		50000c6a
	buf		500003a7
OBJ 50000c69 (sz=40, trace=300097, class=java.lang.ref.Finalizer@5000014e)
	referent	50000c68
	queue		5000945f
	next		50000c4c
	prev		50000d8f
OBJ 50000c6a (sz=24, trace=300293, class=java.util.zip.ZStreamRef@500003aa)
OBJ 50000c6b (sz=56, trace=300295, class=java.util.zip.ZipFile$ZipFileInflaterInputStream@500003ad)
OBJ 50000c6c (sz=16, trace=301715, class=java.lang.Integer@5000010c)
ARR 50000c6d (sz=24, trace=300296, nelems=0, elem type=byte[])
ARR 50000c6e (sz=528, trace=300297, nelems=0, elem type=byte[])
ARR 50000c6f (sz=120, trace=300298, nelems=0, elem type=byte[])
ARR 50000c70 (sz=24, trace=301762, nelems=0, elem type=int[])
OBJ 50000c71 (sz=32, trace=301713, class=java.util.ArrayList$Itr@50001974)
OBJ 50000c72 (sz=32, trace=301763, class=Line@50006f05)
OBJ 50000c73 (sz=32, trace=300283, class=java.util.HashMap$Node@500000b9)
	key		50000c32
	value		50000c41
OBJ 50000c74 (sz=16, trace=301715, class=java.lang.Integer@5000010c)
ARR 50000c75 (sz=24, trace=301762, nelems=0, elem type=int[])
OBJ 50000c76 (sz=32, trace=301713, class=java.util.ArrayList$Itr@50001974)
OBJ 50000c77 (sz=32, trace=301763, class=Line@50006f05)
OBJ 50000c78 (sz=16, trace=301715, class=java.lang.Integer@5000010c)
ARR 50000c79 (sz=24, trace=301762, nelems=0, elem type=int[])
OBJ 50000c7a (sz=24, trace=300127, class=java.lang.String@5000016f)
	value		50000c7b
ARR 50000c7b (sz=190, trace=300128, nelems=95, elem type=char[])
OBJ 50000c7c (sz=32, trace=301713, class=java.util.ArrayList$Itr@50001974)
OBJ 50000c7d (sz=32, trace=301763, class=Line@50006f05)
OBJ 50000c7e (sz=16, trace=301715, class=java.lang.Integer@5000010c)
ARR 50000c7f (sz=24, trace=301762, nelems=0, elem type=int[])
OBJ 50000c80 (sz=32, trace=301713, class=java.util.ArrayList$Itr@50001974)
OBJ 50000c81 (sz=32, trace=301763, class=Line@50006f05)
OBJ 50000c82 (sz=16, trace=301715, class=java.lang.Integer@5000010c)
ARR 50000c83 (sz=24, trace=301762, nelems=0, elem type=int[])
OBJ 50000c84 (sz=32, trace=301713, class=java.util.ArrayList$Itr@50001974)
OBJ 50000c85 (sz=24, trace=300149, class=java.lang.String@5000016f)
	value		50000c86
ARR 50000c86 (sz=190, trace=300150, nelems=95, elem type=char[])
OBJ 50000c87 (sz=64, trace=300151, class=java.net.URL@5000011b)
	protocol	50009a58
	host		500095b3
	file		50000c85
	authority	500095b3
	path		50000c85
	handler		5000a505
OBJ 50000c88 (sz=32, trace=301763, class=Line@50006f05)
OBJ 50000c89 (sz=48, trace=300153, class=sun.misc.URLClassPath$JarLoader@50000231)
	base		50000c87
	csu		5000a50d
	metaIndex	5000a0e6
	handler		5000a505
	lmap		5000a506
OBJ 50000c8a (sz=16, trace=301715, class=java.lang.Integer@5000010c)
ARR 50000c8b (sz=24, trace=301762, nelems=0, elem type=int[])
OBJ 50000c8c (sz=32, trace=301713, class=java.util.ArrayList$Itr@50001974)
OBJ 50000c8d (sz=32, trace=301763, class=Line@50006f05)
OBJ 50000c8e (sz=16, trace=301715, class=java.lang.Integer@5000010c)
OBJ 50000c8f (sz=32, trace=300283, class=java.util.HashMap$Node@500000b9)
	key		50000c7a
	value		50000c89
ARR 50000c90 (sz=24, trace=301762, nelems=0, elem type=int[])
OBJ 50000c91 (sz=32, trace=301713, class=java.util.ArrayList$Itr@50001974)
OBJ 50000c92 (sz=32, trace=301763, class=Line@50006f05)
OBJ 50000c93 (sz=24, trace=300127, class=java.lang.String@5000016f)
	value		50000c94
ARR 50000c94 (sz=184, trace=300128, nelems=92, elem type=char[])
OBJ 50000c95 (sz=16, trace=301715, class=java.lang.Integer@5000010c)
ARR 50000c96 (sz=24, trace=301762, nelems=0, elem type=int[])
OBJ 50000c97 (sz=32, trace=301713, class=java.util.ArrayList$Itr@50001974)
OBJ 50000c98 (sz=32, trace=301763, class=Line@50006f05)
OBJ 50000c99 (sz=16, trace=301715, class=java.lang.Integer@5000010c)
ARR 50000c9a (sz=24, trace=301762, nelems=0, elem type=int[])
OBJ 50000c9b (sz=32, trace=301713, class=java.util.ArrayList$Itr@50001974)
OBJ 50000c9c (sz=32, trace=301763, class=Line@50006f05)
OBJ 50000c9d (sz=16, trace=301715, class=java.lang.Integer@5000010c)
OBJ 50000c9e (sz=24, trace=300149, class=java.lang.String@5000016f)
	value		50000c9f
ARR 50000c9f (sz=184, trace=300150, nelems=92, elem type=char[])
OBJ 50000ca0 (sz=64, trace=300151, class=java.net.URL@5000011b)
	protocol	50009a58
	host		500095b3
	file		50000c9e
	authority	500095b3
	path		50000c9e
	handler		5000a505
ARR 50000ca1 (sz=24, trace=301762, nelems=0, elem type=int[])
OBJ 50000ca2 (sz=48, trace=300153, class=sun.misc.URLClassPath$JarLoader@50000231)
	base		50000ca0
	csu		5000a50e
	metaIndex	5000a072
	handler		5000a505
	lmap		5000a506
OBJ 50000ca3 (sz=32, trace=301713, class=java.util.ArrayList$Itr@50001974)
OBJ 50000ca4 (sz=32, trace=301763, class=Line@50006f05)
OBJ 50000ca5 (sz=16, trace=301715, class=java.lang.Integer@5000010c)
ARR 50000ca6 (sz=24, trace=301762, nelems=0, elem type=int[])
OBJ 50000ca7 (sz=32, trace=301713, class=java.util.ArrayList$Itr@50001974)
OBJ 50000ca8 (sz=32, trace=300283, class=java.util.HashMap$Node@500000b9)
	key		50000c93
	value		50000ca2
OBJ 50000ca9 (sz=32, trace=301763, class=Line@50006f05)
OBJ 50000caa (sz=16, trace=301715, class=java.lang.Integer@5000010c)
ARR 50000cab (sz=24, trace=301762, nelems=0, elem type=int[])
OBJ 50000cac (sz=24, trace=300127, class=java.lang.String@5000016f)
	value		50000cad
ARR 50000cad (sz=188, trace=300128, nelems=94, elem type=char[])
OBJ 50000cae (sz=32, trace=301713, class=java.util.ArrayList$Itr@50001974)
OBJ 50000caf (sz=32, trace=301763, class=Line@50006f05)
OBJ 50000cb0 (sz=16, trace=301715, class=java.lang.Integer@5000010c)
ARR 50000cb1 (sz=24, trace=301762, nelems=0, elem type=int[])
OBJ 50000cb2 (sz=32, trace=301713, class=java.util.ArrayList$Itr@50001974)
OBJ 50000cb3 (sz=32, trace=301763, class=Line@50006f05)
OBJ 50000cb4 (sz=16, trace=301715, class=java.lang.Integer@5000010c)
ARR 50000cb5 (sz=24, trace=301762, nelems=0, elem type=int[])
OBJ 50000cb6 (sz=32, trace=301713, class=java.util.ArrayList$Itr@50001974)
OBJ 50000cb7 (sz=24, trace=300149, class=java.lang.String@5000016f)
	value		50000cb8
ARR 50000cb8 (sz=188, trace=300150, nelems=94, elem type=char[])
OBJ 50000cb9 (sz=64, trace=300151, class=java.net.URL@5000011b)
	protocol	50009a58
	host		500095b3
	file		50000cb7
	authority	500095b3
	path		50000cb7
	handler		5000a505
OBJ 50000cba (sz=32, trace=301763, class=Line@50006f05)
OBJ 50000cbb (sz=48, trace=300153, class=sun.misc.URLClassPath$JarLoader@50000231)
	base		50000cb9
	csu		5000a50f
	metaIndex	5000a0fa
	handler		5000a505
	lmap		5000a506
OBJ 50000cbc (sz=16, trace=301715, class=java.lang.Integer@5000010c)
ARR 50000cbd (sz=24, trace=301762, nelems=0, elem type=int[])
OBJ 50000cbe (sz=32, trace=301713, class=java.util.ArrayList$Itr@50001974)
OBJ 50000cbf (sz=32, trace=301763, class=Line@50006f05)
OBJ 50000cc0 (sz=16, trace=301715, class=java.lang.Integer@5000010c)
OBJ 50000cc1 (sz=32, trace=300283, class=java.util.HashMap$Node@500000b9)
	key		50000cac
	value		50000cbb
ARR 50000cc2 (sz=24, trace=301762, nelems=0, elem type=int[])
OBJ 50000cc3 (sz=32, trace=301713, class=java.util.ArrayList$Itr@50001974)
OBJ 50000cc4 (sz=32, trace=301763, class=Line@50006f05)
OBJ 50000cc5 (sz=24, trace=300127, class=java.lang.String@5000016f)
	value		50000cc6
ARR 50000cc6 (sz=184, trace=300128, nelems=92, elem type=char[])
OBJ 50000cc7 (sz=16, trace=301715, class=java.lang.Integer@5000010c)
ARR 50000cc8 (sz=24, trace=301762, nelems=0, elem type=int[])
OBJ 50000cc9 (sz=32, trace=301713, class=java.util.ArrayList$Itr@50001974)
OBJ 50000cca (sz=32, trace=301763, class=Line@50006f05)
OBJ 50000ccb (sz=16, trace=301715, class=java.lang.Integer@5000010c)
ARR 50000ccc (sz=24, trace=301762, nelems=0, elem type=int[])
OBJ 50000ccd (sz=32, trace=301713, class=java.util.ArrayList$Itr@50001974)
OBJ 50000cce (sz=32, trace=301763, class=Line@50006f05)
ARR 50000ccf (sz=24, trace=301762, nelems=0, elem type=int[])
OBJ 50000cd0 (sz=24, trace=300149, class=java.lang.String@5000016f)
	value		50000cd1
ARR 50000cd1 (sz=184, trace=300150, nelems=92, elem type=char[])
OBJ 50000cd2 (sz=64, trace=300151, class=java.net.URL@5000011b)
	protocol	50009a58
	host		500095b3
	file		50000cd0
	authority	500095b3
	path		50000cd0
	handler		5000a505
OBJ 50000cd3 (sz=32, trace=301713, class=java.util.ArrayList$Itr@50001974)
OBJ 50000cd4 (sz=48, trace=300153, class=sun.misc.URLClassPath$JarLoader@50000231)
	base		50000cd2
	csu		5000a510
	metaIndex	5000a085
	handler		5000a505
	lmap		5000a506
OBJ 50000cd5 (sz=32, trace=301763, class=Line@50006f05)
OBJ 50000cd6 (sz=16, trace=301715, class=java.lang.Integer@5000010c)
ARR 50000cd7 (sz=24, trace=301762, nelems=0, elem type=int[])
OBJ 50000cd8 (sz=32, trace=301713, class=java.util.ArrayList$Itr@50001974)
OBJ 50000cd9 (sz=32, trace=301763, class=Line@50006f05)
OBJ 50000cda (sz=32, trace=300283, class=java.util.HashMap$Node@500000b9)
	key		50000cc5
	value		50000cd4
OBJ 50000cdb (sz=16, trace=301715, class=java.lang.Integer@5000010c)
ARR 50000cdc (sz=24, trace=301762, nelems=0, elem type=int[])
OBJ 50000cdd (sz=32, trace=301713, class=java.util.ArrayList$Itr@50001974)
OBJ 50000cde (sz=24, trace=300127, class=java.lang.String@5000016f)
	value		50000cdf
ARR 50000cdf (sz=194, trace=300128, nelems=97, elem type=char[])
OBJ 50000ce0 (sz=32, trace=301763, class=Line@50006f05)
OBJ 50000ce1 (sz=16, trace=301715, class=java.lang.Integer@5000010c)
ARR 50000ce2 (sz=24, trace=301762, nelems=0, elem type=int[])
OBJ 50000ce3 (sz=32, trace=301713, class=java.util.ArrayList$Itr@50001974)
OBJ 50000ce4 (sz=32, trace=301763, class=Line@50006f05)
OBJ 50000ce5 (sz=16, trace=301715, class=java.lang.Integer@5000010c)
ARR 50000ce6 (sz=24, trace=301762, nelems=0, elem type=int[])
OBJ 50000ce7 (sz=32, trace=301713, class=java.util.ArrayList$Itr@50001974)
OBJ 50000ce8 (sz=32, trace=301763, class=Line@50006f05)
OBJ 50000ce9 (sz=24, trace=300149, class=java.lang.String@5000016f)
	value		50000cea
ARR 50000cea (sz=194, trace=300150, nelems=97, elem type=char[])
OBJ 50000ceb (sz=64, trace=300151, class=java.net.URL@5000011b)
	protocol	50009a58
	host		500095b3
	file		50000ce9
	authority	500095b3
	path		50000ce9
	handler		5000a505
OBJ 50000cec (sz=16, trace=301715, class=java.lang.Integer@5000010c)
OBJ 50000ced (sz=48, trace=300153, class=sun.misc.URLClassPath$JarLoader@50000231)
	base		50000ceb
	csu		5000a511
	metaIndex	5000a0c2
	handler		5000a505
	lmap		5000a506
ARR 50000cee (sz=24, trace=301762, nelems=0, elem type=int[])
OBJ 50000cef (sz=32, trace=301713, class=java.util.ArrayList$Itr@50001974)
OBJ 50000cf0 (sz=32, trace=301763, class=Line@50006f05)
OBJ 50000cf1 (sz=16, trace=301715, class=java.lang.Integer@5000010c)
ARR 50000cf2 (sz=24, trace=301762, nelems=0, elem type=int[])
OBJ 50000cf3 (sz=32, trace=300283, class=java.util.HashMap$Node@500000b9)
	key		50000cde
	value		50000ced
OBJ 50000cf4 (sz=32, trace=301713, class=java.util.ArrayList$Itr@50001974)
OBJ 50000cf5 (sz=32, trace=301763, class=Line@50006f05)
OBJ 50000cf6 (sz=16, trace=301715, class=java.lang.Integer@5000010c)
OBJ 50000cf7 (sz=24, trace=300127, class=java.lang.String@5000016f)
	value		50000cf8
ARR 50000cf8 (sz=188, trace=300128, nelems=94, elem type=char[])
ARR 50000cf9 (sz=24, trace=301762, nelems=0, elem type=int[])
OBJ 50000cfa (sz=32, trace=301713, class=java.util.ArrayList$Itr@50001974)
OBJ 50000cfb (sz=32, trace=301763, class=Line@50006f05)
OBJ 50000cfc (sz=16, trace=301715, class=java.lang.Integer@5000010c)
ARR 50000cfd (sz=24, trace=301762, nelems=0, elem type=int[])
OBJ 50000cfe (sz=32, trace=301713, class=java.util.ArrayList$Itr@50001974)
OBJ 50000cff (sz=32, trace=301763, class=Line@50006f05)
OBJ 50000d00 (sz=16, trace=301715, class=java.lang.Integer@5000010c)
ARR 50000d01 (sz=24, trace=301762, nelems=0, elem type=int[])
OBJ 50000d02 (sz=24, trace=300149, class=java.lang.String@5000016f)
	value		50000d03
ARR 50000d03 (sz=188, trace=300150, nelems=94, elem type=char[])
OBJ 50000d04 (sz=64, trace=300151, class=java.net.URL@5000011b)
	protocol	50009a58
	host		500095b3
	file		50000d02
	authority	500095b3
	path		50000d02
	handler		5000a505
OBJ 50000d05 (sz=32, trace=301713, class=java.util.ArrayList$Itr@50001974)
OBJ 50000d06 (sz=48, trace=300153, class=sun.misc.URLClassPath$JarLoader@50000231)
	base		50000d04
	csu		5000a512
	metaIndex	5000a0cf
	handler		5000a505
	lmap		5000a506
OBJ 50000d07 (sz=32, trace=301763, class=Line@50006f05)
OBJ 50000d08 (sz=16, trace=301715, class=java.lang.Integer@5000010c)
ARR 50000d09 (sz=24, trace=301762, nelems=0, elem type=int[])
OBJ 50000d0a (sz=32, trace=301713, class=java.util.ArrayList$Itr@50001974)
OBJ 50000d0b (sz=32, trace=301763, class=Line@50006f05)
OBJ 50000d0c (sz=32, trace=300283, class=java.util.HashMap$Node@500000b9)
	key		50000cf7
	value		50000d06
	next		50001029
OBJ 50000d0d (sz=16, trace=301715, class=java.lang.Integer@5000010c)
ARR 50000d0e (sz=24, trace=301762, nelems=0, elem type=int[])
OBJ 50000d0f (sz=32, trace=301713, class=java.util.ArrayList$Itr@50001974)
OBJ 50000d10 (sz=24, trace=300127, class=java.lang.String@5000016f)
	value		50000d11
ARR 50000d11 (sz=184, trace=300128, nelems=92, elem type=char[])
OBJ 50000d12 (sz=32, trace=301763, class=Line@50006f05)
OBJ 50000d13 (sz=16, trace=301715, class=java.lang.Integer@5000010c)
ARR 50000d14 (sz=24, trace=301762, nelems=0, elem type=int[])
OBJ 50000d15 (sz=32, trace=301713, class=java.util.ArrayList$Itr@50001974)
OBJ 50000d16 (sz=32, trace=301763, class=Line@50006f05)
OBJ 50000d17 (sz=16, trace=301715, class=java.lang.Integer@5000010c)
ARR 50000d18 (sz=24, trace=301762, nelems=0, elem type=int[])
OBJ 50000d19 (sz=32, trace=301713, class=java.util.ArrayList$Itr@50001974)
OBJ 50000d1a (sz=32, trace=301763, class=Line@50006f05)
OBJ 50000d1b (sz=24, trace=300149, class=java.lang.String@5000016f)
	value		50000d1c
ARR 50000d1c (sz=184, trace=300150, nelems=92, elem type=char[])
OBJ 50000d1d (sz=64, trace=300151, class=java.net.URL@5000011b)
	protocol	50009a58
	host		500095b3
	file		50000d1b
	authority	500095b3
	path		50000d1b
	handler		5000a505
OBJ 50000d1e (sz=16, trace=301715, class=java.lang.Integer@5000010c)
OBJ 50000d1f (sz=48, trace=300153, class=sun.misc.URLClassPath$JarLoader@50000231)
	base		50000d1d
	csu		5000a513
	metaIndex	5000a101
	handler		5000a505
	lmap		5000a506
ARR 50000d20 (sz=24, trace=301762, nelems=0, elem type=int[])
OBJ 50000d21 (sz=32, trace=301713, class=java.util.ArrayList$Itr@50001974)
OBJ 50000d22 (sz=32, trace=301763, class=Line@50006f05)
ARR 50000d23 (sz=24, trace=301762, nelems=0, elem type=int[])
OBJ 50000d24 (sz=32, trace=301713, class=java.util.ArrayList$Itr@50001974)
OBJ 50000d25 (sz=32, trace=300283, class=java.util.HashMap$Node@500000b9)
	key		50000d10
	value		50000d1f
	next		500011e7
OBJ 50000d26 (sz=32, trace=301763, class=Line@50006f05)
OBJ 50000d27 (sz=16, trace=301715, class=java.lang.Integer@5000010c)
ARR 50000d28 (sz=24, trace=301762, nelems=0, elem type=int[])
OBJ 50000d29 (sz=24, trace=300127, class=java.lang.String@5000016f)
	value		50000d2a
ARR 50000d2a (sz=204, trace=300128, nelems=102, elem type=char[])
OBJ 50000d2b (sz=32, trace=301713, class=java.util.ArrayList$Itr@50001974)
OBJ 50000d2c (sz=32, trace=301763, class=Line@50006f05)
ARR 50000d2d (sz=24, trace=301762, nelems=0, elem type=int[])
OBJ 50000d2e (sz=32, trace=301713, class=java.util.ArrayList$Itr@50001974)
OBJ 50000d2f (sz=32, trace=301763, class=Line@50006f05)
OBJ 50000d30 (sz=16, trace=301715, class=java.lang.Integer@5000010c)
ARR 50000d31 (sz=24, trace=301762, nelems=0, elem type=int[])
OBJ 50000d32 (sz=32, trace=301713, class=java.util.ArrayList$Itr@50001974)
OBJ 50000d33 (sz=32, trace=301763, class=Line@50006f05)
OBJ 50000d34 (sz=24, trace=300149, class=java.lang.String@5000016f)
	value		50000d35
ARR 50000d35 (sz=204, trace=300150, nelems=102, elem type=char[])
OBJ 50000d36 (sz=64, trace=300151, class=java.net.URL@5000011b)
	protocol	50009a58
	host		500095b3
	file		50000d34
	authority	500095b3
	path		50000d34
	handler		5000a505
ARR 50000d37 (sz=24, trace=301762, nelems=0, elem type=int[])
OBJ 50000d38 (sz=48, trace=300153, class=sun.misc.URLClassPath$JarLoader@50000231)
	base		50000d36
	csu		5000a514
	metaIndex	5000a0ef
	handler		5000a505
	lmap		5000a506
OBJ 50000d39 (sz=32, trace=301713, class=java.util.ArrayList$Itr@50001974)
OBJ 50000d3a (sz=32, trace=301763, class=Line@50006f05)
OBJ 50000d3b (sz=16, trace=301715, class=java.lang.Integer@5000010c)
ARR 50000d3c (sz=24, trace=301762, nelems=0, elem type=int[])
OBJ 50000d3d (sz=32, trace=301713, class=java.util.ArrayList$Itr@50001974)
OBJ 50000d3e (sz=32, trace=300283, class=java.util.HashMap$Node@500000b9)
	key		50000d29
	value		50000d38
	next		50000f6e
OBJ 50000d3f (sz=32, trace=301763, class=Line@50006f05)
OBJ 50000d40 (sz=16, trace=301715, class=java.lang.Integer@5000010c)
ARR 50000d41 (sz=24, trace=301762, nelems=0, elem type=int[])
OBJ 50000d42 (sz=24, trace=300127, class=java.lang.String@5000016f)
	value		50000d43
ARR 50000d43 (sz=192, trace=300128, nelems=96, elem type=char[])
OBJ 50000d44 (sz=32, trace=301713, class=java.util.ArrayList$Itr@50001974)
OBJ 50000d45 (sz=32, trace=301763, class=Line@50006f05)
OBJ 50000d46 (sz=16, trace=301715, class=java.lang.Integer@5000010c)
ARR 50000d47 (sz=24, trace=301762, nelems=0, elem type=int[])
OBJ 50000d48 (sz=32, trace=301713, class=java.util.ArrayList$Itr@50001974)
OBJ 50000d49 (sz=32, trace=301763, class=Line@50006f05)
OBJ 50000d4a (sz=16, trace=301715, class=java.lang.Integer@5000010c)
ARR 50000d4b (sz=24, trace=301762, nelems=0, elem type=int[])
OBJ 50000d4c (sz=32, trace=301713, class=java.util.ArrayList$Itr@50001974)
OBJ 50000d4d (sz=24, trace=300149, class=java.lang.String@5000016f)
	value		50000d4e
ARR 50000d4e (sz=192, trace=300150, nelems=96, elem type=char[])
OBJ 50000d4f (sz=64, trace=300151, class=java.net.URL@5000011b)
	protocol	50009a58
	host		500095b3
	file		50000d4d
	authority	500095b3
	path		50000d4d
	handler		5000a505
OBJ 50000d50 (sz=32, trace=301763, class=Line@50006f05)
OBJ 50000d51 (sz=48, trace=300153, class=sun.misc.URLClassPath$JarLoader@50000231)
	base		50000d4f
	csu		5000a515
	metaIndex	5000a0db
	handler		5000a505
	lmap		5000a506
ARR 50000d52 (sz=24, trace=301762, nelems=0, elem type=int[])
OBJ 50000d53 (sz=32, trace=301713, class=java.util.ArrayList$Itr@50001974)
OBJ 50000d54 (sz=32, trace=301763, class=Line@50006f05)
OBJ 50000d55 (sz=16, trace=301715, class=java.lang.Integer@5000010c)
ARR 50000d56 (sz=24, trace=301762, nelems=0, elem type=int[])
OBJ 50000d57 (sz=32, trace=301713, class=java.util.ArrayList$Itr@50001974)
OBJ 50000d58 (sz=32, trace=300299, class=java.util.HashMap$Node@500000b9)
	key		50000d42
	value		50000d51
OBJ 50000d59 (sz=32, trace=301763, class=Line@50006f05)
OBJ 50000d5a (sz=16, trace=301715, class=java.lang.Integer@5000010c)
ARR 50000d5b (sz=24, trace=301762, nelems=0, elem type=int[])
OBJ 50000d5c (sz=24, trace=300127, class=java.lang.String@5000016f)
	value		50000d5d
ARR 50000d5d (sz=184, trace=300128, nelems=92, elem type=char[])
OBJ 50000d5e (sz=32, trace=301713, class=java.util.ArrayList$Itr@50001974)
OBJ 50000d5f (sz=32, trace=301763, class=Line@50006f05)
OBJ 50000d60 (sz=16, trace=301715, class=java.lang.Integer@5000010c)
ARR 50000d61 (sz=24, trace=301762, nelems=0, elem type=int[])
OBJ 50000d62 (sz=32, trace=301713, class=java.util.ArrayList$Itr@50001974)
OBJ 50000d63 (sz=32, trace=301763, class=Line@50006f05)
OBJ 50000d64 (sz=16, trace=301715, class=java.lang.Integer@5000010c)
ARR 50000d65 (sz=24, trace=301762, nelems=0, elem type=int[])
OBJ 50000d66 (sz=32, trace=301713, class=java.util.ArrayList$Itr@50001974)
OBJ 50000d67 (sz=24, trace=300149, class=java.lang.String@5000016f)
	value		50000d68
ARR 50000d68 (sz=184, trace=300150, nelems=92, elem type=char[])
OBJ 50000d69 (sz=64, trace=300151, class=java.net.URL@5000011b)
	protocol	50009a58
	host		500095b3
	file		50000d67
	authority	500095b3
	path		50000d67
	handler		5000a505
OBJ 50000d6a (sz=32, trace=301763, class=Line@50006f05)
OBJ 50000d6b (sz=48, trace=300153, class=sun.misc.URLClassPath$JarLoader@50000231)
	base		50000d69
	csu		5000a516
	metaIndex	5000a07c
	handler		5000a505
	lmap		5000a506
OBJ 50000d6c (sz=16, trace=301715, class=java.lang.Integer@5000010c)
ARR 50000d6d (sz=24, trace=301762, nelems=0, elem type=int[])
OBJ 50000d6e (sz=32, trace=301713, class=java.util.ArrayList$Itr@50001974)
OBJ 50000d6f (sz=32, trace=301763, class=Line@50006f05)
OBJ 50000d70 (sz=16, trace=301715, class=java.lang.Integer@5000010c)
OBJ 50000d71 (sz=32, trace=300299, class=java.util.HashMap$Node@500000b9)
	key		50000d5c
	value		50000d6b
	next		50001072
ARR 50000d72 (sz=24, trace=301762, nelems=0, elem type=int[])
OBJ 50000d73 (sz=32, trace=301713, class=java.util.ArrayList$Itr@50001974)
OBJ 50000d74 (sz=32, trace=301763, class=Line@50006f05)
OBJ 50000d75 (sz=24, trace=300127, class=java.lang.String@5000016f)
	value		50000d76
ARR 50000d76 (sz=178, trace=300128, nelems=89, elem type=char[])
OBJ 50000d77 (sz=16, trace=301715, class=java.lang.Integer@5000010c)
ARR 50000d78 (sz=24, trace=301762, nelems=0, elem type=int[])
OBJ 50000d79 (sz=32, trace=301713, class=java.util.ArrayList$Itr@50001974)
OBJ 50000d7a (sz=32, trace=301763, class=Line@50006f05)
OBJ 50000d7b (sz=16, trace=301715, class=java.lang.Integer@5000010c)
ARR 50000d7c (sz=24, trace=301762, nelems=0, elem type=int[])
OBJ 50000d7d (sz=32, trace=301713, class=java.util.ArrayList$Itr@50001974)
OBJ 50000d7e (sz=32, trace=301763, class=Line@50006f05)
OBJ 50000d7f (sz=16, trace=301715, class=java.lang.Integer@5000010c)
OBJ 50000d80 (sz=24, trace=300149, class=java.lang.String@5000016f)
	value		50000d81
ARR 50000d81 (sz=178, trace=300150, nelems=89, elem type=char[])
OBJ 50000d82 (sz=64, trace=300151, class=java.net.URL@5000011b)
	protocol	50009a58
	host		500095b3
	file		50000d80
	authority	500095b3
	path		50000d80
	handler		5000a505
ARR 50000d83 (sz=24, trace=301762, nelems=0, elem type=int[])
OBJ 50000d84 (sz=48, trace=300153, class=sun.misc.URLClassPath$JarLoader@50000231)
	base		50000d82
	jar		50000d8e
	csu		5000a517
	handler		5000a505
	lmap		5000a506
OBJ 50000d85 (sz=32, trace=301713, class=java.util.ArrayList$Itr@50001974)
OBJ 50000d86 (sz=32, trace=301763, class=Line@50006f05)
OBJ 50000d87 (sz=16, trace=301715, class=java.lang.Integer@5000010c)
ARR 50000d88 (sz=24, trace=301762, nelems=0, elem type=int[])
OBJ 50000d89 (sz=32, trace=301713, class=java.util.ArrayList$Itr@50001974)
OBJ 50000d8a (sz=32, trace=301763, class=Line@50006f05)
OBJ 50000d8b (sz=16, trace=301715, class=java.lang.Integer@5000010c)
ARR 50000d8c (sz=24, trace=301762, nelems=0, elem type=int[])
OBJ 50000d8d (sz=32, trace=301713, class=java.util.ArrayList$Itr@50001974)
OBJ 50000d8e (sz=64, trace=300189, class=java.util.jar.JarFile@5000025e)
	name		5000a545
	zc		50000d96
	streams		50000d90
	inflaterCache	50000d94
	manEntry	50000da5
OBJ 50000d8f (sz=40, trace=300097, class=java.lang.ref.Finalizer@5000014e)
	referent	50000d8e
	queue		5000945f
	next		50000c69
	prev		50000dac
OBJ 50000d90 (sz=48, trace=300190, class=java.util.WeakHashMap@500000ac)
	table		50000d93
	queue		50000d91
OBJ 50000d91 (sz=32, trace=300191, class=java.lang.ref.ReferenceQueue@500000de)
	lock		50000d92
OBJ 50000d92 (sz=16, trace=300192, class=java.lang.ref.ReferenceQueue$Lock@500000dc)
ARR 50000d93 (sz=80, trace=300193, nelems=0, elem type=java.util.WeakHashMap$Entry[]@50000045)
OBJ 50000d94 (sz=24, trace=300195, class=java.util.ArrayDeque@500002c1)
	elements	50000d95
ARR 50000d95 (sz=80, trace=300196, nelems=1, elem type=java.lang.Object[]@5000010a)
	[0]		50000dab
OBJ 50000d96 (sz=32, trace=300198, class=java.util.zip.ZipCoder@500002c4)
	cs		50009acb
	enc		50000d9c
OBJ 50000d97 (sz=32, trace=301763, class=Line@50006f05)
ARR 50000d98 (sz=24, trace=301762, nelems=0, elem type=int[])
OBJ 50000d99 (sz=32, trace=301713, class=java.util.ArrayList$Itr@50001974)
OBJ 50000d9a (sz=32, trace=301763, class=Line@50006f05)
OBJ 50000d9b (sz=16, trace=301715, class=java.lang.Integer@5000010c)
OBJ 50000d9c (sz=56, trace=300220, class=sun.nio.cs.UTF_8$Encoder@50000071)
	charset		50009acb
	replacement	50000d9d
	malformedInputAction	50009ac2
	unmappableCharacterAction	50009ac2
ARR 50000d9d (sz=1, trace=300221, nelems=1, elem type=byte[])
ARR 50000d9e (sz=24, trace=301762, nelems=0, elem type=int[])
OBJ 50000d9f (sz=32, trace=301713, class=java.util.ArrayList$Itr@50001974)
OBJ 50000da0 (sz=32, trace=301763, class=Line@50006f05)
OBJ 50000da1 (sz=16, trace=301715, class=java.lang.Integer@5000010c)
ARR 50000da2 (sz=24, trace=301762, nelems=0, elem type=int[])
OBJ 50000da3 (sz=32, trace=301713, class=java.util.ArrayList$Itr@50001974)
OBJ 50000da4 (sz=32, trace=301763, class=Line@50006f05)
OBJ 50000da5 (sz=96, trace=300271, class=java.util.jar.JarFile$JarFileEntry@50000323)
	name		50009a48
	this$0		50000d8e
OBJ 50000da6 (sz=16, trace=301715, class=java.lang.Integer@5000010c)
ARR 50000da7 (sz=24, trace=301762, nelems=0, elem type=int[])
OBJ 50000da8 (sz=32, trace=301713, class=java.util.ArrayList$Itr@50001974)
OBJ 50000da9 (sz=56, trace=300276, class=java.util.zip.ZipFile$ZipFileInputStream@50000328)
OBJ 50000daa (sz=32, trace=301763, class=Line@50006f05)
OBJ 50000dab (sz=48, trace=300291, class=java.util.zip.Inflater@500003a6)
	zsRef		50000dad
	buf		500003a7
OBJ 50000dac (sz=40, trace=300097, class=java.lang.ref.Finalizer@5000014e)
	referent	50000dab
	queue		5000945f
	next		50000d8f
	prev		50000dd8
OBJ 50000dad (sz=24, trace=300293, class=java.util.zip.ZStreamRef@500003aa)
OBJ 50000dae (sz=56, trace=300295, class=java.util.zip.ZipFile$ZipFileInflaterInputStream@500003ad)
OBJ 50000daf (sz=16, trace=301715, class=java.lang.Integer@5000010c)
ARR 50000db0 (sz=24, trace=300296, nelems=0, elem type=byte[])
ARR 50000db1 (sz=528, trace=300297, nelems=0, elem type=byte[])
ARR 50000db2 (sz=120, trace=300298, nelems=0, elem type=byte[])
ARR 50000db3 (sz=24, trace=301762, nelems=0, elem type=int[])
OBJ 50000db4 (sz=32, trace=301713, class=java.util.ArrayList$Itr@50001974)
OBJ 50000db5 (sz=32, trace=301763, class=Line@50006f05)
OBJ 50000db6 (sz=32, trace=300283, class=java.util.HashMap$Node@500000b9)
	key		50000d75
	value		50000d84
OBJ 50000db7 (sz=16, trace=301715, class=java.lang.Integer@5000010c)
ARR 50000db8 (sz=24, trace=301762, nelems=0, elem type=int[])
OBJ 50000db9 (sz=32, trace=301713, class=java.util.ArrayList$Itr@50001974)
OBJ 50000dba (sz=32, trace=301763, class=Line@50006f05)
OBJ 50000dbb (sz=16, trace=301715, class=java.lang.Integer@5000010c)
ARR 50000dbc (sz=24, trace=301762, nelems=0, elem type=int[])
OBJ 50000dbd (sz=32, trace=301713, class=java.util.ArrayList$Itr@50001974)
OBJ 50000dbe (sz=24, trace=300127, class=java.lang.String@5000016f)
	value		50000dbf
ARR 50000dbf (sz=172, trace=300128, nelems=86, elem type=char[])
OBJ 50000dc0 (sz=32, trace=301763, class=Line@50006f05)
OBJ 50000dc1 (sz=16, trace=301715, class=java.lang.Integer@5000010c)
ARR 50000dc2 (sz=24, trace=301762, nelems=0, elem type=int[])
OBJ 50000dc3 (sz=32, trace=301713, class=java.util.ArrayList$Itr@50001974)
OBJ 50000dc4 (sz=32, trace=301763, class=Line@50006f05)
OBJ 50000dc5 (sz=16, trace=301715, class=java.lang.Integer@5000010c)
ARR 50000dc6 (sz=24, trace=301762, nelems=0, elem type=int[])
OBJ 50000dc7 (sz=32, trace=301713, class=java.util.ArrayList$Itr@50001974)
OBJ 50000dc8 (sz=32, trace=301763, class=Line@50006f05)
OBJ 50000dc9 (sz=24, trace=300149, class=java.lang.String@5000016f)
	value		50000dca
ARR 50000dca (sz=172, trace=300150, nelems=86, elem type=char[])
OBJ 50000dcb (sz=64, trace=300151, class=java.net.URL@5000011b)
	protocol	50009a58
	host		500095b3
	file		50000dc9
	authority	500095b3
	path		50000dc9
	handler		5000a505
OBJ 50000dcc (sz=16, trace=301715, class=java.lang.Integer@5000010c)
OBJ 50000dcd (sz=48, trace=300153, class=sun.misc.URLClassPath$JarLoader@50000231)
	base		50000dcb
	jar		50000dd7
	csu		5000a518
	handler		5000a505
	lmap		5000a506
ARR 50000dce (sz=24, trace=301762, nelems=0, elem type=int[])
OBJ 50000dcf (sz=32, trace=301713, class=java.util.ArrayList$Itr@50001974)
OBJ 50000dd0 (sz=32, trace=301763, class=Line@50006f05)
ARR 50000dd1 (sz=24, trace=301762, nelems=0, elem type=int[])
OBJ 50000dd2 (sz=32, trace=301713, class=java.util.ArrayList$Itr@50001974)
OBJ 50000dd3 (sz=32, trace=301763, class=Line@50006f05)
OBJ 50000dd4 (sz=16, trace=301715, class=java.lang.Integer@5000010c)
ARR 50000dd5 (sz=24, trace=301762, nelems=0, elem type=int[])
OBJ 50000dd6 (sz=32, trace=301713, class=java.util.ArrayList$Itr@50001974)
OBJ 50000dd7 (sz=64, trace=300189, class=java.util.jar.JarFile@5000025e)
	name		5000a543
	zc		50000ddf
	streams		50000dd9
	inflaterCache	50000ddd
OBJ 50000dd8 (sz=40, trace=300097, class=java.lang.ref.Finalizer@5000014e)
	referent	50000dd7
	queue		5000945f
	next		50000dac
	prev		50000e0b
OBJ 50000dd9 (sz=48, trace=300190, class=java.util.WeakHashMap@500000ac)
	table		50000ddc
	queue		50000dda
OBJ 50000dda (sz=32, trace=300191, class=java.lang.ref.ReferenceQueue@500000de)
	lock		50000ddb
OBJ 50000ddb (sz=16, trace=300192, class=java.lang.ref.ReferenceQueue$Lock@500000dc)
ARR 50000ddc (sz=80, trace=300193, nelems=0, elem type=java.util.WeakHashMap$Entry[]@50000045)
OBJ 50000ddd (sz=24, trace=300195, class=java.util.ArrayDeque@500002c1)
	elements	50000dde
ARR 50000dde (sz=80, trace=300196, nelems=0, elem type=java.lang.Object[]@5000010a)
OBJ 50000ddf (sz=32, trace=300198, class=java.util.zip.ZipCoder@500002c4)
	cs		50009acb
	enc		50000de5
OBJ 50000de0 (sz=32, trace=301763, class=Line@50006f05)
OBJ 50000de1 (sz=16, trace=301715, class=java.lang.Integer@5000010c)
ARR 50000de2 (sz=24, trace=301762, nelems=0, elem type=int[])
OBJ 50000de3 (sz=32, trace=301713, class=java.util.ArrayList$Itr@50001974)
OBJ 50000de4 (sz=32, trace=301763, class=Line@50006f05)
OBJ 50000de5 (sz=56, trace=300220, class=sun.nio.cs.UTF_8$Encoder@50000071)
	charset		50009acb
	replacement	50000de6
	malformedInputAction	50009ac2
	unmappableCharacterAction	50009ac2
ARR 50000de6 (sz=1, trace=300221, nelems=1, elem type=byte[])
OBJ 50000de7 (sz=16, trace=301715, class=java.lang.Integer@5000010c)
ARR 50000de8 (sz=24, trace=301762, nelems=0, elem type=int[])
OBJ 50000de9 (sz=32, trace=301713, class=java.util.ArrayList$Itr@50001974)
OBJ 50000dea (sz=32, trace=300299, class=java.util.HashMap$Node@500000b9)
	key		50000dbe
	value		50000dcd
OBJ 50000deb (sz=32, trace=301763, class=Line@50006f05)
OBJ 50000dec (sz=16, trace=301715, class=java.lang.Integer@5000010c)
ARR 50000ded (sz=24, trace=301762, nelems=0, elem type=int[])
OBJ 50000dee (sz=32, trace=301713, class=java.util.ArrayList$Itr@50001974)
OBJ 50000def (sz=32, trace=301763, class=Line@50006f05)
OBJ 50000df0 (sz=16, trace=301715, class=java.lang.Integer@5000010c)
OBJ 50000df1 (sz=24, trace=300127, class=java.lang.String@5000016f)
	value		50000df2
ARR 50000df2 (sz=172, trace=300128, nelems=86, elem type=char[])
ARR 50000df3 (sz=24, trace=301762, nelems=0, elem type=int[])
OBJ 50000df4 (sz=32, trace=301713, class=java.util.ArrayList$Itr@50001974)
OBJ 50000df5 (sz=32, trace=301763, class=Line@50006f05)
OBJ 50000df6 (sz=16, trace=301715, class=java.lang.Integer@5000010c)
ARR 50000df7 (sz=24, trace=301762, nelems=0, elem type=int[])
OBJ 50000df8 (sz=32, trace=301713, class=java.util.ArrayList$Itr@50001974)
OBJ 50000df9 (sz=32, trace=301763, class=Line@50006f05)
OBJ 50000dfa (sz=16, trace=301715, class=java.lang.Integer@5000010c)
ARR 50000dfb (sz=24, trace=301762, nelems=0, elem type=int[])
OBJ 50000dfc (sz=24, trace=300149, class=java.lang.String@5000016f)
	value		50000dfd
ARR 50000dfd (sz=172, trace=300150, nelems=86, elem type=char[])
OBJ 50000dfe (sz=64, trace=300151, class=java.net.URL@5000011b)
	protocol	50009a58
	host		500095b3
	file		50000dfc
	authority	500095b3
	path		50000dfc
	handler		5000a505
OBJ 50000dff (sz=32, trace=301713, class=java.util.ArrayList$Itr@50001974)
OBJ 50000e00 (sz=48, trace=300153, class=sun.misc.URLClassPath$JarLoader@50000231)
	base		50000dfe
	jar		50000e0a
	csu		5000a519
	handler		5000a505
	lmap		5000a506
OBJ 50000e01 (sz=32, trace=301763, class=Line@50006f05)
OBJ 50000e02 (sz=16, trace=301715, class=java.lang.Integer@5000010c)
ARR 50000e03 (sz=24, trace=301762, nelems=0, elem type=int[])
OBJ 50000e04 (sz=32, trace=301713, class=java.util.ArrayList$Itr@50001974)
OBJ 50000e05 (sz=32, trace=301763, class=Line@50006f05)
OBJ 50000e06 (sz=16, trace=301715, class=java.lang.Integer@5000010c)
ARR 50000e07 (sz=24, trace=301762, nelems=0, elem type=int[])
OBJ 50000e08 (sz=32, trace=301713, class=java.util.ArrayList$Itr@50001974)
OBJ 50000e09 (sz=32, trace=301763, class=Line@50006f05)
OBJ 50000e0a (sz=64, trace=300189, class=java.util.jar.JarFile@5000025e)
	name		5000a541
	zc		50000e12
	streams		50000e0c
	inflaterCache	50000e10
	manEntry	50000e21
OBJ 50000e0b (sz=40, trace=300097, class=java.lang.ref.Finalizer@5000014e)
	referent	50000e0a
	queue		5000945f
	next		50000dd8
	prev		50000e4b
OBJ 50000e0c (sz=48, trace=300190, class=java.util.WeakHashMap@500000ac)
	table		50000e0f
	queue		50000e0d
OBJ 50000e0d (sz=32, trace=300191, class=java.lang.ref.ReferenceQueue@500000de)
	lock		50000e0e
OBJ 50000e0e (sz=16, trace=300192, class=java.lang.ref.ReferenceQueue$Lock@500000dc)
ARR 50000e0f (sz=80, trace=300193, nelems=0, elem type=java.util.WeakHashMap$Entry[]@50000045)
OBJ 50000e10 (sz=24, trace=300195, class=java.util.ArrayDeque@500002c1)
	elements	50000e11
ARR 50000e11 (sz=80, trace=300196, nelems=0, elem type=java.lang.Object[]@5000010a)
OBJ 50000e12 (sz=32, trace=300198, class=java.util.zip.ZipCoder@500002c4)
	cs		50009acb
	enc		50000e18
OBJ 50000e13 (sz=16, trace=301715, class=java.lang.Integer@5000010c)
ARR 50000e14 (sz=24, trace=301762, nelems=0, elem type=int[])
OBJ 50000e15 (sz=32, trace=301713, class=java.util.ArrayList$Itr@50001974)
OBJ 50000e16 (sz=32, trace=301763, class=Line@50006f05)
OBJ 50000e17 (sz=16, trace=301715, class=java.lang.Integer@5000010c)
OBJ 50000e18 (sz=56, trace=300220, class=sun.nio.cs.UTF_8$Encoder@50000071)
	charset		50009acb
	replacement	50000e19
	malformedInputAction	50009ac2
	unmappableCharacterAction	50009ac2
ARR 50000e19 (sz=1, trace=300221, nelems=1, elem type=byte[])
ARR 50000e1a (sz=24, trace=301762, nelems=0, elem type=int[])
OBJ 50000e1b (sz=32, trace=301713, class=java.util.ArrayList$Itr@50001974)
OBJ 50000e1c (sz=32, trace=301763, class=Line@50006f05)
OBJ 50000e1d (sz=16, trace=301715, class=java.lang.Integer@5000010c)
ARR 50000e1e (sz=24, trace=301762, nelems=0, elem type=int[])
OBJ 50000e1f (sz=32, trace=301713, class=java.util.ArrayList$Itr@50001974)
OBJ 50000e20 (sz=32, trace=301763, class=Line@50006f05)
OBJ 50000e21 (sz=96, trace=300271, class=java.util.jar.JarFile$JarFileEntry@50000323)
	name		50009a48
	this$0		50000e0a
OBJ 50000e22 (sz=16, trace=301715, class=java.lang.Integer@5000010c)
ARR 50000e23 (sz=24, trace=301762, nelems=0, elem type=int[])
OBJ 50000e24 (sz=32, trace=301713, class=java.util.ArrayList$Itr@50001974)
OBJ 50000e25 (sz=56, trace=300276, class=java.util.zip.ZipFile$ZipFileInputStream@50000328)
OBJ 50000e26 (sz=32, trace=301763, class=Line@50006f05)
OBJ 50000e27 (sz=16, trace=301715, class=java.lang.Integer@5000010c)
ARR 50000e28 (sz=24, trace=301762, nelems=0, elem type=int[])
OBJ 50000e29 (sz=32, trace=301713, class=java.util.ArrayList$Itr@50001974)
OBJ 50000e2a (sz=32, trace=300283, class=java.util.HashMap$Node@500000b9)
	key		50000df1
	value		50000e00
OBJ 50000e2b (sz=32, trace=301763, class=Line@50006f05)
OBJ 50000e2c (sz=16, trace=301715, class=java.lang.Integer@5000010c)
ARR 50000e2d (sz=24, trace=301762, nelems=0, elem type=int[])
OBJ 50000e2e (sz=32, trace=301713, class=java.util.ArrayList$Itr@50001974)
OBJ 50000e2f (sz=32, trace=301763, class=Line@50006f05)
ARR 50000e30 (sz=24, trace=301762, nelems=0, elem type=int[])
OBJ 50000e31 (sz=32, trace=301713, class=java.util.ArrayList$Itr@50001974)
OBJ 50000e32 (sz=32, trace=301763, class=Line@50006f05)
OBJ 50000e33 (sz=16, trace=301715, class=java.lang.Integer@5000010c)
ARR 50000e34 (sz=24, trace=301762, nelems=0, elem type=int[])
OBJ 50000e35 (sz=32, trace=301713, class=java.util.ArrayList$Itr@50001974)
OBJ 50000e36 (sz=32, trace=301763, class=Line@50006f05)
OBJ 50000e37 (sz=16, trace=301715, class=java.lang.Integer@5000010c)
ARR 50000e38 (sz=24, trace=301762, nelems=0, elem type=int[])
OBJ 50000e39 (sz=32, trace=301713, class=java.util.ArrayList$Itr@50001974)
OBJ 50000e3a (sz=32, trace=301763, class=Line@50006f05)
OBJ 50000e3b (sz=16, trace=301715, class=java.lang.Integer@5000010c)
OBJ 50000e3c (sz=24, trace=300149, class=java.lang.String@5000016f)
	value		50000e3d
ARR 50000e3d (sz=178, trace=300150, nelems=89, elem type=char[])
OBJ 50000e3e (sz=64, trace=300151, class=java.net.URL@5000011b)
	protocol	50009a58
	host		500095b3
	file		50000e3c
	authority	500095b3
	path		50000e3c
	handler		5000a505
ARR 50000e3f (sz=24, trace=301762, nelems=0, elem type=int[])
OBJ 50000e40 (sz=48, trace=300153, class=sun.misc.URLClassPath$JarLoader@50000231)
	base		50000e3e
	jar		50000e4a
	csu		5000a51a
	index		50000e6d
	handler		5000a505
	lmap		5000a506
OBJ 50000e41 (sz=32, trace=301713, class=java.util.ArrayList$Itr@50001974)
OBJ 50000e42 (sz=32, trace=301763, class=Line@50006f05)
OBJ 50000e43 (sz=16, trace=301715, class=java.lang.Integer@5000010c)
ARR 50000e44 (sz=24, trace=301762, nelems=0, elem type=int[])
OBJ 50000e45 (sz=32, trace=301713, class=java.util.ArrayList$Itr@50001974)
OBJ 50000e46 (sz=32, trace=301763, class=Line@50006f05)
OBJ 50000e47 (sz=16, trace=301715, class=java.lang.Integer@5000010c)
ARR 50000e48 (sz=24, trace=301762, nelems=0, elem type=int[])
OBJ 50000e49 (sz=32, trace=301713, class=java.util.ArrayList$Itr@50001974)
OBJ 50000e4a (sz=64, trace=300189, class=java.util.jar.JarFile@5000025e)
	name		5000a53f
	zc		50000e52
	streams		50000e4c
	inflaterCache	50000e50
OBJ 50000e4b (sz=40, trace=300097, class=java.lang.ref.Finalizer@5000014e)
	referent	50000e4a
	queue		5000945f
	next		50000e0b
	prev		50000e65
OBJ 50000e4c (sz=48, trace=300190, class=java.util.WeakHashMap@500000ac)
	table		50000e4f
	queue		50000e4d
OBJ 50000e4d (sz=32, trace=300191, class=java.lang.ref.ReferenceQueue@500000de)
	lock		50000e4e
OBJ 50000e4e (sz=16, trace=300192, class=java.lang.ref.ReferenceQueue$Lock@500000dc)
ARR 50000e4f (sz=80, trace=300193, nelems=0, elem type=java.util.WeakHashMap$Entry[]@50000045)
OBJ 50000e50 (sz=24, trace=300195, class=java.util.ArrayDeque@500002c1)
	elements	50000e51
ARR 50000e51 (sz=80, trace=300196, nelems=0, elem type=java.lang.Object[]@5000010a)
OBJ 50000e52 (sz=32, trace=300198, class=java.util.zip.ZipCoder@500002c4)
	cs		50009acb
	enc		50000e58
OBJ 50000e53 (sz=32, trace=301763, class=Line@50006f05)
OBJ 50000e54 (sz=16, trace=301715, class=java.lang.Integer@5000010c)
ARR 50000e55 (sz=24, trace=301762, nelems=0, elem type=int[])
OBJ 50000e56 (sz=32, trace=301713, class=java.util.ArrayList$Itr@50001974)
OBJ 50000e57 (sz=32, trace=301763, class=Line@50006f05)
OBJ 50000e58 (sz=56, trace=300220, class=sun.nio.cs.UTF_8$Encoder@50000071)
	charset		50009acb
	replacement	50000e59
	malformedInputAction	50009ac2
	unmappableCharacterAction	50009ac2
ARR 50000e59 (sz=1, trace=300221, nelems=1, elem type=byte[])
OBJ 50000e5a (sz=16, trace=301715, class=java.lang.Integer@5000010c)
ARR 50000e5b (sz=24, trace=301762, nelems=0, elem type=int[])
OBJ 50000e5c (sz=32, trace=301713, class=java.util.ArrayList$Itr@50001974)
OBJ 50000e5d (sz=32, trace=301763, class=Line@50006f05)
OBJ 50000e5e (sz=16, trace=301715, class=java.lang.Integer@5000010c)
ARR 50000e5f (sz=24, trace=301762, nelems=0, elem type=int[])
OBJ 50000e60 (sz=32, trace=301713, class=java.util.ArrayList$Itr@50001974)
OBJ 50000e61 (sz=32, trace=301763, class=Line@50006f05)
OBJ 50000e62 (sz=56, trace=300306, class=java.util.zip.ZipFile$ZipFileInputStream@50000328)
OBJ 50000e63 (sz=16, trace=301715, class=java.lang.Integer@5000010c)
OBJ 50000e64 (sz=48, trace=300307, class=java.util.zip.Inflater@500003a6)
	zsRef		50000e66
	buf		50000e6b
OBJ 50000e65 (sz=40, trace=300097, class=java.lang.ref.Finalizer@5000014e)
	referent	50000e64
	queue		5000945f
	next		50000e4b
	prev		50000ecc
OBJ 50000e66 (sz=24, trace=300293, class=java.util.zip.ZStreamRef@500003aa)
OBJ 50000e67 (sz=56, trace=300295, class=java.util.zip.ZipFile$ZipFileInflaterInputStream@500003ad)
ARR 50000e68 (sz=24, trace=301762, nelems=0, elem type=int[])
ARR 50000e69 (sz=24, trace=300308, nelems=0, elem type=byte[])
ARR 50000e6a (sz=528, trace=300309, nelems=0, elem type=byte[])
ARR 50000e6b (sz=74, trace=300310, nelems=74, elem type=byte[])
OBJ 50000e6c (sz=32, trace=301713, class=java.util.ArrayList$Itr@50001974)
OBJ 50000e6d (sz=24, trace=300311, class=sun.misc.JarIndex@500002e8)
	indexMap	50000e6e
	jarMap		50000e6f
	jarFiles	50000e97
OBJ 50000e6e (sz=48, trace=300312, class=java.util.HashMap@500000ba)
	table		50000e83
OBJ 50000e6f (sz=48, trace=300313, class=java.util.HashMap@500000ba)
	table		50000e87
OBJ 50000e70 (sz=32, trace=301763, class=Line@50006f05)
OBJ 50000e71 (sz=16, trace=301715, class=java.lang.Integer@5000010c)
ARR 50000e72 (sz=24, trace=301762, nelems=0, elem type=int[])
OBJ 50000e73 (sz=32, trace=301713, class=java.util.ArrayList$Itr@50001974)
OBJ 50000e74 (sz=32, trace=301763, class=Line@50006f05)
OBJ 50000e75 (sz=16, trace=301715, class=java.lang.Integer@5000010c)
ARR 50000e76 (sz=24, trace=301762, nelems=0, elem type=int[])
OBJ 50000e77 (sz=32, trace=301713, class=java.util.ArrayList$Itr@50001974)
OBJ 50000e78 (sz=32, trace=301763, class=Line@50006f05)
OBJ 50000e79 (sz=16, trace=301715, class=java.lang.Integer@5000010c)
ARR 50000e7a (sz=24, trace=301762, nelems=0, elem type=int[])
OBJ 50000e7b (sz=32, trace=301713, class=java.util.ArrayList$Itr@50001974)
OBJ 50000e7c (sz=32, trace=301763, class=Line@50006f05)
OBJ 50000e7d (sz=24, trace=300325, class=java.lang.String@5000016f)
	value		50000e7e
ARR 50000e7e (sz=20, trace=300326, nelems=10, elem type=char[])
OBJ 50000e7f (sz=24, trace=300327, class=java.lang.String@5000016f)
	value		50000e80
ARR 50000e80 (sz=12, trace=300326, nelems=6, elem type=char[])
OBJ 50000e81 (sz=32, trace=300329, class=java.util.LinkedList@50000513)
	first		50000e82
	last		50000e82
OBJ 50000e82 (sz=24, trace=300331, class=java.util.LinkedList$Node@50000515)
	item		50000e7d
ARR 50000e83 (sz=80, trace=300332, nelems=12, elem type=java.util.HashMap$Node[]@500000b8)
	[6]		50000e8d
	[10]		50000e93
	[11]		50000e84
OBJ 50000e84 (sz=32, trace=300283, class=java.util.HashMap$Node@500000b9)
	key		50000e7f
	value		50000e81
OBJ 50000e85 (sz=32, trace=300329, class=java.util.LinkedList@50000513)
	first		50000e86
	last		50000e94
OBJ 50000e86 (sz=24, trace=300331, class=java.util.LinkedList$Node@50000515)
	item		50000e7f
	next		50000e8e
ARR 50000e87 (sz=80, trace=300332, nelems=2, elem type=java.util.HashMap$Node[]@500000b8)
	[1]		50000e88
OBJ 50000e88 (sz=32, trace=300283, class=java.util.HashMap$Node@500000b9)
	key		50000e7d
	value		50000e85
OBJ 50000e89 (sz=24, trace=300327, class=java.lang.String@5000016f)
	value		50000e8a
ARR 50000e8a (sz=24, trace=300326, nelems=12, elem type=char[])
OBJ 50000e8b (sz=32, trace=300329, class=java.util.LinkedList@50000513)
	first		50000e8c
	last		50000e8c
OBJ 50000e8c (sz=24, trace=300331, class=java.util.LinkedList$Node@50000515)
	item		50000e7d
OBJ 50000e8d (sz=32, trace=300283, class=java.util.HashMap$Node@500000b9)
	key		50000e89
	value		50000e8b
OBJ 50000e8e (sz=24, trace=300333, class=java.util.LinkedList$Node@50000515)
	item		50000e89
	next		50000e94
	prev		50000e86
OBJ 50000e8f (sz=24, trace=300327, class=java.lang.String@5000016f)
	value		50000e90
ARR 50000e90 (sz=32, trace=300326, nelems=16, elem type=char[])
OBJ 50000e91 (sz=32, trace=300329, class=java.util.LinkedList@50000513)
	first		50000e92
	last		50000e92
OBJ 50000e92 (sz=24, trace=300331, class=java.util.LinkedList$Node@50000515)
	item		50000e7d
OBJ 50000e93 (sz=32, trace=300283, class=java.util.HashMap$Node@500000b9)
	key		50000e8f
	value		50000e91
OBJ 50000e94 (sz=24, trace=300333, class=java.util.LinkedList$Node@50000515)
	item		50000e8f
	prev		50000e8e
OBJ 50000e95 (sz=16, trace=301715, class=java.lang.Integer@5000010c)
ARR 50000e96 (sz=24, trace=301762, nelems=0, elem type=int[])
ARR 50000e97 (sz=24, trace=300334, nelems=1, elem type=java.lang.String[]@500000cf)
	[0]		50000e7d
OBJ 50000e98 (sz=32, trace=301713, class=java.util.ArrayList$Itr@50001974)
OBJ 50000e99 (sz=32, trace=301763, class=Line@50006f05)
OBJ 50000e9a (sz=16, trace=301715, class=java.lang.Integer@5000010c)
ARR 50000e9b (sz=24, trace=301762, nelems=0, elem type=int[])
OBJ 50000e9c (sz=32, trace=301713, class=java.util.ArrayList$Itr@50001974)
OBJ 50000e9d (sz=32, trace=301763, class=Line@50006f05)
OBJ 50000e9e (sz=16, trace=301715, class=java.lang.Integer@5000010c)
ARR 50000e9f (sz=24, trace=301762, nelems=0, elem type=int[])
OBJ 50000ea0 (sz=32, trace=301713, class=java.util.ArrayList$Itr@50001974)
OBJ 50000ea1 (sz=32, trace=301763, class=Line@50006f05)
OBJ 50000ea2 (sz=16, trace=301715, class=java.lang.Integer@5000010c)
ARR 50000ea3 (sz=24, trace=301762, nelems=0, elem type=int[])
OBJ 50000ea4 (sz=24, trace=300344, class=java.lang.String@5000016f)
	value		50000ea5
ARR 50000ea5 (sz=178, trace=300128, nelems=89, elem type=char[])
OBJ 50000ea6 (sz=32, trace=300299, class=java.util.HashMap$Node@500000b9)
	key		50000ea4
	value		50000e40
	next		5000114b
OBJ 50000ea7 (sz=32, trace=301713, class=java.util.ArrayList$Itr@50001974)
OBJ 50000ea8 (sz=32, trace=301763, class=Line@50006f05)
ARR 50000ea9 (sz=24, trace=301762, nelems=0, elem type=int[])
OBJ 50000eaa (sz=32, trace=301713, class=java.util.ArrayList$Itr@50001974)
OBJ 50000eab (sz=32, trace=301763, class=Line@50006f05)
OBJ 50000eac (sz=16, trace=301715, class=java.lang.Integer@5000010c)
ARR 50000ead (sz=24, trace=301762, nelems=0, elem type=int[])
OBJ 50000eae (sz=32, trace=301713, class=java.util.ArrayList$Itr@50001974)
OBJ 50000eaf (sz=32, trace=301763, class=Line@50006f05)
OBJ 50000eb0 (sz=16, trace=301715, class=java.lang.Integer@5000010c)
ARR 50000eb1 (sz=24, trace=301762, nelems=0, elem type=int[])
OBJ 50000eb2 (sz=24, trace=300127, class=java.lang.String@5000016f)
	value		50000eb3
ARR 50000eb3 (sz=174, trace=300128, nelems=87, elem type=char[])
OBJ 50000eb4 (sz=32, trace=301713, class=java.util.ArrayList$Itr@50001974)
OBJ 50000eb5 (sz=32, trace=301763, class=Line@50006f05)
OBJ 50000eb6 (sz=16, trace=301715, class=java.lang.Integer@5000010c)
ARR 50000eb7 (sz=24, trace=301762, nelems=0, elem type=int[])
OBJ 50000eb8 (sz=32, trace=301713, class=java.util.ArrayList$Itr@50001974)
OBJ 50000eb9 (sz=32, trace=301763, class=Line@50006f05)
OBJ 50000eba (sz=16, trace=301715, class=java.lang.Integer@5000010c)
ARR 50000ebb (sz=24, trace=301762, nelems=0, elem type=int[])
OBJ 50000ebc (sz=32, trace=301713, class=java.util.ArrayList$Itr@50001974)
OBJ 50000ebd (sz=24, trace=300149, class=java.lang.String@5000016f)
	value		50000ebe
ARR 50000ebe (sz=174, trace=300150, nelems=87, elem type=char[])
OBJ 50000ebf (sz=64, trace=300151, class=java.net.URL@5000011b)
	protocol	50009a58
	host		500095b3
	file		50000ebd
	authority	500095b3
	path		50000ebd
	handler		5000a505
OBJ 50000ec0 (sz=32, trace=301763, class=Line@50006f05)
OBJ 50000ec1 (sz=48, trace=300153, class=sun.misc.URLClassPath$JarLoader@50000231)
	base		50000ebf
	jar		50000ecb
	csu		5000a51b
	handler		5000a505
	lmap		5000a506
ARR 50000ec2 (sz=24, trace=301762, nelems=0, elem type=int[])
OBJ 50000ec3 (sz=32, trace=301713, class=java.util.ArrayList$Itr@50001974)
OBJ 50000ec4 (sz=32, trace=301763, class=Line@50006f05)
OBJ 50000ec5 (sz=16, trace=301715, class=java.lang.Integer@5000010c)
ARR 50000ec6 (sz=24, trace=301762, nelems=0, elem type=int[])
OBJ 50000ec7 (sz=32, trace=301713, class=java.util.ArrayList$Itr@50001974)
OBJ 50000ec8 (sz=32, trace=301763, class=Line@50006f05)
OBJ 50000ec9 (sz=16, trace=301715, class=java.lang.Integer@5000010c)
ARR 50000eca (sz=24, trace=301762, nelems=0, elem type=int[])
OBJ 50000ecb (sz=64, trace=300189, class=java.util.jar.JarFile@5000025e)
	name		5000a53d
	zc		50000ed3
	streams		50000ecd
	inflaterCache	50000ed1
OBJ 50000ecc (sz=40, trace=300097, class=java.lang.ref.Finalizer@5000014e)
	referent	50000ecb
	queue		5000945f
	next		50000e65
	prev		50000eff
OBJ 50000ecd (sz=48, trace=300190, class=java.util.WeakHashMap@500000ac)
	table		50000ed0
	queue		50000ece
OBJ 50000ece (sz=32, trace=300191, class=java.lang.ref.ReferenceQueue@500000de)
	lock		50000ecf
OBJ 50000ecf (sz=16, trace=300192, class=java.lang.ref.ReferenceQueue$Lock@500000dc)
ARR 50000ed0 (sz=80, trace=300193, nelems=0, elem type=java.util.WeakHashMap$Entry[]@50000045)
OBJ 50000ed1 (sz=24, trace=300195, class=java.util.ArrayDeque@500002c1)
	elements	50000ed2
ARR 50000ed2 (sz=80, trace=300196, nelems=0, elem type=java.lang.Object[]@5000010a)
OBJ 50000ed3 (sz=32, trace=300198, class=java.util.zip.ZipCoder@500002c4)
	cs		50009acb
	enc		50000ed9
OBJ 50000ed4 (sz=32, trace=301713, class=java.util.ArrayList$Itr@50001974)
OBJ 50000ed5 (sz=32, trace=301763, class=Line@50006f05)
OBJ 50000ed6 (sz=16, trace=301715, class=java.lang.Integer@5000010c)
ARR 50000ed7 (sz=24, trace=301762, nelems=0, elem type=int[])
OBJ 50000ed8 (sz=32, trace=301713, class=java.util.ArrayList$Itr@50001974)
OBJ 50000ed9 (sz=56, trace=300220, class=sun.nio.cs.UTF_8$Encoder@50000071)
	charset		50009acb
	replacement	50000eda
	malformedInputAction	50009ac2
	unmappableCharacterAction	50009ac2
ARR 50000eda (sz=1, trace=300221, nelems=1, elem type=byte[])
OBJ 50000edb (sz=32, trace=301763, class=Line@50006f05)
OBJ 50000edc (sz=16, trace=301715, class=java.lang.Integer@5000010c)
ARR 50000edd (sz=24, trace=301762, nelems=0, elem type=int[])
OBJ 50000ede (sz=32, trace=300283, class=java.util.HashMap$Node@500000b9)
	key		50000eb2
	value		50000ec1
OBJ 50000edf (sz=32, trace=301713, class=java.util.ArrayList$Itr@50001974)
OBJ 50000ee0 (sz=32, trace=301763, class=Line@50006f05)
OBJ 50000ee1 (sz=16, trace=301715, class=java.lang.Integer@5000010c)
ARR 50000ee2 (sz=24, trace=301762, nelems=0, elem type=int[])
OBJ 50000ee3 (sz=32, trace=301713, class=java.util.ArrayList$Itr@50001974)
OBJ 50000ee4 (sz=32, trace=301763, class=Line@50006f05)
OBJ 50000ee5 (sz=24, trace=300127, class=java.lang.String@5000016f)
	value		50000ee6
ARR 50000ee6 (sz=198, trace=300128, nelems=99, elem type=char[])
OBJ 50000ee7 (sz=16, trace=301715, class=java.lang.Integer@5000010c)
ARR 50000ee8 (sz=24, trace=301762, nelems=0, elem type=int[])
OBJ 50000ee9 (sz=32, trace=301713, class=java.util.ArrayList$Itr@50001974)
OBJ 50000eea (sz=32, trace=301763, class=Line@50006f05)
OBJ 50000eeb (sz=16, trace=301715, class=java.lang.Integer@5000010c)
ARR 50000eec (sz=24, trace=301762, nelems=0, elem type=int[])
OBJ 50000eed (sz=32, trace=301713, class=java.util.ArrayList$Itr@50001974)
OBJ 50000eee (sz=32, trace=301763, class=Line@50006f05)
OBJ 50000eef (sz=16, trace=301715, class=java.lang.Integer@5000010c)
OBJ 50000ef0 (sz=24, trace=300149, class=java.lang.String@5000016f)
	value		50000ef1
ARR 50000ef1 (sz=198, trace=300150, nelems=99, elem type=char[])
OBJ 50000ef2 (sz=64, trace=300151, class=java.net.URL@5000011b)
	protocol	50009a58
	host		500095b3
	file		50000ef0
	authority	500095b3
	path		50000ef0
	handler		5000a505
ARR 50000ef3 (sz=24, trace=301762, nelems=0, elem type=int[])
OBJ 50000ef4 (sz=48, trace=300153, class=sun.misc.URLClassPath$JarLoader@50000231)
	base		50000ef2
	jar		50000efe
	csu		5000a51c
	handler		5000a505
	lmap		5000a506
OBJ 50000ef5 (sz=32, trace=301713, class=java.util.ArrayList$Itr@50001974)
OBJ 50000ef6 (sz=32, trace=301763, class=Line@50006f05)
OBJ 50000ef7 (sz=16, trace=301715, class=java.lang.Integer@5000010c)
ARR 50000ef8 (sz=24, trace=301762, nelems=0, elem type=int[])
OBJ 50000ef9 (sz=32, trace=301713, class=java.util.ArrayList$Itr@50001974)
OBJ 50000efa (sz=32, trace=301763, class=Line@50006f05)
OBJ 50000efb (sz=16, trace=301715, class=java.lang.Integer@5000010c)
ARR 50000efc (sz=24, trace=301762, nelems=0, elem type=int[])
OBJ 50000efd (sz=32, trace=301713, class=java.util.ArrayList$Itr@50001974)
OBJ 50000efe (sz=64, trace=300189, class=java.util.jar.JarFile@5000025e)
	name		5000a53b
	zc		50000f06
	streams		50000f00
	inflaterCache	50000f04
	manEntry	50000f15
OBJ 50000eff (sz=40, trace=300097, class=java.lang.ref.Finalizer@5000014e)
	referent	50000efe
	queue		5000945f
	next		50000ecc
	prev		50000f1c
OBJ 50000f00 (sz=48, trace=300190, class=java.util.WeakHashMap@500000ac)
	table		50000f03
	queue		50000f01
OBJ 50000f01 (sz=32, trace=300191, class=java.lang.ref.ReferenceQueue@500000de)
	lock		50000f02
OBJ 50000f02 (sz=16, trace=300192, class=java.lang.ref.ReferenceQueue$Lock@500000dc)
ARR 50000f03 (sz=80, trace=300193, nelems=0, elem type=java.util.WeakHashMap$Entry[]@50000045)
OBJ 50000f04 (sz=24, trace=300195, class=java.util.ArrayDeque@500002c1)
	elements	50000f05
ARR 50000f05 (sz=80, trace=300196, nelems=1, elem type=java.lang.Object[]@5000010a)
	[0]		50000f1b
OBJ 50000f06 (sz=32, trace=300198, class=java.util.zip.ZipCoder@500002c4)
	cs		50009acb
	enc		50000f0c
OBJ 50000f07 (sz=32, trace=301763, class=Line@50006f05)
OBJ 50000f08 (sz=16, trace=301715, class=java.lang.Integer@5000010c)
ARR 50000f09 (sz=24, trace=301762, nelems=0, elem type=int[])
OBJ 50000f0a (sz=32, trace=301713, class=java.util.ArrayList$Itr@50001974)
OBJ 50000f0b (sz=32, trace=301763, class=Line@50006f05)
OBJ 50000f0c (sz=56, trace=300220, class=sun.nio.cs.UTF_8$Encoder@50000071)
	charset		50009acb
	replacement	50000f0d
	malformedInputAction	50009ac2
	unmappableCharacterAction	50009ac2
ARR 50000f0d (sz=1, trace=300221, nelems=1, elem type=byte[])
OBJ 50000f0e (sz=16, trace=301715, class=java.lang.Integer@5000010c)
ARR 50000f0f (sz=24, trace=301762, nelems=0, elem type=int[])
OBJ 50000f10 (sz=32, trace=301713, class=java.util.ArrayList$Itr@50001974)
OBJ 50000f11 (sz=32, trace=301763, class=Line@50006f05)
OBJ 50000f12 (sz=16, trace=301715, class=java.lang.Integer@5000010c)
ARR 50000f13 (sz=24, trace=301762, nelems=0, elem type=int[])
OBJ 50000f14 (sz=32, trace=301713, class=java.util.ArrayList$Itr@50001974)
OBJ 50000f15 (sz=96, trace=300271, class=java.util.jar.JarFile$JarFileEntry@50000323)
	name		50009a48
	this$0		50000efe
OBJ 50000f16 (sz=32, trace=301763, class=Line@50006f05)
OBJ 50000f17 (sz=16, trace=301715, class=java.lang.Integer@5000010c)
ARR 50000f18 (sz=24, trace=301762, nelems=0, elem type=int[])
OBJ 50000f19 (sz=56, trace=300276, class=java.util.zip.ZipFile$ZipFileInputStream@50000328)
OBJ 50000f1a (sz=32, trace=301713, class=java.util.ArrayList$Itr@50001974)
OBJ 50000f1b (sz=48, trace=300291, class=java.util.zip.Inflater@500003a6)
	zsRef		50000f1d
	buf		500003a7
OBJ 50000f1c (sz=40, trace=300097, class=java.lang.ref.Finalizer@5000014e)
	referent	50000f1b
	queue		5000945f
	next		50000eff
	prev		50000f47
OBJ 50000f1d (sz=24, trace=300293, class=java.util.zip.ZStreamRef@500003aa)
OBJ 50000f1e (sz=56, trace=300295, class=java.util.zip.ZipFile$ZipFileInflaterInputStream@500003ad)
OBJ 50000f1f (sz=32, trace=301763, class=Line@50006f05)
ARR 50000f20 (sz=24, trace=300296, nelems=0, elem type=byte[])
ARR 50000f21 (sz=528, trace=300297, nelems=0, elem type=byte[])
ARR 50000f22 (sz=160, trace=300298, nelems=0, elem type=byte[])
ARR 50000f23 (sz=24, trace=301762, nelems=0, elem type=int[])
OBJ 50000f24 (sz=32, trace=301713, class=java.util.ArrayList$Itr@50001974)
OBJ 50000f25 (sz=32, trace=301763, class=Line@50006f05)
OBJ 50000f26 (sz=32, trace=300283, class=java.util.HashMap$Node@500000b9)
	key		50000ee5
	value		50000ef4
OBJ 50000f27 (sz=16, trace=301715, class=java.lang.Integer@5000010c)
ARR 50000f28 (sz=24, trace=301762, nelems=0, elem type=int[])
OBJ 50000f29 (sz=32, trace=301713, class=java.util.ArrayList$Itr@50001974)
OBJ 50000f2a (sz=32, trace=301763, class=Line@50006f05)
OBJ 50000f2b (sz=16, trace=301715, class=java.lang.Integer@5000010c)
ARR 50000f2c (sz=24, trace=301762, nelems=0, elem type=int[])
OBJ 50000f2d (sz=24, trace=300127, class=java.lang.String@5000016f)
	value		50000f2e
ARR 50000f2e (sz=178, trace=300128, nelems=89, elem type=char[])
OBJ 50000f2f (sz=32, trace=301713, class=java.util.ArrayList$Itr@50001974)
OBJ 50000f30 (sz=32, trace=301763, class=Line@50006f05)
OBJ 50000f31 (sz=16, trace=301715, class=java.lang.Integer@5000010c)
ARR 50000f32 (sz=24, trace=301762, nelems=0, elem type=int[])
OBJ 50000f33 (sz=32, trace=301713, class=java.util.ArrayList$Itr@50001974)
OBJ 50000f34 (sz=32, trace=301763, class=Line@50006f05)
OBJ 50000f35 (sz=16, trace=301715, class=java.lang.Integer@5000010c)
ARR 50000f36 (sz=24, trace=301762, nelems=0, elem type=int[])
OBJ 50000f37 (sz=32, trace=301713, class=java.util.ArrayList$Itr@50001974)
OBJ 50000f38 (sz=24, trace=300149, class=java.lang.String@5000016f)
	value		50000f39
ARR 50000f39 (sz=178, trace=300150, nelems=89, elem type=char[])
OBJ 50000f3a (sz=64, trace=300151, class=java.net.URL@5000011b)
	protocol	50009a58
	host		500095b3
	file		50000f38
	authority	500095b3
	path		50000f38
	handler		5000a505
OBJ 50000f3b (sz=32, trace=301763, class=Line@50006f05)
OBJ 50000f3c (sz=48, trace=300153, class=sun.misc.URLClassPath$JarLoader@50000231)
	base		50000f3a
	jar		50000f46
	csu		5000a51d
	handler		5000a505
	lmap		5000a506
OBJ 50000f3d (sz=16, trace=301715, class=java.lang.Integer@5000010c)
ARR 50000f3e (sz=24, trace=301762, nelems=0, elem type=int[])
OBJ 50000f3f (sz=32, trace=301713, class=java.util.ArrayList$Itr@50001974)
OBJ 50000f40 (sz=32, trace=301763, class=Line@50006f05)
ARR 50000f41 (sz=24, trace=301762, nelems=0, elem type=int[])
OBJ 50000f42 (sz=32, trace=301713, class=java.util.ArrayList$Itr@50001974)
OBJ 50000f43 (sz=32, trace=301763, class=Line@50006f05)
OBJ 50000f44 (sz=16, trace=301715, class=java.lang.Integer@5000010c)
ARR 50000f45 (sz=24, trace=301762, nelems=0, elem type=int[])
OBJ 50000f46 (sz=64, trace=300189, class=java.util.jar.JarFile@5000025e)
	name		5000a539
	zc		50000f4e
	streams		50000f48
	inflaterCache	50000f4c
	manEntry	50000f5d
OBJ 50000f47 (sz=40, trace=300097, class=java.lang.ref.Finalizer@5000014e)
	referent	50000f46
	queue		5000945f
	next		50000f1c
	prev		50000f64
OBJ 50000f48 (sz=48, trace=300190, class=java.util.WeakHashMap@500000ac)
	table		50000f4b
	queue		50000f49
OBJ 50000f49 (sz=32, trace=300191, class=java.lang.ref.ReferenceQueue@500000de)
	lock		50000f4a
OBJ 50000f4a (sz=16, trace=300192, class=java.lang.ref.ReferenceQueue$Lock@500000dc)
ARR 50000f4b (sz=80, trace=300193, nelems=0, elem type=java.util.WeakHashMap$Entry[]@50000045)
OBJ 50000f4c (sz=24, trace=300195, class=java.util.ArrayDeque@500002c1)
	elements	50000f4d
ARR 50000f4d (sz=80, trace=300196, nelems=1, elem type=java.lang.Object[]@5000010a)
	[0]		50000f63
OBJ 50000f4e (sz=32, trace=300198, class=java.util.zip.ZipCoder@500002c4)
	cs		50009acb
	enc		50000f54
OBJ 50000f4f (sz=32, trace=301713, class=java.util.ArrayList$Itr@50001974)
OBJ 50000f50 (sz=32, trace=301763, class=Line@50006f05)
ARR 50000f51 (sz=24, trace=301762, nelems=0, elem type=int[])
OBJ 50000f52 (sz=32, trace=301713, class=java.util.ArrayList$Itr@50001974)
OBJ 50000f53 (sz=32, trace=301763, class=Line@50006f05)
OBJ 50000f54 (sz=56, trace=300220, class=sun.nio.cs.UTF_8$Encoder@50000071)
	charset		50009acb
	replacement	50000f55
	malformedInputAction	50009ac2
	unmappableCharacterAction	50009ac2
ARR 50000f55 (sz=1, trace=300221, nelems=1, elem type=byte[])
OBJ 50000f56 (sz=16, trace=301715, class=java.lang.Integer@5000010c)
ARR 50000f57 (sz=24, trace=301762, nelems=0, elem type=int[])
OBJ 50000f58 (sz=32, trace=301713, class=java.util.ArrayList$Itr@50001974)
OBJ 50000f59 (sz=32, trace=301763, class=Line@50006f05)
OBJ 50000f5a (sz=16, trace=301715, class=java.lang.Integer@5000010c)
ARR 50000f5b (sz=24, trace=301762, nelems=0, elem type=int[])
OBJ 50000f5c (sz=32, trace=301713, class=java.util.ArrayList$Itr@50001974)
OBJ 50000f5d (sz=96, trace=300271, class=java.util.jar.JarFile$JarFileEntry@50000323)
	name		50009a48
	this$0		50000f46
OBJ 50000f5e (sz=32, trace=301763, class=Line@50006f05)
OBJ 50000f5f (sz=16, trace=301715, class=java.lang.Integer@5000010c)
ARR 50000f60 (sz=24, trace=301762, nelems=0, elem type=int[])
OBJ 50000f61 (sz=56, trace=300276, class=java.util.zip.ZipFile$ZipFileInputStream@50000328)
OBJ 50000f62 (sz=32, trace=301713, class=java.util.ArrayList$Itr@50001974)
OBJ 50000f63 (sz=48, trace=300291, class=java.util.zip.Inflater@500003a6)
	zsRef		50000f65
	buf		500003a7
OBJ 50000f64 (sz=40, trace=300097, class=java.lang.ref.Finalizer@5000014e)
	referent	50000f63
	queue		5000945f
	next		50000f47
	prev		50000f8f
OBJ 50000f65 (sz=24, trace=300293, class=java.util.zip.ZStreamRef@500003aa)
OBJ 50000f66 (sz=56, trace=300295, class=java.util.zip.ZipFile$ZipFileInflaterInputStream@500003ad)
OBJ 50000f67 (sz=32, trace=301763, class=Line@50006f05)
ARR 50000f68 (sz=24, trace=300296, nelems=0, elem type=byte[])
ARR 50000f69 (sz=528, trace=300297, nelems=0, elem type=byte[])
ARR 50000f6a (sz=120, trace=300298, nelems=0, elem type=byte[])
OBJ 50000f6b (sz=16, trace=301715, class=java.lang.Integer@5000010c)
ARR 50000f6c (sz=24, trace=301762, nelems=0, elem type=int[])
OBJ 50000f6d (sz=32, trace=301713, class=java.util.ArrayList$Itr@50001974)
OBJ 50000f6e (sz=32, trace=300299, class=java.util.HashMap$Node@500000b9)
	key		50000f2d
	value		50000f3c
OBJ 50000f6f (sz=32, trace=301763, class=Line@50006f05)
ARR 50000f70 (sz=24, trace=301762, nelems=0, elem type=int[])
OBJ 50000f71 (sz=32, trace=301713, class=java.util.ArrayList$Itr@50001974)
OBJ 50000f72 (sz=32, trace=301763, class=Line@50006f05)
OBJ 50000f73 (sz=16, trace=301715, class=java.lang.Integer@5000010c)
ARR 50000f74 (sz=24, trace=301762, nelems=0, elem type=int[])
OBJ 50000f75 (sz=24, trace=300127, class=java.lang.String@5000016f)
	value		50000f76
ARR 50000f76 (sz=184, trace=300128, nelems=92, elem type=char[])
OBJ 50000f77 (sz=32, trace=301713, class=java.util.ArrayList$Itr@50001974)
OBJ 50000f78 (sz=32, trace=301763, class=Line@50006f05)
OBJ 50000f79 (sz=16, trace=301715, class=java.lang.Integer@5000010c)
ARR 50000f7a (sz=24, trace=301762, nelems=0, elem type=int[])
OBJ 50000f7b (sz=32, trace=301713, class=java.util.ArrayList$Itr@50001974)
OBJ 50000f7c (sz=32, trace=301763, class=Line@50006f05)
ARR 50000f7d (sz=24, trace=301762, nelems=0, elem type=int[])
OBJ 50000f7e (sz=32, trace=301713, class=java.util.ArrayList$Itr@50001974)
OBJ 50000f7f (sz=32, trace=301763, class=Line@50006f05)
OBJ 50000f80 (sz=24, trace=300149, class=java.lang.String@5000016f)
	value		50000f81
ARR 50000f81 (sz=184, trace=300150, nelems=92, elem type=char[])
OBJ 50000f82 (sz=64, trace=300151, class=java.net.URL@5000011b)
	protocol	50009a58
	host		500095b3
	file		50000f80
	authority	500095b3
	path		50000f80
	handler		5000a505
OBJ 50000f83 (sz=16, trace=301715, class=java.lang.Integer@5000010c)
OBJ 50000f84 (sz=48, trace=300153, class=sun.misc.URLClassPath$JarLoader@50000231)
	base		50000f82
	jar		50000f8e
	csu		5000a51e
	handler		5000a505
	lmap		5000a506
ARR 50000f85 (sz=24, trace=301762, nelems=0, elem type=int[])
OBJ 50000f86 (sz=32, trace=301713, class=java.util.ArrayList$Itr@50001974)
OBJ 50000f87 (sz=32, trace=301763, class=Line@50006f05)
OBJ 50000f88 (sz=16, trace=301715, class=java.lang.Integer@5000010c)
ARR 50000f89 (sz=24, trace=301762, nelems=0, elem type=int[])
OBJ 50000f8a (sz=32, trace=301713, class=java.util.ArrayList$Itr@50001974)
OBJ 50000f8b (sz=32, trace=301763, class=Line@50006f05)
OBJ 50000f8c (sz=16, trace=301715, class=java.lang.Integer@5000010c)
ARR 50000f8d (sz=24, trace=301762, nelems=0, elem type=int[])
OBJ 50000f8e (sz=64, trace=300189, class=java.util.jar.JarFile@5000025e)
	name		5000a537
	zc		50000f96
	streams		50000f90
	inflaterCache	50000f94
	manEntry	50000fa5
OBJ 50000f8f (sz=40, trace=300097, class=java.lang.ref.Finalizer@5000014e)
	referent	50000f8e
	queue		5000945f
	next		50000f64
	prev		50000fcf
OBJ 50000f90 (sz=48, trace=300190, class=java.util.WeakHashMap@500000ac)
	table		50000f93
	queue		50000f91
OBJ 50000f91 (sz=32, trace=300191, class=java.lang.ref.ReferenceQueue@500000de)
	lock		50000f92
OBJ 50000f92 (sz=16, trace=300192, class=java.lang.ref.ReferenceQueue$Lock@500000dc)
ARR 50000f93 (sz=80, trace=300193, nelems=0, elem type=java.util.WeakHashMap$Entry[]@50000045)
OBJ 50000f94 (sz=24, trace=300195, class=java.util.ArrayDeque@500002c1)
	elements	50000f95
ARR 50000f95 (sz=80, trace=300196, nelems=0, elem type=java.lang.Object[]@5000010a)
OBJ 50000f96 (sz=32, trace=300198, class=java.util.zip.ZipCoder@500002c4)
	cs		50009acb
	enc		50000f9c
OBJ 50000f97 (sz=32, trace=301713, class=java.util.ArrayList$Itr@50001974)
OBJ 50000f98 (sz=32, trace=301763, class=Line@50006f05)
OBJ 50000f99 (sz=16, trace=301715, class=java.lang.Integer@5000010c)
ARR 50000f9a (sz=24, trace=301762, nelems=0, elem type=int[])
OBJ 50000f9b (sz=32, trace=301713, class=java.util.ArrayList$Itr@50001974)
OBJ 50000f9c (sz=56, trace=300220, class=sun.nio.cs.UTF_8$Encoder@50000071)
	charset		50009acb
	replacement	50000f9d
	malformedInputAction	50009ac2
	unmappableCharacterAction	50009ac2
ARR 50000f9d (sz=1, trace=300221, nelems=1, elem type=byte[])
OBJ 50000f9e (sz=32, trace=301763, class=Line@50006f05)
ARR 50000f9f (sz=24, trace=301762, nelems=0, elem type=int[])
OBJ 50000fa0 (sz=32, trace=301713, class=java.util.ArrayList$Itr@50001974)
OBJ 50000fa1 (sz=32, trace=301763, class=Line@50006f05)
OBJ 50000fa2 (sz=16, trace=301715, class=java.lang.Integer@5000010c)
ARR 50000fa3 (sz=24, trace=301762, nelems=0, elem type=int[])
OBJ 50000fa4 (sz=32, trace=301713, class=java.util.ArrayList$Itr@50001974)
OBJ 50000fa5 (sz=96, trace=300271, class=java.util.jar.JarFile$JarFileEntry@50000323)
	name		50009a48
	this$0		50000f8e
OBJ 50000fa6 (sz=32, trace=301763, class=Line@50006f05)
OBJ 50000fa7 (sz=16, trace=301715, class=java.lang.Integer@5000010c)
ARR 50000fa8 (sz=24, trace=301762, nelems=0, elem type=int[])
OBJ 50000fa9 (sz=56, trace=300276, class=java.util.zip.ZipFile$ZipFileInputStream@50000328)
OBJ 50000faa (sz=32, trace=301713, class=java.util.ArrayList$Itr@50001974)
OBJ 50000fab (sz=32, trace=301763, class=Line@50006f05)
OBJ 50000fac (sz=16, trace=301715, class=java.lang.Integer@5000010c)
ARR 50000fad (sz=24, trace=301762, nelems=0, elem type=int[])
OBJ 50000fae (sz=32, trace=300283, class=java.util.HashMap$Node@500000b9)
	key		50000f75
	value		50000f84
OBJ 50000faf (sz=32, trace=301713, class=java.util.ArrayList$Itr@50001974)
OBJ 50000fb0 (sz=32, trace=301763, class=Line@50006f05)
OBJ 50000fb1 (sz=16, trace=301715, class=java.lang.Integer@5000010c)
ARR 50000fb2 (sz=24, trace=301762, nelems=0, elem type=int[])
OBJ 50000fb3 (sz=32, trace=301713, class=java.util.ArrayList$Itr@50001974)
OBJ 50000fb4 (sz=32, trace=301763, class=Line@50006f05)
OBJ 50000fb5 (sz=24, trace=300127, class=java.lang.String@5000016f)
	value		50000fb6
ARR 50000fb6 (sz=170, trace=300128, nelems=85, elem type=char[])
OBJ 50000fb7 (sz=16, trace=301715, class=java.lang.Integer@5000010c)
ARR 50000fb8 (sz=24, trace=301762, nelems=0, elem type=int[])
OBJ 50000fb9 (sz=32, trace=301713, class=java.util.ArrayList$Itr@50001974)
OBJ 50000fba (sz=32, trace=301763, class=Line@50006f05)
OBJ 50000fbb (sz=16, trace=301715, class=java.lang.Integer@5000010c)
ARR 50000fbc (sz=24, trace=301762, nelems=0, elem type=int[])
OBJ 50000fbd (sz=32, trace=301713, class=java.util.ArrayList$Itr@50001974)
OBJ 50000fbe (sz=32, trace=301763, class=Line@50006f05)
OBJ 50000fbf (sz=16, trace=301715, class=java.lang.Integer@5000010c)
OBJ 50000fc0 (sz=24, trace=300149, class=java.lang.String@5000016f)
	value		50000fc1
ARR 50000fc1 (sz=170, trace=300150, nelems=85, elem type=char[])
OBJ 50000fc2 (sz=64, trace=300151, class=java.net.URL@5000011b)
	protocol	50009a58
	host		500095b3
	file		50000fc0
	authority	500095b3
	path		50000fc0
	handler		5000a505
ARR 50000fc3 (sz=24, trace=301762, nelems=0, elem type=int[])
OBJ 50000fc4 (sz=48, trace=300153, class=sun.misc.URLClassPath$JarLoader@50000231)
	base		50000fc2
	jar		50000fce
	csu		5000a51f
	handler		5000a505
	lmap		5000a506
OBJ 50000fc5 (sz=32, trace=301713, class=java.util.ArrayList$Itr@50001974)
OBJ 50000fc6 (sz=32, trace=301763, class=Line@50006f05)
OBJ 50000fc7 (sz=16, trace=301715, class=java.lang.Integer@5000010c)
ARR 50000fc8 (sz=24, trace=301762, nelems=0, elem type=int[])
OBJ 50000fc9 (sz=32, trace=301713, class=java.util.ArrayList$Itr@50001974)
OBJ 50000fca (sz=32, trace=301763, class=Line@50006f05)
OBJ 50000fcb (sz=16, trace=301715, class=java.lang.Integer@5000010c)
ARR 50000fcc (sz=24, trace=301762, nelems=0, elem type=int[])
OBJ 50000fcd (sz=32, trace=301713, class=java.util.ArrayList$Itr@50001974)
OBJ 50000fce (sz=64, trace=300189, class=java.util.jar.JarFile@5000025e)
	name		5000a535
	zc		50000fd6
	streams		50000fd0
	inflaterCache	50000fd4
OBJ 50000fcf (sz=40, trace=300097, class=java.lang.ref.Finalizer@5000014e)
	referent	50000fce
	queue		5000945f
	next		50000f8f
	prev		50001002
OBJ 50000fd0 (sz=48, trace=300190, class=java.util.WeakHashMap@500000ac)
	table		50000fd3
	queue		50000fd1
OBJ 50000fd1 (sz=32, trace=300191, class=java.lang.ref.ReferenceQueue@500000de)
	lock		50000fd2
OBJ 50000fd2 (sz=16, trace=300192, class=java.lang.ref.ReferenceQueue$Lock@500000dc)
ARR 50000fd3 (sz=80, trace=300193, nelems=0, elem type=java.util.WeakHashMap$Entry[]@50000045)
OBJ 50000fd4 (sz=24, trace=300195, class=java.util.ArrayDeque@500002c1)
	elements	50000fd5
ARR 50000fd5 (sz=80, trace=300196, nelems=0, elem type=java.lang.Object[]@5000010a)
OBJ 50000fd6 (sz=32, trace=300198, class=java.util.zip.ZipCoder@500002c4)
	cs		50009acb
	enc		50000fdc
OBJ 50000fd7 (sz=32, trace=301763, class=Line@50006f05)
OBJ 50000fd8 (sz=16, trace=301715, class=java.lang.Integer@5000010c)
ARR 50000fd9 (sz=24, trace=301762, nelems=0, elem type=int[])
OBJ 50000fda (sz=32, trace=301713, class=java.util.ArrayList$Itr@50001974)
OBJ 50000fdb (sz=32, trace=301763, class=Line@50006f05)
OBJ 50000fdc (sz=56, trace=300220, class=sun.nio.cs.UTF_8$Encoder@50000071)
	charset		50009acb
	replacement	50000fdd
	malformedInputAction	50009ac2
	unmappableCharacterAction	50009ac2
ARR 50000fdd (sz=1, trace=300221, nelems=1, elem type=byte[])
OBJ 50000fde (sz=16, trace=301715, class=java.lang.Integer@5000010c)
ARR 50000fdf (sz=24, trace=301762, nelems=0, elem type=int[])
OBJ 50000fe0 (sz=32, trace=301713, class=java.util.ArrayList$Itr@50001974)
OBJ 50000fe1 (sz=32, trace=300283, class=java.util.HashMap$Node@500000b9)
	key		50000fb5
	value		50000fc4
OBJ 50000fe2 (sz=32, trace=301763, class=Line@50006f05)
OBJ 50000fe3 (sz=16, trace=301715, class=java.lang.Integer@5000010c)
ARR 50000fe4 (sz=24, trace=301762, nelems=0, elem type=int[])
OBJ 50000fe5 (sz=32, trace=301713, class=java.util.ArrayList$Itr@50001974)
OBJ 50000fe6 (sz=32, trace=301763, class=Line@50006f05)
ARR 50000fe7 (sz=24, trace=301762, nelems=0, elem type=int[])
OBJ 50000fe8 (sz=24, trace=300127, class=java.lang.String@5000016f)
	value		50000fe9
ARR 50000fe9 (sz=178, trace=300128, nelems=89, elem type=char[])
OBJ 50000fea (sz=32, trace=301713, class=java.util.ArrayList$Itr@50001974)
OBJ 50000feb (sz=32, trace=301763, class=Line@50006f05)
OBJ 50000fec (sz=16, trace=301715, class=java.lang.Integer@5000010c)
ARR 50000fed (sz=24, trace=301762, nelems=0, elem type=int[])
OBJ 50000fee (sz=32, trace=301713, class=java.util.ArrayList$Itr@50001974)
OBJ 50000fef (sz=32, trace=301763, class=Line@50006f05)
OBJ 50000ff0 (sz=16, trace=301715, class=java.lang.Integer@5000010c)
ARR 50000ff1 (sz=24, trace=301762, nelems=0, elem type=int[])
OBJ 50000ff2 (sz=32, trace=301713, class=java.util.ArrayList$Itr@50001974)
OBJ 50000ff3 (sz=24, trace=300149, class=java.lang.String@5000016f)
	value		50000ff4
ARR 50000ff4 (sz=178, trace=300150, nelems=89, elem type=char[])
OBJ 50000ff5 (sz=64, trace=300151, class=java.net.URL@5000011b)
	protocol	50009a58
	host		500095b3
	file		50000ff3
	authority	500095b3
	path		50000ff3
	handler		5000a505
OBJ 50000ff6 (sz=32, trace=301763, class=Line@50006f05)
OBJ 50000ff7 (sz=48, trace=300153, class=sun.misc.URLClassPath$JarLoader@50000231)
	base		50000ff5
	jar		50001001
	csu		5000a520
	handler		5000a505
	lmap		5000a506
OBJ 50000ff8 (sz=16, trace=301715, class=java.lang.Integer@5000010c)
ARR 50000ff9 (sz=24, trace=301762, nelems=0, elem type=int[])
OBJ 50000ffa (sz=32, trace=301713, class=java.util.ArrayList$Itr@50001974)
OBJ 50000ffb (sz=32, trace=301763, class=Line@50006f05)
OBJ 50000ffc (sz=16, trace=301715, class=java.lang.Integer@5000010c)
ARR 50000ffd (sz=24, trace=301762, nelems=0, elem type=int[])
OBJ 50000ffe (sz=32, trace=301713, class=java.util.ArrayList$Itr@50001974)
OBJ 50000fff (sz=32, trace=301763, class=Line@50006f05)
OBJ 50001000 (sz=16, trace=301715, class=java.lang.Integer@5000010c)
OBJ 50001001 (sz=64, trace=300189, class=java.util.jar.JarFile@5000025e)
	name		5000a533
	zc		50001009
	streams		50001003
	inflaterCache	50001007
	manEntry	50001018
OBJ 50001002 (sz=40, trace=300097, class=java.lang.ref.Finalizer@5000014e)
	referent	50001001
	queue		5000945f
	next		50000fcf
	prev		5000101f
OBJ 50001003 (sz=48, trace=300190, class=java.util.WeakHashMap@500000ac)
	table		50001006
	queue		50001004
OBJ 50001004 (sz=32, trace=300191, class=java.lang.ref.ReferenceQueue@500000de)
	lock		50001005
OBJ 50001005 (sz=16, trace=300192, class=java.lang.ref.ReferenceQueue$Lock@500000dc)
ARR 50001006 (sz=80, trace=300193, nelems=0, elem type=java.util.WeakHashMap$Entry[]@50000045)
OBJ 50001007 (sz=24, trace=300195, class=java.util.ArrayDeque@500002c1)
	elements	50001008
ARR 50001008 (sz=80, trace=300196, nelems=1, elem type=java.lang.Object[]@5000010a)
	[0]		5000101e
OBJ 50001009 (sz=32, trace=300198, class=java.util.zip.ZipCoder@500002c4)
	cs		50009acb
	enc		5000100f
ARR 5000100a (sz=24, trace=301762, nelems=0, elem type=int[])
OBJ 5000100b (sz=32, trace=301713, class=java.util.ArrayList$Itr@50001974)
OBJ 5000100c (sz=32, trace=301763, class=Line@50006f05)
OBJ 5000100d (sz=16, trace=301715, class=java.lang.Integer@5000010c)
ARR 5000100e (sz=24, trace=301762, nelems=0, elem type=int[])
OBJ 5000100f (sz=56, trace=300220, class=sun.nio.cs.UTF_8$Encoder@50000071)
	charset		50009acb
	replacement	50001010
	malformedInputAction	50009ac2
	unmappableCharacterAction	50009ac2
ARR 50001010 (sz=1, trace=300221, nelems=1, elem type=byte[])
OBJ 50001011 (sz=32, trace=301713, class=java.util.ArrayList$Itr@50001974)
OBJ 50001012 (sz=32, trace=301763, class=Line@50006f05)
OBJ 50001013 (sz=16, trace=301715, class=java.lang.Integer@5000010c)
ARR 50001014 (sz=24, trace=301762, nelems=0, elem type=int[])
OBJ 50001015 (sz=32, trace=301713, class=java.util.ArrayList$Itr@50001974)
OBJ 50001016 (sz=32, trace=301763, class=Line@50006f05)
OBJ 50001017 (sz=16, trace=301715, class=java.lang.Integer@5000010c)
OBJ 50001018 (sz=96, trace=300271, class=java.util.jar.JarFile$JarFileEntry@50000323)
	name		50009a48
	this$0		50001001
ARR 50001019 (sz=24, trace=301762, nelems=0, elem type=int[])
OBJ 5000101a (sz=32, trace=301713, class=java.util.ArrayList$Itr@50001974)
OBJ 5000101b (sz=32, trace=301763, class=Line@50006f05)
OBJ 5000101c (sz=56, trace=300276, class=java.util.zip.ZipFile$ZipFileInputStream@50000328)
OBJ 5000101d (sz=16, trace=301715, class=java.lang.Integer@5000010c)
OBJ 5000101e (sz=48, trace=300291, class=java.util.zip.Inflater@500003a6)
	zsRef		50001020
	buf		500003a7
OBJ 5000101f (sz=40, trace=300097, class=java.lang.ref.Finalizer@5000014e)
	referent	5000101e
	queue		5000945f
	next		50001002
	prev		5000104a
OBJ 50001020 (sz=24, trace=300293, class=java.util.zip.ZStreamRef@500003aa)
OBJ 50001021 (sz=56, trace=300295, class=java.util.zip.ZipFile$ZipFileInflaterInputStream@500003ad)
ARR 50001022 (sz=24, trace=301762, nelems=0, elem type=int[])
ARR 50001023 (sz=24, trace=300296, nelems=0, elem type=byte[])
ARR 50001024 (sz=528, trace=300297, nelems=0, elem type=byte[])
ARR 50001025 (sz=48, trace=300298, nelems=0, elem type=byte[])
OBJ 50001026 (sz=32, trace=301713, class=java.util.ArrayList$Itr@50001974)
OBJ 50001027 (sz=32, trace=301763, class=Line@50006f05)
OBJ 50001028 (sz=16, trace=301715, class=java.lang.Integer@5000010c)
OBJ 50001029 (sz=32, trace=300299, class=java.util.HashMap$Node@500000b9)
	key		50000fe8
	value		50000ff7
ARR 5000102a (sz=24, trace=301762, nelems=0, elem type=int[])
OBJ 5000102b (sz=32, trace=301713, class=java.util.ArrayList$Itr@50001974)
OBJ 5000102c (sz=32, trace=301763, class=Line@50006f05)
OBJ 5000102d (sz=16, trace=301715, class=java.lang.Integer@5000010c)
ARR 5000102e (sz=24, trace=301762, nelems=0, elem type=int[])
OBJ 5000102f (sz=32, trace=301713, class=java.util.ArrayList$Itr@50001974)
OBJ 50001030 (sz=24, trace=300127, class=java.lang.String@5000016f)
	value		50001031
ARR 50001031 (sz=162, trace=300128, nelems=81, elem type=char[])
OBJ 50001032 (sz=32, trace=301763, class=Line@50006f05)
OBJ 50001033 (sz=16, trace=301715, class=java.lang.Integer@5000010c)
ARR 50001034 (sz=24, trace=301762, nelems=0, elem type=int[])
OBJ 50001035 (sz=32, trace=301713, class=java.util.ArrayList$Itr@50001974)
OBJ 50001036 (sz=32, trace=301763, class=Line@50006f05)
OBJ 50001037 (sz=16, trace=301715, class=java.lang.Integer@5000010c)
ARR 50001038 (sz=24, trace=301762, nelems=0, elem type=int[])
OBJ 50001039 (sz=32, trace=301713, class=java.util.ArrayList$Itr@50001974)
OBJ 5000103a (sz=32, trace=301763, class=Line@50006f05)
OBJ 5000103b (sz=24, trace=300149, class=java.lang.String@5000016f)
	value		5000103c
ARR 5000103c (sz=162, trace=300150, nelems=81, elem type=char[])
OBJ 5000103d (sz=64, trace=300151, class=java.net.URL@5000011b)
	protocol	50009a58
	host		500095b3
	file		5000103b
	authority	500095b3
	path		5000103b
	handler		5000a505
OBJ 5000103e (sz=16, trace=301715, class=java.lang.Integer@5000010c)
OBJ 5000103f (sz=48, trace=300153, class=sun.misc.URLClassPath$JarLoader@50000231)
	base		5000103d
	jar		50001049
	csu		5000a521
	handler		5000a505
	lmap		5000a506
ARR 50001040 (sz=24, trace=301762, nelems=0, elem type=int[])
OBJ 50001041 (sz=32, trace=301713, class=java.util.ArrayList$Itr@50001974)
OBJ 50001042 (sz=32, trace=301763, class=Line@50006f05)
OBJ 50001043 (sz=16, trace=301715, class=java.lang.Integer@5000010c)
ARR 50001044 (sz=24, trace=301762, nelems=0, elem type=int[])
OBJ 50001045 (sz=32, trace=301713, class=java.util.ArrayList$Itr@50001974)
OBJ 50001046 (sz=32, trace=301763, class=Line@50006f05)
OBJ 50001047 (sz=16, trace=301715, class=java.lang.Integer@5000010c)
ARR 50001048 (sz=24, trace=301762, nelems=0, elem type=int[])
OBJ 50001049 (sz=64, trace=300189, class=java.util.jar.JarFile@5000025e)
	name		5000a531
	zc		50001051
	streams		5000104b
	inflaterCache	5000104f
	manEntry	50001060
OBJ 5000104a (sz=40, trace=300097, class=java.lang.ref.Finalizer@5000014e)
	referent	50001049
	queue		5000945f
	next		5000101f
	prev		50001067
OBJ 5000104b (sz=48, trace=300190, class=java.util.WeakHashMap@500000ac)
	table		5000104e
	queue		5000104c
OBJ 5000104c (sz=32, trace=300191, class=java.lang.ref.ReferenceQueue@500000de)
	lock		5000104d
OBJ 5000104d (sz=16, trace=300192, class=java.lang.ref.ReferenceQueue$Lock@500000dc)
ARR 5000104e (sz=80, trace=300193, nelems=0, elem type=java.util.WeakHashMap$Entry[]@50000045)
OBJ 5000104f (sz=24, trace=300195, class=java.util.ArrayDeque@500002c1)
	elements	50001050
ARR 50001050 (sz=80, trace=300196, nelems=1, elem type=java.lang.Object[]@5000010a)
	[0]		50001066
OBJ 50001051 (sz=32, trace=300198, class=java.util.zip.ZipCoder@500002c4)
	cs		50009acb
	enc		50001057
OBJ 50001052 (sz=32, trace=301713, class=java.util.ArrayList$Itr@50001974)
OBJ 50001053 (sz=32, trace=301763, class=Line@50006f05)
OBJ 50001054 (sz=16, trace=301715, class=java.lang.Integer@5000010c)
ARR 50001055 (sz=24, trace=301762, nelems=0, elem type=int[])
OBJ 50001056 (sz=32, trace=301713, class=java.util.ArrayList$Itr@50001974)
OBJ 50001057 (sz=56, trace=300220, class=sun.nio.cs.UTF_8$Encoder@50000071)
	charset		50009acb
	replacement	50001058
	malformedInputAction	50009ac2
	unmappableCharacterAction	50009ac2
ARR 50001058 (sz=1, trace=300221, nelems=1, elem type=byte[])
OBJ 50001059 (sz=32, trace=301763, class=Line@50006f05)
OBJ 5000105a (sz=16, trace=301715, class=java.lang.Integer@5000010c)
ARR 5000105b (sz=24, trace=301762, nelems=0, elem type=int[])
OBJ 5000105c (sz=32, trace=301713, class=java.util.ArrayList$Itr@50001974)
OBJ 5000105d (sz=32, trace=301763, class=Line@50006f05)
OBJ 5000105e (sz=16, trace=301715, class=java.lang.Integer@5000010c)
ARR 5000105f (sz=24, trace=301762, nelems=0, elem type=int[])
OBJ 50001060 (sz=96, trace=300271, class=java.util.jar.JarFile$JarFileEntry@50000323)
	name		50009a48
	this$0		50001049
OBJ 50001061 (sz=32, trace=301713, class=java.util.ArrayList$Itr@50001974)
OBJ 50001062 (sz=32, trace=301763, class=Line@50006f05)
OBJ 50001063 (sz=16, trace=301715, class=java.lang.Integer@5000010c)
OBJ 50001064 (sz=56, trace=300276, class=java.util.zip.ZipFile$ZipFileInputStream@50000328)
ARR 50001065 (sz=24, trace=301762, nelems=0, elem type=int[])
OBJ 50001066 (sz=48, trace=300291, class=java.util.zip.Inflater@500003a6)
	zsRef		50001068
	buf		500003a7
OBJ 50001067 (sz=40, trace=300097, class=java.lang.ref.Finalizer@5000014e)
	referent	50001066
	queue		5000945f
	next		5000104a
	prev		50001093
OBJ 50001068 (sz=24, trace=300293, class=java.util.zip.ZStreamRef@500003aa)
OBJ 50001069 (sz=56, trace=300295, class=java.util.zip.ZipFile$ZipFileInflaterInputStream@500003ad)
OBJ 5000106a (sz=32, trace=301713, class=java.util.ArrayList$Itr@50001974)
ARR 5000106b (sz=24, trace=300296, nelems=0, elem type=byte[])
ARR 5000106c (sz=528, trace=300297, nelems=0, elem type=byte[])
ARR 5000106d (sz=88, trace=300298, nelems=0, elem type=byte[])
OBJ 5000106e (sz=32, trace=301763, class=Line@50006f05)
OBJ 5000106f (sz=16, trace=301715, class=java.lang.Integer@5000010c)
ARR 50001070 (sz=24, trace=301762, nelems=0, elem type=int[])
ARR 50001071 (sz=152, trace=300281, nelems=30, elem type=java.lang.Object[]@5000010a)
	[0]		50000c0c
	[1]		50000c41
	[2]		50000c89
	[3]		50000ca2
	[4]		50000cbb
	[5]		50000cd4
	[6]		50000ced
	[7]		50000d06
	[8]		50000d1f
	[9]		50000d38
	[10]		50000d51
	[11]		50000d6b
	[12]		50000d84
	[13]		50000dcd
	[14]		50000e00
	[15]		50000e40
	[16]		50000ec1
	[17]		50000ef4
	[18]		50000f3c
	[19]		50000f84
	[20]		50000fc4
	[21]		50000ff7
	[22]		5000103f
	[23]		50001088
	[24]		500010d0
	[25]		50001119
	[26]		50001161
	[27]		500011a9
	[28]		500011de
	[29]		50001219
OBJ 50001072 (sz=32, trace=300299, class=java.util.HashMap$Node@500000b9)
	key		50001030
	value		5000103f
OBJ 50001073 (sz=32, trace=301713, class=java.util.ArrayList$Itr@50001974)
OBJ 50001074 (sz=32, trace=301763, class=Line@50006f05)
OBJ 50001075 (sz=16, trace=301715, class=java.lang.Integer@5000010c)
ARR 50001076 (sz=24, trace=301762, nelems=0, elem type=int[])
OBJ 50001077 (sz=32, trace=301713, class=java.util.ArrayList$Itr@50001974)
OBJ 50001078 (sz=32, trace=301763, class=Line@50006f05)
OBJ 50001079 (sz=24, trace=300127, class=java.lang.String@5000016f)
	value		5000107a
ARR 5000107a (sz=176, trace=300128, nelems=88, elem type=char[])
ARR 5000107b (sz=24, trace=301762, nelems=0, elem type=int[])
OBJ 5000107c (sz=32, trace=301713, class=java.util.ArrayList$Itr@50001974)
OBJ 5000107d (sz=32, trace=301763, class=Line@50006f05)
OBJ 5000107e (sz=16, trace=301715, class=java.lang.Integer@5000010c)
ARR 5000107f (sz=24, trace=301762, nelems=0, elem type=int[])
OBJ 50001080 (sz=32, trace=301713, class=java.util.ArrayList$Itr@50001974)
OBJ 50001081 (sz=32, trace=301763, class=Line@50006f05)
OBJ 50001082 (sz=16, trace=301715, class=java.lang.Integer@5000010c)
ARR 50001083 (sz=24, trace=301762, nelems=0, elem type=int[])
OBJ 50001084 (sz=24, trace=300149, class=java.lang.String@5000016f)
	value		50001085
ARR 50001085 (sz=176, trace=300150, nelems=88, elem type=char[])
OBJ 50001086 (sz=64, trace=300151, class=java.net.URL@5000011b)
	protocol	50009a58
	host		500095b3
	file		50001084
	authority	500095b3
	path		50001084
	handler		5000a505
OBJ 50001087 (sz=32, trace=301713, class=java.util.ArrayList$Itr@50001974)
OBJ 50001088 (sz=48, trace=300153, class=sun.misc.URLClassPath$JarLoader@50000231)
	base		50001086
	jar		50001092
	csu		5000a522
	handler		5000a505
	lmap		5000a506
OBJ 50001089 (sz=32, trace=301763, class=Line@50006f05)
ARR 5000108a (sz=24, trace=301762, nelems=0, elem type=int[])
OBJ 5000108b (sz=32, trace=301713, class=java.util.ArrayList$Itr@50001974)
OBJ 5000108c (sz=32, trace=301763, class=Line@50006f05)
OBJ 5000108d (sz=16, trace=301715, class=java.lang.Integer@5000010c)
ARR 5000108e (sz=24, trace=301762, nelems=0, elem type=int[])
OBJ 5000108f (sz=32, trace=301713, class=java.util.ArrayList$Itr@50001974)
OBJ 50001090 (sz=32, trace=301763, class=Line@50006f05)
ARR 50001091 (sz=24, trace=301762, nelems=0, elem type=int[])
OBJ 50001092 (sz=64, trace=300189, class=java.util.jar.JarFile@5000025e)
	name		5000a52f
	zc		5000109a
	streams		50001094
	inflaterCache	50001098
	manEntry	500010a9
OBJ 50001093 (sz=40, trace=300097, class=java.lang.ref.Finalizer@5000014e)
	referent	50001092
	queue		5000945f
	next		50001067
	prev		500010b0
OBJ 50001094 (sz=48, trace=300190, class=java.util.WeakHashMap@500000ac)
	table		50001097
	queue		50001095
OBJ 50001095 (sz=32, trace=300191, class=java.lang.ref.ReferenceQueue@500000de)
	lock		50001096
OBJ 50001096 (sz=16, trace=300192, class=java.lang.ref.ReferenceQueue$Lock@500000dc)
ARR 50001097 (sz=80, trace=300193, nelems=0, elem type=java.util.WeakHashMap$Entry[]@50000045)
OBJ 50001098 (sz=24, trace=300195, class=java.util.ArrayDeque@500002c1)
	elements	50001099
ARR 50001099 (sz=80, trace=300196, nelems=1, elem type=java.lang.Object[]@5000010a)
	[0]		500010af
OBJ 5000109a (sz=32, trace=300198, class=java.util.zip.ZipCoder@500002c4)
	cs		50009acb
	enc		500010a0
OBJ 5000109b (sz=32, trace=301713, class=java.util.ArrayList$Itr@50001974)
OBJ 5000109c (sz=32, trace=301763, class=Line@50006f05)
ARR 5000109d (sz=24, trace=301762, nelems=0, elem type=int[])
OBJ 5000109e (sz=32, trace=301713, class=java.util.ArrayList$Itr@50001974)
OBJ 5000109f (sz=32, trace=301763, class=Line@50006f05)
OBJ 500010a0 (sz=56, trace=300220, class=sun.nio.cs.UTF_8$Encoder@50000071)
	charset		50009acb
	replacement	500010a1
	malformedInputAction	50009ac2
	unmappableCharacterAction	50009ac2
ARR 500010a1 (sz=1, trace=300221, nelems=1, elem type=byte[])
OBJ 500010a2 (sz=16, trace=301715, class=java.lang.Integer@5000010c)
ARR 500010a3 (sz=24, trace=301762, nelems=0, elem type=int[])
OBJ 500010a4 (sz=32, trace=301713, class=java.util.ArrayList$Itr@50001974)
OBJ 500010a5 (sz=32, trace=301763, class=Line@50006f05)
OBJ 500010a6 (sz=16, trace=301715, class=java.lang.Integer@5000010c)
ARR 500010a7 (sz=24, trace=301762, nelems=0, elem type=int[])
OBJ 500010a8 (sz=32, trace=301713, class=java.util.ArrayList$Itr@50001974)
OBJ 500010a9 (sz=96, trace=300271, class=java.util.jar.JarFile$JarFileEntry@50000323)
	name		50009a48
	this$0		50001092
OBJ 500010aa (sz=32, trace=301763, class=Line@50006f05)
OBJ 500010ab (sz=16, trace=301715, class=java.lang.Integer@5000010c)
ARR 500010ac (sz=24, trace=301762, nelems=0, elem type=int[])
OBJ 500010ad (sz=56, trace=300276, class=java.util.zip.ZipFile$ZipFileInputStream@50000328)
OBJ 500010ae (sz=32, trace=301713, class=java.util.ArrayList$Itr@50001974)
OBJ 500010af (sz=48, trace=300291, class=java.util.zip.Inflater@500003a6)
	zsRef		500010b1
	buf		500003a7
OBJ 500010b0 (sz=40, trace=300097, class=java.lang.ref.Finalizer@5000014e)
	referent	500010af
	queue		5000945f
	next		50001093
	prev		500010db
OBJ 500010b1 (sz=24, trace=300293, class=java.util.zip.ZStreamRef@500003aa)
OBJ 500010b2 (sz=56, trace=300295, class=java.util.zip.ZipFile$ZipFileInflaterInputStream@500003ad)
OBJ 500010b3 (sz=32, trace=301763, class=Line@50006f05)
ARR 500010b4 (sz=24, trace=300296, nelems=0, elem type=byte[])
ARR 500010b5 (sz=528, trace=300297, nelems=0, elem type=byte[])
ARR 500010b6 (sz=48, trace=300298, nelems=0, elem type=byte[])
ARR 500010b7 (sz=24, trace=301762, nelems=0, elem type=int[])
OBJ 500010b8 (sz=32, trace=301713, class=java.util.ArrayList$Itr@50001974)
OBJ 500010b9 (sz=32, trace=301763, class=Line@50006f05)
OBJ 500010ba (sz=32, trace=300283, class=java.util.HashMap$Node@500000b9)
	key		50001079
	value		50001088
OBJ 500010bb (sz=16, trace=301715, class=java.lang.Integer@5000010c)
ARR 500010bc (sz=24, trace=301762, nelems=0, elem type=int[])
OBJ 500010bd (sz=32, trace=301713, class=java.util.ArrayList$Itr@50001974)
OBJ 500010be (sz=32, trace=301763, class=Line@50006f05)
OBJ 500010bf (sz=16, trace=301715, class=java.lang.Integer@5000010c)
ARR 500010c0 (sz=24, trace=301762, nelems=0, elem type=int[])
OBJ 500010c1 (sz=24, trace=300127, class=java.lang.String@5000016f)
	value		500010c2
ARR 500010c2 (sz=174, trace=300128, nelems=87, elem type=char[])
OBJ 500010c3 (sz=32, trace=301713, class=java.util.ArrayList$Itr@50001974)
OBJ 500010c4 (sz=32, trace=301763, class=Line@50006f05)
OBJ 500010c5 (sz=16, trace=301715, class=java.lang.Integer@5000010c)
ARR 500010c6 (sz=24, trace=301762, nelems=0, elem type=int[])
OBJ 500010c7 (sz=32, trace=301713, class=java.util.ArrayList$Itr@50001974)
OBJ 500010c8 (sz=32, trace=301763, class=Line@50006f05)
OBJ 500010c9 (sz=16, trace=301715, class=java.lang.Integer@5000010c)
ARR 500010ca (sz=24, trace=301762, nelems=0, elem type=int[])
OBJ 500010cb (sz=32, trace=301713, class=java.util.ArrayList$Itr@50001974)
OBJ 500010cc (sz=24, trace=300149, class=java.lang.String@5000016f)
	value		500010cd
ARR 500010cd (sz=174, trace=300150, nelems=87, elem type=char[])
OBJ 500010ce (sz=64, trace=300151, class=java.net.URL@5000011b)
	protocol	50009a58
	host		500095b3
	file		500010cc
	authority	500095b3
	path		500010cc
	handler		5000a505
OBJ 500010cf (sz=32, trace=301763, class=Line@50006f05)
OBJ 500010d0 (sz=48, trace=300153, class=sun.misc.URLClassPath$JarLoader@50000231)
	base		500010ce
	jar		500010da
	csu		5000a523
	handler		5000a505
	lmap		5000a506
OBJ 500010d1 (sz=16, trace=301715, class=java.lang.Integer@5000010c)
ARR 500010d2 (sz=24, trace=301762, nelems=0, elem type=int[])
OBJ 500010d3 (sz=32, trace=301713, class=java.util.ArrayList$Itr@50001974)
OBJ 500010d4 (sz=32, trace=301763, class=Line@50006f05)
OBJ 500010d5 (sz=16, trace=301715, class=java.lang.Integer@5000010c)
ARR 500010d6 (sz=24, trace=301762, nelems=0, elem type=int[])
OBJ 500010d7 (sz=32, trace=301713, class=java.util.ArrayList$Itr@50001974)
OBJ 500010d8 (sz=32, trace=301763, class=Line@50006f05)
OBJ 500010d9 (sz=16, trace=301715, class=java.lang.Integer@5000010c)
OBJ 500010da (sz=64, trace=300189, class=java.util.jar.JarFile@5000025e)
	name		5000a52d
	zc		500010e2
	streams		500010dc
	inflaterCache	500010e0
	manEntry	500010f1
OBJ 500010db (sz=40, trace=300097, class=java.lang.ref.Finalizer@5000014e)
	referent	500010da
	queue		5000945f
	next		500010b0
	prev		500010f8
OBJ 500010dc (sz=48, trace=300190, class=java.util.WeakHashMap@500000ac)
	table		500010df
	queue		500010dd
OBJ 500010dd (sz=32, trace=300191, class=java.lang.ref.ReferenceQueue@500000de)
	lock		500010de
OBJ 500010de (sz=16, trace=300192, class=java.lang.ref.ReferenceQueue$Lock@500000dc)
ARR 500010df (sz=80, trace=300193, nelems=0, elem type=java.util.WeakHashMap$Entry[]@50000045)
OBJ 500010e0 (sz=24, trace=300195, class=java.util.ArrayDeque@500002c1)
	elements	500010e1
ARR 500010e1 (sz=80, trace=300196, nelems=1, elem type=java.lang.Object[]@5000010a)
	[0]		500010f7
OBJ 500010e2 (sz=32, trace=300198, class=java.util.zip.ZipCoder@500002c4)
	cs		50009acb
	enc		500010e8
ARR 500010e3 (sz=24, trace=301762, nelems=0, elem type=int[])
OBJ 500010e4 (sz=32, trace=301713, class=java.util.ArrayList$Itr@50001974)
OBJ 500010e5 (sz=32, trace=301763, class=Line@50006f05)
OBJ 500010e6 (sz=16, trace=301715, class=java.lang.Integer@5000010c)
ARR 500010e7 (sz=24, trace=301762, nelems=0, elem type=int[])
OBJ 500010e8 (sz=56, trace=300220, class=sun.nio.cs.UTF_8$Encoder@50000071)
	charset		50009acb
	replacement	500010e9
	malformedInputAction	50009ac2
	unmappableCharacterAction	50009ac2
ARR 500010e9 (sz=1, trace=300221, nelems=1, elem type=byte[])
OBJ 500010ea (sz=32, trace=301713, class=java.util.ArrayList$Itr@50001974)
OBJ 500010eb (sz=32, trace=301763, class=Line@50006f05)
OBJ 500010ec (sz=16, trace=301715, class=java.lang.Integer@5000010c)
ARR 500010ed (sz=24, trace=301762, nelems=0, elem type=int[])
OBJ 500010ee (sz=32, trace=301713, class=java.util.ArrayList$Itr@50001974)
OBJ 500010ef (sz=32, trace=301763, class=Line@50006f05)
OBJ 500010f0 (sz=16, trace=301715, class=java.lang.Integer@5000010c)
OBJ 500010f1 (sz=96, trace=300271, class=java.util.jar.JarFile$JarFileEntry@50000323)
	name		50009a48
	this$0		500010da
ARR 500010f2 (sz=24, trace=301762, nelems=0, elem type=int[])
OBJ 500010f3 (sz=32, trace=301713, class=java.util.ArrayList$Itr@50001974)
OBJ 500010f4 (sz=32, trace=301763, class=Line@50006f05)
OBJ 500010f5 (sz=56, trace=300276, class=java.util.zip.ZipFile$ZipFileInputStream@50000328)
OBJ 500010f6 (sz=16, trace=301715, class=java.lang.Integer@5000010c)
OBJ 500010f7 (sz=48, trace=300291, class=java.util.zip.Inflater@500003a6)
	zsRef		500010f9
	buf		500003a7
OBJ 500010f8 (sz=40, trace=300097, class=java.lang.ref.Finalizer@5000014e)
	referent	500010f7
	queue		5000945f
	next		500010db
	prev		50001124
OBJ 500010f9 (sz=24, trace=300293, class=java.util.zip.ZStreamRef@500003aa)
OBJ 500010fa (sz=56, trace=300295, class=java.util.zip.ZipFile$ZipFileInflaterInputStream@500003ad)
ARR 500010fb (sz=24, trace=301762, nelems=0, elem type=int[])
ARR 500010fc (sz=24, trace=300296, nelems=0, elem type=byte[])
ARR 500010fd (sz=528, trace=300297, nelems=0, elem type=byte[])
ARR 500010fe (sz=128, trace=300298, nelems=0, elem type=byte[])
OBJ 500010ff (sz=32, trace=301713, class=java.util.ArrayList$Itr@50001974)
OBJ 50001100 (sz=32, trace=301763, class=Line@50006f05)
OBJ 50001101 (sz=16, trace=301715, class=java.lang.Integer@5000010c)
OBJ 50001102 (sz=32, trace=300283, class=java.util.HashMap$Node@500000b9)
	key		500010c1
	value		500010d0
ARR 50001103 (sz=272, trace=300353, nelems=64, elem type=java.util.HashMap$Node[]@500000b8)
	[0]		50000d3e
	[2]		500011d3
	[5]		50000cc1
	[7]		50000d58
	[9]		50000e2a
	[13]		50000d0c
	[14]		50000db6
	[15]		50000d25
	[19]		50000ea6
	[20]		50000fae
	[23]		50000d71
	[24]		50000ede
	[28]		50000c2b
	[37]		50000dea
	[38]		50000cf3
	[42]		50000fe1
	[49]		50000ca8
	[50]		50001102
	[51]		50000c73
	[53]		50001272
	[55]		50000cda
	[57]		50000f26
	[58]		50000c8f
	[59]		50001193
	[63]		500010ba
ARR 50001104 (sz=24, trace=301762, nelems=0, elem type=int[])
OBJ 50001105 (sz=32, trace=301713, class=java.util.ArrayList$Itr@50001974)
OBJ 50001106 (sz=32, trace=301763, class=Line@50006f05)
OBJ 50001107 (sz=16, trace=301715, class=java.lang.Integer@5000010c)
ARR 50001108 (sz=24, trace=301762, nelems=0, elem type=int[])
OBJ 50001109 (sz=32, trace=301713, class=java.util.ArrayList$Itr@50001974)
OBJ 5000110a (sz=24, trace=300127, class=java.lang.String@5000016f)
	value		5000110b
ARR 5000110b (sz=174, trace=300128, nelems=87, elem type=char[])
OBJ 5000110c (sz=32, trace=301763, class=Line@50006f05)
OBJ 5000110d (sz=16, trace=301715, class=java.lang.Integer@5000010c)
ARR 5000110e (sz=24, trace=301762, nelems=0, elem type=int[])
OBJ 5000110f (sz=32, trace=301713, class=java.util.ArrayList$Itr@50001974)
OBJ 50001110 (sz=32, trace=301763, class=Line@50006f05)
ARR 50001111 (sz=24, trace=301762, nelems=0, elem type=int[])
OBJ 50001112 (sz=32, trace=301713, class=java.util.ArrayList$Itr@50001974)
OBJ 50001113 (sz=32, trace=301763, class=Line@50006f05)
OBJ 50001114 (sz=16, trace=301715, class=java.lang.Integer@5000010c)
OBJ 50001115 (sz=24, trace=300149, class=java.lang.String@5000016f)
	value		50001116
ARR 50001116 (sz=174, trace=300150, nelems=87, elem type=char[])
OBJ 50001117 (sz=64, trace=300151, class=java.net.URL@5000011b)
	protocol	50009a58
	host		500095b3
	file		50001115
	authority	500095b3
	path		50001115
	handler		5000a505
ARR 50001118 (sz=24, trace=301762, nelems=0, elem type=int[])
OBJ 50001119 (sz=48, trace=300153, class=sun.misc.URLClassPath$JarLoader@50000231)
	base		50001117
	jar		50001123
	csu		5000a524
	handler		5000a505
	lmap		5000a506
OBJ 5000111a (sz=32, trace=301713, class=java.util.ArrayList$Itr@50001974)
OBJ 5000111b (sz=32, trace=301763, class=Line@50006f05)
OBJ 5000111c (sz=16, trace=301715, class=java.lang.Integer@5000010c)
ARR 5000111d (sz=24, trace=301762, nelems=0, elem type=int[])
OBJ 5000111e (sz=32, trace=301713, class=java.util.ArrayList$Itr@50001974)
OBJ 5000111f (sz=32, trace=301763, class=Line@50006f05)
OBJ 50001120 (sz=16, trace=301715, class=java.lang.Integer@5000010c)
ARR 50001121 (sz=24, trace=301762, nelems=0, elem type=int[])
OBJ 50001122 (sz=32, trace=301713, class=java.util.ArrayList$Itr@50001974)
OBJ 50001123 (sz=64, trace=300189, class=java.util.jar.JarFile@5000025e)
	name		5000a52b
	zc		5000112b
	streams		50001125
	inflaterCache	50001129
	manEntry	5000113a
OBJ 50001124 (sz=40, trace=300097, class=java.lang.ref.Finalizer@5000014e)
	referent	50001123
	queue		5000945f
	next		500010f8
	prev		50001141
OBJ 50001125 (sz=48, trace=300190, class=java.util.WeakHashMap@500000ac)
	table		50001128
	queue		50001126
OBJ 50001126 (sz=32, trace=300191, class=java.lang.ref.ReferenceQueue@500000de)
	lock		50001127
OBJ 50001127 (sz=16, trace=300192, class=java.lang.ref.ReferenceQueue$Lock@500000dc)
ARR 50001128 (sz=80, trace=300193, nelems=0, elem type=java.util.WeakHashMap$Entry[]@50000045)
OBJ 50001129 (sz=24, trace=300195, class=java.util.ArrayDeque@500002c1)
	elements	5000112a
ARR 5000112a (sz=80, trace=300196, nelems=1, elem type=java.lang.Object[]@5000010a)
	[0]		50001140
OBJ 5000112b (sz=32, trace=300198, class=java.util.zip.ZipCoder@500002c4)
	cs		50009acb
	enc		50001131
OBJ 5000112c (sz=32, trace=301763, class=Line@50006f05)
OBJ 5000112d (sz=16, trace=301715, class=java.lang.Integer@5000010c)
ARR 5000112e (sz=24, trace=301762, nelems=0, elem type=int[])
OBJ 5000112f (sz=32, trace=301713, class=java.util.ArrayList$Itr@50001974)
OBJ 50001130 (sz=32, trace=301763, class=Line@50006f05)
OBJ 50001131 (sz=56, trace=300220, class=sun.nio.cs.UTF_8$Encoder@50000071)
	charset		50009acb
	replacement	50001132
	malformedInputAction	50009ac2
	unmappableCharacterAction	50009ac2
ARR 50001132 (sz=1, trace=300221, nelems=1, elem type=byte[])
OBJ 50001133 (sz=16, trace=301715, class=java.lang.Integer@5000010c)
ARR 50001134 (sz=24, trace=301762, nelems=0, elem type=int[])
OBJ 50001135 (sz=32, trace=301713, class=java.util.ArrayList$Itr@50001974)
OBJ 50001136 (sz=32, trace=301763, class=Line@50006f05)
OBJ 50001137 (sz=16, trace=301715, class=java.lang.Integer@5000010c)
ARR 50001138 (sz=24, trace=301762, nelems=0, elem type=int[])
OBJ 50001139 (sz=32, trace=301713, class=java.util.ArrayList$Itr@50001974)
OBJ 5000113a (sz=96, trace=300271, class=java.util.jar.JarFile$JarFileEntry@50000323)
	name		50009a48
	this$0		50001123
OBJ 5000113b (sz=32, trace=301763, class=Line@50006f05)
OBJ 5000113c (sz=16, trace=301715, class=java.lang.Integer@5000010c)
ARR 5000113d (sz=24, trace=301762, nelems=0, elem type=int[])
OBJ 5000113e (sz=56, trace=300276, class=java.util.zip.ZipFile$ZipFileInputStream@50000328)
OBJ 5000113f (sz=32, trace=301713, class=java.util.ArrayList$Itr@50001974)
OBJ 50001140 (sz=48, trace=300291, class=java.util.zip.Inflater@500003a6)
	zsRef		50001142
	buf		500003a7
OBJ 50001141 (sz=40, trace=300097, class=java.lang.ref.Finalizer@5000014e)
	referent	50001140
	queue		5000945f
	next		50001124
	prev		5000116c
OBJ 50001142 (sz=24, trace=300293, class=java.util.zip.ZStreamRef@500003aa)
OBJ 50001143 (sz=56, trace=300295, class=java.util.zip.ZipFile$ZipFileInflaterInputStream@500003ad)
OBJ 50001144 (sz=32, trace=301763, class=Line@50006f05)
ARR 50001145 (sz=24, trace=300296, nelems=0, elem type=byte[])
ARR 50001146 (sz=528, trace=300297, nelems=0, elem type=byte[])
ARR 50001147 (sz=48, trace=300298, nelems=0, elem type=byte[])
ARR 50001148 (sz=24, trace=301762, nelems=0, elem type=int[])
OBJ 50001149 (sz=32, trace=301713, class=java.util.ArrayList$Itr@50001974)
OBJ 5000114a (sz=32, trace=301763, class=Line@50006f05)
OBJ 5000114b (sz=32, trace=300299, class=java.util.HashMap$Node@500000b9)
	key		5000110a
	value		50001119
OBJ 5000114c (sz=16, trace=301715, class=java.lang.Integer@5000010c)
ARR 5000114d (sz=24, trace=301762, nelems=0, elem type=int[])
OBJ 5000114e (sz=32, trace=301713, class=java.util.ArrayList$Itr@50001974)
OBJ 5000114f (sz=32, trace=301763, class=Line@50006f05)
ARR 50001150 (sz=24, trace=301762, nelems=0, elem type=int[])
OBJ 50001151 (sz=32, trace=301713, class=java.util.ArrayList$Itr@50001974)
OBJ 50001152 (sz=24, trace=300127, class=java.lang.String@5000016f)
	value		50001153
ARR 50001153 (sz=170, trace=300128, nelems=85, elem type=char[])
OBJ 50001154 (sz=32, trace=301763, class=Line@50006f05)
OBJ 50001155 (sz=16, trace=301715, class=java.lang.Integer@5000010c)
ARR 50001156 (sz=24, trace=301762, nelems=0, elem type=int[])
OBJ 50001157 (sz=32, trace=301713, class=java.util.ArrayList$Itr@50001974)
OBJ 50001158 (sz=32, trace=301763, class=Line@50006f05)
OBJ 50001159 (sz=16, trace=301715, class=java.lang.Integer@5000010c)
ARR 5000115a (sz=24, trace=301762, nelems=0, elem type=int[])
OBJ 5000115b (sz=32, trace=301713, class=java.util.ArrayList$Itr@50001974)
OBJ 5000115c (sz=32, trace=301763, class=Line@50006f05)
OBJ 5000115d (sz=24, trace=300149, class=java.lang.String@5000016f)
	value		5000115e
ARR 5000115e (sz=170, trace=300150, nelems=85, elem type=char[])
OBJ 5000115f (sz=64, trace=300151, class=java.net.URL@5000011b)
	protocol	50009a58
	host		500095b3
	file		5000115d
	authority	500095b3
	path		5000115d
	handler		5000a505
OBJ 50001160 (sz=16, trace=301715, class=java.lang.Integer@5000010c)
OBJ 50001161 (sz=48, trace=300153, class=sun.misc.URLClassPath$JarLoader@50000231)
	base		5000115f
	jar		5000116b
	csu		5000a525
	handler		5000a505
	lmap		5000a506
ARR 50001162 (sz=24, trace=301762, nelems=0, elem type=int[])
OBJ 50001163 (sz=32, trace=301713, class=java.util.ArrayList$Itr@50001974)
OBJ 50001164 (sz=32, trace=301763, class=Line@50006f05)
OBJ 50001165 (sz=16, trace=301715, class=java.lang.Integer@5000010c)
ARR 50001166 (sz=24, trace=301762, nelems=0, elem type=int[])
OBJ 50001167 (sz=32, trace=301713, class=java.util.ArrayList$Itr@50001974)
OBJ 50001168 (sz=32, trace=301763, class=Line@50006f05)
OBJ 50001169 (sz=16, trace=301715, class=java.lang.Integer@5000010c)
ARR 5000116a (sz=24, trace=301762, nelems=0, elem type=int[])
OBJ 5000116b (sz=64, trace=300189, class=java.util.jar.JarFile@5000025e)
	name		5000a529
	zc		50001173
	streams		5000116d
	inflaterCache	50001171
	manEntry	50001182
OBJ 5000116c (sz=40, trace=300097, class=java.lang.ref.Finalizer@5000014e)
	referent	5000116b
	queue		5000945f
	next		50001141
	prev		50001189
OBJ 5000116d (sz=48, trace=300190, class=java.util.WeakHashMap@500000ac)
	table		50001170
	queue		5000116e
OBJ 5000116e (sz=32, trace=300191, class=java.lang.ref.ReferenceQueue@500000de)
	lock		5000116f
OBJ 5000116f (sz=16, trace=300192, class=java.lang.ref.ReferenceQueue$Lock@500000dc)
ARR 50001170 (sz=80, trace=300193, nelems=0, elem type=java.util.WeakHashMap$Entry[]@50000045)
OBJ 50001171 (sz=24, trace=300195, class=java.util.ArrayDeque@500002c1)
	elements	50001172
ARR 50001172 (sz=80, trace=300196, nelems=1, elem type=java.lang.Object[]@5000010a)
	[0]		50001188
OBJ 50001173 (sz=32, trace=300198, class=java.util.zip.ZipCoder@500002c4)
	cs		50009acb
	enc		50001179
OBJ 50001174 (sz=32, trace=301713, class=java.util.ArrayList$Itr@50001974)
OBJ 50001175 (sz=32, trace=301763, class=Line@50006f05)
OBJ 50001176 (sz=16, trace=301715, class=java.lang.Integer@5000010c)
ARR 50001177 (sz=24, trace=301762, nelems=0, elem type=int[])
OBJ 50001178 (sz=32, trace=301713, class=java.util.ArrayList$Itr@50001974)
OBJ 50001179 (sz=56, trace=300220, class=sun.nio.cs.UTF_8$Encoder@50000071)
	charset		50009acb
	replacement	5000117a
	malformedInputAction	50009ac2
	unmappableCharacterAction	50009ac2
ARR 5000117a (sz=1, trace=300221, nelems=1, elem type=byte[])
OBJ 5000117b (sz=32, trace=301763, class=Line@50006f05)
ARR 5000117c (sz=24, trace=301762, nelems=0, elem type=int[])
OBJ 5000117d (sz=32, trace=301713, class=java.util.ArrayList$Itr@50001974)
OBJ 5000117e (sz=32, trace=301763, class=Line@50006f05)
OBJ 5000117f (sz=16, trace=301715, class=java.lang.Integer@5000010c)
ARR 50001180 (sz=24, trace=301762, nelems=0, elem type=int[])
OBJ 50001181 (sz=32, trace=301713, class=java.util.ArrayList$Itr@50001974)
OBJ 50001182 (sz=96, trace=300271, class=java.util.jar.JarFile$JarFileEntry@50000323)
	name		50009a48
	this$0		5000116b
OBJ 50001183 (sz=32, trace=301763, class=Line@50006f05)
ARR 50001184 (sz=24, trace=301762, nelems=0, elem type=int[])
OBJ 50001185 (sz=32, trace=301713, class=java.util.ArrayList$Itr@50001974)
OBJ 50001186 (sz=56, trace=300276, class=java.util.zip.ZipFile$ZipFileInputStream@50000328)
OBJ 50001187 (sz=32, trace=301763, class=Line@50006f05)
OBJ 50001188 (sz=48, trace=300291, class=java.util.zip.Inflater@500003a6)
	zsRef		5000118a
	buf		500003a7
OBJ 50001189 (sz=40, trace=300097, class=java.lang.ref.Finalizer@5000014e)
	referent	50001188
	queue		5000945f
	next		5000116c
	prev		500011b4
OBJ 5000118a (sz=24, trace=300293, class=java.util.zip.ZStreamRef@500003aa)
OBJ 5000118b (sz=56, trace=300295, class=java.util.zip.ZipFile$ZipFileInflaterInputStream@500003ad)
OBJ 5000118c (sz=16, trace=301715, class=java.lang.Integer@5000010c)
ARR 5000118d (sz=24, trace=300296, nelems=0, elem type=byte[])
ARR 5000118e (sz=528, trace=300297, nelems=0, elem type=byte[])
ARR 5000118f (sz=88, trace=300298, nelems=0, elem type=byte[])
ARR 50001190 (sz=24, trace=301762, nelems=0, elem type=int[])
OBJ 50001191 (sz=32, trace=301713, class=java.util.ArrayList$Itr@50001974)
OBJ 50001192 (sz=32, trace=301763, class=Line@50006f05)
OBJ 50001193 (sz=32, trace=300283, class=java.util.HashMap$Node@500000b9)
	key		50001152
	value		50001161
OBJ 50001194 (sz=16, trace=301715, class=java.lang.Integer@5000010c)
ARR 50001195 (sz=24, trace=301762, nelems=0, elem type=int[])
OBJ 50001196 (sz=32, trace=301713, class=java.util.ArrayList$Itr@50001974)
OBJ 50001197 (sz=32, trace=301763, class=Line@50006f05)
OBJ 50001198 (sz=16, trace=301715, class=java.lang.Integer@5000010c)
ARR 50001199 (sz=24, trace=301762, nelems=0, elem type=int[])
OBJ 5000119a (sz=24, trace=300127, class=java.lang.String@5000016f)
	value		5000119b
ARR 5000119b (sz=168, trace=300128, nelems=84, elem type=char[])
OBJ 5000119c (sz=32, trace=301713, class=java.util.ArrayList$Itr@50001974)
OBJ 5000119d (sz=32, trace=301763, class=Line@50006f05)
OBJ 5000119e (sz=16, trace=301715, class=java.lang.Integer@5000010c)
ARR 5000119f (sz=24, trace=301762, nelems=0, elem type=int[])
OBJ 500011a0 (sz=32, trace=301713, class=java.util.ArrayList$Itr@50001974)
OBJ 500011a1 (sz=32, trace=301763, class=Line@50006f05)
OBJ 500011a2 (sz=16, trace=301715, class=java.lang.Integer@5000010c)
ARR 500011a3 (sz=24, trace=301762, nelems=0, elem type=int[])
OBJ 500011a4 (sz=32, trace=301713, class=java.util.ArrayList$Itr@50001974)
OBJ 500011a5 (sz=24, trace=300149, class=java.lang.String@5000016f)
	value		500011a6
ARR 500011a6 (sz=168, trace=300150, nelems=84, elem type=char[])
OBJ 500011a7 (sz=64, trace=300151, class=java.net.URL@5000011b)
	protocol	50009a58
	host		500095b3
	file		500011a5
	authority	500095b3
	path		500011a5
	handler		5000a505
OBJ 500011a8 (sz=32, trace=301763, class=Line@50006f05)
OBJ 500011a9 (sz=48, trace=300153, class=sun.misc.URLClassPath$JarLoader@50000231)
	base		500011a7
	jar		500011b3
	csu		5000a526
	handler		5000a505
	lmap		5000a506
OBJ 500011aa (sz=16, trace=301715, class=java.lang.Integer@5000010c)
ARR 500011ab (sz=24, trace=301762, nelems=0, elem type=int[])
OBJ 500011ac (sz=32, trace=301713, class=java.util.ArrayList$Itr@50001974)
OBJ 500011ad (sz=32, trace=301763, class=Line@50006f05)
OBJ 500011ae (sz=16, trace=301715, class=java.lang.Integer@5000010c)
ARR 500011af (sz=24, trace=301762, nelems=0, elem type=int[])
OBJ 500011b0 (sz=32, trace=301713, class=java.util.ArrayList$Itr@50001974)
OBJ 500011b1 (sz=32, trace=301763, class=Line@50006f05)
OBJ 500011b2 (sz=16, trace=301715, class=java.lang.Integer@5000010c)
OBJ 500011b3 (sz=64, trace=300189, class=java.util.jar.JarFile@5000025e)
	name		5000a527
	zc		500011bb
	streams		500011b5
	inflaterCache	500011b9
	manEntry	500011ca
OBJ 500011b4 (sz=40, trace=300097, class=java.lang.ref.Finalizer@5000014e)
	referent	500011b3
	queue		5000945f
	next		50001189
	prev		50001253
OBJ 500011b5 (sz=48, trace=300190, class=java.util.WeakHashMap@500000ac)
	table		500011b8
	queue		500011b6
OBJ 500011b6 (sz=32, trace=300191, class=java.lang.ref.ReferenceQueue@500000de)
	lock		500011b7
OBJ 500011b7 (sz=16, trace=300192, class=java.lang.ref.ReferenceQueue$Lock@500000dc)
ARR 500011b8 (sz=80, trace=300193, nelems=0, elem type=java.util.WeakHashMap$Entry[]@50000045)
OBJ 500011b9 (sz=24, trace=300195, class=java.util.ArrayDeque@500002c1)
	elements	500011ba
ARR 500011ba (sz=80, trace=300196, nelems=0, elem type=java.lang.Object[]@5000010a)
OBJ 500011bb (sz=32, trace=300198, class=java.util.zip.ZipCoder@500002c4)
	cs		50009acb
	enc		500011c1
ARR 500011bc (sz=24, trace=301762, nelems=0, elem type=int[])
OBJ 500011bd (sz=32, trace=301713, class=java.util.ArrayList$Itr@50001974)
OBJ 500011be (sz=32, trace=301763, class=Line@50006f05)
OBJ 500011bf (sz=16, trace=301715, class=java.lang.Integer@5000010c)
ARR 500011c0 (sz=24, trace=301762, nelems=0, elem type=int[])
OBJ 500011c1 (sz=56, trace=300220, class=sun.nio.cs.UTF_8$Encoder@50000071)
	charset		50009acb
	replacement	500011c2
	malformedInputAction	50009ac2
	unmappableCharacterAction	50009ac2
ARR 500011c2 (sz=1, trace=300221, nelems=1, elem type=byte[])
OBJ 500011c3 (sz=32, trace=301713, class=java.util.ArrayList$Itr@50001974)
OBJ 500011c4 (sz=32, trace=301763, class=Line@50006f05)
ARR 500011c5 (sz=24, trace=301762, nelems=0, elem type=int[])
OBJ 500011c6 (sz=32, trace=301713, class=java.util.ArrayList$Itr@50001974)
OBJ 500011c7 (sz=32, trace=301763, class=Line@50006f05)
OBJ 500011c8 (sz=16, trace=301715, class=java.lang.Integer@5000010c)
ARR 500011c9 (sz=24, trace=301762, nelems=0, elem type=int[])
OBJ 500011ca (sz=96, trace=300271, class=java.util.jar.JarFile$JarFileEntry@50000323)
	name		50009a48
	this$0		500011b3
OBJ 500011cb (sz=32, trace=301713, class=java.util.ArrayList$Itr@50001974)
OBJ 500011cc (sz=32, trace=301763, class=Line@50006f05)
OBJ 500011cd (sz=16, trace=301715, class=java.lang.Integer@5000010c)
OBJ 500011ce (sz=56, trace=300276, class=java.util.zip.ZipFile$ZipFileInputStream@50000328)
ARR 500011cf (sz=24, trace=301762, nelems=0, elem type=int[])
OBJ 500011d0 (sz=32, trace=301713, class=java.util.ArrayList$Itr@50001974)
OBJ 500011d1 (sz=32, trace=301763, class=Line@50006f05)
OBJ 500011d2 (sz=16, trace=301715, class=java.lang.Integer@5000010c)
OBJ 500011d3 (sz=32, trace=300283, class=java.util.HashMap$Node@500000b9)
	key		5000119a
	value		500011a9
ARR 500011d4 (sz=24, trace=301762, nelems=0, elem type=int[])
OBJ 500011d5 (sz=32, trace=301713, class=java.util.ArrayList$Itr@50001974)
OBJ 500011d6 (sz=32, trace=301763, class=Line@50006f05)
OBJ 500011d7 (sz=16, trace=301715, class=java.lang.Integer@5000010c)
ARR 500011d8 (sz=24, trace=301762, nelems=0, elem type=int[])
OBJ 500011d9 (sz=32, trace=301713, class=java.util.ArrayList$Itr@50001974)
OBJ 500011da (sz=24, trace=300127, class=java.lang.String@5000016f)
	value		500011db
ARR 500011db (sz=178, trace=300128, nelems=89, elem type=char[])
OBJ 500011dc (sz=32, trace=301763, class=Line@50006f05)
OBJ 500011de (sz=24, trace=300355, class=sun.misc.URLClassPath$FileLoader@500011dd)
	base		5000a13e
	dir		500011e6
OBJ 500011df (sz=16, trace=301715, class=java.lang.Integer@5000010c)
ARR 500011e0 (sz=24, trace=301762, nelems=0, elem type=int[])
OBJ 500011e1 (sz=32, trace=301713, class=java.util.ArrayList$Itr@50001974)
OBJ 500011e2 (sz=32, trace=301763, class=Line@50006f05)
OBJ 500011e3 (sz=16, trace=301715, class=java.lang.Integer@5000010c)
ARR 500011e4 (sz=24, trace=301762, nelems=0, elem type=int[])
OBJ 500011e5 (sz=32, trace=301713, class=java.util.ArrayList$Itr@50001974)
OBJ 500011e6 (sz=32, trace=300363, class=java.io.File@5000011d)
	path		50009824
OBJ 500011e7 (sz=32, trace=300299, class=java.util.HashMap$Node@500000b9)
	key		500011da
	value		500011de
OBJ 500011e8 (sz=32, trace=301763, class=Line@50006f05)
OBJ 500011e9 (sz=16, trace=301715, class=java.lang.Integer@5000010c)
ARR 500011ea (sz=24, trace=301762, nelems=0, elem type=int[])
OBJ 500011eb (sz=32, trace=301713, class=java.util.ArrayList$Itr@50001974)
OBJ 500011ec (sz=32, trace=301763, class=Line@50006f05)
OBJ 500011ed (sz=16, trace=301715, class=java.lang.Integer@5000010c)
ARR 500011ee (sz=24, trace=301762, nelems=0, elem type=int[])
OBJ 500011ef (sz=32, trace=301713, class=java.util.ArrayList$Itr@50001974)
OBJ 500011f0 (sz=32, trace=301763, class=Line@50006f05)
OBJ 500011f1 (sz=16, trace=301715, class=java.lang.Integer@5000010c)
ARR 500011f2 (sz=24, trace=301762, nelems=0, elem type=int[])
OBJ 500011f3 (sz=32, trace=301713, class=java.util.ArrayList$Itr@50001974)
OBJ 500011f4 (sz=32, trace=301763, class=Line@50006f05)
OBJ 500011f5 (sz=16, trace=301715, class=java.lang.Integer@5000010c)
ARR 500011f6 (sz=24, trace=301762, nelems=0, elem type=int[])
OBJ 500011f7 (sz=32, trace=301713, class=java.util.ArrayList$Itr@50001974)
OBJ 500011f8 (sz=32, trace=301763, class=Line@50006f05)
OBJ 500011f9 (sz=16, trace=301715, class=java.lang.Integer@5000010c)
ARR 500011fa (sz=24, trace=301762, nelems=0, elem type=int[])
OBJ 500011fb (sz=32, trace=301713, class=java.util.ArrayList$Itr@50001974)
OBJ 500011fc (sz=32, trace=301763, class=Line@50006f05)
OBJ 500011fd (sz=16, trace=301715, class=java.lang.Integer@5000010c)
ARR 500011fe (sz=24, trace=301762, nelems=0, elem type=int[])
OBJ 500011ff (sz=32, trace=301713, class=java.util.ArrayList$Itr@50001974)
OBJ 50001200 (sz=32, trace=301763, class=Line@50006f05)
ARR 50001201 (sz=24, trace=301762, nelems=0, elem type=int[])
OBJ 50001202 (sz=32, trace=301713, class=java.util.ArrayList$Itr@50001974)
OBJ 50001203 (sz=32, trace=301763, class=Line@50006f05)
OBJ 50001204 (sz=16, trace=301715, class=java.lang.Integer@5000010c)
ARR 50001205 (sz=24, trace=301762, nelems=0, elem type=int[])
OBJ 50001206 (sz=32, trace=301713, class=java.util.ArrayList$Itr@50001974)
OBJ 50001207 (sz=32, trace=301763, class=Line@50006f05)
OBJ 50001208 (sz=16, trace=301715, class=java.lang.Integer@5000010c)
ARR 50001209 (sz=24, trace=301762, nelems=0, elem type=int[])
OBJ 5000120a (sz=24, trace=300127, class=java.lang.String@5000016f)
	value		5000120b
ARR 5000120b (sz=140, trace=300128, nelems=70, elem type=char[])
OBJ 5000120c (sz=32, trace=301713, class=java.util.ArrayList$Itr@50001974)
OBJ 5000120d (sz=32, trace=301763, class=Line@50006f05)
OBJ 5000120e (sz=16, trace=301715, class=java.lang.Integer@5000010c)
ARR 5000120f (sz=24, trace=301762, nelems=0, elem type=int[])
OBJ 50001210 (sz=32, trace=301713, class=java.util.ArrayList$Itr@50001974)
OBJ 50001211 (sz=32, trace=301763, class=Line@50006f05)
OBJ 50001212 (sz=16, trace=301715, class=java.lang.Integer@5000010c)
ARR 50001213 (sz=24, trace=301762, nelems=0, elem type=int[])
OBJ 50001214 (sz=32, trace=301713, class=java.util.ArrayList$Itr@50001974)
OBJ 50001215 (sz=24, trace=300149, class=java.lang.String@5000016f)
	value		50001216
ARR 50001216 (sz=140, trace=300150, nelems=70, elem type=char[])
OBJ 50001217 (sz=64, trace=300151, class=java.net.URL@5000011b)
	protocol	50009a58
	host		500095b3
	file		50001215
	authority	500095b3
	path		50001215
	handler		5000a505
OBJ 50001218 (sz=32, trace=301763, class=Line@50006f05)
OBJ 50001219 (sz=48, trace=300153, class=sun.misc.URLClassPath$JarLoader@50000231)
	base		50001217
	jar		50001252
	csu		5000a4e0
	handler		5000a505
	lmap		5000a506
ARR 5000121a (sz=24, trace=301762, nelems=0, elem type=int[])
OBJ 5000121b (sz=32, trace=301713, class=java.util.ArrayList$Itr@50001974)
OBJ 5000121c (sz=32, trace=301763, class=Line@50006f05)
ARR 5000121d (sz=24, trace=301762, nelems=0, elem type=int[])
OBJ 5000121e (sz=32, trace=301713, class=java.util.ArrayList$Itr@50001974)
OBJ 5000121f (sz=32, trace=301763, class=Line@50006f05)
OBJ 50001223 (sz=24, trace=300384, class=sun.nio.cs.ThreadLocalCoders$1@50001222)
	cache		50001224
OBJ 50001224 (sz=16, trace=300385, class=java.lang.ThreadLocal@500000c9)
OBJ 50001226 (sz=24, trace=300387, class=sun.nio.cs.ThreadLocalCoders$2@50001225)
	cache		50001227
OBJ 50001227 (sz=16, trace=300388, class=java.lang.ThreadLocal@500000c9)
OBJ 50001228 (sz=32, trace=300389, class=java.lang.ThreadLocal$ThreadLocalMap$Entry@5000009b)
ARR 50001229 (sz=32, trace=300390, nelems=0, elem type=java.lang.Object[]@5000010a)
OBJ 5000122a (sz=16, trace=301715, class=java.lang.Integer@5000010c)
ARR 5000122b (sz=24, trace=301762, nelems=0, elem type=int[])
OBJ 5000122c (sz=32, trace=301713, class=java.util.ArrayList$Itr@50001974)
ARR 5000122d (sz=24, trace=300173, nelems=2, elem type=java.lang.Object[]@5000010a)
	[0]		50009ece
	[1]		50009acb
OBJ 5000122e (sz=40, trace=300316, class=sun.nio.cs.UTF_8$Decoder@50000094)
OBJ 5000122f (sz=32, trace=301763, class=Line@50006f05)
OBJ 50001230 (sz=16, trace=301715, class=java.lang.Integer@5000010c)
ARR 50001231 (sz=24, trace=301762, nelems=0, elem type=int[])
OBJ 50001232 (sz=32, trace=301713, class=java.util.ArrayList$Itr@50001974)
OBJ 50001233 (sz=32, trace=301763, class=Line@50006f05)
OBJ 50001234 (sz=16, trace=301715, class=java.lang.Integer@5000010c)
ARR 50001235 (sz=24, trace=301762, nelems=0, elem type=int[])
OBJ 50001236 (sz=32, trace=301713, class=java.util.ArrayList$Itr@50001974)
OBJ 50001237 (sz=32, trace=301763, class=Line@50006f05)
OBJ 50001238 (sz=16, trace=301715, class=java.lang.Integer@5000010c)
ARR 50001239 (sz=24, trace=301762, nelems=0, elem type=int[])
OBJ 5000123a (sz=32, trace=301713, class=java.util.ArrayList$Itr@50001974)
OBJ 5000123b (sz=32, trace=301763, class=Line@50006f05)
OBJ 5000123c (sz=16, trace=301715, class=java.lang.Integer@5000010c)
ARR 5000123d (sz=24, trace=301762, nelems=0, elem type=int[])
OBJ 5000123e (sz=32, trace=301713, class=java.util.ArrayList$Itr@50001974)
OBJ 5000123f (sz=32, trace=301763, class=Line@50006f05)
OBJ 50001240 (sz=16, trace=301715, class=java.lang.Integer@5000010c)
ARR 50001241 (sz=24, trace=301762, nelems=0, elem type=int[])
OBJ 50001242 (sz=32, trace=301713, class=java.util.ArrayList$Itr@50001974)
OBJ 50001243 (sz=32, trace=301763, class=Line@50006f05)
OBJ 50001244 (sz=16, trace=301715, class=java.lang.Integer@5000010c)
ARR 50001245 (sz=24, trace=301762, nelems=0, elem type=int[])
OBJ 50001246 (sz=32, trace=301713, class=java.util.ArrayList$Itr@50001974)
OBJ 50001247 (sz=32, trace=301763, class=Line@50006f05)
OBJ 50001248 (sz=16, trace=301715, class=java.lang.Integer@5000010c)
ARR 50001249 (sz=24, trace=301762, nelems=0, elem type=int[])
OBJ 5000124a (sz=24, trace=300401, class=java.lang.String@5000016f)
	value		5000124b
ARR 5000124b (sz=118, trace=300396, nelems=59, elem type=char[])
OBJ 5000124c (sz=32, trace=301713, class=java.util.ArrayList$Itr@50001974)
OBJ 5000124d (sz=32, trace=301763, class=Line@50006f05)
OBJ 5000124e (sz=16, trace=301715, class=java.lang.Integer@5000010c)
ARR 5000124f (sz=24, trace=301762, nelems=0, elem type=int[])
OBJ 50001250 (sz=32, trace=301713, class=java.util.ArrayList$Itr@50001974)
OBJ 50001251 (sz=32, trace=301763, class=Line@50006f05)
OBJ 50001252 (sz=64, trace=300189, class=java.util.jar.JarFile@5000025e)
	name		5000124a
	zc		5000125a
	streams		50001254
	inflaterCache	50001258
	manRef		500012e3
	manEntry	50001269
OBJ 50001253 (sz=40, trace=300097, class=java.lang.ref.Finalizer@5000014e)
	referent	50001252
	queue		5000945f
	next		500011b4
	prev		50001425
OBJ 50001254 (sz=48, trace=300190, class=java.util.WeakHashMap@500000ac)
	table		50001257
	queue		50001255
OBJ 50001255 (sz=32, trace=300191, class=java.lang.ref.ReferenceQueue@500000de)
	lock		50001256
OBJ 50001256 (sz=16, trace=300192, class=java.lang.ref.ReferenceQueue$Lock@500000dc)
ARR 50001257 (sz=80, trace=300193, nelems=0, elem type=java.util.WeakHashMap$Entry[]@50000045)
OBJ 50001258 (sz=24, trace=300195, class=java.util.ArrayDeque@500002c1)
	elements	50001259
ARR 50001259 (sz=80, trace=300196, nelems=0, elem type=java.lang.Object[]@5000010a)
OBJ 5000125a (sz=32, trace=300198, class=java.util.zip.ZipCoder@500002c4)
	cs		50009acb
	enc		50001260
OBJ 5000125b (sz=16, trace=301715, class=java.lang.Integer@5000010c)
ARR 5000125c (sz=24, trace=301762, nelems=0, elem type=int[])
OBJ 5000125d (sz=32, trace=301713, class=java.util.ArrayList$Itr@50001974)
OBJ 5000125e (sz=32, trace=301763, class=Line@50006f05)
OBJ 5000125f (sz=16, trace=301715, class=java.lang.Integer@5000010c)
OBJ 50001260 (sz=56, trace=300220, class=sun.nio.cs.UTF_8$Encoder@50000071)
	charset		50009acb
	replacement	50001261
	malformedInputAction	50009ac2
	unmappableCharacterAction	50009ac2
ARR 50001261 (sz=1, trace=300221, nelems=1, elem type=byte[])
ARR 50001262 (sz=24, trace=301762, nelems=0, elem type=int[])
OBJ 50001263 (sz=32, trace=301713, class=java.util.ArrayList$Itr@50001974)
OBJ 50001264 (sz=32, trace=301763, class=Line@50006f05)
OBJ 50001265 (sz=16, trace=301715, class=java.lang.Integer@5000010c)
ARR 50001266 (sz=24, trace=301762, nelems=0, elem type=int[])
OBJ 50001267 (sz=32, trace=301713, class=java.util.ArrayList$Itr@50001974)
OBJ 50001268 (sz=32, trace=301763, class=Line@50006f05)
OBJ 50001269 (sz=96, trace=300271, class=java.util.jar.JarFile$JarFileEntry@50000323)
	name		50009a48
	this$0		50001252
ARR 5000126a (sz=24, trace=301762, nelems=0, elem type=int[])
OBJ 5000126b (sz=32, trace=301713, class=java.util.ArrayList$Itr@50001974)
OBJ 5000126c (sz=32, trace=301763, class=Line@50006f05)
OBJ 5000126d (sz=56, trace=300276, class=java.util.zip.ZipFile$ZipFileInputStream@50000328)
ARR 5000126e (sz=24, trace=301762, nelems=0, elem type=int[])
OBJ 5000126f (sz=32, trace=301713, class=java.util.ArrayList$Itr@50001974)
OBJ 50001270 (sz=32, trace=301763, class=Line@50006f05)
OBJ 50001271 (sz=16, trace=301715, class=java.lang.Integer@5000010c)
OBJ 50001272 (sz=32, trace=300283, class=java.util.HashMap$Node@500000b9)
	key		5000120a
	value		50001219
ARR 50001273 (sz=24, trace=301762, nelems=0, elem type=int[])
OBJ 50001274 (sz=32, trace=301713, class=java.util.ArrayList$Itr@50001974)
OBJ 50001275 (sz=32, trace=301763, class=Line@50006f05)
OBJ 50001276 (sz=16, trace=301715, class=java.lang.Integer@5000010c)
ARR 50001277 (sz=24, trace=301762, nelems=0, elem type=int[])
OBJ 50001278 (sz=32, trace=301713, class=java.util.ArrayList$Itr@50001974)
OBJ 50001279 (sz=32, trace=301763, class=Line@50006f05)
OBJ 5000127a (sz=16, trace=301715, class=java.lang.Integer@5000010c)
ARR 5000127b (sz=24, trace=301762, nelems=0, elem type=int[])
OBJ 5000127c (sz=32, trace=301713, class=java.util.ArrayList$Itr@50001974)
OBJ 5000127d (sz=32, trace=301763, class=Line@50006f05)
ARR 5000127e (sz=24, trace=301762, nelems=0, elem type=int[])
OBJ 5000127f (sz=32, trace=301713, class=java.util.ArrayList$Itr@50001974)
OBJ 50001280 (sz=32, trace=301763, class=Line@50006f05)
OBJ 50001281 (sz=16, trace=301715, class=java.lang.Integer@5000010c)
ARR 50001282 (sz=24, trace=301762, nelems=0, elem type=int[])
OBJ 50001283 (sz=32, trace=301713, class=java.util.ArrayList$Itr@50001974)
OBJ 50001284 (sz=32, trace=301763, class=Line@50006f05)
OBJ 50001285 (sz=16, trace=301715, class=java.lang.Integer@5000010c)
ARR 50001286 (sz=24, trace=301762, nelems=0, elem type=int[])
OBJ 50001287 (sz=32, trace=301713, class=java.util.ArrayList$Itr@50001974)
OBJ 50001288 (sz=32, trace=301763, class=Line@50006f05)
ARR 50001289 (sz=24, trace=301762, nelems=0, elem type=int[])
OBJ 5000128a (sz=32, trace=301713, class=java.util.ArrayList$Itr@50001974)
OBJ 5000128b (sz=32, trace=301763, class=Line@50006f05)
OBJ 5000128c (sz=16, trace=301715, class=java.lang.Integer@5000010c)
ARR 5000128d (sz=24, trace=301762, nelems=0, elem type=int[])
OBJ 5000128e (sz=32, trace=301713, class=java.util.ArrayList$Itr@50001974)
OBJ 5000128f (sz=32, trace=301763, class=Line@50006f05)
OBJ 50001292 (sz=16, trace=301715, class=java.lang.Integer@5000010c)
OBJ 50001293 (sz=24, trace=300424, class=java.lang.String@5000016f)
	value		50001294
ARR 50001294 (sz=74, trace=300425, nelems=37, elem type=char[])
ARR 50001295 (sz=24, trace=301762, nelems=0, elem type=int[])
OBJ 50001296 (sz=32, trace=301713, class=java.util.ArrayList$Itr@50001974)
OBJ 50001297 (sz=32, trace=301763, class=Line@50006f05)
OBJ 50001298 (sz=56, trace=300276, class=java.util.zip.ZipFile$ZipFileInputStream@50000328)
OBJ 50001299 (sz=16, trace=301715, class=java.lang.Integer@5000010c)
ARR 5000129a (sz=24, trace=301762, nelems=0, elem type=int[])
OBJ 5000129b (sz=32, trace=301713, class=java.util.ArrayList$Itr@50001974)
OBJ 5000129c (sz=32, trace=301763, class=Line@50006f05)
ARR 5000129d (sz=24, trace=301762, nelems=0, elem type=int[])
OBJ 5000129e (sz=24, trace=300430, class=java.util.jar.Manifest@5000011a)
	attr		500012a0
	entries		500012a2
OBJ 500012a0 (sz=16, trace=300432, class=java.util.jar.Attributes@5000129f)
	map		500012a1
OBJ 500012a1 (sz=48, trace=300433, class=java.util.HashMap@500000ba)
	table		500012c0
OBJ 500012a2 (sz=48, trace=300434, class=java.util.HashMap@500000ba)
OBJ 500012a4 (sz=32, trace=301713, class=java.util.ArrayList$Itr@50001974)
OBJ 500012a5 (sz=32, trace=301763, class=Line@50006f05)
OBJ 500012a6 (sz=16, trace=301715, class=java.lang.Integer@5000010c)
ARR 500012a7 (sz=24, trace=301762, nelems=0, elem type=int[])
OBJ 500012a8 (sz=32, trace=301713, class=java.util.ArrayList$Itr@50001974)
OBJ 500012a9 (sz=24, trace=300441, class=java.lang.String@5000016f)
	value		500012aa
ARR 500012aa (sz=6, trace=300442, nelems=3, elem type=char[])
OBJ 500012ac (sz=24, trace=300444, class=java.util.jar.Attributes$Name@500012ab)
	name		50009a79
OBJ 500012ad (sz=24, trace=300445, class=java.util.jar.Attributes$Name@500012ab)
	name		50009a7a
OBJ 500012ae (sz=24, trace=300446, class=java.util.jar.Attributes$Name@500012ab)
	name		50009a7b
OBJ 500012af (sz=24, trace=300447, class=java.util.jar.Attributes$Name@500012ab)
	name		50009a7c
OBJ 500012b0 (sz=24, trace=300448, class=java.util.jar.Attributes$Name@500012ab)
	name		50009a7d
OBJ 500012b1 (sz=24, trace=300449, class=java.util.jar.Attributes$Name@500012ab)
	name		50009a7e
OBJ 500012b2 (sz=24, trace=300450, class=java.util.jar.Attributes$Name@500012ab)
	name		50009a7f
OBJ 500012b3 (sz=24, trace=300451, class=java.util.jar.Attributes$Name@500012ab)
	name		50009a80
OBJ 500012b4 (sz=24, trace=300452, class=java.util.jar.Attributes$Name@500012ab)
	name		50009a81
OBJ 500012b5 (sz=24, trace=300453, class=java.util.jar.Attributes$Name@500012ab)
	name		50009a82
OBJ 500012b6 (sz=24, trace=300454, class=java.util.jar.Attributes$Name@500012ab)
	name		50009a83
OBJ 500012b7 (sz=24, trace=300455, class=java.util.jar.Attributes$Name@500012ab)
	name		50009a84
OBJ 500012b8 (sz=24, trace=300456, class=java.util.jar.Attributes$Name@500012ab)
	name		50009a85
OBJ 500012b9 (sz=24, trace=300457, class=java.util.jar.Attributes$Name@500012ab)
	name		50009a86
OBJ 500012ba (sz=24, trace=300458, class=java.util.jar.Attributes$Name@500012ab)
	name		50009a87
OBJ 500012bb (sz=24, trace=300459, class=java.util.jar.Attributes$Name@500012ab)
	name		50009a88
OBJ 500012bc (sz=24, trace=300460, class=java.util.jar.Attributes$Name@500012ab)
	name		50009a89
OBJ 500012bd (sz=24, trace=300461, class=java.util.jar.Attributes$Name@500012ab)
	name		50009a79
OBJ 500012bf (sz=16, trace=300463, class=sun.misc.ASCIICaseInsensitiveComparator@500012be)
ARR 500012c0 (sz=80, trace=300464, nelems=16, elem type=java.util.HashMap$Node[]@500000b8)
	[0]		500012c7
	[14]		500012cd
	[15]		500012c1
OBJ 500012c1 (sz=32, trace=300283, class=java.util.HashMap$Node@500000b9)
	key		500012bd
	value		500012a9
OBJ 500012c2 (sz=24, trace=300439, class=java.lang.String@5000016f)
	value		500012c3
ARR 500012c3 (sz=22, trace=300440, nelems=11, elem type=char[])
OBJ 500012c4 (sz=24, trace=300441, class=java.lang.String@5000016f)
	value		500012c5
ARR 500012c5 (sz=32, trace=300442, nelems=16, elem type=char[])
OBJ 500012c6 (sz=24, trace=300461, class=java.util.jar.Attributes$Name@500012ab)
	name		500012c2
OBJ 500012c7 (sz=32, trace=300283, class=java.util.HashMap$Node@500000b9)
	key		500012c6
	value		500012c4
OBJ 500012c8 (sz=24, trace=300439, class=java.lang.String@5000016f)
	value		500012c9
ARR 500012c9 (sz=20, trace=300440, nelems=10, elem type=char[])
OBJ 500012ca (sz=24, trace=300441, class=java.lang.String@5000016f)
	value		500012cb
ARR 500012cb (sz=66, trace=300442, nelems=33, elem type=char[])
OBJ 500012cc (sz=24, trace=300461, class=java.util.jar.Attributes$Name@500012ab)
	name		500012c8
OBJ 500012cd (sz=32, trace=300283, class=java.util.HashMap$Node@500000b9)
	key		500012cc
	value		500012ca
OBJ 500012cf (sz=32, trace=301763, class=Line@50006f05)
OBJ 500012d0 (sz=16, trace=301715, class=java.lang.Integer@5000010c)
ARR 500012d1 (sz=24, trace=301762, nelems=0, elem type=int[])
OBJ 500012d2 (sz=32, trace=301713, class=java.util.ArrayList$Itr@50001974)
OBJ 500012d5 (sz=32, trace=301763, class=Line@50006f05)
ARR 500012d7 (sz=24, trace=301762, nelems=0, elem type=int[])
OBJ 500012d8 (sz=32, trace=301713, class=java.util.ArrayList$Itr@50001974)
OBJ 500012d9 (sz=32, trace=301763, class=Line@50006f05)
OBJ 500012da (sz=16, trace=301715, class=java.lang.Integer@5000010c)
ARR 500012db (sz=24, trace=301762, nelems=0, elem type=int[])
OBJ 500012dc (sz=32, trace=301713, class=java.util.ArrayList$Itr@50001974)
OBJ 500012dd (sz=32, trace=301763, class=Line@50006f05)
OBJ 500012de (sz=16, trace=301715, class=java.lang.Integer@5000010c)
ARR 500012e0 (sz=24, trace=301762, nelems=0, elem type=int[])
OBJ 500012e1 (sz=32, trace=301713, class=java.util.ArrayList$Itr@50001974)
OBJ 500012e2 (sz=32, trace=301763, class=Line@50006f05)
OBJ 500012e3 (sz=40, trace=300485, class=java.lang.ref.SoftReference@50000153)
	referent	5000129e
	queue		5000962b
OBJ 500012e5 (sz=48, trace=300487, class=java.util.HashMap@500000ba)
OBJ 500012e6 (sz=48, trace=300488, class=java.util.HashMap@500000ba)
OBJ 500012e7 (sz=48, trace=300489, class=java.util.HashMap@500000ba)
ARR 500012e8 (sz=24, trace=301762, nelems=0, elem type=int[])
OBJ 500012e9 (sz=32, trace=301713, class=java.util.ArrayList$Itr@50001974)
OBJ 500012ea (sz=32, trace=301763, class=Line@50006f05)
OBJ 500012eb (sz=16, trace=301715, class=java.lang.Integer@5000010c)
ARR 500012ec (sz=24, trace=301762, nelems=0, elem type=int[])
OBJ 500012ed (sz=32, trace=301713, class=java.util.ArrayList$Itr@50001974)
OBJ 500012ee (sz=32, trace=301763, class=Line@50006f05)
OBJ 500012ef (sz=16, trace=301715, class=java.lang.Integer@5000010c)
ARR 500012f0 (sz=24, trace=301762, nelems=0, elem type=int[])
OBJ 500012f1 (sz=32, trace=301713, class=java.util.ArrayList$Itr@50001974)
OBJ 500012f2 (sz=32, trace=301763, class=Line@50006f05)
OBJ 500012f3 (sz=16, trace=301715, class=java.lang.Integer@5000010c)
OBJ 500012f4 (sz=56, trace=300498, class=java.lang.Package@500012e4)
	pkgName		50001293
	loader		50009465
ARR 500012f5 (sz=80, trace=300499, nelems=3, elem type=java.util.HashMap$Node[]@500000b8)
	[2]		500012f6
OBJ 500012f6 (sz=32, trace=300283, class=java.util.HashMap$Node@500000b9)
	key		50001293
	value		500012f4
ARR 500012f8 (sz=24, trace=301762, nelems=0, elem type=int[])
OBJ 500012f9 (sz=24, trace=300502, class=java.lang.String@5000016f)
	value		500012fa
ARR 500012fa (sz=64, trace=300503, nelems=32, elem type=char[])
ARR 500012fb (sz=32, trace=300504, nelems=16, elem type=char[])
OBJ 500012fc (sz=32, trace=301713, class=java.util.ArrayList$Itr@50001974)
OBJ 500012fd (sz=32, trace=301763, class=Line@50006f05)
OBJ 500012fe (sz=16, trace=301715, class=java.lang.Integer@5000010c)
ARR 500012ff (sz=24, trace=301762, nelems=0, elem type=int[])
OBJ 50001300 (sz=32, trace=301713, class=java.util.ArrayList$Itr@50001974)
ARR 50001302 (sz=32, trace=300506, nelems=16, elem type=char[])
OBJ 50001303 (sz=32, trace=301763, class=Line@50006f05)
OBJ 50001304 (sz=16, trace=301715, class=java.lang.Integer@5000010c)
ARR 50001305 (sz=24, trace=301762, nelems=0, elem type=int[])
OBJ 50001306 (sz=32, trace=301713, class=java.util.ArrayList$Itr@50001974)
OBJ 50001307 (sz=32, trace=301763, class=Line@50006f05)
OBJ 50001308 (sz=16, trace=301715, class=java.lang.Integer@5000010c)
ARR 50001309 (sz=24, trace=301762, nelems=0, elem type=int[])
OBJ 5000130a (sz=56, trace=300276, class=java.util.zip.ZipFile$ZipFileInputStream@50000328)
OBJ 5000130b (sz=32, trace=301713, class=java.util.ArrayList$Itr@50001974)
OBJ 5000130c (sz=32, trace=301763, class=Line@50006f05)
OBJ 5000130d (sz=16, trace=301715, class=java.lang.Integer@5000010c)
ARR 5000130e (sz=24, trace=301762, nelems=0, elem type=int[])
OBJ 5000130f (sz=32, trace=301713, class=java.util.ArrayList$Itr@50001974)
OBJ 50001310 (sz=32, trace=301763, class=Line@50006f05)
OBJ 50001311 (sz=16, trace=301715, class=java.lang.Integer@5000010c)
OBJ 50001312 (sz=56, trace=300517, class=java.util.zip.ZipFile$ZipFileInputStream@50000328)
ARR 50001313 (sz=24, trace=301762, nelems=0, elem type=int[])
OBJ 50001314 (sz=32, trace=301713, class=java.util.ArrayList$Itr@50001974)
OBJ 50001316 (sz=32, trace=301763, class=Line@50006f05)
OBJ 50001317 (sz=16, trace=301715, class=java.lang.Integer@5000010c)
ARR 50001318 (sz=24, trace=301762, nelems=0, elem type=int[])
OBJ 50001319 (sz=32, trace=301713, class=java.util.ArrayList$Itr@50001974)
OBJ 5000131a (sz=32, trace=300521, class=java.security.CodeSource@50000116)
	location	5000a4e0
ARR 5000131d (sz=24, trace=300523, nelems=2, elem type=java.io.ObjectStreamField[]@500000fc)
	[0]		5000131e
	[1]		5000132b
OBJ 5000131e (sz=40, trace=300524, class=java.io.ObjectStreamField@500000fe)
	name		50009fe9
	signature	50001329
	type		50000147
OBJ 5000131f (sz=32, trace=301763, class=Line@50006f05)
OBJ 50001320 (sz=16, trace=301715, class=java.lang.Integer@5000010c)
ARR 50001321 (sz=24, trace=301762, nelems=0, elem type=int[])
OBJ 50001322 (sz=32, trace=301713, class=java.util.ArrayList$Itr@50001974)
OBJ 50001323 (sz=32, trace=301763, class=Line@50006f05)
ARR 50001324 (sz=24, trace=301762, nelems=0, elem type=int[])
OBJ 50001325 (sz=32, trace=301713, class=java.util.ArrayList$Itr@50001974)
OBJ 50001326 (sz=32, trace=301763, class=Line@50006f05)
ARR 50001327 (sz=24, trace=301762, nelems=0, elem type=int[])
OBJ 50001328 (sz=32, trace=301713, class=java.util.ArrayList$Itr@50001974)
OBJ 50001329 (sz=24, trace=300141, class=java.lang.String@5000016f)
	value		5000132a
ARR 5000132a (sz=42, trace=300142, nelems=21, elem type=char[])
OBJ 5000132b (sz=40, trace=300531, class=java.io.ObjectStreamField@500000fe)
	name		50009fe8
	signature	50001337
	type		5000131b
OBJ 5000132c (sz=32, trace=301763, class=Line@50006f05)
OBJ 5000132d (sz=16, trace=301715, class=java.lang.Integer@5000010c)
ARR 5000132e (sz=24, trace=301762, nelems=0, elem type=int[])
OBJ 5000132f (sz=32, trace=301713, class=java.util.ArrayList$Itr@50001974)
OBJ 50001330 (sz=32, trace=301763, class=Line@50006f05)
OBJ 50001331 (sz=16, trace=301715, class=java.lang.Integer@5000010c)
ARR 50001332 (sz=24, trace=301762, nelems=0, elem type=int[])
OBJ 50001333 (sz=32, trace=301713, class=java.util.ArrayList$Itr@50001974)
OBJ 50001334 (sz=32, trace=301763, class=Line@50006f05)
OBJ 50001335 (sz=16, trace=301715, class=java.lang.Integer@5000010c)
ARR 50001336 (sz=24, trace=301762, nelems=0, elem type=int[])
OBJ 50001337 (sz=24, trace=300141, class=java.lang.String@5000016f)
	value		50001338
ARR 50001338 (sz=72, trace=300142, nelems=36, elem type=char[])
OBJ 50001339 (sz=32, trace=300532, class=java.security.Permissions@5000131c)
	permsMap	5000133a
OBJ 5000133a (sz=48, trace=300533, class=java.util.HashMap@500000ba)
	table		5000137d
OBJ 5000133b (sz=32, trace=301713, class=java.util.ArrayList$Itr@50001974)
OBJ 5000133c (sz=32, trace=301763, class=Line@50006f05)
OBJ 5000133d (sz=16, trace=301715, class=java.lang.Integer@5000010c)
ARR 5000133e (sz=24, trace=301762, nelems=0, elem type=int[])
OBJ 5000133f (sz=32, trace=301713, class=java.util.ArrayList$Itr@50001974)
OBJ 50001340 (sz=32, trace=301763, class=Line@50006f05)
OBJ 50001341 (sz=16, trace=301715, class=java.lang.Integer@5000010c)
ARR 50001342 (sz=24, trace=301762, nelems=0, elem type=int[])
OBJ 50001343 (sz=32, trace=301713, class=java.util.ArrayList$Itr@50001974)
OBJ 50001344 (sz=32, trace=301763, class=Line@50006f05)
OBJ 50001345 (sz=16, trace=301715, class=java.lang.Integer@5000010c)
ARR 50001346 (sz=24, trace=301762, nelems=0, elem type=int[])
OBJ 50001347 (sz=32, trace=301713, class=java.util.ArrayList$Itr@50001974)
OBJ 50001348 (sz=32, trace=301763, class=Line@50006f05)
OBJ 50001349 (sz=16, trace=301715, class=java.lang.Integer@5000010c)
ARR 5000134a (sz=24, trace=301762, nelems=0, elem type=int[])
OBJ 5000134b (sz=32, trace=301713, class=java.util.ArrayList$Itr@50001974)
OBJ 5000134f (sz=48, trace=300541, class=java.util.Hashtable@50000147)
	table		50001350
ARR 50001350 (sz=64, trace=300542, nelems=0, elem type=java.util.Hashtable$Entry[]@500000d6)
OBJ 50001351 (sz=48, trace=300543, class=java.util.HashMap@500000ba)
OBJ 50001352 (sz=32, trace=301763, class=Line@50006f05)
OBJ 50001354 (sz=16, trace=301715, class=java.lang.Integer@5000010c)
ARR 50001355 (sz=24, trace=301762, nelems=0, elem type=int[])
OBJ 50001356 (sz=32, trace=301713, class=java.util.ArrayList$Itr@50001974)
OBJ 50001357 (sz=32, trace=301763, class=Line@50006f05)
ARR 50001358 (sz=24, trace=301762, nelems=0, elem type=int[])
OBJ 50001359 (sz=32, trace=301713, class=java.util.ArrayList$Itr@50001974)
OBJ 5000135a (sz=32, trace=301763, class=Line@50006f05)
ARR 5000135b (sz=24, trace=301762, nelems=0, elem type=int[])
OBJ 5000135c (sz=32, trace=301713, class=java.util.ArrayList$Itr@50001974)
OBJ 5000135d (sz=32, trace=301763, class=Line@50006f05)
OBJ 5000135e (sz=16, trace=301715, class=java.lang.Integer@5000010c)
ARR 5000135f (sz=24, trace=301762, nelems=0, elem type=int[])
OBJ 50001360 (sz=32, trace=301713, class=java.util.ArrayList$Itr@50001974)
OBJ 50001361 (sz=32, trace=301763, class=Line@50006f05)
OBJ 50001362 (sz=16, trace=301715, class=java.lang.Integer@5000010c)
ARR 50001363 (sz=24, trace=301762, nelems=0, elem type=int[])
OBJ 50001364 (sz=32, trace=301713, class=java.util.ArrayList$Itr@50001974)
OBJ 50001365 (sz=24, trace=300553, class=java.lang.String@5000016f)
	value		50001366
ARR 50001366 (sz=118, trace=300396, nelems=59, elem type=char[])
OBJ 50001368 (sz=32, trace=300555, class=java.io.FilePermission@50001367)
	name		50001365
	cpath		5000981f
OBJ 5000136a (sz=32, trace=301763, class=Line@50006f05)
ARR 5000136b (sz=24, trace=301762, nelems=0, elem type=int[])
ARR 5000136d (sz=24, trace=300560, nelems=1, elem type=java.io.ObjectStreamField[]@500000fc)
	[0]		5000136e
OBJ 5000136e (sz=40, trace=300561, class=java.io.ObjectStreamField@500000fe)
	name		5000963d
	signature	50001379
	type		500000e5
OBJ 5000136f (sz=32, trace=301713, class=java.util.ArrayList$Itr@50001974)
OBJ 50001370 (sz=32, trace=301763, class=Line@50006f05)
ARR 50001371 (sz=24, trace=301762, nelems=0, elem type=int[])
OBJ 50001372 (sz=32, trace=301713, class=java.util.ArrayList$Itr@50001974)
OBJ 50001373 (sz=32, trace=301763, class=Line@50006f05)
OBJ 50001374 (sz=16, trace=301715, class=java.lang.Integer@5000010c)
ARR 50001375 (sz=24, trace=301762, nelems=0, elem type=int[])
OBJ 50001376 (sz=32, trace=301713, class=java.util.ArrayList$Itr@50001974)
OBJ 50001377 (sz=32, trace=301763, class=Line@50006f05)
OBJ 50001378 (sz=16, trace=301715, class=java.lang.Integer@5000010c)
OBJ 50001379 (sz=24, trace=300141, class=java.lang.String@5000016f)
	value		5000137a
ARR 5000137a (sz=36, trace=300142, nelems=18, elem type=char[])
OBJ 5000137b (sz=24, trace=300562, class=java.io.FilePermissionCollection@5000136c)
	perms		5000137c
OBJ 5000137c (sz=24, trace=300563, class=java.util.ArrayList@500000c5)
	elementData	5000137f
ARR 5000137d (sz=80, trace=300564, nelems=10, elem type=java.util.HashMap$Node[]@500000b8)
	[0]		500013a6
	[9]		5000137e
OBJ 5000137e (sz=32, trace=300283, class=java.util.HashMap$Node@500000b9)
	key		50001367
	value		5000137b
ARR 5000137f (sz=56, trace=300281, nelems=1, elem type=java.lang.Object[]@5000010a)
	[0]		50001368
OBJ 50001382 (sz=24, trace=300567, class=java.lang.RuntimePermission@500000f2)
	name		50009637
	path		50009638
ARR 50001384 (sz=32, trace=300569, nelems=3, elem type=java.io.ObjectStreamField[]@500000fc)
	[0]		50001385
	[1]		50001392
	[2]		50001397
OBJ 50001385 (sz=40, trace=300570, class=java.io.ObjectStreamField@500000fe)
	name		5000963d
	signature	50001329
	type		50000147
ARR 50001386 (sz=24, trace=301762, nelems=0, elem type=int[])
OBJ 50001387 (sz=32, trace=301713, class=java.util.ArrayList$Itr@50001974)
OBJ 50001388 (sz=32, trace=301763, class=Line@50006f05)
ARR 50001389 (sz=24, trace=301762, nelems=0, elem type=int[])
OBJ 5000138a (sz=32, trace=301713, class=java.util.ArrayList$Itr@50001974)
OBJ 5000138b (sz=32, trace=301763, class=Line@50006f05)
OBJ 5000138c (sz=16, trace=301715, class=java.lang.Integer@5000010c)
ARR 5000138d (sz=24, trace=301762, nelems=0, elem type=int[])
OBJ 5000138e (sz=32, trace=301713, class=java.util.ArrayList$Itr@50001974)
OBJ 5000138f (sz=32, trace=301763, class=Line@50006f05)
ARR 50001390 (sz=24, trace=301762, nelems=0, elem type=int[])
OBJ 50001391 (sz=32, trace=301713, class=java.util.ArrayList$Itr@50001974)
OBJ 50001392 (sz=40, trace=300571, class=java.io.ObjectStreamField@500000fe)
	name		5000963c
	signature	50000247
	type		50009588
OBJ 50001393 (sz=32, trace=301763, class=Line@50006f05)
OBJ 50001394 (sz=16, trace=301715, class=java.lang.Integer@5000010c)
ARR 50001395 (sz=24, trace=301762, nelems=0, elem type=int[])
OBJ 50001396 (sz=32, trace=301713, class=java.util.ArrayList$Itr@50001974)
OBJ 50001397 (sz=40, trace=300572, class=java.io.ObjectStreamField@500000fe)
	name		5000963e
	signature	500013a2
	type		5000016b
OBJ 50001398 (sz=32, trace=301763, class=Line@50006f05)
OBJ 50001399 (sz=16, trace=301715, class=java.lang.Integer@5000010c)
ARR 5000139a (sz=24, trace=301762, nelems=0, elem type=int[])
OBJ 5000139b (sz=32, trace=301713, class=java.util.ArrayList$Itr@50001974)
OBJ 5000139c (sz=32, trace=301763, class=Line@50006f05)
ARR 5000139d (sz=24, trace=301762, nelems=0, elem type=int[])
OBJ 5000139e (sz=32, trace=301713, class=java.util.ArrayList$Itr@50001974)
OBJ 5000139f (sz=32, trace=301763, class=Line@50006f05)
OBJ 500013a0 (sz=16, trace=301715, class=java.lang.Integer@5000010c)
ARR 500013a1 (sz=24, trace=301762, nelems=0, elem type=int[])
OBJ 500013a2 (sz=24, trace=300141, class=java.lang.String@5000016f)
	value		500013a3
ARR 500013a3 (sz=34, trace=300142, nelems=17, elem type=char[])
OBJ 500013a4 (sz=32, trace=300573, class=java.security.BasicPermissionCollection@50001383)
	perms		500013a5
	permClass	500000f2
OBJ 500013a5 (sz=48, trace=300574, class=java.util.HashMap@500000ba)
	table		500013a7
OBJ 500013a6 (sz=32, trace=300283, class=java.util.HashMap$Node@500000b9)
	key		500000f2
	value		500013a4
ARR 500013a7 (sz=80, trace=300575, nelems=12, elem type=java.util.HashMap$Node[]@500000b8)
	[11]		500013a8
OBJ 500013a8 (sz=32, trace=300283, class=java.util.HashMap$Node@500000b9)
	key		50009639
	value		50001382
OBJ 500013a9 (sz=40, trace=300576, class=java.security.ProtectionDomain@50000161)
	codesource	5000131a
	classloader	50009465
	principals	500013ab
	permissions	50001339
	key		500013aa
OBJ 500013aa (sz=16, trace=300577, class=java.security.ProtectionDomain$Key@50000008)
	this$0		500013a9
ARR 500013ab (sz=16, trace=300578, nelems=0, elem type=java.security.Principal[]@50000006)
ARR 500013ac (sz=80, trace=300579, nelems=1, elem type=java.util.HashMap$Node[]@500000b8)
	[0]		500013ad
OBJ 500013ad (sz=32, trace=300283, class=java.util.HashMap$Node@500000b9)
	key		5000131a
	value		500013a9
	next		500016e1
OBJ 500013ae (sz=24, trace=300580, class=java.lang.String@5000016f)
	value		500013af
ARR 500013af (sz=74, trace=300581, nelems=37, elem type=char[])
ARR 500013b0 (sz=80, trace=300582, nelems=3, elem type=java.util.concurrent.ConcurrentHashMap$Node[]@5000001f)
	[0]		500016e2
	[2]		500013b1
OBJ 500013b1 (sz=32, trace=300583, class=java.util.concurrent.ConcurrentHashMap$Node@50000020)
	key		500013ae
	val		50009f09
OBJ 500013b2 (sz=32, trace=301713, class=java.util.ArrayList$Itr@50001974)
OBJ 500013b3 (sz=32, trace=301763, class=Line@50006f05)
OBJ 500013b4 (sz=16, trace=301715, class=java.lang.Integer@5000010c)
ARR 500013b5 (sz=24, trace=301762, nelems=0, elem type=int[])
OBJ 500013b6 (sz=16, trace=300114, class=java.lang.Object@50000173)
OBJ 500013b7 (sz=32, trace=301713, class=java.util.ArrayList$Itr@50001974)
OBJ 500013b8 (sz=16, trace=300117, class=java.lang.Object@50000173)
OBJ 500013b9 (sz=32, trace=301763, class=Line@50006f05)
ARR 500013ba (sz=80, trace=300584, nelems=9, elem type=java.util.HashMap$Node[]@500000b8)
	[6]		500013bb
	[8]		500016e8
OBJ 500013bb (sz=32, trace=300283, class=java.util.HashMap$Node@500000b9)
	key		500013a9
	value		50009fee
ARR 500013be (sz=24, trace=301762, nelems=0, elem type=int[])
OBJ 500013c0 (sz=32, trace=301713, class=java.util.ArrayList$Itr@50001974)
OBJ 500013c2 (sz=32, trace=301763, class=Line@50006f05)
OBJ 500013c3 (sz=56, trace=300591, class=java.lang.Class$ReflectionData@500000b6)
OBJ 500013c4 (sz=40, trace=300041, class=java.lang.ref.SoftReference@50000153)
OBJ 500013c5 (sz=16, trace=300114, class=java.lang.Object@50000173)
OBJ 500013c6 (sz=32, trace=300116, class=java.util.concurrent.ConcurrentHashMap$Node@50000020)
	key		50009f54
	val		500013c5
OBJ 500013c7 (sz=16, trace=300117, class=java.lang.Object@50000173)
OBJ 500013c8 (sz=32, trace=300116, class=java.util.concurrent.ConcurrentHashMap$Node@50000020)
	key		50009f54
	val		500013c7
OBJ 500013c9 (sz=16, trace=300114, class=java.lang.Object@50000173)
OBJ 500013ca (sz=16, trace=301715, class=java.lang.Integer@5000010c)
OBJ 500013cb (sz=16, trace=300117, class=java.lang.Object@50000173)
ARR 500013cc (sz=24, trace=301762, nelems=0, elem type=int[])
OBJ 500013cd (sz=16, trace=300114, class=java.lang.Object@50000173)
OBJ 500013ce (sz=32, trace=301713, class=java.util.ArrayList$Itr@50001974)
OBJ 500013cf (sz=16, trace=300117, class=java.lang.Object@50000173)
OBJ 500013d0 (sz=32, trace=301763, class=Line@50006f05)
OBJ 500013d1 (sz=16, trace=300114, class=java.lang.Object@50000173)
OBJ 500013d2 (sz=32, trace=300116, class=java.util.concurrent.ConcurrentHashMap$Node@50000020)
	key		50009f5e
	val		500013d1
OBJ 500013d3 (sz=16, trace=300117, class=java.lang.Object@50000173)
OBJ 500013d4 (sz=32, trace=300116, class=java.util.concurrent.ConcurrentHashMap$Node@50000020)
	key		50009f5e
	val		500013d3
OBJ 500013d6 (sz=16, trace=300114, class=java.lang.Object@50000173)
OBJ 500013d7 (sz=16, trace=301715, class=java.lang.Integer@5000010c)
OBJ 500013d8 (sz=16, trace=300117, class=java.lang.Object@50000173)
ARR 500013d9 (sz=24, trace=301762, nelems=0, elem type=int[])
OBJ 500013db (sz=16, trace=300114, class=java.lang.Object@50000173)
OBJ 500013dc (sz=32, trace=301713, class=java.util.ArrayList$Itr@50001974)
OBJ 500013dd (sz=16, trace=300117, class=java.lang.Object@50000173)
OBJ 500013de (sz=32, trace=301763, class=Line@50006f05)
OBJ 500013df (sz=16, trace=300114, class=java.lang.Object@50000173)
OBJ 500013e0 (sz=16, trace=301715, class=java.lang.Integer@5000010c)
OBJ 500013e1 (sz=16, trace=300117, class=java.lang.Object@50000173)
ARR 500013e2 (sz=24, trace=301762, nelems=0, elem type=int[])
OBJ 500013e4 (sz=16, trace=300114, class=java.lang.Object@50000173)
OBJ 500013e5 (sz=32, trace=301713, class=java.util.ArrayList$Itr@50001974)
OBJ 500013e6 (sz=16, trace=300117, class=java.lang.Object@50000173)
OBJ 500013e7 (sz=32, trace=301763, class=Line@50006f05)
OBJ 500013e9 (sz=16, trace=300114, class=java.lang.Object@50000173)
OBJ 500013ea (sz=32, trace=300593, class=java.util.concurrent.ConcurrentHashMap$Node@50000020)
	key		50009f46
	val		500013e9
OBJ 500013eb (sz=16, trace=300117, class=java.lang.Object@50000173)
OBJ 500013ec (sz=32, trace=300593, class=java.util.concurrent.ConcurrentHashMap$Node@50000020)
	key		50009f46
	val		500013eb
OBJ 500013ed (sz=16, trace=301715, class=java.lang.Integer@5000010c)
OBJ 500013ef (sz=16, trace=300114, class=java.lang.Object@50000173)
ARR 500013f0 (sz=24, trace=301762, nelems=0, elem type=int[])
OBJ 500013f1 (sz=32, trace=301713, class=java.util.ArrayList$Itr@50001974)
OBJ 500013f3 (sz=32, trace=301763, class=Line@50006f05)
OBJ 500013f4 (sz=32, trace=300599, class=java.util.concurrent.ConcurrentHashMap$Node@50000020)
	key		50009f6a
	val		500013cd
OBJ 500013f5 (sz=32, trace=300600, class=java.util.concurrent.ConcurrentHashMap$Node@50000020)
	key		50009f7c
	val		500013d6
	next		500013ff
OBJ 500013f6 (sz=16, trace=300117, class=java.lang.Object@50000173)
OBJ 500013f7 (sz=16, trace=301715, class=java.lang.Integer@5000010c)
ARR 500013f8 (sz=24, trace=301762, nelems=0, elem type=int[])
OBJ 500013f9 (sz=32, trace=301713, class=java.util.ArrayList$Itr@50001974)
OBJ 500013fa (sz=32, trace=300599, class=java.util.concurrent.ConcurrentHashMap$Node@50000020)
	key		50009f6a
	val		500013cf
OBJ 500013fb (sz=32, trace=300600, class=java.util.concurrent.ConcurrentHashMap$Node@50000020)
	key		50009f7c
	val		500013d8
	next		50001401
OBJ 500013fc (sz=32, trace=301763, class=Line@50006f05)
OBJ 500013fd (sz=16, trace=301715, class=java.lang.Integer@5000010c)
OBJ 500013fe (sz=16, trace=300114, class=java.lang.Object@50000173)
OBJ 500013ff (sz=32, trace=300593, class=java.util.concurrent.ConcurrentHashMap$Node@50000020)
	key		50009f7e
	val		500013fe
OBJ 50001400 (sz=16, trace=300117, class=java.lang.Object@50000173)
OBJ 50001401 (sz=32, trace=300593, class=java.util.concurrent.ConcurrentHashMap$Node@50000020)
	key		50009f7e
	val		50001400
ARR 50001402 (sz=24, trace=301762, nelems=0, elem type=int[])
OBJ 50001403 (sz=16, trace=300114, class=java.lang.Object@50000173)
OBJ 50001404 (sz=32, trace=300593, class=java.util.concurrent.ConcurrentHashMap$Node@50000020)
	key		50009f30
	val		50001403
OBJ 50001405 (sz=16, trace=300117, class=java.lang.Object@50000173)
OBJ 50001406 (sz=32, trace=300593, class=java.util.concurrent.ConcurrentHashMap$Node@50000020)
	key		50009f30
	val		50001405
OBJ 50001407 (sz=32, trace=301713, class=java.util.ArrayList$Itr@50001974)
OBJ 50001408 (sz=32, trace=301763, class=Line@50006f05)
OBJ 50001409 (sz=16, trace=301715, class=java.lang.Integer@5000010c)
ARR 5000140a (sz=24, trace=301762, nelems=0, elem type=int[])
OBJ 5000140b (sz=32, trace=301713, class=java.util.ArrayList$Itr@50001974)
OBJ 5000140c (sz=32, trace=301763, class=Line@50006f05)
OBJ 5000140d (sz=16, trace=301715, class=java.lang.Integer@5000010c)
ARR 5000140e (sz=24, trace=301762, nelems=0, elem type=int[])
OBJ 5000140f (sz=32, trace=301713, class=java.util.ArrayList$Itr@50001974)
OBJ 50001410 (sz=32, trace=301763, class=Line@50006f05)
ARR 50001411 (sz=136, trace=300609, nelems=68, elem type=char[])
OBJ 50001412 (sz=24, trace=300610, class=java.lang.String@5000016f)
	value		50001411
OBJ 50001413 (sz=16, trace=301715, class=java.lang.Integer@5000010c)
ARR 50001414 (sz=24, trace=301762, nelems=0, elem type=int[])
OBJ 50001415 (sz=32, trace=301713, class=java.util.ArrayList$Itr@50001974)
OBJ 50001416 (sz=32, trace=301763, class=Line@50006f05)
OBJ 50001417 (sz=16, trace=301715, class=java.lang.Integer@5000010c)
ARR 50001418 (sz=24, trace=301762, nelems=0, elem type=int[])
OBJ 50001419 (sz=32, trace=301713, class=java.util.ArrayList$Itr@50001974)
OBJ 5000141a (sz=32, trace=301763, class=Line@50006f05)
OBJ 5000141b (sz=16, trace=301715, class=java.lang.Integer@5000010c)
ARR 5000141c (sz=24, trace=301762, nelems=0, elem type=int[])
OBJ 5000141d (sz=32, trace=301713, class=java.util.ArrayList$Itr@50001974)
OBJ 5000141e (sz=32, trace=301763, class=Line@50006f05)
OBJ 5000141f (sz=16, trace=301715, class=java.lang.Integer@5000010c)
ARR 50001420 (sz=24, trace=301762, nelems=0, elem type=int[])
OBJ 50001421 (sz=32, trace=301713, class=java.util.ArrayList$Itr@50001974)
OBJ 50001422 (sz=24, trace=300079, class=java.io.ExpiringCache$Entry@5000005b)
	val		50009818
OBJ 50001423 (sz=40, trace=300616, class=java.util.LinkedHashMap$Entry@5000005a)
	key		50001412
	value		50001422
	before		500001eb
	after		5000157f
OBJ 50001424 (sz=40, trace=300617, class=java.lang.ClassLoader$NativeLibrary@50000059)
	fromClass	500013bc
	name		50009818
OBJ 50001425 (sz=40, trace=300097, class=java.lang.ref.Finalizer@5000014e)
	referent	50001424
	queue		5000945f
	next		50001253
	prev		50001581
OBJ 50001426 (sz=32, trace=301763, class=Line@50006f05)
OBJ 50001427 (sz=16, trace=301715, class=java.lang.Integer@5000010c)
OBJ 50001428 (sz=24, trace=300112, class=java.lang.String@5000016f)
ARR 50001429 (sz=32, trace=300113, nelems=0, elem type=char[])
OBJ 5000142a (sz=16, trace=300114, class=java.lang.Object@50000173)
ARR 5000142b (sz=24, trace=301762, nelems=0, elem type=int[])
OBJ 5000142c (sz=16, trace=300117, class=java.lang.Object@50000173)
OBJ 5000142d (sz=32, trace=301713, class=java.util.ArrayList$Itr@50001974)
OBJ 5000142e (sz=32, trace=301763, class=Line@50006f05)
OBJ 5000142f (sz=16, trace=300114, class=java.lang.Object@50000173)
OBJ 50001430 (sz=32, trace=300593, class=java.util.concurrent.ConcurrentHashMap$Node@50000020)
	key		50009f70
	val		5000142f
OBJ 50001431 (sz=16, trace=300117, class=java.lang.Object@50000173)
OBJ 50001432 (sz=32, trace=300593, class=java.util.concurrent.ConcurrentHashMap$Node@50000020)
	key		50009f70
	val		50001431
OBJ 50001433 (sz=16, trace=300114, class=java.lang.Object@50000173)
OBJ 50001434 (sz=32, trace=300116, class=java.util.concurrent.ConcurrentHashMap$Node@50000020)
	key		50009f3e
	val		50001433
	next		50006e5a
OBJ 50001435 (sz=16, trace=300117, class=java.lang.Object@50000173)
OBJ 50001436 (sz=32, trace=300116, class=java.util.concurrent.ConcurrentHashMap$Node@50000020)
	key		50009f3e
	val		50001435
	next		50006e5c
OBJ 50001437 (sz=16, trace=301715, class=java.lang.Integer@5000010c)
ARR 50001438 (sz=24, trace=301762, nelems=0, elem type=int[])
OBJ 50001439 (sz=32, trace=301713, class=java.util.ArrayList$Itr@50001974)
OBJ 5000143a (sz=32, trace=301763, class=Line@50006f05)
OBJ 5000143b (sz=16, trace=301715, class=java.lang.Integer@5000010c)
ARR 5000143c (sz=24, trace=301762, nelems=0, elem type=int[])
OBJ 5000143d (sz=32, trace=301713, class=java.util.ArrayList$Itr@50001974)
OBJ 5000143e (sz=32, trace=301763, class=Line@50006f05)
ARR 5000143f (sz=24, trace=301762, nelems=0, elem type=int[])
OBJ 50001440 (sz=32, trace=301713, class=java.util.ArrayList$Itr@50001974)
OBJ 50001441 (sz=32, trace=301763, class=Line@50006f05)
OBJ 50001442 (sz=16, trace=301715, class=java.lang.Integer@5000010c)
ARR 50001443 (sz=24, trace=301762, nelems=0, elem type=int[])
OBJ 50001444 (sz=32, trace=301713, class=java.util.ArrayList$Itr@50001974)
OBJ 50001445 (sz=32, trace=301763, class=Line@50006f05)
ARR 50001446 (sz=24, trace=301762, nelems=0, elem type=int[])
OBJ 50001447 (sz=32, trace=301713, class=java.util.ArrayList$Itr@50001974)
OBJ 50001448 (sz=32, trace=301763, class=Line@50006f05)
ARR 50001449 (sz=24, trace=301762, nelems=0, elem type=int[])
OBJ 5000144a (sz=32, trace=301713, class=java.util.ArrayList$Itr@50001974)
OBJ 5000144b (sz=32, trace=301763, class=Line@50006f05)
OBJ 5000144c (sz=16, trace=301715, class=java.lang.Integer@5000010c)
ARR 5000144d (sz=24, trace=301762, nelems=0, elem type=int[])
OBJ 5000144e (sz=32, trace=301713, class=java.util.ArrayList$Itr@50001974)
OBJ 5000144f (sz=32, trace=301763, class=Line@50006f05)
OBJ 50001450 (sz=16, trace=301715, class=java.lang.Integer@5000010c)
ARR 50001451 (sz=24, trace=301762, nelems=0, elem type=int[])
OBJ 50001452 (sz=32, trace=301713, class=java.util.ArrayList$Itr@50001974)
OBJ 50001453 (sz=32, trace=301763, class=Line@50006f05)
OBJ 50001454 (sz=16, trace=301715, class=java.lang.Integer@5000010c)
ARR 50001455 (sz=24, trace=301762, nelems=0, elem type=int[])
OBJ 50001456 (sz=32, trace=301713, class=java.util.ArrayList$Itr@50001974)
OBJ 50001457 (sz=32, trace=301763, class=Line@50006f05)
OBJ 50001458 (sz=16, trace=301715, class=java.lang.Integer@5000010c)
ARR 50001459 (sz=24, trace=301762, nelems=0, elem type=int[])
OBJ 5000145a (sz=32, trace=301713, class=java.util.ArrayList$Itr@50001974)
OBJ 5000145b (sz=32, trace=301763, class=Line@50006f05)
OBJ 5000145c (sz=16, trace=301715, class=java.lang.Integer@5000010c)
ARR 5000145d (sz=24, trace=301762, nelems=0, elem type=int[])
OBJ 5000145e (sz=32, trace=301713, class=java.util.ArrayList$Itr@50001974)
OBJ 5000145f (sz=32, trace=301763, class=Line@50006f05)
OBJ 50001460 (sz=16, trace=301715, class=java.lang.Integer@5000010c)
ARR 50001461 (sz=24, trace=301762, nelems=0, elem type=int[])
OBJ 50001462 (sz=32, trace=301713, class=java.util.ArrayList$Itr@50001974)
OBJ 50001463 (sz=32, trace=301763, class=Line@50006f05)
OBJ 50001464 (sz=16, trace=301715, class=java.lang.Integer@5000010c)
ARR 50001465 (sz=24, trace=301762, nelems=0, elem type=int[])
OBJ 50001466 (sz=32, trace=301713, class=java.util.ArrayList$Itr@50001974)
OBJ 50001467 (sz=32, trace=301763, class=Line@50006f05)
OBJ 50001468 (sz=16, trace=301715, class=java.lang.Integer@5000010c)
ARR 50001469 (sz=24, trace=301762, nelems=0, elem type=int[])
OBJ 5000146a (sz=32, trace=301713, class=java.util.ArrayList$Itr@50001974)
OBJ 5000146b (sz=32, trace=301763, class=Line@50006f05)
OBJ 5000146c (sz=16, trace=301715, class=java.lang.Integer@5000010c)
ARR 5000146d (sz=24, trace=301762, nelems=0, elem type=int[])
OBJ 5000146e (sz=32, trace=301713, class=java.util.ArrayList$Itr@50001974)
OBJ 5000146f (sz=32, trace=301763, class=Line@50006f05)
OBJ 50001470 (sz=16, trace=301715, class=java.lang.Integer@5000010c)
ARR 50001471 (sz=24, trace=301762, nelems=0, elem type=int[])
OBJ 50001472 (sz=32, trace=301713, class=java.util.ArrayList$Itr@50001974)
OBJ 50001473 (sz=32, trace=301763, class=Line@50006f05)
OBJ 50001474 (sz=16, trace=301715, class=java.lang.Integer@5000010c)
ARR 50001475 (sz=24, trace=301762, nelems=0, elem type=int[])
OBJ 50001476 (sz=32, trace=301713, class=java.util.ArrayList$Itr@50001974)
OBJ 50001477 (sz=32, trace=301763, class=Line@50006f05)
OBJ 50001478 (sz=16, trace=301715, class=java.lang.Integer@5000010c)
ARR 50001479 (sz=24, trace=301762, nelems=0, elem type=int[])
OBJ 5000147a (sz=32, trace=301713, class=java.util.ArrayList$Itr@50001974)
OBJ 5000147b (sz=32, trace=301763, class=Line@50006f05)
OBJ 5000147c (sz=16, trace=301715, class=java.lang.Integer@5000010c)
ARR 5000147d (sz=24, trace=301762, nelems=0, elem type=int[])
OBJ 5000147e (sz=32, trace=301713, class=java.util.ArrayList$Itr@50001974)
OBJ 5000147f (sz=32, trace=301763, class=Line@50006f05)
OBJ 50001480 (sz=16, trace=301715, class=java.lang.Integer@5000010c)
ARR 50001481 (sz=24, trace=301762, nelems=0, elem type=int[])
OBJ 50001482 (sz=32, trace=301713, class=java.util.ArrayList$Itr@50001974)
OBJ 50001483 (sz=32, trace=301763, class=Line@50006f05)
OBJ 50001484 (sz=16, trace=301715, class=java.lang.Integer@5000010c)
ARR 50001485 (sz=24, trace=301762, nelems=0, elem type=int[])
OBJ 50001486 (sz=32, trace=301713, class=java.util.ArrayList$Itr@50001974)
OBJ 50001487 (sz=32, trace=301763, class=Line@50006f05)
ARR 50001488 (sz=24, trace=301762, nelems=0, elem type=int[])
OBJ 50001489 (sz=32, trace=301713, class=java.util.ArrayList$Itr@50001974)
OBJ 5000148a (sz=32, trace=301763, class=Line@50006f05)
ARR 5000148b (sz=24, trace=301762, nelems=0, elem type=int[])
OBJ 5000148c (sz=32, trace=301713, class=java.util.ArrayList$Itr@50001974)
OBJ 5000148d (sz=32, trace=301763, class=Line@50006f05)
OBJ 5000148e (sz=16, trace=301715, class=java.lang.Integer@5000010c)
ARR 5000148f (sz=24, trace=301762, nelems=0, elem type=int[])
OBJ 50001490 (sz=32, trace=301713, class=java.util.ArrayList$Itr@50001974)
OBJ 50001491 (sz=32, trace=301763, class=Line@50006f05)
OBJ 50001492 (sz=16, trace=301715, class=java.lang.Integer@5000010c)
ARR 50001493 (sz=24, trace=301762, nelems=0, elem type=int[])
OBJ 50001494 (sz=32, trace=301713, class=java.util.ArrayList$Itr@50001974)
OBJ 50001495 (sz=32, trace=301763, class=Line@50006f05)
OBJ 50001496 (sz=16, trace=301715, class=java.lang.Integer@5000010c)
ARR 50001497 (sz=24, trace=301762, nelems=0, elem type=int[])
OBJ 50001498 (sz=32, trace=301713, class=java.util.ArrayList$Itr@50001974)
OBJ 50001499 (sz=32, trace=301763, class=Line@50006f05)
OBJ 5000149a (sz=16, trace=301715, class=java.lang.Integer@5000010c)
ARR 5000149b (sz=24, trace=301762, nelems=0, elem type=int[])
OBJ 5000149c (sz=32, trace=301713, class=java.util.ArrayList$Itr@50001974)
OBJ 5000149d (sz=32, trace=301763, class=Line@50006f05)
OBJ 5000149e (sz=16, trace=301715, class=java.lang.Integer@5000010c)
ARR 5000149f (sz=24, trace=301762, nelems=0, elem type=int[])
OBJ 500014a0 (sz=32, trace=301713, class=java.util.ArrayList$Itr@50001974)
OBJ 500014a1 (sz=32, trace=301763, class=Line@50006f05)
OBJ 500014a2 (sz=16, trace=301715, class=java.lang.Integer@5000010c)
ARR 500014a3 (sz=24, trace=301762, nelems=0, elem type=int[])
OBJ 500014a4 (sz=32, trace=301713, class=java.util.ArrayList$Itr@50001974)
OBJ 500014a5 (sz=32, trace=301763, class=Line@50006f05)
OBJ 500014a6 (sz=16, trace=301715, class=java.lang.Integer@5000010c)
ARR 500014a7 (sz=24, trace=301762, nelems=0, elem type=int[])
OBJ 500014a8 (sz=32, trace=301713, class=java.util.ArrayList$Itr@50001974)
OBJ 500014a9 (sz=32, trace=301763, class=Line@50006f05)
OBJ 500014aa (sz=16, trace=301715, class=java.lang.Integer@5000010c)
ARR 500014ab (sz=24, trace=301762, nelems=0, elem type=int[])
OBJ 500014ac (sz=32, trace=301713, class=java.util.ArrayList$Itr@50001974)
OBJ 500014ad (sz=32, trace=301763, class=Line@50006f05)
OBJ 500014ae (sz=16, trace=301715, class=java.lang.Integer@5000010c)
ARR 500014af (sz=24, trace=301762, nelems=0, elem type=int[])
OBJ 500014b0 (sz=32, trace=301713, class=java.util.ArrayList$Itr@50001974)
OBJ 500014b1 (sz=32, trace=301763, class=Line@50006f05)
OBJ 500014b2 (sz=16, trace=301715, class=java.lang.Integer@5000010c)
ARR 500014b3 (sz=24, trace=301762, nelems=0, elem type=int[])
OBJ 500014b4 (sz=32, trace=301713, class=java.util.ArrayList$Itr@50001974)
OBJ 500014b5 (sz=32, trace=301763, class=Line@50006f05)
OBJ 500014b6 (sz=16, trace=301715, class=java.lang.Integer@5000010c)
ARR 500014b7 (sz=24, trace=301762, nelems=0, elem type=int[])
OBJ 500014b8 (sz=32, trace=301713, class=java.util.ArrayList$Itr@50001974)
OBJ 500014b9 (sz=32, trace=301763, class=Line@50006f05)
OBJ 500014ba (sz=16, trace=301715, class=java.lang.Integer@5000010c)
ARR 500014bb (sz=24, trace=301762, nelems=0, elem type=int[])
OBJ 500014bc (sz=32, trace=301713, class=java.util.ArrayList$Itr@50001974)
OBJ 500014bd (sz=32, trace=301763, class=Line@50006f05)
OBJ 500014be (sz=16, trace=301715, class=java.lang.Integer@5000010c)
ARR 500014bf (sz=24, trace=301762, nelems=0, elem type=int[])
OBJ 500014c0 (sz=32, trace=301713, class=java.util.ArrayList$Itr@50001974)
OBJ 500014c1 (sz=32, trace=301763, class=Line@50006f05)
ARR 500014c2 (sz=24, trace=301762, nelems=0, elem type=int[])
OBJ 500014c3 (sz=32, trace=301713, class=java.util.ArrayList$Itr@50001974)
OBJ 500014c4 (sz=32, trace=301763, class=Line@50006f05)
OBJ 500014c5 (sz=16, trace=301715, class=java.lang.Integer@5000010c)
ARR 500014c6 (sz=24, trace=301762, nelems=0, elem type=int[])
OBJ 500014c7 (sz=32, trace=301713, class=java.util.ArrayList$Itr@50001974)
OBJ 500014c8 (sz=32, trace=301763, class=Line@50006f05)
OBJ 500014c9 (sz=16, trace=301715, class=java.lang.Integer@5000010c)
ARR 500014ca (sz=24, trace=301762, nelems=0, elem type=int[])
OBJ 500014cb (sz=32, trace=301713, class=java.util.ArrayList$Itr@50001974)
OBJ 500014cc (sz=32, trace=301763, class=Line@50006f05)
OBJ 500014cd (sz=16, trace=301715, class=java.lang.Integer@5000010c)
ARR 500014ce (sz=24, trace=301762, nelems=0, elem type=int[])
OBJ 500014cf (sz=32, trace=301713, class=java.util.ArrayList$Itr@50001974)
OBJ 500014d0 (sz=32, trace=301763, class=Line@50006f05)
OBJ 500014d1 (sz=16, trace=301715, class=java.lang.Integer@5000010c)
ARR 500014d2 (sz=24, trace=301762, nelems=0, elem type=int[])
OBJ 500014d3 (sz=32, trace=301713, class=java.util.ArrayList$Itr@50001974)
OBJ 500014d4 (sz=32, trace=301763, class=Line@50006f05)
OBJ 500014d5 (sz=16, trace=301715, class=java.lang.Integer@5000010c)
ARR 500014d6 (sz=24, trace=301762, nelems=0, elem type=int[])
OBJ 500014d7 (sz=32, trace=301713, class=java.util.ArrayList$Itr@50001974)
OBJ 500014d8 (sz=32, trace=301763, class=Line@50006f05)
ARR 500014d9 (sz=24, trace=301762, nelems=0, elem type=int[])
OBJ 500014da (sz=32, trace=301713, class=java.util.ArrayList$Itr@50001974)
OBJ 500014db (sz=32, trace=301763, class=Line@50006f05)
OBJ 500014dc (sz=16, trace=301715, class=java.lang.Integer@5000010c)
ARR 500014dd (sz=24, trace=301762, nelems=0, elem type=int[])
OBJ 500014de (sz=32, trace=301713, class=java.util.ArrayList$Itr@50001974)
OBJ 500014df (sz=32, trace=301763, class=Line@50006f05)
OBJ 500014e0 (sz=16, trace=301715, class=java.lang.Integer@5000010c)
ARR 500014e1 (sz=24, trace=301762, nelems=0, elem type=int[])
OBJ 500014e2 (sz=32, trace=301713, class=java.util.ArrayList$Itr@50001974)
OBJ 500014e3 (sz=32, trace=301763, class=Line@50006f05)
OBJ 500014e4 (sz=16, trace=301715, class=java.lang.Integer@5000010c)
ARR 500014e5 (sz=24, trace=301762, nelems=0, elem type=int[])
OBJ 500014e6 (sz=32, trace=301713, class=java.util.ArrayList$Itr@50001974)
OBJ 500014e7 (sz=32, trace=301763, class=Line@50006f05)
OBJ 500014e8 (sz=16, trace=301715, class=java.lang.Integer@5000010c)
ARR 500014e9 (sz=24, trace=301762, nelems=0, elem type=int[])
OBJ 500014ea (sz=32, trace=301713, class=java.util.ArrayList$Itr@50001974)
OBJ 500014eb (sz=32, trace=301763, class=Line@50006f05)
OBJ 500014ec (sz=16, trace=301715, class=java.lang.Integer@5000010c)
ARR 500014ed (sz=24, trace=301762, nelems=0, elem type=int[])
OBJ 500014ee (sz=32, trace=301713, class=java.util.ArrayList$Itr@50001974)
OBJ 500014ef (sz=32, trace=301763, class=Line@50006f05)
OBJ 500014f0 (sz=16, trace=301715, class=java.lang.Integer@5000010c)
ARR 500014f1 (sz=24, trace=301762, nelems=0, elem type=int[])
OBJ 500014f2 (sz=32, trace=301713, class=java.util.ArrayList$Itr@50001974)
OBJ 500014f3 (sz=32, trace=301763, class=Line@50006f05)
OBJ 500014f4 (sz=16, trace=301715, class=java.lang.Integer@5000010c)
ARR 500014f5 (sz=24, trace=301762, nelems=0, elem type=int[])
OBJ 500014f6 (sz=32, trace=301713, class=java.util.ArrayList$Itr@50001974)
OBJ 500014f7 (sz=32, trace=301763, class=Line@50006f05)
OBJ 500014f8 (sz=16, trace=301715, class=java.lang.Integer@5000010c)
ARR 500014f9 (sz=24, trace=301762, nelems=0, elem type=int[])
OBJ 500014fa (sz=32, trace=301713, class=java.util.ArrayList$Itr@50001974)
OBJ 500014fb (sz=32, trace=301763, class=Line@50006f05)
OBJ 500014fc (sz=16, trace=301715, class=java.lang.Integer@5000010c)
ARR 500014fd (sz=24, trace=301762, nelems=0, elem type=int[])
OBJ 500014fe (sz=32, trace=301713, class=java.util.ArrayList$Itr@50001974)
OBJ 500014ff (sz=32, trace=301763, class=Line@50006f05)
OBJ 50001500 (sz=16, trace=301715, class=java.lang.Integer@5000010c)
ARR 50001501 (sz=24, trace=301762, nelems=0, elem type=int[])
OBJ 50001502 (sz=32, trace=301713, class=java.util.ArrayList$Itr@50001974)
OBJ 50001503 (sz=32, trace=301763, class=Line@50006f05)
OBJ 50001504 (sz=16, trace=301715, class=java.lang.Integer@5000010c)
ARR 50001505 (sz=24, trace=301762, nelems=0, elem type=int[])
OBJ 50001506 (sz=56, trace=300306, class=java.util.zip.ZipFile$ZipFileInputStream@50000328)
OBJ 50001507 (sz=32, trace=301713, class=java.util.ArrayList$Itr@50001974)
OBJ 50001508 (sz=32, trace=301763, class=Line@50006f05)
OBJ 50001509 (sz=16, trace=301715, class=java.lang.Integer@5000010c)
ARR 5000150a (sz=24, trace=301762, nelems=0, elem type=int[])
OBJ 5000150b (sz=32, trace=301713, class=java.util.ArrayList$Itr@50001974)
OBJ 5000150c (sz=32, trace=301763, class=Line@50006f05)
OBJ 5000150d (sz=16, trace=301715, class=java.lang.Integer@5000010c)
ARR 5000150e (sz=24, trace=301762, nelems=0, elem type=int[])
OBJ 5000150f (sz=32, trace=301713, class=java.util.ArrayList$Itr@50001974)
OBJ 50001510 (sz=32, trace=301763, class=Line@50006f05)
OBJ 50001511 (sz=16, trace=301715, class=java.lang.Integer@5000010c)
ARR 50001512 (sz=24, trace=301762, nelems=0, elem type=int[])
OBJ 50001514 (sz=16, trace=300114, class=java.lang.Object@50000173)
OBJ 50001515 (sz=32, trace=300116, class=java.util.concurrent.ConcurrentHashMap$Node@50000020)
	key		50009f34
	val		50001514
OBJ 50001516 (sz=16, trace=300117, class=java.lang.Object@50000173)
OBJ 50001517 (sz=32, trace=300116, class=java.util.concurrent.ConcurrentHashMap$Node@50000020)
	key		50009f34
	val		50001516
OBJ 50001518 (sz=16, trace=300114, class=java.lang.Object@50000173)
OBJ 50001519 (sz=32, trace=300116, class=java.util.concurrent.ConcurrentHashMap$Node@50000020)
	key		50009f38
	val		50001518
OBJ 5000151a (sz=16, trace=300117, class=java.lang.Object@50000173)
OBJ 5000151b (sz=32, trace=300116, class=java.util.concurrent.ConcurrentHashMap$Node@50000020)
	key		50009f38
	val		5000151a
OBJ 5000151c (sz=16, trace=300114, class=java.lang.Object@50000173)
OBJ 5000151d (sz=32, trace=301713, class=java.util.ArrayList$Itr@50001974)
OBJ 5000151e (sz=16, trace=300117, class=java.lang.Object@50000173)
OBJ 5000151f (sz=32, trace=301763, class=Line@50006f05)
OBJ 50001520 (sz=16, trace=300114, class=java.lang.Object@50000173)
OBJ 50001521 (sz=16, trace=301715, class=java.lang.Integer@5000010c)
OBJ 50001522 (sz=16, trace=300117, class=java.lang.Object@50000173)
ARR 50001523 (sz=24, trace=301762, nelems=0, elem type=int[])
OBJ 50001524 (sz=16, trace=300625, class=com.intellij.rt.execution.application.AppMain$1@50001513)
OBJ 50001525 (sz=376, trace=300626, class=java.lang.Thread@5000014c)
	name		50001527
	target		50001524
	group		50009597
	contextClassLoader	50009465
	inheritedAccessControlContext	5000a788
	threadLocals	50001559
	blockerLock	50001526
OBJ 50001526 (sz=16, trace=300627, class=java.lang.Object@50000173)
ARR 50001527 (sz=36, trace=300628, nelems=18, elem type=char[])
OBJ 50001528 (sz=16, trace=300114, class=java.lang.Object@50000173)
OBJ 50001529 (sz=32, trace=300116, class=java.util.concurrent.ConcurrentHashMap$Node@50000020)
	key		50009f72
	val		50001528
OBJ 5000152a (sz=16, trace=300117, class=java.lang.Object@50000173)
OBJ 5000152b (sz=32, trace=300116, class=java.util.concurrent.ConcurrentHashMap$Node@50000020)
	key		50009f72
	val		5000152a
OBJ 5000152c (sz=16, trace=300114, class=java.lang.Object@50000173)
OBJ 5000152d (sz=32, trace=300116, class=java.util.concurrent.ConcurrentHashMap$Node@50000020)
	key		50009f2e
	val		5000152c
OBJ 5000152e (sz=16, trace=300117, class=java.lang.Object@50000173)
OBJ 5000152f (sz=32, trace=300116, class=java.util.concurrent.ConcurrentHashMap$Node@50000020)
	key		50009f2e
	val		5000152e
ARR 50001530 (sz=16, trace=300629, nelems=0, elem type=java.lang.String[]@500000cf)
OBJ 50001531 (sz=16, trace=300114, class=java.lang.Object@50000173)
OBJ 50001532 (sz=32, trace=301713, class=java.util.ArrayList$Itr@50001974)
OBJ 50001533 (sz=32, trace=301763, class=Line@50006f05)
OBJ 50001535 (sz=24, trace=300630, class=java.net.ServerSocket@50001534)
	closeLock	50001536
	impl		500015c4
OBJ 50001536 (sz=16, trace=300631, class=java.lang.Object@50000173)
OBJ 50001538 (sz=16, trace=301715, class=java.lang.Integer@5000010c)
OBJ 50001539 (sz=32, trace=300599, class=java.util.concurrent.ConcurrentHashMap$Node@50000020)
	key		50009f22
	val		500013e4
	next		50002458
ARR 5000153a (sz=24, trace=301762, nelems=0, elem type=int[])
OBJ 5000153b (sz=32, trace=300600, class=java.util.concurrent.ConcurrentHashMap$Node@50000020)
	key		50009f6c
	val		500013df
OBJ 5000153c (sz=32, trace=300599, class=java.util.concurrent.ConcurrentHashMap$Node@50000020)
	key		5000021a
	val		5000021c
	next		50001806
OBJ 5000153d (sz=32, trace=300600, class=java.util.concurrent.ConcurrentHashMap$Node@50000020)
	key		50009f76
	val		500013db
OBJ 5000153e (sz=32, trace=300600, class=java.util.concurrent.ConcurrentHashMap$Node@50000020)
	key		50009f74
	val		5000142a
	next		5000153d
OBJ 5000153f (sz=16, trace=300117, class=java.lang.Object@50000173)
OBJ 50001540 (sz=32, trace=301713, class=java.util.ArrayList$Itr@50001974)
OBJ 50001541 (sz=32, trace=301763, class=Line@50006f05)
OBJ 50001542 (sz=16, trace=301715, class=java.lang.Integer@5000010c)
OBJ 50001543 (sz=32, trace=300599, class=java.util.concurrent.ConcurrentHashMap$Node@50000020)
	key		50009f22
	val		500013e6
	next		5000245a
ARR 50001544 (sz=24, trace=301762, nelems=0, elem type=int[])
OBJ 50001545 (sz=32, trace=300600, class=java.util.concurrent.ConcurrentHashMap$Node@50000020)
	key		50009f6c
	val		500013e1
OBJ 50001546 (sz=32, trace=300599, class=java.util.concurrent.ConcurrentHashMap$Node@50000020)
	key		5000021a
	val		5000021f
	next		50001808
OBJ 50001547 (sz=32, trace=300600, class=java.util.concurrent.ConcurrentHashMap$Node@50000020)
	key		50009f76
	val		500013dd
OBJ 50001548 (sz=32, trace=300600, class=java.util.concurrent.ConcurrentHashMap$Node@50000020)
	key		50009f74
	val		5000142c
	next		50001547
OBJ 5000154f (sz=32, trace=301713, class=java.util.ArrayList$Itr@50001974)
OBJ 50001550 (sz=32, trace=301763, class=Line@50006f05)
OBJ 50001551 (sz=16, trace=301715, class=java.lang.Integer@5000010c)
ARR 50001552 (sz=24, trace=301762, nelems=0, elem type=int[])
OBJ 50001553 (sz=32, trace=301713, class=java.util.ArrayList$Itr@50001974)
OBJ 50001554 (sz=32, trace=301763, class=Line@50006f05)
OBJ 50001555 (sz=16, trace=301715, class=java.lang.Integer@5000010c)
ARR 50001556 (sz=24, trace=301762, nelems=0, elem type=int[])
OBJ 50001557 (sz=32, trace=301713, class=java.util.ArrayList$Itr@50001974)
OBJ 50001558 (sz=32, trace=301763, class=Line@50006f05)
OBJ 50001559 (sz=24, trace=300636, class=java.lang.ThreadLocal$ThreadLocalMap@5000009c)
	table		5000155a
ARR 5000155a (sz=80, trace=300637, nelems=15, elem type=java.lang.ThreadLocal$ThreadLocalMap$Entry[]@50000098)
	[14]		5000155b
OBJ 5000155b (sz=32, trace=300389, class=java.lang.ThreadLocal$ThreadLocalMap$Entry@5000009b)
	referent	5000a75d
	queue		5000962b
	value		50001561
OBJ 5000155c (sz=32, trace=300638, class=java.lang.StringCoding$StringEncoder@5000005f)
	cs		50009acb
	ce		5000155f
	requestedCharsetName	50009464
OBJ 5000155d (sz=16, trace=301715, class=java.lang.Integer@5000010c)
OBJ 5000155e (sz=16, trace=300114, class=java.lang.Object@50000173)
OBJ 5000155f (sz=56, trace=300220, class=sun.nio.cs.UTF_8$Encoder@50000071)
	charset		50009acb
	replacement	50001560
	malformedInputAction	50009ac3
	unmappableCharacterAction	50009ac3
ARR 50001560 (sz=1, trace=300221, nelems=1, elem type=byte[])
OBJ 50001561 (sz=40, trace=300639, class=java.lang.ref.SoftReference@50000153)
	referent	5000155c
	queue		5000962b
ARR 50001562 (sz=24, trace=301762, nelems=0, elem type=int[])
OBJ 50001563 (sz=32, trace=301713, class=java.util.ArrayList$Itr@50001974)
OBJ 50001564 (sz=32, trace=301763, class=Line@50006f05)
ARR 50001565 (sz=24, trace=301762, nelems=0, elem type=int[])
OBJ 50001566 (sz=32, trace=301713, class=java.util.ArrayList$Itr@50001974)
OBJ 50001567 (sz=32, trace=301763, class=Line@50006f05)
OBJ 50001568 (sz=16, trace=301715, class=java.lang.Integer@5000010c)
ARR 50001569 (sz=24, trace=301762, nelems=0, elem type=int[])
OBJ 5000156a (sz=32, trace=300116, class=java.util.concurrent.ConcurrentHashMap$Node@50000020)
	key		50009f50
	val		5000155e
	next		5000245c
OBJ 5000156b (sz=32, trace=301713, class=java.util.ArrayList$Itr@50001974)
OBJ 5000156c (sz=32, trace=301763, class=Line@50006f05)
OBJ 5000156d (sz=16, trace=300117, class=java.lang.Object@50000173)
OBJ 5000156e (sz=16, trace=301715, class=java.lang.Integer@5000010c)
OBJ 5000156f (sz=32, trace=300116, class=java.util.concurrent.ConcurrentHashMap$Node@50000020)
	key		50009f50
	val		5000156d
	next		5000245e
ARR 50001570 (sz=24, trace=301762, nelems=0, elem type=int[])
OBJ 50001571 (sz=32, trace=301713, class=java.util.ArrayList$Itr@50001974)
OBJ 50001572 (sz=32, trace=301763, class=Line@50006f05)
OBJ 50001573 (sz=16, trace=301715, class=java.lang.Integer@5000010c)
ARR 50001574 (sz=24, trace=301762, nelems=0, elem type=int[])
OBJ 50001575 (sz=32, trace=301713, class=java.util.ArrayList$Itr@50001974)
OBJ 50001576 (sz=24, trace=300645, class=java.lang.String@5000016f)
	value		50001577
ARR 50001577 (sz=168, trace=300646, nelems=84, elem type=char[])
OBJ 50001578 (sz=32, trace=301763, class=Line@50006f05)
OBJ 50001579 (sz=16, trace=301715, class=java.lang.Integer@5000010c)
ARR 5000157a (sz=24, trace=301762, nelems=0, elem type=int[])
OBJ 5000157b (sz=32, trace=301713, class=java.util.ArrayList$Itr@50001974)
OBJ 5000157c (sz=24, trace=300649, class=java.lang.String@5000016f)
	value		5000157d
ARR 5000157d (sz=168, trace=300650, nelems=84, elem type=char[])
OBJ 5000157e (sz=24, trace=300651, class=java.io.ExpiringCache$Entry@5000005b)
	val		50001576
OBJ 5000157f (sz=40, trace=300616, class=java.util.LinkedHashMap$Entry@5000005a)
	key		5000157c
	value		5000157e
	before		50001423
	after		500016d0
OBJ 50001580 (sz=40, trace=300652, class=java.lang.ClassLoader$NativeLibrary@50000059)
	fromClass	5000154e
	name		50001576
OBJ 50001581 (sz=40, trace=300097, class=java.lang.ref.Finalizer@5000014e)
	referent	50001580
	queue		5000945f
	next		50001425
	prev		500015c7
OBJ 50001582 (sz=32, trace=301763, class=Line@50006f05)
ARR 50001583 (sz=24, trace=301762, nelems=0, elem type=int[])
OBJ 50001584 (sz=32, trace=301713, class=java.util.ArrayList$Itr@50001974)
OBJ 50001585 (sz=32, trace=301763, class=Line@50006f05)
OBJ 50001586 (sz=16, trace=301715, class=java.lang.Integer@5000010c)
ARR 50001587 (sz=24, trace=301762, nelems=0, elem type=int[])
OBJ 50001588 (sz=32, trace=301713, class=java.util.ArrayList$Itr@50001974)
OBJ 50001589 (sz=32, trace=301763, class=Line@50006f05)
OBJ 5000158a (sz=16, trace=301715, class=java.lang.Integer@5000010c)
ARR 5000158b (sz=24, trace=301762, nelems=0, elem type=int[])
OBJ 5000158c (sz=32, trace=301713, class=java.util.ArrayList$Itr@50001974)
OBJ 5000158d (sz=32, trace=301763, class=Line@50006f05)
OBJ 5000158e (sz=16, trace=301715, class=java.lang.Integer@5000010c)
ARR 5000158f (sz=24, trace=301762, nelems=0, elem type=int[])
OBJ 50001590 (sz=32, trace=301713, class=java.util.ArrayList$Itr@50001974)
OBJ 50001591 (sz=32, trace=301763, class=Line@50006f05)
OBJ 50001592 (sz=16, trace=301715, class=java.lang.Integer@5000010c)
ARR 50001593 (sz=24, trace=301762, nelems=0, elem type=int[])
OBJ 50001594 (sz=32, trace=301713, class=java.util.ArrayList$Itr@50001974)
OBJ 50001595 (sz=32, trace=301763, class=Line@50006f05)
OBJ 50001596 (sz=16, trace=301715, class=java.lang.Integer@5000010c)
ARR 50001597 (sz=24, trace=301762, nelems=0, elem type=int[])
OBJ 50001598 (sz=32, trace=301713, class=java.util.ArrayList$Itr@50001974)
OBJ 50001599 (sz=32, trace=301763, class=Line@50006f05)
OBJ 5000159a (sz=16, trace=301715, class=java.lang.Integer@5000010c)
ARR 5000159b (sz=24, trace=301762, nelems=0, elem type=int[])
OBJ 5000159c (sz=32, trace=301713, class=java.util.ArrayList$Itr@50001974)
OBJ 5000159d (sz=32, trace=301763, class=Line@50006f05)
OBJ 5000159e (sz=16, trace=301715, class=java.lang.Integer@5000010c)
ARR 5000159f (sz=24, trace=301762, nelems=0, elem type=int[])
OBJ 500015a0 (sz=32, trace=301713, class=java.util.ArrayList$Itr@50001974)
OBJ 500015a1 (sz=32, trace=301763, class=Line@50006f05)
OBJ 500015a2 (sz=16, trace=301715, class=java.lang.Integer@5000010c)
ARR 500015a3 (sz=24, trace=301762, nelems=0, elem type=int[])
OBJ 500015a4 (sz=32, trace=301713, class=java.util.ArrayList$Itr@50001974)
OBJ 500015a5 (sz=32, trace=301763, class=Line@50006f05)
ARR 500015a6 (sz=24, trace=301762, nelems=0, elem type=int[])
OBJ 500015a7 (sz=32, trace=301713, class=java.util.ArrayList$Itr@50001974)
OBJ 500015a8 (sz=32, trace=301763, class=Line@50006f05)
OBJ 500015a9 (sz=16, trace=301715, class=java.lang.Integer@5000010c)
ARR 500015aa (sz=24, trace=301762, nelems=0, elem type=int[])
OBJ 500015ab (sz=32, trace=301713, class=java.util.ArrayList$Itr@50001974)
OBJ 500015ac (sz=32, trace=301763, class=Line@50006f05)
OBJ 500015ad (sz=16, trace=301715, class=java.lang.Integer@5000010c)
ARR 500015ae (sz=24, trace=301762, nelems=0, elem type=int[])
OBJ 500015af (sz=32, trace=301713, class=java.util.ArrayList$Itr@50001974)
OBJ 500015b0 (sz=32, trace=301763, class=Line@50006f05)
OBJ 500015b1 (sz=16, trace=301715, class=java.lang.Integer@5000010c)
ARR 500015b2 (sz=24, trace=301762, nelems=0, elem type=int[])
OBJ 500015b3 (sz=32, trace=301713, class=java.util.ArrayList$Itr@50001974)
OBJ 500015b4 (sz=32, trace=301763, class=Line@50006f05)
ARR 500015b5 (sz=24, trace=301762, nelems=0, elem type=int[])
OBJ 500015b6 (sz=32, trace=301713, class=java.util.ArrayList$Itr@50001974)
OBJ 500015b7 (sz=32, trace=301763, class=Line@50006f05)
ARR 500015b8 (sz=24, trace=301762, nelems=0, elem type=int[])
OBJ 500015b9 (sz=32, trace=301713, class=java.util.ArrayList$Itr@50001974)
OBJ 500015ba (sz=32, trace=301763, class=Line@50006f05)
OBJ 500015bb (sz=16, trace=301715, class=java.lang.Integer@5000010c)
ARR 500015bc (sz=24, trace=301762, nelems=0, elem type=int[])
OBJ 500015bd (sz=32, trace=301713, class=java.util.ArrayList$Itr@50001974)
OBJ 500015be (sz=32, trace=301763, class=Line@50006f05)
OBJ 500015bf (sz=16, trace=301715, class=java.lang.Integer@5000010c)
ARR 500015c0 (sz=24, trace=301762, nelems=0, elem type=int[])
OBJ 500015c1 (sz=32, trace=301713, class=java.util.ArrayList$Itr@50001974)
OBJ 500015c2 (sz=32, trace=301763, class=Line@50006f05)
OBJ 500015c3 (sz=16, trace=301715, class=java.lang.Integer@5000010c)
OBJ 500015c4 (sz=112, trace=300653, class=java.net.SocksSocketImpl@5000154d)
	serverSocket	50001535
	fd		500016ce
	address		500016c5
	fdLock		500015ca
	resetLock	500015cb
ARR 500015c5 (sz=24, trace=301762, nelems=0, elem type=int[])
OBJ 500015c6 (sz=32, trace=301713, class=java.util.ArrayList$Itr@50001974)
OBJ 500015c7 (sz=40, trace=300097, class=java.lang.ref.Finalizer@5000014e)
	referent	500015c4
	queue		5000945f
	next		50001581
	prev		50001832
OBJ 500015c8 (sz=32, trace=301763, class=Line@50006f05)
ARR 500015c9 (sz=24, trace=301762, nelems=0, elem type=int[])
OBJ 500015ca (sz=16, trace=300654, class=java.lang.Object@50000173)
OBJ 500015cb (sz=16, trace=300655, class=java.lang.Object@50000173)
OBJ 500015cc (sz=32, trace=301713, class=java.util.ArrayList$Itr@50001974)
OBJ 500015cd (sz=32, trace=301763, class=Line@50006f05)
OBJ 500015ce (sz=16, trace=301715, class=java.lang.Integer@5000010c)
ARR 500015cf (sz=24, trace=301762, nelems=0, elem type=int[])
OBJ 500015d0 (sz=32, trace=301713, class=java.util.ArrayList$Itr@50001974)
OBJ 500015d1 (sz=32, trace=301763, class=Line@50006f05)
OBJ 500015d2 (sz=16, trace=301715, class=java.lang.Integer@5000010c)
ARR 500015d3 (sz=24, trace=301762, nelems=0, elem type=int[])
OBJ 500015d4 (sz=32, trace=301713, class=java.util.ArrayList$Itr@50001974)
OBJ 500015d5 (sz=32, trace=301763, class=Line@50006f05)
OBJ 500015d6 (sz=16, trace=301715, class=java.lang.Integer@5000010c)
ARR 500015d7 (sz=24, trace=301762, nelems=0, elem type=int[])
OBJ 500015d8 (sz=32, trace=301713, class=java.util.ArrayList$Itr@50001974)
OBJ 500015d9 (sz=32, trace=301763, class=Line@50006f05)
OBJ 500015da (sz=16, trace=301715, class=java.lang.Integer@5000010c)
ARR 500015db (sz=24, trace=301762, nelems=0, elem type=int[])
OBJ 500015dc (sz=32, trace=301713, class=java.util.ArrayList$Itr@50001974)
OBJ 500015dd (sz=32, trace=301763, class=Line@50006f05)
OBJ 500015de (sz=16, trace=301715, class=java.lang.Integer@5000010c)
ARR 500015e0 (sz=24, trace=301762, nelems=0, elem type=int[])
OBJ 500015e1 (sz=32, trace=301713, class=java.util.ArrayList$Itr@50001974)
OBJ 500015e3 (sz=32, trace=301763, class=Line@50006f05)
OBJ 500015e4 (sz=16, trace=301715, class=java.lang.Integer@5000010c)
ARR 500015e5 (sz=24, trace=301762, nelems=0, elem type=int[])
OBJ 500015e6 (sz=32, trace=301713, class=java.util.ArrayList$Itr@50001974)
ARR 500015e7 (sz=32, trace=300657, nelems=3, elem type=java.io.ObjectStreamField[]@500000fc)
	[0]		500015e9
	[1]		500015f8
	[2]		50001605
OBJ 500015e8 (sz=32, trace=301763, class=Line@50006f05)
OBJ 500015e9 (sz=40, trace=300658, class=java.io.ObjectStreamField@500000fe)
	name		5000a4da
	signature	5000a4cc
	type		5000016f
OBJ 500015ea (sz=16, trace=301715, class=java.lang.Integer@5000010c)
ARR 500015eb (sz=24, trace=301762, nelems=0, elem type=int[])
OBJ 500015ec (sz=32, trace=301713, class=java.util.ArrayList$Itr@50001974)
OBJ 500015ed (sz=32, trace=301763, class=Line@50006f05)
OBJ 500015ee (sz=16, trace=301715, class=java.lang.Integer@5000010c)
ARR 500015ef (sz=24, trace=301762, nelems=0, elem type=int[])
OBJ 500015f0 (sz=32, trace=301713, class=java.util.ArrayList$Itr@50001974)
OBJ 500015f1 (sz=32, trace=301763, class=Line@50006f05)
OBJ 500015f2 (sz=16, trace=301715, class=java.lang.Integer@5000010c)
ARR 500015f3 (sz=24, trace=301762, nelems=0, elem type=int[])
OBJ 500015f4 (sz=32, trace=301713, class=java.util.ArrayList$Itr@50001974)
OBJ 500015f5 (sz=32, trace=301763, class=Line@50006f05)
ARR 500015f6 (sz=24, trace=301762, nelems=0, elem type=int[])
OBJ 500015f8 (sz=40, trace=300660, class=java.io.ObjectStreamField@500000fe)
	name		5000a4db
	signature	50001603
	type		500015f7
OBJ 500015f9 (sz=32, trace=301713, class=java.util.ArrayList$Itr@50001974)
OBJ 500015fa (sz=32, trace=301763, class=Line@50006f05)
OBJ 500015fb (sz=16, trace=301715, class=java.lang.Integer@5000010c)
ARR 500015fc (sz=24, trace=301762, nelems=0, elem type=int[])
OBJ 500015fd (sz=32, trace=301713, class=java.util.ArrayList$Itr@50001974)
OBJ 500015fe (sz=32, trace=301763, class=Line@50006f05)
OBJ 500015ff (sz=16, trace=301715, class=java.lang.Integer@5000010c)
ARR 50001600 (sz=24, trace=301762, nelems=0, elem type=int[])
OBJ 50001601 (sz=32, trace=301713, class=java.util.ArrayList$Itr@50001974)
OBJ 50001602 (sz=32, trace=301763, class=Line@50006f05)
OBJ 50001603 (sz=24, trace=300141, class=java.lang.String@5000016f)
	value		50001604
ARR 50001604 (sz=44, trace=300142, nelems=22, elem type=char[])
OBJ 50001605 (sz=40, trace=300661, class=java.io.ObjectStreamField@500000fe)
	name		5000a4dc
	signature	50009a2a
	type		50009582
OBJ 50001606 (sz=16, trace=301715, class=java.lang.Integer@5000010c)
ARR 50001607 (sz=24, trace=301762, nelems=0, elem type=int[])
OBJ 50001608 (sz=32, trace=301713, class=java.util.ArrayList$Itr@50001974)
OBJ 50001609 (sz=32, trace=301763, class=Line@50006f05)
OBJ 5000160a (sz=56, trace=300040, class=java.lang.Class$ReflectionData@500000b6)
OBJ 5000160b (sz=40, trace=300041, class=java.lang.ref.SoftReference@50000153)
OBJ 5000160d (sz=16, trace=301715, class=java.lang.Integer@5000010c)
ARR 5000160e (sz=24, trace=301762, nelems=0, elem type=int[])
OBJ 50001610 (sz=32, trace=301713, class=java.util.ArrayList$Itr@50001974)
OBJ 50001612 (sz=32, trace=301763, class=Line@50006f05)
OBJ 50001613 (sz=16, trace=301715, class=java.lang.Integer@5000010c)
ARR 50001614 (sz=24, trace=301762, nelems=0, elem type=int[])
OBJ 50001615 (sz=32, trace=301713, class=java.util.ArrayList$Itr@50001974)
OBJ 50001616 (sz=32, trace=301763, class=Line@50006f05)
OBJ 50001617 (sz=16, trace=301715, class=java.lang.Integer@5000010c)
ARR 50001618 (sz=24, trace=301762, nelems=0, elem type=int[])
OBJ 50001619 (sz=32, trace=301713, class=java.util.ArrayList$Itr@50001974)
OBJ 5000161a (sz=32, trace=301763, class=Line@50006f05)
ARR 5000161b (sz=24, trace=301762, nelems=0, elem type=int[])
OBJ 5000161c (sz=32, trace=301713, class=java.util.ArrayList$Itr@50001974)
OBJ 5000161d (sz=32, trace=301763, class=Line@50006f05)
OBJ 5000161e (sz=16, trace=301715, class=java.lang.Integer@5000010c)
ARR 5000161f (sz=24, trace=301762, nelems=0, elem type=int[])
OBJ 50001620 (sz=32, trace=301713, class=java.util.ArrayList$Itr@50001974)
OBJ 50001621 (sz=32, trace=301763, class=Line@50006f05)
OBJ 50001622 (sz=16, trace=301715, class=java.lang.Integer@5000010c)
OBJ 50001626 (sz=24, trace=300671, class=java.net.InetAddress$Cache$Type@50001625)
	name		5000a4c4
OBJ 50001627 (sz=24, trace=300672, class=java.net.InetAddress$Cache$Type@50001625)
	name		5000a4c6
ARR 50001629 (sz=24, trace=300673, nelems=2, elem type=java.net.InetAddress$Cache$Type[]@50001628)
	[0]		50001626
	[1]		50001627
OBJ 5000162a (sz=24, trace=300674, class=java.net.InetAddress$Cache@50001624)
	cache		5000162b
	type		50001626
OBJ 5000162b (sz=56, trace=300675, class=java.util.LinkedHashMap@50000065)
OBJ 5000162c (sz=24, trace=300676, class=java.net.InetAddress$Cache@50001624)
	cache		5000162d
	type		50001627
OBJ 5000162d (sz=56, trace=300675, class=java.util.LinkedHashMap@50000065)
OBJ 5000162e (sz=48, trace=300677, class=java.util.HashMap@500000ba)
ARR 50001630 (sz=24, trace=301762, nelems=0, elem type=int[])
OBJ 50001631 (sz=32, trace=301713, class=java.util.ArrayList$Itr@50001974)
OBJ 50001632 (sz=32, trace=301763, class=Line@50006f05)
OBJ 50001633 (sz=16, trace=301715, class=java.lang.Integer@5000010c)
ARR 50001634 (sz=24, trace=301762, nelems=0, elem type=int[])
OBJ 50001635 (sz=32, trace=301713, class=java.util.ArrayList$Itr@50001974)
OBJ 50001636 (sz=32, trace=301763, class=Line@50006f05)
ARR 50001637 (sz=24, trace=301762, nelems=0, elem type=int[])
OBJ 50001638 (sz=32, trace=301713, class=java.util.ArrayList$Itr@50001974)
OBJ 50001639 (sz=32, trace=301763, class=Line@50006f05)
OBJ 5000163a (sz=16, trace=301715, class=java.lang.Integer@5000010c)
ARR 5000163b (sz=24, trace=301762, nelems=0, elem type=int[])
OBJ 5000163c (sz=32, trace=301713, class=java.util.ArrayList$Itr@50001974)
OBJ 5000163d (sz=32, trace=301763, class=Line@50006f05)
OBJ 5000163e (sz=16, trace=301715, class=java.lang.Integer@5000010c)
ARR 5000163f (sz=24, trace=301762, nelems=0, elem type=int[])
OBJ 50001640 (sz=32, trace=301713, class=java.util.ArrayList$Itr@50001974)
OBJ 50001641 (sz=32, trace=301763, class=Line@50006f05)
OBJ 50001642 (sz=16, trace=301715, class=java.lang.Integer@5000010c)
ARR 50001643 (sz=24, trace=301762, nelems=0, elem type=int[])
OBJ 50001644 (sz=32, trace=301713, class=java.util.ArrayList$Itr@50001974)
OBJ 50001645 (sz=32, trace=301763, class=Line@50006f05)
OBJ 50001646 (sz=16, trace=301715, class=java.lang.Integer@5000010c)
ARR 50001647 (sz=24, trace=301762, nelems=0, elem type=int[])
OBJ 50001648 (sz=32, trace=301713, class=java.util.ArrayList$Itr@50001974)
OBJ 50001649 (sz=32, trace=301763, class=Line@50006f05)
OBJ 5000164a (sz=16, trace=301715, class=java.lang.Integer@5000010c)
ARR 5000164b (sz=24, trace=301762, nelems=0, elem type=int[])
OBJ 5000164c (sz=32, trace=301713, class=java.util.ArrayList$Itr@50001974)
OBJ 5000164d (sz=32, trace=301763, class=Line@50006f05)
OBJ 5000164e (sz=16, trace=301715, class=java.lang.Integer@5000010c)
ARR 5000164f (sz=24, trace=301762, nelems=0, elem type=int[])
OBJ 50001650 (sz=32, trace=301713, class=java.util.ArrayList$Itr@50001974)
OBJ 50001651 (sz=32, trace=301763, class=Line@50006f05)
ARR 50001654 (sz=24, trace=301762, nelems=0, elem type=int[])
OBJ 50001655 (sz=56, trace=300180, class=java.lang.Class$ReflectionData@500000b6)
OBJ 50001656 (sz=40, trace=300041, class=java.lang.ref.SoftReference@50000153)
OBJ 50001657 (sz=32, trace=301713, class=java.util.ArrayList$Itr@50001974)
OBJ 50001658 (sz=32, trace=301763, class=Line@50006f05)
OBJ 50001659 (sz=16, trace=301715, class=java.lang.Integer@5000010c)
OBJ 5000165a (sz=80, trace=300181, class=java.lang.reflect.Constructor@5000013f)
ARR 5000165b (sz=24, trace=301762, nelems=0, elem type=int[])
OBJ 5000165c (sz=32, trace=301713, class=java.util.ArrayList$Itr@50001974)
OBJ 5000165d (sz=32, trace=301763, class=Line@50006f05)
OBJ 5000165e (sz=16, trace=301715, class=java.lang.Integer@5000010c)
ARR 5000165f (sz=24, trace=301762, nelems=0, elem type=int[])
OBJ 50001660 (sz=32, trace=301713, class=java.util.ArrayList$Itr@50001974)
OBJ 50001661 (sz=24, trace=300183, class=sun.reflect.NativeConstructorAccessorImpl@5000009f)
OBJ 50001662 (sz=32, trace=301763, class=Line@50006f05)
OBJ 50001663 (sz=16, trace=300184, class=sun.reflect.DelegatingConstructorAccessorImpl@5000009e)
OBJ 50001664 (sz=16, trace=301715, class=java.lang.Integer@5000010c)
OBJ 50001665 (sz=24, trace=300687, class=java.net.Inet6AddressImpl@50001653)
	anyLocalAddress	500016c5
ARR 50001666 (sz=24, trace=301762, nelems=0, elem type=int[])
OBJ 50001667 (sz=32, trace=301713, class=java.util.ArrayList$Itr@50001974)
OBJ 50001668 (sz=24, trace=300688, class=java.util.ArrayList@500000c5)
	elementData	50001679
OBJ 50001669 (sz=32, trace=301763, class=Line@50006f05)
ARR 5000166a (sz=24, trace=301762, nelems=0, elem type=int[])
OBJ 5000166b (sz=32, trace=301713, class=java.util.ArrayList$Itr@50001974)
OBJ 5000166c (sz=32, trace=301763, class=Line@50006f05)
OBJ 5000166d (sz=16, trace=301715, class=java.lang.Integer@5000010c)
ARR 5000166e (sz=24, trace=301762, nelems=0, elem type=int[])
OBJ 5000166f (sz=32, trace=301713, class=java.util.ArrayList$Itr@50001974)
OBJ 50001671 (sz=32, trace=301763, class=Line@50006f05)
OBJ 50001672 (sz=16, trace=301715, class=java.lang.Integer@5000010c)
OBJ 50001673 (sz=24, trace=300376, class=java.lang.String@5000016f)
ARR 50001675 (sz=208, trace=300095, nelems=0, elem type=char[])
ARR 50001676 (sz=24, trace=301762, nelems=0, elem type=int[])
OBJ 50001677 (sz=16, trace=300695, class=java.net.InetAddress$2@50001674)
OBJ 50001678 (sz=32, trace=301713, class=java.util.ArrayList$Itr@50001974)
ARR 50001679 (sz=56, trace=300281, nelems=1, elem type=java.lang.Object[]@5000010a)
	[0]		50001677
OBJ 5000167a (sz=32, trace=301763, class=Line@50006f05)
OBJ 5000167b (sz=16, trace=300696, class=java.lang.Object@50000173)
OBJ 5000167c (sz=16, trace=301715, class=java.lang.Integer@5000010c)
OBJ 5000167d (sz=56, trace=300040, class=java.lang.Class$ReflectionData@500000b6)
OBJ 5000167e (sz=40, trace=300041, class=java.lang.ref.SoftReference@50000153)
ARR 50001680 (sz=24, trace=301762, nelems=0, elem type=int[])
ARR 50001681 (sz=32, trace=300698, nelems=3, elem type=java.io.ObjectStreamField[]@500000fc)
	[0]		50001683
	[1]		50001695
	[2]		5000169b
OBJ 50001682 (sz=32, trace=301713, class=java.util.ArrayList$Itr@50001974)
OBJ 50001683 (sz=40, trace=300700, class=java.io.ObjectStreamField@500000fe)
	name		5000a4be
	signature	5000a4cc
	type		5000016f
OBJ 50001684 (sz=32, trace=301763, class=Line@50006f05)
OBJ 50001685 (sz=16, trace=301715, class=java.lang.Integer@5000010c)
ARR 50001686 (sz=24, trace=301762, nelems=0, elem type=int[])
OBJ 50001687 (sz=32, trace=300701, class=java.io.FileInputStream@50000089)
OBJ 50001688 (sz=32, trace=301713, class=java.util.ArrayList$Itr@50001974)
OBJ 50001689 (sz=32, trace=301763, class=Line@50006f05)
OBJ 5000168a (sz=16, trace=301715, class=java.lang.Integer@5000010c)
ARR 5000168b (sz=24, trace=301762, nelems=0, elem type=int[])
OBJ 5000168c (sz=32, trace=301713, class=java.util.ArrayList$Itr@50001974)
OBJ 5000168d (sz=16, trace=300702, class=java.lang.Object@50000173)
OBJ 5000168e (sz=32, trace=301763, class=Line@50006f05)
OBJ 5000168f (sz=16, trace=301715, class=java.lang.Integer@5000010c)
OBJ 50001690 (sz=32, trace=300703, class=java.io.FileDescriptor@50000088)
ARR 50001691 (sz=24, trace=301762, nelems=0, elem type=int[])
OBJ 50001692 (sz=32, trace=301713, class=java.util.ArrayList$Itr@50001974)
OBJ 50001693 (sz=32, trace=301763, class=Line@50006f05)
OBJ 50001694 (sz=16, trace=301715, class=java.lang.Integer@5000010c)
OBJ 50001695 (sz=40, trace=300705, class=java.io.ObjectStreamField@500000fe)
	name		5000a4bf
	signature	50009a2a
	type		50009582
ARR 50001696 (sz=24, trace=301762, nelems=0, elem type=int[])
OBJ 50001697 (sz=32, trace=301713, class=java.util.ArrayList$Itr@50001974)
OBJ 50001698 (sz=32, trace=301763, class=Line@50006f05)
OBJ 50001699 (sz=16, trace=301715, class=java.lang.Integer@5000010c)
ARR 5000169a (sz=24, trace=301762, nelems=0, elem type=int[])
OBJ 5000169b (sz=40, trace=300706, class=java.io.ObjectStreamField@500000fe)
	name		5000a4c0
	signature	50009a2a
	type		50009582
OBJ 5000169c (sz=32, trace=301713, class=java.util.ArrayList$Itr@50001974)
OBJ 5000169d (sz=32, trace=301763, class=Line@50006f05)
OBJ 5000169e (sz=16, trace=301715, class=java.lang.Integer@5000010c)
ARR 5000169f (sz=24, trace=301762, nelems=0, elem type=int[])
OBJ 500016a0 (sz=32, trace=301713, class=java.util.ArrayList$Itr@50001974)
OBJ 500016a1 (sz=32, trace=301763, class=Line@50006f05)
OBJ 500016a2 (sz=16, trace=301715, class=java.lang.Integer@5000010c)
ARR 500016a3 (sz=24, trace=301762, nelems=0, elem type=int[])
OBJ 500016a4 (sz=32, trace=301713, class=java.util.ArrayList$Itr@50001974)
OBJ 500016a5 (sz=32, trace=301763, class=Line@50006f05)
OBJ 500016a7 (sz=32, trace=300521, class=java.security.CodeSource@50000116)
	location	5000a13e
OBJ 500016a8 (sz=32, trace=300532, class=java.security.Permissions@5000131c)
	permsMap	500016aa
OBJ 500016a9 (sz=16, trace=301715, class=java.lang.Integer@5000010c)
OBJ 500016aa (sz=48, trace=300533, class=java.util.HashMap@500000ba)
	table		500016d5
ARR 500016ab (sz=24, trace=301762, nelems=0, elem type=int[])
OBJ 500016ac (sz=32, trace=301713, class=java.util.ArrayList$Itr@50001974)
OBJ 500016ad (sz=32, trace=301763, class=Line@50006f05)
OBJ 500016ae (sz=16, trace=301715, class=java.lang.Integer@5000010c)
ARR 500016af (sz=24, trace=301762, nelems=0, elem type=int[])
OBJ 500016b0 (sz=32, trace=301713, class=java.util.ArrayList$Itr@50001974)
OBJ 500016b1 (sz=32, trace=301763, class=Line@50006f05)
OBJ 500016b2 (sz=16, trace=301715, class=java.lang.Integer@5000010c)
ARR 500016b3 (sz=24, trace=301762, nelems=0, elem type=int[])
OBJ 500016b4 (sz=32, trace=301713, class=java.util.ArrayList$Itr@50001974)
OBJ 500016b5 (sz=32, trace=301763, class=Line@50006f05)
OBJ 500016b6 (sz=16, trace=301715, class=java.lang.Integer@5000010c)
ARR 500016b7 (sz=24, trace=301762, nelems=0, elem type=int[])
OBJ 500016b9 (sz=32, trace=301713, class=java.util.ArrayList$Itr@50001974)
OBJ 500016ba (sz=32, trace=301763, class=Line@50006f05)
OBJ 500016bb (sz=16, trace=301715, class=java.lang.Integer@5000010c)
ARR 500016bc (sz=24, trace=301762, nelems=0, elem type=int[])
OBJ 500016bd (sz=32, trace=301713, class=java.util.ArrayList$Itr@50001974)
OBJ 500016be (sz=32, trace=301763, class=Line@50006f05)
OBJ 500016bf (sz=16, trace=301715, class=java.lang.Integer@5000010c)
ARR 500016c0 (sz=24, trace=301762, nelems=0, elem type=int[])
OBJ 500016c1 (sz=32, trace=301713, class=java.util.ArrayList$Itr@50001974)
OBJ 500016c2 (sz=32, trace=301763, class=Line@50006f05)
OBJ 500016c3 (sz=16, trace=301715, class=java.lang.Integer@5000010c)
OBJ 500016c4 (sz=24, trace=300714, class=java.lang.String@5000016f)
	value		500016c6
OBJ 500016c5 (sz=24, trace=300715, class=java.net.Inet4Address@500016b8)
	holder		500016c7
ARR 500016c6 (sz=166, trace=300716, nelems=83, elem type=char[])
OBJ 500016c7 (sz=32, trace=300717, class=java.net.InetAddress$InetAddressHolder@50001623)
	hostName	5000a4c8
OBJ 500016c8 (sz=32, trace=300718, class=java.io.FilePermission@50001367)
	name		500016c4
	cpath		500016d1
ARR 500016c9 (sz=24, trace=301762, nelems=0, elem type=int[])
OBJ 500016ca (sz=32, trace=301713, class=java.util.ArrayList$Itr@50001974)
OBJ 500016cb (sz=32, trace=301763, class=Line@50006f05)
OBJ 500016cc (sz=16, trace=301715, class=java.lang.Integer@5000010c)
ARR 500016cd (sz=24, trace=301762, nelems=0, elem type=int[])
OBJ 500016ce (sz=32, trace=300721, class=java.io.FileDescriptor@50000088)
OBJ 500016cf (sz=24, trace=300079, class=java.io.ExpiringCache$Entry@5000005b)
	val		50009816
OBJ 500016d0 (sz=40, trace=300616, class=java.util.LinkedHashMap$Entry@5000005a)
	key		500016c4
	value		500016cf
	before		5000157f
	after		50001c13
OBJ 500016d1 (sz=24, trace=300722, class=java.lang.String@5000016f)
	value		500016d2
ARR 500016d2 (sz=164, trace=300723, nelems=82, elem type=char[])
OBJ 500016d3 (sz=24, trace=300562, class=java.io.FilePermissionCollection@5000136c)
	perms		500016d4
OBJ 500016d4 (sz=24, trace=300563, class=java.util.ArrayList@500000c5)
	elementData	500016d7
ARR 500016d5 (sz=80, trace=300564, nelems=10, elem type=java.util.HashMap$Node[]@500000b8)
	[0]		500016db
	[9]		500016d6
OBJ 500016d6 (sz=32, trace=300283, class=java.util.HashMap$Node@500000b9)
	key		50001367
	value		500016d3
ARR 500016d7 (sz=56, trace=300281, nelems=1, elem type=java.lang.Object[]@5000010a)
	[0]		500016c8
OBJ 500016d8 (sz=24, trace=300567, class=java.lang.RuntimePermission@500000f2)
	name		50009637
	path		50009638
OBJ 500016d9 (sz=32, trace=300573, class=java.security.BasicPermissionCollection@50001383)
	perms		500016da
	permClass	500000f2
OBJ 500016da (sz=48, trace=300574, class=java.util.HashMap@500000ba)
	table		500016dc
OBJ 500016db (sz=32, trace=300283, class=java.util.HashMap$Node@500000b9)
	key		500000f2
	value		500016d9
ARR 500016dc (sz=80, trace=300575, nelems=12, elem type=java.util.HashMap$Node[]@500000b8)
	[11]		500016dd
OBJ 500016dd (sz=32, trace=300283, class=java.util.HashMap$Node@500000b9)
	key		50009639
	value		500016d8
OBJ 500016de (sz=40, trace=300576, class=java.security.ProtectionDomain@50000161)
	codesource	500016a7
	classloader	50009465
	principals	500016e0
	permissions	500016a8
	key		500016df
OBJ 500016df (sz=16, trace=300577, class=java.security.ProtectionDomain$Key@50000008)
	this$0		500016de
ARR 500016e0 (sz=16, trace=300578, nelems=0, elem type=java.security.Principal[]@50000006)
OBJ 500016e1 (sz=32, trace=300299, class=java.util.HashMap$Node@500000b9)
	key		500016a7
	value		500016de
OBJ 500016e2 (sz=32, trace=300583, class=java.util.concurrent.ConcurrentHashMap$Node@50000020)
	key		500095b3
	val		50009f09
OBJ 500016e3 (sz=32, trace=301713, class=java.util.ArrayList$Itr@50001974)
OBJ 500016e4 (sz=32, trace=301763, class=Line@50006f05)
ARR 500016e5 (sz=24, trace=301762, nelems=0, elem type=int[])
OBJ 500016e7 (sz=32, trace=301713, class=java.util.ArrayList$Itr@50001974)
OBJ 500016e8 (sz=32, trace=300283, class=java.util.HashMap$Node@500000b9)
	key		500016de
	value		50009fee
OBJ 500016eb (sz=16, trace=300114, class=java.lang.Object@50000173)
OBJ 500016ec (sz=32, trace=300593, class=java.util.concurrent.ConcurrentHashMap$Node@50000020)
	key		50009f62
	val		500016eb
	next		5000232c
OBJ 500016ed (sz=16, trace=300117, class=java.lang.Object@50000173)
OBJ 500016ee (sz=32, trace=300593, class=java.util.concurrent.ConcurrentHashMap$Node@50000020)
	key		50009f62
	val		500016ed
	next		5000232e
OBJ 500016ef (sz=32, trace=301763, class=Line@50006f05)
OBJ 500016f2 (sz=24, trace=300727, class=sun.net.sdp.SdpProvider@500016f1)
OBJ 500016f3 (sz=16, trace=301715, class=java.lang.Integer@5000010c)
ARR 500016f6 (sz=40, trace=300731, nelems=5, elem type=java.io.ObjectStreamField[]@500000fc)
	[0]		500016f7
	[1]		500016fc
	[2]		50001701
	[3]		50001706
	[4]		5000170b
OBJ 500016f7 (sz=40, trace=300732, class=java.io.ObjectStreamField@500000fe)
	name		5000a805
	signature	500016fa
	type		50000177
ARR 500016f8 (sz=24, trace=301762, nelems=0, elem type=int[])
OBJ 500016f9 (sz=32, trace=301713, class=java.util.ArrayList$Itr@50001974)
OBJ 500016fa (sz=24, trace=300141, class=java.lang.String@5000016f)
	value		500016fb
ARR 500016fb (sz=4, trace=300142, nelems=2, elem type=char[])
OBJ 500016fc (sz=40, trace=300733, class=java.io.ObjectStreamField@500000fe)
	name		5000a806
	signature	50009a2a
	type		50009582
OBJ 500016fd (sz=32, trace=301763, class=Line@50006f05)
OBJ 500016fe (sz=16, trace=301715, class=java.lang.Integer@5000010c)
ARR 500016ff (sz=24, trace=301762, nelems=0, elem type=int[])
OBJ 50001700 (sz=32, trace=301713, class=java.util.ArrayList$Itr@50001974)
OBJ 50001701 (sz=40, trace=300734, class=java.io.ObjectStreamField@500000fe)
	name		5000a807
	signature	50000247
	type		50009588
OBJ 50001702 (sz=32, trace=301763, class=Line@50006f05)
OBJ 50001703 (sz=16, trace=301715, class=java.lang.Integer@5000010c)
ARR 50001704 (sz=24, trace=301762, nelems=0, elem type=int[])
OBJ 50001705 (sz=32, trace=301713, class=java.util.ArrayList$Itr@50001974)
OBJ 50001706 (sz=40, trace=300735, class=java.io.ObjectStreamField@500000fe)
	name		5000a808
	signature	50000247
	type		50009588
OBJ 50001707 (sz=32, trace=301763, class=Line@50006f05)
OBJ 50001708 (sz=16, trace=301715, class=java.lang.Integer@5000010c)
ARR 50001709 (sz=24, trace=301762, nelems=0, elem type=int[])
OBJ 5000170a (sz=32, trace=301713, class=java.util.ArrayList$Itr@50001974)
OBJ 5000170b (sz=40, trace=300736, class=java.io.ObjectStreamField@500000fe)
	name		5000a809
	signature	5000a4cc
	type		5000016f
OBJ 5000170c (sz=32, trace=301763, class=Line@50006f05)
OBJ 5000170d (sz=16, trace=301715, class=java.lang.Integer@5000010c)
ARR 5000170e (sz=24, trace=301762, nelems=0, elem type=int[])
OBJ 5000170f (sz=32, trace=301713, class=java.util.ArrayList$Itr@50001974)
OBJ 50001710 (sz=32, trace=301763, class=Line@50006f05)
OBJ 50001711 (sz=16, trace=301715, class=java.lang.Integer@5000010c)
ARR 50001712 (sz=24, trace=301762, nelems=0, elem type=int[])
OBJ 50001713 (sz=32, trace=301713, class=java.util.ArrayList$Itr@50001974)
OBJ 50001714 (sz=32, trace=301763, class=Line@50006f05)
OBJ 50001715 (sz=16, trace=301715, class=java.lang.Integer@5000010c)
ARR 50001716 (sz=24, trace=301762, nelems=0, elem type=int[])
OBJ 50001717 (sz=32, trace=301713, class=java.util.ArrayList$Itr@50001974)
OBJ 50001718 (sz=32, trace=301763, class=Line@50006f05)
OBJ 50001719 (sz=56, trace=300040, class=java.lang.Class$ReflectionData@500000b6)
OBJ 5000171a (sz=40, trace=300041, class=java.lang.ref.SoftReference@50000153)
OBJ 5000171b (sz=16, trace=301715, class=java.lang.Integer@5000010c)
ARR 5000171c (sz=24, trace=301762, nelems=0, elem type=int[])
OBJ 5000171d (sz=32, trace=301713, class=java.util.ArrayList$Itr@50001974)
OBJ 5000171e (sz=32, trace=301763, class=Line@50006f05)
OBJ 5000171f (sz=16, trace=301715, class=java.lang.Integer@5000010c)
ARR 50001720 (sz=24, trace=301762, nelems=0, elem type=int[])
OBJ 50001721 (sz=32, trace=301713, class=java.util.ArrayList$Itr@50001974)
OBJ 50001722 (sz=32, trace=301763, class=Line@50006f05)
OBJ 50001723 (sz=16, trace=301715, class=java.lang.Integer@5000010c)
ARR 50001724 (sz=24, trace=301762, nelems=0, elem type=int[])
OBJ 50001725 (sz=32, trace=301713, class=java.util.ArrayList$Itr@50001974)
OBJ 50001727 (sz=32, trace=301763, class=Line@50006f05)
OBJ 50001728 (sz=16, trace=301715, class=java.lang.Integer@5000010c)
ARR 5000172a (sz=24, trace=301762, nelems=0, elem type=int[])
OBJ 5000172b (sz=32, trace=301713, class=java.util.ArrayList$Itr@50001974)
OBJ 5000172c (sz=32, trace=301763, class=Line@50006f05)
OBJ 5000172d (sz=16, trace=301715, class=java.lang.Integer@5000010c)
ARR 5000172e (sz=24, trace=301762, nelems=0, elem type=int[])
OBJ 5000172f (sz=32, trace=301713, class=java.util.ArrayList$Itr@50001974)
OBJ 50001730 (sz=32, trace=301763, class=Line@50006f05)
OBJ 50001731 (sz=16, trace=301715, class=java.lang.Integer@5000010c)
ARR 50001732 (sz=24, trace=301762, nelems=0, elem type=int[])
OBJ 50001733 (sz=32, trace=301713, class=java.util.ArrayList$Itr@50001974)
OBJ 50001734 (sz=32, trace=301763, class=Line@50006f05)
OBJ 50001735 (sz=16, trace=301715, class=java.lang.Integer@5000010c)
ARR 50001736 (sz=24, trace=301762, nelems=0, elem type=int[])
OBJ 50001737 (sz=32, trace=301713, class=java.util.ArrayList$Itr@50001974)
OBJ 50001738 (sz=32, trace=301763, class=Line@50006f05)
OBJ 50001739 (sz=16, trace=301715, class=java.lang.Integer@5000010c)
ARR 5000173a (sz=24, trace=301762, nelems=0, elem type=int[])
OBJ 5000173b (sz=32, trace=301713, class=java.util.ArrayList$Itr@50001974)
OBJ 5000173c (sz=32, trace=301763, class=Line@50006f05)
OBJ 5000173d (sz=16, trace=301715, class=java.lang.Integer@5000010c)
ARR 5000173e (sz=24, trace=301762, nelems=0, elem type=int[])
OBJ 5000173f (sz=32, trace=301713, class=java.util.ArrayList$Itr@50001974)
OBJ 50001740 (sz=32, trace=301763, class=Line@50006f05)
OBJ 50001741 (sz=16, trace=301715, class=java.lang.Integer@5000010c)
ARR 50001742 (sz=24, trace=301762, nelems=0, elem type=int[])
OBJ 50001743 (sz=32, trace=301713, class=java.util.ArrayList$Itr@50001974)
OBJ 50001744 (sz=32, trace=301763, class=Line@50006f05)
OBJ 50001745 (sz=16, trace=301715, class=java.lang.Integer@5000010c)
ARR 50001746 (sz=24, trace=301762, nelems=0, elem type=int[])
OBJ 50001747 (sz=32, trace=301713, class=java.util.ArrayList$Itr@50001974)
OBJ 50001748 (sz=32, trace=301763, class=Line@50006f05)
OBJ 50001749 (sz=16, trace=301715, class=java.lang.Integer@5000010c)
ARR 5000174a (sz=24, trace=301762, nelems=0, elem type=int[])
OBJ 5000174b (sz=32, trace=301713, class=java.util.ArrayList$Itr@50001974)
OBJ 5000174c (sz=32, trace=301763, class=Line@50006f05)
ARR 5000174d (sz=24, trace=301762, nelems=0, elem type=int[])
OBJ 5000174e (sz=32, trace=301713, class=java.util.ArrayList$Itr@50001974)
OBJ 5000174f (sz=32, trace=301763, class=Line@50006f05)
ARR 50001750 (sz=24, trace=301762, nelems=0, elem type=int[])
OBJ 50001751 (sz=32, trace=301713, class=java.util.ArrayList$Itr@50001974)
OBJ 50001752 (sz=32, trace=301763, class=Line@50006f05)
OBJ 50001753 (sz=16, trace=301715, class=java.lang.Integer@5000010c)
ARR 50001754 (sz=24, trace=301762, nelems=0, elem type=int[])
OBJ 50001755 (sz=32, trace=301713, class=java.util.ArrayList$Itr@50001974)
OBJ 50001756 (sz=32, trace=301763, class=Line@50006f05)
ARR 50001757 (sz=24, trace=301762, nelems=0, elem type=int[])
OBJ 50001758 (sz=32, trace=301713, class=java.util.ArrayList$Itr@50001974)
OBJ 50001759 (sz=32, trace=301763, class=Line@50006f05)
OBJ 5000175a (sz=16, trace=301715, class=java.lang.Integer@5000010c)
ARR 5000175b (sz=24, trace=301762, nelems=0, elem type=int[])
OBJ 5000175c (sz=32, trace=301713, class=java.util.ArrayList$Itr@50001974)
OBJ 5000175d (sz=32, trace=301763, class=Line@50006f05)
OBJ 5000175e (sz=16, trace=301715, class=java.lang.Integer@5000010c)
ARR 5000175f (sz=24, trace=301762, nelems=0, elem type=int[])
OBJ 50001760 (sz=32, trace=301713, class=java.util.ArrayList$Itr@50001974)
OBJ 50001761 (sz=32, trace=301763, class=Line@50006f05)
OBJ 50001762 (sz=16, trace=301715, class=java.lang.Integer@5000010c)
ARR 50001763 (sz=24, trace=301762, nelems=0, elem type=int[])
OBJ 50001764 (sz=32, trace=301713, class=java.util.ArrayList$Itr@50001974)
OBJ 50001765 (sz=32, trace=301763, class=Line@50006f05)
OBJ 50001767 (sz=16, trace=301715, class=java.lang.Integer@5000010c)
ARR 50001768 (sz=24, trace=301762, nelems=0, elem type=int[])
OBJ 50001769 (sz=32, trace=301713, class=java.util.ArrayList$Itr@50001974)
OBJ 5000176a (sz=32, trace=301763, class=Line@50006f05)
OBJ 5000176b (sz=16, trace=301715, class=java.lang.Integer@5000010c)
ARR 5000176c (sz=24, trace=301762, nelems=0, elem type=int[])
OBJ 5000176d (sz=32, trace=301713, class=java.util.ArrayList$Itr@50001974)
OBJ 5000176e (sz=32, trace=301763, class=Line@50006f05)
OBJ 5000176f (sz=16, trace=301715, class=java.lang.Integer@5000010c)
ARR 50001770 (sz=24, trace=301762, nelems=0, elem type=int[])
OBJ 50001771 (sz=32, trace=301713, class=java.util.ArrayList$Itr@50001974)
OBJ 50001773 (sz=32, trace=301763, class=Line@50006f05)
OBJ 50001774 (sz=16, trace=301715, class=java.lang.Integer@5000010c)
ARR 50001775 (sz=24, trace=301762, nelems=0, elem type=int[])
OBJ 50001776 (sz=32, trace=301713, class=java.util.ArrayList$Itr@50001974)
OBJ 50001777 (sz=32, trace=301763, class=Line@50006f05)
OBJ 50001778 (sz=16, trace=301715, class=java.lang.Integer@5000010c)
ARR 50001779 (sz=24, trace=301762, nelems=0, elem type=int[])
OBJ 5000177a (sz=32, trace=301713, class=java.util.ArrayList$Itr@50001974)
OBJ 5000177b (sz=32, trace=301763, class=Line@50006f05)
OBJ 5000177c (sz=16, trace=301715, class=java.lang.Integer@5000010c)
ARR 5000177d (sz=24, trace=301762, nelems=0, elem type=int[])
OBJ 5000177e (sz=32, trace=301713, class=java.util.ArrayList$Itr@50001974)
OBJ 5000177f (sz=32, trace=301763, class=Line@50006f05)
OBJ 50001780 (sz=16, trace=301715, class=java.lang.Integer@5000010c)
ARR 50001781 (sz=24, trace=301762, nelems=0, elem type=int[])
OBJ 50001782 (sz=32, trace=301713, class=java.util.ArrayList$Itr@50001974)
OBJ 50001783 (sz=32, trace=301763, class=Line@50006f05)
ARR 50001784 (sz=24, trace=301762, nelems=0, elem type=int[])
OBJ 50001785 (sz=32, trace=301713, class=java.util.ArrayList$Itr@50001974)
OBJ 50001786 (sz=32, trace=301763, class=Line@50006f05)
OBJ 50001787 (sz=16, trace=301715, class=java.lang.Integer@5000010c)
ARR 50001788 (sz=24, trace=301762, nelems=0, elem type=int[])
OBJ 50001789 (sz=32, trace=301713, class=java.util.ArrayList$Itr@50001974)
OBJ 5000178a (sz=32, trace=301763, class=Line@50006f05)
OBJ 5000178b (sz=16, trace=301715, class=java.lang.Integer@5000010c)
ARR 5000178c (sz=24, trace=301762, nelems=0, elem type=int[])
OBJ 5000178d (sz=32, trace=301713, class=java.util.ArrayList$Itr@50001974)
OBJ 5000178e (sz=32, trace=301763, class=Line@50006f05)
OBJ 5000178f (sz=16, trace=301715, class=java.lang.Integer@5000010c)
ARR 50001790 (sz=24, trace=301762, nelems=0, elem type=int[])
OBJ 50001791 (sz=32, trace=301713, class=java.util.ArrayList$Itr@50001974)
OBJ 50001792 (sz=32, trace=301763, class=Line@50006f05)
OBJ 50001793 (sz=16, trace=301715, class=java.lang.Integer@5000010c)
ARR 50001794 (sz=24, trace=301762, nelems=0, elem type=int[])
OBJ 50001795 (sz=32, trace=301713, class=java.util.ArrayList$Itr@50001974)
OBJ 50001796 (sz=32, trace=301763, class=Line@50006f05)
OBJ 50001797 (sz=16, trace=301715, class=java.lang.Integer@5000010c)
ARR 50001798 (sz=24, trace=301762, nelems=0, elem type=int[])
OBJ 50001799 (sz=32, trace=301713, class=java.util.ArrayList$Itr@50001974)
OBJ 5000179a (sz=32, trace=301763, class=Line@50006f05)
OBJ 5000179b (sz=16, trace=301715, class=java.lang.Integer@5000010c)
ARR 5000179c (sz=24, trace=301762, nelems=0, elem type=int[])
OBJ 5000179d (sz=32, trace=301713, class=java.util.ArrayList$Itr@50001974)
OBJ 5000179e (sz=32, trace=301763, class=Line@50006f05)
OBJ 5000179f (sz=16, trace=301715, class=java.lang.Integer@5000010c)
ARR 500017a0 (sz=24, trace=301762, nelems=0, elem type=int[])
OBJ 500017a1 (sz=32, trace=301713, class=java.util.ArrayList$Itr@50001974)
OBJ 500017a2 (sz=32, trace=301763, class=Line@50006f05)
OBJ 500017a3 (sz=16, trace=301715, class=java.lang.Integer@5000010c)
ARR 500017a4 (sz=24, trace=301762, nelems=0, elem type=int[])
OBJ 500017a5 (sz=32, trace=301713, class=java.util.ArrayList$Itr@50001974)
OBJ 500017a6 (sz=32, trace=301763, class=Line@50006f05)
OBJ 500017a7 (sz=16, trace=301715, class=java.lang.Integer@5000010c)
ARR 500017a8 (sz=24, trace=301762, nelems=0, elem type=int[])
OBJ 500017a9 (sz=32, trace=301713, class=java.util.ArrayList$Itr@50001974)
OBJ 500017aa (sz=32, trace=301763, class=Line@50006f05)
OBJ 500017ab (sz=16, trace=301715, class=java.lang.Integer@5000010c)
ARR 500017ac (sz=24, trace=301762, nelems=0, elem type=int[])
OBJ 500017ad (sz=32, trace=301713, class=java.util.ArrayList$Itr@50001974)
OBJ 500017ae (sz=32, trace=301763, class=Line@50006f05)
ARR 500017af (sz=24, trace=301762, nelems=0, elem type=int[])
OBJ 500017b0 (sz=32, trace=301713, class=java.util.ArrayList$Itr@50001974)
OBJ 500017b1 (sz=32, trace=301763, class=Line@50006f05)
OBJ 500017b2 (sz=16, trace=301715, class=java.lang.Integer@5000010c)
ARR 500017b3 (sz=24, trace=301762, nelems=0, elem type=int[])
OBJ 500017b4 (sz=32, trace=301713, class=java.util.ArrayList$Itr@50001974)
OBJ 500017b5 (sz=32, trace=301763, class=Line@50006f05)
OBJ 500017b6 (sz=16, trace=301715, class=java.lang.Integer@5000010c)
ARR 500017b7 (sz=24, trace=301762, nelems=0, elem type=int[])
OBJ 500017b8 (sz=32, trace=301713, class=java.util.ArrayList$Itr@50001974)
OBJ 500017b9 (sz=32, trace=301763, class=Line@50006f05)
OBJ 500017ba (sz=16, trace=301715, class=java.lang.Integer@5000010c)
OBJ 500017bb (sz=24, trace=300376, class=java.lang.String@5000016f)
ARR 500017bc (sz=216, trace=300095, nelems=0, elem type=char[])
ARR 500017bd (sz=24, trace=301762, nelems=0, elem type=int[])
OBJ 500017be (sz=32, trace=301713, class=java.util.ArrayList$Itr@50001974)
OBJ 500017bf (sz=32, trace=301763, class=Line@50006f05)
OBJ 500017c0 (sz=16, trace=301715, class=java.lang.Integer@5000010c)
ARR 500017c1 (sz=24, trace=301762, nelems=0, elem type=int[])
OBJ 500017c2 (sz=32, trace=300701, class=java.io.FileInputStream@50000089)
OBJ 500017c3 (sz=48, trace=300741, class=java.net.NetworkInterface@50001726)
	name		5000a814
	displayName	5000a814
	addrs		5000a813
	bindings	5000a812
	childs		5000a811
OBJ 500017c4 (sz=32, trace=301713, class=java.util.ArrayList$Itr@50001974)
OBJ 500017c5 (sz=16, trace=300702, class=java.lang.Object@50000173)
OBJ 500017c6 (sz=32, trace=300703, class=java.io.FileDescriptor@50000088)
OBJ 500017c7 (sz=32, trace=300742, class=java.net.Inet6Address@500016f4)
	holder		500017ca
	holder6		500017cc
OBJ 500017c8 (sz=32, trace=301763, class=Line@50006f05)
OBJ 500017c9 (sz=16, trace=301715, class=java.lang.Integer@5000010c)
OBJ 500017ca (sz=32, trace=300743, class=java.net.InetAddress$InetAddressHolder@50001623)
ARR 500017cb (sz=24, trace=301762, nelems=0, elem type=int[])
OBJ 500017cc (sz=32, trace=300744, class=java.net.Inet6Address$Inet6AddressHolder@500016f5)
	ipaddress	500017ce
	scope_ifname	500017c3
	this$0		500017c7
OBJ 500017cd (sz=32, trace=301713, class=java.util.ArrayList$Itr@50001974)
ARR 500017ce (sz=16, trace=300745, nelems=16, elem type=byte[])
OBJ 500017cf (sz=32, trace=301763, class=Line@50006f05)
OBJ 500017d0 (sz=24, trace=300746, class=java.net.InterfaceAddress@50001766)
	address		500017c7
OBJ 500017d1 (sz=16, trace=301715, class=java.lang.Integer@5000010c)
ARR 500017d2 (sz=24, trace=301762, nelems=0, elem type=int[])
OBJ 500017d3 (sz=32, trace=301713, class=java.util.ArrayList$Itr@50001974)
OBJ 500017d4 (sz=32, trace=301763, class=Line@50006f05)
OBJ 500017d5 (sz=16, trace=301715, class=java.lang.Integer@5000010c)
ARR 500017d6 (sz=24, trace=301762, nelems=0, elem type=int[])
OBJ 500017d7 (sz=32, trace=301713, class=java.util.ArrayList$Itr@50001974)
OBJ 500017d8 (sz=32, trace=301763, class=Line@50006f05)
OBJ 500017d9 (sz=16, trace=301715, class=java.lang.Integer@5000010c)
ARR 500017da (sz=24, trace=301762, nelems=0, elem type=int[])
OBJ 500017db (sz=32, trace=301713, class=java.util.ArrayList$Itr@50001974)
OBJ 500017dc (sz=32, trace=301763, class=Line@50006f05)
OBJ 500017dd (sz=16, trace=301715, class=java.lang.Integer@5000010c)
ARR 500017de (sz=24, trace=301762, nelems=0, elem type=int[])
OBJ 500017df (sz=32, trace=301713, class=java.util.ArrayList$Itr@50001974)
OBJ 500017e0 (sz=32, trace=301763, class=Line@50006f05)
OBJ 500017e1 (sz=16, trace=301715, class=java.lang.Integer@5000010c)
ARR 500017e2 (sz=24, trace=301762, nelems=0, elem type=int[])
OBJ 500017e3 (sz=32, trace=301713, class=java.util.ArrayList$Itr@50001974)
OBJ 500017e4 (sz=32, trace=301763, class=Line@50006f05)
OBJ 500017e5 (sz=16, trace=301715, class=java.lang.Integer@5000010c)
ARR 500017e6 (sz=24, trace=301762, nelems=0, elem type=int[])
OBJ 500017e7 (sz=32, trace=301713, class=java.util.ArrayList$Itr@50001974)
OBJ 500017e8 (sz=32, trace=301763, class=Line@50006f05)
OBJ 500017e9 (sz=16, trace=301715, class=java.lang.Integer@5000010c)
ARR 500017ea (sz=24, trace=301762, nelems=0, elem type=int[])
OBJ 500017eb (sz=32, trace=301713, class=java.util.ArrayList$Itr@50001974)
OBJ 500017ec (sz=32, trace=301763, class=Line@50006f05)
OBJ 500017ed (sz=16, trace=301715, class=java.lang.Integer@5000010c)
ARR 500017ee (sz=24, trace=301762, nelems=0, elem type=int[])
OBJ 500017ef (sz=32, trace=301713, class=java.util.ArrayList$Itr@50001974)
OBJ 500017f0 (sz=32, trace=301763, class=Line@50006f05)
OBJ 500017f1 (sz=16, trace=301715, class=java.lang.Integer@5000010c)
ARR 500017f2 (sz=24, trace=301762, nelems=0, elem type=int[])
OBJ 500017f3 (sz=32, trace=301713, class=java.util.ArrayList$Itr@50001974)
OBJ 500017f4 (sz=32, trace=301763, class=Line@50006f05)
OBJ 500017f5 (sz=16, trace=301715, class=java.lang.Integer@5000010c)
ARR 500017f7 (sz=24, trace=301762, nelems=0, elem type=int[])
OBJ 500017f8 (sz=32, trace=301713, class=java.util.ArrayList$Itr@50001974)
OBJ 500017f9 (sz=32, trace=301763, class=Line@50006f05)
OBJ 500017fa (sz=16, trace=301715, class=java.lang.Integer@5000010c)
ARR 500017fb (sz=24, trace=301762, nelems=0, elem type=int[])
ARR 500017fc (sz=40, trace=300749, nelems=5, elem type=java.lang.String[]@500000cf)
	[0]		5000a153
	[1]		5000a154
	[2]		5000a155
	[3]		5000a156
	[4]		5000a157
OBJ 500017fe (sz=32, trace=301713, class=java.util.ArrayList$Itr@50001974)
OBJ 500017ff (sz=32, trace=301763, class=Line@50006f05)
ARR 50001800 (sz=24, trace=301762, nelems=0, elem type=int[])
OBJ 50001801 (sz=32, trace=301713, class=java.util.ArrayList$Itr@50001974)
OBJ 50001802 (sz=56, trace=300591, class=java.lang.Class$ReflectionData@500000b6)
OBJ 50001803 (sz=40, trace=300041, class=java.lang.ref.SoftReference@50000153)
OBJ 50001804 (sz=88, trace=300594, class=java.lang.reflect.Method@50000140)
OBJ 50001805 (sz=16, trace=300114, class=java.lang.Object@50000173)
OBJ 50001806 (sz=32, trace=300593, class=java.util.concurrent.ConcurrentHashMap$Node@50000020)
	key		50009f5a
	val		50001805
OBJ 50001807 (sz=16, trace=300117, class=java.lang.Object@50000173)
OBJ 50001808 (sz=32, trace=300593, class=java.util.concurrent.ConcurrentHashMap$Node@50000020)
	key		50009f5a
	val		50001807
OBJ 50001809 (sz=16, trace=300114, class=java.lang.Object@50000173)
OBJ 5000180a (sz=32, trace=300116, class=java.util.concurrent.ConcurrentHashMap$Node@50000020)
	key		50009f68
	val		50001809
OBJ 5000180b (sz=16, trace=300117, class=java.lang.Object@50000173)
OBJ 5000180c (sz=32, trace=300116, class=java.util.concurrent.ConcurrentHashMap$Node@50000020)
	key		50009f68
	val		5000180b
OBJ 5000180d (sz=32, trace=301763, class=Line@50006f05)
OBJ 5000180e (sz=16, trace=300114, class=java.lang.Object@50000173)
OBJ 5000180f (sz=32, trace=300116, class=java.util.concurrent.ConcurrentHashMap$Node@50000020)
	key		50009f48
	val		5000180e
OBJ 50001810 (sz=16, trace=300117, class=java.lang.Object@50000173)
OBJ 50001811 (sz=32, trace=300116, class=java.util.concurrent.ConcurrentHashMap$Node@50000020)
	key		50009f48
	val		50001810
OBJ 50001812 (sz=16, trace=301715, class=java.lang.Integer@5000010c)
ARR 50001813 (sz=24, trace=301762, nelems=0, elem type=int[])
OBJ 50001814 (sz=56, trace=300591, class=java.lang.Class$ReflectionData@500000b6)
OBJ 50001815 (sz=40, trace=300041, class=java.lang.ref.SoftReference@50000153)
OBJ 50001819 (sz=32, trace=301713, class=java.util.ArrayList$Itr@50001974)
OBJ 5000181a (sz=32, trace=301763, class=Line@50006f05)
OBJ 5000181b (sz=56, trace=300591, class=java.lang.Class$ReflectionData@500000b6)
OBJ 5000181c (sz=40, trace=300041, class=java.lang.ref.SoftReference@50000153)
OBJ 5000181d (sz=16, trace=301715, class=java.lang.Integer@5000010c)
ARR 5000181e (sz=24, trace=301762, nelems=0, elem type=int[])
OBJ 5000181f (sz=56, trace=300591, class=java.lang.Class$ReflectionData@500000b6)
OBJ 50001820 (sz=40, trace=300041, class=java.lang.ref.SoftReference@50000153)
OBJ 50001821 (sz=88, trace=300594, class=java.lang.reflect.Method@50000140)
OBJ 50001822 (sz=32, trace=301713, class=java.util.ArrayList$Itr@50001974)
OBJ 50001824 (sz=24, trace=300763, class=sun.reflect.NativeMethodAccessorImpl@50001823)
OBJ 50001826 (sz=16, trace=300765, class=sun.reflect.DelegatingMethodAccessorImpl@50001825)
ARR 50001827 (sz=24, trace=300766, nelems=0, elem type=java.lang.Object[]@5000010a)
OBJ 50001828 (sz=24, trace=300763, class=sun.reflect.NativeMethodAccessorImpl@50001823)
OBJ 50001829 (sz=16, trace=300765, class=sun.reflect.DelegatingMethodAccessorImpl@50001825)
OBJ 5000182a (sz=16, trace=300114, class=java.lang.Object@50000173)
OBJ 5000182b (sz=32, trace=300116, class=java.util.concurrent.ConcurrentHashMap$Node@50000020)
	key		50009f7a
	val		5000182a
OBJ 5000182c (sz=16, trace=300117, class=java.lang.Object@50000173)
OBJ 5000182d (sz=32, trace=300116, class=java.util.concurrent.ConcurrentHashMap$Node@50000020)
	key		50009f7a
	val		5000182c
OBJ 5000182f (sz=32, trace=300768, class=java.net.Socket@5000182e)
	closeLock	50001830
OBJ 50001830 (sz=16, trace=300769, class=java.lang.Object@50000173)
OBJ 50001831 (sz=112, trace=300653, class=java.net.SocksSocketImpl@5000154d)
	socket		5000182f
	fd		50001837
	address		50001835
	fdLock		50001833
	resetLock	50001834
OBJ 50001832 (sz=40, trace=300097, class=java.lang.ref.Finalizer@5000014e)
	referent	50001831
	queue		5000945f
	next		500015c7
	prev		50001dd3
OBJ 50001833 (sz=16, trace=300770, class=java.lang.Object@50000173)
OBJ 50001834 (sz=16, trace=300771, class=java.lang.Object@50000173)
OBJ 50001835 (sz=24, trace=300772, class=java.net.InetAddress@500015f7)
	holder		50001836
OBJ 50001836 (sz=32, trace=300773, class=java.net.InetAddress$InetAddressHolder@50001623)
OBJ 50001837 (sz=32, trace=300774, class=java.io.FileDescriptor@50000088)
OBJ 5000183c (sz=16, trace=300777, class=java.util.regex.Pattern$4@5000183b)
OBJ 5000183d (sz=16, trace=300778, class=java.util.regex.Pattern$Node@5000183a)
OBJ 5000183f (sz=16, trace=300780, class=java.util.regex.Pattern$LastNode@5000183e)
	next		5000183d
OBJ 50001840 (sz=72, trace=300781, class=java.util.regex.Pattern@50001839)
	pattern		5000a17f
	normalizedPattern	5000a17f
	root		50001911
	matchRoot	5000190b
OBJ 50001841 (sz=32, trace=301763, class=Line@50006f05)
OBJ 50001842 (sz=16, trace=301715, class=java.lang.Integer@5000010c)
ARR 50001845 (sz=24, trace=301762, nelems=0, elem type=int[])
OBJ 50001846 (sz=32, trace=301713, class=java.util.ArrayList$Itr@50001974)
OBJ 50001847 (sz=32, trace=301763, class=Line@50006f05)
OBJ 50001849 (sz=48, trace=300789, class=java.util.HashMap@500000ba)
	table		500018b4
OBJ 5000184c (sz=16, trace=300791, class=java.util.regex.Pattern$CharPropertyNames$1@5000184b)
OBJ 5000184d (sz=16, trace=301715, class=java.lang.Integer@5000010c)
OBJ 5000184e (sz=32, trace=300283, class=java.util.HashMap$Node@500000b9)
	key		5000a191
	value		5000184c
	next		500018a4
OBJ 5000184f (sz=16, trace=300791, class=java.util.regex.Pattern$CharPropertyNames$1@5000184b)
OBJ 50001850 (sz=32, trace=300283, class=java.util.HashMap$Node@500000b9)
	key		5000a192
	value		5000184f
OBJ 50001851 (sz=16, trace=300791, class=java.util.regex.Pattern$CharPropertyNames$1@5000184b)
OBJ 50001852 (sz=32, trace=300283, class=java.util.HashMap$Node@500000b9)
	key		5000a193
	value		50001851
	next		500018a2
OBJ 50001853 (sz=16, trace=300791, class=java.util.regex.Pattern$CharPropertyNames$1@5000184b)
OBJ 50001854 (sz=32, trace=300283, class=java.util.HashMap$Node@500000b9)
	key		5000a194
	value		50001853
OBJ 50001855 (sz=16, trace=300791, class=java.util.regex.Pattern$CharPropertyNames$1@5000184b)
OBJ 50001856 (sz=32, trace=300283, class=java.util.HashMap$Node@500000b9)
	key		5000a195
	value		50001855
OBJ 50001857 (sz=16, trace=300791, class=java.util.regex.Pattern$CharPropertyNames$1@5000184b)
OBJ 50001858 (sz=32, trace=300283, class=java.util.HashMap$Node@500000b9)
	key		5000a196
	value		50001857
	next		50001877
OBJ 50001859 (sz=16, trace=300791, class=java.util.regex.Pattern$CharPropertyNames$1@5000184b)
OBJ 5000185a (sz=32, trace=300299, class=java.util.HashMap$Node@500000b9)
	key		5000a197
	value		50001859
OBJ 5000185b (sz=16, trace=300791, class=java.util.regex.Pattern$CharPropertyNames$1@5000184b)
OBJ 5000185c (sz=32, trace=300299, class=java.util.HashMap$Node@500000b9)
	key		5000a198
	value		5000185b
OBJ 5000185d (sz=16, trace=300791, class=java.util.regex.Pattern$CharPropertyNames$1@5000184b)
OBJ 5000185e (sz=32, trace=300283, class=java.util.HashMap$Node@500000b9)
	key		5000a199
	value		5000185d
OBJ 5000185f (sz=16, trace=300791, class=java.util.regex.Pattern$CharPropertyNames$1@5000184b)
OBJ 50001860 (sz=32, trace=300299, class=java.util.HashMap$Node@500000b9)
	key		5000a19a
	value		5000185f
	next		5000186b
OBJ 50001861 (sz=16, trace=300791, class=java.util.regex.Pattern$CharPropertyNames$1@5000184b)
OBJ 50001862 (sz=32, trace=300283, class=java.util.HashMap$Node@500000b9)
	key		5000a19b
	value		50001861
OBJ 50001863 (sz=16, trace=300791, class=java.util.regex.Pattern$CharPropertyNames$1@5000184b)
OBJ 50001864 (sz=32, trace=300299, class=java.util.HashMap$Node@500000b9)
	key		5000a19c
	value		50001863
OBJ 50001865 (sz=16, trace=300791, class=java.util.regex.Pattern$CharPropertyNames$1@5000184b)
OBJ 50001866 (sz=32, trace=300299, class=java.util.HashMap$Node@500000b9)
	key		5000a19d
	value		50001865
ARR 50001867 (sz=24, trace=301762, nelems=0, elem type=int[])
OBJ 50001868 (sz=16, trace=300791, class=java.util.regex.Pattern$CharPropertyNames$1@5000184b)
OBJ 50001869 (sz=32, trace=300283, class=java.util.HashMap$Node@500000b9)
	key		5000a19e
	value		50001868
OBJ 5000186a (sz=16, trace=300791, class=java.util.regex.Pattern$CharPropertyNames$1@5000184b)
OBJ 5000186b (sz=32, trace=300299, class=java.util.HashMap$Node@500000b9)
	key		5000a19f
	value		5000186a
OBJ 5000186c (sz=16, trace=300791, class=java.util.regex.Pattern$CharPropertyNames$1@5000184b)
OBJ 5000186d (sz=32, trace=300299, class=java.util.HashMap$Node@500000b9)
	key		5000a1a0
	value		5000186c
OBJ 5000186e (sz=16, trace=300791, class=java.util.regex.Pattern$CharPropertyNames$1@5000184b)
OBJ 5000186f (sz=32, trace=300299, class=java.util.HashMap$Node@500000b9)
	key		5000a1a1
	value		5000186e
OBJ 50001870 (sz=16, trace=300791, class=java.util.regex.Pattern$CharPropertyNames$1@5000184b)
OBJ 50001871 (sz=32, trace=300283, class=java.util.HashMap$Node@500000b9)
	key		5000a1a2
	value		50001870
OBJ 50001872 (sz=16, trace=300791, class=java.util.regex.Pattern$CharPropertyNames$1@5000184b)
OBJ 50001873 (sz=32, trace=300283, class=java.util.HashMap$Node@500000b9)
	key		5000a1a3
	value		50001872
OBJ 50001874 (sz=16, trace=300791, class=java.util.regex.Pattern$CharPropertyNames$1@5000184b)
OBJ 50001875 (sz=32, trace=300283, class=java.util.HashMap$Node@500000b9)
	key		5000a1a4
	value		50001874
OBJ 50001876 (sz=16, trace=300791, class=java.util.regex.Pattern$CharPropertyNames$1@5000184b)
OBJ 50001877 (sz=32, trace=300299, class=java.util.HashMap$Node@500000b9)
	key		5000a1a5
	value		50001876
OBJ 50001878 (sz=16, trace=300791, class=java.util.regex.Pattern$CharPropertyNames$1@5000184b)
OBJ 50001879 (sz=32, trace=300283, class=java.util.HashMap$Node@500000b9)
	key		5000a1a6
	value		50001878
OBJ 5000187a (sz=16, trace=300791, class=java.util.regex.Pattern$CharPropertyNames$1@5000184b)
OBJ 5000187b (sz=32, trace=300283, class=java.util.HashMap$Node@500000b9)
	key		5000a1a7
	value		5000187a
OBJ 5000187c (sz=16, trace=300791, class=java.util.regex.Pattern$CharPropertyNames$1@5000184b)
OBJ 5000187d (sz=32, trace=300283, class=java.util.HashMap$Node@500000b9)
	key		5000a1a8
	value		5000187c
OBJ 5000187e (sz=16, trace=300791, class=java.util.regex.Pattern$CharPropertyNames$1@5000184b)
OBJ 5000187f (sz=32, trace=300283, class=java.util.HashMap$Node@500000b9)
	key		5000a1a9
	value		5000187e
OBJ 50001880 (sz=32, trace=301713, class=java.util.ArrayList$Itr@50001974)
OBJ 50001881 (sz=16, trace=300791, class=java.util.regex.Pattern$CharPropertyNames$1@5000184b)
OBJ 50001882 (sz=32, trace=300283, class=java.util.HashMap$Node@500000b9)
	key		5000a1aa
	value		50001881
OBJ 50001883 (sz=16, trace=300791, class=java.util.regex.Pattern$CharPropertyNames$1@5000184b)
OBJ 50001884 (sz=32, trace=300299, class=java.util.HashMap$Node@500000b9)
	key		5000a1ab
	value		50001883
	next		5000189c
OBJ 50001885 (sz=16, trace=300791, class=java.util.regex.Pattern$CharPropertyNames$1@5000184b)
OBJ 50001886 (sz=32, trace=300283, class=java.util.HashMap$Node@500000b9)
	key		5000a1ac
	value		50001885
OBJ 50001887 (sz=16, trace=300791, class=java.util.regex.Pattern$CharPropertyNames$1@5000184b)
OBJ 50001888 (sz=32, trace=300299, class=java.util.HashMap$Node@500000b9)
	key		5000a1ad
	value		50001887
OBJ 50001889 (sz=16, trace=300791, class=java.util.regex.Pattern$CharPropertyNames$1@5000184b)
OBJ 5000188a (sz=32, trace=300299, class=java.util.HashMap$Node@500000b9)
	key		5000a1ae
	value		50001889
	next		500018d1
OBJ 5000188b (sz=16, trace=300791, class=java.util.regex.Pattern$CharPropertyNames$1@5000184b)
OBJ 5000188c (sz=32, trace=300299, class=java.util.HashMap$Node@500000b9)
	key		5000a1af
	value		5000188b
OBJ 5000188d (sz=16, trace=300791, class=java.util.regex.Pattern$CharPropertyNames$1@5000184b)
OBJ 5000188e (sz=32, trace=300283, class=java.util.HashMap$Node@500000b9)
	key		5000a1b0
	value		5000188d
	next		500018d5
OBJ 5000188f (sz=16, trace=300791, class=java.util.regex.Pattern$CharPropertyNames$1@5000184b)
OBJ 50001890 (sz=32, trace=300283, class=java.util.HashMap$Node@500000b9)
	key		5000a1b1
	value		5000188f
OBJ 50001891 (sz=16, trace=300791, class=java.util.regex.Pattern$CharPropertyNames$1@5000184b)
OBJ 50001892 (sz=32, trace=300283, class=java.util.HashMap$Node@500000b9)
	key		50000247
	value		50001891
OBJ 50001893 (sz=16, trace=300791, class=java.util.regex.Pattern$CharPropertyNames$1@5000184b)
OBJ 50001894 (sz=32, trace=300299, class=java.util.HashMap$Node@500000b9)
	key		5000a1b2
	value		50001893
OBJ 50001895 (sz=16, trace=300791, class=java.util.regex.Pattern$CharPropertyNames$1@5000184b)
OBJ 50001896 (sz=32, trace=300299, class=java.util.HashMap$Node@500000b9)
	key		5000a1b3
	value		50001895
OBJ 50001897 (sz=16, trace=300791, class=java.util.regex.Pattern$CharPropertyNames$1@5000184b)
OBJ 50001898 (sz=32, trace=300299, class=java.util.HashMap$Node@500000b9)
	key		5000a1b4
	value		50001897
OBJ 50001899 (sz=16, trace=300791, class=java.util.regex.Pattern$CharPropertyNames$1@5000184b)
OBJ 5000189a (sz=32, trace=300283, class=java.util.HashMap$Node@500000b9)
	key		5000a1b5
	value		50001899
	next		500018e5
OBJ 5000189b (sz=16, trace=300791, class=java.util.regex.Pattern$CharPropertyNames$1@5000184b)
OBJ 5000189c (sz=32, trace=300299, class=java.util.HashMap$Node@500000b9)
	key		5000a1b6
	value		5000189b
	next		500018a9
OBJ 5000189e (sz=24, trace=300795, class=java.util.regex.Pattern$CharPropertyNames$2@5000189d)
OBJ 5000189f (sz=32, trace=300283, class=java.util.HashMap$Node@500000b9)
	key		5000a1b7
	value		5000189e
OBJ 500018a1 (sz=16, trace=300797, class=java.util.regex.Pattern$CharPropertyNames$5@500018a0)
OBJ 500018a2 (sz=32, trace=300299, class=java.util.HashMap$Node@500000b9)
	key		5000a1b8
	value		500018a1
	next		500018ad
OBJ 500018a3 (sz=24, trace=300795, class=java.util.regex.Pattern$CharPropertyNames$2@5000189d)
OBJ 500018a4 (sz=32, trace=300299, class=java.util.HashMap$Node@500000b9)
	key		50009e21
	value		500018a3
OBJ 500018a6 (sz=16, trace=300799, class=java.util.regex.Pattern$CharPropertyNames$3@500018a5)
OBJ 500018a7 (sz=32, trace=300283, class=java.util.HashMap$Node@500000b9)
	key		5000a1b9
	value		500018a6
OBJ 500018a8 (sz=16, trace=300799, class=java.util.regex.Pattern$CharPropertyNames$3@500018a5)
OBJ 500018a9 (sz=32, trace=300299, class=java.util.HashMap$Node@500000b9)
	key		5000a1ba
	value		500018a8
OBJ 500018aa (sz=16, trace=300799, class=java.util.regex.Pattern$CharPropertyNames$3@500018a5)
OBJ 500018ab (sz=32, trace=300299, class=java.util.HashMap$Node@500000b9)
	key		5000a1bb
	value		500018aa
	next		500018bc
OBJ 500018ac (sz=16, trace=300799, class=java.util.regex.Pattern$CharPropertyNames$3@500018a5)
OBJ 500018ad (sz=32, trace=300299, class=java.util.HashMap$Node@500000b9)
	key		5000a1bc
	value		500018ac
	next		500018ba
OBJ 500018ae (sz=24, trace=300795, class=java.util.regex.Pattern$CharPropertyNames$2@5000189d)
OBJ 500018af (sz=32, trace=300283, class=java.util.HashMap$Node@500000b9)
	key		5000a1bd
	value		500018ae
OBJ 500018b0 (sz=16, trace=300799, class=java.util.regex.Pattern$CharPropertyNames$3@500018a5)
OBJ 500018b1 (sz=32, trace=300283, class=java.util.HashMap$Node@500000b9)
	key		5000a1be
	value		500018b0
OBJ 500018b2 (sz=24, trace=300795, class=java.util.regex.Pattern$CharPropertyNames$2@5000189d)
OBJ 500018b3 (sz=32, trace=300283, class=java.util.HashMap$Node@500000b9)
	key		5000a1bf
	value		500018b2
ARR 500018b4 (sz=528, trace=300800, nelems=125, elem type=java.util.HashMap$Node[]@500000b8)
	[0]		5000186d
	[2]		500018b3
	[3]		5000186f
	[4]		500018b8
	[8]		500018f5
	[11]		5000184e
	[12]		50001871
	[16]		50001873
	[17]		500018b6
	[19]		5000187b
	[20]		50001875
	[21]		50001879
	[22]		5000188a
	[23]		500018d9
	[25]		50001888
	[29]		500018a7
	[31]		5000187d
	[32]		50001852
	[33]		50001856
	[35]		50001858
	[39]		500018fd
	[40]		50001854
	[41]		50001850
	[44]		500018be
	[48]		500018ed
	[51]		500018b1
	[52]		500018dd
	[54]		5000185e
	[56]		5000185c
	[58]		500018f9
	[60]		500018e1
	[65]		5000185a
	[67]		50001894
	[68]		500018f1
	[72]		500018c5
	[74]		50001909
	[76]		5000188c
	[77]		5000188e
	[78]		50001890
	[80]		50001896
	[82]		50001869
	[83]		50001898
	[84]		500018e9
	[86]		50001860
	[89]		50001866
	[90]		50001892
	[94]		50001862
	[96]		500018ab
	[97]		50001864
	[98]		500018af
	[101]		5000189f
	[103]		50001901
	[112]		50001882
	[116]		500018c9
	[119]		5000189a
	[120]		50001884
	[122]		5000187f
	[124]		50001886
OBJ 500018b5 (sz=24, trace=300795, class=java.util.regex.Pattern$CharPropertyNames$2@5000189d)
OBJ 500018b6 (sz=32, trace=300283, class=java.util.HashMap$Node@500000b9)
	key		5000a1c0
	value		500018b5
OBJ 500018b7 (sz=16, trace=300799, class=java.util.regex.Pattern$CharPropertyNames$3@500018a5)
OBJ 500018b8 (sz=32, trace=300283, class=java.util.HashMap$Node@500000b9)
	key		5000a1c1
	value		500018b7
OBJ 500018b9 (sz=16, trace=300799, class=java.util.regex.Pattern$CharPropertyNames$3@500018a5)
OBJ 500018ba (sz=32, trace=300299, class=java.util.HashMap$Node@500000b9)
	key		5000a1c2
	value		500018b9
	next		500018cd
OBJ 500018bb (sz=24, trace=300795, class=java.util.regex.Pattern$CharPropertyNames$2@5000189d)
OBJ 500018bc (sz=32, trace=300299, class=java.util.HashMap$Node@500000b9)
	key		5000a1c3
	value		500018bb
OBJ 500018bd (sz=16, trace=300799, class=java.util.regex.Pattern$CharPropertyNames$3@500018a5)
OBJ 500018be (sz=32, trace=300283, class=java.util.HashMap$Node@500000b9)
	key		5000a1c4
	value		500018bd
OBJ 500018c2 (sz=16, trace=300802, class=java.util.regex.Pattern$CharPropertyNames$6@500018c1)
	next		5000183d
OBJ 500018c4 (sz=16, trace=300804, class=java.util.regex.Pattern$CharPropertyNames$4@500018c3)
	val$p		500018c2
OBJ 500018c5 (sz=32, trace=300283, class=java.util.HashMap$Node@500000b9)
	key		5000a1c5
	value		500018c4
	next		50001905
OBJ 500018c7 (sz=16, trace=300802, class=java.util.regex.Pattern$CharPropertyNames$7@500018c6)
	next		5000183d
OBJ 500018c8 (sz=16, trace=300804, class=java.util.regex.Pattern$CharPropertyNames$4@500018c3)
	val$p		500018c7
OBJ 500018c9 (sz=32, trace=300283, class=java.util.HashMap$Node@500000b9)
	key		5000a1c6
	value		500018c8
OBJ 500018cb (sz=16, trace=300802, class=java.util.regex.Pattern$CharPropertyNames$8@500018ca)
	next		5000183d
OBJ 500018cc (sz=16, trace=300804, class=java.util.regex.Pattern$CharPropertyNames$4@500018c3)
	val$p		500018cb
OBJ 500018cd (sz=32, trace=300299, class=java.util.HashMap$Node@500000b9)
	key		5000a1c7
	value		500018cc
OBJ 500018cf (sz=16, trace=300802, class=java.util.regex.Pattern$CharPropertyNames$9@500018ce)
	next		5000183d
OBJ 500018d0 (sz=16, trace=300804, class=java.util.regex.Pattern$CharPropertyNames$4@500018c3)
	val$p		500018cf
OBJ 500018d1 (sz=32, trace=300299, class=java.util.HashMap$Node@500000b9)
	key		5000a1c8
	value		500018d0
OBJ 500018d3 (sz=16, trace=300802, class=java.util.regex.Pattern$CharPropertyNames$10@500018d2)
	next		5000183d
OBJ 500018d4 (sz=16, trace=300804, class=java.util.regex.Pattern$CharPropertyNames$4@500018c3)
	val$p		500018d3
OBJ 500018d5 (sz=32, trace=300299, class=java.util.HashMap$Node@500000b9)
	key		5000a1c9
	value		500018d4
OBJ 500018d7 (sz=16, trace=300802, class=java.util.regex.Pattern$CharPropertyNames$11@500018d6)
	next		5000183d
OBJ 500018d8 (sz=16, trace=300804, class=java.util.regex.Pattern$CharPropertyNames$4@500018c3)
	val$p		500018d7
OBJ 500018d9 (sz=32, trace=300283, class=java.util.HashMap$Node@500000b9)
	key		5000a1ca
	value		500018d8
OBJ 500018db (sz=16, trace=300802, class=java.util.regex.Pattern$CharPropertyNames$12@500018da)
	next		5000183d
OBJ 500018dc (sz=16, trace=300804, class=java.util.regex.Pattern$CharPropertyNames$4@500018c3)
	val$p		500018db
OBJ 500018dd (sz=32, trace=300283, class=java.util.HashMap$Node@500000b9)
	key		5000a1cb
	value		500018dc
OBJ 500018df (sz=16, trace=300802, class=java.util.regex.Pattern$CharPropertyNames$13@500018de)
	next		5000183d
OBJ 500018e0 (sz=16, trace=300804, class=java.util.regex.Pattern$CharPropertyNames$4@500018c3)
	val$p		500018df
OBJ 500018e1 (sz=32, trace=300283, class=java.util.HashMap$Node@500000b9)
	key		5000a1cc
	value		500018e0
OBJ 500018e3 (sz=16, trace=300802, class=java.util.regex.Pattern$CharPropertyNames$14@500018e2)
	next		5000183d
OBJ 500018e4 (sz=16, trace=300804, class=java.util.regex.Pattern$CharPropertyNames$4@500018c3)
	val$p		500018e3
OBJ 500018e5 (sz=32, trace=300299, class=java.util.HashMap$Node@500000b9)
	key		5000a1cd
	value		500018e4
OBJ 500018e7 (sz=16, trace=300802, class=java.util.regex.Pattern$CharPropertyNames$15@500018e6)
	next		5000183d
OBJ 500018e8 (sz=16, trace=300804, class=java.util.regex.Pattern$CharPropertyNames$4@500018c3)
	val$p		500018e7
OBJ 500018e9 (sz=32, trace=300283, class=java.util.HashMap$Node@500000b9)
	key		5000a1ce
	value		500018e8
OBJ 500018eb (sz=16, trace=300802, class=java.util.regex.Pattern$CharPropertyNames$16@500018ea)
	next		5000183d
OBJ 500018ec (sz=16, trace=300804, class=java.util.regex.Pattern$CharPropertyNames$4@500018c3)
	val$p		500018eb
OBJ 500018ed (sz=32, trace=300283, class=java.util.HashMap$Node@500000b9)
	key		5000a1cf
	value		500018ec
OBJ 500018ef (sz=16, trace=300802, class=java.util.regex.Pattern$CharPropertyNames$17@500018ee)
	next		5000183d
OBJ 500018f0 (sz=16, trace=300804, class=java.util.regex.Pattern$CharPropertyNames$4@500018c3)
	val$p		500018ef
OBJ 500018f1 (sz=32, trace=300283, class=java.util.HashMap$Node@500000b9)
	key		5000a1d0
	value		500018f0
OBJ 500018f3 (sz=16, trace=300802, class=java.util.regex.Pattern$CharPropertyNames$18@500018f2)
	next		5000183d
OBJ 500018f4 (sz=16, trace=300804, class=java.util.regex.Pattern$CharPropertyNames$4@500018c3)
	val$p		500018f3
OBJ 500018f5 (sz=32, trace=300283, class=java.util.HashMap$Node@500000b9)
	key		5000a1d1
	value		500018f4
OBJ 500018f7 (sz=16, trace=300802, class=java.util.regex.Pattern$CharPropertyNames$19@500018f6)
	next		5000183d
OBJ 500018f8 (sz=16, trace=300804, class=java.util.regex.Pattern$CharPropertyNames$4@500018c3)
	val$p		500018f7
OBJ 500018f9 (sz=32, trace=300283, class=java.util.HashMap$Node@500000b9)
	key		5000a1d2
	value		500018f8
OBJ 500018fb (sz=16, trace=300802, class=java.util.regex.Pattern$CharPropertyNames$20@500018fa)
	next		5000183d
OBJ 500018fc (sz=16, trace=300804, class=java.util.regex.Pattern$CharPropertyNames$4@500018c3)
	val$p		500018fb
OBJ 500018fd (sz=32, trace=300283, class=java.util.HashMap$Node@500000b9)
	key		5000a1d3
	value		500018fc
OBJ 500018ff (sz=16, trace=300802, class=java.util.regex.Pattern$CharPropertyNames$21@500018fe)
	next		5000183d
OBJ 50001900 (sz=16, trace=300804, class=java.util.regex.Pattern$CharPropertyNames$4@500018c3)
	val$p		500018ff
OBJ 50001901 (sz=32, trace=300283, class=java.util.HashMap$Node@500000b9)
	key		5000a1d4
	value		50001900
OBJ 50001903 (sz=16, trace=300802, class=java.util.regex.Pattern$CharPropertyNames$22@50001902)
	next		5000183d
OBJ 50001904 (sz=16, trace=300804, class=java.util.regex.Pattern$CharPropertyNames$4@500018c3)
	val$p		50001903
OBJ 50001905 (sz=32, trace=300299, class=java.util.HashMap$Node@500000b9)
	key		5000a1d5
	value		50001904
OBJ 50001907 (sz=16, trace=300802, class=java.util.regex.Pattern$CharPropertyNames$23@50001906)
	next		5000183d
OBJ 50001908 (sz=16, trace=300804, class=java.util.regex.Pattern$CharPropertyNames$4@500018c3)
	val$p		50001907
OBJ 50001909 (sz=32, trace=300283, class=java.util.HashMap$Node@500000b9)
	key		5000a1d6
	value		50001908
OBJ 5000190b (sz=32, trace=300823, class=java.util.regex.Pattern$Curly@5000190a)
	next		5000183f
	atom		5000a186
OBJ 50001911 (sz=24, trace=300828, class=java.util.regex.Pattern$Start@50001910)
	next		5000190b
OBJ 50001913 (sz=32, trace=301763, class=Line@50006f05)
OBJ 50001914 (sz=72, trace=300831, class=java.util.regex.Pattern@50001839)
	pattern		5000a180
	normalizedPattern	5000a180
	root		5000191b
	matchRoot	5000191a
OBJ 50001915 (sz=16, trace=301715, class=java.lang.Integer@5000010c)
ARR 50001916 (sz=24, trace=301762, nelems=0, elem type=int[])
OBJ 50001917 (sz=32, trace=301713, class=java.util.ArrayList$Itr@50001974)
OBJ 50001919 (sz=16, trace=300836, class=java.util.regex.Pattern$All@50001918)
	next		5000183d
OBJ 5000191a (sz=32, trace=300837, class=java.util.regex.Pattern$Curly@5000190a)
	next		5000183f
	atom		50001919
OBJ 5000191b (sz=24, trace=300828, class=java.util.regex.Pattern$Start@50001910)
	next		5000191a
OBJ 5000191c (sz=32, trace=301763, class=Line@50006f05)
OBJ 5000191d (sz=72, trace=300838, class=java.util.regex.Pattern@50001839)
	pattern		5000a181
	normalizedPattern	5000a181
	root		5000192f
	matchRoot	5000192e
OBJ 5000191e (sz=16, trace=301715, class=java.lang.Integer@5000010c)
ARR 5000191f (sz=24, trace=301762, nelems=0, elem type=int[])
OBJ 50001920 (sz=32, trace=301713, class=java.util.ArrayList$Itr@50001974)
OBJ 50001923 (sz=32, trace=301763, class=Line@50006f05)
OBJ 50001924 (sz=16, trace=301715, class=java.lang.Integer@5000010c)
ARR 50001925 (sz=24, trace=301762, nelems=0, elem type=int[])
OBJ 50001926 (sz=32, trace=301713, class=java.util.ArrayList$Itr@50001974)
OBJ 50001927 (sz=32, trace=301763, class=Line@50006f05)
ARR 50001928 (sz=24, trace=301762, nelems=0, elem type=int[])
OBJ 5000192a (sz=24, trace=300849, class=java.util.regex.Pattern$1@50001929)
	next		5000183d
OBJ 5000192c (sz=24, trace=300851, class=java.util.regex.Pattern$CharProperty$1@5000192b)
	next		5000183d
	this$0		5000192a
OBJ 5000192e (sz=24, trace=300853, class=java.util.regex.Pattern$6@5000192d)
	next		5000183f
	val$lhs		5000a229
	val$rhs		5000192c
OBJ 5000192f (sz=24, trace=300828, class=java.util.regex.Pattern$Start@50001910)
	next		5000192e
OBJ 50001930 (sz=32, trace=301713, class=java.util.ArrayList$Itr@50001974)
OBJ 50001931 (sz=24, trace=300854, class=java.io.InputStreamReader@50000039)
OBJ 50001932 (sz=40, trace=300316, class=sun.nio.cs.UTF_8$Decoder@50000094)
OBJ 50001933 (sz=48, trace=300317, class=sun.nio.cs.StreamDecoder@50000037)
ARR 50001934 (sz=8208, trace=300318, nelems=0, elem type=byte[])
OBJ 50001935 (sz=48, trace=300319, class=java.nio.HeapByteBuffer@5000006f)
OBJ 50001936 (sz=136, trace=300855, class=java.util.Scanner@50001838)
OBJ 50001939 (sz=24, trace=300857, class=java.util.Scanner$1@50001938)
ARR 5000193a (sz=2064, trace=300858, nelems=0, elem type=char[])
OBJ 5000193b (sz=48, trace=300381, class=java.nio.HeapCharBuffer@50000035)
OBJ 5000193e (sz=64, trace=300860, class=java.util.regex.Matcher@5000193d)
OBJ 5000193f (sz=32, trace=301763, class=Line@50006f05)
OBJ 50001940 (sz=16, trace=301715, class=java.lang.Integer@5000010c)
OBJ 50001942 (sz=40, trace=300864, class=java.util.Locale$Category@50001941)
	name		5000a48c
	languageKey	5000a48d
	scriptKey	5000a48e
	countryKey	5000a48f
	variantKey	5000a490
OBJ 50001943 (sz=40, trace=300865, class=java.util.Locale$Category@50001941)
	name		5000a491
	languageKey	5000a492
	scriptKey	5000a493
	countryKey	5000a494
	variantKey	5000a495
ARR 50001945 (sz=24, trace=300866, nelems=2, elem type=java.util.Locale$Category[]@50001944)
	[0]		50001942
	[1]		50001943
ARR 50001947 (sz=8, trace=300868, nelems=2, elem type=int[])
ARR 50001948 (sz=24, trace=301762, nelems=0, elem type=int[])
OBJ 50001949 (sz=32, trace=301713, class=java.util.ArrayList$Itr@50001974)
OBJ 5000194a (sz=32, trace=301763, class=Line@50006f05)
OBJ 5000194b (sz=16, trace=301715, class=java.lang.Integer@5000010c)
ARR 5000194c (sz=24, trace=301762, nelems=0, elem type=int[])
OBJ 5000194d (sz=32, trace=301713, class=java.util.ArrayList$Itr@50001974)
OBJ 5000194e (sz=32, trace=301763, class=Line@50006f05)
OBJ 5000194f (sz=16, trace=301715, class=java.lang.Integer@5000010c)
ARR 50001950 (sz=24, trace=301762, nelems=0, elem type=int[])
OBJ 50001951 (sz=32, trace=301713, class=java.util.ArrayList$Itr@50001974)
OBJ 50001959 (sz=72, trace=300883, class=sun.util.locale.provider.JRELocaleProviderAdapter@50001958)
	langtagSets	5000195a
	localeResourcesMap	5000195b
	localeData	50001b96
	decimalFormatSymbolsProvider	50001fbf
	numberFormatProvider	50001b3e
	currencyNameProvider	500022b1
OBJ 5000195a (sz=64, trace=300884, class=java.util.concurrent.ConcurrentHashMap@50000027)
	table		50001b3c
OBJ 5000195b (sz=64, trace=300885, class=java.util.concurrent.ConcurrentHashMap@50000027)
	table		50001b97
OBJ 5000195f (sz=16, trace=300888, class=sun.util.locale.provider.AuxLocaleProviderAdapter$NullProvider@5000195e)
OBJ 50001960 (sz=16, trace=300889, class=sun.util.locale.provider.SPILocaleProviderAdapter@5000195d)
	providersMap	50001961
OBJ 50001961 (sz=64, trace=300890, class=java.util.concurrent.ConcurrentHashMap@50000027)
	table		5000230d
OBJ 50001962 (sz=64, trace=300891, class=java.util.concurrent.ConcurrentHashMap@50000027)
	table		50001970
OBJ 50001963 (sz=32, trace=301763, class=Line@50006f05)
OBJ 50001964 (sz=24, trace=300893, class=java.util.ArrayList@500000c5)
	elementData	5000196d
OBJ 50001966 (sz=32, trace=300895, class=sun.util.locale.provider.LocaleProviderAdapter$Type@50001965)
	name		5000a421
	UTIL_RESOURCES_PACKAGE	5000a422
	TEXT_RESOURCES_PACKAGE	5000a423
OBJ 50001967 (sz=32, trace=300896, class=sun.util.locale.provider.LocaleProviderAdapter$Type@50001965)
	name		5000a424
	UTIL_RESOURCES_PACKAGE	5000a425
	TEXT_RESOURCES_PACKAGE	5000a426
OBJ 50001968 (sz=32, trace=300897, class=sun.util.locale.provider.LocaleProviderAdapter$Type@50001965)
	name		5000a427
OBJ 50001969 (sz=32, trace=300898, class=sun.util.locale.provider.LocaleProviderAdapter$Type@50001965)
	name		5000a428
OBJ 5000196a (sz=32, trace=300899, class=sun.util.locale.provider.LocaleProviderAdapter$Type@50001965)
	name		5000a429
	UTIL_RESOURCES_PACKAGE	5000a422
	TEXT_RESOURCES_PACKAGE	5000a423
ARR 5000196c (sz=40, trace=300900, nelems=5, elem type=sun.util.locale.provider.LocaleProviderAdapter$Type[]@5000196b)
	[0]		50001966
	[1]		50001967
	[2]		50001968
	[3]		50001969
	[4]		5000196a
ARR 5000196d (sz=56, trace=300281, nelems=2, elem type=java.lang.Object[]@5000010a)
	[0]		50001966
	[1]		50001968
OBJ 5000196e (sz=24, trace=300901, class=java.util.Collections$UnmodifiableRandomAccessList@500000bc)
	c		50001964
	list		50001964
OBJ 5000196f (sz=64, trace=300902, class=java.util.concurrent.ConcurrentHashMap@50000027)
	table		50001b8d
ARR 50001970 (sz=80, trace=300903, nelems=16, elem type=java.util.concurrent.ConcurrentHashMap$Node[]@5000001f)
	[1]		50001971
	[15]		50001fb9
OBJ 50001971 (sz=32, trace=300904, class=java.util.concurrent.ConcurrentHashMap$Node@50000020)
	key		50001955
	val		5000196f
OBJ 50001973 (sz=16, trace=301715, class=java.lang.Integer@5000010c)
ARR 50001975 (sz=24, trace=301762, nelems=0, elem type=int[])
ARR 50001977 (sz=20, trace=300910, nelems=5, elem type=int[])
OBJ 50001978 (sz=32, trace=301713, class=java.util.ArrayList$Itr@50001974)
OBJ 50001979 (sz=32, trace=301763, class=Line@50006f05)
OBJ 5000197d (sz=48, trace=300915, class=java.util.HashMap@500000ba)
	table		50001986
OBJ 5000197e (sz=16, trace=301715, class=java.lang.Integer@5000010c)
OBJ 5000197f (sz=32, trace=300283, class=java.util.HashMap$Node@500000b9)
	key		5000a439
	value		5000a456
	next		50001980
OBJ 50001980 (sz=32, trace=300299, class=java.util.HashMap$Node@500000b9)
	key		5000a457
	value		5000a458
	next		50001987
OBJ 50001981 (sz=32, trace=300283, class=java.util.HashMap$Node@500000b9)
	key		5000a459
	value		5000a45a
	next		50001983
OBJ 50001982 (sz=32, trace=300299, class=java.util.HashMap$Node@500000b9)
	key		5000a45b
	value		5000a45a
OBJ 50001983 (sz=32, trace=300299, class=java.util.HashMap$Node@500000b9)
	key		5000a45c
	value		5000a45d
OBJ 50001984 (sz=32, trace=300283, class=java.util.HashMap$Node@500000b9)
	key		5000a45e
	value		5000a45f
OBJ 50001985 (sz=32, trace=300283, class=java.util.HashMap$Node@500000b9)
	key		5000a43b
	value		5000a460
ARR 50001986 (sz=80, trace=300917, nelems=10, elem type=java.util.HashMap$Node[]@500000b8)
	[1]		50001982
	[3]		50001985
	[4]		50001988
	[6]		5000197f
	[7]		50001984
	[9]		50001981
OBJ 50001987 (sz=32, trace=300299, class=java.util.HashMap$Node@500000b9)
	key		5000a461
	value		5000a462
OBJ 50001988 (sz=32, trace=300283, class=java.util.HashMap$Node@500000b9)
	key		5000a463
	value		5000a464
OBJ 50001989 (sz=16, trace=300918, class=java.util.HashSet@50000005)
	map		5000198a
OBJ 5000198a (sz=48, trace=300919, class=java.util.HashMap@500000ba)
	table		50001ac3
ARR 5000198b (sz=24, trace=301762, nelems=0, elem type=int[])
OBJ 5000198c (sz=24, trace=300921, class=java.lang.String@5000016f)
	value		5000198d
ARR 5000198d (sz=4, trace=300922, nelems=2, elem type=char[])
OBJ 5000198e (sz=32, trace=301713, class=java.util.ArrayList$Itr@50001974)
OBJ 5000198f (sz=32, trace=300283, class=java.util.HashMap$Node@500000b9)
	key		5000198c
	value		50009fee
OBJ 50001990 (sz=24, trace=300921, class=java.lang.String@5000016f)
	value		50001991
ARR 50001991 (sz=10, trace=300922, nelems=5, elem type=char[])
OBJ 50001992 (sz=32, trace=300299, class=java.util.HashMap$Node@500000b9)
	key		50001990
	value		50009fee
	next		500019ca
OBJ 50001993 (sz=24, trace=300921, class=java.lang.String@5000016f)
	value		50001994
ARR 50001994 (sz=10, trace=300922, nelems=5, elem type=char[])
OBJ 50001995 (sz=32, trace=300283, class=java.util.HashMap$Node@500000b9)
	key		50001993
	value		50009fee
	next		50001a4d
OBJ 50001996 (sz=24, trace=300921, class=java.lang.String@5000016f)
	value		50001997
ARR 50001997 (sz=10, trace=300922, nelems=5, elem type=char[])
OBJ 50001998 (sz=32, trace=300283, class=java.util.HashMap$Node@500000b9)
	key		50001996
	value		50009fee
	next		50001abc
OBJ 50001999 (sz=24, trace=300921, class=java.lang.String@5000016f)
	value		5000199a
ARR 5000199a (sz=10, trace=300922, nelems=5, elem type=char[])
OBJ 5000199b (sz=32, trace=300283, class=java.util.HashMap$Node@500000b9)
	key		50001999
	value		50009fee
OBJ 5000199c (sz=24, trace=300921, class=java.lang.String@5000016f)
	value		5000199d
ARR 5000199d (sz=10, trace=300922, nelems=5, elem type=char[])
OBJ 5000199e (sz=32, trace=300283, class=java.util.HashMap$Node@500000b9)
	key		5000199c
	value		50009fee
	next		50001a0d
OBJ 5000199f (sz=24, trace=300921, class=java.lang.String@5000016f)
	value		500019a0
ARR 500019a0 (sz=10, trace=300922, nelems=5, elem type=char[])
OBJ 500019a1 (sz=32, trace=300283, class=java.util.HashMap$Node@500000b9)
	key		5000199f
	value		50009fee
	next		50001aa4
OBJ 500019a2 (sz=24, trace=300921, class=java.lang.String@5000016f)
	value		500019a3
ARR 500019a3 (sz=10, trace=300922, nelems=5, elem type=char[])
OBJ 500019a4 (sz=32, trace=300299, class=java.util.HashMap$Node@500000b9)
	key		500019a2
	value		50009fee
OBJ 500019a5 (sz=24, trace=300921, class=java.lang.String@5000016f)
	value		500019a6
ARR 500019a6 (sz=10, trace=300922, nelems=5, elem type=char[])
OBJ 500019a7 (sz=32, trace=300283, class=java.util.HashMap$Node@500000b9)
	key		500019a5
	value		50009fee
OBJ 500019a8 (sz=24, trace=300921, class=java.lang.String@5000016f)
	value		500019a9
ARR 500019a9 (sz=10, trace=300922, nelems=5, elem type=char[])
OBJ 500019aa (sz=32, trace=300299, class=java.util.HashMap$Node@500000b9)
	key		500019a8
	value		50009fee
	next		50001a7a
OBJ 500019ab (sz=24, trace=300921, class=java.lang.String@5000016f)
	value		500019ac
ARR 500019ac (sz=10, trace=300922, nelems=5, elem type=char[])
OBJ 500019ad (sz=32, trace=300299, class=java.util.HashMap$Node@500000b9)
	key		500019ab
	value		50009fee
OBJ 500019ae (sz=24, trace=300921, class=java.lang.String@5000016f)
	value		500019af
ARR 500019af (sz=10, trace=300922, nelems=5, elem type=char[])
OBJ 500019b0 (sz=32, trace=300299, class=java.util.HashMap$Node@500000b9)
	key		500019ae
	value		50009fee
	next		50001a6b
OBJ 500019b1 (sz=32, trace=301763, class=Line@50006f05)
OBJ 500019b2 (sz=16, trace=301715, class=java.lang.Integer@5000010c)
ARR 500019b3 (sz=24, trace=301762, nelems=0, elem type=int[])
OBJ 500019b4 (sz=32, trace=301713, class=java.util.ArrayList$Itr@50001974)
OBJ 500019b5 (sz=32, trace=301763, class=Line@50006f05)
ARR 500019b6 (sz=24, trace=301762, nelems=0, elem type=int[])
OBJ 500019b7 (sz=32, trace=301713, class=java.util.ArrayList$Itr@50001974)
OBJ 500019b8 (sz=32, trace=301763, class=Line@50006f05)
OBJ 500019b9 (sz=16, trace=301715, class=java.lang.Integer@5000010c)
ARR 500019ba (sz=24, trace=301762, nelems=0, elem type=int[])
OBJ 500019bc (sz=32, trace=301713, class=java.util.ArrayList$Itr@50001974)
OBJ 500019bd (sz=32, trace=301763, class=Line@50006f05)
OBJ 500019be (sz=16, trace=301715, class=java.lang.Integer@5000010c)
ARR 500019bf (sz=24, trace=301762, nelems=0, elem type=int[])
OBJ 500019c0 (sz=32, trace=301713, class=java.util.ArrayList$Itr@50001974)
OBJ 500019c1 (sz=24, trace=300921, class=java.lang.String@5000016f)
	value		500019c2
ARR 500019c2 (sz=4, trace=300922, nelems=2, elem type=char[])
OBJ 500019c3 (sz=32, trace=300299, class=java.util.HashMap$Node@500000b9)
	key		500019c1
	value		50009fee
	next		50001ad2
OBJ 500019c4 (sz=32, trace=301763, class=Line@50006f05)
OBJ 500019c5 (sz=24, trace=300921, class=java.lang.String@5000016f)
	value		500019c6
ARR 500019c6 (sz=10, trace=300922, nelems=5, elem type=char[])
OBJ 500019c7 (sz=32, trace=300299, class=java.util.HashMap$Node@500000b9)
	key		500019c5
	value		50009fee
	next		50001a44
OBJ 500019c8 (sz=24, trace=300921, class=java.lang.String@5000016f)
	value		500019c9
ARR 500019c9 (sz=10, trace=300922, nelems=5, elem type=char[])
OBJ 500019ca (sz=32, trace=300299, class=java.util.HashMap$Node@500000b9)
	key		500019c8
	value		50009fee
OBJ 500019cb (sz=24, trace=300921, class=java.lang.String@5000016f)
	value		500019cc
ARR 500019cc (sz=10, trace=300922, nelems=5, elem type=char[])
OBJ 500019cd (sz=32, trace=300299, class=java.util.HashMap$Node@500000b9)
	key		500019cb
	value		50009fee
OBJ 500019ce (sz=24, trace=300921, class=java.lang.String@5000016f)
	value		500019cf
ARR 500019cf (sz=4, trace=300922, nelems=2, elem type=char[])
OBJ 500019d0 (sz=32, trace=300299, class=java.util.HashMap$Node@500000b9)
	key		500019ce
	value		50009fee
	next		50001a6e
OBJ 500019d1 (sz=24, trace=300921, class=java.lang.String@5000016f)
	value		500019d2
ARR 500019d2 (sz=10, trace=300922, nelems=5, elem type=char[])
OBJ 500019d3 (sz=32, trace=300283, class=java.util.HashMap$Node@500000b9)
	key		500019d1
	value		50009fee
OBJ 500019d4 (sz=24, trace=300921, class=java.lang.String@5000016f)
	value		500019d5
ARR 500019d5 (sz=4, trace=300922, nelems=2, elem type=char[])
OBJ 500019d6 (sz=32, trace=300283, class=java.util.HashMap$Node@500000b9)
	key		500019d4
	value		50009fee
	next		50001a35
OBJ 500019d7 (sz=24, trace=300921, class=java.lang.String@5000016f)
	value		500019d8
ARR 500019d8 (sz=10, trace=300922, nelems=5, elem type=char[])
OBJ 500019d9 (sz=32, trace=300299, class=java.util.HashMap$Node@500000b9)
	key		500019d7
	value		50009fee
	next		50001af0
OBJ 500019da (sz=24, trace=300921, class=java.lang.String@5000016f)
	value		500019db
ARR 500019db (sz=4, trace=300922, nelems=2, elem type=char[])
OBJ 500019dc (sz=32, trace=300299, class=java.util.HashMap$Node@500000b9)
	key		500019da
	value		50009fee
	next		50001af6
OBJ 500019dd (sz=24, trace=300921, class=java.lang.String@5000016f)
	value		500019de
ARR 500019de (sz=10, trace=300922, nelems=5, elem type=char[])
OBJ 500019df (sz=32, trace=300283, class=java.util.HashMap$Node@500000b9)
	key		500019dd
	value		50009fee
	next		500019f8
OBJ 500019e0 (sz=24, trace=300921, class=java.lang.String@5000016f)
	value		500019e1
ARR 500019e1 (sz=4, trace=300922, nelems=2, elem type=char[])
OBJ 500019e2 (sz=32, trace=300283, class=java.util.HashMap$Node@500000b9)
	key		500019e0
	value		50009fee
OBJ 500019e3 (sz=24, trace=300921, class=java.lang.String@5000016f)
	value		500019e4
ARR 500019e4 (sz=10, trace=300922, nelems=5, elem type=char[])
OBJ 500019e5 (sz=32, trace=300283, class=java.util.HashMap$Node@500000b9)
	key		500019e3
	value		50009fee
OBJ 500019e6 (sz=24, trace=300921, class=java.lang.String@5000016f)
	value		500019e7
ARR 500019e7 (sz=4, trace=300922, nelems=2, elem type=char[])
OBJ 500019e8 (sz=32, trace=300299, class=java.util.HashMap$Node@500000b9)
	key		500019e6
	value		50009fee
OBJ 500019e9 (sz=16, trace=301715, class=java.lang.Integer@5000010c)
OBJ 500019ea (sz=24, trace=300921, class=java.lang.String@5000016f)
	value		500019eb
ARR 500019eb (sz=10, trace=300922, nelems=5, elem type=char[])
OBJ 500019ec (sz=32, trace=300283, class=java.util.HashMap$Node@500000b9)
	key		500019ea
	value		50009fee
OBJ 500019ed (sz=24, trace=300921, class=java.lang.String@5000016f)
	value		500019ee
ARR 500019ee (sz=4, trace=300922, nelems=2, elem type=char[])
OBJ 500019ef (sz=32, trace=300299, class=java.util.HashMap$Node@500000b9)
	key		500019ed
	value		50009fee
	next		50001b26
OBJ 500019f0 (sz=24, trace=300921, class=java.lang.String@5000016f)
	value		500019f1
ARR 500019f1 (sz=10, trace=300922, nelems=5, elem type=char[])
OBJ 500019f2 (sz=32, trace=300283, class=java.util.HashMap$Node@500000b9)
	key		500019f0
	value		50009fee
OBJ 500019f3 (sz=24, trace=300921, class=java.lang.String@5000016f)
	value		500019f4
ARR 500019f4 (sz=10, trace=300922, nelems=5, elem type=char[])
OBJ 500019f5 (sz=32, trace=300299, class=java.util.HashMap$Node@500000b9)
	key		500019f3
	value		50009fee
	next		50001a95
OBJ 500019f6 (sz=24, trace=300921, class=java.lang.String@5000016f)
	value		500019f7
ARR 500019f7 (sz=10, trace=300922, nelems=5, elem type=char[])
OBJ 500019f8 (sz=32, trace=300299, class=java.util.HashMap$Node@500000b9)
	key		500019f6
	value		50009fee
OBJ 500019f9 (sz=24, trace=300921, class=java.lang.String@5000016f)
	value		500019fa
ARR 500019fa (sz=10, trace=300922, nelems=5, elem type=char[])
OBJ 500019fb (sz=32, trace=300299, class=java.util.HashMap$Node@500000b9)
	key		500019f9
	value		50009fee
OBJ 500019fc (sz=24, trace=300921, class=java.lang.String@5000016f)
	value		500019fd
ARR 500019fd (sz=4, trace=300922, nelems=2, elem type=char[])
OBJ 500019fe (sz=32, trace=300283, class=java.util.HashMap$Node@500000b9)
	key		500019fc
	value		50009fee
	next		50001ab6
OBJ 500019ff (sz=24, trace=300921, class=java.lang.String@5000016f)
	value		50001a00
ARR 50001a00 (sz=10, trace=300922, nelems=5, elem type=char[])
OBJ 50001a01 (sz=32, trace=300299, class=java.util.HashMap$Node@500000b9)
	key		500019ff
	value		50009fee
OBJ 50001a02 (sz=24, trace=300921, class=java.lang.String@5000016f)
	value		50001a03
ARR 50001a03 (sz=10, trace=300922, nelems=5, elem type=char[])
OBJ 50001a04 (sz=32, trace=300299, class=java.util.HashMap$Node@500000b9)
	key		50001a02
	value		50009fee
OBJ 50001a05 (sz=24, trace=300921, class=java.lang.String@5000016f)
	value		50001a06
ARR 50001a06 (sz=4, trace=300922, nelems=2, elem type=char[])
OBJ 50001a07 (sz=32, trace=300283, class=java.util.HashMap$Node@500000b9)
	key		50001a05
	value		50009fee
OBJ 50001a08 (sz=24, trace=300921, class=java.lang.String@5000016f)
	value		50001a09
ARR 50001a09 (sz=10, trace=300922, nelems=5, elem type=char[])
OBJ 50001a0a (sz=32, trace=300283, class=java.util.HashMap$Node@500000b9)
	key		50001a08
	value		50009fee
	next		50001b17
OBJ 50001a0b (sz=24, trace=300921, class=java.lang.String@5000016f)
	value		50001a0c
ARR 50001a0c (sz=10, trace=300922, nelems=5, elem type=char[])
OBJ 50001a0d (sz=32, trace=300299, class=java.util.HashMap$Node@500000b9)
	key		50001a0b
	value		50009fee
OBJ 50001a0e (sz=24, trace=300921, class=java.lang.String@5000016f)
	value		50001a0f
ARR 50001a0f (sz=10, trace=300922, nelems=5, elem type=char[])
OBJ 50001a10 (sz=32, trace=300283, class=java.util.HashMap$Node@500000b9)
	key		50001a0e
	value		50009fee
OBJ 50001a11 (sz=24, trace=300921, class=java.lang.String@5000016f)
	value		50001a12
ARR 50001a12 (sz=10, trace=300922, nelems=5, elem type=char[])
OBJ 50001a13 (sz=32, trace=300283, class=java.util.HashMap$Node@500000b9)
	key		50001a11
	value		50009fee
OBJ 50001a14 (sz=24, trace=300921, class=java.lang.String@5000016f)
	value		50001a15
ARR 50001a15 (sz=10, trace=300922, nelems=5, elem type=char[])
OBJ 50001a16 (sz=32, trace=300299, class=java.util.HashMap$Node@500000b9)
	key		50001a14
	value		50009fee
	next		50001a7d
OBJ 50001a17 (sz=24, trace=300921, class=java.lang.String@5000016f)
	value		50001a18
ARR 50001a18 (sz=10, trace=300922, nelems=5, elem type=char[])
OBJ 50001a19 (sz=32, trace=300283, class=java.util.HashMap$Node@500000b9)
	key		50001a17
	value		50009fee
OBJ 50001a1a (sz=24, trace=300921, class=java.lang.String@5000016f)
	value		50001a1b
ARR 50001a1b (sz=10, trace=300922, nelems=5, elem type=char[])
OBJ 50001a1c (sz=32, trace=300299, class=java.util.HashMap$Node@500000b9)
	key		50001a1a
	value		50009fee
	next		50001a3e
OBJ 50001a1d (sz=24, trace=300921, class=java.lang.String@5000016f)
	value		50001a1e
ARR 50001a1e (sz=10, trace=300922, nelems=5, elem type=char[])
OBJ 50001a1f (sz=32, trace=300299, class=java.util.HashMap$Node@500000b9)
	key		50001a1d
	value		50009fee
OBJ 50001a20 (sz=24, trace=300921, class=java.lang.String@5000016f)
	value		50001a21
ARR 50001a21 (sz=10, trace=300922, nelems=5, elem type=char[])
OBJ 50001a22 (sz=32, trace=300283, class=java.util.HashMap$Node@500000b9)
	key		50001a20
	value		50009fee
OBJ 50001a23 (sz=24, trace=300921, class=java.lang.String@5000016f)
	value		50001a24
ARR 50001a24 (sz=10, trace=300922, nelems=5, elem type=char[])
OBJ 50001a25 (sz=32, trace=300299, class=java.util.HashMap$Node@500000b9)
	key		50001a23
	value		50009fee
OBJ 50001a26 (sz=24, trace=300921, class=java.lang.String@5000016f)
	value		50001a27
ARR 50001a27 (sz=10, trace=300922, nelems=5, elem type=char[])
OBJ 50001a28 (sz=32, trace=300299, class=java.util.HashMap$Node@500000b9)
	key		50001a26
	value		50009fee
	next		50001b05
OBJ 50001a29 (sz=24, trace=300921, class=java.lang.String@5000016f)
	value		50001a2a
ARR 50001a2a (sz=10, trace=300922, nelems=5, elem type=char[])
OBJ 50001a2b (sz=32, trace=300299, class=java.util.HashMap$Node@500000b9)
	key		50001a29
	value		50009fee
OBJ 50001a2c (sz=24, trace=300921, class=java.lang.String@5000016f)
	value		50001a2d
ARR 50001a2d (sz=10, trace=300922, nelems=5, elem type=char[])
OBJ 50001a2e (sz=32, trace=300299, class=java.util.HashMap$Node@500000b9)
	key		50001a2c
	value		50009fee
	next		50001ae1
OBJ 50001a2f (sz=24, trace=300921, class=java.lang.String@5000016f)
	value		50001a30
ARR 50001a30 (sz=10, trace=300922, nelems=5, elem type=char[])
OBJ 50001a31 (sz=32, trace=300299, class=java.util.HashMap$Node@500000b9)
	key		50001a2f
	value		50009fee
ARR 50001a32 (sz=24, trace=301762, nelems=0, elem type=int[])
OBJ 50001a33 (sz=24, trace=300921, class=java.lang.String@5000016f)
	value		50001a34
ARR 50001a34 (sz=10, trace=300922, nelems=5, elem type=char[])
OBJ 50001a35 (sz=32, trace=300299, class=java.util.HashMap$Node@500000b9)
	key		50001a33
	value		50009fee
OBJ 50001a36 (sz=24, trace=300921, class=java.lang.String@5000016f)
	value		50001a37
ARR 50001a37 (sz=10, trace=300922, nelems=5, elem type=char[])
OBJ 50001a38 (sz=32, trace=300283, class=java.util.HashMap$Node@500000b9)
	key		50001a36
	value		50009fee
OBJ 50001a39 (sz=24, trace=300921, class=java.lang.String@5000016f)
	value		50001a3a
ARR 50001a3a (sz=10, trace=300922, nelems=5, elem type=char[])
OBJ 50001a3b (sz=32, trace=300283, class=java.util.HashMap$Node@500000b9)
	key		50001a39
	value		50009fee
OBJ 50001a3c (sz=24, trace=300921, class=java.lang.String@5000016f)
	value		50001a3d
ARR 50001a3d (sz=10, trace=300922, nelems=5, elem type=char[])
OBJ 50001a3e (sz=32, trace=300299, class=java.util.HashMap$Node@500000b9)
	key		50001a3c
	value		50009fee
OBJ 50001a3f (sz=24, trace=300921, class=java.lang.String@5000016f)
	value		50001a40
ARR 50001a40 (sz=10, trace=300922, nelems=5, elem type=char[])
OBJ 50001a41 (sz=32, trace=300283, class=java.util.HashMap$Node@500000b9)
	key		50001a3f
	value		50009fee
OBJ 50001a42 (sz=24, trace=300921, class=java.lang.String@5000016f)
	value		50001a43
ARR 50001a43 (sz=10, trace=300922, nelems=5, elem type=char[])
OBJ 50001a44 (sz=32, trace=300299, class=java.util.HashMap$Node@500000b9)
	key		50001a42
	value		50009fee
OBJ 50001a45 (sz=24, trace=300921, class=java.lang.String@5000016f)
	value		50001a46
ARR 50001a46 (sz=4, trace=300922, nelems=2, elem type=char[])
OBJ 50001a47 (sz=32, trace=300299, class=java.util.HashMap$Node@500000b9)
	key		50001a45
	value		50009fee
OBJ 50001a48 (sz=24, trace=300921, class=java.lang.String@5000016f)
	value		50001a49
ARR 50001a49 (sz=10, trace=300922, nelems=5, elem type=char[])
OBJ 50001a4a (sz=32, trace=300283, class=java.util.HashMap$Node@500000b9)
	key		50001a48
	value		50009fee
	next		50001a86
OBJ 50001a4b (sz=24, trace=300921, class=java.lang.String@5000016f)
	value		50001a4c
ARR 50001a4c (sz=4, trace=300922, nelems=2, elem type=char[])
OBJ 50001a4d (sz=32, trace=300299, class=java.util.HashMap$Node@500000b9)
	key		50001a4b
	value		50009fee
OBJ 50001a4e (sz=24, trace=300921, class=java.lang.String@5000016f)
	value		50001a4f
ARR 50001a4f (sz=10, trace=300922, nelems=5, elem type=char[])
OBJ 50001a50 (sz=32, trace=300283, class=java.util.HashMap$Node@500000b9)
	key		50001a4e
	value		50009fee
OBJ 50001a51 (sz=24, trace=300921, class=java.lang.String@5000016f)
	value		50001a52
ARR 50001a52 (sz=4, trace=300922, nelems=2, elem type=char[])
OBJ 50001a53 (sz=32, trace=300299, class=java.util.HashMap$Node@500000b9)
	key		50001a51
	value		50009fee
	next		50001af3
OBJ 50001a54 (sz=24, trace=300921, class=java.lang.String@5000016f)
	value		50001a55
ARR 50001a55 (sz=10, trace=300922, nelems=5, elem type=char[])
OBJ 50001a56 (sz=32, trace=300283, class=java.util.HashMap$Node@500000b9)
	key		50001a54
	value		50009fee
OBJ 50001a57 (sz=24, trace=300921, class=java.lang.String@5000016f)
	value		50001a58
ARR 50001a58 (sz=10, trace=300922, nelems=5, elem type=char[])
OBJ 50001a59 (sz=32, trace=300299, class=java.util.HashMap$Node@500000b9)
	key		50001a57
	value		50009fee
	next		50001a8c
OBJ 50001a5a (sz=24, trace=300921, class=java.lang.String@5000016f)
	value		50001a5b
ARR 50001a5b (sz=10, trace=300922, nelems=5, elem type=char[])
OBJ 50001a5c (sz=32, trace=300283, class=java.util.HashMap$Node@500000b9)
	key		50001a5a
	value		50009fee
OBJ 50001a5d (sz=24, trace=300921, class=java.lang.String@5000016f)
	value		50001a5e
ARR 50001a5e (sz=10, trace=300922, nelems=5, elem type=char[])
OBJ 50001a5f (sz=32, trace=300283, class=java.util.HashMap$Node@500000b9)
	key		50001a5d
	value		50009fee
OBJ 50001a60 (sz=24, trace=300921, class=java.lang.String@5000016f)
	value		50001a61
ARR 50001a61 (sz=4, trace=300922, nelems=2, elem type=char[])
OBJ 50001a62 (sz=32, trace=300283, class=java.util.HashMap$Node@500000b9)
	key		50001a60
	value		50009fee
OBJ 50001a63 (sz=24, trace=300921, class=java.lang.String@5000016f)
	value		50001a64
ARR 50001a64 (sz=10, trace=300922, nelems=5, elem type=char[])
OBJ 50001a65 (sz=32, trace=300283, class=java.util.HashMap$Node@500000b9)
	key		50001a63
	value		50009fee
	next		50001a92
OBJ 50001a66 (sz=24, trace=300921, class=java.lang.String@5000016f)
	value		50001a67
ARR 50001a67 (sz=10, trace=300922, nelems=5, elem type=char[])
OBJ 50001a68 (sz=32, trace=300283, class=java.util.HashMap$Node@500000b9)
	key		50001a66
	value		50009fee
OBJ 50001a69 (sz=24, trace=300921, class=java.lang.String@5000016f)
	value		50001a6a
ARR 50001a6a (sz=4, trace=300922, nelems=2, elem type=char[])
OBJ 50001a6b (sz=32, trace=300299, class=java.util.HashMap$Node@500000b9)
	key		50001a69
	value		50009fee
OBJ 50001a6c (sz=24, trace=300921, class=java.lang.String@5000016f)
	value		50001a6d
ARR 50001a6d (sz=10, trace=300922, nelems=5, elem type=char[])
OBJ 50001a6e (sz=32, trace=300299, class=java.util.HashMap$Node@500000b9)
	key		50001a6c
	value		50009fee
	next		50001ae4
OBJ 50001a6f (sz=24, trace=300921, class=java.lang.String@5000016f)
	value		50001a70
ARR 50001a70 (sz=4, trace=300922, nelems=2, elem type=char[])
OBJ 50001a71 (sz=32, trace=300283, class=java.util.HashMap$Node@500000b9)
	key		50001a6f
	value		50009fee
OBJ 50001a72 (sz=24, trace=300921, class=java.lang.String@5000016f)
	value		50001a73
ARR 50001a73 (sz=10, trace=300922, nelems=5, elem type=char[])
OBJ 50001a74 (sz=32, trace=300283, class=java.util.HashMap$Node@500000b9)
	key		50001a72
	value		50009fee
OBJ 50001a75 (sz=24, trace=300921, class=java.lang.String@5000016f)
	value		50001a76
ARR 50001a76 (sz=4, trace=300922, nelems=2, elem type=char[])
OBJ 50001a77 (sz=32, trace=300283, class=java.util.HashMap$Node@500000b9)
	key		50001a75
	value		50009fee
OBJ 50001a78 (sz=24, trace=300921, class=java.lang.String@5000016f)
	value		50001a79
ARR 50001a79 (sz=10, trace=300922, nelems=5, elem type=char[])
OBJ 50001a7a (sz=32, trace=300299, class=java.util.HashMap$Node@500000b9)
	key		50001a78
	value		50009fee
OBJ 50001a7b (sz=24, trace=300921, class=java.lang.String@5000016f)
	value		50001a7c
ARR 50001a7c (sz=4, trace=300922, nelems=2, elem type=char[])
OBJ 50001a7d (sz=32, trace=300299, class=java.util.HashMap$Node@500000b9)
	key		50001a7b
	value		50009fee
OBJ 50001a7e (sz=24, trace=300921, class=java.lang.String@5000016f)
	value		50001a7f
ARR 50001a7f (sz=10, trace=300922, nelems=5, elem type=char[])
OBJ 50001a80 (sz=32, trace=300283, class=java.util.HashMap$Node@500000b9)
	key		50001a7e
	value		50009fee
OBJ 50001a81 (sz=24, trace=300921, class=java.lang.String@5000016f)
	value		50001a82
ARR 50001a82 (sz=4, trace=300922, nelems=2, elem type=char[])
OBJ 50001a83 (sz=32, trace=300283, class=java.util.HashMap$Node@500000b9)
	key		50001a81
	value		50009fee
OBJ 50001a84 (sz=24, trace=300921, class=java.lang.String@5000016f)
	value		50001a85
ARR 50001a85 (sz=10, trace=300922, nelems=5, elem type=char[])
OBJ 50001a86 (sz=32, trace=300299, class=java.util.HashMap$Node@500000b9)
	key		50001a84
	value		50009fee
	next		50001b20
OBJ 50001a87 (sz=24, trace=300921, class=java.lang.String@5000016f)
	value		50001a88
ARR 50001a88 (sz=10, trace=300922, nelems=5, elem type=char[])
OBJ 50001a89 (sz=32, trace=300299, class=java.util.HashMap$Node@500000b9)
	key		50001a87
	value		50009fee
OBJ 50001a8a (sz=24, trace=300921, class=java.lang.String@5000016f)
	value		50001a8b
ARR 50001a8b (sz=4, trace=300922, nelems=2, elem type=char[])
OBJ 50001a8c (sz=32, trace=300299, class=java.util.HashMap$Node@500000b9)
	key		50001a8a
	value		50009fee
	next		50001b2f
OBJ 50001a8d (sz=24, trace=300921, class=java.lang.String@5000016f)
	value		50001a8e
ARR 50001a8e (sz=10, trace=300922, nelems=5, elem type=char[])
OBJ 50001a8f (sz=32, trace=300299, class=java.util.HashMap$Node@500000b9)
	key		50001a8d
	value		50009fee
OBJ 50001a90 (sz=24, trace=300921, class=java.lang.String@5000016f)
	value		50001a91
ARR 50001a91 (sz=4, trace=300922, nelems=2, elem type=char[])
OBJ 50001a92 (sz=32, trace=300299, class=java.util.HashMap$Node@500000b9)
	key		50001a90
	value		50009fee
OBJ 50001a93 (sz=24, trace=300921, class=java.lang.String@5000016f)
	value		50001a94
ARR 50001a94 (sz=10, trace=300922, nelems=5, elem type=char[])
OBJ 50001a95 (sz=32, trace=300299, class=java.util.HashMap$Node@500000b9)
	key		50001a93
	value		50009fee
	next		50001aaa
OBJ 50001a96 (sz=24, trace=300921, class=java.lang.String@5000016f)
	value		50001a97
ARR 50001a97 (sz=4, trace=300922, nelems=2, elem type=char[])
OBJ 50001a98 (sz=32, trace=300283, class=java.util.HashMap$Node@500000b9)
	key		50001a96
	value		50009fee
OBJ 50001a99 (sz=24, trace=300921, class=java.lang.String@5000016f)
	value		50001a9a
ARR 50001a9a (sz=10, trace=300922, nelems=5, elem type=char[])
OBJ 50001a9b (sz=32, trace=300283, class=java.util.HashMap$Node@500000b9)
	key		50001a99
	value		50009fee
OBJ 50001a9c (sz=24, trace=300921, class=java.lang.String@5000016f)
	value		50001a9d
ARR 50001a9d (sz=4, trace=300922, nelems=2, elem type=char[])
OBJ 50001a9e (sz=32, trace=300299, class=java.util.HashMap$Node@500000b9)
	key		50001a9c
	value		50009fee
OBJ 50001a9f (sz=24, trace=300921, class=java.lang.String@5000016f)
	value		50001aa0
ARR 50001aa0 (sz=10, trace=300922, nelems=5, elem type=char[])
OBJ 50001aa1 (sz=32, trace=300283, class=java.util.HashMap$Node@500000b9)
	key		50001a9f
	value		50009fee
OBJ 50001aa2 (sz=24, trace=300921, class=java.lang.String@5000016f)
	value		50001aa3
ARR 50001aa3 (sz=4, trace=300922, nelems=2, elem type=char[])
OBJ 50001aa4 (sz=32, trace=300299, class=java.util.HashMap$Node@500000b9)
	key		50001aa2
	value		50009fee
OBJ 50001aa5 (sz=24, trace=300921, class=java.lang.String@5000016f)
	value		50001aa6
ARR 50001aa6 (sz=10, trace=300922, nelems=5, elem type=char[])
OBJ 50001aa7 (sz=32, trace=300283, class=java.util.HashMap$Node@500000b9)
	key		50001aa5
	value		50009fee
	next		50001acc
OBJ 50001aa8 (sz=24, trace=300921, class=java.lang.String@5000016f)
	value		50001aa9
ARR 50001aa9 (sz=4, trace=300922, nelems=2, elem type=char[])
OBJ 50001aaa (sz=32, trace=300299, class=java.util.HashMap$Node@500000b9)
	key		50001aa8
	value		50009fee
OBJ 50001aab (sz=24, trace=300921, class=java.lang.String@5000016f)
	value		50001aac
ARR 50001aac (sz=10, trace=300922, nelems=5, elem type=char[])
OBJ 50001aad (sz=32, trace=300283, class=java.util.HashMap$Node@500000b9)
	key		50001aab
	value		50009fee
OBJ 50001aae (sz=24, trace=300921, class=java.lang.String@5000016f)
	value		50001aaf
ARR 50001aaf (sz=4, trace=300922, nelems=2, elem type=char[])
OBJ 50001ab0 (sz=32, trace=300299, class=java.util.HashMap$Node@500000b9)
	key		50001aae
	value		50009fee
OBJ 50001ab1 (sz=24, trace=300921, class=java.lang.String@5000016f)
	value		50001ab2
ARR 50001ab2 (sz=10, trace=300922, nelems=5, elem type=char[])
OBJ 50001ab3 (sz=32, trace=300283, class=java.util.HashMap$Node@500000b9)
	key		50001ab1
	value		50009fee
OBJ 50001ab4 (sz=24, trace=300921, class=java.lang.String@5000016f)
	value		50001ab5
ARR 50001ab5 (sz=4, trace=300922, nelems=2, elem type=char[])
OBJ 50001ab6 (sz=32, trace=300299, class=java.util.HashMap$Node@500000b9)
	key		50001ab4
	value		50009fee
OBJ 50001ab7 (sz=24, trace=300921, class=java.lang.String@5000016f)
	value		50001ab8
ARR 50001ab8 (sz=10, trace=300922, nelems=5, elem type=char[])
OBJ 50001ab9 (sz=32, trace=300283, class=java.util.HashMap$Node@500000b9)
	key		50001ab7
	value		50009fee
OBJ 50001aba (sz=24, trace=300921, class=java.lang.String@5000016f)
	value		50001abb
ARR 50001abb (sz=4, trace=300922, nelems=2, elem type=char[])
OBJ 50001abc (sz=32, trace=300299, class=java.util.HashMap$Node@500000b9)
	key		50001aba
	value		50009fee
OBJ 50001abd (sz=24, trace=300921, class=java.lang.String@5000016f)
	value		50001abe
ARR 50001abe (sz=10, trace=300922, nelems=5, elem type=char[])
OBJ 50001abf (sz=32, trace=300299, class=java.util.HashMap$Node@500000b9)
	key		50001abd
	value		50009fee
	next		50001b32
OBJ 50001ac0 (sz=24, trace=300921, class=java.lang.String@5000016f)
	value		50001ac1
ARR 50001ac1 (sz=10, trace=300922, nelems=5, elem type=char[])
OBJ 50001ac2 (sz=32, trace=300283, class=java.util.HashMap$Node@500000b9)
	key		50001ac0
	value		50009fee
ARR 50001ac3 (sz=1040, trace=300931, nelems=256, elem type=java.util.HashMap$Node[]@500000b8)
	[1]		5000199b
	[4]		50001ad5
	[7]		50001ab3
	[8]		5000199e
	[9]		500019cd
	[10]		500019b0
	[12]		50001ac9
	[13]		50001a71
	[16]		50001a04
	[18]		50001ac2
	[23]		50001b02
	[25]		50001992
	[28]		50001aad
	[34]		50001a74
	[37]		50001a77
	[38]		50001a3b
	[42]		50001a16
	[43]		50001a83
	[44]		50001a10
	[46]		50001a59
	[47]		50001a13
	[49]		500019c3
	[50]		50001adb
	[53]		50001a56
	[55]		50001a65
	[57]		500019aa
	[61]		50001ade
	[65]		50001a25
	[67]		500019d0
	[69]		500019d6
	[76]		50001a38
	[79]		50001b0b
	[80]		500019f2
	[81]		50001a80
	[88]		50001aea
	[89]		500019d9
	[92]		500019e5
	[93]		500019a7
	[94]		500019dc
	[95]		50001afc
	[99]		50001b11
	[100]		50001a98
	[101]		50001b3b
	[102]		50001a9b
	[104]		50001aed
	[105]		50001b08
	[112]		500019e2
	[113]		50001ae7
	[114]		50001af9
	[116]		50001a0a
	[118]		50001b14
	[122]		500019ec
	[125]		500019e8
	[126]		50001b1d
	[129]		500019ef
	[131]		500019ad
	[133]		50001aa7
	[136]		50001a9e
	[138]		500019a1
	[141]		50001abf
	[150]		50001b23
	[152]		50001a68
	[157]		50001a01
	[158]		500019f5
	[166]		50001ab0
	[167]		500019fe
	[168]		50001a22
	[169]		5000198f
	[174]		50001a07
	[175]		50001a47
	[176]		50001a31
	[177]		500019a4
	[178]		500019d3
	[179]		50001b29
	[180]		50001a2e
	[184]		50001ab9
	[186]		50001a4a
	[188]		50001a5f
	[189]		50001b2c
	[190]		50001998
	[192]		50001a50
	[193]		50001ac6
	[195]		50001995
	[202]		50001aa1
	[204]		50001a53
	[206]		50001a19
	[215]		50001a5c
	[217]		50001a1c
	[218]		50001a62
	[220]		50001a8f
	[226]		500019df
	[228]		50001aff
	[229]		50001b35
	[230]		50001ad8
	[231]		50001a41
	[233]		50001a1f
	[234]		500019c7
	[238]		50001a28
	[240]		50001a89
	[250]		500019fb
	[252]		50001acf
	[254]		50001a2b
	[255]		50001b1a
OBJ 50001ac4 (sz=24, trace=300921, class=java.lang.String@5000016f)
	value		50001ac5
ARR 50001ac5 (sz=4, trace=300922, nelems=2, elem type=char[])
OBJ 50001ac6 (sz=32, trace=300283, class=java.util.HashMap$Node@500000b9)
	key		50001ac4
	value		50009fee
OBJ 50001ac7 (sz=24, trace=300921, class=java.lang.String@5000016f)
	value		50001ac8
ARR 50001ac8 (sz=10, trace=300922, nelems=5, elem type=char[])
OBJ 50001ac9 (sz=32, trace=300283, class=java.util.HashMap$Node@500000b9)
	key		50001ac7
	value		50009fee
OBJ 50001aca (sz=24, trace=300921, class=java.lang.String@5000016f)
	value		50001acb
ARR 50001acb (sz=16, trace=300922, nelems=8, elem type=char[])
OBJ 50001acc (sz=32, trace=300299, class=java.util.HashMap$Node@500000b9)
	key		50001aca
	value		50009fee
OBJ 50001acd (sz=24, trace=300921, class=java.lang.String@5000016f)
	value		50001ace
ARR 50001ace (sz=4, trace=300922, nelems=2, elem type=char[])
OBJ 50001acf (sz=32, trace=300283, class=java.util.HashMap$Node@500000b9)
	key		50001acd
	value		50009fee
OBJ 50001ad0 (sz=24, trace=300921, class=java.lang.String@5000016f)
	value		50001ad1
ARR 50001ad1 (sz=10, trace=300922, nelems=5, elem type=char[])
OBJ 50001ad2 (sz=32, trace=300299, class=java.util.HashMap$Node@500000b9)
	key		50001ad0
	value		50009fee
OBJ 50001ad3 (sz=24, trace=300921, class=java.lang.String@5000016f)
	value		50001ad4
ARR 50001ad4 (sz=4, trace=300922, nelems=2, elem type=char[])
OBJ 50001ad5 (sz=32, trace=300283, class=java.util.HashMap$Node@500000b9)
	key		50001ad3
	value		50009fee
OBJ 50001ad6 (sz=24, trace=300921, class=java.lang.String@5000016f)
	value		50001ad7
ARR 50001ad7 (sz=10, trace=300922, nelems=5, elem type=char[])
OBJ 50001ad8 (sz=32, trace=300283, class=java.util.HashMap$Node@500000b9)
	key		50001ad6
	value		50009fee
	next		50001b0e
OBJ 50001ad9 (sz=24, trace=300921, class=java.lang.String@5000016f)
	value		50001ada
ARR 50001ada (sz=10, trace=300922, nelems=5, elem type=char[])
OBJ 50001adb (sz=32, trace=300283, class=java.util.HashMap$Node@500000b9)
	key		50001ad9
	value		50009fee
OBJ 50001adc (sz=24, trace=300921, class=java.lang.String@5000016f)
	value		50001add
ARR 50001add (sz=4, trace=300922, nelems=2, elem type=char[])
OBJ 50001ade (sz=32, trace=300283, class=java.util.HashMap$Node@500000b9)
	key		50001adc
	value		50009fee
OBJ 50001adf (sz=24, trace=300921, class=java.lang.String@5000016f)
	value		50001ae0
ARR 50001ae0 (sz=10, trace=300922, nelems=5, elem type=char[])
OBJ 50001ae1 (sz=32, trace=300299, class=java.util.HashMap$Node@500000b9)
	key		50001adf
	value		50009fee
	next		50001b38
OBJ 50001ae2 (sz=24, trace=300921, class=java.lang.String@5000016f)
	value		50001ae3
ARR 50001ae3 (sz=4, trace=300922, nelems=2, elem type=char[])
OBJ 50001ae4 (sz=32, trace=300299, class=java.util.HashMap$Node@500000b9)
	key		50001ae2
	value		50009fee
OBJ 50001ae5 (sz=24, trace=300921, class=java.lang.String@5000016f)
	value		50001ae6
ARR 50001ae6 (sz=10, trace=300922, nelems=5, elem type=char[])
OBJ 50001ae7 (sz=32, trace=300283, class=java.util.HashMap$Node@500000b9)
	key		50001ae5
	value		50009fee
OBJ 50001ae8 (sz=24, trace=300921, class=java.lang.String@5000016f)
	value		50001ae9
ARR 50001ae9 (sz=4, trace=300922, nelems=2, elem type=char[])
OBJ 50001aea (sz=32, trace=300283, class=java.util.HashMap$Node@500000b9)
	key		50001ae8
	value		50009fee
OBJ 50001aeb (sz=24, trace=300921, class=java.lang.String@5000016f)
	value		50001aec
ARR 50001aec (sz=10, trace=300922, nelems=5, elem type=char[])
OBJ 50001aed (sz=32, trace=300283, class=java.util.HashMap$Node@500000b9)
	key		50001aeb
	value		50009fee
OBJ 50001aee (sz=24, trace=300921, class=java.lang.String@5000016f)
	value		50001aef
ARR 50001aef (sz=4, trace=300922, nelems=2, elem type=char[])
OBJ 50001af0 (sz=32, trace=300299, class=java.util.HashMap$Node@500000b9)
	key		50001aee
	value		50009fee
OBJ 50001af1 (sz=24, trace=300921, class=java.lang.String@5000016f)
	value		50001af2
ARR 50001af2 (sz=10, trace=300922, nelems=5, elem type=char[])
OBJ 50001af3 (sz=32, trace=300299, class=java.util.HashMap$Node@500000b9)
	key		50001af1
	value		50009fee
OBJ 50001af4 (sz=24, trace=300921, class=java.lang.String@5000016f)
	value		50001af5
ARR 50001af5 (sz=4, trace=300922, nelems=2, elem type=char[])
OBJ 50001af6 (sz=32, trace=300299, class=java.util.HashMap$Node@500000b9)
	key		50001af4
	value		50009fee
OBJ 50001af7 (sz=24, trace=300921, class=java.lang.String@5000016f)
	value		50001af8
ARR 50001af8 (sz=10, trace=300922, nelems=5, elem type=char[])
OBJ 50001af9 (sz=32, trace=300283, class=java.util.HashMap$Node@500000b9)
	key		50001af7
	value		50009fee
OBJ 50001afa (sz=24, trace=300921, class=java.lang.String@5000016f)
	value		50001afb
ARR 50001afb (sz=4, trace=300922, nelems=2, elem type=char[])
OBJ 50001afc (sz=32, trace=300283, class=java.util.HashMap$Node@500000b9)
	key		50001afa
	value		50009fee
OBJ 50001afd (sz=24, trace=300921, class=java.lang.String@5000016f)
	value		50001afe
ARR 50001afe (sz=10, trace=300922, nelems=5, elem type=char[])
OBJ 50001aff (sz=32, trace=300283, class=java.util.HashMap$Node@500000b9)
	key		50001afd
	value		50009fee
OBJ 50001b00 (sz=24, trace=300921, class=java.lang.String@5000016f)
	value		50001b01
ARR 50001b01 (sz=10, trace=300922, nelems=5, elem type=char[])
OBJ 50001b02 (sz=32, trace=300283, class=java.util.HashMap$Node@500000b9)
	key		50001b00
	value		50009fee
OBJ 50001b03 (sz=24, trace=300921, class=java.lang.String@5000016f)
	value		50001b04
ARR 50001b04 (sz=14, trace=300922, nelems=7, elem type=char[])
OBJ 50001b05 (sz=32, trace=300299, class=java.util.HashMap$Node@500000b9)
	key		50001b03
	value		50009fee
OBJ 50001b06 (sz=24, trace=300921, class=java.lang.String@5000016f)
	value		50001b07
ARR 50001b07 (sz=20, trace=300922, nelems=10, elem type=char[])
OBJ 50001b08 (sz=32, trace=300283, class=java.util.HashMap$Node@500000b9)
	key		50001b06
	value		50009fee
OBJ 50001b09 (sz=24, trace=300921, class=java.lang.String@5000016f)
	value		50001b0a
ARR 50001b0a (sz=10, trace=300922, nelems=5, elem type=char[])
OBJ 50001b0b (sz=32, trace=300283, class=java.util.HashMap$Node@500000b9)
	key		50001b09
	value		50009fee
OBJ 50001b0c (sz=24, trace=300921, class=java.lang.String@5000016f)
	value		50001b0d
ARR 50001b0d (sz=10, trace=300922, nelems=5, elem type=char[])
OBJ 50001b0e (sz=32, trace=300299, class=java.util.HashMap$Node@500000b9)
	key		50001b0c
	value		50009fee
OBJ 50001b0f (sz=24, trace=300921, class=java.lang.String@5000016f)
	value		50001b10
ARR 50001b10 (sz=4, trace=300922, nelems=2, elem type=char[])
OBJ 50001b11 (sz=32, trace=300283, class=java.util.HashMap$Node@500000b9)
	key		50001b0f
	value		50009fee
OBJ 50001b12 (sz=24, trace=300921, class=java.lang.String@5000016f)
	value		50001b13
ARR 50001b13 (sz=10, trace=300922, nelems=5, elem type=char[])
OBJ 50001b14 (sz=32, trace=300283, class=java.util.HashMap$Node@500000b9)
	key		50001b12
	value		50009fee
OBJ 50001b15 (sz=24, trace=300921, class=java.lang.String@5000016f)
	value		50001b16
ARR 50001b16 (sz=4, trace=300922, nelems=2, elem type=char[])
OBJ 50001b17 (sz=32, trace=300299, class=java.util.HashMap$Node@500000b9)
	key		50001b15
	value		50009fee
OBJ 50001b18 (sz=24, trace=300921, class=java.lang.String@5000016f)
	value		50001b19
ARR 50001b19 (sz=10, trace=300922, nelems=5, elem type=char[])
OBJ 50001b1a (sz=32, trace=300283, class=java.util.HashMap$Node@500000b9)
	key		50001b18
	value		50009fee
OBJ 50001b1b (sz=24, trace=300921, class=java.lang.String@5000016f)
	value		50001b1c
ARR 50001b1c (sz=4, trace=300922, nelems=2, elem type=char[])
OBJ 50001b1d (sz=32, trace=300283, class=java.util.HashMap$Node@500000b9)
	key		50001b1b
	value		50009fee
OBJ 50001b1e (sz=24, trace=300921, class=java.lang.String@5000016f)
	value		50001b1f
ARR 50001b1f (sz=10, trace=300922, nelems=5, elem type=char[])
OBJ 50001b20 (sz=32, trace=300299, class=java.util.HashMap$Node@500000b9)
	key		50001b1e
	value		50009fee
OBJ 50001b21 (sz=24, trace=300921, class=java.lang.String@5000016f)
	value		50001b22
ARR 50001b22 (sz=4, trace=300922, nelems=2, elem type=char[])
OBJ 50001b23 (sz=32, trace=300283, class=java.util.HashMap$Node@500000b9)
	key		50001b21
	value		50009fee
OBJ 50001b24 (sz=24, trace=300921, class=java.lang.String@5000016f)
	value		50001b25
ARR 50001b25 (sz=10, trace=300922, nelems=5, elem type=char[])
OBJ 50001b26 (sz=32, trace=300299, class=java.util.HashMap$Node@500000b9)
	key		50001b24
	value		50009fee
OBJ 50001b27 (sz=24, trace=300921, class=java.lang.String@5000016f)
	value		50001b28
ARR 50001b28 (sz=4, trace=300922, nelems=2, elem type=char[])
OBJ 50001b29 (sz=32, trace=300283, class=java.util.HashMap$Node@500000b9)
	key		50001b27
	value		50009fee
OBJ 50001b2a (sz=24, trace=300921, class=java.lang.String@5000016f)
	value		50001b2b
ARR 50001b2b (sz=10, trace=300922, nelems=5, elem type=char[])
OBJ 50001b2c (sz=32, trace=300283, class=java.util.HashMap$Node@500000b9)
	key		50001b2a
	value		50009fee
OBJ 50001b2d (sz=24, trace=300921, class=java.lang.String@5000016f)
	value		50001b2e
ARR 50001b2e (sz=4, trace=300922, nelems=2, elem type=char[])
OBJ 50001b2f (sz=32, trace=300299, class=java.util.HashMap$Node@500000b9)
	key		50001b2d
	value		50009fee
OBJ 50001b30 (sz=24, trace=300921, class=java.lang.String@5000016f)
	value		50001b31
ARR 50001b31 (sz=10, trace=300922, nelems=5, elem type=char[])
OBJ 50001b32 (sz=32, trace=300299, class=java.util.HashMap$Node@500000b9)
	key		50001b30
	value		50009fee
OBJ 50001b33 (sz=24, trace=300921, class=java.lang.String@5000016f)
	value		50001b34
ARR 50001b34 (sz=10, trace=300922, nelems=5, elem type=char[])
OBJ 50001b35 (sz=32, trace=300283, class=java.util.HashMap$Node@500000b9)
	key		50001b33
	value		50009fee
OBJ 50001b36 (sz=24, trace=300921, class=java.lang.String@5000016f)
	value		50001b37
ARR 50001b37 (sz=10, trace=300922, nelems=5, elem type=char[])
OBJ 50001b38 (sz=32, trace=300299, class=java.util.HashMap$Node@500000b9)
	key		50001b36
	value		50009fee
OBJ 50001b39 (sz=24, trace=300921, class=java.lang.String@5000016f)
	value		50001b3a
ARR 50001b3a (sz=10, trace=300922, nelems=5, elem type=char[])
OBJ 50001b3b (sz=32, trace=300283, class=java.util.HashMap$Node@500000b9)
	key		50001b39
	value		50009fee
ARR 50001b3c (sz=80, trace=300932, nelems=7, elem type=java.util.concurrent.ConcurrentHashMap$Node[]@5000001f)
	[3]		500022b0
	[6]		50001b3d
OBJ 50001b3d (sz=32, trace=300933, class=java.util.concurrent.ConcurrentHashMap$Node@50000020)
	key		5000a439
	val		50001989
OBJ 50001b3e (sz=24, trace=300934, class=sun.util.locale.provider.NumberFormatProviderImpl@5000197b)
	type		50001966
	langtags	50001989
OBJ 50001b40 (sz=48, trace=300936, class=java.util.HashMap@500000ba)
	table		50001b84
OBJ 50001b42 (sz=32, trace=301713, class=java.util.ArrayList$Itr@50001974)
ARR 50001b43 (sz=24, trace=300938, nelems=2, elem type=java.lang.String[]@500000cf)
	[0]		5000a6ed
	[1]		5000a6ee
ARR 50001b44 (sz=24, trace=300939, nelems=2, elem type=java.lang.String[]@500000cf)
	[0]		5000a6ef
	[1]		5000a6f0
ARR 50001b45 (sz=24, trace=300940, nelems=2, elem type=java.lang.String[]@500000cf)
	[0]		5000a6f1
	[1]		5000a6f2
ARR 50001b46 (sz=24, trace=300941, nelems=2, elem type=java.lang.String[]@500000cf)
	[0]		5000a6f3
	[1]		5000a6f4
ARR 50001b47 (sz=24, trace=300942, nelems=2, elem type=java.lang.String[]@500000cf)
	[0]		5000a6f5
	[1]		5000a6f6
ARR 50001b48 (sz=24, trace=300943, nelems=2, elem type=java.lang.String[]@500000cf)
	[0]		5000a6f7
	[1]		5000a6f8
ARR 50001b49 (sz=24, trace=300944, nelems=2, elem type=java.lang.String[]@500000cf)
	[0]		5000a6f9
	[1]		5000a6fa
ARR 50001b4a (sz=24, trace=300945, nelems=2, elem type=java.lang.String[]@500000cf)
	[0]		5000a6fb
	[1]		5000a6fc
ARR 50001b4b (sz=24, trace=300946, nelems=2, elem type=java.lang.String[]@500000cf)
	[0]		5000a6fd
	[1]		5000a6fe
ARR 50001b4c (sz=24, trace=300947, nelems=2, elem type=java.lang.String[]@500000cf)
	[0]		5000a6ff
	[1]		5000a700
ARR 50001b4d (sz=24, trace=300948, nelems=2, elem type=java.lang.String[]@500000cf)
	[0]		5000a701
	[1]		5000a702
ARR 50001b4e (sz=24, trace=300949, nelems=2, elem type=java.lang.String[]@500000cf)
	[0]		5000a703
	[1]		5000a704
ARR 50001b4f (sz=24, trace=300950, nelems=2, elem type=java.lang.String[]@500000cf)
	[0]		5000a705
	[1]		5000a706
ARR 50001b50 (sz=24, trace=300951, nelems=2, elem type=java.lang.String[]@500000cf)
	[0]		5000a707
	[1]		5000a708
ARR 50001b51 (sz=24, trace=300952, nelems=2, elem type=java.lang.String[]@500000cf)
	[0]		5000a709
	[1]		5000a70a
ARR 50001b52 (sz=24, trace=300953, nelems=2, elem type=java.lang.String[]@500000cf)
	[0]		5000a70b
	[1]		5000a70c
ARR 50001b53 (sz=24, trace=300954, nelems=2, elem type=java.lang.String[]@500000cf)
	[0]		5000a70d
	[1]		5000a419
ARR 50001b54 (sz=24, trace=300955, nelems=2, elem type=java.lang.String[]@500000cf)
	[0]		5000a70e
	[1]		5000a41a
ARR 50001b55 (sz=24, trace=300956, nelems=2, elem type=java.lang.String[]@500000cf)
	[0]		5000a70f
	[1]		5000a710
ARR 50001b56 (sz=24, trace=300957, nelems=2, elem type=java.lang.String[]@500000cf)
	[0]		5000a711
	[1]		5000a712
ARR 50001b57 (sz=24, trace=300958, nelems=2, elem type=java.lang.String[]@500000cf)
	[0]		5000a713
	[1]		5000a714
ARR 50001b58 (sz=24, trace=300959, nelems=2, elem type=java.lang.String[]@500000cf)
	[0]		5000a715
	[1]		5000a716
ARR 50001b59 (sz=24, trace=300960, nelems=2, elem type=java.lang.String[]@500000cf)
	[0]		5000a717
	[1]		5000a6fc
ARR 50001b5a (sz=24, trace=300961, nelems=2, elem type=java.lang.String[]@500000cf)
	[0]		5000a718
	[1]		5000a719
ARR 50001b5b (sz=24, trace=300962, nelems=2, elem type=java.lang.String[]@500000cf)
	[0]		5000a71a
	[1]		5000a71b
ARR 50001b5c (sz=24, trace=300963, nelems=2, elem type=java.lang.String[]@500000cf)
	[0]		5000a71c
	[1]		5000a71d
OBJ 50001b5d (sz=32, trace=301763, class=Line@50006f05)
OBJ 50001b5e (sz=32, trace=300283, class=java.util.HashMap$Node@500000b9)
	key		5000a6ed
	value		50001b43
OBJ 50001b5f (sz=32, trace=300283, class=java.util.HashMap$Node@500000b9)
	key		5000a6ef
	value		50001b44
ARR 50001b60 (sz=24, trace=301762, nelems=0, elem type=int[])
OBJ 50001b61 (sz=24, trace=300966, class=java.lang.String@5000016f)
	value		50001b62
ARR 50001b62 (sz=18, trace=300967, nelems=9, elem type=char[])
OBJ 50001b63 (sz=32, trace=300283, class=java.util.HashMap$Node@500000b9)
	key		50001b61
	value		50001b45
	next		50001b67
OBJ 50001b64 (sz=32, trace=300283, class=java.util.HashMap$Node@500000b9)
	key		5000a6f3
	value		50001b46
OBJ 50001b65 (sz=32, trace=300299, class=java.util.HashMap$Node@500000b9)
	key		5000a6f5
	value		50001b47
	next		50001b6f
OBJ 50001b66 (sz=32, trace=300299, class=java.util.HashMap$Node@500000b9)
	key		5000a6f7
	value		50001b48
OBJ 50001b67 (sz=32, trace=300299, class=java.util.HashMap$Node@500000b9)
	key		5000a6f9
	value		50001b49
	next		50001b7b
OBJ 50001b68 (sz=32, trace=300299, class=java.util.HashMap$Node@500000b9)
	key		5000a6fb
	value		50001b4a
OBJ 50001b69 (sz=32, trace=300283, class=java.util.HashMap$Node@500000b9)
	key		5000a6fd
	value		50001b4b
	next		50001b83
OBJ 50001b6a (sz=32, trace=300283, class=java.util.HashMap$Node@500000b9)
	key		5000a6ff
	value		50001b4c
OBJ 50001b6b (sz=32, trace=300283, class=java.util.HashMap$Node@500000b9)
	key		5000a701
	value		50001b4d
OBJ 50001b6c (sz=32, trace=300283, class=java.util.HashMap$Node@500000b9)
	key		5000a703
	value		50001b4e
OBJ 50001b6d (sz=32, trace=300283, class=java.util.HashMap$Node@500000b9)
	key		5000a705
	value		50001b4f
OBJ 50001b6e (sz=32, trace=301713, class=java.util.ArrayList$Itr@50001974)
OBJ 50001b6f (sz=32, trace=300299, class=java.util.HashMap$Node@500000b9)
	key		5000a707
	value		50001b50
OBJ 50001b70 (sz=32, trace=300299, class=java.util.HashMap$Node@500000b9)
	key		5000a709
	value		50001b51
	next		50001b72
OBJ 50001b71 (sz=32, trace=300283, class=java.util.HashMap$Node@500000b9)
	key		5000a70b
	value		50001b52
OBJ 50001b72 (sz=32, trace=300299, class=java.util.HashMap$Node@500000b9)
	key		5000a70d
	value		50001b53
OBJ 50001b73 (sz=32, trace=300283, class=java.util.HashMap$Node@500000b9)
	key		5000a70e
	value		50001b54
OBJ 50001b74 (sz=32, trace=301763, class=Line@50006f05)
OBJ 50001b75 (sz=24, trace=300966, class=java.lang.String@5000016f)
	value		50001b76
ARR 50001b76 (sz=18, trace=300967, nelems=9, elem type=char[])
OBJ 50001b77 (sz=32, trace=300283, class=java.util.HashMap$Node@500000b9)
	key		50001b75
	value		50001b55
	next		50001b81
OBJ 50001b78 (sz=16, trace=301715, class=java.lang.Integer@5000010c)
OBJ 50001b79 (sz=24, trace=300966, class=java.lang.String@5000016f)
	value		50001b7a
ARR 50001b7a (sz=18, trace=300967, nelems=9, elem type=char[])
OBJ 50001b7b (sz=32, trace=300299, class=java.util.HashMap$Node@500000b9)
	key		50001b79
	value		50001b56
ARR 50001b7c (sz=24, trace=301762, nelems=0, elem type=int[])
OBJ 50001b7d (sz=24, trace=300966, class=java.lang.String@5000016f)
	value		50001b7e
ARR 50001b7e (sz=18, trace=300967, nelems=9, elem type=char[])
OBJ 50001b7f (sz=32, trace=300299, class=java.util.HashMap$Node@500000b9)
	key		50001b7d
	value		50001b57
	next		50001b85
OBJ 50001b80 (sz=32, trace=300283, class=java.util.HashMap$Node@500000b9)
	key		5000a715
	value		50001b58
OBJ 50001b81 (sz=32, trace=300299, class=java.util.HashMap$Node@500000b9)
	key		5000a717
	value		50001b59
OBJ 50001b82 (sz=32, trace=300283, class=java.util.HashMap$Node@500000b9)
	key		5000a718
	value		50001b5a
OBJ 50001b83 (sz=32, trace=300299, class=java.util.HashMap$Node@500000b9)
	key		5000a71a
	value		50001b5b
ARR 50001b84 (sz=272, trace=300968, nelems=64, elem type=java.util.HashMap$Node[]@500000b8)
	[1]		50001b77
	[3]		50001b5f
	[4]		50001b64
	[7]		50001b7f
	[13]		50001b82
	[16]		50001b73
	[17]		50001b6c
	[21]		50001b70
	[35]		50001b65
	[39]		50001b66
	[47]		50001b71
	[51]		50001b68
	[53]		50001b5e
	[54]		50001b6a
	[55]		50001b63
	[59]		50001b69
	[61]		50001b80
	[62]		50001b6d
	[63]		50001b6b
OBJ 50001b85 (sz=32, trace=300299, class=java.util.HashMap$Node@500000b9)
	key		5000a71c
	value		50001b5c
OBJ 50001b86 (sz=32, trace=301713, class=java.util.ArrayList$Itr@50001974)
OBJ 50001b87 (sz=32, trace=301763, class=Line@50006f05)
OBJ 50001b88 (sz=16, trace=301715, class=java.lang.Integer@5000010c)
OBJ 50001b8a (sz=16, trace=300973, class=java.util.Collections$EmptyIterator@50001b89)
OBJ 50001b8b (sz=24, trace=300974, class=java.lang.String@5000016f)
	value		50001b8c
ARR 50001b8c (sz=10, trace=300975, nelems=5, elem type=char[])
ARR 50001b8d (sz=80, trace=300976, nelems=12, elem type=java.util.concurrent.ConcurrentHashMap$Node[]@5000001f)
	[11]		50001b8e
OBJ 50001b8e (sz=32, trace=300977, class=java.util.concurrent.ConcurrentHashMap$Node@50000020)
	key		500095e3
	val		50001959
OBJ 50001b90 (sz=16, trace=300979, class=java.lang.Object@50000173)
OBJ 50001b91 (sz=32, trace=300980, class=sun.util.locale.provider.LocaleResources@50001b8f)
	locale		500095e3
	localeData	50001b96
	type		50001966
	cache		50001b92
	referenceQueue	50001b93
OBJ 50001b92 (sz=64, trace=300981, class=java.util.concurrent.ConcurrentHashMap@50000027)
	table		50001fb4
OBJ 50001b93 (sz=32, trace=300982, class=java.lang.ref.ReferenceQueue@500000de)
	lock		50001b94
OBJ 50001b94 (sz=16, trace=300983, class=java.lang.ref.ReferenceQueue$Lock@500000dc)
OBJ 50001b96 (sz=16, trace=300985, class=sun.util.resources.LocaleData@50001b95)
	type		50001966
ARR 50001b97 (sz=80, trace=300986, nelems=12, elem type=java.util.concurrent.ConcurrentHashMap$Node[]@5000001f)
	[11]		50001b98
OBJ 50001b98 (sz=32, trace=300987, class=java.util.concurrent.ConcurrentHashMap$Node@50000020)
	key		500095e3
	val		50001b91
ARR 50001b99 (sz=24, trace=301762, nelems=0, elem type=int[])
OBJ 50001b9a (sz=32, trace=301713, class=java.util.ArrayList$Itr@50001974)
OBJ 50001b9b (sz=32, trace=301763, class=Line@50006f05)
OBJ 50001b9c (sz=24, trace=300990, class=java.lang.String@5000016f)
	value		50001b9d
ARR 50001b9d (sz=58, trace=300991, nelems=29, elem type=char[])
OBJ 50001b9f (sz=16, trace=301715, class=java.lang.Integer@5000010c)
ARR 50001ba2 (sz=24, trace=300995, nelems=2, elem type=java.lang.String[]@500000cf)
	[0]		5000a249
	[1]		5000a416
OBJ 50001ba4 (sz=24, trace=300997, class=java.util.Arrays$ArrayList@50001ba3)
	a		50001ba2
OBJ 50001ba5 (sz=24, trace=300901, class=java.util.Collections$UnmodifiableRandomAccessList@500000bc)
	c		50001ba4
	list		50001ba4
ARR 50001ba6 (sz=24, trace=300998, nelems=1, elem type=java.lang.String[]@500000cf)
	[0]		5000a249
OBJ 50001ba7 (sz=24, trace=300997, class=java.util.Arrays$ArrayList@50001ba3)
	a		50001ba6
OBJ 50001ba8 (sz=24, trace=300901, class=java.util.Collections$UnmodifiableRandomAccessList@500000bc)
	c		50001ba7
	list		50001ba7
ARR 50001ba9 (sz=24, trace=300999, nelems=1, elem type=java.lang.String[]@500000cf)
	[0]		5000a416
OBJ 50001baa (sz=24, trace=300997, class=java.util.Arrays$ArrayList@50001ba3)
	a		50001ba9
OBJ 50001bab (sz=24, trace=300901, class=java.util.Collections$UnmodifiableRandomAccessList@500000bc)
	c		50001baa
	list		50001baa
OBJ 50001bac (sz=16, trace=301000, class=java.util.ResourceBundle$Control@50001ba0)
OBJ 50001bae (sz=24, trace=301002, class=java.util.ResourceBundle$Control$CandidateListCache@50001bad)
	map		50001bb1
	queue		50001baf
OBJ 50001baf (sz=32, trace=301003, class=java.lang.ref.ReferenceQueue@500000de)
	lock		50001bb0
OBJ 50001bb0 (sz=16, trace=301004, class=java.lang.ref.ReferenceQueue$Lock@500000dc)
OBJ 50001bb1 (sz=64, trace=301005, class=java.util.concurrent.ConcurrentHashMap@50000027)
	table		50001f44
OBJ 50001bb2 (sz=16, trace=301006, class=sun.util.resources.LocaleData$LocaleDataResourceBundleControl@50001ba1)
OBJ 50001bb5 (sz=40, trace=301009, class=java.util.ResourceBundle$1@50001bb4)
OBJ 50001bb6 (sz=64, trace=301010, class=java.util.concurrent.ConcurrentHashMap@50000027)
	table		50001f69
OBJ 50001bb7 (sz=32, trace=301011, class=java.lang.ref.ReferenceQueue@500000de)
	lock		50001bb8
OBJ 50001bb8 (sz=16, trace=301012, class=java.lang.ref.ReferenceQueue$Lock@500000dc)
ARR 50001bbb (sz=24, trace=301762, nelems=0, elem type=int[])
OBJ 50001bbc (sz=32, trace=301713, class=java.util.ArrayList$Itr@50001974)
OBJ 50001bbe (sz=32, trace=301763, class=Line@50006f05)
OBJ 50001bc0 (sz=16, trace=301715, class=java.lang.Integer@5000010c)
ARR 50001bc2 (sz=24, trace=301762, nelems=0, elem type=int[])
OBJ 50001bc5 (sz=32, trace=301713, class=java.util.ArrayList$Itr@50001974)
OBJ 50001bc6 (sz=32, trace=301763, class=Line@50006f05)
OBJ 50001bc7 (sz=16, trace=301715, class=java.lang.Integer@5000010c)
ARR 50001bc8 (sz=24, trace=301762, nelems=0, elem type=int[])
OBJ 50001bc9 (sz=32, trace=301713, class=java.util.ArrayList$Itr@50001974)
OBJ 50001bca (sz=32, trace=301763, class=Line@50006f05)
OBJ 50001bcb (sz=16, trace=301715, class=java.lang.Integer@5000010c)
ARR 50001bcd (sz=24, trace=301762, nelems=0, elem type=int[])
OBJ 50001bd0 (sz=32, trace=301713, class=java.util.ArrayList$Itr@50001974)
OBJ 50001bd1 (sz=32, trace=301763, class=Line@50006f05)
OBJ 50001bd2 (sz=16, trace=301715, class=java.lang.Integer@5000010c)
ARR 50001bd3 (sz=24, trace=301762, nelems=0, elem type=int[])
OBJ 50001bd4 (sz=32, trace=301713, class=java.util.ArrayList$Itr@50001974)
OBJ 50001bd5 (sz=32, trace=301763, class=Line@50006f05)
OBJ 50001bd6 (sz=16, trace=301715, class=java.lang.Integer@5000010c)
ARR 50001bd7 (sz=24, trace=301762, nelems=0, elem type=int[])
OBJ 50001bd8 (sz=32, trace=301713, class=java.util.ArrayList$Itr@50001974)
OBJ 50001bd9 (sz=32, trace=301763, class=Line@50006f05)
OBJ 50001bda (sz=16, trace=301715, class=java.lang.Integer@5000010c)
ARR 50001bdb (sz=24, trace=301762, nelems=0, elem type=int[])
OBJ 50001bdc (sz=32, trace=301713, class=java.util.ArrayList$Itr@50001974)
OBJ 50001bdd (sz=32, trace=301763, class=Line@50006f05)
OBJ 50001bde (sz=16, trace=301715, class=java.lang.Integer@5000010c)
ARR 50001bdf (sz=24, trace=301762, nelems=0, elem type=int[])
OBJ 50001be0 (sz=32, trace=301713, class=java.util.ArrayList$Itr@50001974)
OBJ 50001be1 (sz=32, trace=301763, class=Line@50006f05)
OBJ 50001be2 (sz=16, trace=301715, class=java.lang.Integer@5000010c)
ARR 50001be3 (sz=24, trace=301762, nelems=0, elem type=int[])
OBJ 50001be4 (sz=32, trace=301713, class=java.util.ArrayList$Itr@50001974)
OBJ 50001be5 (sz=32, trace=301763, class=Line@50006f05)
OBJ 50001be6 (sz=16, trace=301715, class=java.lang.Integer@5000010c)
OBJ 50001be7 (sz=24, trace=301037, class=java.lang.String@5000016f)
	value		50001be8
ARR 50001be8 (sz=150, trace=301038, nelems=75, elem type=char[])
ARR 50001be9 (sz=24, trace=301762, nelems=0, elem type=int[])
OBJ 50001bea (sz=32, trace=301713, class=java.util.ArrayList$Itr@50001974)
OBJ 50001beb (sz=32, trace=301763, class=Line@50006f05)
OBJ 50001bec (sz=16, trace=301715, class=java.lang.Integer@5000010c)
ARR 50001bed (sz=24, trace=301762, nelems=0, elem type=int[])
OBJ 50001bee (sz=32, trace=301713, class=java.util.ArrayList$Itr@50001974)
OBJ 50001bef (sz=32, trace=301763, class=Line@50006f05)
OBJ 50001bf0 (sz=24, trace=301042, class=java.lang.String@5000016f)
	value		50001bf1
ARR 50001bf1 (sz=142, trace=301043, nelems=71, elem type=char[])
OBJ 50001bf2 (sz=16, trace=301715, class=java.lang.Integer@5000010c)
ARR 50001bf3 (sz=24, trace=301762, nelems=0, elem type=int[])
OBJ 50001bf4 (sz=32, trace=301713, class=java.util.ArrayList$Itr@50001974)
OBJ 50001bf5 (sz=32, trace=301763, class=Line@50006f05)
OBJ 50001bf6 (sz=16, trace=301715, class=java.lang.Integer@5000010c)
ARR 50001bf7 (sz=24, trace=301762, nelems=0, elem type=int[])
OBJ 50001bf8 (sz=32, trace=301713, class=java.util.ArrayList$Itr@50001974)
OBJ 50001bf9 (sz=32, trace=301763, class=Line@50006f05)
OBJ 50001bfa (sz=24, trace=300376, class=java.lang.String@5000016f)
ARR 50001bfb (sz=184, trace=300095, nelems=0, elem type=char[])
OBJ 50001bfc (sz=16, trace=301715, class=java.lang.Integer@5000010c)
ARR 50001bfd (sz=24, trace=301762, nelems=0, elem type=int[])
OBJ 50001bfe (sz=32, trace=301713, class=java.util.ArrayList$Itr@50001974)
OBJ 50001bff (sz=32, trace=301763, class=Line@50006f05)
OBJ 50001c00 (sz=32, trace=301046, class=java.io.FileInputStream@50000089)
OBJ 50001c01 (sz=16, trace=301715, class=java.lang.Integer@5000010c)
OBJ 50001c02 (sz=16, trace=301047, class=java.lang.Object@50000173)
OBJ 50001c03 (sz=32, trace=301048, class=java.io.FileDescriptor@50000088)
ARR 50001c04 (sz=24, trace=301762, nelems=0, elem type=int[])
OBJ 50001c05 (sz=32, trace=301713, class=java.util.ArrayList$Itr@50001974)
OBJ 50001c06 (sz=32, trace=301763, class=Line@50006f05)
OBJ 50001c07 (sz=16, trace=301715, class=java.lang.Integer@5000010c)
ARR 50001c08 (sz=24, trace=301762, nelems=0, elem type=int[])
OBJ 50001c09 (sz=32, trace=301713, class=java.util.ArrayList$Itr@50001974)
OBJ 50001c0a (sz=32, trace=301763, class=Line@50006f05)
OBJ 50001c0b (sz=16, trace=301715, class=java.lang.Integer@5000010c)
ARR 50001c0c (sz=24, trace=301762, nelems=0, elem type=int[])
OBJ 50001c0d (sz=32, trace=301713, class=java.util.ArrayList$Itr@50001974)
OBJ 50001c0e (sz=32, trace=301763, class=Line@50006f05)
OBJ 50001c0f (sz=16, trace=301715, class=java.lang.Integer@5000010c)
ARR 50001c10 (sz=24, trace=301762, nelems=0, elem type=int[])
OBJ 50001c11 (sz=32, trace=301713, class=java.util.ArrayList$Itr@50001974)
OBJ 50001c12 (sz=24, trace=300079, class=java.io.ExpiringCache$Entry@5000005b)
	val		50009814
OBJ 50001c13 (sz=40, trace=300080, class=java.util.LinkedHashMap$Entry@5000005a)
	key		50001bf0
	value		50001c12
	before		500016d0
	after		50001d9a
OBJ 50001c14 (sz=32, trace=301763, class=Line@50006f05)
OBJ 50001c15 (sz=16, trace=301715, class=java.lang.Integer@5000010c)
ARR 50001c16 (sz=24, trace=301762, nelems=0, elem type=int[])
OBJ 50001c17 (sz=32, trace=301713, class=java.util.ArrayList$Itr@50001974)
OBJ 50001c18 (sz=32, trace=301763, class=Line@50006f05)
OBJ 50001c19 (sz=16, trace=301715, class=java.lang.Integer@5000010c)
ARR 50001c1a (sz=24, trace=301762, nelems=0, elem type=int[])
OBJ 50001c1b (sz=32, trace=301713, class=java.util.ArrayList$Itr@50001974)
OBJ 50001c1c (sz=32, trace=301763, class=Line@50006f05)
OBJ 50001c1d (sz=16, trace=301715, class=java.lang.Integer@5000010c)
ARR 50001c1e (sz=24, trace=301762, nelems=0, elem type=int[])
OBJ 50001c1f (sz=32, trace=301713, class=java.util.ArrayList$Itr@50001974)
OBJ 50001c20 (sz=32, trace=301763, class=Line@50006f05)
ARR 50001c21 (sz=24, trace=301762, nelems=0, elem type=int[])
OBJ 50001c22 (sz=32, trace=301713, class=java.util.ArrayList$Itr@50001974)
OBJ 50001c23 (sz=32, trace=301763, class=Line@50006f05)
OBJ 50001c24 (sz=16, trace=301715, class=java.lang.Integer@5000010c)
ARR 50001c25 (sz=24, trace=301762, nelems=0, elem type=int[])
OBJ 50001c26 (sz=32, trace=301713, class=java.util.ArrayList$Itr@50001974)
OBJ 50001c27 (sz=32, trace=301763, class=Line@50006f05)
ARR 50001c28 (sz=24, trace=301762, nelems=0, elem type=int[])
OBJ 50001c29 (sz=32, trace=301713, class=java.util.ArrayList$Itr@50001974)
OBJ 50001c2a (sz=32, trace=301763, class=Line@50006f05)
OBJ 50001c2b (sz=16, trace=301715, class=java.lang.Integer@5000010c)
ARR 50001c2c (sz=24, trace=301762, nelems=0, elem type=int[])
OBJ 50001c2d (sz=24, trace=301057, class=java.lang.String@5000016f)
	value		50001c2e
ARR 50001c2e (sz=14, trace=300326, nelems=7, elem type=char[])
OBJ 50001c2f (sz=32, trace=301713, class=java.util.ArrayList$Itr@50001974)
OBJ 50001c30 (sz=24, trace=301057, class=java.lang.String@5000016f)
	value		50001c31
ARR 50001c31 (sz=14, trace=300326, nelems=7, elem type=char[])
OBJ 50001c32 (sz=32, trace=301763, class=Line@50006f05)
OBJ 50001c33 (sz=16, trace=301715, class=java.lang.Integer@5000010c)
OBJ 50001c34 (sz=32, trace=301060, class=java.io.File@5000011d)
	path		50001c39
ARR 50001c35 (sz=24, trace=301762, nelems=0, elem type=int[])
OBJ 50001c36 (sz=32, trace=301713, class=java.util.ArrayList$Itr@50001974)
OBJ 50001c37 (sz=32, trace=301763, class=Line@50006f05)
OBJ 50001c38 (sz=16, trace=301715, class=java.lang.Integer@5000010c)
OBJ 50001c39 (sz=24, trace=300376, class=java.lang.String@5000016f)
	value		50001c3a
ARR 50001c3a (sz=168, trace=300095, nelems=84, elem type=char[])
OBJ 50001c3b (sz=24, trace=301061, class=sun.misc.MetaIndex@5000003d)
	contents	5000a10c
ARR 50001c3c (sz=24, trace=301762, nelems=0, elem type=int[])
OBJ 50001c3d (sz=32, trace=300283, class=java.util.HashMap$Node@500000b9)
	key		50001c34
	value		50001c3b
OBJ 50001c3e (sz=32, trace=301713, class=java.util.ArrayList$Itr@50001974)
OBJ 50001c3f (sz=32, trace=301763, class=Line@50006f05)
OBJ 50001c40 (sz=24, trace=301057, class=java.lang.String@5000016f)
	value		50001c41
ARR 50001c41 (sz=24, trace=300326, nelems=12, elem type=char[])
OBJ 50001c42 (sz=24, trace=301057, class=java.lang.String@5000016f)
	value		50001c43
ARR 50001c43 (sz=24, trace=300326, nelems=12, elem type=char[])
OBJ 50001c44 (sz=24, trace=301057, class=java.lang.String@5000016f)
	value		50001c45
ARR 50001c45 (sz=42, trace=300326, nelems=21, elem type=char[])
OBJ 50001c46 (sz=24, trace=301057, class=java.lang.String@5000016f)
	value		50001c47
ARR 50001c47 (sz=40, trace=300326, nelems=20, elem type=char[])
OBJ 50001c48 (sz=16, trace=301715, class=java.lang.Integer@5000010c)
ARR 50001c49 (sz=24, trace=301762, nelems=0, elem type=int[])
OBJ 50001c4a (sz=32, trace=301060, class=java.io.File@5000011d)
	path		50001c4f
OBJ 50001c4b (sz=32, trace=301713, class=java.util.ArrayList$Itr@50001974)
OBJ 50001c4c (sz=32, trace=301763, class=Line@50006f05)
OBJ 50001c4d (sz=16, trace=301715, class=java.lang.Integer@5000010c)
ARR 50001c4e (sz=24, trace=301762, nelems=0, elem type=int[])
OBJ 50001c4f (sz=24, trace=300376, class=java.lang.String@5000016f)
	value		50001c50
ARR 50001c50 (sz=158, trace=300095, nelems=79, elem type=char[])
OBJ 50001c51 (sz=24, trace=301061, class=sun.misc.MetaIndex@5000003d)
	contents	5000a0ce
OBJ 50001c52 (sz=32, trace=301713, class=java.util.ArrayList$Itr@50001974)
OBJ 50001c53 (sz=32, trace=300299, class=java.util.HashMap$Node@500000b9)
	key		50001c4a
	value		50001c51
OBJ 50001c54 (sz=32, trace=301763, class=Line@50006f05)
OBJ 50001c55 (sz=16, trace=301715, class=java.lang.Integer@5000010c)
OBJ 50001c56 (sz=24, trace=301057, class=java.lang.String@5000016f)
	value		50001c57
ARR 50001c57 (sz=30, trace=300326, nelems=15, elem type=char[])
OBJ 50001c58 (sz=24, trace=301057, class=java.lang.String@5000016f)
	value		50001c59
ARR 50001c59 (sz=14, trace=300326, nelems=7, elem type=char[])
OBJ 50001c5a (sz=24, trace=301057, class=java.lang.String@5000016f)
	value		50001c5b
ARR 50001c5b (sz=38, trace=300326, nelems=19, elem type=char[])
ARR 50001c5c (sz=24, trace=301762, nelems=0, elem type=int[])
OBJ 50001c5d (sz=32, trace=301713, class=java.util.ArrayList$Itr@50001974)
OBJ 50001c5e (sz=32, trace=301060, class=java.io.File@5000011d)
	path		50001c63
OBJ 50001c5f (sz=32, trace=301763, class=Line@50006f05)
OBJ 50001c60 (sz=16, trace=301715, class=java.lang.Integer@5000010c)
ARR 50001c61 (sz=24, trace=301762, nelems=0, elem type=int[])
OBJ 50001c62 (sz=32, trace=301713, class=java.util.ArrayList$Itr@50001974)
OBJ 50001c63 (sz=24, trace=300376, class=java.lang.String@5000016f)
	value		50001c64
ARR 50001c64 (sz=158, trace=300095, nelems=79, elem type=char[])
OBJ 50001c65 (sz=24, trace=301061, class=sun.misc.MetaIndex@5000003d)
	contents	5000a0cd
OBJ 50001c66 (sz=32, trace=301763, class=Line@50006f05)
OBJ 50001c67 (sz=32, trace=300283, class=java.util.HashMap$Node@500000b9)
	key		50001c5e
	value		50001c65
ARR 50001c68 (sz=144, trace=301063, nelems=32, elem type=java.util.HashMap$Node[]@500000b8)
	[1]		50001c3d
	[5]		5000a069
	[6]		5000a06a
	[9]		5000a06b
	[10]		5000a06c
	[11]		5000a06d
	[14]		5000a06e
	[15]		50001c53
	[19]		50001c67
	[25]		50001c7a
	[26]		50001cd1
	[27]		5000a06f
	[29]		5000a070
	[31]		5000a071
ARR 50001c69 (sz=24, trace=301762, nelems=0, elem type=int[])
OBJ 50001c6a (sz=32, trace=301713, class=java.util.ArrayList$Itr@50001974)
OBJ 50001c6b (sz=24, trace=301057, class=java.lang.String@5000016f)
	value		50001c6c
ARR 50001c6c (sz=24, trace=300326, nelems=12, elem type=char[])
OBJ 50001c6d (sz=24, trace=301057, class=java.lang.String@5000016f)
	value		50001c6e
ARR 50001c6e (sz=24, trace=300326, nelems=12, elem type=char[])
OBJ 50001c6f (sz=32, trace=301763, class=Line@50006f05)
OBJ 50001c70 (sz=16, trace=301715, class=java.lang.Integer@5000010c)
OBJ 50001c71 (sz=32, trace=301060, class=java.io.File@5000011d)
	path		50001c76
ARR 50001c72 (sz=24, trace=301762, nelems=0, elem type=int[])
OBJ 50001c73 (sz=32, trace=301713, class=java.util.ArrayList$Itr@50001974)
OBJ 50001c74 (sz=32, trace=301763, class=Line@50006f05)
OBJ 50001c75 (sz=16, trace=301715, class=java.lang.Integer@5000010c)
OBJ 50001c76 (sz=24, trace=300376, class=java.lang.String@5000016f)
	value		50001c77
ARR 50001c77 (sz=160, trace=300095, nelems=80, elem type=char[])
OBJ 50001c78 (sz=24, trace=301061, class=sun.misc.MetaIndex@5000003d)
	contents	5000a0cc
ARR 50001c79 (sz=24, trace=301762, nelems=0, elem type=int[])
OBJ 50001c7a (sz=32, trace=300283, class=java.util.HashMap$Node@500000b9)
	key		50001c71
	value		50001c78
OBJ 50001c7b (sz=32, trace=301713, class=java.util.ArrayList$Itr@50001974)
OBJ 50001c7c (sz=32, trace=301763, class=Line@50006f05)
OBJ 50001c7d (sz=16, trace=301715, class=java.lang.Integer@5000010c)
ARR 50001c7e (sz=24, trace=301762, nelems=0, elem type=int[])
OBJ 50001c7f (sz=32, trace=301713, class=java.util.ArrayList$Itr@50001974)
OBJ 50001c80 (sz=32, trace=301763, class=Line@50006f05)
OBJ 50001c81 (sz=24, trace=301057, class=java.lang.String@5000016f)
	value		50001c82
ARR 50001c82 (sz=54, trace=300326, nelems=27, elem type=char[])
OBJ 50001c83 (sz=24, trace=301057, class=java.lang.String@5000016f)
	value		50001c84
ARR 50001c84 (sz=104, trace=300326, nelems=52, elem type=char[])
OBJ 50001c85 (sz=24, trace=301057, class=java.lang.String@5000016f)
	value		50001c86
ARR 50001c86 (sz=96, trace=300326, nelems=48, elem type=char[])
OBJ 50001c87 (sz=24, trace=301057, class=java.lang.String@5000016f)
	value		50001c88
ARR 50001c88 (sz=28, trace=300326, nelems=14, elem type=char[])
OBJ 50001c89 (sz=24, trace=301057, class=java.lang.String@5000016f)
	value		50001c8a
ARR 50001c8a (sz=108, trace=300326, nelems=54, elem type=char[])
OBJ 50001c8b (sz=24, trace=301057, class=java.lang.String@5000016f)
	value		50001c8c
ARR 50001c8c (sz=18, trace=300326, nelems=9, elem type=char[])
OBJ 50001c8d (sz=24, trace=301057, class=java.lang.String@5000016f)
	value		50001c8e
ARR 50001c8e (sz=106, trace=300326, nelems=53, elem type=char[])
OBJ 50001c8f (sz=24, trace=301057, class=java.lang.String@5000016f)
	value		50001c90
ARR 50001c90 (sz=102, trace=300326, nelems=51, elem type=char[])
OBJ 50001c91 (sz=24, trace=301057, class=java.lang.String@5000016f)
	value		50001c92
ARR 50001c92 (sz=22, trace=300326, nelems=11, elem type=char[])
OBJ 50001c93 (sz=24, trace=301057, class=java.lang.String@5000016f)
	value		50001c94
ARR 50001c94 (sz=114, trace=300326, nelems=57, elem type=char[])
OBJ 50001c95 (sz=24, trace=301057, class=java.lang.String@5000016f)
	value		50001c96
ARR 50001c96 (sz=114, trace=300326, nelems=57, elem type=char[])
OBJ 50001c97 (sz=16, trace=301715, class=java.lang.Integer@5000010c)
OBJ 50001c98 (sz=24, trace=301057, class=java.lang.String@5000016f)
	value		50001c99
ARR 50001c99 (sz=14, trace=300326, nelems=7, elem type=char[])
OBJ 50001c9a (sz=24, trace=301057, class=java.lang.String@5000016f)
	value		50001c9b
ARR 50001c9b (sz=114, trace=300326, nelems=57, elem type=char[])
OBJ 50001c9c (sz=24, trace=301057, class=java.lang.String@5000016f)
	value		50001c9d
ARR 50001c9d (sz=32, trace=300326, nelems=16, elem type=char[])
OBJ 50001c9e (sz=24, trace=301057, class=java.lang.String@5000016f)
	value		50001c9f
ARR 50001c9f (sz=98, trace=300326, nelems=49, elem type=char[])
OBJ 50001ca0 (sz=24, trace=301057, class=java.lang.String@5000016f)
	value		50001ca1
ARR 50001ca1 (sz=52, trace=300326, nelems=26, elem type=char[])
ARR 50001ca2 (sz=24, trace=301762, nelems=0, elem type=int[])
OBJ 50001ca3 (sz=24, trace=301057, class=java.lang.String@5000016f)
	value		50001ca4
ARR 50001ca4 (sz=106, trace=300326, nelems=53, elem type=char[])
OBJ 50001ca5 (sz=24, trace=301057, class=java.lang.String@5000016f)
	value		50001ca6
ARR 50001ca6 (sz=14, trace=300326, nelems=7, elem type=char[])
OBJ 50001ca7 (sz=24, trace=301057, class=java.lang.String@5000016f)
	value		50001ca8
ARR 50001ca8 (sz=18, trace=300326, nelems=9, elem type=char[])
OBJ 50001ca9 (sz=24, trace=301057, class=java.lang.String@5000016f)
	value		50001caa
ARR 50001caa (sz=120, trace=300326, nelems=60, elem type=char[])
OBJ 50001cab (sz=24, trace=301057, class=java.lang.String@5000016f)
	value		50001cac
ARR 50001cac (sz=30, trace=300326, nelems=15, elem type=char[])
OBJ 50001cad (sz=24, trace=301057, class=java.lang.String@5000016f)
	value		50001cae
ARR 50001cae (sz=110, trace=300326, nelems=55, elem type=char[])
OBJ 50001caf (sz=24, trace=301057, class=java.lang.String@5000016f)
	value		50001cb0
ARR 50001cb0 (sz=48, trace=300326, nelems=24, elem type=char[])
OBJ 50001cb1 (sz=32, trace=301713, class=java.util.ArrayList$Itr@50001974)
OBJ 50001cb2 (sz=24, trace=301057, class=java.lang.String@5000016f)
	value		50001cb3
ARR 50001cb3 (sz=18, trace=300326, nelems=9, elem type=char[])
OBJ 50001cb4 (sz=24, trace=301057, class=java.lang.String@5000016f)
	value		50001cb5
ARR 50001cb5 (sz=16, trace=300326, nelems=8, elem type=char[])
OBJ 50001cb6 (sz=24, trace=301057, class=java.lang.String@5000016f)
	value		50001cb7
ARR 50001cb7 (sz=18, trace=300326, nelems=9, elem type=char[])
OBJ 50001cb8 (sz=24, trace=301057, class=java.lang.String@5000016f)
	value		50001cb9
ARR 50001cb9 (sz=110, trace=300326, nelems=55, elem type=char[])
OBJ 50001cba (sz=24, trace=301057, class=java.lang.String@5000016f)
	value		50001cbb
ARR 50001cbb (sz=24, trace=300326, nelems=12, elem type=char[])
OBJ 50001cbc (sz=24, trace=301057, class=java.lang.String@5000016f)
	value		50001cbd
ARR 50001cbd (sz=102, trace=300326, nelems=51, elem type=char[])
OBJ 50001cbe (sz=24, trace=301057, class=java.lang.String@5000016f)
	value		50001cbf
ARR 50001cbf (sz=38, trace=300326, nelems=19, elem type=char[])
OBJ 50001cc0 (sz=24, trace=301057, class=java.lang.String@5000016f)
	value		50001cc1
ARR 50001cc1 (sz=26, trace=300326, nelems=13, elem type=char[])
OBJ 50001cc2 (sz=24, trace=301057, class=java.lang.String@5000016f)
	value		50001cc3
ARR 50001cc3 (sz=24, trace=300326, nelems=12, elem type=char[])
OBJ 50001cc4 (sz=24, trace=301057, class=java.lang.String@5000016f)
	value		50001cc5
ARR 50001cc5 (sz=132, trace=300326, nelems=66, elem type=char[])
OBJ 50001cc6 (sz=32, trace=301763, class=Line@50006f05)
OBJ 50001cc7 (sz=16, trace=301715, class=java.lang.Integer@5000010c)
OBJ 50001cc8 (sz=32, trace=301060, class=java.io.File@5000011d)
	path		50001ccd
ARR 50001cc9 (sz=24, trace=301762, nelems=0, elem type=int[])
OBJ 50001cca (sz=32, trace=301713, class=java.util.ArrayList$Itr@50001974)
OBJ 50001ccb (sz=32, trace=301763, class=Line@50006f05)
OBJ 50001ccc (sz=16, trace=301715, class=java.lang.Integer@5000010c)
OBJ 50001ccd (sz=24, trace=300376, class=java.lang.String@5000016f)
	value		50001cce
ARR 50001cce (sz=170, trace=300095, nelems=85, elem type=char[])
OBJ 50001ccf (sz=24, trace=301061, class=sun.misc.MetaIndex@5000003d)
	contents	5000a0cb
ARR 50001cd0 (sz=24, trace=301762, nelems=0, elem type=int[])
OBJ 50001cd1 (sz=32, trace=300283, class=java.util.HashMap$Node@500000b9)
	key		50001cc8
	value		50001ccf
OBJ 50001cd2 (sz=32, trace=301713, class=java.util.ArrayList$Itr@50001974)
OBJ 50001cd3 (sz=32, trace=301763, class=Line@50006f05)
OBJ 50001cd4 (sz=24, trace=301057, class=java.lang.String@5000016f)
	value		50001cd5
ARR 50001cd5 (sz=54, trace=300326, nelems=27, elem type=char[])
OBJ 50001cd6 (sz=24, trace=301057, class=java.lang.String@5000016f)
	value		50001cd7
ARR 50001cd7 (sz=10, trace=300326, nelems=5, elem type=char[])
OBJ 50001cd8 (sz=24, trace=301057, class=java.lang.String@5000016f)
	value		50001cd9
ARR 50001cd9 (sz=18, trace=300326, nelems=9, elem type=char[])
OBJ 50001cda (sz=24, trace=301057, class=java.lang.String@5000016f)
	value		50001cdb
ARR 50001cdb (sz=28, trace=300326, nelems=14, elem type=char[])
OBJ 50001cdc (sz=24, trace=301057, class=java.lang.String@5000016f)
	value		50001cdd
ARR 50001cdd (sz=32, trace=300326, nelems=16, elem type=char[])
OBJ 50001cde (sz=24, trace=301057, class=java.lang.String@5000016f)
	value		50001cdf
ARR 50001cdf (sz=30, trace=300326, nelems=15, elem type=char[])
OBJ 50001ce0 (sz=24, trace=301057, class=java.lang.String@5000016f)
	value		50001ce1
ARR 50001ce1 (sz=42, trace=300326, nelems=21, elem type=char[])
OBJ 50001ce2 (sz=24, trace=301057, class=java.lang.String@5000016f)
	value		50001ce3
ARR 50001ce3 (sz=28, trace=300326, nelems=14, elem type=char[])
OBJ 50001ce4 (sz=24, trace=301057, class=java.lang.String@5000016f)
	value		50001ce5
ARR 50001ce5 (sz=28, trace=300326, nelems=14, elem type=char[])
OBJ 50001ce6 (sz=24, trace=301057, class=java.lang.String@5000016f)
	value		50001ce7
ARR 50001ce7 (sz=24, trace=300326, nelems=12, elem type=char[])
OBJ 50001ce8 (sz=24, trace=301057, class=java.lang.String@5000016f)
	value		50001ce9
ARR 50001ce9 (sz=38, trace=300326, nelems=19, elem type=char[])
OBJ 50001cea (sz=24, trace=301057, class=java.lang.String@5000016f)
	value		50001ceb
ARR 50001ceb (sz=8, trace=300326, nelems=4, elem type=char[])
OBJ 50001cec (sz=24, trace=301057, class=java.lang.String@5000016f)
	value		50001ced
ARR 50001ced (sz=36, trace=300326, nelems=18, elem type=char[])
OBJ 50001cee (sz=24, trace=301057, class=java.lang.String@5000016f)
	value		50001cef
ARR 50001cef (sz=24, trace=300326, nelems=12, elem type=char[])
OBJ 50001cf0 (sz=24, trace=301057, class=java.lang.String@5000016f)
	value		50001cf1
ARR 50001cf1 (sz=26, trace=300326, nelems=13, elem type=char[])
OBJ 50001cf2 (sz=24, trace=301057, class=java.lang.String@5000016f)
	value		50001cf3
ARR 50001cf3 (sz=30, trace=300326, nelems=15, elem type=char[])
OBJ 50001cf4 (sz=24, trace=301057, class=java.lang.String@5000016f)
	value		50001cf5
ARR 50001cf5 (sz=32, trace=300326, nelems=16, elem type=char[])
OBJ 50001cf6 (sz=24, trace=301057, class=java.lang.String@5000016f)
	value		50001cf7
ARR 50001cf7 (sz=24, trace=300326, nelems=12, elem type=char[])
OBJ 50001cf8 (sz=24, trace=301057, class=java.lang.String@5000016f)
	value		50001cf9
ARR 50001cf9 (sz=24, trace=300326, nelems=12, elem type=char[])
OBJ 50001cfa (sz=24, trace=301057, class=java.lang.String@5000016f)
	value		50001cfb
ARR 50001cfb (sz=16, trace=300326, nelems=8, elem type=char[])
OBJ 50001cfc (sz=24, trace=301057, class=java.lang.String@5000016f)
	value		50001cfd
ARR 50001cfd (sz=28, trace=300326, nelems=14, elem type=char[])
OBJ 50001cfe (sz=24, trace=301057, class=java.lang.String@5000016f)
	value		50001cff
ARR 50001cff (sz=38, trace=300326, nelems=19, elem type=char[])
OBJ 50001d00 (sz=24, trace=301057, class=java.lang.String@5000016f)
	value		50001d01
ARR 50001d01 (sz=20, trace=300326, nelems=10, elem type=char[])
OBJ 50001d02 (sz=24, trace=301057, class=java.lang.String@5000016f)
	value		50001d03
ARR 50001d03 (sz=24, trace=300326, nelems=12, elem type=char[])
OBJ 50001d04 (sz=24, trace=301057, class=java.lang.String@5000016f)
	value		50001d05
ARR 50001d05 (sz=30, trace=300326, nelems=15, elem type=char[])
OBJ 50001d06 (sz=24, trace=301057, class=java.lang.String@5000016f)
	value		50001d07
ARR 50001d07 (sz=16, trace=300326, nelems=8, elem type=char[])
OBJ 50001d08 (sz=24, trace=301057, class=java.lang.String@5000016f)
	value		50001d09
ARR 50001d09 (sz=30, trace=300326, nelems=15, elem type=char[])
OBJ 50001d0a (sz=24, trace=301057, class=java.lang.String@5000016f)
	value		50001d0b
ARR 50001d0b (sz=8, trace=300326, nelems=4, elem type=char[])
OBJ 50001d0c (sz=24, trace=301057, class=java.lang.String@5000016f)
	value		50001d0d
ARR 50001d0d (sz=30, trace=300326, nelems=15, elem type=char[])
OBJ 50001d0e (sz=24, trace=301057, class=java.lang.String@5000016f)
	value		50001d0f
ARR 50001d0f (sz=16, trace=300326, nelems=8, elem type=char[])
OBJ 50001d10 (sz=24, trace=301057, class=java.lang.String@5000016f)
	value		50001d11
ARR 50001d11 (sz=16, trace=300326, nelems=8, elem type=char[])
OBJ 50001d12 (sz=24, trace=301057, class=java.lang.String@5000016f)
	value		50001d13
ARR 50001d13 (sz=34, trace=300326, nelems=17, elem type=char[])
OBJ 50001d14 (sz=24, trace=301057, class=java.lang.String@5000016f)
	value		50001d15
ARR 50001d15 (sz=28, trace=300326, nelems=14, elem type=char[])
OBJ 50001d16 (sz=24, trace=301057, class=java.lang.String@5000016f)
	value		50001d17
ARR 50001d17 (sz=24, trace=300326, nelems=12, elem type=char[])
OBJ 50001d18 (sz=16, trace=301715, class=java.lang.Integer@5000010c)
OBJ 50001d19 (sz=24, trace=301057, class=java.lang.String@5000016f)
	value		50001d1a
ARR 50001d1a (sz=22, trace=300326, nelems=11, elem type=char[])
OBJ 50001d1b (sz=24, trace=301057, class=java.lang.String@5000016f)
	value		50001d1c
ARR 50001d1c (sz=38, trace=300326, nelems=19, elem type=char[])
OBJ 50001d1d (sz=24, trace=301057, class=java.lang.String@5000016f)
	value		50001d1e
ARR 50001d1e (sz=34, trace=300326, nelems=17, elem type=char[])
OBJ 50001d1f (sz=24, trace=301057, class=java.lang.String@5000016f)
	value		50001d20
ARR 50001d20 (sz=26, trace=300326, nelems=13, elem type=char[])
OBJ 50001d21 (sz=24, trace=301057, class=java.lang.String@5000016f)
	value		50001d22
ARR 50001d22 (sz=20, trace=300326, nelems=10, elem type=char[])
OBJ 50001d23 (sz=24, trace=301057, class=java.lang.String@5000016f)
	value		50001d24
ARR 50001d24 (sz=44, trace=300326, nelems=22, elem type=char[])
OBJ 50001d25 (sz=24, trace=301057, class=java.lang.String@5000016f)
	value		50001d26
ARR 50001d26 (sz=24, trace=300326, nelems=12, elem type=char[])
OBJ 50001d27 (sz=24, trace=301057, class=java.lang.String@5000016f)
	value		50001d28
ARR 50001d28 (sz=12, trace=300326, nelems=6, elem type=char[])
ARR 50001d29 (sz=24, trace=301762, nelems=0, elem type=int[])
OBJ 50001d2a (sz=32, trace=301064, class=java.io.File@5000011d)
	path		50001d2f
OBJ 50001d2b (sz=32, trace=301713, class=java.util.ArrayList$Itr@50001974)
OBJ 50001d2c (sz=32, trace=301763, class=Line@50006f05)
OBJ 50001d2d (sz=16, trace=301715, class=java.lang.Integer@5000010c)
ARR 50001d2e (sz=24, trace=301762, nelems=0, elem type=int[])
OBJ 50001d2f (sz=24, trace=300376, class=java.lang.String@5000016f)
	value		50001d30
ARR 50001d30 (sz=156, trace=300095, nelems=78, elem type=char[])
OBJ 50001d31 (sz=24, trace=301065, class=sun.misc.MetaIndex@5000003d)
	contents	5000a0da
OBJ 50001d32 (sz=32, trace=301713, class=java.util.ArrayList$Itr@50001974)
OBJ 50001d33 (sz=32, trace=300299, class=java.util.HashMap$Node@500000b9)
	key		50001d2a
	value		50001d31
OBJ 50001d34 (sz=32, trace=301763, class=Line@50006f05)
OBJ 50001d35 (sz=16, trace=301715, class=java.lang.Integer@5000010c)
ARR 50001d36 (sz=24, trace=301762, nelems=0, elem type=int[])
OBJ 50001d37 (sz=32, trace=301713, class=java.util.ArrayList$Itr@50001974)
OBJ 50001d38 (sz=32, trace=301763, class=Line@50006f05)
OBJ 50001d39 (sz=16, trace=301715, class=java.lang.Integer@5000010c)
ARR 50001d3a (sz=24, trace=301762, nelems=0, elem type=int[])
OBJ 50001d3b (sz=32, trace=301713, class=java.util.ArrayList$Itr@50001974)
OBJ 50001d3c (sz=32, trace=301763, class=Line@50006f05)
OBJ 50001d3d (sz=16, trace=301715, class=java.lang.Integer@5000010c)
ARR 50001d3e (sz=24, trace=301762, nelems=0, elem type=int[])
OBJ 50001d3f (sz=32, trace=301713, class=java.util.ArrayList$Itr@50001974)
OBJ 50001d40 (sz=32, trace=301763, class=Line@50006f05)
OBJ 50001d41 (sz=16, trace=301715, class=java.lang.Integer@5000010c)
ARR 50001d42 (sz=24, trace=301762, nelems=0, elem type=int[])
OBJ 50001d43 (sz=32, trace=301713, class=java.util.ArrayList$Itr@50001974)
OBJ 50001d44 (sz=32, trace=301763, class=Line@50006f05)
OBJ 50001d45 (sz=16, trace=301715, class=java.lang.Integer@5000010c)
ARR 50001d46 (sz=24, trace=301762, nelems=0, elem type=int[])
OBJ 50001d47 (sz=32, trace=301713, class=java.util.ArrayList$Itr@50001974)
OBJ 50001d48 (sz=32, trace=301763, class=Line@50006f05)
OBJ 50001d49 (sz=16, trace=301715, class=java.lang.Integer@5000010c)
ARR 50001d4a (sz=24, trace=301762, nelems=0, elem type=int[])
OBJ 50001d4b (sz=32, trace=301713, class=java.util.ArrayList$Itr@50001974)
OBJ 50001d4c (sz=32, trace=301763, class=Line@50006f05)
OBJ 50001d4d (sz=16, trace=301715, class=java.lang.Integer@5000010c)
ARR 50001d4e (sz=24, trace=301762, nelems=0, elem type=int[])
OBJ 50001d4f (sz=32, trace=301713, class=java.util.ArrayList$Itr@50001974)
OBJ 50001d50 (sz=32, trace=301763, class=Line@50006f05)
OBJ 50001d51 (sz=16, trace=301715, class=java.lang.Integer@5000010c)
ARR 50001d52 (sz=24, trace=301762, nelems=0, elem type=int[])
OBJ 50001d53 (sz=32, trace=301713, class=java.util.ArrayList$Itr@50001974)
OBJ 50001d54 (sz=32, trace=301763, class=Line@50006f05)
OBJ 50001d55 (sz=16, trace=301715, class=java.lang.Integer@5000010c)
ARR 50001d56 (sz=24, trace=301762, nelems=0, elem type=int[])
OBJ 50001d57 (sz=32, trace=301713, class=java.util.ArrayList$Itr@50001974)
OBJ 50001d58 (sz=32, trace=301763, class=Line@50006f05)
OBJ 50001d59 (sz=16, trace=301715, class=java.lang.Integer@5000010c)
ARR 50001d5a (sz=24, trace=301762, nelems=0, elem type=int[])
OBJ 50001d5b (sz=32, trace=301713, class=java.util.ArrayList$Itr@50001974)
OBJ 50001d5c (sz=32, trace=301763, class=Line@50006f05)
OBJ 50001d5d (sz=16, trace=301715, class=java.lang.Integer@5000010c)
ARR 50001d5e (sz=24, trace=301762, nelems=0, elem type=int[])
OBJ 50001d5f (sz=32, trace=301713, class=java.util.ArrayList$Itr@50001974)
OBJ 50001d60 (sz=32, trace=301763, class=Line@50006f05)
OBJ 50001d61 (sz=16, trace=301715, class=java.lang.Integer@5000010c)
ARR 50001d62 (sz=24, trace=301762, nelems=0, elem type=int[])
OBJ 50001d63 (sz=32, trace=301713, class=java.util.ArrayList$Itr@50001974)
OBJ 50001d64 (sz=32, trace=301763, class=Line@50006f05)
ARR 50001d65 (sz=24, trace=301762, nelems=0, elem type=int[])
OBJ 50001d66 (sz=32, trace=301713, class=java.util.ArrayList$Itr@50001974)
OBJ 50001d67 (sz=32, trace=301763, class=Line@50006f05)
ARR 50001d68 (sz=24, trace=301762, nelems=0, elem type=int[])
OBJ 50001d69 (sz=32, trace=301713, class=java.util.ArrayList$Itr@50001974)
OBJ 50001d6a (sz=32, trace=301763, class=Line@50006f05)
OBJ 50001d6b (sz=16, trace=301715, class=java.lang.Integer@5000010c)
ARR 50001d6c (sz=24, trace=301762, nelems=0, elem type=int[])
OBJ 50001d6d (sz=32, trace=301713, class=java.util.ArrayList$Itr@50001974)
OBJ 50001d6e (sz=32, trace=301763, class=Line@50006f05)
OBJ 50001d6f (sz=16, trace=301715, class=java.lang.Integer@5000010c)
ARR 50001d70 (sz=24, trace=301762, nelems=0, elem type=int[])
OBJ 50001d71 (sz=32, trace=301713, class=java.util.ArrayList$Itr@50001974)
OBJ 50001d72 (sz=32, trace=301763, class=Line@50006f05)
OBJ 50001d73 (sz=16, trace=301715, class=java.lang.Integer@5000010c)
ARR 50001d74 (sz=24, trace=301762, nelems=0, elem type=int[])
OBJ 50001d75 (sz=32, trace=301713, class=java.util.ArrayList$Itr@50001974)
OBJ 50001d76 (sz=24, trace=301072, class=java.lang.String@5000016f)
	value		50001d77
ARR 50001d77 (sz=170, trace=301073, nelems=85, elem type=char[])
OBJ 50001d78 (sz=32, trace=301763, class=Line@50006f05)
OBJ 50001d79 (sz=16, trace=301715, class=java.lang.Integer@5000010c)
ARR 50001d7a (sz=24, trace=301762, nelems=0, elem type=int[])
OBJ 50001d7b (sz=32, trace=301713, class=java.util.ArrayList$Itr@50001974)
OBJ 50001d7c (sz=64, trace=301074, class=java.net.URL@5000011b)
	protocol	50009fa6
	host		500095b3
	file		50001d76
	authority	500095b3
	path		50001d76
	handler		50009fa5
OBJ 50001d7d (sz=32, trace=301763, class=Line@50006f05)
OBJ 50001d7e (sz=16, trace=301715, class=java.lang.Integer@5000010c)
ARR 50001d7f (sz=24, trace=301762, nelems=0, elem type=int[])
OBJ 50001d80 (sz=32, trace=301713, class=java.util.ArrayList$Itr@50001974)
OBJ 50001d81 (sz=24, trace=301072, class=java.lang.String@5000016f)
	value		50001d82
ARR 50001d82 (sz=156, trace=301073, nelems=78, elem type=char[])
OBJ 50001d83 (sz=32, trace=301763, class=Line@50006f05)
OBJ 50001d84 (sz=16, trace=301715, class=java.lang.Integer@5000010c)
ARR 50001d85 (sz=24, trace=301762, nelems=0, elem type=int[])
OBJ 50001d86 (sz=32, trace=301713, class=java.util.ArrayList$Itr@50001974)
OBJ 50001d87 (sz=64, trace=301074, class=java.net.URL@5000011b)
	protocol	50009fa6
	host		500095b3
	file		50001d81
	authority	500095b3
	path		50001d81
	handler		50009fa5
OBJ 50001d88 (sz=32, trace=301763, class=Line@50006f05)
OBJ 50001d89 (sz=16, trace=301715, class=java.lang.Integer@5000010c)
ARR 50001d8a (sz=24, trace=301762, nelems=0, elem type=int[])
OBJ 50001d8b (sz=32, trace=301713, class=java.util.ArrayList$Itr@50001974)
OBJ 50001d8c (sz=32, trace=301763, class=Line@50006f05)
OBJ 50001d8d (sz=16, trace=301715, class=java.lang.Integer@5000010c)
ARR 50001d8e (sz=24, trace=301762, nelems=0, elem type=int[])
OBJ 50001d8f (sz=32, trace=301713, class=java.util.ArrayList$Itr@50001974)
OBJ 50001d90 (sz=32, trace=301763, class=Line@50006f05)
OBJ 50001d91 (sz=24, trace=300645, class=java.lang.String@5000016f)
	value		50001d92
ARR 50001d92 (sz=172, trace=300646, nelems=86, elem type=char[])
OBJ 50001d93 (sz=16, trace=301715, class=java.lang.Integer@5000010c)
ARR 50001d94 (sz=24, trace=301762, nelems=0, elem type=int[])
OBJ 50001d95 (sz=32, trace=301713, class=java.util.ArrayList$Itr@50001974)
OBJ 50001d96 (sz=32, trace=301763, class=Line@50006f05)
OBJ 50001d97 (sz=24, trace=300649, class=java.lang.String@5000016f)
	value		50001d98
ARR 50001d98 (sz=172, trace=300650, nelems=86, elem type=char[])
OBJ 50001d99 (sz=24, trace=300651, class=java.io.ExpiringCache$Entry@5000005b)
	val		50001d91
OBJ 50001d9a (sz=40, trace=300616, class=java.util.LinkedHashMap$Entry@5000005a)
	key		50001d97
	value		50001d99
	before		50001c13
	after		50001dd7
OBJ 50001d9b (sz=16, trace=301715, class=java.lang.Integer@5000010c)
ARR 50001d9c (sz=24, trace=301762, nelems=0, elem type=int[])
OBJ 50001d9d (sz=32, trace=301713, class=java.util.ArrayList$Itr@50001974)
OBJ 50001d9e (sz=24, trace=301072, class=java.lang.String@5000016f)
	value		50001d9f
ARR 50001d9f (sz=172, trace=301073, nelems=86, elem type=char[])
OBJ 50001da0 (sz=32, trace=301763, class=Line@50006f05)
OBJ 50001da1 (sz=16, trace=301715, class=java.lang.Integer@5000010c)
ARR 50001da2 (sz=24, trace=301762, nelems=0, elem type=int[])
OBJ 50001da3 (sz=32, trace=301713, class=java.util.ArrayList$Itr@50001974)
OBJ 50001da4 (sz=64, trace=301074, class=java.net.URL@5000011b)
	protocol	50009fa6
	host		500095b3
	file		50001d9e
	authority	500095b3
	path		50001d9e
	handler		50009fa5
OBJ 50001da5 (sz=32, trace=301763, class=Line@50006f05)
ARR 50001da6 (sz=24, trace=301762, nelems=0, elem type=int[])
OBJ 50001da7 (sz=32, trace=301713, class=java.util.ArrayList$Itr@50001974)
OBJ 50001da8 (sz=32, trace=301763, class=Line@50006f05)
OBJ 50001da9 (sz=24, trace=301072, class=java.lang.String@5000016f)
	value		50001daa
ARR 50001daa (sz=160, trace=301073, nelems=80, elem type=char[])
OBJ 50001dab (sz=16, trace=301715, class=java.lang.Integer@5000010c)
ARR 50001dac (sz=24, trace=301762, nelems=0, elem type=int[])
OBJ 50001dad (sz=32, trace=301713, class=java.util.ArrayList$Itr@50001974)
OBJ 50001dae (sz=32, trace=301763, class=Line@50006f05)
OBJ 50001daf (sz=64, trace=301074, class=java.net.URL@5000011b)
	protocol	50009fa6
	host		500095b3
	file		50001da9
	authority	500095b3
	path		50001da9
	handler		50009fa5
OBJ 50001db0 (sz=16, trace=301715, class=java.lang.Integer@5000010c)
OBJ 50001db1 (sz=24, trace=301764, class=java.lang.StringBuilder@50000123)
ARR 50001db2 (sz=48, trace=301765, nelems=0, elem type=char[])
ARR 50001db3 (sz=88, trace=300011, nelems=0, elem type=char[])
OBJ 50001db4 (sz=24, trace=301072, class=java.lang.String@5000016f)
	value		50001db5
ARR 50001db5 (sz=158, trace=301073, nelems=79, elem type=char[])
OBJ 50001db6 (sz=32, trace=301716, class=java.util.ArrayList$Itr@50001974)
ARR 50001db7 (sz=160, trace=301749, nelems=0, elem type=char[])
OBJ 50001db8 (sz=24, trace=301766, class=java.lang.String@5000016f)
ARR 50001db9 (sz=88, trace=301767, nelems=0, elem type=char[])
OBJ 50001dba (sz=64, trace=301074, class=java.net.URL@5000011b)
	protocol	50009fa6
	host		500095b3
	file		50001db4
	authority	500095b3
	path		50001db4
	handler		50009fa5
OBJ 50001dbb (sz=48, trace=300324, class=java.nio.HeapCharBuffer@50000035)
OBJ 50001dbc (sz=48, trace=300324, class=java.nio.HeapCharBuffer@50000035)
OBJ 50001dbd (sz=32, trace=301716, class=java.util.ArrayList$Itr@50001974)
OBJ 50001dbe (sz=24, trace=301768, class=java.lang.StringBuilder@50000123)
OBJ 50001dbf (sz=24, trace=301072, class=java.lang.String@5000016f)
	value		50001dc0
ARR 50001dc0 (sz=168, trace=301073, nelems=84, elem type=char[])
ARR 50001dc1 (sz=48, trace=301769, nelems=0, elem type=char[])
OBJ 50001dc2 (sz=32, trace=301753, class=Point@5000255b)
OBJ 50001dc3 (sz=24, trace=301770, class=java.lang.String@5000016f)
	value		50001dc4
ARR 50001dc4 (sz=28, trace=301771, nelems=14, elem type=char[])
OBJ 50001dc5 (sz=64, trace=301074, class=java.net.URL@5000011b)
	protocol	50009fa6
	host		500095b3
	file		50001dbf
	authority	500095b3
	path		50001dbf
	handler		50009fa5
OBJ 50001dc6 (sz=32, trace=301772, class=java.io.File@5000011d)
OBJ 50001dc7 (sz=32, trace=301753, class=Point@5000255b)
ARR 50001dc8 (sz=64, trace=300071, nelems=0, elem type=byte[])
ARR 50001dc9 (sz=32, trace=300072, nelems=0, elem type=byte[])
OBJ 50001dca (sz=24, trace=301072, class=java.lang.String@5000016f)
	value		50001dcb
ARR 50001dcb (sz=158, trace=301073, nelems=79, elem type=char[])
OBJ 50001dcc (sz=24, trace=300073, class=java.lang.String@5000016f)
ARR 50001dcd (sz=32, trace=300074, nelems=0, elem type=char[])
OBJ 50001dce (sz=24, trace=301773, class=java.util.ArrayList@500000c5)
OBJ 50001dcf (sz=32, trace=301774, class=java.io.File@5000011d)
OBJ 50001dd0 (sz=64, trace=301074, class=java.net.URL@5000011b)
	protocol	50009fa6
	host		500095b3
	file		50001dca
	authority	500095b3
	path		50001dca
	handler		50009fa5
OBJ 50001dd1 (sz=32, trace=301753, class=Point@5000255b)
OBJ 50001dd2 (sz=32, trace=301490, class=java.io.FileInputStream@50000089)
	fd		50001dd9
	path		50001dc3
	closeLock	50001dd8
OBJ 50001dd3 (sz=40, trace=300097, class=java.lang.ref.Finalizer@5000014e)
	referent	50001dd2
	queue		5000945f
	next		50001832
OBJ 50001dd4 (sz=32, trace=301753, class=Point@5000255b)
OBJ 50001dd5 (sz=32, trace=301753, class=Point@5000255b)
OBJ 50001dd6 (sz=24, trace=300079, class=java.io.ExpiringCache$Entry@5000005b)
	val		50009826
OBJ 50001dd7 (sz=40, trace=300616, class=java.util.LinkedHashMap$Entry@5000005a)
	key		50001be7
	value		50001dd6
	before		50001d9a
OBJ 50001dd8 (sz=16, trace=301775, class=java.lang.Object@50000173)
OBJ 50001dd9 (sz=32, trace=301492, class=java.io.FileDescriptor@50000088)
	parent		50001dd2
ARR 50001dda (sz=64, trace=300704, nelems=0, elem type=byte[])
ARR 50001ddb (sz=32, trace=300072, nelems=0, elem type=byte[])
OBJ 50001ddc (sz=24, trace=301776, class=java.io.FileReader@50000038)
OBJ 50001ddd (sz=40, trace=300316, class=sun.nio.cs.UTF_8$Decoder@50000094)
OBJ 50001dde (sz=48, trace=300317, class=sun.nio.cs.StreamDecoder@50000037)
ARR 50001ddf (sz=8208, trace=300318, nelems=0, elem type=byte[])
OBJ 50001de0 (sz=48, trace=300319, class=java.nio.HeapByteBuffer@5000006f)
OBJ 50001de1 (sz=48, trace=301777, class=java.io.BufferedReader@5000003a)
OBJ 50001de2 (sz=24, trace=301072, class=java.lang.String@5000016f)
	value		50001de3
ARR 50001de3 (sz=150, trace=301073, nelems=75, elem type=char[])
ARR 50001de4 (sz=16400, trace=301778, nelems=0, elem type=char[])
OBJ 50001de5 (sz=48, trace=300324, class=java.nio.HeapCharBuffer@50000035)
OBJ 50001de6 (sz=24, trace=301779, class=java.lang.String@5000016f)
ARR 50001de7 (sz=88, trace=300326, nelems=0, elem type=char[])
OBJ 50001de8 (sz=64, trace=301074, class=java.net.URL@5000011b)
	protocol	50009fa6
	host		500095b3
	file		50001de2
	authority	500095b3
	path		50001de2
	handler		50009fa5
OBJ 50001de9 (sz=24, trace=301497, class=java.util.ArrayList@500000c5)
OBJ 50001dea (sz=48, trace=301076, class=sun.misc.URLClassPath@50000004)
	path		50001deb
	urls		50001dec
	loaders		50001dee
	lmap		50001def
	jarHandler	50001df6
OBJ 50001deb (sz=24, trace=301077, class=java.util.ArrayList@500000c5)
	elementData	50001df0
OBJ 50001dec (sz=32, trace=300322, class=java.util.Stack@500000e4)
	elementData	50001ded
ARR 50001ded (sz=56, trace=301078, nelems=0, elem type=java.lang.Object[]@5000010a)
OBJ 50001dee (sz=24, trace=301079, class=java.util.ArrayList@500000c5)
	elementData	50001e19
OBJ 50001def (sz=48, trace=301080, class=java.util.HashMap@500000ba)
	table		50001e1a
ARR 50001df0 (sz=56, trace=300281, nelems=8, elem type=java.lang.Object[]@5000010a)
	[0]		50001d7c
	[1]		50001d87
	[2]		50001da4
	[3]		50001daf
	[4]		50001dba
	[5]		50001dc5
	[6]		50001dd0
	[7]		50001de8
OBJ 50001df1 (sz=24, trace=301498, class=java.lang.String@5000016f)
ARR 50001df2 (sz=32, trace=301499, nelems=0, elem type=char[])
ARR 50001df3 (sz=56, trace=300281, nelems=0, elem type=java.lang.Object[]@5000010a)
OBJ 50001df4 (sz=24, trace=301498, class=java.lang.String@5000016f)
ARR 50001df5 (sz=32, trace=301499, nelems=0, elem type=char[])
OBJ 50001df6 (sz=16, trace=301085, class=sun.net.www.protocol.jar.Handler@50000003)
OBJ 50001df8 (sz=24, trace=301498, class=java.lang.String@5000016f)
ARR 50001dfa (sz=32, trace=301499, nelems=0, elem type=char[])
OBJ 50001dfc (sz=24, trace=301500, class=java.lang.String@5000016f)
ARR 50001dfe (sz=32, trace=301501, nelems=0, elem type=char[])
ARR 50001e00 (sz=32, trace=301780, nelems=0, elem type=java.lang.String[]@500000cf)
OBJ 50001e01 (sz=40, trace=301504, class=java.util.ArrayList$SubList@5000248a)
OBJ 50001e02 (sz=40, trace=301506, class=java.util.ArrayList$SubList$1@5000248d)
ARR 50001e03 (sz=32, trace=301781, nelems=0, elem type=char[])
OBJ 50001e04 (sz=24, trace=300127, class=java.lang.String@5000016f)
	value		50001e05
ARR 50001e05 (sz=184, trace=300128, nelems=92, elem type=char[])
OBJ 50001e06 (sz=32, trace=301535, class=sun.misc.FloatingDecimal$ASCIIToBinaryBuffer@500024ac)
ARR 50001e07 (sz=32, trace=301782, nelems=0, elem type=char[])
OBJ 50001e08 (sz=32, trace=301535, class=sun.misc.FloatingDecimal$ASCIIToBinaryBuffer@500024ac)
OBJ 50001e09 (sz=32, trace=301783, class=Point@5000255b)
ARR 50001e0a (sz=32, trace=301784, nelems=0, elem type=char[])
OBJ 50001e0b (sz=32, trace=301535, class=sun.misc.FloatingDecimal$ASCIIToBinaryBuffer@500024ac)
ARR 50001e0c (sz=32, trace=301785, nelems=0, elem type=char[])
OBJ 50001e0d (sz=32, trace=301535, class=sun.misc.FloatingDecimal$ASCIIToBinaryBuffer@500024ac)
OBJ 50001e0e (sz=32, trace=301786, class=Point@5000255b)
OBJ 50001e0f (sz=24, trace=300149, class=java.lang.String@5000016f)
	value		50001e10
ARR 50001e10 (sz=184, trace=300150, nelems=92, elem type=char[])
OBJ 50001e11 (sz=64, trace=300151, class=java.net.URL@5000011b)
	protocol	50009a58
	host		500095b3
	file		50001e0f
	authority	500095b3
	path		50001e0f
	handler		50001df6
OBJ 50001e12 (sz=32, trace=301787, class=Line@50006f05)
OBJ 50001e13 (sz=48, trace=300153, class=sun.misc.URLClassPath$JarLoader@50000231)
	base		50001e11
	csu		50001d7c
	metaIndex	50001ccf
	handler		50001df6
	lmap		50001def
ARR 50001e14 (sz=56, trace=300281, nelems=0, elem type=java.lang.Object[]@5000010a)
OBJ 50001e15 (sz=24, trace=301779, class=java.lang.String@5000016f)
ARR 50001e16 (sz=88, trace=300326, nelems=0, elem type=char[])
OBJ 50001e17 (sz=24, trace=301497, class=java.util.ArrayList@500000c5)
OBJ 50001e18 (sz=24, trace=301498, class=java.lang.String@5000016f)
ARR 50001e19 (sz=56, trace=300281, nelems=6, elem type=java.lang.Object[]@5000010a)
	[0]		50001e13
	[1]		50001e2e
	[2]		50001e66
	[3]		50001e7f
	[4]		50001e98
	[5]		50001eb1
ARR 50001e1a (sz=80, trace=300282, nelems=13, elem type=java.util.HashMap$Node[]@500000b8)
	[4]		50001e1b
	[5]		50001e85
	[8]		50001e6c
	[9]		50001eb7
	[10]		50001e34
	[12]		50001e9e
OBJ 50001e1b (sz=32, trace=300283, class=java.util.HashMap$Node@500000b9)
	key		50001e04
	value		50001e13
ARR 50001e1c (sz=32, trace=301499, nelems=0, elem type=char[])
ARR 50001e1d (sz=56, trace=300281, nelems=0, elem type=java.lang.Object[]@5000010a)
OBJ 50001e1e (sz=24, trace=301498, class=java.lang.String@5000016f)
OBJ 50001e1f (sz=24, trace=300127, class=java.lang.String@5000016f)
	value		50001e20
ARR 50001e20 (sz=170, trace=300128, nelems=85, elem type=char[])
ARR 50001e21 (sz=32, trace=301499, nelems=0, elem type=char[])
OBJ 50001e22 (sz=24, trace=301498, class=java.lang.String@5000016f)
ARR 50001e23 (sz=32, trace=301499, nelems=0, elem type=char[])
OBJ 50001e24 (sz=24, trace=301500, class=java.lang.String@5000016f)
ARR 50001e25 (sz=32, trace=301501, nelems=0, elem type=char[])
ARR 50001e26 (sz=32, trace=301780, nelems=0, elem type=java.lang.String[]@500000cf)
OBJ 50001e27 (sz=40, trace=301504, class=java.util.ArrayList$SubList@5000248a)
OBJ 50001e28 (sz=40, trace=301506, class=java.util.ArrayList$SubList$1@5000248d)
ARR 50001e29 (sz=32, trace=301781, nelems=0, elem type=char[])
OBJ 50001e2a (sz=24, trace=300149, class=java.lang.String@5000016f)
	value		50001e2b
ARR 50001e2b (sz=170, trace=300150, nelems=85, elem type=char[])
OBJ 50001e2c (sz=64, trace=300151, class=java.net.URL@5000011b)
	protocol	50009a58
	host		500095b3
	file		50001e2a
	authority	500095b3
	path		50001e2a
	handler		50001df6
OBJ 50001e2d (sz=32, trace=301535, class=sun.misc.FloatingDecimal$ASCIIToBinaryBuffer@500024ac)
OBJ 50001e2e (sz=48, trace=300153, class=sun.misc.URLClassPath$JarLoader@50000231)
	base		50001e2c
	csu		50001d87
	metaIndex	50001d31
	handler		50001df6
	lmap		50001def
ARR 50001e2f (sz=32, trace=301782, nelems=0, elem type=char[])
OBJ 50001e30 (sz=32, trace=301535, class=sun.misc.FloatingDecimal$ASCIIToBinaryBuffer@500024ac)
OBJ 50001e31 (sz=32, trace=301783, class=Point@5000255b)
ARR 50001e32 (sz=32, trace=301784, nelems=0, elem type=char[])
OBJ 50001e33 (sz=32, trace=301535, class=sun.misc.FloatingDecimal$ASCIIToBinaryBuffer@500024ac)
OBJ 50001e34 (sz=32, trace=300283, class=java.util.HashMap$Node@500000b9)
	key		50001e1f
	value		50001e2e
ARR 50001e35 (sz=32, trace=301785, nelems=0, elem type=char[])
OBJ 50001e36 (sz=32, trace=301535, class=sun.misc.FloatingDecimal$ASCIIToBinaryBuffer@500024ac)
OBJ 50001e37 (sz=32, trace=301786, class=Point@5000255b)
OBJ 50001e38 (sz=32, trace=301787, class=Line@50006f05)
OBJ 50001e39 (sz=24, trace=301779, class=java.lang.String@5000016f)
ARR 50001e3a (sz=88, trace=300326, nelems=0, elem type=char[])
OBJ 50001e3b (sz=24, trace=301497, class=java.util.ArrayList@500000c5)
OBJ 50001e3c (sz=24, trace=301498, class=java.lang.String@5000016f)
ARR 50001e3d (sz=32, trace=301499, nelems=0, elem type=char[])
ARR 50001e3e (sz=56, trace=300281, nelems=0, elem type=java.lang.Object[]@5000010a)
OBJ 50001e3f (sz=24, trace=301498, class=java.lang.String@5000016f)
ARR 50001e40 (sz=32, trace=301499, nelems=0, elem type=char[])
OBJ 50001e41 (sz=24, trace=301498, class=java.lang.String@5000016f)
ARR 50001e42 (sz=32, trace=301499, nelems=0, elem type=char[])
OBJ 50001e43 (sz=24, trace=301500, class=java.lang.String@5000016f)
ARR 50001e44 (sz=32, trace=301501, nelems=0, elem type=char[])
ARR 50001e45 (sz=32, trace=301780, nelems=0, elem type=java.lang.String[]@500000cf)
OBJ 50001e46 (sz=40, trace=301504, class=java.util.ArrayList$SubList@5000248a)
OBJ 50001e47 (sz=40, trace=301506, class=java.util.ArrayList$SubList$1@5000248d)
ARR 50001e48 (sz=32, trace=301781, nelems=0, elem type=char[])
OBJ 50001e49 (sz=32, trace=301535, class=sun.misc.FloatingDecimal$ASCIIToBinaryBuffer@500024ac)
ARR 50001e4a (sz=32, trace=301782, nelems=0, elem type=char[])
OBJ 50001e4b (sz=32, trace=301535, class=sun.misc.FloatingDecimal$ASCIIToBinaryBuffer@500024ac)
OBJ 50001e4c (sz=32, trace=301783, class=Point@5000255b)
ARR 50001e4d (sz=32, trace=301784, nelems=0, elem type=char[])
OBJ 50001e4e (sz=32, trace=301535, class=sun.misc.FloatingDecimal$ASCIIToBinaryBuffer@500024ac)
ARR 50001e4f (sz=32, trace=301785, nelems=0, elem type=char[])
OBJ 50001e51 (sz=32, trace=301535, class=sun.misc.FloatingDecimal$ASCIIToBinaryBuffer@500024ac)
OBJ 50001e52 (sz=32, trace=301786, class=Point@5000255b)
OBJ 50001e53 (sz=32, trace=301787, class=Line@50006f05)
OBJ 50001e54 (sz=24, trace=301779, class=java.lang.String@5000016f)
ARR 50001e55 (sz=88, trace=300326, nelems=0, elem type=char[])
OBJ 50001e56 (sz=24, trace=301497, class=java.util.ArrayList@500000c5)
OBJ 50001e57 (sz=24, trace=300127, class=java.lang.String@5000016f)
	value		50001e58
ARR 50001e58 (sz=174, trace=300128, nelems=87, elem type=char[])
OBJ 50001e59 (sz=24, trace=301498, class=java.lang.String@5000016f)
ARR 50001e5a (sz=32, trace=301499, nelems=0, elem type=char[])
ARR 50001e5b (sz=56, trace=300281, nelems=0, elem type=java.lang.Object[]@5000010a)
OBJ 50001e5c (sz=24, trace=301498, class=java.lang.String@5000016f)
ARR 50001e5d (sz=32, trace=301499, nelems=0, elem type=char[])
OBJ 50001e5e (sz=24, trace=301498, class=java.lang.String@5000016f)
ARR 50001e5f (sz=32, trace=301499, nelems=0, elem type=char[])
OBJ 50001e60 (sz=24, trace=301500, class=java.lang.String@5000016f)
ARR 50001e61 (sz=32, trace=301501, nelems=0, elem type=char[])
OBJ 50001e62 (sz=24, trace=300149, class=java.lang.String@5000016f)
	value		50001e63
ARR 50001e63 (sz=174, trace=300150, nelems=87, elem type=char[])
OBJ 50001e64 (sz=64, trace=300151, class=java.net.URL@5000011b)
	protocol	50009a58
	host		500095b3
	file		50001e62
	authority	500095b3
	path		50001e62
	handler		50001df6
ARR 50001e65 (sz=32, trace=301780, nelems=0, elem type=java.lang.String[]@500000cf)
OBJ 50001e66 (sz=48, trace=300153, class=sun.misc.URLClassPath$JarLoader@50000231)
	base		50001e64
	csu		50001daf
	metaIndex	50001c78
	handler		50001df6
	lmap		50001def
OBJ 50001e67 (sz=40, trace=301504, class=java.util.ArrayList$SubList@5000248a)
OBJ 50001e68 (sz=40, trace=301506, class=java.util.ArrayList$SubList$1@5000248d)
ARR 50001e69 (sz=32, trace=301781, nelems=0, elem type=char[])
OBJ 50001e6a (sz=32, trace=301535, class=sun.misc.FloatingDecimal$ASCIIToBinaryBuffer@500024ac)
ARR 50001e6b (sz=32, trace=301782, nelems=0, elem type=char[])
OBJ 50001e6c (sz=32, trace=300283, class=java.util.HashMap$Node@500000b9)
	key		50001e57
	value		50001e66
OBJ 50001e6d (sz=32, trace=301535, class=sun.misc.FloatingDecimal$ASCIIToBinaryBuffer@500024ac)
OBJ 50001e6e (sz=32, trace=301783, class=Point@5000255b)
ARR 50001e6f (sz=32, trace=301784, nelems=0, elem type=char[])
OBJ 50001e70 (sz=24, trace=300127, class=java.lang.String@5000016f)
	value		50001e71
ARR 50001e71 (sz=172, trace=300128, nelems=86, elem type=char[])
OBJ 50001e72 (sz=32, trace=301535, class=sun.misc.FloatingDecimal$ASCIIToBinaryBuffer@500024ac)
ARR 50001e73 (sz=32, trace=301785, nelems=0, elem type=char[])
OBJ 50001e74 (sz=32, trace=301535, class=sun.misc.FloatingDecimal$ASCIIToBinaryBuffer@500024ac)
OBJ 50001e75 (sz=32, trace=301786, class=Point@5000255b)
OBJ 50001e76 (sz=32, trace=301787, class=Line@50006f05)
OBJ 50001e77 (sz=24, trace=301779, class=java.lang.String@5000016f)
ARR 50001e78 (sz=88, trace=300326, nelems=0, elem type=char[])
OBJ 50001e79 (sz=24, trace=301497, class=java.util.ArrayList@500000c5)
OBJ 50001e7a (sz=24, trace=301498, class=java.lang.String@5000016f)
OBJ 50001e7b (sz=24, trace=300149, class=java.lang.String@5000016f)
	value		50001e7c
ARR 50001e7c (sz=172, trace=300150, nelems=86, elem type=char[])
OBJ 50001e7d (sz=64, trace=300151, class=java.net.URL@5000011b)
	protocol	50009a58
	host		500095b3
	file		50001e7b
	authority	500095b3
	path		50001e7b
	handler		50001df6
ARR 50001e7e (sz=32, trace=301499, nelems=0, elem type=char[])
OBJ 50001e7f (sz=48, trace=300153, class=sun.misc.URLClassPath$JarLoader@50000231)
	base		50001e7d
	csu		50001dba
	metaIndex	50001c51
	handler		50001df6
	lmap		50001def
ARR 50001e80 (sz=56, trace=300281, nelems=0, elem type=java.lang.Object[]@5000010a)
OBJ 50001e81 (sz=24, trace=301498, class=java.lang.String@5000016f)
ARR 50001e82 (sz=32, trace=301499, nelems=0, elem type=char[])
OBJ 50001e83 (sz=24, trace=301498, class=java.lang.String@5000016f)
ARR 50001e84 (sz=32, trace=301499, nelems=0, elem type=char[])
OBJ 50001e85 (sz=32, trace=300283, class=java.util.HashMap$Node@500000b9)
	key		50001e70
	value		50001e7f
OBJ 50001e86 (sz=24, trace=301500, class=java.lang.String@5000016f)
ARR 50001e87 (sz=32, trace=301501, nelems=0, elem type=char[])
ARR 50001e88 (sz=32, trace=301780, nelems=0, elem type=java.lang.String[]@500000cf)
OBJ 50001e89 (sz=24, trace=300127, class=java.lang.String@5000016f)
	value		50001e8a
ARR 50001e8a (sz=182, trace=300128, nelems=91, elem type=char[])
OBJ 50001e8b (sz=40, trace=301504, class=java.util.ArrayList$SubList@5000248a)
OBJ 50001e8c (sz=40, trace=301506, class=java.util.ArrayList$SubList$1@5000248d)
ARR 50001e8d (sz=32, trace=301781, nelems=0, elem type=char[])
OBJ 50001e8e (sz=32, trace=301535, class=sun.misc.FloatingDecimal$ASCIIToBinaryBuffer@500024ac)
ARR 50001e8f (sz=32, trace=301782, nelems=0, elem type=char[])
OBJ 50001e90 (sz=32, trace=301535, class=sun.misc.FloatingDecimal$ASCIIToBinaryBuffer@500024ac)
OBJ 50001e91 (sz=32, trace=301783, class=Point@5000255b)
ARR 50001e92 (sz=32, trace=301784, nelems=0, elem type=char[])
OBJ 50001e93 (sz=32, trace=301535, class=sun.misc.FloatingDecimal$ASCIIToBinaryBuffer@500024ac)
OBJ 50001e94 (sz=24, trace=300149, class=java.lang.String@5000016f)
	value		50001e95
ARR 50001e95 (sz=182, trace=300150, nelems=91, elem type=char[])
OBJ 50001e96 (sz=64, trace=300151, class=java.net.URL@5000011b)
	protocol	50009a58
	host		500095b3
	file		50001e94
	authority	500095b3
	path		50001e94
	handler		50001df6
ARR 50001e97 (sz=32, trace=301785, nelems=0, elem type=char[])
OBJ 50001e98 (sz=48, trace=300153, class=sun.misc.URLClassPath$JarLoader@50000231)
	base		50001e96
	csu		50001dc5
	metaIndex	50001c3b
	handler		50001df6
	lmap		50001def
OBJ 50001e99 (sz=32, trace=301535, class=sun.misc.FloatingDecimal$ASCIIToBinaryBuffer@500024ac)
OBJ 50001e9a (sz=32, trace=301786, class=Point@5000255b)
OBJ 50001e9b (sz=32, trace=301787, class=Line@50006f05)
OBJ 50001e9c (sz=24, trace=301779, class=java.lang.String@5000016f)
ARR 50001e9d (sz=88, trace=300326, nelems=0, elem type=char[])
OBJ 50001e9e (sz=32, trace=300283, class=java.util.HashMap$Node@500000b9)
	key		50001e89
	value		50001e98
OBJ 50001e9f (sz=24, trace=301497, class=java.util.ArrayList@500000c5)
OBJ 50001ea0 (sz=24, trace=301498, class=java.lang.String@5000016f)
ARR 50001ea1 (sz=32, trace=301499, nelems=0, elem type=char[])
OBJ 50001ea2 (sz=24, trace=300127, class=java.lang.String@5000016f)
	value		50001ea3
ARR 50001ea3 (sz=172, trace=300128, nelems=86, elem type=char[])
ARR 50001ea4 (sz=56, trace=300281, nelems=0, elem type=java.lang.Object[]@5000010a)
OBJ 50001ea5 (sz=24, trace=301498, class=java.lang.String@5000016f)
ARR 50001ea6 (sz=32, trace=301499, nelems=0, elem type=char[])
OBJ 50001ea7 (sz=24, trace=301498, class=java.lang.String@5000016f)
ARR 50001ea8 (sz=32, trace=301499, nelems=0, elem type=char[])
OBJ 50001ea9 (sz=24, trace=301500, class=java.lang.String@5000016f)
ARR 50001eaa (sz=32, trace=301501, nelems=0, elem type=char[])
ARR 50001eab (sz=32, trace=301780, nelems=0, elem type=java.lang.String[]@500000cf)
OBJ 50001eac (sz=40, trace=301504, class=java.util.ArrayList$SubList@5000248a)
OBJ 50001ead (sz=24, trace=300149, class=java.lang.String@5000016f)
	value		50001eae
ARR 50001eae (sz=172, trace=300150, nelems=86, elem type=char[])
OBJ 50001eaf (sz=64, trace=300151, class=java.net.URL@5000011b)
	protocol	50009a58
	host		500095b3
	file		50001ead
	authority	500095b3
	path		50001ead
	handler		50001df6
OBJ 50001eb0 (sz=40, trace=301506, class=java.util.ArrayList$SubList$1@5000248d)
OBJ 50001eb1 (sz=48, trace=300153, class=sun.misc.URLClassPath$JarLoader@50000231)
	base		50001eaf
	csu		50001dd0
	metaIndex	50001c65
	handler		50001df6
	lmap		50001def
ARR 50001eb2 (sz=32, trace=301781, nelems=0, elem type=char[])
OBJ 50001eb3 (sz=32, trace=301535, class=sun.misc.FloatingDecimal$ASCIIToBinaryBuffer@500024ac)
ARR 50001eb4 (sz=32, trace=301782, nelems=0, elem type=char[])
OBJ 50001eb5 (sz=32, trace=301535, class=sun.misc.FloatingDecimal$ASCIIToBinaryBuffer@500024ac)
OBJ 50001eb6 (sz=32, trace=301783, class=Point@5000255b)
OBJ 50001eb7 (sz=32, trace=300283, class=java.util.HashMap$Node@500000b9)
	key		50001ea2
	value		50001eb1
ARR 50001eb8 (sz=32, trace=301784, nelems=0, elem type=char[])
OBJ 50001eb9 (sz=32, trace=301535, class=sun.misc.FloatingDecimal$ASCIIToBinaryBuffer@500024ac)
ARR 50001eba (sz=32, trace=301785, nelems=0, elem type=char[])
OBJ 50001ebb (sz=32, trace=301535, class=sun.misc.FloatingDecimal$ASCIIToBinaryBuffer@500024ac)
OBJ 50001ebc (sz=32, trace=301786, class=Point@5000255b)
OBJ 50001ebd (sz=32, trace=301787, class=Line@50006f05)
OBJ 50001ebe (sz=24, trace=301779, class=java.lang.String@5000016f)
ARR 50001ebf (sz=88, trace=300326, nelems=0, elem type=char[])
OBJ 50001ec0 (sz=24, trace=301497, class=java.util.ArrayList@500000c5)
OBJ 50001ec1 (sz=24, trace=301498, class=java.lang.String@5000016f)
ARR 50001ec2 (sz=32, trace=301499, nelems=0, elem type=char[])
ARR 50001ec3 (sz=56, trace=300281, nelems=0, elem type=java.lang.Object[]@5000010a)
OBJ 50001ec4 (sz=24, trace=301498, class=java.lang.String@5000016f)
ARR 50001ec5 (sz=32, trace=301499, nelems=0, elem type=char[])
OBJ 50001ec6 (sz=24, trace=301498, class=java.lang.String@5000016f)
ARR 50001ec7 (sz=32, trace=301499, nelems=0, elem type=char[])
OBJ 50001ec8 (sz=24, trace=301500, class=java.lang.String@5000016f)
ARR 50001ec9 (sz=32, trace=301501, nelems=0, elem type=char[])
ARR 50001eca (sz=32, trace=301780, nelems=0, elem type=java.lang.String[]@500000cf)
OBJ 50001ecb (sz=40, trace=301504, class=java.util.ArrayList$SubList@5000248a)
OBJ 50001ecc (sz=40, trace=301506, class=java.util.ArrayList$SubList$1@5000248d)
ARR 50001ecd (sz=32, trace=301781, nelems=0, elem type=char[])
OBJ 50001ece (sz=32, trace=301535, class=sun.misc.FloatingDecimal$ASCIIToBinaryBuffer@500024ac)
ARR 50001ecf (sz=32, trace=301782, nelems=0, elem type=char[])
OBJ 50001ed0 (sz=32, trace=301535, class=sun.misc.FloatingDecimal$ASCIIToBinaryBuffer@500024ac)
OBJ 50001ed1 (sz=32, trace=301783, class=Point@5000255b)
ARR 50001ed2 (sz=32, trace=301784, nelems=0, elem type=char[])
OBJ 50001ed3 (sz=32, trace=301535, class=sun.misc.FloatingDecimal$ASCIIToBinaryBuffer@500024ac)
ARR 50001ed4 (sz=32, trace=301785, nelems=0, elem type=char[])
OBJ 50001ed5 (sz=32, trace=301535, class=sun.misc.FloatingDecimal$ASCIIToBinaryBuffer@500024ac)
OBJ 50001ed7 (sz=32, trace=301786, class=Point@5000255b)
OBJ 50001ed8 (sz=32, trace=301787, class=Line@50006f05)
OBJ 50001ed9 (sz=24, trace=301779, class=java.lang.String@5000016f)
ARR 50001eda (sz=88, trace=300326, nelems=0, elem type=char[])
OBJ 50001edb (sz=24, trace=301497, class=java.util.ArrayList@500000c5)
OBJ 50001edc (sz=24, trace=301498, class=java.lang.String@5000016f)
ARR 50001edd (sz=32, trace=301499, nelems=0, elem type=char[])
ARR 50001ede (sz=56, trace=300281, nelems=0, elem type=java.lang.Object[]@5000010a)
OBJ 50001edf (sz=24, trace=301498, class=java.lang.String@5000016f)
ARR 50001ee0 (sz=32, trace=301499, nelems=0, elem type=char[])
OBJ 50001ee1 (sz=24, trace=301498, class=java.lang.String@5000016f)
ARR 50001ee2 (sz=32, trace=301499, nelems=0, elem type=char[])
OBJ 50001ee3 (sz=24, trace=301500, class=java.lang.String@5000016f)
ARR 50001ee4 (sz=32, trace=301501, nelems=0, elem type=char[])
ARR 50001ee5 (sz=32, trace=301780, nelems=0, elem type=java.lang.String[]@500000cf)
OBJ 50001ee6 (sz=40, trace=301504, class=java.util.ArrayList$SubList@5000248a)
OBJ 50001ee7 (sz=40, trace=301506, class=java.util.ArrayList$SubList$1@5000248d)
ARR 50001ee8 (sz=32, trace=301781, nelems=0, elem type=char[])
OBJ 50001ee9 (sz=32, trace=301535, class=sun.misc.FloatingDecimal$ASCIIToBinaryBuffer@500024ac)
ARR 50001eea (sz=32, trace=301782, nelems=0, elem type=char[])
OBJ 50001eeb (sz=32, trace=301535, class=sun.misc.FloatingDecimal$ASCIIToBinaryBuffer@500024ac)
OBJ 50001eec (sz=32, trace=301783, class=Point@5000255b)
ARR 50001eed (sz=32, trace=301784, nelems=0, elem type=char[])
OBJ 50001eee (sz=32, trace=301535, class=sun.misc.FloatingDecimal$ASCIIToBinaryBuffer@500024ac)
ARR 50001eef (sz=32, trace=301785, nelems=0, elem type=char[])
OBJ 50001ef0 (sz=32, trace=301535, class=sun.misc.FloatingDecimal$ASCIIToBinaryBuffer@500024ac)
OBJ 50001ef1 (sz=32, trace=301786, class=Point@5000255b)
OBJ 50001ef2 (sz=32, trace=301787, class=Line@50006f05)
OBJ 50001ef3 (sz=24, trace=301779, class=java.lang.String@5000016f)
ARR 50001ef4 (sz=88, trace=300326, nelems=0, elem type=char[])
OBJ 50001ef5 (sz=24, trace=301497, class=java.util.ArrayList@500000c5)
OBJ 50001ef6 (sz=24, trace=301498, class=java.lang.String@5000016f)
ARR 50001ef7 (sz=32, trace=301499, nelems=0, elem type=char[])
ARR 50001ef8 (sz=56, trace=300281, nelems=0, elem type=java.lang.Object[]@5000010a)
OBJ 50001ef9 (sz=24, trace=301498, class=java.lang.String@5000016f)
ARR 50001efa (sz=32, trace=301499, nelems=0, elem type=char[])
OBJ 50001efb (sz=24, trace=301498, class=java.lang.String@5000016f)
ARR 50001efc (sz=32, trace=301499, nelems=0, elem type=char[])
OBJ 50001efd (sz=24, trace=301500, class=java.lang.String@5000016f)
ARR 50001efe (sz=32, trace=301501, nelems=0, elem type=char[])
ARR 50001eff (sz=32, trace=301780, nelems=0, elem type=java.lang.String[]@500000cf)
OBJ 50001f00 (sz=40, trace=301504, class=java.util.ArrayList$SubList@5000248a)
OBJ 50001f01 (sz=40, trace=301506, class=java.util.ArrayList$SubList$1@5000248d)
ARR 50001f02 (sz=32, trace=301781, nelems=0, elem type=char[])
OBJ 50001f03 (sz=32, trace=301535, class=sun.misc.FloatingDecimal$ASCIIToBinaryBuffer@500024ac)
ARR 50001f04 (sz=32, trace=301782, nelems=0, elem type=char[])
OBJ 50001f05 (sz=32, trace=301535, class=sun.misc.FloatingDecimal$ASCIIToBinaryBuffer@500024ac)
OBJ 50001f06 (sz=32, trace=301783, class=Point@5000255b)
ARR 50001f07 (sz=32, trace=301784, nelems=0, elem type=char[])
OBJ 50001f08 (sz=32, trace=301535, class=sun.misc.FloatingDecimal$ASCIIToBinaryBuffer@500024ac)
ARR 50001f09 (sz=32, trace=301785, nelems=0, elem type=char[])
OBJ 50001f0a (sz=32, trace=301535, class=sun.misc.FloatingDecimal$ASCIIToBinaryBuffer@500024ac)
OBJ 50001f0b (sz=32, trace=301786, class=Point@5000255b)
OBJ 50001f0c (sz=32, trace=301787, class=Line@50006f05)
OBJ 50001f0d (sz=24, trace=301779, class=java.lang.String@5000016f)
ARR 50001f0e (sz=88, trace=300326, nelems=0, elem type=char[])
OBJ 50001f0f (sz=24, trace=301497, class=java.util.ArrayList@500000c5)
OBJ 50001f10 (sz=24, trace=301498, class=java.lang.String@5000016f)
ARR 50001f11 (sz=32, trace=301499, nelems=0, elem type=char[])
ARR 50001f12 (sz=56, trace=300281, nelems=0, elem type=java.lang.Object[]@5000010a)
OBJ 50001f13 (sz=24, trace=301498, class=java.lang.String@5000016f)
ARR 50001f14 (sz=32, trace=301499, nelems=0, elem type=char[])
OBJ 50001f15 (sz=24, trace=301498, class=java.lang.String@5000016f)
ARR 50001f16 (sz=32, trace=301499, nelems=0, elem type=char[])
OBJ 50001f17 (sz=24, trace=301500, class=java.lang.String@5000016f)
ARR 50001f18 (sz=32, trace=301501, nelems=0, elem type=char[])
ARR 50001f19 (sz=32, trace=301780, nelems=0, elem type=java.lang.String[]@500000cf)
OBJ 50001f1a (sz=40, trace=301504, class=java.util.ArrayList$SubList@5000248a)
OBJ 50001f1b (sz=40, trace=301506, class=java.util.ArrayList$SubList$1@5000248d)
ARR 50001f1e (sz=32, trace=301781, nelems=0, elem type=char[])
OBJ 50001f1f (sz=72, trace=301103, class=java.util.ResourceBundle$RBClassLoader@50001f1c)
	parent		50009465
	package2certs	50001f29
	classes		50001f20
	defaultDomain	50001f23
	domains		50001f2b
	packages	50001f26
	nativeLibraries	50001f27
	assertionLock	50001f1f
OBJ 50001f20 (sz=32, trace=300322, class=java.util.Vector@500000e5)
	elementData	50001f21
ARR 50001f21 (sz=56, trace=301104, nelems=0, elem type=java.lang.Object[]@5000010a)
OBJ 50001f22 (sz=32, trace=301105, class=java.security.CodeSource@50000116)
OBJ 50001f23 (sz=40, trace=301106, class=java.security.ProtectionDomain@50000161)
	codesource	50001f22
	classloader	50001f1f
	principals	50001f25
	key		50001f24
OBJ 50001f24 (sz=16, trace=301107, class=java.security.ProtectionDomain$Key@50000008)
	this$0		50001f23
ARR 50001f25 (sz=16, trace=301108, nelems=0, elem type=java.security.Principal[]@50000006)
OBJ 50001f26 (sz=48, trace=301109, class=java.util.HashMap@500000ba)
OBJ 50001f27 (sz=32, trace=300322, class=java.util.Vector@500000e5)
	elementData	50001f28
ARR 50001f28 (sz=56, trace=301110, nelems=0, elem type=java.lang.Object[]@5000010a)
OBJ 50001f29 (sz=48, trace=301111, class=java.util.Hashtable@50000147)
	table		50001f2a
ARR 50001f2a (sz=64, trace=301112, nelems=0, elem type=java.util.Hashtable$Entry[]@500000d6)
OBJ 50001f2b (sz=16, trace=301113, class=java.util.HashSet@50000005)
	map		50001f2c
OBJ 50001f2c (sz=48, trace=301114, class=java.util.HashMap@500000ba)
OBJ 50001f2e (sz=32, trace=301535, class=sun.misc.FloatingDecimal$ASCIIToBinaryBuffer@500024ac)
ARR 50001f31 (sz=32, trace=301782, nelems=0, elem type=char[])
OBJ 50001f33 (sz=32, trace=300329, class=java.util.LinkedList@50000513)
	first		50001f3a
	last		50001f42
OBJ 50001f34 (sz=32, trace=301535, class=sun.misc.FloatingDecimal$ASCIIToBinaryBuffer@500024ac)
OBJ 50001f35 (sz=32, trace=301783, class=Point@5000255b)
ARR 50001f36 (sz=32, trace=301784, nelems=0, elem type=char[])
OBJ 50001f37 (sz=32, trace=301535, class=sun.misc.FloatingDecimal$ASCIIToBinaryBuffer@500024ac)
ARR 50001f38 (sz=32, trace=301785, nelems=0, elem type=char[])
OBJ 50001f39 (sz=32, trace=301535, class=sun.misc.FloatingDecimal$ASCIIToBinaryBuffer@500024ac)
OBJ 50001f3a (sz=24, trace=301120, class=java.util.LinkedList$Node@50000515)
	item		500095e3
	next		50001f41
OBJ 50001f3b (sz=32, trace=301786, class=Point@5000255b)
OBJ 50001f3c (sz=32, trace=301787, class=Line@50006f05)
OBJ 50001f3d (sz=24, trace=301779, class=java.lang.String@5000016f)
ARR 50001f3e (sz=88, trace=300326, nelems=0, elem type=char[])
OBJ 50001f3f (sz=24, trace=301497, class=java.util.ArrayList@500000c5)
OBJ 50001f40 (sz=24, trace=301498, class=java.lang.String@5000016f)
OBJ 50001f41 (sz=24, trace=301121, class=java.util.LinkedList$Node@50000515)
	item		500095f5
	next		50001f42
	prev		50001f3a
OBJ 50001f42 (sz=24, trace=301122, class=java.util.LinkedList$Node@50000515)
	item		500095e4
	prev		50001f41
OBJ 50001f43 (sz=48, trace=301123, class=sun.util.locale.LocaleObjectCache$CacheEntry@50000015)
	referent	50001f33
	queue		50001baf
	key		5000a3f1
ARR 50001f44 (sz=144, trace=301124, nelems=28, elem type=java.util.concurrent.ConcurrentHashMap$Node[]@5000001f)
	[27]		50001f45
OBJ 50001f45 (sz=32, trace=301125, class=java.util.concurrent.ConcurrentHashMap$Node@50000020)
	key		5000a3f1
	val		50001f43
ARR 50001f46 (sz=32, trace=301499, nelems=0, elem type=char[])
ARR 50001f47 (sz=56, trace=300281, nelems=0, elem type=java.lang.Object[]@5000010a)
OBJ 50001f48 (sz=24, trace=301498, class=java.lang.String@5000016f)
ARR 50001f49 (sz=32, trace=301499, nelems=0, elem type=char[])
OBJ 50001f4a (sz=24, trace=301498, class=java.lang.String@5000016f)
ARR 50001f4b (sz=32, trace=301499, nelems=0, elem type=char[])
OBJ 50001f4c (sz=24, trace=301500, class=java.lang.String@5000016f)
ARR 50001f4d (sz=32, trace=301501, nelems=0, elem type=char[])
OBJ 50001f4e (sz=24, trace=300974, class=java.lang.String@5000016f)
	value		50001f4f
ARR 50001f4f (sz=4, trace=300975, nelems=2, elem type=char[])
ARR 50001f50 (sz=32, trace=301780, nelems=0, elem type=java.lang.String[]@500000cf)
OBJ 50001f51 (sz=16, trace=300114, class=java.lang.Object@50000173)
OBJ 50001f52 (sz=32, trace=300116, class=java.util.concurrent.ConcurrentHashMap$Node@50000020)
	key		50001b9c
	val		50001f51
OBJ 50001f53 (sz=16, trace=300117, class=java.lang.Object@50000173)
OBJ 50001f54 (sz=32, trace=300116, class=java.util.concurrent.ConcurrentHashMap$Node@50000020)
	key		50001b9c
	val		50001f53
OBJ 50001f57 (sz=40, trace=301504, class=java.util.ArrayList$SubList@5000248a)
OBJ 50001f58 (sz=56, trace=300180, class=java.lang.Class$ReflectionData@500000b6)
OBJ 50001f59 (sz=40, trace=300041, class=java.lang.ref.SoftReference@50000153)
OBJ 50001f5a (sz=80, trace=300181, class=java.lang.reflect.Constructor@5000013f)
OBJ 50001f5b (sz=40, trace=301506, class=java.util.ArrayList$SubList$1@5000248d)
OBJ 50001f5c (sz=24, trace=300183, class=sun.reflect.NativeConstructorAccessorImpl@5000009f)
OBJ 50001f5d (sz=16, trace=300184, class=sun.reflect.DelegatingConstructorAccessorImpl@5000009e)
OBJ 50001f5e (sz=48, trace=301134, class=sun.text.resources.FormatData@50001f56)
	locale		500095e4
	name		50001b9c
	cacheKey	5000a24c
	lookup		50001fdc
	keyset		500020b8
	parallelContents	50001f64
OBJ 50001f60 (sz=56, trace=300040, class=java.lang.Class$ReflectionData@500000b6)
OBJ 50001f61 (sz=40, trace=300041, class=java.lang.ref.SoftReference@50000153)
ARR 50001f63 (sz=32, trace=301781, nelems=0, elem type=char[])
OBJ 50001f64 (sz=16, trace=301137, class=java.util.concurrent.atomic.AtomicMarkableReference@50001f5f)
	pair		50001f65
OBJ 50001f65 (sz=24, trace=301138, class=java.util.concurrent.atomic.AtomicMarkableReference$Pair@50001f62)
OBJ 50001f66 (sz=32, trace=301131, class=java.util.ResourceBundle$LoaderReference@50001f30)
	referent	50001f1f
	queue		50001bb7
	cacheKey	5000a24c
OBJ 50001f68 (sz=48, trace=301140, class=java.util.ResourceBundle$BundleReference@50001f67)
	referent	50001f5e
	queue		50001bb7
	cacheKey	5000a24c
ARR 50001f69 (sz=272, trace=301141, nelems=58, elem type=java.util.concurrent.ConcurrentHashMap$Node[]@5000001f)
	[14]		5000235b
	[15]		50001f6a
	[20]		50001faa
	[21]		5000233c
	[57]		50001f8a
OBJ 50001f6a (sz=32, trace=301142, class=java.util.concurrent.ConcurrentHashMap$Node@50000020)
	key		5000a24c
	val		50001f68
OBJ 50001f6b (sz=32, trace=301535, class=sun.misc.FloatingDecimal$ASCIIToBinaryBuffer@500024ac)
ARR 50001f6c (sz=32, trace=301782, nelems=0, elem type=char[])
OBJ 50001f6d (sz=32, trace=301535, class=sun.misc.FloatingDecimal$ASCIIToBinaryBuffer@500024ac)
OBJ 50001f6e (sz=32, trace=301783, class=Point@5000255b)
ARR 50001f6f (sz=32, trace=301784, nelems=0, elem type=char[])
OBJ 50001f70 (sz=32, trace=301535, class=sun.misc.FloatingDecimal$ASCIIToBinaryBuffer@500024ac)
ARR 50001f71 (sz=32, trace=301785, nelems=0, elem type=char[])
OBJ 50001f72 (sz=32, trace=301535, class=sun.misc.FloatingDecimal$ASCIIToBinaryBuffer@500024ac)
OBJ 50001f73 (sz=32, trace=301786, class=Point@5000255b)
OBJ 50001f74 (sz=32, trace=301787, class=Line@50006f05)
ARR 50001f75 (sz=80, trace=300281, nelems=0, elem type=java.lang.Object[]@5000010a)
OBJ 50001f76 (sz=24, trace=301779, class=java.lang.String@5000016f)
OBJ 50001f77 (sz=24, trace=301153, class=java.lang.String@5000016f)
	value		50001f78
ARR 50001f78 (sz=70, trace=301154, nelems=35, elem type=char[])
OBJ 50001f79 (sz=16, trace=300114, class=java.lang.Object@50000173)
OBJ 50001f7a (sz=32, trace=300116, class=java.util.concurrent.ConcurrentHashMap$Node@50000020)
	key		50001f77
	val		50001f79
OBJ 50001f7b (sz=16, trace=300117, class=java.lang.Object@50000173)
OBJ 50001f7c (sz=32, trace=300116, class=java.util.concurrent.ConcurrentHashMap$Node@50000020)
	key		50001f77
	val		50001f7b
ARR 50001f7e (sz=88, trace=300326, nelems=0, elem type=char[])
OBJ 50001f7f (sz=56, trace=300180, class=java.lang.Class$ReflectionData@500000b6)
OBJ 50001f80 (sz=40, trace=300041, class=java.lang.ref.SoftReference@50000153)
OBJ 50001f81 (sz=80, trace=300181, class=java.lang.reflect.Constructor@5000013f)
OBJ 50001f82 (sz=24, trace=301497, class=java.util.ArrayList@500000c5)
OBJ 50001f83 (sz=24, trace=300183, class=sun.reflect.NativeConstructorAccessorImpl@5000009f)
OBJ 50001f84 (sz=16, trace=300184, class=sun.reflect.DelegatingConstructorAccessorImpl@5000009e)
OBJ 50001f85 (sz=48, trace=301155, class=sun.text.resources.en.FormatData_en@50001f7d)
	parent		50001f5e
	locale		500095f5
	name		50001b9c
	cacheKey	5000a248
	lookup		50001fcf
	keyset		50001fdb
	parallelContents	50001f86
OBJ 50001f86 (sz=16, trace=301156, class=java.util.concurrent.atomic.AtomicMarkableReference@50001f5f)
	pair		50001f87
OBJ 50001f87 (sz=24, trace=301138, class=java.util.concurrent.atomic.AtomicMarkableReference$Pair@50001f62)
OBJ 50001f88 (sz=32, trace=301131, class=java.util.ResourceBundle$LoaderReference@50001f30)
	referent	50001f1f
	queue		50001bb7
	cacheKey	5000a248
OBJ 50001f89 (sz=48, trace=301140, class=java.util.ResourceBundle$BundleReference@50001f67)
	referent	50001f85
	queue		50001bb7
	cacheKey	5000a248
OBJ 50001f8a (sz=32, trace=301142, class=java.util.concurrent.ConcurrentHashMap$Node@50000020)
	key		5000a248
	val		50001f89
OBJ 50001f8b (sz=24, trace=301498, class=java.lang.String@5000016f)
ARR 50001f8c (sz=32, trace=301499, nelems=0, elem type=char[])
ARR 50001f8d (sz=56, trace=300281, nelems=0, elem type=java.lang.Object[]@5000010a)
OBJ 50001f8e (sz=24, trace=301498, class=java.lang.String@5000016f)
ARR 50001f8f (sz=32, trace=301499, nelems=0, elem type=char[])
OBJ 50001f90 (sz=24, trace=301498, class=java.lang.String@5000016f)
ARR 50001f91 (sz=32, trace=301499, nelems=0, elem type=char[])
OBJ 50001f92 (sz=24, trace=301500, class=java.lang.String@5000016f)
ARR 50001f93 (sz=32, trace=301501, nelems=0, elem type=char[])
ARR 50001f94 (sz=32, trace=301780, nelems=0, elem type=java.lang.String[]@500000cf)
OBJ 50001f95 (sz=40, trace=301504, class=java.util.ArrayList$SubList@5000248a)
OBJ 50001f96 (sz=40, trace=301506, class=java.util.ArrayList$SubList$1@5000248d)
OBJ 50001f97 (sz=24, trace=301153, class=java.lang.String@5000016f)
	value		50001f98
ARR 50001f98 (sz=76, trace=301154, nelems=38, elem type=char[])
OBJ 50001f99 (sz=16, trace=300114, class=java.lang.Object@50000173)
OBJ 50001f9a (sz=32, trace=300593, class=java.util.concurrent.ConcurrentHashMap$Node@50000020)
	key		50001f97
	val		50001f99
OBJ 50001f9b (sz=16, trace=300117, class=java.lang.Object@50000173)
OBJ 50001f9c (sz=32, trace=300593, class=java.util.concurrent.ConcurrentHashMap$Node@50000020)
	key		50001f97
	val		50001f9b
ARR 50001f9e (sz=32, trace=301781, nelems=0, elem type=char[])
OBJ 50001f9f (sz=56, trace=300180, class=java.lang.Class$ReflectionData@500000b6)
OBJ 50001fa0 (sz=40, trace=300041, class=java.lang.ref.SoftReference@50000153)
OBJ 50001fa1 (sz=80, trace=300181, class=java.lang.reflect.Constructor@5000013f)
OBJ 50001fa2 (sz=32, trace=301535, class=sun.misc.FloatingDecimal$ASCIIToBinaryBuffer@500024ac)
OBJ 50001fa3 (sz=24, trace=300183, class=sun.reflect.NativeConstructorAccessorImpl@5000009f)
OBJ 50001fa4 (sz=16, trace=300184, class=sun.reflect.DelegatingConstructorAccessorImpl@5000009e)
OBJ 50001fa5 (sz=48, trace=301157, class=sun.text.resources.en.FormatData_en_US@50001f9d)
	parent		50001f85
	locale		500095e3
	name		50001b9c
	cacheKey	5000a3f0
	lookup		50001fab
	keyset		50001fce
	parallelContents	50001fa6
OBJ 50001fa6 (sz=16, trace=301158, class=java.util.concurrent.atomic.AtomicMarkableReference@50001f5f)
	pair		50001fa7
OBJ 50001fa7 (sz=24, trace=301138, class=java.util.concurrent.atomic.AtomicMarkableReference$Pair@50001f62)
OBJ 50001fa8 (sz=32, trace=301131, class=java.util.ResourceBundle$LoaderReference@50001f30)
	referent	50001f1f
	queue		50001bb7
	cacheKey	5000a3f0
OBJ 50001fa9 (sz=48, trace=301140, class=java.util.ResourceBundle$BundleReference@50001f67)
	referent	50001fa5
	queue		50001bb7
	cacheKey	5000a3f0
OBJ 50001faa (sz=32, trace=301142, class=java.util.concurrent.ConcurrentHashMap$Node@50000020)
	key		5000a3f0
	val		50001fa9
OBJ 50001fab (sz=64, trace=301159, class=java.util.concurrent.ConcurrentHashMap@50000027)
	table		50001fb0
	keySet		50001fcd
ARR 50001fad (sz=32, trace=301782, nelems=0, elem type=char[])
OBJ 50001fae (sz=32, trace=301535, class=sun.misc.FloatingDecimal$ASCIIToBinaryBuffer@500024ac)
ARR 50001faf (sz=32, trace=301162, nelems=3, elem type=java.lang.String[]@500000cf)
	[0]		5000a2b8
	[1]		5000a3f3
	[2]		5000a2ba
ARR 50001fb0 (sz=80, trace=301163, nelems=12, elem type=java.util.concurrent.ConcurrentHashMap$Node[]@5000001f)
	[11]		50001fb1
OBJ 50001fb1 (sz=32, trace=301164, class=java.util.concurrent.ConcurrentHashMap$Node@50000020)
	key		5000a234
	val		50001faf
OBJ 50001fb3 (sz=48, trace=301166, class=sun.util.locale.provider.LocaleResources$ResourceReference@50001fb2)
	referent	50001faf
	queue		50001b93
	cacheKey	5000a233
ARR 50001fb4 (sz=80, trace=301167, nelems=13, elem type=java.util.concurrent.ConcurrentHashMap$Node[]@5000001f)
	[2]		50001fb5
	[5]		50002365
	[12]		500020be
OBJ 50001fb5 (sz=32, trace=301168, class=java.util.concurrent.ConcurrentHashMap$Node@50000020)
	key		5000a233
	val		50001fb3
OBJ 50001fb8 (sz=64, trace=301171, class=java.util.concurrent.ConcurrentHashMap@50000027)
	table		50001fc0
OBJ 50001fb9 (sz=32, trace=300904, class=java.util.concurrent.ConcurrentHashMap$Node@50000020)
	key		50001fb7
	val		50001fb8
OBJ 50001fba (sz=32, trace=301783, class=Point@5000255b)
ARR 50001fbb (sz=32, trace=301784, nelems=0, elem type=char[])
OBJ 50001fbc (sz=32, trace=301535, class=sun.misc.FloatingDecimal$ASCIIToBinaryBuffer@500024ac)
ARR 50001fbd (sz=32, trace=301785, nelems=0, elem type=char[])
OBJ 50001fbf (sz=24, trace=301173, class=sun.util.locale.provider.DecimalFormatSymbolsProviderImpl@50001fbe)
	type		50001966
	langtags	50001989
ARR 50001fc0 (sz=80, trace=300976, nelems=12, elem type=java.util.concurrent.ConcurrentHashMap$Node[]@5000001f)
	[11]		50001fc1
OBJ 50001fc1 (sz=32, trace=300977, class=java.util.concurrent.ConcurrentHashMap$Node@50000020)
	key		500095e3
	val		50001959
OBJ 50001fc2 (sz=32, trace=301535, class=sun.misc.FloatingDecimal$ASCIIToBinaryBuffer@500024ac)
OBJ 50001fc3 (sz=32, trace=301786, class=Point@5000255b)
OBJ 50001fc4 (sz=32, trace=301787, class=Line@50006f05)
OBJ 50001fc5 (sz=24, trace=301779, class=java.lang.String@5000016f)
ARR 50001fc6 (sz=88, trace=300326, nelems=0, elem type=char[])
OBJ 50001fc7 (sz=24, trace=301497, class=java.util.ArrayList@500000c5)
OBJ 50001fc8 (sz=24, trace=301498, class=java.lang.String@5000016f)
ARR 50001fc9 (sz=32, trace=301499, nelems=0, elem type=char[])
ARR 50001fca (sz=56, trace=300281, nelems=0, elem type=java.lang.Object[]@5000010a)
ARR 50001fcb (sz=32, trace=301179, nelems=3, elem type=java.lang.Object[]@5000010a)
	[0]		50002002
	[1]		50002129
	[2]		5000a3f6
OBJ 50001fcd (sz=24, trace=301181, class=java.util.concurrent.ConcurrentHashMap$KeySetView@5000001b)
	map		50001fab
OBJ 50001fce (sz=24, trace=301182, class=sun.util.resources.ParallelListResourceBundle$KeySet@50001fcc)
	set		50001fcd
	parent		50001f85
OBJ 50001fcf (sz=64, trace=301183, class=java.util.concurrent.ConcurrentHashMap@50000027)
	table		50001fd6
	keySet		50001fda
OBJ 50001fd0 (sz=24, trace=301498, class=java.lang.String@5000016f)
ARR 50001fd1 (sz=32, trace=301499, nelems=0, elem type=char[])
ARR 50001fd2 (sz=72, trace=301186, nelems=13, elem type=java.lang.String[]@500000cf)
	[0]		5000a3e9
	[1]		5000a2c2
	[2]		5000a1b0
	[3]		5000a37a
	[4]		5000a1b0
	[5]		5000a3e9
	[6]		5000a3e9
	[7]		5000a37a
	[8]		5000a1b4
	[9]		5000a3ea
	[10]		5000a1b1
	[11]		5000a3eb
	[12]		500095b3
OBJ 50001fd3 (sz=24, trace=301498, class=java.lang.String@5000016f)
ARR 50001fd4 (sz=32, trace=301188, nelems=3, elem type=java.lang.String[]@500000cf)
	[0]		5000a2b8
	[1]		5000a3e7
	[2]		5000a2ba
ARR 50001fd5 (sz=32, trace=301499, nelems=0, elem type=char[])
ARR 50001fd6 (sz=80, trace=301163, nelems=12, elem type=java.util.concurrent.ConcurrentHashMap$Node[]@5000001f)
	[3]		50001fd7
	[6]		50001fd9
	[11]		50001fd8
OBJ 50001fd7 (sz=32, trace=301164, class=java.util.concurrent.ConcurrentHashMap$Node@50000020)
	key		5000a324
	val		50001fd2
OBJ 50001fd8 (sz=32, trace=301164, class=java.util.concurrent.ConcurrentHashMap$Node@50000020)
	key		5000a234
	val		50001fd4
OBJ 50001fd9 (sz=32, trace=301164, class=java.util.concurrent.ConcurrentHashMap$Node@50000020)
	key		5000a3b8
	val		5000a3b7
OBJ 50001fda (sz=24, trace=301181, class=java.util.concurrent.ConcurrentHashMap$KeySetView@5000001b)
	map		50001fcf
OBJ 50001fdb (sz=24, trace=301182, class=sun.util.resources.ParallelListResourceBundle$KeySet@50001fcc)
	set		50001fda
	parent		50001f5e
OBJ 50001fdc (sz=64, trace=301183, class=java.util.concurrent.ConcurrentHashMap@50000027)
	table		50002099
	keySet		500020b7
ARR 50001fdd (sz=24, trace=301190, nelems=2, elem type=java.lang.String[]@500000cf)
	[0]		5000a250
	[1]		5000a251
ARR 50001fde (sz=24, trace=301191, nelems=2, elem type=java.lang.String[]@500000cf)
	[0]		5000a250
	[1]		5000a2dc
ARR 50001fdf (sz=40, trace=301192, nelems=5, elem type=java.lang.String[]@500000cf)
	[0]		500095b3
	[1]		5000a1b0
	[2]		5000a2c0
	[3]		5000a1b4
	[4]		5000a395
ARR 50001fe0 (sz=40, trace=301193, nelems=5, elem type=java.lang.String[]@500000cf)
	[0]		500095b3
	[1]		5000a266
	[2]		5000a267
	[3]		5000a268
	[4]		5000a269
OBJ 50001fe1 (sz=24, trace=301500, class=java.lang.String@5000016f)
ARR 50001fe2 (sz=32, trace=301501, nelems=0, elem type=char[])
ARR 50001fe3 (sz=72, trace=301196, nelems=13, elem type=java.lang.String[]@500000cf)
	[0]		5000a3cf
	[1]		5000a3d0
	[2]		5000a3d1
	[3]		5000a3d2
	[4]		5000a281
	[5]		5000a3d3
	[6]		5000a3d4
	[7]		5000a3d5
	[8]		5000a3d6
	[9]		5000a3d7
	[10]		5000a3d8
	[11]		5000a3d9
	[12]		500095b3
ARR 50001fe4 (sz=32, trace=301780, nelems=0, elem type=java.lang.String[]@500000cf)
ARR 50001fe5 (sz=72, trace=301198, nelems=13, elem type=java.lang.String[]@500000cf)
	[0]		5000a27d
	[1]		5000a27e
	[2]		5000a27f
	[3]		5000a280
	[4]		5000a281
	[5]		5000a282
	[6]		5000a283
	[7]		5000a284
	[8]		5000a285
	[9]		5000a286
	[10]		5000a287
	[11]		5000a288
	[12]		500095b3
OBJ 50001fe6 (sz=40, trace=301504, class=java.util.ArrayList$SubList@5000248a)
ARR 50001fe7 (sz=72, trace=301200, nelems=13, elem type=java.lang.String[]@500000cf)
	[0]		5000a326
	[1]		5000a327
	[2]		5000a328
	[3]		5000a329
	[4]		5000a32a
	[5]		5000a32b
	[6]		5000a32c
	[7]		5000a32d
	[8]		5000a32e
	[9]		5000a32f
	[10]		5000a330
	[11]		5000a331
	[12]		500095b3
OBJ 50001fe8 (sz=40, trace=301506, class=java.util.ArrayList$SubList$1@5000248d)
ARR 50001fe9 (sz=48, trace=301202, nelems=7, elem type=java.lang.String[]@500000cf)
	[0]		5000a2ea
	[1]		5000a2eb
	[2]		5000a2ec
	[3]		5000a2ed
	[4]		5000a2ee
	[5]		5000a2ef
	[6]		5000a2f0
ARR 50001fea (sz=32, trace=301781, nelems=0, elem type=char[])
ARR 50001feb (sz=48, trace=301204, nelems=7, elem type=java.lang.String[]@500000cf)
	[0]		5000a2c8
	[1]		5000a2c9
	[2]		5000a2ca
	[3]		5000a2cb
	[4]		5000a2cc
	[5]		5000a2cd
	[6]		5000a2ce
OBJ 50001fec (sz=32, trace=301535, class=sun.misc.FloatingDecimal$ASCIIToBinaryBuffer@500024ac)
ARR 50001fed (sz=48, trace=301206, nelems=7, elem type=java.lang.String[]@500000cf)
	[0]		5000a1b4
	[1]		5000a1b0
	[2]		5000a2c0
	[3]		5000a2c1
	[4]		5000a2c0
	[5]		5000a2c2
	[6]		5000a1b4
ARR 50001fee (sz=32, trace=301782, nelems=0, elem type=char[])
ARR 50001fef (sz=24, trace=301208, nelems=2, elem type=java.lang.String[]@500000cf)
	[0]		5000a3b3
	[1]		5000a3b4
OBJ 50001ff0 (sz=32, trace=301535, class=sun.misc.FloatingDecimal$ASCIIToBinaryBuffer@500024ac)
ARR 50001ff1 (sz=24, trace=301210, nelems=2, elem type=java.lang.String[]@500000cf)
	[0]		5000a34a
	[1]		5000a34b
OBJ 50001ff2 (sz=32, trace=301783, class=Point@5000255b)
ARR 50001ff3 (sz=32, trace=301784, nelems=0, elem type=char[])
OBJ 50001ff4 (sz=32, trace=301535, class=sun.misc.FloatingDecimal$ASCIIToBinaryBuffer@500024ac)
ARR 50001ff5 (sz=24, trace=301214, nelems=2, elem type=java.lang.String[]@500000cf)
	[0]		5000a379
	[1]		5000a37a
ARR 50001ff6 (sz=32, trace=301785, nelems=0, elem type=char[])
OBJ 50001ff7 (sz=32, trace=301535, class=sun.misc.FloatingDecimal$ASCIIToBinaryBuffer@500024ac)
OBJ 50001ff8 (sz=32, trace=301786, class=Point@5000255b)
OBJ 50001ff9 (sz=32, trace=301787, class=Line@50006f05)
OBJ 50001ffa (sz=24, trace=301779, class=java.lang.String@5000016f)
ARR 50001ffb (sz=88, trace=300326, nelems=0, elem type=char[])
OBJ 50001ffc (sz=24, trace=301497, class=java.util.ArrayList@500000c5)
ARR 50001ffd (sz=16, trace=301222, nelems=0, elem type=java.lang.String[]@500000cf)
OBJ 50001ffe (sz=24, trace=301498, class=java.lang.String@5000016f)
ARR 50001fff (sz=32, trace=301224, nelems=3, elem type=java.lang.String[]@500000cf)
	[0]		5000a2b8
	[1]		5000a2b9
	[2]		5000a2ba
ARR 50002000 (sz=32, trace=301499, nelems=0, elem type=char[])
ARR 50002001 (sz=56, trace=300281, nelems=0, elem type=java.lang.Object[]@5000010a)
ARR 50002002 (sz=64, trace=301227, nelems=11, elem type=java.lang.String[]@500000cf)
	[0]		50009630
	[1]		5000a256
	[2]		5000a257
	[3]		5000a258
	[4]		50009645
	[5]		5000990e
	[6]		500095ca
	[7]		5000a25a
	[8]		5000a25b
	[9]		5000a25c
	[10]		50009ee6
OBJ 50002003 (sz=24, trace=301498, class=java.lang.String@5000016f)
ARR 50002004 (sz=64, trace=301229, nelems=11, elem type=java.lang.String[]@500000cf)
	[0]		5000a30a
	[1]		5000a30b
	[2]		5000a30c
	[3]		5000a30d
	[4]		5000a30e
	[5]		5000990e
	[6]		500095ca
	[7]		5000a30f
	[8]		5000a310
	[9]		5000a25c
	[10]		50009649
ARR 50002005 (sz=32, trace=301499, nelems=0, elem type=char[])
ARR 50002006 (sz=64, trace=301231, nelems=11, elem type=java.lang.String[]@500000cf)
	[0]		5000a30a
	[1]		5000a30b
	[2]		5000a30c
	[3]		5000a30d
	[4]		5000a3c5
	[5]		5000990e
	[6]		500095ca
	[7]		5000a3c6
	[8]		5000a310
	[9]		5000a25c
	[10]		50009649
OBJ 50002007 (sz=24, trace=301498, class=java.lang.String@5000016f)
ARR 50002008 (sz=64, trace=301233, nelems=11, elem type=java.lang.String[]@500000cf)
	[0]		50009630
	[1]		5000a256
	[2]		5000a257
	[3]		5000a258
	[4]		5000a29b
	[5]		5000990e
	[6]		500095ca
	[7]		5000a25a
	[8]		5000a25b
	[9]		5000a25c
	[10]		50009649
ARR 50002009 (sz=32, trace=301499, nelems=0, elem type=char[])
ARR 5000200a (sz=64, trace=301235, nelems=11, elem type=java.lang.String[]@500000cf)
	[0]		50009630
	[1]		5000a256
	[2]		5000a257
	[3]		5000a258
	[4]		5000a35c
	[5]		5000990e
	[6]		500095ca
	[7]		5000a25a
	[8]		5000a25b
	[9]		5000a25c
	[10]		50009649
OBJ 5000200b (sz=24, trace=301500, class=java.lang.String@5000016f)
ARR 5000200c (sz=64, trace=301237, nelems=11, elem type=java.lang.String[]@500000cf)
	[0]		50009630
	[1]		5000a256
	[2]		5000a257
	[3]		5000a258
	[4]		5000a31e
	[5]		5000990e
	[6]		500095ca
	[7]		5000a25a
	[8]		5000a25b
	[9]		5000a25c
	[10]		50009649
ARR 5000200d (sz=32, trace=301501, nelems=0, elem type=char[])
ARR 5000200e (sz=64, trace=301239, nelems=11, elem type=java.lang.String[]@500000cf)
	[0]		50009630
	[1]		5000a256
	[2]		5000a257
	[3]		5000a258
	[4]		5000a302
	[5]		5000990e
	[6]		500095ca
	[7]		5000a25a
	[8]		5000a25b
	[9]		5000a25c
	[10]		50009649
ARR 5000200f (sz=32, trace=301780, nelems=0, elem type=java.lang.String[]@500000cf)
ARR 50002010 (sz=64, trace=301241, nelems=11, elem type=java.lang.String[]@500000cf)
	[0]		50009630
	[1]		5000a256
	[2]		5000a257
	[3]		5000a258
	[4]		5000a39d
	[5]		5000990e
	[6]		500095ca
	[7]		5000a25a
	[8]		5000a25b
	[9]		5000a25c
	[10]		50009649
OBJ 50002011 (sz=40, trace=301504, class=java.util.ArrayList$SubList@5000248a)
ARR 50002012 (sz=64, trace=301243, nelems=11, elem type=java.lang.String[]@500000cf)
	[0]		50009630
	[1]		5000a256
	[2]		5000a257
	[3]		5000a258
	[4]		5000a2b5
	[5]		5000990e
	[6]		500095ca
	[7]		5000a25a
	[8]		5000a25b
	[9]		5000a25c
	[10]		50009649
OBJ 50002013 (sz=40, trace=301506, class=java.util.ArrayList$SubList$1@5000248d)
ARR 50002014 (sz=64, trace=301245, nelems=11, elem type=java.lang.String[]@500000cf)
	[0]		50009630
	[1]		5000a256
	[2]		5000a257
	[3]		5000a258
	[4]		5000a322
	[5]		5000990e
	[6]		500095ca
	[7]		5000a25a
	[8]		5000a25b
	[9]		5000a25c
	[10]		50009649
ARR 50002015 (sz=32, trace=301781, nelems=0, elem type=char[])
ARR 50002016 (sz=64, trace=301247, nelems=11, elem type=java.lang.String[]@500000cf)
	[0]		50009630
	[1]		5000a256
	[2]		5000a257
	[3]		5000a258
	[4]		5000a3ab
	[5]		5000990e
	[6]		500095ca
	[7]		5000a25a
	[8]		5000a25b
	[9]		5000a25c
	[10]		50009649
OBJ 50002017 (sz=32, trace=301535, class=sun.misc.FloatingDecimal$ASCIIToBinaryBuffer@500024ac)
ARR 50002018 (sz=64, trace=301249, nelems=11, elem type=java.lang.String[]@500000cf)
	[0]		50009630
	[1]		5000a256
	[2]		5000a257
	[3]		5000a258
	[4]		5000a362
	[5]		5000990e
	[6]		500095ca
	[7]		5000a25a
	[8]		5000a25b
	[9]		5000a25c
	[10]		50009649
ARR 50002019 (sz=32, trace=301782, nelems=0, elem type=char[])
ARR 5000201a (sz=64, trace=301251, nelems=11, elem type=java.lang.String[]@500000cf)
	[0]		50009630
	[1]		5000a256
	[2]		5000a257
	[3]		5000a258
	[4]		5000a399
	[5]		5000990e
	[6]		500095ca
	[7]		5000a25a
	[8]		5000a25b
	[9]		5000a25c
	[10]		50009649
OBJ 5000201b (sz=32, trace=301535, class=sun.misc.FloatingDecimal$ASCIIToBinaryBuffer@500024ac)
ARR 5000201c (sz=64, trace=301253, nelems=11, elem type=java.lang.String[]@500000cf)
	[0]		50009630
	[1]		5000a256
	[2]		5000a257
	[3]		5000a258
	[4]		5000a2a9
	[5]		5000990e
	[6]		500095ca
	[7]		5000a25a
	[8]		5000a25b
	[9]		5000a25c
	[10]		50009649
OBJ 5000201d (sz=32, trace=301783, class=Point@5000255b)
ARR 5000201e (sz=64, trace=301255, nelems=11, elem type=java.lang.String[]@500000cf)
	[0]		50009630
	[1]		5000a256
	[2]		5000a257
	[3]		5000a258
	[4]		5000a37f
	[5]		5000990e
	[6]		500095ca
	[7]		5000a25a
	[8]		5000a25b
	[9]		5000a25c
	[10]		50009649
ARR 5000201f (sz=32, trace=301784, nelems=0, elem type=char[])
ARR 50002020 (sz=64, trace=301257, nelems=11, elem type=java.lang.String[]@500000cf)
	[0]		50009630
	[1]		5000a256
	[2]		5000a257
	[3]		5000a258
	[4]		5000a3a1
	[5]		5000990e
	[6]		500095ca
	[7]		5000a25a
	[8]		5000a25b
	[9]		5000a25c
	[10]		50009649
OBJ 50002021 (sz=32, trace=301535, class=sun.misc.FloatingDecimal$ASCIIToBinaryBuffer@500024ac)
ARR 50002022 (sz=64, trace=301259, nelems=11, elem type=java.lang.String[]@500000cf)
	[0]		50009630
	[1]		5000a256
	[2]		5000a257
	[3]		5000a258
	[4]		5000a2fa
	[5]		5000990e
	[6]		500095ca
	[7]		5000a25a
	[8]		5000a25b
	[9]		5000a25c
	[10]		50009649
ARR 50002023 (sz=32, trace=301785, nelems=0, elem type=char[])
ARR 50002024 (sz=64, trace=301261, nelems=11, elem type=java.lang.String[]@500000cf)
	[0]		50009630
	[1]		5000a256
	[2]		5000a257
	[3]		5000a258
	[4]		50009645
	[5]		5000990e
	[6]		500095ca
	[7]		5000a25a
	[8]		5000a25b
	[9]		5000a25c
	[10]		50009ee6
OBJ 50002025 (sz=32, trace=301535, class=sun.misc.FloatingDecimal$ASCIIToBinaryBuffer@500024ac)
ARR 50002026 (sz=64, trace=301263, nelems=11, elem type=java.lang.String[]@500000cf)
	[0]		50009630
	[1]		5000a256
	[2]		5000a257
	[3]		5000a258
	[4]		5000a3a5
	[5]		5000990e
	[6]		500095ca
	[7]		5000a25a
	[8]		5000a25b
	[9]		5000a25c
	[10]		50009649
OBJ 50002027 (sz=32, trace=301786, class=Point@5000255b)
ARR 50002028 (sz=64, trace=301265, nelems=11, elem type=java.lang.String[]@500000cf)
	[0]		50009630
	[1]		5000a256
	[2]		5000a257
	[3]		5000a258
	[4]		5000a2b1
	[5]		5000990e
	[6]		500095ca
	[7]		5000a25a
	[8]		5000a25b
	[9]		5000a25c
	[10]		50009649
OBJ 50002029 (sz=32, trace=301787, class=Line@50006f05)
ARR 5000202a (sz=64, trace=301267, nelems=11, elem type=java.lang.String[]@500000cf)
	[0]		50009630
	[1]		5000a256
	[2]		5000a257
	[3]		5000a258
	[4]		5000a3af
	[5]		5000990e
	[6]		500095ca
	[7]		5000a25a
	[8]		5000a25b
	[9]		5000a25c
	[10]		50009649
OBJ 5000202b (sz=24, trace=301779, class=java.lang.String@5000016f)
ARR 5000202c (sz=64, trace=301269, nelems=11, elem type=java.lang.String[]@500000cf)
	[0]		50009630
	[1]		5000a256
	[2]		5000a257
	[3]		5000a258
	[4]		5000a358
	[5]		5000990e
	[6]		500095ca
	[7]		5000a25a
	[8]		5000a25b
	[9]		5000a25c
	[10]		50009649
ARR 5000202d (sz=88, trace=300326, nelems=0, elem type=char[])
ARR 5000202e (sz=64, trace=301271, nelems=11, elem type=java.lang.String[]@500000cf)
	[0]		50009630
	[1]		5000a256
	[2]		5000a257
	[3]		5000a258
	[4]		5000a368
	[5]		5000990e
	[6]		500095ca
	[7]		5000a25a
	[8]		5000a25b
	[9]		5000a25c
	[10]		50009649
OBJ 5000202f (sz=24, trace=301497, class=java.util.ArrayList@500000c5)
ARR 50002030 (sz=64, trace=301273, nelems=11, elem type=java.lang.String[]@500000cf)
	[0]		50009630
	[1]		5000a256
	[2]		5000a257
	[3]		5000a258
	[4]		5000a38f
	[5]		5000990e
	[6]		500095ca
	[7]		5000a25a
	[8]		5000a25b
	[9]		5000a25c
	[10]		50009649
OBJ 50002031 (sz=24, trace=301498, class=java.lang.String@5000016f)
ARR 50002032 (sz=64, trace=301275, nelems=11, elem type=java.lang.String[]@500000cf)
	[0]		50009630
	[1]		5000a256
	[2]		5000a257
	[3]		5000a258
	[4]		5000a3c1
	[5]		5000990e
	[6]		500095ca
	[7]		5000a25a
	[8]		5000a25b
	[9]		5000a25c
	[10]		50009649
ARR 50002033 (sz=32, trace=301499, nelems=0, elem type=char[])
ARR 50002034 (sz=64, trace=301277, nelems=11, elem type=java.lang.String[]@500000cf)
	[0]		50009630
	[1]		5000a256
	[2]		5000a257
	[3]		5000a258
	[4]		5000a306
	[5]		5000990e
	[6]		500095ca
	[7]		5000a25a
	[8]		5000a25b
	[9]		5000a25c
	[10]		50009649
ARR 50002035 (sz=56, trace=300281, nelems=0, elem type=java.lang.Object[]@5000010a)
ARR 50002036 (sz=64, trace=301279, nelems=11, elem type=java.lang.String[]@500000cf)
	[0]		50009630
	[1]		5000a256
	[2]		5000a257
	[3]		5000a258
	[4]		5000a259
	[5]		5000990e
	[6]		500095ca
	[7]		5000a25a
	[8]		5000a25b
	[9]		5000a25c
	[10]		50009649
OBJ 50002037 (sz=24, trace=301498, class=java.lang.String@5000016f)
ARR 50002038 (sz=64, trace=301281, nelems=11, elem type=java.lang.String[]@500000cf)
	[0]		50009630
	[1]		5000a256
	[2]		5000a257
	[3]		5000a258
	[4]		5000a2ad
	[5]		5000990e
	[6]		500095ca
	[7]		5000a25a
	[8]		5000a25b
	[9]		5000a25c
	[10]		50009649
ARR 50002039 (sz=32, trace=301499, nelems=0, elem type=char[])
ARR 5000203a (sz=64, trace=301283, nelems=11, elem type=java.lang.String[]@500000cf)
	[0]		50009630
	[1]		5000a256
	[2]		5000a257
	[3]		5000a258
	[4]		5000a354
	[5]		5000990e
	[6]		500095ca
	[7]		5000a25a
	[8]		5000a25b
	[9]		5000a25c
	[10]		50009649
OBJ 5000203b (sz=24, trace=301498, class=java.lang.String@5000016f)
ARR 5000203c (sz=64, trace=301285, nelems=11, elem type=java.lang.String[]@500000cf)
	[0]		50009630
	[1]		5000a256
	[2]		5000a257
	[3]		5000a258
	[4]		5000a375
	[5]		5000990e
	[6]		500095ca
	[7]		5000a25a
	[8]		5000a25b
	[9]		5000a25c
	[10]		50009649
ARR 5000203d (sz=32, trace=301499, nelems=0, elem type=char[])
ARR 5000203e (sz=64, trace=301287, nelems=11, elem type=java.lang.String[]@500000cf)
	[0]		50009630
	[1]		5000a256
	[2]		5000a257
	[3]		5000a258
	[4]		5000a383
	[5]		5000990e
	[6]		500095ca
	[7]		5000a25a
	[8]		5000a25b
	[9]		5000a25c
	[10]		50009649
OBJ 5000203f (sz=24, trace=301500, class=java.lang.String@5000016f)
ARR 50002040 (sz=64, trace=301289, nelems=11, elem type=java.lang.String[]@500000cf)
	[0]		50009630
	[1]		5000a256
	[2]		5000a257
	[3]		5000a258
	[4]		5000a371
	[5]		5000990e
	[6]		500095ca
	[7]		5000a25a
	[8]		5000a25b
	[9]		5000a25c
	[10]		50009649
ARR 50002041 (sz=32, trace=301501, nelems=0, elem type=char[])
ARR 50002042 (sz=64, trace=301291, nelems=11, elem type=java.lang.String[]@500000cf)
	[0]		50009630
	[1]		5000a256
	[2]		5000a257
	[3]		5000a258
	[4]		5000a31a
	[5]		5000990e
	[6]		500095ca
	[7]		5000a25a
	[8]		5000a25b
	[9]		5000a25c
	[10]		50009649
ARR 50002043 (sz=32, trace=301780, nelems=0, elem type=java.lang.String[]@500000cf)
ARR 50002044 (sz=64, trace=301293, nelems=11, elem type=java.lang.String[]@500000cf)
	[0]		50009630
	[1]		5000a256
	[2]		5000a257
	[3]		5000a258
	[4]		5000a36c
	[5]		5000990e
	[6]		500095ca
	[7]		5000a25a
	[8]		5000a25b
	[9]		5000a25c
	[10]		50009ee6
OBJ 50002045 (sz=40, trace=301504, class=java.util.ArrayList$SubList@5000248a)
ARR 50002046 (sz=64, trace=301295, nelems=11, elem type=java.lang.String[]@500000cf)
	[0]		50009630
	[1]		5000a256
	[2]		5000a257
	[3]		5000a258
	[4]		5000a2fe
	[5]		5000990e
	[6]		500095ca
	[7]		5000a25a
	[8]		5000a25b
	[9]		5000a25c
	[10]		50009649
OBJ 50002047 (sz=40, trace=301506, class=java.util.ArrayList$SubList$1@5000248d)
ARR 50002048 (sz=64, trace=301297, nelems=11, elem type=java.lang.String[]@500000cf)
	[0]		50009630
	[1]		5000a256
	[2]		5000a257
	[3]		5000a258
	[4]		5000a279
	[5]		5000990e
	[6]		500095ca
	[7]		5000a25a
	[8]		5000a25b
	[9]		5000a25c
	[10]		50009649
ARR 50002049 (sz=32, trace=301781, nelems=0, elem type=char[])
ARR 5000204a (sz=32, trace=301299, nelems=4, elem type=java.lang.String[]@500000cf)
	[0]		5000a387
	[1]		5000a387
	[2]		5000a388
	[3]		5000a389
OBJ 5000204b (sz=32, trace=301535, class=sun.misc.FloatingDecimal$ASCIIToBinaryBuffer@500024ac)
ARR 5000204c (sz=32, trace=301301, nelems=4, elem type=java.lang.String[]@500000cf)
	[0]		5000a29f
	[1]		5000a2a0
	[2]		5000a2a1
	[3]		5000a2a2
ARR 5000204d (sz=32, trace=301782, nelems=0, elem type=char[])
ARR 5000204e (sz=24, trace=301303, nelems=1, elem type=java.lang.String[]@500000cf)
	[0]		5000a297
OBJ 5000204f (sz=32, trace=301535, class=sun.misc.FloatingDecimal$ASCIIToBinaryBuffer@500024ac)
ARR 50002050 (sz=32, trace=301305, nelems=4, elem type=java.lang.String[]@500000cf)
	[0]		5000a270
	[1]		5000a270
	[2]		5000a271
	[3]		5000a272
OBJ 50002051 (sz=32, trace=301783, class=Point@5000255b)
ARR 50002052 (sz=32, trace=301307, nelems=4, elem type=java.lang.String[]@500000cf)
	[0]		5000a2e0
	[1]		5000a2e1
	[2]		5000a2e2
	[3]		5000a2e3
ARR 50002053 (sz=32, trace=301784, nelems=0, elem type=char[])
ARR 50002054 (sz=24, trace=301309, nelems=1, elem type=java.lang.String[]@500000cf)
	[0]		5000a2d8
OBJ 50002055 (sz=32, trace=301535, class=sun.misc.FloatingDecimal$ASCIIToBinaryBuffer@500024ac)
ARR 50002056 (sz=32, trace=301311, nelems=4, elem type=java.lang.String[]@500000cf)
	[0]		5000a387
	[1]		5000a387
	[2]		5000a388
	[3]		5000a389
ARR 50002057 (sz=32, trace=301785, nelems=0, elem type=char[])
ARR 50002058 (sz=32, trace=301313, nelems=4, elem type=java.lang.String[]@500000cf)
	[0]		5000a340
	[1]		5000a341
	[2]		5000a342
	[3]		5000a343
OBJ 50002059 (sz=32, trace=301535, class=sun.misc.FloatingDecimal$ASCIIToBinaryBuffer@500024ac)
ARR 5000205a (sz=24, trace=301315, nelems=1, elem type=java.lang.String[]@500000cf)
	[0]		5000a297
OBJ 5000205b (sz=32, trace=301786, class=Point@5000255b)
OBJ 5000205c (sz=32, trace=301787, class=Line@50006f05)
OBJ 5000205d (sz=24, trace=301779, class=java.lang.String@5000016f)
ARR 5000205e (sz=88, trace=300326, nelems=0, elem type=char[])
OBJ 5000205f (sz=32, trace=301318, class=java.util.concurrent.ConcurrentHashMap$Node@50000020)
	key		5000a27b
	val		50001fe5
OBJ 50002060 (sz=24, trace=301497, class=java.util.ArrayList@500000c5)
OBJ 50002061 (sz=24, trace=301498, class=java.lang.String@5000016f)
ARR 50002062 (sz=32, trace=301499, nelems=0, elem type=char[])
OBJ 50002063 (sz=32, trace=301164, class=java.util.concurrent.ConcurrentHashMap$Node@50000020)
	key		5000a2be
	val		50001fed
ARR 50002064 (sz=56, trace=300281, nelems=0, elem type=java.lang.Object[]@5000010a)
OBJ 50002065 (sz=24, trace=301498, class=java.lang.String@5000016f)
ARR 50002066 (sz=32, trace=301499, nelems=0, elem type=char[])
OBJ 50002067 (sz=32, trace=301318, class=java.util.concurrent.ConcurrentHashMap$Node@50000020)
	key		5000a24e
	val		50001fdd
OBJ 50002068 (sz=24, trace=301498, class=java.lang.String@5000016f)
ARR 50002069 (sz=32, trace=301499, nelems=0, elem type=char[])
OBJ 5000206a (sz=24, trace=301500, class=java.lang.String@5000016f)
ARR 5000206b (sz=32, trace=301501, nelems=0, elem type=char[])
ARR 5000206c (sz=32, trace=301780, nelems=0, elem type=java.lang.String[]@500000cf)
OBJ 5000206d (sz=32, trace=300600, class=java.util.concurrent.ConcurrentHashMap$Node@50000020)
	key		5000a3cd
	val		50001fe3
OBJ 5000206e (sz=32, trace=301164, class=java.util.concurrent.ConcurrentHashMap$Node@50000020)
	key		5000a391
	val		50001fde
OBJ 5000206f (sz=32, trace=301164, class=java.util.concurrent.ConcurrentHashMap$Node@50000020)
	key		5000a3bb
	val		50001fde
	next		50002071
OBJ 50002070 (sz=32, trace=301164, class=java.util.concurrent.ConcurrentHashMap$Node@50000020)
	key		5000a264
	val		50001fe0
OBJ 50002071 (sz=32, trace=301318, class=java.util.concurrent.ConcurrentHashMap$Node@50000020)
	key		5000a3bd
	val		50001fdf
	next		50002095
OBJ 50002072 (sz=32, trace=301318, class=java.util.concurrent.ConcurrentHashMap$Node@50000020)
	key		5000a393
	val		50001fdf
OBJ 50002073 (sz=40, trace=301504, class=java.util.ArrayList$SubList@5000248a)
OBJ 50002074 (sz=32, trace=301164, class=java.util.concurrent.ConcurrentHashMap$Node@50000020)
	key		5000a234
	val		50001fff
OBJ 50002075 (sz=32, trace=301318, class=java.util.concurrent.ConcurrentHashMap$Node@50000020)
	key		5000a230
	val		500095b3
	next		500020a7
OBJ 50002076 (sz=32, trace=301318, class=java.util.concurrent.ConcurrentHashMap$Node@50000020)
	key		5000a231
	val		50002002
	next		500020ab
OBJ 50002077 (sz=32, trace=301164, class=java.util.concurrent.ConcurrentHashMap$Node@50000020)
	key		5000a308
	val		50002004
OBJ 50002078 (sz=32, trace=301318, class=java.util.concurrent.ConcurrentHashMap$Node@50000020)
	key		5000a3c3
	val		50002006
OBJ 50002079 (sz=32, trace=301164, class=java.util.concurrent.ConcurrentHashMap$Node@50000020)
	key		5000a299
	val		50002008
	next		500020ad
OBJ 5000207a (sz=40, trace=301506, class=java.util.ArrayList$SubList$1@5000248d)
ARR 5000207b (sz=32, trace=301781, nelems=0, elem type=char[])
OBJ 5000207c (sz=32, trace=300600, class=java.util.concurrent.ConcurrentHashMap$Node@50000020)
	key		5000a364
	val		50001fdd
OBJ 5000207d (sz=32, trace=301535, class=sun.misc.FloatingDecimal$ASCIIToBinaryBuffer@500024ac)
OBJ 5000207e (sz=32, trace=300600, class=java.util.concurrent.ConcurrentHashMap$Node@50000020)
	key		5000a2e8
	val		50001fe9
	next		5000208d
OBJ 5000207f (sz=32, trace=300599, class=java.util.concurrent.ConcurrentHashMap$Node@50000020)
	key		5000a348
	val		50001ff1
	next		5000208e
OBJ 50002080 (sz=32, trace=300599, class=java.util.concurrent.ConcurrentHashMap$Node@50000020)
	key		5000a35e
	val		50001ffd
OBJ 50002081 (sz=32, trace=301164, class=java.util.concurrent.ConcurrentHashMap$Node@50000020)
	key		5000a35a
	val		5000200a
ARR 50002082 (sz=32, trace=301782, nelems=0, elem type=char[])
OBJ 50002083 (sz=32, trace=301535, class=sun.misc.FloatingDecimal$ASCIIToBinaryBuffer@500024ac)
OBJ 50002084 (sz=32, trace=301318, class=java.util.concurrent.ConcurrentHashMap$Node@50000020)
	key		5000a39b
	val		50002010
	next		5000208c
OBJ 50002085 (sz=32, trace=301783, class=Point@5000255b)
OBJ 50002086 (sz=32, trace=301164, class=java.util.concurrent.ConcurrentHashMap$Node@50000020)
	key		5000a320
	val		50002014
OBJ 50002087 (sz=32, trace=301164, class=java.util.concurrent.ConcurrentHashMap$Node@50000020)
	key		5000a3a9
	val		50002016
OBJ 50002088 (sz=32, trace=301164, class=java.util.concurrent.ConcurrentHashMap$Node@50000020)
	key		5000a360
	val		50002018
OBJ 50002089 (sz=32, trace=301164, class=java.util.concurrent.ConcurrentHashMap$Node@50000020)
	key		5000a397
	val		5000201a
OBJ 5000208a (sz=32, trace=301164, class=java.util.concurrent.ConcurrentHashMap$Node@50000020)
	key		5000a2a7
	val		5000201c
OBJ 5000208b (sz=32, trace=301318, class=java.util.concurrent.ConcurrentHashMap$Node@50000020)
	key		5000a37d
	val		5000201e
	next		500020a6
OBJ 5000208c (sz=32, trace=301318, class=java.util.concurrent.ConcurrentHashMap$Node@50000020)
	key		5000a39f
	val		50002020
OBJ 5000208d (sz=32, trace=301318, class=java.util.concurrent.ConcurrentHashMap$Node@50000020)
	key		5000a2f8
	val		50002022
OBJ 5000208e (sz=32, trace=301318, class=java.util.concurrent.ConcurrentHashMap$Node@50000020)
	key		5000a34e
	val		50002024
OBJ 5000208f (sz=32, trace=301164, class=java.util.concurrent.ConcurrentHashMap$Node@50000020)
	key		5000a3a3
	val		50002026
	next		500020ac
OBJ 50002090 (sz=32, trace=301164, class=java.util.concurrent.ConcurrentHashMap$Node@50000020)
	key		5000a2af
	val		50002028
ARR 50002091 (sz=32, trace=301784, nelems=0, elem type=char[])
OBJ 50002092 (sz=32, trace=301164, class=java.util.concurrent.ConcurrentHashMap$Node@50000020)
	key		5000a356
	val		5000202c
OBJ 50002093 (sz=32, trace=301318, class=java.util.concurrent.ConcurrentHashMap$Node@50000020)
	key		5000a366
	val		5000202e
OBJ 50002094 (sz=32, trace=301164, class=java.util.concurrent.ConcurrentHashMap$Node@50000020)
	key		5000a38d
	val		50002030
OBJ 50002095 (sz=32, trace=301318, class=java.util.concurrent.ConcurrentHashMap$Node@50000020)
	key		5000a3bf
	val		50002032
OBJ 50002096 (sz=32, trace=301318, class=java.util.concurrent.ConcurrentHashMap$Node@50000020)
	key		5000a304
	val		50002034
OBJ 50002097 (sz=32, trace=301318, class=java.util.concurrent.ConcurrentHashMap$Node@50000020)
	key		5000a254
	val		50002036
OBJ 50002098 (sz=32, trace=301164, class=java.util.concurrent.ConcurrentHashMap$Node@50000020)
	key		5000a2ab
	val		50002038
ARR 50002099 (sz=528, trace=301319, nelems=127, elem type=java.util.concurrent.ConcurrentHashMap$Node[]@5000001f)
	[0]		5000206d
	[2]		500020b6
	[3]		50002078
	[5]		5000206f
	[6]		500020b5
	[7]		500020a3
	[9]		50002087
	[11]		5000208f
	[12]		50002084
	[15]		50002089
	[17]		50002072
	[18]		5000206e
	[21]		50002094
	[22]		500020b2
	[23]		5000209f
	[24]		500020a5
	[25]		50002075
	[27]		500020a9
	[28]		50002093
	[30]		5000207c
	[32]		50002088
	[35]		50002080
	[39]		50002081
	[41]		50002092
	[43]		500020a4
	[48]		500020ae
	[49]		5000207f
	[51]		5000209c
	[52]		50002086
	[61]		5000209b
	[67]		500020a8
	[70]		50002077
	[71]		50002096
	[76]		500020a1
	[77]		500020aa
	[83]		5000207e
	[84]		500020b0
	[87]		500020a0
	[89]		5000209e
	[90]		50002063
	[91]		50002074
	[92]		5000209d
	[93]		50002090
	[101]		50002098
	[104]		5000208a
	[108]		50002079
	[110]		500020b4
	[112]		5000205f
	[115]		50002076
	[117]		500020af
	[124]		50002070
	[125]		50002097
	[126]		50002067
OBJ 5000209a (sz=32, trace=301535, class=sun.misc.FloatingDecimal$ASCIIToBinaryBuffer@500024ac)
OBJ 5000209b (sz=32, trace=300600, class=java.util.concurrent.ConcurrentHashMap$Node@50000020)
	key		5000a31c
	val		5000200c
OBJ 5000209c (sz=32, trace=300600, class=java.util.concurrent.ConcurrentHashMap$Node@50000020)
	key		5000a324
	val		50001fe7
	next		500020b3
OBJ 5000209d (sz=32, trace=300599, class=java.util.concurrent.ConcurrentHashMap$Node@50000020)
	key		5000a2b3
	val		50002012
OBJ 5000209e (sz=32, trace=300599, class=java.util.concurrent.ConcurrentHashMap$Node@50000020)
	key		5000a2c6
	val		50001feb
	next		500020b1
OBJ 5000209f (sz=32, trace=300600, class=java.util.concurrent.ConcurrentHashMap$Node@50000020)
	key		5000a377
	val		50001ff5
	next		5000208b
OBJ 500020a0 (sz=32, trace=300599, class=java.util.concurrent.ConcurrentHashMap$Node@50000020)
	key		5000a2da
	val		50001fde
OBJ 500020a1 (sz=32, trace=300599, class=java.util.concurrent.ConcurrentHashMap$Node@50000020)
	key		5000a300
	val		5000200e
OBJ 500020a2 (sz=32, trace=300600, class=java.util.concurrent.ConcurrentHashMap$Node@50000020)
	key		5000a3b1
	val		50001fef
OBJ 500020a3 (sz=32, trace=300600, class=java.util.concurrent.ConcurrentHashMap$Node@50000020)
	key		5000a3ad
	val		5000202a
	next		500020a2
OBJ 500020a4 (sz=32, trace=301164, class=java.util.concurrent.ConcurrentHashMap$Node@50000020)
	key		5000a352
	val		5000203a
OBJ 500020a5 (sz=32, trace=301164, class=java.util.concurrent.ConcurrentHashMap$Node@50000020)
	key		5000a373
	val		5000203c
OBJ 500020a6 (sz=32, trace=301318, class=java.util.concurrent.ConcurrentHashMap$Node@50000020)
	key		5000a381
	val		5000203e
OBJ 500020a7 (sz=32, trace=301318, class=java.util.concurrent.ConcurrentHashMap$Node@50000020)
	key		5000a36f
	val		50002040
OBJ 500020a8 (sz=32, trace=301164, class=java.util.concurrent.ConcurrentHashMap$Node@50000020)
	key		5000a318
	val		50002042
OBJ 500020a9 (sz=32, trace=301164, class=java.util.concurrent.ConcurrentHashMap$Node@50000020)
	key		5000a36a
	val		50002044
OBJ 500020aa (sz=32, trace=301164, class=java.util.concurrent.ConcurrentHashMap$Node@50000020)
	key		5000a2fc
	val		50002046
OBJ 500020ab (sz=32, trace=301318, class=java.util.concurrent.ConcurrentHashMap$Node@50000020)
	key		5000a277
	val		50002048
OBJ 500020ac (sz=32, trace=301318, class=java.util.concurrent.ConcurrentHashMap$Node@50000020)
	key		5000a3a7
	val		5000204a
OBJ 500020ad (sz=32, trace=301318, class=java.util.concurrent.ConcurrentHashMap$Node@50000020)
	key		5000a29d
	val		5000204c
OBJ 500020ae (sz=32, trace=301164, class=java.util.concurrent.ConcurrentHashMap$Node@50000020)
	key		5000a350
	val		5000204e
OBJ 500020af (sz=32, trace=301164, class=java.util.concurrent.ConcurrentHashMap$Node@50000020)
	key		5000a26e
	val		50002050
OBJ 500020b0 (sz=32, trace=301164, class=java.util.concurrent.ConcurrentHashMap$Node@50000020)
	key		5000a2de
	val		50002052
OBJ 500020b1 (sz=32, trace=301318, class=java.util.concurrent.ConcurrentHashMap$Node@50000020)
	key		5000a2d6
	val		50002054
OBJ 500020b2 (sz=32, trace=301164, class=java.util.concurrent.ConcurrentHashMap$Node@50000020)
	key		5000a385
	val		50002056
OBJ 500020b3 (sz=32, trace=301318, class=java.util.concurrent.ConcurrentHashMap$Node@50000020)
	key		5000a33e
	val		50002058
OBJ 500020b4 (sz=32, trace=301164, class=java.util.concurrent.ConcurrentHashMap$Node@50000020)
	key		5000a295
	val		5000205a
OBJ 500020b5 (sz=32, trace=301164, class=java.util.concurrent.ConcurrentHashMap$Node@50000020)
	key		5000a3b8
	val		5000a3b7
OBJ 500020b6 (sz=32, trace=301164, class=java.util.concurrent.ConcurrentHashMap$Node@50000020)
	key		5000a3ca
	val		5000a3c9
OBJ 500020b7 (sz=24, trace=301181, class=java.util.concurrent.ConcurrentHashMap$KeySetView@5000001b)
	map		50001fdc
OBJ 500020b8 (sz=24, trace=301182, class=sun.util.resources.ParallelListResourceBundle$KeySet@50001fcc)
	set		500020b7
ARR 500020b9 (sz=32, trace=301785, nelems=0, elem type=char[])
OBJ 500020ba (sz=32, trace=301535, class=sun.misc.FloatingDecimal$ASCIIToBinaryBuffer@500024ac)
OBJ 500020bb (sz=32, trace=301786, class=Point@5000255b)
OBJ 500020bc (sz=32, trace=301787, class=Line@50006f05)
OBJ 500020bd (sz=48, trace=301324, class=sun.util.locale.provider.LocaleResources$ResourceReference@50001fb2)
	referent	50001fcb
	queue		50001b93
	cacheKey	5000a22d
OBJ 500020be (sz=32, trace=301325, class=java.util.concurrent.ConcurrentHashMap$Node@50000020)
	key		5000a22d
	val		500020bd
OBJ 500020c0 (sz=64, trace=301327, class=java.util.concurrent.ConcurrentHashMap@50000027)
	table		5000212c
ARR 500020c2 (sz=104, trace=300281, nelems=0, elem type=java.lang.Object[]@5000010a)
OBJ 500020c3 (sz=24, trace=301779, class=java.lang.String@5000016f)
ARR 500020c4 (sz=88, trace=300326, nelems=0, elem type=char[])
OBJ 500020c5 (sz=24, trace=301497, class=java.util.ArrayList@500000c5)
OBJ 500020c6 (sz=24, trace=301498, class=java.lang.String@5000016f)
OBJ 500020c7 (sz=24, trace=301332, class=java.lang.String@5000016f)
ARR 500020c8 (sz=192, trace=301333, nelems=0, elem type=char[])
ARR 500020cb (sz=32, trace=301499, nelems=0, elem type=char[])
OBJ 500020cc (sz=32, trace=301336, class=java.io.FileInputStream@50000089)
ARR 500020cd (sz=56, trace=300281, nelems=0, elem type=java.lang.Object[]@5000010a)
OBJ 500020ce (sz=16, trace=301337, class=java.lang.Object@50000173)
OBJ 500020cf (sz=32, trace=301338, class=java.io.FileDescriptor@50000088)
OBJ 500020d0 (sz=24, trace=301498, class=java.lang.String@5000016f)
ARR 500020d1 (sz=32, trace=301499, nelems=0, elem type=char[])
OBJ 500020d2 (sz=24, trace=301498, class=java.lang.String@5000016f)
ARR 500020d3 (sz=32, trace=301499, nelems=0, elem type=char[])
OBJ 500020d4 (sz=24, trace=301500, class=java.lang.String@5000016f)
ARR 500020d5 (sz=32, trace=301501, nelems=0, elem type=char[])
ARR 500020d6 (sz=32, trace=301780, nelems=0, elem type=java.lang.String[]@500000cf)
OBJ 500020d7 (sz=40, trace=301504, class=java.util.ArrayList$SubList@5000248a)
ARR 500020d8 (sz=2704, trace=301345, nelems=676, elem type=int[])
ARR 500020d9 (sz=136, trace=301346, nelems=17, elem type=long[])
ARR 500020da (sz=88, trace=301347, nelems=17, elem type=java.lang.String[]@500000cf)
	[0]		500020db
	[1]		500020dd
	[2]		500020df
	[3]		500020e1
	[4]		500020e3
	[5]		500020e5
	[6]		500020e7
	[7]		500020e9
	[8]		500020eb
	[9]		500020ed
	[10]		500020ef
	[11]		500020f1
	[12]		500020f3
	[13]		500020f5
	[14]		500020f7
	[15]		500020f9
	[16]		500020fb
OBJ 500020db (sz=24, trace=301348, class=java.lang.String@5000016f)
	value		500020dc
ARR 500020dc (sz=6, trace=301349, nelems=3, elem type=char[])
OBJ 500020dd (sz=24, trace=301348, class=java.lang.String@5000016f)
	value		500020de
ARR 500020de (sz=6, trace=301349, nelems=3, elem type=char[])
OBJ 500020df (sz=24, trace=301348, class=java.lang.String@5000016f)
	value		500020e0
ARR 500020e0 (sz=6, trace=301349, nelems=3, elem type=char[])
OBJ 500020e1 (sz=24, trace=301348, class=java.lang.String@5000016f)
	value		500020e2
ARR 500020e2 (sz=6, trace=301349, nelems=3, elem type=char[])
OBJ 500020e3 (sz=24, trace=301348, class=java.lang.String@5000016f)
	value		500020e4
ARR 500020e4 (sz=6, trace=301349, nelems=3, elem type=char[])
OBJ 500020e5 (sz=24, trace=301348, class=java.lang.String@5000016f)
	value		500020e6
ARR 500020e6 (sz=6, trace=301349, nelems=3, elem type=char[])
OBJ 500020e7 (sz=24, trace=301348, class=java.lang.String@5000016f)
	value		500020e8
ARR 500020e8 (sz=6, trace=301349, nelems=3, elem type=char[])
OBJ 500020e9 (sz=24, trace=301348, class=java.lang.String@5000016f)
	value		500020ea
ARR 500020ea (sz=6, trace=301349, nelems=3, elem type=char[])
OBJ 500020eb (sz=24, trace=301348, class=java.lang.String@5000016f)
	value		500020ec
ARR 500020ec (sz=6, trace=301349, nelems=3, elem type=char[])
OBJ 500020ed (sz=24, trace=301348, class=java.lang.String@5000016f)
	value		500020ee
ARR 500020ee (sz=6, trace=301349, nelems=3, elem type=char[])
OBJ 500020ef (sz=24, trace=301348, class=java.lang.String@5000016f)
	value		500020f0
ARR 500020f0 (sz=6, trace=301349, nelems=3, elem type=char[])
OBJ 500020f1 (sz=24, trace=301348, class=java.lang.String@5000016f)
	value		500020f2
ARR 500020f2 (sz=6, trace=301349, nelems=3, elem type=char[])
OBJ 500020f3 (sz=24, trace=301348, class=java.lang.String@5000016f)
	value		500020f4
ARR 500020f4 (sz=6, trace=301349, nelems=3, elem type=char[])
OBJ 500020f5 (sz=24, trace=301348, class=java.lang.String@5000016f)
	value		500020f6
ARR 500020f6 (sz=6, trace=301349, nelems=3, elem type=char[])
OBJ 500020f7 (sz=24, trace=301348, class=java.lang.String@5000016f)
	value		500020f8
ARR 500020f8 (sz=6, trace=301349, nelems=3, elem type=char[])
OBJ 500020f9 (sz=24, trace=301348, class=java.lang.String@5000016f)
	value		500020fa
ARR 500020fa (sz=6, trace=301349, nelems=3, elem type=char[])
OBJ 500020fb (sz=24, trace=301348, class=java.lang.String@5000016f)
	value		500020fc
ARR 500020fc (sz=6, trace=301349, nelems=3, elem type=char[])
ARR 500020fd (sz=88, trace=301350, nelems=17, elem type=java.lang.String[]@500000cf)
	[0]		500020fe
	[1]		500020ff
	[2]		50002100
	[3]		50002101
	[4]		50002102
	[5]		50002103
	[6]		50002104
	[7]		50002105
	[8]		50002106
	[9]		50002107
	[10]		50002108
	[11]		50002109
	[12]		5000210a
	[13]		5000210b
	[14]		5000210d
	[15]		5000210f
	[16]		50002110
OBJ 500020fe (sz=24, trace=301348, class=java.lang.String@5000016f)
	value		5000960e
OBJ 500020ff (sz=24, trace=301348, class=java.lang.String@5000016f)
	value		5000960e
OBJ 50002100 (sz=24, trace=301348, class=java.lang.String@5000016f)
	value		5000960e
OBJ 50002101 (sz=24, trace=301348, class=java.lang.String@5000016f)
	value		5000960e
OBJ 50002102 (sz=24, trace=301348, class=java.lang.String@5000016f)
	value		5000960e
OBJ 50002103 (sz=24, trace=301348, class=java.lang.String@5000016f)
	value		5000960e
OBJ 50002104 (sz=24, trace=301348, class=java.lang.String@5000016f)
	value		5000960e
OBJ 50002105 (sz=24, trace=301348, class=java.lang.String@5000016f)
	value		5000960e
OBJ 50002106 (sz=24, trace=301348, class=java.lang.String@5000016f)
	value		5000960e
OBJ 50002107 (sz=24, trace=301348, class=java.lang.String@5000016f)
	value		5000960e
OBJ 50002108 (sz=24, trace=301348, class=java.lang.String@5000016f)
	value		5000960e
OBJ 50002109 (sz=24, trace=301348, class=java.lang.String@5000016f)
	value		5000960e
OBJ 5000210a (sz=24, trace=301348, class=java.lang.String@5000016f)
	value		5000960e
OBJ 5000210b (sz=24, trace=301348, class=java.lang.String@5000016f)
	value		5000210c
ARR 5000210c (sz=6, trace=301349, nelems=3, elem type=char[])
OBJ 5000210d (sz=24, trace=301348, class=java.lang.String@5000016f)
	value		5000210e
ARR 5000210e (sz=6, trace=301349, nelems=3, elem type=char[])
OBJ 5000210f (sz=24, trace=301348, class=java.lang.String@5000016f)
	value		5000960e
OBJ 50002110 (sz=24, trace=301348, class=java.lang.String@5000016f)
	value		5000960e
ARR 50002111 (sz=68, trace=301351, nelems=17, elem type=int[])
ARR 50002112 (sz=68, trace=301352, nelems=17, elem type=int[])
ARR 50002113 (sz=68, trace=301353, nelems=17, elem type=int[])
ARR 50002114 (sz=68, trace=301354, nelems=17, elem type=int[])
OBJ 50002115 (sz=40, trace=301506, class=java.util.ArrayList$SubList$1@5000248d)
ARR 50002116 (sz=32, trace=301781, nelems=0, elem type=char[])
OBJ 50002117 (sz=24, trace=301357, class=java.lang.String@5000016f)
	value		50002118
ARR 50002118 (sz=574, trace=301349, nelems=287, elem type=char[])
ARR 50002119 (sz=288, trace=301358, nelems=72, elem type=int[])
ARR 5000211a (sz=288, trace=301359, nelems=72, elem type=int[])
OBJ 5000211b (sz=32, trace=301535, class=sun.misc.FloatingDecimal$ASCIIToBinaryBuffer@500024ac)
ARR 5000211c (sz=32, trace=301782, nelems=0, elem type=char[])
OBJ 5000211d (sz=32, trace=301535, class=sun.misc.FloatingDecimal$ASCIIToBinaryBuffer@500024ac)
OBJ 5000211e (sz=32, trace=301783, class=Point@5000255b)
ARR 5000211f (sz=32, trace=301784, nelems=0, elem type=char[])
OBJ 50002120 (sz=32, trace=301535, class=sun.misc.FloatingDecimal$ASCIIToBinaryBuffer@500024ac)
ARR 50002121 (sz=32, trace=301785, nelems=0, elem type=char[])
OBJ 50002122 (sz=32, trace=301535, class=sun.misc.FloatingDecimal$ASCIIToBinaryBuffer@500024ac)
OBJ 50002123 (sz=32, trace=301786, class=Point@5000255b)
OBJ 50002124 (sz=32, trace=301787, class=Line@50006f05)
OBJ 50002125 (sz=24, trace=301779, class=java.lang.String@5000016f)
ARR 50002126 (sz=88, trace=300326, nelems=0, elem type=char[])
OBJ 50002127 (sz=24, trace=301497, class=java.util.ArrayList@500000c5)
OBJ 50002128 (sz=24, trace=301498, class=java.lang.String@5000016f)
OBJ 50002129 (sz=24, trace=301368, class=java.lang.String@5000016f)
	value		5000212a
ARR 5000212a (sz=6, trace=301369, nelems=3, elem type=char[])
OBJ 5000212b (sz=24, trace=301370, class=java.util.Currency@500020bf)
	currencyCode	50002129
ARR 5000212c (sz=80, trace=301371, nelems=8, elem type=java.util.concurrent.ConcurrentHashMap$Node[]@5000001f)
	[7]		5000212d
OBJ 5000212d (sz=32, trace=301372, class=java.util.concurrent.ConcurrentHashMap$Node@50000020)
	key		50002129
	val		5000212b
OBJ 50002130 (sz=64, trace=301375, class=java.util.concurrent.ConcurrentHashMap@50000027)
	table		5000230f
ARR 50002131 (sz=56, trace=301376, nelems=10, elem type=java.lang.Class[]@50000105)
	[0]		50002132
	[1]		50002133
	[2]		50002134
	[3]		50002135
	[4]		50001fb7
	[5]		50001955
	[6]		5000212e
	[7]		50002136
	[8]		50002137
	[9]		50002138
OBJ 50002139 (sz=32, trace=301384, class=sun.util.locale.provider.LocaleServiceProviderPool@5000212f)
	providers	5000213a
	providersCache	5000213b
	providerClass	5000212e
OBJ 5000213a (sz=64, trace=301385, class=java.util.concurrent.ConcurrentHashMap@50000027)
	table		500022b2
OBJ 5000213b (sz=64, trace=301386, class=java.util.concurrent.ConcurrentHashMap@50000027)
ARR 5000213c (sz=32, trace=301499, nelems=0, elem type=char[])
ARR 5000213d (sz=56, trace=300281, nelems=0, elem type=java.lang.Object[]@5000010a)
OBJ 5000213e (sz=24, trace=301498, class=java.lang.String@5000016f)
ARR 5000213f (sz=32, trace=301499, nelems=0, elem type=char[])
OBJ 50002141 (sz=16, trace=300918, class=java.util.HashSet@50000005)
	map		50002142
OBJ 50002142 (sz=48, trace=300919, class=java.util.HashMap@500000ba)
	table		5000226d
OBJ 50002143 (sz=24, trace=301498, class=java.lang.String@5000016f)
OBJ 50002144 (sz=24, trace=300921, class=java.lang.String@5000016f)
	value		50002145
ARR 50002145 (sz=10, trace=300922, nelems=5, elem type=char[])
ARR 50002146 (sz=32, trace=301499, nelems=0, elem type=char[])
OBJ 50002147 (sz=32, trace=300283, class=java.util.HashMap$Node@500000b9)
	key		50002144
	value		50009fee
	next		50002180
OBJ 50002148 (sz=24, trace=300921, class=java.lang.String@5000016f)
	value		50002149
ARR 50002149 (sz=10, trace=300922, nelems=5, elem type=char[])
OBJ 5000214a (sz=32, trace=300283, class=java.util.HashMap$Node@500000b9)
	key		50002148
	value		50009fee
OBJ 5000214b (sz=24, trace=300921, class=java.lang.String@5000016f)
	value		5000214c
ARR 5000214c (sz=10, trace=300922, nelems=5, elem type=char[])
OBJ 5000214d (sz=32, trace=300283, class=java.util.HashMap$Node@500000b9)
	key		5000214b
	value		50009fee
OBJ 5000214e (sz=24, trace=300921, class=java.lang.String@5000016f)
	value		5000214f
ARR 5000214f (sz=10, trace=300922, nelems=5, elem type=char[])
OBJ 50002150 (sz=32, trace=300283, class=java.util.HashMap$Node@500000b9)
	key		5000214e
	value		50009fee
OBJ 50002151 (sz=24, trace=300921, class=java.lang.String@5000016f)
	value		50002152
ARR 50002152 (sz=10, trace=300922, nelems=5, elem type=char[])
OBJ 50002153 (sz=32, trace=300283, class=java.util.HashMap$Node@500000b9)
	key		50002151
	value		50009fee
	next		500021cc
OBJ 50002154 (sz=24, trace=300921, class=java.lang.String@5000016f)
	value		50002155
ARR 50002155 (sz=10, trace=300922, nelems=5, elem type=char[])
OBJ 50002156 (sz=32, trace=300283, class=java.util.HashMap$Node@500000b9)
	key		50002154
	value		50009fee
OBJ 50002157 (sz=24, trace=300921, class=java.lang.String@5000016f)
	value		50002158
ARR 50002158 (sz=10, trace=300922, nelems=5, elem type=char[])
OBJ 50002159 (sz=32, trace=300299, class=java.util.HashMap$Node@500000b9)
	key		50002157
	value		50009fee
OBJ 5000215a (sz=24, trace=300921, class=java.lang.String@5000016f)
	value		5000215b
ARR 5000215b (sz=10, trace=300922, nelems=5, elem type=char[])
OBJ 5000215c (sz=32, trace=300283, class=java.util.HashMap$Node@500000b9)
	key		5000215a
	value		50009fee
OBJ 5000215d (sz=24, trace=300921, class=java.lang.String@5000016f)
	value		5000215e
ARR 5000215e (sz=10, trace=300922, nelems=5, elem type=char[])
OBJ 5000215f (sz=32, trace=300299, class=java.util.HashMap$Node@500000b9)
	key		5000215d
	value		50009fee
	next		50002171
OBJ 50002160 (sz=24, trace=300921, class=java.lang.String@5000016f)
	value		50002161
ARR 50002161 (sz=10, trace=300922, nelems=5, elem type=char[])
OBJ 50002162 (sz=32, trace=300299, class=java.util.HashMap$Node@500000b9)
	key		50002160
	value		50009fee
OBJ 50002163 (sz=24, trace=300921, class=java.lang.String@5000016f)
	value		50002164
ARR 50002164 (sz=10, trace=300922, nelems=5, elem type=char[])
OBJ 50002165 (sz=32, trace=300299, class=java.util.HashMap$Node@500000b9)
	key		50002163
	value		50009fee
OBJ 50002166 (sz=24, trace=301500, class=java.lang.String@5000016f)
ARR 50002167 (sz=32, trace=301501, nelems=0, elem type=char[])
OBJ 50002168 (sz=24, trace=300921, class=java.lang.String@5000016f)
	value		50002169
ARR 50002169 (sz=10, trace=300922, nelems=5, elem type=char[])
OBJ 5000216a (sz=32, trace=300283, class=java.util.HashMap$Node@500000b9)
	key		50002168
	value		50009fee
OBJ 5000216b (sz=24, trace=300921, class=java.lang.String@5000016f)
	value		5000216c
ARR 5000216c (sz=10, trace=300922, nelems=5, elem type=char[])
OBJ 5000216d (sz=32, trace=300299, class=java.util.HashMap$Node@500000b9)
	key		5000216b
	value		50009fee
	next		500021e2
ARR 5000216e (sz=32, trace=301780, nelems=0, elem type=java.lang.String[]@500000cf)
OBJ 5000216f (sz=24, trace=300921, class=java.lang.String@5000016f)
	value		50002170
ARR 50002170 (sz=10, trace=300922, nelems=5, elem type=char[])
OBJ 50002171 (sz=32, trace=300299, class=java.util.HashMap$Node@500000b9)
	key		5000216f
	value		50009fee
	next		5000222d
OBJ 50002172 (sz=24, trace=300921, class=java.lang.String@5000016f)
	value		50002173
ARR 50002173 (sz=10, trace=300922, nelems=5, elem type=char[])
OBJ 50002174 (sz=32, trace=300283, class=java.util.HashMap$Node@500000b9)
	key		50002172
	value		50009fee
	next		500021d8
OBJ 50002175 (sz=24, trace=300921, class=java.lang.String@5000016f)
	value		50002176
ARR 50002176 (sz=10, trace=300922, nelems=5, elem type=char[])
OBJ 50002177 (sz=32, trace=300283, class=java.util.HashMap$Node@500000b9)
	key		50002175
	value		50009fee
OBJ 50002178 (sz=24, trace=300921, class=java.lang.String@5000016f)
	value		50002179
ARR 50002179 (sz=10, trace=300922, nelems=5, elem type=char[])
OBJ 5000217a (sz=32, trace=300299, class=java.util.HashMap$Node@500000b9)
	key		50002178
	value		50009fee
	next		50002206
OBJ 5000217b (sz=24, trace=300921, class=java.lang.String@5000016f)
	value		5000217c
ARR 5000217c (sz=10, trace=300922, nelems=5, elem type=char[])
OBJ 5000217d (sz=32, trace=300299, class=java.util.HashMap$Node@500000b9)
	key		5000217b
	value		50009fee
OBJ 5000217e (sz=24, trace=300921, class=java.lang.String@5000016f)
	value		5000217f
ARR 5000217f (sz=10, trace=300922, nelems=5, elem type=char[])
OBJ 50002180 (sz=32, trace=300299, class=java.util.HashMap$Node@500000b9)
	key		5000217e
	value		50009fee
OBJ 50002181 (sz=24, trace=300921, class=java.lang.String@5000016f)
	value		50002182
ARR 50002182 (sz=10, trace=300922, nelems=5, elem type=char[])
OBJ 50002183 (sz=32, trace=300283, class=java.util.HashMap$Node@500000b9)
	key		50002181
	value		50009fee
	next		5000222a
OBJ 50002184 (sz=24, trace=300921, class=java.lang.String@5000016f)
	value		50002185
ARR 50002185 (sz=10, trace=300922, nelems=5, elem type=char[])
OBJ 50002186 (sz=32, trace=300283, class=java.util.HashMap$Node@500000b9)
	key		50002184
	value		50009fee
OBJ 50002187 (sz=24, trace=300921, class=java.lang.String@5000016f)
	value		50002188
ARR 50002188 (sz=10, trace=300922, nelems=5, elem type=char[])
OBJ 50002189 (sz=32, trace=300299, class=java.util.HashMap$Node@500000b9)
	key		50002187
	value		50009fee
	next		50002273
OBJ 5000218a (sz=24, trace=300921, class=java.lang.String@5000016f)
	value		5000218b
ARR 5000218b (sz=10, trace=300922, nelems=5, elem type=char[])
OBJ 5000218c (sz=32, trace=300283, class=java.util.HashMap$Node@500000b9)
	key		5000218a
	value		50009fee
OBJ 5000218d (sz=24, trace=300921, class=java.lang.String@5000016f)
	value		5000218e
ARR 5000218e (sz=10, trace=300922, nelems=5, elem type=char[])
OBJ 5000218f (sz=32, trace=300299, class=java.util.HashMap$Node@500000b9)
	key		5000218d
	value		50009fee
OBJ 50002190 (sz=24, trace=300921, class=java.lang.String@5000016f)
	value		50002191
ARR 50002191 (sz=10, trace=300922, nelems=5, elem type=char[])
OBJ 50002192 (sz=32, trace=300283, class=java.util.HashMap$Node@500000b9)
	key		50002190
	value		50009fee
	next		50002269
OBJ 50002193 (sz=40, trace=301504, class=java.util.ArrayList$SubList@5000248a)
OBJ 50002194 (sz=24, trace=300921, class=java.lang.String@5000016f)
	value		50002195
ARR 50002195 (sz=10, trace=300922, nelems=5, elem type=char[])
OBJ 50002196 (sz=32, trace=300283, class=java.util.HashMap$Node@500000b9)
	key		50002194
	value		50009fee
OBJ 50002197 (sz=24, trace=300921, class=java.lang.String@5000016f)
	value		50002198
ARR 50002198 (sz=10, trace=300922, nelems=5, elem type=char[])
OBJ 50002199 (sz=32, trace=300299, class=java.util.HashMap$Node@500000b9)
	key		50002197
	value		50009fee
OBJ 5000219a (sz=24, trace=300921, class=java.lang.String@5000016f)
	value		5000219b
ARR 5000219b (sz=10, trace=300922, nelems=5, elem type=char[])
OBJ 5000219c (sz=32, trace=300283, class=java.util.HashMap$Node@500000b9)
	key		5000219a
	value		50009fee
OBJ 5000219d (sz=24, trace=300921, class=java.lang.String@5000016f)
	value		5000219e
ARR 5000219e (sz=10, trace=300922, nelems=5, elem type=char[])
OBJ 5000219f (sz=32, trace=300283, class=java.util.HashMap$Node@500000b9)
	key		5000219d
	value		50009fee
OBJ 500021a0 (sz=24, trace=300921, class=java.lang.String@5000016f)
	value		500021a1
ARR 500021a1 (sz=10, trace=300922, nelems=5, elem type=char[])
OBJ 500021a2 (sz=32, trace=300299, class=java.util.HashMap$Node@500000b9)
	key		500021a0
	value		50009fee
OBJ 500021a3 (sz=24, trace=300921, class=java.lang.String@5000016f)
	value		500021a4
ARR 500021a4 (sz=10, trace=300922, nelems=5, elem type=char[])
OBJ 500021a5 (sz=32, trace=300299, class=java.util.HashMap$Node@500000b9)
	key		500021a3
	value		50009fee
	next		500021b7
OBJ 500021a6 (sz=24, trace=300921, class=java.lang.String@5000016f)
	value		500021a7
ARR 500021a7 (sz=10, trace=300922, nelems=5, elem type=char[])
OBJ 500021a8 (sz=32, trace=300283, class=java.util.HashMap$Node@500000b9)
	key		500021a6
	value		50009fee
OBJ 500021a9 (sz=24, trace=300921, class=java.lang.String@5000016f)
	value		500021aa
ARR 500021aa (sz=10, trace=300922, nelems=5, elem type=char[])
OBJ 500021ab (sz=32, trace=300283, class=java.util.HashMap$Node@500000b9)
	key		500021a9
	value		50009fee
OBJ 500021ac (sz=24, trace=300921, class=java.lang.String@5000016f)
	value		500021ad
ARR 500021ad (sz=4, trace=300922, nelems=2, elem type=char[])
OBJ 500021ae (sz=32, trace=300299, class=java.util.HashMap$Node@500000b9)
	key		500021ac
	value		50009fee
	next		500022a0
OBJ 500021af (sz=24, trace=300921, class=java.lang.String@5000016f)
	value		500021b0
ARR 500021b0 (sz=10, trace=300922, nelems=5, elem type=char[])
OBJ 500021b1 (sz=32, trace=300283, class=java.util.HashMap$Node@500000b9)
	key		500021af
	value		50009fee
OBJ 500021b2 (sz=24, trace=300921, class=java.lang.String@5000016f)
	value		500021b3
ARR 500021b3 (sz=10, trace=300922, nelems=5, elem type=char[])
OBJ 500021b4 (sz=32, trace=300283, class=java.util.HashMap$Node@500000b9)
	key		500021b2
	value		50009fee
	next		50002242
OBJ 500021b5 (sz=24, trace=300921, class=java.lang.String@5000016f)
	value		500021b6
ARR 500021b6 (sz=10, trace=300922, nelems=5, elem type=char[])
OBJ 500021b7 (sz=32, trace=300299, class=java.util.HashMap$Node@500000b9)
	key		500021b5
	value		50009fee
OBJ 500021b8 (sz=24, trace=300921, class=java.lang.String@5000016f)
	value		500021b9
ARR 500021b9 (sz=10, trace=300922, nelems=5, elem type=char[])
OBJ 500021ba (sz=32, trace=300283, class=java.util.HashMap$Node@500000b9)
	key		500021b8
	value		50009fee
OBJ 500021bb (sz=24, trace=300921, class=java.lang.String@5000016f)
	value		500021bc
ARR 500021bc (sz=10, trace=300922, nelems=5, elem type=char[])
OBJ 500021bd (sz=32, trace=300299, class=java.util.HashMap$Node@500000b9)
	key		500021bb
	value		50009fee
OBJ 500021be (sz=24, trace=300921, class=java.lang.String@5000016f)
	value		500021bf
ARR 500021bf (sz=10, trace=300922, nelems=5, elem type=char[])
OBJ 500021c0 (sz=32, trace=300299, class=java.util.HashMap$Node@500000b9)
	key		500021be
	value		50009fee
OBJ 500021c1 (sz=24, trace=300921, class=java.lang.String@5000016f)
	value		500021c2
ARR 500021c2 (sz=10, trace=300922, nelems=5, elem type=char[])
OBJ 500021c3 (sz=32, trace=300299, class=java.util.HashMap$Node@500000b9)
	key		500021c1
	value		50009fee
	next		5000228b
OBJ 500021c4 (sz=24, trace=300921, class=java.lang.String@5000016f)
	value		500021c5
ARR 500021c5 (sz=4, trace=300922, nelems=2, elem type=char[])
OBJ 500021c6 (sz=32, trace=300283, class=java.util.HashMap$Node@500000b9)
	key		500021c4
	value		50009fee
OBJ 500021c7 (sz=24, trace=300921, class=java.lang.String@5000016f)
	value		500021c8
ARR 500021c8 (sz=10, trace=300922, nelems=5, elem type=char[])
OBJ 500021c9 (sz=32, trace=300283, class=java.util.HashMap$Node@500000b9)
	key		500021c7
	value		50009fee
OBJ 500021ca (sz=24, trace=300921, class=java.lang.String@5000016f)
	value		500021cb
ARR 500021cb (sz=10, trace=300922, nelems=5, elem type=char[])
OBJ 500021cc (sz=32, trace=300299, class=java.util.HashMap$Node@500000b9)
	key		500021ca
	value		50009fee
OBJ 500021cd (sz=24, trace=300921, class=java.lang.String@5000016f)
	value		500021ce
ARR 500021ce (sz=10, trace=300922, nelems=5, elem type=char[])
OBJ 500021cf (sz=32, trace=300283, class=java.util.HashMap$Node@500000b9)
	key		500021cd
	value		50009fee
OBJ 500021d0 (sz=24, trace=300921, class=java.lang.String@5000016f)
	value		500021d1
ARR 500021d1 (sz=10, trace=300922, nelems=5, elem type=char[])
OBJ 500021d2 (sz=32, trace=300283, class=java.util.HashMap$Node@500000b9)
	key		500021d0
	value		50009fee
OBJ 500021d3 (sz=24, trace=300921, class=java.lang.String@5000016f)
	value		500021d4
ARR 500021d4 (sz=10, trace=300922, nelems=5, elem type=char[])
OBJ 500021d5 (sz=32, trace=300299, class=java.util.HashMap$Node@500000b9)
	key		500021d3
	value		50009fee
OBJ 500021d6 (sz=24, trace=300921, class=java.lang.String@5000016f)
	value		500021d7
ARR 500021d7 (sz=10, trace=300922, nelems=5, elem type=char[])
OBJ 500021d8 (sz=32, trace=300299, class=java.util.HashMap$Node@500000b9)
	key		500021d6
	value		50009fee
	next		50002212
OBJ 500021d9 (sz=24, trace=300921, class=java.lang.String@5000016f)
	value		500021da
ARR 500021da (sz=10, trace=300922, nelems=5, elem type=char[])
OBJ 500021db (sz=32, trace=300283, class=java.util.HashMap$Node@500000b9)
	key		500021d9
	value		50009fee
OBJ 500021dc (sz=40, trace=301506, class=java.util.ArrayList$SubList$1@5000248d)
OBJ 500021dd (sz=24, trace=300921, class=java.lang.String@5000016f)
	value		500021de
ARR 500021de (sz=10, trace=300922, nelems=5, elem type=char[])
OBJ 500021df (sz=32, trace=300299, class=java.util.HashMap$Node@500000b9)
	key		500021dd
	value		50009fee
	next		50002200
OBJ 500021e0 (sz=24, trace=300921, class=java.lang.String@5000016f)
	value		500021e1
ARR 500021e1 (sz=10, trace=300922, nelems=5, elem type=char[])
OBJ 500021e2 (sz=32, trace=300299, class=java.util.HashMap$Node@500000b9)
	key		500021e0
	value		50009fee
OBJ 500021e3 (sz=24, trace=300921, class=java.lang.String@5000016f)
	value		500021e4
ARR 500021e4 (sz=10, trace=300922, nelems=5, elem type=char[])
OBJ 500021e5 (sz=32, trace=300283, class=java.util.HashMap$Node@500000b9)
	key		500021e3
	value		50009fee
OBJ 500021e6 (sz=24, trace=300921, class=java.lang.String@5000016f)
	value		500021e7
ARR 500021e7 (sz=10, trace=300922, nelems=5, elem type=char[])
OBJ 500021e8 (sz=32, trace=300283, class=java.util.HashMap$Node@500000b9)
	key		500021e6
	value		50009fee
OBJ 500021e9 (sz=24, trace=300921, class=java.lang.String@5000016f)
	value		500021ea
ARR 500021ea (sz=10, trace=300922, nelems=5, elem type=char[])
OBJ 500021eb (sz=32, trace=300283, class=java.util.HashMap$Node@500000b9)
	key		500021e9
	value		50009fee
OBJ 500021ec (sz=24, trace=300921, class=java.lang.String@5000016f)
	value		500021ed
ARR 500021ed (sz=10, trace=300922, nelems=5, elem type=char[])
OBJ 500021ee (sz=32, trace=300283, class=java.util.HashMap$Node@500000b9)
	key		500021ec
	value		50009fee
OBJ 500021ef (sz=24, trace=300921, class=java.lang.String@5000016f)
	value		500021f0
ARR 500021f0 (sz=10, trace=300922, nelems=5, elem type=char[])
OBJ 500021f1 (sz=32, trace=300283, class=java.util.HashMap$Node@500000b9)
	key		500021ef
	value		50009fee
	next		50002270
OBJ 500021f2 (sz=24, trace=300921, class=java.lang.String@5000016f)
	value		500021f3
ARR 500021f3 (sz=10, trace=300922, nelems=5, elem type=char[])
OBJ 500021f4 (sz=32, trace=300283, class=java.util.HashMap$Node@500000b9)
	key		500021f2
	value		50009fee
OBJ 500021f5 (sz=24, trace=300921, class=java.lang.String@5000016f)
	value		500021f6
ARR 500021f6 (sz=10, trace=300922, nelems=5, elem type=char[])
OBJ 500021f7 (sz=32, trace=300283, class=java.util.HashMap$Node@500000b9)
	key		500021f5
	value		50009fee
OBJ 500021f8 (sz=24, trace=300921, class=java.lang.String@5000016f)
	value		500021f9
ARR 500021f9 (sz=10, trace=300922, nelems=5, elem type=char[])
OBJ 500021fa (sz=32, trace=300283, class=java.util.HashMap$Node@500000b9)
	key		500021f8
	value		50009fee
OBJ 500021fb (sz=24, trace=300921, class=java.lang.String@5000016f)
	value		500021fc
ARR 500021fc (sz=10, trace=300922, nelems=5, elem type=char[])
OBJ 500021fd (sz=32, trace=300283, class=java.util.HashMap$Node@500000b9)
	key		500021fb
	value		50009fee
OBJ 500021fe (sz=24, trace=300921, class=java.lang.String@5000016f)
	value		500021ff
ARR 500021ff (sz=10, trace=300922, nelems=5, elem type=char[])
OBJ 50002200 (sz=32, trace=300299, class=java.util.HashMap$Node@500000b9)
	key		500021fe
	value		50009fee
OBJ 50002201 (sz=24, trace=300921, class=java.lang.String@5000016f)
	value		50002202
ARR 50002202 (sz=10, trace=300922, nelems=5, elem type=char[])
OBJ 50002203 (sz=32, trace=300283, class=java.util.HashMap$Node@500000b9)
	key		50002201
	value		50009fee
OBJ 50002204 (sz=24, trace=300921, class=java.lang.String@5000016f)
	value		50002205
ARR 50002205 (sz=10, trace=300922, nelems=5, elem type=char[])
OBJ 50002206 (sz=32, trace=300299, class=java.util.HashMap$Node@500000b9)
	key		50002204
	value		50009fee
OBJ 50002207 (sz=24, trace=300921, class=java.lang.String@5000016f)
	value		50002208
ARR 50002208 (sz=10, trace=300922, nelems=5, elem type=char[])
OBJ 50002209 (sz=32, trace=300283, class=java.util.HashMap$Node@500000b9)
	key		50002207
	value		50009fee
	next		50002236
OBJ 5000220a (sz=24, trace=300921, class=java.lang.String@5000016f)
	value		5000220b
ARR 5000220b (sz=10, trace=300922, nelems=5, elem type=char[])
OBJ 5000220c (sz=32, trace=300283, class=java.util.HashMap$Node@500000b9)
	key		5000220a
	value		50009fee
OBJ 5000220d (sz=24, trace=300921, class=java.lang.String@5000016f)
	value		5000220e
ARR 5000220e (sz=4, trace=300922, nelems=2, elem type=char[])
OBJ 5000220f (sz=32, trace=300299, class=java.util.HashMap$Node@500000b9)
	key		5000220d
	value		50009fee
	next		50002279
OBJ 50002210 (sz=24, trace=300921, class=java.lang.String@5000016f)
	value		50002211
ARR 50002211 (sz=10, trace=300922, nelems=5, elem type=char[])
OBJ 50002212 (sz=32, trace=300299, class=java.util.HashMap$Node@500000b9)
	key		50002210
	value		50009fee
OBJ 50002213 (sz=24, trace=300921, class=java.lang.String@5000016f)
	value		50002214
ARR 50002214 (sz=10, trace=300922, nelems=5, elem type=char[])
OBJ 50002215 (sz=32, trace=300299, class=java.util.HashMap$Node@500000b9)
	key		50002213
	value		50009fee
OBJ 50002216 (sz=24, trace=300921, class=java.lang.String@5000016f)
	value		50002217
ARR 50002217 (sz=10, trace=300922, nelems=5, elem type=char[])
OBJ 50002218 (sz=32, trace=300283, class=java.util.HashMap$Node@500000b9)
	key		50002216
	value		50009fee
OBJ 50002219 (sz=24, trace=300921, class=java.lang.String@5000016f)
	value		5000221a
ARR 5000221a (sz=10, trace=300922, nelems=5, elem type=char[])
OBJ 5000221b (sz=32, trace=300283, class=java.util.HashMap$Node@500000b9)
	key		50002219
	value		50009fee
OBJ 5000221c (sz=24, trace=300921, class=java.lang.String@5000016f)
	value		5000221d
ARR 5000221d (sz=10, trace=300922, nelems=5, elem type=char[])
OBJ 5000221e (sz=32, trace=300283, class=java.util.HashMap$Node@500000b9)
	key		5000221c
	value		50009fee
OBJ 5000221f (sz=24, trace=300921, class=java.lang.String@5000016f)
	value		50002220
ARR 50002220 (sz=10, trace=300922, nelems=5, elem type=char[])
OBJ 50002221 (sz=32, trace=300283, class=java.util.HashMap$Node@500000b9)
	key		5000221f
	value		50009fee
	next		5000223f
OBJ 50002222 (sz=24, trace=300921, class=java.lang.String@5000016f)
	value		50002223
ARR 50002223 (sz=10, trace=300922, nelems=5, elem type=char[])
OBJ 50002224 (sz=32, trace=300299, class=java.util.HashMap$Node@500000b9)
	key		50002222
	value		50009fee
OBJ 50002225 (sz=24, trace=300921, class=java.lang.String@5000016f)
	value		50002226
ARR 50002226 (sz=10, trace=300922, nelems=5, elem type=char[])
OBJ 50002227 (sz=32, trace=300299, class=java.util.HashMap$Node@500000b9)
	key		50002225
	value		50009fee
OBJ 50002228 (sz=24, trace=300921, class=java.lang.String@5000016f)
	value		50002229
ARR 50002229 (sz=10, trace=300922, nelems=5, elem type=char[])
OBJ 5000222a (sz=32, trace=300299, class=java.util.HashMap$Node@500000b9)
	key		50002228
	value		50009fee
OBJ 5000222b (sz=24, trace=300921, class=java.lang.String@5000016f)
	value		5000222c
ARR 5000222c (sz=10, trace=300922, nelems=5, elem type=char[])
OBJ 5000222d (sz=32, trace=300299, class=java.util.HashMap$Node@500000b9)
	key		5000222b
	value		50009fee
OBJ 5000222e (sz=24, trace=300921, class=java.lang.String@5000016f)
	value		5000222f
ARR 5000222f (sz=10, trace=300922, nelems=5, elem type=char[])
OBJ 50002230 (sz=32, trace=300283, class=java.util.HashMap$Node@500000b9)
	key		5000222e
	value		50009fee
OBJ 50002231 (sz=24, trace=300921, class=java.lang.String@5000016f)
	value		50002232
ARR 50002232 (sz=4, trace=300922, nelems=2, elem type=char[])
OBJ 50002233 (sz=32, trace=300283, class=java.util.HashMap$Node@500000b9)
	key		50002231
	value		50009fee
OBJ 50002234 (sz=24, trace=300921, class=java.lang.String@5000016f)
	value		50002235
ARR 50002235 (sz=10, trace=300922, nelems=5, elem type=char[])
OBJ 50002236 (sz=32, trace=300299, class=java.util.HashMap$Node@500000b9)
	key		50002234
	value		50009fee
	next		5000229d
OBJ 50002237 (sz=24, trace=300921, class=java.lang.String@5000016f)
	value		50002238
ARR 50002238 (sz=10, trace=300922, nelems=5, elem type=char[])
OBJ 50002239 (sz=32, trace=300283, class=java.util.HashMap$Node@500000b9)
	key		50002237
	value		50009fee
OBJ 5000223a (sz=24, trace=300921, class=java.lang.String@5000016f)
	value		5000223b
ARR 5000223b (sz=10, trace=300922, nelems=5, elem type=char[])
OBJ 5000223c (sz=32, trace=300299, class=java.util.HashMap$Node@500000b9)
	key		5000223a
	value		50009fee
OBJ 5000223d (sz=24, trace=300921, class=java.lang.String@5000016f)
	value		5000223e
ARR 5000223e (sz=4, trace=300922, nelems=2, elem type=char[])
OBJ 5000223f (sz=32, trace=300299, class=java.util.HashMap$Node@500000b9)
	key		5000223d
	value		50009fee
OBJ 50002240 (sz=24, trace=300921, class=java.lang.String@5000016f)
	value		50002241
ARR 50002241 (sz=10, trace=300922, nelems=5, elem type=char[])
OBJ 50002242 (sz=32, trace=300299, class=java.util.HashMap$Node@500000b9)
	key		50002240
	value		50009fee
OBJ 50002243 (sz=24, trace=300921, class=java.lang.String@5000016f)
	value		50002244
ARR 50002244 (sz=4, trace=300922, nelems=2, elem type=char[])
OBJ 50002245 (sz=32, trace=300283, class=java.util.HashMap$Node@500000b9)
	key		50002243
	value		50009fee
OBJ 50002246 (sz=24, trace=300921, class=java.lang.String@5000016f)
	value		50002247
ARR 50002247 (sz=10, trace=300922, nelems=5, elem type=char[])
OBJ 50002248 (sz=32, trace=300299, class=java.util.HashMap$Node@500000b9)
	key		50002246
	value		50009fee
OBJ 50002249 (sz=24, trace=300921, class=java.lang.String@5000016f)
	value		5000224a
ARR 5000224a (sz=10, trace=300922, nelems=5, elem type=char[])
OBJ 5000224b (sz=32, trace=300283, class=java.util.HashMap$Node@500000b9)
	key		50002249
	value		50009fee
OBJ 5000224c (sz=24, trace=300921, class=java.lang.String@5000016f)
	value		5000224d
ARR 5000224d (sz=10, trace=300922, nelems=5, elem type=char[])
OBJ 5000224e (sz=32, trace=300283, class=java.util.HashMap$Node@500000b9)
	key		5000224c
	value		50009fee
OBJ 5000224f (sz=24, trace=300921, class=java.lang.String@5000016f)
	value		50002250
ARR 50002250 (sz=10, trace=300922, nelems=5, elem type=char[])
OBJ 50002251 (sz=32, trace=300283, class=java.util.HashMap$Node@500000b9)
	key		5000224f
	value		50009fee
OBJ 50002252 (sz=24, trace=300921, class=java.lang.String@5000016f)
	value		50002253
ARR 50002253 (sz=10, trace=300922, nelems=5, elem type=char[])
OBJ 50002254 (sz=32, trace=300283, class=java.util.HashMap$Node@500000b9)
	key		50002252
	value		50009fee
OBJ 50002255 (sz=24, trace=300921, class=java.lang.String@5000016f)
	value		50002256
ARR 50002256 (sz=10, trace=300922, nelems=5, elem type=char[])
OBJ 50002257 (sz=32, trace=300283, class=java.util.HashMap$Node@500000b9)
	key		50002255
	value		50009fee
OBJ 50002258 (sz=24, trace=300921, class=java.lang.String@5000016f)
	value		50002259
ARR 50002259 (sz=10, trace=300922, nelems=5, elem type=char[])
OBJ 5000225a (sz=32, trace=300283, class=java.util.HashMap$Node@500000b9)
	key		50002258
	value		50009fee
	next		500022a6
OBJ 5000225b (sz=24, trace=300921, class=java.lang.String@5000016f)
	value		5000225c
ARR 5000225c (sz=10, trace=300922, nelems=5, elem type=char[])
OBJ 5000225d (sz=32, trace=300283, class=java.util.HashMap$Node@500000b9)
	key		5000225b
	value		50009fee
OBJ 5000225e (sz=24, trace=300921, class=java.lang.String@5000016f)
	value		5000225f
ARR 5000225f (sz=10, trace=300922, nelems=5, elem type=char[])
OBJ 50002260 (sz=32, trace=300283, class=java.util.HashMap$Node@500000b9)
	key		5000225e
	value		50009fee
OBJ 50002261 (sz=24, trace=300921, class=java.lang.String@5000016f)
	value		50002262
ARR 50002262 (sz=10, trace=300922, nelems=5, elem type=char[])
OBJ 50002263 (sz=32, trace=300299, class=java.util.HashMap$Node@500000b9)
	key		50002261
	value		50009fee
OBJ 50002264 (sz=24, trace=300921, class=java.lang.String@5000016f)
	value		50002265
ARR 50002265 (sz=4, trace=300922, nelems=2, elem type=char[])
OBJ 50002266 (sz=32, trace=300283, class=java.util.HashMap$Node@500000b9)
	key		50002264
	value		50009fee
OBJ 50002267 (sz=24, trace=300921, class=java.lang.String@5000016f)
	value		50002268
ARR 50002268 (sz=10, trace=300922, nelems=5, elem type=char[])
OBJ 50002269 (sz=32, trace=300299, class=java.util.HashMap$Node@500000b9)
	key		50002267
	value		50009fee
	next		50002291
OBJ 5000226a (sz=24, trace=300921, class=java.lang.String@5000016f)
	value		5000226b
ARR 5000226b (sz=10, trace=300922, nelems=5, elem type=char[])
OBJ 5000226c (sz=32, trace=300299, class=java.util.HashMap$Node@500000b9)
	key		5000226a
	value		50009fee
ARR 5000226d (sz=1040, trace=300931, nelems=256, elem type=java.util.HashMap$Node[]@500000b8)
	[1]		50002150
	[3]		5000217d
	[4]		50002266
	[7]		50002254
	[8]		50002153
	[9]		50002196
	[10]		50002165
	[12]		50002260
	[14]		50002285
	[16]		500021c3
	[18]		5000225d
	[23]		50002282
	[24]		500021ba
	[25]		50002147
	[28]		50002251
	[29]		50002199
	[34]		50002183
	[38]		500021fd
	[42]		500021d5
	[43]		50002233
	[44]		500021cf
	[46]		50002215
	[47]		500021d2
	[49]		50002263
	[50]		5000226c
	[53]		50002174
	[55]		50002221
	[57]		5000215f
	[59]		50002186
	[65]		500021e8
	[67]		50002227
	[69]		500021f7
	[76]		500021fa
	[79]		5000228e
	[80]		500021b1
	[81]		50002230
	[89]		500021a2
	[92]		500021a8
	[93]		5000215c
	[99]		50002294
	[100]		50002245
	[101]		500022af
	[102]		50002248
	[104]		50002276
	[105]		50002288
	[113]		50002189
	[114]		5000227c
	[116]		500021c9
	[118]		50002297
	[122]		500021ab
	[129]		500021ae
	[131]		50002162
	[133]		5000224e
	[138]		50002156
	[141]		5000225a
	[152]		50002224
	[157]		500021c0
	[158]		500021b4
	[163]		5000219c
	[167]		5000218c
	[168]		500021e5
	[174]		500021c6
	[176]		500021f4
	[177]		50002159
	[178]		5000219f
	[180]		500021f1
	[184]		50002257
	[186]		50002209
	[188]		5000221b
	[189]		500022a3
	[190]		5000214d
	[192]		5000220c
	[195]		5000214a
	[202]		5000224b
	[203]		5000216a
	[204]		5000220f
	[206]		500021db
	[207]		50002177
	[215]		50002218
	[217]		500021df
	[220]		5000223c
	[225]		5000218f
	[226]		500021a5
	[228]		5000227f
	[229]		500022a9
	[230]		50002192
	[231]		50002203
	[233]		5000216d
	[234]		5000217a
	[238]		500021eb
	[240]		50002239
	[250]		500021bd
	[251]		5000221e
	[254]		500021ee
	[255]		5000229a
OBJ 5000226e (sz=24, trace=300921, class=java.lang.String@5000016f)
	value		5000226f
ARR 5000226f (sz=10, trace=300922, nelems=5, elem type=char[])
OBJ 50002270 (sz=32, trace=300299, class=java.util.HashMap$Node@500000b9)
	key		5000226e
	value		50009fee
	next		500022ac
OBJ 50002271 (sz=24, trace=300921, class=java.lang.String@5000016f)
	value		50002272
ARR 50002272 (sz=10, trace=300922, nelems=5, elem type=char[])
OBJ 50002273 (sz=32, trace=300299, class=java.util.HashMap$Node@500000b9)
	key		50002271
	value		50009fee
OBJ 50002274 (sz=24, trace=300921, class=java.lang.String@5000016f)
	value		50002275
ARR 50002275 (sz=10, trace=300922, nelems=5, elem type=char[])
OBJ 50002276 (sz=32, trace=300283, class=java.util.HashMap$Node@500000b9)
	key		50002274
	value		50009fee
OBJ 50002277 (sz=24, trace=300921, class=java.lang.String@5000016f)
	value		50002278
ARR 50002278 (sz=10, trace=300922, nelems=5, elem type=char[])
OBJ 50002279 (sz=32, trace=300299, class=java.util.HashMap$Node@500000b9)
	key		50002277
	value		50009fee
OBJ 5000227a (sz=24, trace=300921, class=java.lang.String@5000016f)
	value		5000227b
ARR 5000227b (sz=10, trace=300922, nelems=5, elem type=char[])
OBJ 5000227c (sz=32, trace=300283, class=java.util.HashMap$Node@500000b9)
	key		5000227a
	value		50009fee
OBJ 5000227d (sz=24, trace=300921, class=java.lang.String@5000016f)
	value		5000227e
ARR 5000227e (sz=10, trace=300922, nelems=5, elem type=char[])
OBJ 5000227f (sz=32, trace=300283, class=java.util.HashMap$Node@500000b9)
	key		5000227d
	value		50009fee
OBJ 50002280 (sz=24, trace=300921, class=java.lang.String@5000016f)
	value		50002281
ARR 50002281 (sz=10, trace=300922, nelems=5, elem type=char[])
OBJ 50002282 (sz=32, trace=300283, class=java.util.HashMap$Node@500000b9)
	key		50002280
	value		50009fee
OBJ 50002283 (sz=24, trace=300921, class=java.lang.String@5000016f)
	value		50002284
ARR 50002284 (sz=20, trace=300922, nelems=10, elem type=char[])
OBJ 50002285 (sz=32, trace=300283, class=java.util.HashMap$Node@500000b9)
	key		50002283
	value		50009fee
OBJ 50002286 (sz=24, trace=300921, class=java.lang.String@5000016f)
	value		50002287
ARR 50002287 (sz=20, trace=300922, nelems=10, elem type=char[])
OBJ 50002288 (sz=32, trace=300283, class=java.util.HashMap$Node@500000b9)
	key		50002286
	value		50009fee
OBJ 50002289 (sz=24, trace=300921, class=java.lang.String@5000016f)
	value		5000228a
ARR 5000228a (sz=20, trace=300922, nelems=10, elem type=char[])
OBJ 5000228b (sz=32, trace=300299, class=java.util.HashMap$Node@500000b9)
	key		50002289
	value		50009fee
OBJ 5000228c (sz=24, trace=300921, class=java.lang.String@5000016f)
	value		5000228d
ARR 5000228d (sz=10, trace=300922, nelems=5, elem type=char[])
OBJ 5000228e (sz=32, trace=300283, class=java.util.HashMap$Node@500000b9)
	key		5000228c
	value		50009fee
OBJ 5000228f (sz=24, trace=300921, class=java.lang.String@5000016f)
	value		50002290
ARR 50002290 (sz=10, trace=300922, nelems=5, elem type=char[])
OBJ 50002291 (sz=32, trace=300299, class=java.util.HashMap$Node@500000b9)
	key		5000228f
	value		50009fee
OBJ 50002292 (sz=24, trace=300921, class=java.lang.String@5000016f)
	value		50002293
ARR 50002293 (sz=4, trace=300922, nelems=2, elem type=char[])
OBJ 50002294 (sz=32, trace=300283, class=java.util.HashMap$Node@500000b9)
	key		50002292
	value		50009fee
OBJ 50002295 (sz=24, trace=300921, class=java.lang.String@5000016f)
	value		50002296
ARR 50002296 (sz=10, trace=300922, nelems=5, elem type=char[])
OBJ 50002297 (sz=32, trace=300283, class=java.util.HashMap$Node@500000b9)
	key		50002295
	value		50009fee
OBJ 50002298 (sz=24, trace=300921, class=java.lang.String@5000016f)
	value		50002299
ARR 50002299 (sz=10, trace=300922, nelems=5, elem type=char[])
OBJ 5000229a (sz=32, trace=300283, class=java.util.HashMap$Node@500000b9)
	key		50002298
	value		50009fee
OBJ 5000229b (sz=24, trace=300921, class=java.lang.String@5000016f)
	value		5000229c
ARR 5000229c (sz=10, trace=300922, nelems=5, elem type=char[])
OBJ 5000229d (sz=32, trace=300299, class=java.util.HashMap$Node@500000b9)
	key		5000229b
	value		50009fee
OBJ 5000229e (sz=24, trace=300921, class=java.lang.String@5000016f)
	value		5000229f
ARR 5000229f (sz=10, trace=300922, nelems=5, elem type=char[])
OBJ 500022a0 (sz=32, trace=300299, class=java.util.HashMap$Node@500000b9)
	key		5000229e
	value		50009fee
OBJ 500022a1 (sz=24, trace=300921, class=java.lang.String@5000016f)
	value		500022a2
ARR 500022a2 (sz=10, trace=300922, nelems=5, elem type=char[])
OBJ 500022a3 (sz=32, trace=300283, class=java.util.HashMap$Node@500000b9)
	key		500022a1
	value		50009fee
OBJ 500022a4 (sz=24, trace=300921, class=java.lang.String@5000016f)
	value		500022a5
ARR 500022a5 (sz=10, trace=300922, nelems=5, elem type=char[])
OBJ 500022a6 (sz=32, trace=300299, class=java.util.HashMap$Node@500000b9)
	key		500022a4
	value		50009fee
OBJ 500022a7 (sz=24, trace=300921, class=java.lang.String@5000016f)
	value		500022a8
ARR 500022a8 (sz=10, trace=300922, nelems=5, elem type=char[])
OBJ 500022a9 (sz=32, trace=300283, class=java.util.HashMap$Node@500000b9)
	key		500022a7
	value		50009fee
OBJ 500022aa (sz=24, trace=300921, class=java.lang.String@5000016f)
	value		500022ab
ARR 500022ab (sz=10, trace=300922, nelems=5, elem type=char[])
OBJ 500022ac (sz=32, trace=300299, class=java.util.HashMap$Node@500000b9)
	key		500022aa
	value		50009fee
OBJ 500022ad (sz=24, trace=300921, class=java.lang.String@5000016f)
	value		500022ae
ARR 500022ae (sz=10, trace=300922, nelems=5, elem type=char[])
OBJ 500022af (sz=32, trace=300283, class=java.util.HashMap$Node@500000b9)
	key		500022ad
	value		50009fee
OBJ 500022b0 (sz=32, trace=300933, class=java.util.concurrent.ConcurrentHashMap$Node@50000020)
	key		5000a43b
	val		50002141
OBJ 500022b1 (sz=24, trace=301389, class=sun.util.locale.provider.CurrencyNameProviderImpl@50002140)
	type		50001966
	langtags	50002141
ARR 500022b2 (sz=80, trace=301390, nelems=6, elem type=java.util.concurrent.ConcurrentHashMap$Node[]@5000001f)
	[5]		500022b3
OBJ 500022b3 (sz=32, trace=301391, class=java.util.concurrent.ConcurrentHashMap$Node@50000020)
	key		50001966
	val		500022b1
ARR 500022b5 (sz=32, trace=301781, nelems=0, elem type=char[])
OBJ 500022b6 (sz=32, trace=301535, class=sun.misc.FloatingDecimal$ASCIIToBinaryBuffer@500024ac)
ARR 500022b7 (sz=32, trace=301782, nelems=0, elem type=char[])
OBJ 500022b8 (sz=32, trace=301535, class=sun.misc.FloatingDecimal$ASCIIToBinaryBuffer@500024ac)
OBJ 500022b9 (sz=32, trace=301783, class=Point@5000255b)
ARR 500022ba (sz=32, trace=301784, nelems=0, elem type=char[])
OBJ 500022bb (sz=32, trace=301535, class=sun.misc.FloatingDecimal$ASCIIToBinaryBuffer@500024ac)
ARR 500022bc (sz=32, trace=301785, nelems=0, elem type=char[])
OBJ 500022bd (sz=32, trace=301535, class=sun.misc.FloatingDecimal$ASCIIToBinaryBuffer@500024ac)
OBJ 500022be (sz=32, trace=301786, class=Point@5000255b)
OBJ 500022bf (sz=32, trace=301787, class=Line@50006f05)
OBJ 500022c0 (sz=24, trace=301779, class=java.lang.String@5000016f)
ARR 500022c1 (sz=88, trace=300326, nelems=0, elem type=char[])
OBJ 500022c2 (sz=24, trace=301497, class=java.util.ArrayList@500000c5)
OBJ 500022c3 (sz=24, trace=301498, class=java.lang.String@5000016f)
ARR 500022c4 (sz=32, trace=301499, nelems=0, elem type=char[])
ARR 500022c5 (sz=56, trace=300281, nelems=0, elem type=java.lang.Object[]@5000010a)
OBJ 500022c6 (sz=24, trace=301498, class=java.lang.String@5000016f)
ARR 500022c7 (sz=32, trace=301499, nelems=0, elem type=char[])
OBJ 500022c8 (sz=24, trace=301498, class=java.lang.String@5000016f)
ARR 500022c9 (sz=32, trace=301499, nelems=0, elem type=char[])
OBJ 500022ca (sz=24, trace=301500, class=java.lang.String@5000016f)
ARR 500022cb (sz=32, trace=301501, nelems=0, elem type=char[])
ARR 500022cc (sz=32, trace=301780, nelems=0, elem type=java.lang.String[]@500000cf)
OBJ 500022cd (sz=40, trace=301504, class=java.util.ArrayList$SubList@5000248a)
OBJ 500022ce (sz=40, trace=301506, class=java.util.ArrayList$SubList$1@5000248d)
ARR 500022cf (sz=32, trace=301781, nelems=0, elem type=char[])
OBJ 500022d0 (sz=32, trace=301535, class=sun.misc.FloatingDecimal$ASCIIToBinaryBuffer@500024ac)
ARR 500022d1 (sz=32, trace=301782, nelems=0, elem type=char[])
OBJ 500022d2 (sz=32, trace=301535, class=sun.misc.FloatingDecimal$ASCIIToBinaryBuffer@500024ac)
OBJ 500022d3 (sz=32, trace=301783, class=Point@5000255b)
ARR 500022d4 (sz=32, trace=301784, nelems=0, elem type=char[])
OBJ 500022d5 (sz=32, trace=301535, class=sun.misc.FloatingDecimal$ASCIIToBinaryBuffer@500024ac)
ARR 500022d6 (sz=32, trace=301785, nelems=0, elem type=char[])
OBJ 500022d7 (sz=32, trace=301535, class=sun.misc.FloatingDecimal$ASCIIToBinaryBuffer@500024ac)
OBJ 500022d8 (sz=32, trace=301786, class=Point@5000255b)
OBJ 500022d9 (sz=32, trace=301787, class=Line@50006f05)
OBJ 500022da (sz=24, trace=301779, class=java.lang.String@5000016f)
ARR 500022db (sz=88, trace=300326, nelems=0, elem type=char[])
OBJ 500022dc (sz=24, trace=301497, class=java.util.ArrayList@500000c5)
OBJ 500022dd (sz=24, trace=301498, class=java.lang.String@5000016f)
ARR 500022de (sz=32, trace=301499, nelems=0, elem type=char[])
ARR 500022df (sz=56, trace=300281, nelems=0, elem type=java.lang.Object[]@5000010a)
OBJ 500022e0 (sz=24, trace=301498, class=java.lang.String@5000016f)
ARR 500022e1 (sz=32, trace=301499, nelems=0, elem type=char[])
OBJ 500022e2 (sz=24, trace=301498, class=java.lang.String@5000016f)
ARR 500022e3 (sz=32, trace=301499, nelems=0, elem type=char[])
OBJ 500022e4 (sz=24, trace=301500, class=java.lang.String@5000016f)
ARR 500022e5 (sz=32, trace=301501, nelems=0, elem type=char[])
ARR 500022e6 (sz=32, trace=301780, nelems=0, elem type=java.lang.String[]@500000cf)
OBJ 500022e7 (sz=40, trace=301504, class=java.util.ArrayList$SubList@5000248a)
OBJ 500022e8 (sz=40, trace=301506, class=java.util.ArrayList$SubList$1@5000248d)
ARR 500022e9 (sz=32, trace=301781, nelems=0, elem type=char[])
OBJ 500022ea (sz=32, trace=301535, class=sun.misc.FloatingDecimal$ASCIIToBinaryBuffer@500024ac)
ARR 500022eb (sz=32, trace=301782, nelems=0, elem type=char[])
OBJ 500022ec (sz=32, trace=301535, class=sun.misc.FloatingDecimal$ASCIIToBinaryBuffer@500024ac)
OBJ 500022ed (sz=32, trace=301783, class=Point@5000255b)
ARR 500022ee (sz=32, trace=301784, nelems=0, elem type=char[])
OBJ 500022ef (sz=32, trace=301535, class=sun.misc.FloatingDecimal$ASCIIToBinaryBuffer@500024ac)
ARR 500022f0 (sz=32, trace=301785, nelems=0, elem type=char[])
OBJ 500022f1 (sz=32, trace=301535, class=sun.misc.FloatingDecimal$ASCIIToBinaryBuffer@500024ac)
OBJ 500022f2 (sz=32, trace=301786, class=Point@5000255b)
OBJ 500022f3 (sz=32, trace=301787, class=Line@50006f05)
OBJ 500022f4 (sz=24, trace=301779, class=java.lang.String@5000016f)
ARR 500022f5 (sz=88, trace=300326, nelems=0, elem type=char[])
OBJ 500022f6 (sz=24, trace=301497, class=java.util.ArrayList@500000c5)
OBJ 500022f7 (sz=24, trace=301498, class=java.lang.String@5000016f)
ARR 500022f8 (sz=32, trace=301499, nelems=0, elem type=char[])
ARR 500022f9 (sz=56, trace=300281, nelems=0, elem type=java.lang.Object[]@5000010a)
OBJ 500022fa (sz=24, trace=301498, class=java.lang.String@5000016f)
ARR 500022fb (sz=32, trace=301499, nelems=0, elem type=char[])
OBJ 500022fc (sz=24, trace=301498, class=java.lang.String@5000016f)
ARR 500022fd (sz=32, trace=301499, nelems=0, elem type=char[])
OBJ 500022fe (sz=24, trace=301500, class=java.lang.String@5000016f)
ARR 500022ff (sz=32, trace=301501, nelems=0, elem type=char[])
ARR 50002300 (sz=32, trace=301780, nelems=0, elem type=java.lang.String[]@500000cf)
OBJ 50002301 (sz=40, trace=301504, class=java.util.ArrayList$SubList@5000248a)
OBJ 50002302 (sz=40, trace=301506, class=java.util.ArrayList$SubList$1@5000248d)
ARR 50002303 (sz=32, trace=301781, nelems=0, elem type=char[])
OBJ 50002304 (sz=32, trace=301535, class=sun.misc.FloatingDecimal$ASCIIToBinaryBuffer@500024ac)
ARR 50002305 (sz=32, trace=301782, nelems=0, elem type=char[])
OBJ 50002306 (sz=32, trace=301535, class=sun.misc.FloatingDecimal$ASCIIToBinaryBuffer@500024ac)
OBJ 50002307 (sz=32, trace=301783, class=Point@5000255b)
ARR 50002308 (sz=32, trace=301784, nelems=0, elem type=char[])
OBJ 50002309 (sz=32, trace=301535, class=sun.misc.FloatingDecimal$ASCIIToBinaryBuffer@500024ac)
ARR 5000230a (sz=32, trace=301785, nelems=0, elem type=char[])
OBJ 5000230b (sz=32, trace=301535, class=sun.misc.FloatingDecimal$ASCIIToBinaryBuffer@500024ac)
OBJ 5000230c (sz=32, trace=301786, class=Point@5000255b)
ARR 5000230d (sz=80, trace=301396, nelems=6, elem type=java.util.concurrent.ConcurrentHashMap$Node[]@5000001f)
	[5]		5000230e
OBJ 5000230e (sz=32, trace=301397, class=java.util.concurrent.ConcurrentHashMap$Node@50000020)
	key		5000212e
	val		5000195f
ARR 5000230f (sz=80, trace=301398, nelems=6, elem type=java.util.concurrent.ConcurrentHashMap$Node[]@5000001f)
	[5]		50002310
OBJ 50002310 (sz=32, trace=301399, class=java.util.concurrent.ConcurrentHashMap$Node@50000020)
	key		5000212e
	val		50002139
OBJ 50002313 (sz=16, trace=301401, class=java.util.Currency$CurrencyNameGetter@50002312)
OBJ 50002314 (sz=32, trace=301787, class=Line@50006f05)
OBJ 50002315 (sz=24, trace=301779, class=java.lang.String@5000016f)
ARR 50002316 (sz=88, trace=300326, nelems=0, elem type=char[])
OBJ 50002317 (sz=24, trace=301405, class=java.lang.String@5000016f)
	value		50002318
ARR 50002318 (sz=12, trace=301406, nelems=6, elem type=char[])
OBJ 50002319 (sz=24, trace=301497, class=java.util.ArrayList@500000c5)
OBJ 5000231a (sz=24, trace=301498, class=java.lang.String@5000016f)
ARR 5000231b (sz=32, trace=301499, nelems=0, elem type=char[])
OBJ 5000231c (sz=24, trace=301409, class=java.lang.String@5000016f)
	value		5000231d
ARR 5000231d (sz=64, trace=301410, nelems=32, elem type=char[])
ARR 5000231e (sz=56, trace=300281, nelems=0, elem type=java.lang.Object[]@5000010a)
OBJ 5000231f (sz=24, trace=301498, class=java.lang.String@5000016f)
ARR 50002320 (sz=32, trace=301499, nelems=0, elem type=char[])
OBJ 50002321 (sz=24, trace=301498, class=java.lang.String@5000016f)
ARR 50002322 (sz=32, trace=301499, nelems=0, elem type=char[])
OBJ 50002323 (sz=24, trace=301500, class=java.lang.String@5000016f)
ARR 50002324 (sz=32, trace=301501, nelems=0, elem type=char[])
ARR 50002325 (sz=32, trace=301780, nelems=0, elem type=java.lang.String[]@500000cf)
OBJ 50002326 (sz=40, trace=301504, class=java.util.ArrayList$SubList@5000248a)
OBJ 50002327 (sz=40, trace=301506, class=java.util.ArrayList$SubList$1@5000248d)
ARR 50002328 (sz=32, trace=301781, nelems=0, elem type=char[])
OBJ 50002329 (sz=32, trace=301535, class=sun.misc.FloatingDecimal$ASCIIToBinaryBuffer@500024ac)
ARR 5000232a (sz=32, trace=301782, nelems=0, elem type=char[])
OBJ 5000232b (sz=16, trace=300114, class=java.lang.Object@50000173)
OBJ 5000232c (sz=32, trace=300593, class=java.util.concurrent.ConcurrentHashMap$Node@50000020)
	key		5000231c
	val		5000232b
OBJ 5000232d (sz=16, trace=300117, class=java.lang.Object@50000173)
OBJ 5000232e (sz=32, trace=300593, class=java.util.concurrent.ConcurrentHashMap$Node@50000020)
	key		5000231c
	val		5000232d
OBJ 50002332 (sz=32, trace=301535, class=sun.misc.FloatingDecimal$ASCIIToBinaryBuffer@500024ac)
OBJ 50002333 (sz=56, trace=300180, class=java.lang.Class$ReflectionData@500000b6)
OBJ 50002334 (sz=40, trace=300041, class=java.lang.ref.SoftReference@50000153)
OBJ 50002335 (sz=80, trace=300181, class=java.lang.reflect.Constructor@5000013f)
OBJ 50002336 (sz=32, trace=301783, class=Point@5000255b)
OBJ 50002337 (sz=24, trace=300183, class=sun.reflect.NativeConstructorAccessorImpl@5000009f)
OBJ 50002338 (sz=16, trace=300184, class=sun.reflect.DelegatingConstructorAccessorImpl@5000009e)
OBJ 50002339 (sz=48, trace=301416, class=sun.util.resources.CurrencyNames@50002331)
	locale		500095e4
	name		5000231c
	cacheKey	5000a3ef
OBJ 5000233a (sz=32, trace=301131, class=java.util.ResourceBundle$LoaderReference@50001f30)
	referent	50001f1f
	queue		50001bb7
	cacheKey	5000a3ef
OBJ 5000233b (sz=48, trace=301140, class=java.util.ResourceBundle$BundleReference@50001f67)
	referent	50002339
	queue		50001bb7
	cacheKey	5000a3ef
OBJ 5000233c (sz=32, trace=301142, class=java.util.concurrent.ConcurrentHashMap$Node@50000020)
	key		5000a3ef
	val		5000233b
ARR 5000233d (sz=32, trace=301784, nelems=0, elem type=char[])
OBJ 5000233e (sz=32, trace=301535, class=sun.misc.FloatingDecimal$ASCIIToBinaryBuffer@500024ac)
ARR 5000233f (sz=32, trace=301785, nelems=0, elem type=char[])
OBJ 50002340 (sz=32, trace=301535, class=sun.misc.FloatingDecimal$ASCIIToBinaryBuffer@500024ac)
OBJ 50002341 (sz=32, trace=301786, class=Point@5000255b)
OBJ 50002342 (sz=32, trace=301787, class=Line@50006f05)
OBJ 50002343 (sz=24, trace=301779, class=java.lang.String@5000016f)
ARR 50002344 (sz=88, trace=300326, nelems=0, elem type=char[])
OBJ 50002345 (sz=24, trace=301497, class=java.util.ArrayList@500000c5)
OBJ 50002346 (sz=24, trace=301498, class=java.lang.String@5000016f)
ARR 50002347 (sz=32, trace=301499, nelems=0, elem type=char[])
ARR 50002348 (sz=56, trace=300281, nelems=0, elem type=java.lang.Object[]@5000010a)
OBJ 50002349 (sz=24, trace=301498, class=java.lang.String@5000016f)
OBJ 5000234a (sz=24, trace=301153, class=java.lang.String@5000016f)
	value		5000234b
ARR 5000234b (sz=82, trace=301154, nelems=41, elem type=char[])
OBJ 5000234c (sz=16, trace=300114, class=java.lang.Object@50000173)
OBJ 5000234d (sz=32, trace=300116, class=java.util.concurrent.ConcurrentHashMap$Node@50000020)
	key		5000234a
	val		5000234c
OBJ 5000234e (sz=16, trace=300117, class=java.lang.Object@50000173)
OBJ 5000234f (sz=32, trace=300116, class=java.util.concurrent.ConcurrentHashMap$Node@50000020)
	key		5000234a
	val		5000234e
ARR 50002351 (sz=32, trace=301499, nelems=0, elem type=char[])
OBJ 50002352 (sz=56, trace=300180, class=java.lang.Class$ReflectionData@500000b6)
OBJ 50002353 (sz=40, trace=300041, class=java.lang.ref.SoftReference@50000153)
OBJ 50002354 (sz=80, trace=300181, class=java.lang.reflect.Constructor@5000013f)
OBJ 50002355 (sz=24, trace=301498, class=java.lang.String@5000016f)
OBJ 50002356 (sz=24, trace=300183, class=sun.reflect.NativeConstructorAccessorImpl@5000009f)
OBJ 50002357 (sz=16, trace=300184, class=sun.reflect.DelegatingConstructorAccessorImpl@5000009e)
OBJ 50002358 (sz=48, trace=301417, class=sun.util.resources.en.CurrencyNames_en_US@50002350)
	parent		50002339
	locale		500095e3
	name		5000231c
	cacheKey	5000a3f5
	lookup		5000235e
OBJ 50002359 (sz=32, trace=301131, class=java.util.ResourceBundle$LoaderReference@50001f30)
	referent	50001f1f
	queue		50001bb7
	cacheKey	5000a3f5
OBJ 5000235a (sz=48, trace=301140, class=java.util.ResourceBundle$BundleReference@50001f67)
	referent	50002358
	queue		50001bb7
	cacheKey	5000a3f5
OBJ 5000235b (sz=32, trace=301142, class=java.util.concurrent.ConcurrentHashMap$Node@50000020)
	key		5000a3f5
	val		5000235a
ARR 5000235c (sz=32, trace=301499, nelems=0, elem type=char[])
OBJ 5000235d (sz=24, trace=301500, class=java.lang.String@5000016f)
OBJ 5000235e (sz=48, trace=301420, class=java.util.HashMap@500000ba)
	keySet		50002363
	table		50002361
ARR 5000235f (sz=32, trace=301501, nelems=0, elem type=char[])
OBJ 50002360 (sz=32, trace=300283, class=java.util.HashMap$Node@500000b9)
	key		5000a3f7
	value		5000a3f6
ARR 50002361 (sz=24, trace=301422, nelems=2, elem type=java.util.HashMap$Node[]@500000b8)
	[1]		50002360
OBJ 50002363 (sz=16, trace=301424, class=java.util.HashMap$KeySet@50002362)
	this$0		5000235e
OBJ 50002364 (sz=48, trace=301425, class=sun.util.locale.provider.LocaleResources$ResourceReference@50001fb2)
	referent	5000a3f6
	queue		50001b93
	cacheKey	50002317
OBJ 50002365 (sz=32, trace=301426, class=java.util.concurrent.ConcurrentHashMap$Node@50000020)
	key		50002317
	val		50002364
ARR 50002369 (sz=16, trace=301429, nelems=0, elem type=java.text.FieldPosition[]@50002368)
ARR 5000236a (sz=32, trace=301780, nelems=0, elem type=java.lang.String[]@500000cf)
ARR 5000236c (sz=38, trace=301432, nelems=19, elem type=char[])
OBJ 5000236d (sz=40, trace=301504, class=java.util.ArrayList$SubList@5000248a)
OBJ 5000236e (sz=40, trace=301506, class=java.util.ArrayList$SubList$1@5000248d)
OBJ 50002370 (sz=24, trace=301436, class=java.math.RoundingMode@5000236f)
	name		5000a43e
OBJ 50002371 (sz=24, trace=301437, class=java.math.RoundingMode@5000236f)
	name		5000a43f
OBJ 50002372 (sz=24, trace=301438, class=java.math.RoundingMode@5000236f)
	name		5000a440
OBJ 50002373 (sz=24, trace=301439, class=java.math.RoundingMode@5000236f)
	name		5000a441
OBJ 50002374 (sz=24, trace=301440, class=java.math.RoundingMode@5000236f)
	name		5000a442
OBJ 50002375 (sz=24, trace=301441, class=java.math.RoundingMode@5000236f)
	name		5000a443
OBJ 50002376 (sz=24, trace=301442, class=java.math.RoundingMode@5000236f)
	name		5000a444
OBJ 50002377 (sz=24, trace=301443, class=java.math.RoundingMode@5000236f)
	name		5000a445
ARR 50002379 (sz=48, trace=301444, nelems=8, elem type=java.math.RoundingMode[]@50002378)
	[0]		50002370
	[1]		50002371
	[2]		50002372
	[3]		50002373
	[4]		50002374
	[5]		50002375
	[6]		50002376
	[7]		50002377
ARR 5000237a (sz=32, trace=301781, nelems=0, elem type=char[])
OBJ 5000237b (sz=32, trace=301535, class=sun.misc.FloatingDecimal$ASCIIToBinaryBuffer@500024ac)
ARR 5000237c (sz=32, trace=301782, nelems=0, elem type=char[])
OBJ 5000237d (sz=32, trace=301535, class=sun.misc.FloatingDecimal$ASCIIToBinaryBuffer@500024ac)
OBJ 5000237e (sz=32, trace=301783, class=Point@5000255b)
ARR 5000237f (sz=32, trace=301784, nelems=0, elem type=char[])
OBJ 50002380 (sz=32, trace=301535, class=sun.misc.FloatingDecimal$ASCIIToBinaryBuffer@500024ac)
ARR 50002381 (sz=32, trace=301785, nelems=0, elem type=char[])
OBJ 50002382 (sz=32, trace=301535, class=sun.misc.FloatingDecimal$ASCIIToBinaryBuffer@500024ac)
OBJ 50002383 (sz=32, trace=301786, class=Point@5000255b)
OBJ 50002384 (sz=32, trace=301787, class=Line@50006f05)
ARR 50002385 (sz=152, trace=300281, nelems=0, elem type=java.lang.Object[]@5000010a)
OBJ 50002386 (sz=24, trace=301779, class=java.lang.String@5000016f)
ARR 50002387 (sz=88, trace=300326, nelems=0, elem type=char[])
OBJ 50002388 (sz=24, trace=301497, class=java.util.ArrayList@500000c5)
OBJ 50002389 (sz=24, trace=301498, class=java.lang.String@5000016f)
ARR 5000238a (sz=32, trace=301499, nelems=0, elem type=char[])
ARR 5000238b (sz=56, trace=300281, nelems=0, elem type=java.lang.Object[]@5000010a)
ARR 5000238c (sz=16, trace=301459, nelems=0, elem type=char[])
OBJ 5000238d (sz=24, trace=301460, class=java.lang.String@5000016f)
ARR 5000238e (sz=16, trace=301461, nelems=0, elem type=char[])
OBJ 5000238f (sz=24, trace=301462, class=java.lang.String@5000016f)
OBJ 50002390 (sz=24, trace=301498, class=java.lang.String@5000016f)
ARR 50002391 (sz=32, trace=301499, nelems=0, elem type=char[])
ARR 50002392 (sz=16, trace=301465, nelems=0, elem type=char[])
OBJ 50002393 (sz=24, trace=301466, class=java.lang.String@5000016f)
OBJ 50002394 (sz=24, trace=301498, class=java.lang.String@5000016f)
ARR 50002395 (sz=32, trace=301499, nelems=0, elem type=char[])
OBJ 50002396 (sz=24, trace=301500, class=java.lang.String@5000016f)
ARR 50002397 (sz=32, trace=301501, nelems=0, elem type=char[])
ARR 50002398 (sz=32, trace=301780, nelems=0, elem type=java.lang.String[]@500000cf)
OBJ 50002399 (sz=40, trace=301504, class=java.util.ArrayList$SubList@5000248a)
OBJ 5000239a (sz=40, trace=301506, class=java.util.ArrayList$SubList$1@5000248d)
OBJ 5000239b (sz=24, trace=301470, class=java.lang.String@5000016f)
ARR 5000239c (sz=24, trace=301471, nelems=0, elem type=char[])
ARR 5000239d (sz=32, trace=301781, nelems=0, elem type=char[])
OBJ 5000239e (sz=32, trace=301535, class=sun.misc.FloatingDecimal$ASCIIToBinaryBuffer@500024ac)
OBJ 5000239f (sz=24, trace=301474, class=java.lang.String@5000016f)
ARR 500023a0 (sz=24, trace=301475, nelems=0, elem type=char[])
ARR 500023a1 (sz=32, trace=301782, nelems=0, elem type=char[])
OBJ 500023a2 (sz=32, trace=301535, class=sun.misc.FloatingDecimal$ASCIIToBinaryBuffer@500024ac)
OBJ 500023a3 (sz=24, trace=301478, class=java.lang.String@5000016f)
ARR 500023a4 (sz=32, trace=301479, nelems=0, elem type=char[])
OBJ 500023a5 (sz=32, trace=301783, class=Point@5000255b)
ARR 500023a6 (sz=32, trace=301784, nelems=0, elem type=char[])
OBJ 500023a7 (sz=24, trace=301482, class=java.lang.String@5000016f)
ARR 500023a8 (sz=32, trace=301483, nelems=0, elem type=char[])
OBJ 500023a9 (sz=32, trace=301535, class=sun.misc.FloatingDecimal$ASCIIToBinaryBuffer@500024ac)
ARR 500023aa (sz=32, trace=301785, nelems=0, elem type=char[])
OBJ 500023ab (sz=24, trace=301486, class=java.lang.String@5000016f)
ARR 500023ac (sz=32, trace=301487, nelems=0, elem type=char[])
OBJ 500023ad (sz=16, trace=300114, class=java.lang.Object@50000173)
OBJ 500023ae (sz=32, trace=300116, class=java.util.concurrent.ConcurrentHashMap$Node@50000020)
	key		50009f2c
	val		500023ad
OBJ 500023af (sz=16, trace=300117, class=java.lang.Object@50000173)
OBJ 500023b0 (sz=32, trace=300116, class=java.util.concurrent.ConcurrentHashMap$Node@50000020)
	key		50009f2c
	val		500023af
OBJ 500023b1 (sz=32, trace=301535, class=sun.misc.FloatingDecimal$ASCIIToBinaryBuffer@500024ac)
OBJ 500023b2 (sz=32, trace=301786, class=Point@5000255b)
OBJ 500023b3 (sz=32, trace=301787, class=Line@50006f05)
OBJ 500023b4 (sz=24, trace=301779, class=java.lang.String@5000016f)
ARR 500023b5 (sz=88, trace=300326, nelems=0, elem type=char[])
OBJ 500023b6 (sz=24, trace=301497, class=java.util.ArrayList@500000c5)
OBJ 500023b7 (sz=24, trace=301498, class=java.lang.String@5000016f)
ARR 500023b8 (sz=32, trace=301499, nelems=0, elem type=char[])
ARR 500023b9 (sz=56, trace=300281, nelems=0, elem type=java.lang.Object[]@5000010a)
OBJ 500023ba (sz=24, trace=301498, class=java.lang.String@5000016f)
ARR 500023bb (sz=32, trace=301499, nelems=0, elem type=char[])
OBJ 500023bc (sz=24, trace=301498, class=java.lang.String@5000016f)
ARR 500023bd (sz=32, trace=301499, nelems=0, elem type=char[])
OBJ 500023be (sz=24, trace=301500, class=java.lang.String@5000016f)
ARR 500023bf (sz=32, trace=301501, nelems=0, elem type=char[])
ARR 500023c0 (sz=32, trace=301780, nelems=0, elem type=java.lang.String[]@500000cf)
OBJ 500023c1 (sz=40, trace=301504, class=java.util.ArrayList$SubList@5000248a)
OBJ 500023c2 (sz=40, trace=301506, class=java.util.ArrayList$SubList$1@5000248d)
ARR 500023c3 (sz=32, trace=301781, nelems=0, elem type=char[])
OBJ 500023c4 (sz=32, trace=301535, class=sun.misc.FloatingDecimal$ASCIIToBinaryBuffer@500024ac)
ARR 500023c5 (sz=32, trace=301782, nelems=0, elem type=char[])
OBJ 500023c6 (sz=32, trace=301535, class=sun.misc.FloatingDecimal$ASCIIToBinaryBuffer@500024ac)
OBJ 500023c7 (sz=32, trace=301783, class=Point@5000255b)
ARR 500023c8 (sz=32, trace=301784, nelems=0, elem type=char[])
OBJ 500023c9 (sz=32, trace=301535, class=sun.misc.FloatingDecimal$ASCIIToBinaryBuffer@500024ac)
ARR 500023ca (sz=32, trace=301785, nelems=0, elem type=char[])
OBJ 500023cb (sz=32, trace=301535, class=sun.misc.FloatingDecimal$ASCIIToBinaryBuffer@500024ac)
OBJ 500023cc (sz=32, trace=301786, class=Point@5000255b)
OBJ 500023cd (sz=32, trace=301787, class=Line@50006f05)
OBJ 500023ce (sz=24, trace=301779, class=java.lang.String@5000016f)
ARR 500023cf (sz=88, trace=300326, nelems=0, elem type=char[])
OBJ 500023d0 (sz=24, trace=301497, class=java.util.ArrayList@500000c5)
OBJ 500023d1 (sz=24, trace=301498, class=java.lang.String@5000016f)
ARR 500023d2 (sz=32, trace=301499, nelems=0, elem type=char[])
ARR 500023d3 (sz=56, trace=300281, nelems=0, elem type=java.lang.Object[]@5000010a)
OBJ 500023d4 (sz=24, trace=301498, class=java.lang.String@5000016f)
ARR 500023d5 (sz=32, trace=301499, nelems=0, elem type=char[])
OBJ 500023d6 (sz=24, trace=301498, class=java.lang.String@5000016f)
ARR 500023d7 (sz=32, trace=301499, nelems=0, elem type=char[])
OBJ 500023d8 (sz=24, trace=301500, class=java.lang.String@5000016f)
ARR 500023d9 (sz=32, trace=301501, nelems=0, elem type=char[])
ARR 500023da (sz=32, trace=301780, nelems=0, elem type=java.lang.String[]@500000cf)
OBJ 500023db (sz=40, trace=301504, class=java.util.ArrayList$SubList@5000248a)
OBJ 500023dc (sz=40, trace=301506, class=java.util.ArrayList$SubList$1@5000248d)
ARR 500023dd (sz=32, trace=301781, nelems=0, elem type=char[])
OBJ 500023de (sz=32, trace=301535, class=sun.misc.FloatingDecimal$ASCIIToBinaryBuffer@500024ac)
ARR 500023df (sz=32, trace=301782, nelems=0, elem type=char[])
OBJ 500023e0 (sz=32, trace=301535, class=sun.misc.FloatingDecimal$ASCIIToBinaryBuffer@500024ac)
OBJ 500023e1 (sz=32, trace=301783, class=Point@5000255b)
ARR 500023e2 (sz=32, trace=301784, nelems=0, elem type=char[])
OBJ 500023e3 (sz=32, trace=301535, class=sun.misc.FloatingDecimal$ASCIIToBinaryBuffer@500024ac)
ARR 500023e4 (sz=32, trace=301785, nelems=0, elem type=char[])
OBJ 500023e5 (sz=32, trace=301535, class=sun.misc.FloatingDecimal$ASCIIToBinaryBuffer@500024ac)
OBJ 500023e6 (sz=32, trace=301786, class=Point@5000255b)
OBJ 500023e7 (sz=32, trace=301787, class=Line@50006f05)
OBJ 500023e8 (sz=24, trace=301779, class=java.lang.String@5000016f)
ARR 500023e9 (sz=88, trace=300326, nelems=0, elem type=char[])
OBJ 500023ea (sz=24, trace=301497, class=java.util.ArrayList@500000c5)
OBJ 500023eb (sz=24, trace=301498, class=java.lang.String@5000016f)
ARR 500023ec (sz=32, trace=301499, nelems=0, elem type=char[])
ARR 500023ed (sz=56, trace=300281, nelems=0, elem type=java.lang.Object[]@5000010a)
OBJ 500023ee (sz=24, trace=301498, class=java.lang.String@5000016f)
ARR 500023ef (sz=32, trace=301499, nelems=0, elem type=char[])
OBJ 500023f0 (sz=24, trace=301498, class=java.lang.String@5000016f)
ARR 500023f1 (sz=32, trace=301499, nelems=0, elem type=char[])
OBJ 500023f2 (sz=24, trace=301500, class=java.lang.String@5000016f)
ARR 500023f3 (sz=32, trace=301501, nelems=0, elem type=char[])
ARR 500023f4 (sz=32, trace=301780, nelems=0, elem type=java.lang.String[]@500000cf)
OBJ 500023f5 (sz=40, trace=301504, class=java.util.ArrayList$SubList@5000248a)
OBJ 500023f6 (sz=40, trace=301506, class=java.util.ArrayList$SubList$1@5000248d)
ARR 500023f7 (sz=32, trace=301781, nelems=0, elem type=char[])
OBJ 500023f8 (sz=32, trace=301535, class=sun.misc.FloatingDecimal$ASCIIToBinaryBuffer@500024ac)
ARR 500023f9 (sz=32, trace=301782, nelems=0, elem type=char[])
OBJ 500023fa (sz=32, trace=301535, class=sun.misc.FloatingDecimal$ASCIIToBinaryBuffer@500024ac)
OBJ 500023fb (sz=32, trace=301783, class=Point@5000255b)
ARR 500023fc (sz=32, trace=301784, nelems=0, elem type=char[])
OBJ 500023fd (sz=32, trace=301535, class=sun.misc.FloatingDecimal$ASCIIToBinaryBuffer@500024ac)
ARR 500023fe (sz=32, trace=301785, nelems=0, elem type=char[])
OBJ 500023ff (sz=32, trace=301535, class=sun.misc.FloatingDecimal$ASCIIToBinaryBuffer@500024ac)
OBJ 50002400 (sz=32, trace=301786, class=Point@5000255b)
OBJ 50002401 (sz=32, trace=301787, class=Line@50006f05)
OBJ 50002402 (sz=24, trace=301779, class=java.lang.String@5000016f)
ARR 50002403 (sz=88, trace=300326, nelems=0, elem type=char[])
OBJ 50002404 (sz=24, trace=301497, class=java.util.ArrayList@500000c5)
OBJ 50002405 (sz=24, trace=301498, class=java.lang.String@5000016f)
ARR 50002406 (sz=32, trace=301499, nelems=0, elem type=char[])
ARR 50002407 (sz=56, trace=300281, nelems=0, elem type=java.lang.Object[]@5000010a)
OBJ 50002408 (sz=24, trace=301498, class=java.lang.String@5000016f)
ARR 50002409 (sz=32, trace=301499, nelems=0, elem type=char[])
OBJ 5000240a (sz=24, trace=301498, class=java.lang.String@5000016f)
ARR 5000240b (sz=32, trace=301499, nelems=0, elem type=char[])
OBJ 5000240c (sz=24, trace=301500, class=java.lang.String@5000016f)
ARR 5000240d (sz=32, trace=301501, nelems=0, elem type=char[])
ARR 5000240e (sz=32, trace=301780, nelems=0, elem type=java.lang.String[]@500000cf)
OBJ 5000240f (sz=40, trace=301504, class=java.util.ArrayList$SubList@5000248a)
OBJ 50002410 (sz=40, trace=301506, class=java.util.ArrayList$SubList$1@5000248d)
ARR 50002411 (sz=32, trace=301781, nelems=0, elem type=char[])
OBJ 50002412 (sz=32, trace=301535, class=sun.misc.FloatingDecimal$ASCIIToBinaryBuffer@500024ac)
ARR 50002413 (sz=32, trace=301782, nelems=0, elem type=char[])
OBJ 50002414 (sz=32, trace=301535, class=sun.misc.FloatingDecimal$ASCIIToBinaryBuffer@500024ac)
OBJ 50002415 (sz=32, trace=301783, class=Point@5000255b)
ARR 50002416 (sz=32, trace=301784, nelems=0, elem type=char[])
OBJ 50002417 (sz=32, trace=301535, class=sun.misc.FloatingDecimal$ASCIIToBinaryBuffer@500024ac)
ARR 50002418 (sz=32, trace=301785, nelems=0, elem type=char[])
OBJ 50002419 (sz=32, trace=301535, class=sun.misc.FloatingDecimal$ASCIIToBinaryBuffer@500024ac)
OBJ 5000241a (sz=32, trace=301786, class=Point@5000255b)
OBJ 5000241b (sz=32, trace=301787, class=Line@50006f05)
OBJ 5000241c (sz=24, trace=301779, class=java.lang.String@5000016f)
ARR 5000241d (sz=88, trace=300326, nelems=0, elem type=char[])
OBJ 5000241e (sz=24, trace=301497, class=java.util.ArrayList@500000c5)
OBJ 5000241f (sz=24, trace=301498, class=java.lang.String@5000016f)
ARR 50002420 (sz=32, trace=301499, nelems=0, elem type=char[])
ARR 50002421 (sz=56, trace=300281, nelems=0, elem type=java.lang.Object[]@5000010a)
OBJ 50002422 (sz=24, trace=301498, class=java.lang.String@5000016f)
ARR 50002423 (sz=32, trace=301499, nelems=0, elem type=char[])
OBJ 50002424 (sz=24, trace=301498, class=java.lang.String@5000016f)
ARR 50002425 (sz=32, trace=301499, nelems=0, elem type=char[])
OBJ 50002426 (sz=24, trace=301500, class=java.lang.String@5000016f)
ARR 50002427 (sz=32, trace=301501, nelems=0, elem type=char[])
ARR 50002428 (sz=32, trace=301780, nelems=0, elem type=java.lang.String[]@500000cf)
OBJ 50002429 (sz=40, trace=301504, class=java.util.ArrayList$SubList@5000248a)
OBJ 5000242a (sz=40, trace=301506, class=java.util.ArrayList$SubList$1@5000248d)
ARR 5000242b (sz=32, trace=301781, nelems=0, elem type=char[])
OBJ 5000242c (sz=32, trace=301535, class=sun.misc.FloatingDecimal$ASCIIToBinaryBuffer@500024ac)
ARR 5000242d (sz=32, trace=301782, nelems=0, elem type=char[])
OBJ 5000242e (sz=32, trace=301535, class=sun.misc.FloatingDecimal$ASCIIToBinaryBuffer@500024ac)
OBJ 5000242f (sz=32, trace=301783, class=Point@5000255b)
ARR 50002430 (sz=32, trace=301784, nelems=0, elem type=char[])
OBJ 50002431 (sz=32, trace=301535, class=sun.misc.FloatingDecimal$ASCIIToBinaryBuffer@500024ac)
ARR 50002432 (sz=32, trace=301785, nelems=0, elem type=char[])
OBJ 50002433 (sz=32, trace=301535, class=sun.misc.FloatingDecimal$ASCIIToBinaryBuffer@500024ac)
OBJ 50002434 (sz=32, trace=301786, class=Point@5000255b)
OBJ 50002435 (sz=32, trace=301787, class=Line@50006f05)
OBJ 50002436 (sz=24, trace=301779, class=java.lang.String@5000016f)
ARR 50002437 (sz=88, trace=300326, nelems=0, elem type=char[])
OBJ 50002438 (sz=24, trace=301497, class=java.util.ArrayList@500000c5)
OBJ 50002439 (sz=24, trace=301498, class=java.lang.String@5000016f)
ARR 5000243a (sz=32, trace=301499, nelems=0, elem type=char[])
ARR 5000243b (sz=56, trace=300281, nelems=0, elem type=java.lang.Object[]@5000010a)
OBJ 5000243c (sz=24, trace=301498, class=java.lang.String@5000016f)
OBJ 5000243d (sz=24, trace=300376, class=java.lang.String@5000016f)
ARR 5000243e (sz=208, trace=300095, nelems=0, elem type=char[])
ARR 5000243f (sz=32, trace=301499, nelems=0, elem type=char[])
OBJ 50002440 (sz=24, trace=301498, class=java.lang.String@5000016f)
ARR 50002441 (sz=32, trace=301499, nelems=0, elem type=char[])
OBJ 50002442 (sz=24, trace=301500, class=java.lang.String@5000016f)
ARR 50002443 (sz=32, trace=301501, nelems=0, elem type=char[])
OBJ 50002444 (sz=32, trace=300701, class=java.io.FileInputStream@50000089)
ARR 50002445 (sz=32, trace=301780, nelems=0, elem type=java.lang.String[]@500000cf)
OBJ 50002446 (sz=16, trace=300702, class=java.lang.Object@50000173)
OBJ 50002447 (sz=32, trace=300703, class=java.io.FileDescriptor@50000088)
OBJ 50002448 (sz=40, trace=301504, class=java.util.ArrayList$SubList@5000248a)
OBJ 50002449 (sz=40, trace=301506, class=java.util.ArrayList$SubList$1@5000248d)
ARR 5000244a (sz=32, trace=301781, nelems=0, elem type=char[])
OBJ 5000244b (sz=32, trace=301535, class=sun.misc.FloatingDecimal$ASCIIToBinaryBuffer@500024ac)
ARR 5000244c (sz=32, trace=301782, nelems=0, elem type=char[])
OBJ 5000244d (sz=32, trace=301535, class=sun.misc.FloatingDecimal$ASCIIToBinaryBuffer@500024ac)
OBJ 5000244e (sz=32, trace=301783, class=Point@5000255b)
ARR 5000244f (sz=32, trace=301784, nelems=0, elem type=char[])
OBJ 50002450 (sz=32, trace=301535, class=sun.misc.FloatingDecimal$ASCIIToBinaryBuffer@500024ac)
ARR 50002451 (sz=32, trace=301785, nelems=0, elem type=char[])
OBJ 50002452 (sz=32, trace=301535, class=sun.misc.FloatingDecimal$ASCIIToBinaryBuffer@500024ac)
OBJ 50002453 (sz=32, trace=301786, class=Point@5000255b)
OBJ 50002454 (sz=32, trace=301787, class=Line@50006f05)
OBJ 50002455 (sz=24, trace=301779, class=java.lang.String@5000016f)
OBJ 50002457 (sz=16, trace=300114, class=java.lang.Object@50000173)
OBJ 50002458 (sz=32, trace=300593, class=java.util.concurrent.ConcurrentHashMap$Node@50000020)
	key		50009f24
	val		50002457
	next		5000246f
OBJ 50002459 (sz=16, trace=300117, class=java.lang.Object@50000173)
OBJ 5000245a (sz=32, trace=300593, class=java.util.concurrent.ConcurrentHashMap$Node@50000020)
	key		50009f24
	val		50002459
	next		50002471
OBJ 5000245b (sz=16, trace=300114, class=java.lang.Object@50000173)
OBJ 5000245c (sz=32, trace=300593, class=java.util.concurrent.ConcurrentHashMap$Node@50000020)
	key		50009f52
	val		5000245b
OBJ 5000245d (sz=16, trace=300117, class=java.lang.Object@50000173)
OBJ 5000245e (sz=32, trace=300593, class=java.util.concurrent.ConcurrentHashMap$Node@50000020)
	key		50009f52
	val		5000245d
OBJ 50002460 (sz=16, trace=300114, class=java.lang.Object@50000173)
OBJ 50002461 (sz=32, trace=300116, class=java.util.concurrent.ConcurrentHashMap$Node@50000020)
	key		50009f58
	val		50002460
OBJ 50002462 (sz=16, trace=300117, class=java.lang.Object@50000173)
OBJ 50002463 (sz=32, trace=300116, class=java.util.concurrent.ConcurrentHashMap$Node@50000020)
	key		50009f58
	val		50002462
OBJ 50002464 (sz=16, trace=300114, class=java.lang.Object@50000173)
OBJ 50002465 (sz=32, trace=300116, class=java.util.concurrent.ConcurrentHashMap$Node@50000020)
	key		50009f3a
	val		50002464
	next		50006cc4
OBJ 50002466 (sz=16, trace=300117, class=java.lang.Object@50000173)
OBJ 50002467 (sz=32, trace=300116, class=java.util.concurrent.ConcurrentHashMap$Node@50000020)
	key		50009f3a
	val		50002466
	next		50006cc6
OBJ 50002469 (sz=16, trace=300114, class=java.lang.Object@50000173)
OBJ 5000246a (sz=32, trace=300116, class=java.util.concurrent.ConcurrentHashMap$Node@50000020)
	key		50009f4c
	val		50002469
OBJ 5000246b (sz=16, trace=300117, class=java.lang.Object@50000173)
OBJ 5000246c (sz=32, trace=300116, class=java.util.concurrent.ConcurrentHashMap$Node@50000020)
	key		50009f4c
	val		5000246b
OBJ 5000246d (sz=24, trace=301488, class=java.util.ArrayList@500000c5)
OBJ 5000246e (sz=16, trace=300114, class=java.lang.Object@50000173)
OBJ 5000246f (sz=32, trace=300593, class=java.util.concurrent.ConcurrentHashMap$Node@50000020)
	key		50009f26
	val		5000246e
OBJ 50002470 (sz=16, trace=300117, class=java.lang.Object@50000173)
OBJ 50002471 (sz=32, trace=300593, class=java.util.concurrent.ConcurrentHashMap$Node@50000020)
	key		50009f26
	val		50002470
ARR 50002472 (sz=88, trace=300326, nelems=0, elem type=char[])
OBJ 50002473 (sz=32, trace=301490, class=java.io.FileInputStream@50000089)
OBJ 50002474 (sz=24, trace=301497, class=java.util.ArrayList@500000c5)
OBJ 50002475 (sz=16, trace=301491, class=java.lang.Object@50000173)
OBJ 50002476 (sz=32, trace=301492, class=java.io.FileDescriptor@50000088)
OBJ 50002477 (sz=24, trace=301498, class=java.lang.String@5000016f)
ARR 50002478 (sz=32, trace=301499, nelems=0, elem type=char[])
ARR 50002479 (sz=56, trace=300281, nelems=0, elem type=java.lang.Object[]@5000010a)
OBJ 5000247a (sz=24, trace=301498, class=java.lang.String@5000016f)
ARR 5000247b (sz=32, trace=301499, nelems=0, elem type=char[])
OBJ 5000247c (sz=24, trace=301498, class=java.lang.String@5000016f)
ARR 5000247d (sz=32, trace=301499, nelems=0, elem type=char[])
OBJ 5000247e (sz=24, trace=301500, class=java.lang.String@5000016f)
ARR 5000247f (sz=32, trace=301501, nelems=0, elem type=char[])
ARR 50002480 (sz=32, trace=301780, nelems=0, elem type=java.lang.String[]@500000cf)
OBJ 50002481 (sz=40, trace=301504, class=java.util.ArrayList$SubList@5000248a)
OBJ 50002482 (sz=40, trace=301506, class=java.util.ArrayList$SubList$1@5000248d)
ARR 50002483 (sz=32, trace=301781, nelems=0, elem type=char[])
OBJ 50002484 (sz=32, trace=301535, class=sun.misc.FloatingDecimal$ASCIIToBinaryBuffer@500024ac)
ARR 50002485 (sz=32, trace=301782, nelems=0, elem type=char[])
OBJ 50002486 (sz=32, trace=301535, class=sun.misc.FloatingDecimal$ASCIIToBinaryBuffer@500024ac)
OBJ 50002487 (sz=32, trace=301783, class=Point@5000255b)
ARR 50002488 (sz=32, trace=301784, nelems=0, elem type=char[])
OBJ 50002489 (sz=32, trace=301535, class=sun.misc.FloatingDecimal$ASCIIToBinaryBuffer@500024ac)
ARR 5000248b (sz=32, trace=301785, nelems=0, elem type=char[])
OBJ 5000248e (sz=32, trace=301535, class=sun.misc.FloatingDecimal$ASCIIToBinaryBuffer@500024ac)
OBJ 5000248f (sz=16, trace=300114, class=java.lang.Object@50000173)
OBJ 50002490 (sz=32, trace=300116, class=java.util.concurrent.ConcurrentHashMap$Node@50000020)
	key		50009f4e
	val		5000248f
OBJ 50002491 (sz=16, trace=300117, class=java.lang.Object@50000173)
OBJ 50002492 (sz=32, trace=300116, class=java.util.concurrent.ConcurrentHashMap$Node@50000020)
	key		50009f4e
	val		50002491
OBJ 50002496 (sz=24, trace=301509, class=sun.misc.FloatingDecimal$ExceptionalBinaryToASCIIBuffer@50002495)
	image		5000964a
OBJ 50002497 (sz=24, trace=301510, class=sun.misc.FloatingDecimal$ExceptionalBinaryToASCIIBuffer@50002495)
	image		50009652
OBJ 50002498 (sz=24, trace=301511, class=sun.misc.FloatingDecimal$ExceptionalBinaryToASCIIBuffer@50002495)
	image		50009649
ARR 5000249a (sz=256, trace=301513, nelems=64, elem type=int[])
ARR 5000249b (sz=108, trace=301514, nelems=27, elem type=int[])
ARR 5000249c (sz=2, trace=301515, nelems=1, elem type=char[])
OBJ 5000249d (sz=40, trace=301516, class=sun.misc.FloatingDecimal$BinaryToASCIIBuffer@50002499)
	digits		5000249c
	buffer		5000249e
ARR 5000249e (sz=52, trace=301517, nelems=26, elem type=char[])
ARR 5000249f (sz=2, trace=301518, nelems=1, elem type=char[])
OBJ 500024a0 (sz=40, trace=301519, class=sun.misc.FloatingDecimal$BinaryToASCIIBuffer@50002499)
	digits		5000249f
	buffer		500024a1
ARR 500024a1 (sz=52, trace=301520, nelems=26, elem type=char[])
OBJ 500024a3 (sz=16, trace=301522, class=sun.misc.FloatingDecimal$1@500024a2)
OBJ 500024a6 (sz=24, trace=301524, class=sun.misc.FloatingDecimal$PreparedASCIIToBinaryBuffer@500024a5)
OBJ 500024a7 (sz=24, trace=301525, class=sun.misc.FloatingDecimal$PreparedASCIIToBinaryBuffer@500024a5)
OBJ 500024a8 (sz=24, trace=301526, class=sun.misc.FloatingDecimal$PreparedASCIIToBinaryBuffer@500024a5)
OBJ 500024a9 (sz=24, trace=301527, class=sun.misc.FloatingDecimal$PreparedASCIIToBinaryBuffer@500024a5)
OBJ 500024aa (sz=24, trace=301528, class=sun.misc.FloatingDecimal$PreparedASCIIToBinaryBuffer@500024a5)
OBJ 500024ab (sz=32, trace=301786, class=Point@5000255b)
ARR 500024ad (sz=184, trace=301531, nelems=23, elem type=double[])
ARR 500024ae (sz=44, trace=301532, nelems=11, elem type=float[])
ARR 500024af (sz=40, trace=301533, nelems=5, elem type=double[])
ARR 500024b0 (sz=40, trace=301534, nelems=5, elem type=double[])
OBJ 500024b1 (sz=32, trace=301787, class=Line@50006f05)
OBJ 500024b2 (sz=24, trace=301779, class=java.lang.String@5000016f)
ARR 500024b3 (sz=88, trace=300326, nelems=0, elem type=char[])
OBJ 500024b4 (sz=16, trace=300114, class=java.lang.Object@50000173)
OBJ 500024b5 (sz=32, trace=300593, class=java.util.concurrent.ConcurrentHashMap$Node@50000020)
	key		50009f36
	val		500024b4
OBJ 500024b6 (sz=16, trace=300117, class=java.lang.Object@50000173)
OBJ 500024b7 (sz=32, trace=300593, class=java.util.concurrent.ConcurrentHashMap$Node@50000020)
	key		50009f36
	val		500024b6
OBJ 500024b8 (sz=24, trace=301497, class=java.util.ArrayList@500000c5)
OBJ 500024b9 (sz=24, trace=301498, class=java.lang.String@5000016f)
ARR 500024ba (sz=32, trace=301499, nelems=0, elem type=char[])
ARR 500024bb (sz=56, trace=300281, nelems=0, elem type=java.lang.Object[]@5000010a)
OBJ 500024bc (sz=24, trace=301498, class=java.lang.String@5000016f)
ARR 500024bd (sz=32, trace=301499, nelems=0, elem type=char[])
OBJ 500024be (sz=24, trace=301498, class=java.lang.String@5000016f)
ARR 500024bf (sz=32, trace=301499, nelems=0, elem type=char[])
OBJ 500024c0 (sz=24, trace=301500, class=java.lang.String@5000016f)
ARR 500024c1 (sz=32, trace=301501, nelems=0, elem type=char[])
ARR 500024c2 (sz=32, trace=301780, nelems=0, elem type=java.lang.String[]@500000cf)
OBJ 500024c3 (sz=40, trace=301504, class=java.util.ArrayList$SubList@5000248a)
OBJ 500024c4 (sz=40, trace=301506, class=java.util.ArrayList$SubList$1@5000248d)
ARR 500024c5 (sz=32, trace=301781, nelems=0, elem type=char[])
OBJ 500024c6 (sz=32, trace=301535, class=sun.misc.FloatingDecimal$ASCIIToBinaryBuffer@500024ac)
ARR 500024c7 (sz=32, trace=301782, nelems=0, elem type=char[])
OBJ 500024c8 (sz=32, trace=301535, class=sun.misc.FloatingDecimal$ASCIIToBinaryBuffer@500024ac)
OBJ 500024c9 (sz=32, trace=301783, class=Point@5000255b)
ARR 500024ca (sz=32, trace=301784, nelems=0, elem type=char[])
OBJ 500024cb (sz=32, trace=301535, class=sun.misc.FloatingDecimal$ASCIIToBinaryBuffer@500024ac)
ARR 500024cc (sz=32, trace=301785, nelems=0, elem type=char[])
OBJ 500024cd (sz=32, trace=301535, class=sun.misc.FloatingDecimal$ASCIIToBinaryBuffer@500024ac)
OBJ 500024ce (sz=32, trace=301786, class=Point@5000255b)
OBJ 500024cf (sz=32, trace=301787, class=Line@50006f05)
OBJ 500024d0 (sz=24, trace=301779, class=java.lang.String@5000016f)
ARR 500024d1 (sz=88, trace=300326, nelems=0, elem type=char[])
OBJ 500024d2 (sz=24, trace=301497, class=java.util.ArrayList@500000c5)
OBJ 500024d3 (sz=24, trace=301498, class=java.lang.String@5000016f)
ARR 500024d4 (sz=32, trace=301499, nelems=0, elem type=char[])
ARR 500024d5 (sz=56, trace=300281, nelems=0, elem type=java.lang.Object[]@5000010a)
OBJ 500024d6 (sz=24, trace=301498, class=java.lang.String@5000016f)
ARR 500024d7 (sz=32, trace=301499, nelems=0, elem type=char[])
OBJ 500024d8 (sz=24, trace=301498, class=java.lang.String@5000016f)
ARR 500024d9 (sz=32, trace=301499, nelems=0, elem type=char[])
OBJ 500024da (sz=24, trace=301500, class=java.lang.String@5000016f)
ARR 500024db (sz=32, trace=301501, nelems=0, elem type=char[])
ARR 500024dc (sz=32, trace=301780, nelems=0, elem type=java.lang.String[]@500000cf)
OBJ 500024dd (sz=40, trace=301504, class=java.util.ArrayList$SubList@5000248a)
OBJ 500024de (sz=40, trace=301506, class=java.util.ArrayList$SubList$1@5000248d)
ARR 500024df (sz=32, trace=301781, nelems=0, elem type=char[])
OBJ 500024e0 (sz=32, trace=301535, class=sun.misc.FloatingDecimal$ASCIIToBinaryBuffer@500024ac)
ARR 500024e1 (sz=32, trace=301782, nelems=0, elem type=char[])
OBJ 500024e2 (sz=32, trace=301535, class=sun.misc.FloatingDecimal$ASCIIToBinaryBuffer@500024ac)
OBJ 500024e3 (sz=32, trace=301783, class=Point@5000255b)
ARR 500024e4 (sz=32, trace=301784, nelems=0, elem type=char[])
OBJ 500024e5 (sz=32, trace=301535, class=sun.misc.FloatingDecimal$ASCIIToBinaryBuffer@500024ac)
ARR 500024e6 (sz=32, trace=301785, nelems=0, elem type=char[])
OBJ 500024e7 (sz=32, trace=301535, class=sun.misc.FloatingDecimal$ASCIIToBinaryBuffer@500024ac)
OBJ 500024e8 (sz=32, trace=301786, class=Point@5000255b)
OBJ 500024e9 (sz=32, trace=301787, class=Line@50006f05)
OBJ 500024ea (sz=24, trace=301779, class=java.lang.String@5000016f)
ARR 500024eb (sz=88, trace=300326, nelems=0, elem type=char[])
OBJ 500024ec (sz=24, trace=301497, class=java.util.ArrayList@500000c5)
OBJ 500024ed (sz=24, trace=301498, class=java.lang.String@5000016f)
ARR 500024ee (sz=32, trace=301499, nelems=0, elem type=char[])
ARR 500024ef (sz=56, trace=300281, nelems=0, elem type=java.lang.Object[]@5000010a)
OBJ 500024f0 (sz=24, trace=301498, class=java.lang.String@5000016f)
ARR 500024f1 (sz=32, trace=301499, nelems=0, elem type=char[])
OBJ 500024f2 (sz=24, trace=301498, class=java.lang.String@5000016f)
ARR 500024f3 (sz=32, trace=301499, nelems=0, elem type=char[])
OBJ 500024f4 (sz=24, trace=301500, class=java.lang.String@5000016f)
ARR 500024f5 (sz=32, trace=301501, nelems=0, elem type=char[])
ARR 500024f6 (sz=32, trace=301780, nelems=0, elem type=java.lang.String[]@500000cf)
OBJ 500024f7 (sz=40, trace=301504, class=java.util.ArrayList$SubList@5000248a)
OBJ 500024f8 (sz=40, trace=301506, class=java.util.ArrayList$SubList$1@5000248d)
ARR 500024f9 (sz=32, trace=301781, nelems=0, elem type=char[])
OBJ 500024fa (sz=32, trace=301535, class=sun.misc.FloatingDecimal$ASCIIToBinaryBuffer@500024ac)
ARR 500024fb (sz=32, trace=301782, nelems=0, elem type=char[])
OBJ 500024fc (sz=32, trace=301535, class=sun.misc.FloatingDecimal$ASCIIToBinaryBuffer@500024ac)
OBJ 500024fd (sz=32, trace=301783, class=Point@5000255b)
ARR 500024fe (sz=32, trace=301784, nelems=0, elem type=char[])
OBJ 500024ff (sz=32, trace=301535, class=sun.misc.FloatingDecimal$ASCIIToBinaryBuffer@500024ac)
ARR 50002500 (sz=32, trace=301785, nelems=0, elem type=char[])
OBJ 50002501 (sz=32, trace=301535, class=sun.misc.FloatingDecimal$ASCIIToBinaryBuffer@500024ac)
OBJ 50002502 (sz=32, trace=301786, class=Point@5000255b)
OBJ 50002503 (sz=32, trace=301787, class=Line@50006f05)
ARR 50002504 (sz=216, trace=300281, nelems=0, elem type=java.lang.Object[]@5000010a)
OBJ 50002505 (sz=24, trace=301779, class=java.lang.String@5000016f)
ARR 50002506 (sz=88, trace=300326, nelems=0, elem type=char[])
OBJ 50002507 (sz=24, trace=301497, class=java.util.ArrayList@500000c5)
OBJ 50002508 (sz=24, trace=301498, class=java.lang.String@5000016f)
ARR 50002509 (sz=32, trace=301499, nelems=0, elem type=char[])
ARR 5000250a (sz=56, trace=300281, nelems=0, elem type=java.lang.Object[]@5000010a)
OBJ 5000250b (sz=24, trace=301498, class=java.lang.String@5000016f)
ARR 5000250c (sz=32, trace=301499, nelems=0, elem type=char[])
OBJ 5000250d (sz=24, trace=301498, class=java.lang.String@5000016f)
ARR 5000250e (sz=32, trace=301499, nelems=0, elem type=char[])
OBJ 5000250f (sz=24, trace=301500, class=java.lang.String@5000016f)
ARR 50002510 (sz=32, trace=301501, nelems=0, elem type=char[])
ARR 50002511 (sz=32, trace=301780, nelems=0, elem type=java.lang.String[]@500000cf)
OBJ 50002512 (sz=40, trace=301504, class=java.util.ArrayList$SubList@5000248a)
OBJ 50002513 (sz=40, trace=301506, class=java.util.ArrayList$SubList$1@5000248d)
ARR 50002514 (sz=32, trace=301781, nelems=0, elem type=char[])
OBJ 50002515 (sz=32, trace=301535, class=sun.misc.FloatingDecimal$ASCIIToBinaryBuffer@500024ac)
ARR 50002516 (sz=32, trace=301782, nelems=0, elem type=char[])
OBJ 50002517 (sz=32, trace=301535, class=sun.misc.FloatingDecimal$ASCIIToBinaryBuffer@500024ac)
OBJ 50002518 (sz=32, trace=301783, class=Point@5000255b)
ARR 50002519 (sz=32, trace=301784, nelems=0, elem type=char[])
OBJ 5000251a (sz=32, trace=301535, class=sun.misc.FloatingDecimal$ASCIIToBinaryBuffer@500024ac)
ARR 5000251b (sz=32, trace=301785, nelems=0, elem type=char[])
OBJ 5000251c (sz=32, trace=301535, class=sun.misc.FloatingDecimal$ASCIIToBinaryBuffer@500024ac)
OBJ 5000251d (sz=32, trace=301786, class=Point@5000255b)
OBJ 5000251e (sz=32, trace=301787, class=Line@50006f05)
OBJ 5000251f (sz=24, trace=301779, class=java.lang.String@5000016f)
ARR 50002520 (sz=88, trace=300326, nelems=0, elem type=char[])
OBJ 50002521 (sz=24, trace=301497, class=java.util.ArrayList@500000c5)
OBJ 50002522 (sz=24, trace=301498, class=java.lang.String@5000016f)
ARR 50002523 (sz=32, trace=301499, nelems=0, elem type=char[])
ARR 50002524 (sz=56, trace=300281, nelems=0, elem type=java.lang.Object[]@5000010a)
OBJ 50002525 (sz=24, trace=301498, class=java.lang.String@5000016f)
ARR 50002526 (sz=32, trace=301499, nelems=0, elem type=char[])
OBJ 50002527 (sz=24, trace=301498, class=java.lang.String@5000016f)
ARR 50002528 (sz=32, trace=301499, nelems=0, elem type=char[])
OBJ 50002529 (sz=24, trace=301500, class=java.lang.String@5000016f)
ARR 5000252a (sz=32, trace=301501, nelems=0, elem type=char[])
ARR 5000252b (sz=32, trace=301780, nelems=0, elem type=java.lang.String[]@500000cf)
OBJ 5000252c (sz=40, trace=301504, class=java.util.ArrayList$SubList@5000248a)
OBJ 5000252d (sz=40, trace=301506, class=java.util.ArrayList$SubList$1@5000248d)
ARR 5000252e (sz=32, trace=301781, nelems=0, elem type=char[])
OBJ 5000252f (sz=32, trace=301535, class=sun.misc.FloatingDecimal$ASCIIToBinaryBuffer@500024ac)
ARR 50002530 (sz=32, trace=301782, nelems=0, elem type=char[])
OBJ 50002531 (sz=32, trace=301535, class=sun.misc.FloatingDecimal$ASCIIToBinaryBuffer@500024ac)
OBJ 50002532 (sz=32, trace=301783, class=Point@5000255b)
ARR 50002533 (sz=32, trace=301784, nelems=0, elem type=char[])
OBJ 50002534 (sz=32, trace=301535, class=sun.misc.FloatingDecimal$ASCIIToBinaryBuffer@500024ac)
ARR 50002535 (sz=32, trace=301785, nelems=0, elem type=char[])
OBJ 50002536 (sz=32, trace=301535, class=sun.misc.FloatingDecimal$ASCIIToBinaryBuffer@500024ac)
OBJ 50002537 (sz=32, trace=301786, class=Point@5000255b)
OBJ 50002538 (sz=32, trace=301787, class=Line@50006f05)
OBJ 50002539 (sz=24, trace=301779, class=java.lang.String@5000016f)
ARR 5000253a (sz=88, trace=300326, nelems=0, elem type=char[])
OBJ 5000253b (sz=24, trace=301497, class=java.util.ArrayList@500000c5)
OBJ 5000253c (sz=24, trace=301498, class=java.lang.String@5000016f)
ARR 5000253d (sz=32, trace=301499, nelems=0, elem type=char[])
ARR 5000253e (sz=56, trace=300281, nelems=0, elem type=java.lang.Object[]@5000010a)
OBJ 5000253f (sz=24, trace=301498, class=java.lang.String@5000016f)
ARR 50002540 (sz=32, trace=301499, nelems=0, elem type=char[])
OBJ 50002541 (sz=24, trace=301498, class=java.lang.String@5000016f)
ARR 50002542 (sz=32, trace=301499, nelems=0, elem type=char[])
OBJ 50002543 (sz=24, trace=301500, class=java.lang.String@5000016f)
OBJ 50002544 (sz=24, trace=300376, class=java.lang.String@5000016f)
ARR 50002545 (sz=208, trace=300095, nelems=0, elem type=char[])
ARR 50002546 (sz=32, trace=301501, nelems=0, elem type=char[])
ARR 50002547 (sz=32, trace=301780, nelems=0, elem type=java.lang.String[]@500000cf)
OBJ 50002548 (sz=40, trace=301504, class=java.util.ArrayList$SubList@5000248a)
OBJ 50002549 (sz=40, trace=301506, class=java.util.ArrayList$SubList$1@5000248d)
ARR 5000254a (sz=32, trace=301781, nelems=0, elem type=char[])
OBJ 5000254b (sz=32, trace=300701, class=java.io.FileInputStream@50000089)
OBJ 5000254c (sz=32, trace=301535, class=sun.misc.FloatingDecimal$ASCIIToBinaryBuffer@500024ac)
OBJ 5000254d (sz=16, trace=300702, class=java.lang.Object@50000173)
OBJ 5000254e (sz=32, trace=300703, class=java.io.FileDescriptor@50000088)
ARR 5000254f (sz=32, trace=301782, nelems=0, elem type=char[])
OBJ 50002550 (sz=32, trace=301535, class=sun.misc.FloatingDecimal$ASCIIToBinaryBuffer@500024ac)
OBJ 50002551 (sz=32, trace=301783, class=Point@5000255b)
ARR 50002552 (sz=32, trace=301784, nelems=0, elem type=char[])
OBJ 50002553 (sz=32, trace=301535, class=sun.misc.FloatingDecimal$ASCIIToBinaryBuffer@500024ac)
ARR 50002554 (sz=32, trace=301785, nelems=0, elem type=char[])
OBJ 50002555 (sz=32, trace=301535, class=sun.misc.FloatingDecimal$ASCIIToBinaryBuffer@500024ac)
OBJ 50002556 (sz=32, trace=301786, class=Point@5000255b)
OBJ 50002557 (sz=32, trace=301787, class=Line@50006f05)
OBJ 50002558 (sz=24, trace=301779, class=java.lang.String@5000016f)
ARR 50002559 (sz=88, trace=300326, nelems=0, elem type=char[])
OBJ 5000255a (sz=24, trace=301497, class=java.util.ArrayList@500000c5)
OBJ 5000255c (sz=32, trace=301537, class=Point@5000255b)
OBJ 5000255d (sz=24, trace=301498, class=java.lang.String@5000016f)
ARR 5000255e (sz=32, trace=301499, nelems=0, elem type=char[])
ARR 5000255f (sz=56, trace=300281, nelems=0, elem type=java.lang.Object[]@5000010a)
OBJ 50002560 (sz=24, trace=301498, class=java.lang.String@5000016f)
ARR 50002561 (sz=32, trace=301499, nelems=0, elem type=char[])
OBJ 50002562 (sz=24, trace=301498, class=java.lang.String@5000016f)
ARR 50002563 (sz=32, trace=301499, nelems=0, elem type=char[])
OBJ 50002564 (sz=24, trace=301500, class=java.lang.String@5000016f)
ARR 50002565 (sz=32, trace=301501, nelems=0, elem type=char[])
ARR 50002566 (sz=32, trace=301780, nelems=0, elem type=java.lang.String[]@500000cf)
OBJ 50002567 (sz=40, trace=301504, class=java.util.ArrayList$SubList@5000248a)
OBJ 50002568 (sz=40, trace=301506, class=java.util.ArrayList$SubList$1@5000248d)
ARR 50002569 (sz=32, trace=301781, nelems=0, elem type=char[])
OBJ 5000256a (sz=32, trace=301535, class=sun.misc.FloatingDecimal$ASCIIToBinaryBuffer@500024ac)
ARR 5000256b (sz=32, trace=301782, nelems=0, elem type=char[])
OBJ 5000256c (sz=32, trace=301535, class=sun.misc.FloatingDecimal$ASCIIToBinaryBuffer@500024ac)
OBJ 5000256d (sz=32, trace=301537, class=Point@5000255b)
OBJ 5000256e (sz=32, trace=301783, class=Point@5000255b)
ARR 5000256f (sz=32, trace=301784, nelems=0, elem type=char[])
OBJ 50002570 (sz=32, trace=301535, class=sun.misc.FloatingDecimal$ASCIIToBinaryBuffer@500024ac)
ARR 50002571 (sz=32, trace=301785, nelems=0, elem type=char[])
OBJ 50002572 (sz=32, trace=301535, class=sun.misc.FloatingDecimal$ASCIIToBinaryBuffer@500024ac)
OBJ 50002573 (sz=32, trace=301786, class=Point@5000255b)
OBJ 50002574 (sz=32, trace=301787, class=Line@50006f05)
OBJ 50002575 (sz=24, trace=301779, class=java.lang.String@5000016f)
ARR 50002576 (sz=88, trace=300326, nelems=0, elem type=char[])
OBJ 50002577 (sz=24, trace=301497, class=java.util.ArrayList@500000c5)
OBJ 50002578 (sz=24, trace=301498, class=java.lang.String@5000016f)
ARR 50002579 (sz=32, trace=301499, nelems=0, elem type=char[])
ARR 5000257a (sz=56, trace=300281, nelems=0, elem type=java.lang.Object[]@5000010a)
OBJ 5000257b (sz=24, trace=301498, class=java.lang.String@5000016f)
ARR 5000257c (sz=32, trace=301499, nelems=0, elem type=char[])
OBJ 5000257d (sz=32, trace=301537, class=Point@5000255b)
OBJ 5000257e (sz=24, trace=301498, class=java.lang.String@5000016f)
ARR 5000257f (sz=32, trace=301499, nelems=0, elem type=char[])
OBJ 50002580 (sz=24, trace=301500, class=java.lang.String@5000016f)
ARR 50002581 (sz=32, trace=301501, nelems=0, elem type=char[])
ARR 50002582 (sz=32, trace=301780, nelems=0, elem type=java.lang.String[]@500000cf)
OBJ 50002583 (sz=40, trace=301504, class=java.util.ArrayList$SubList@5000248a)
OBJ 50002584 (sz=40, trace=301506, class=java.util.ArrayList$SubList$1@5000248d)
ARR 50002585 (sz=32, trace=301781, nelems=0, elem type=char[])
OBJ 50002586 (sz=32, trace=301535, class=sun.misc.FloatingDecimal$ASCIIToBinaryBuffer@500024ac)
ARR 50002587 (sz=32, trace=301782, nelems=0, elem type=char[])
OBJ 50002588 (sz=32, trace=301535, class=sun.misc.FloatingDecimal$ASCIIToBinaryBuffer@500024ac)
OBJ 50002589 (sz=32, trace=301783, class=Point@5000255b)
ARR 5000258a (sz=32, trace=301784, nelems=0, elem type=char[])
OBJ 5000258b (sz=32, trace=301535, class=sun.misc.FloatingDecimal$ASCIIToBinaryBuffer@500024ac)
ARR 5000258c (sz=32, trace=301785, nelems=0, elem type=char[])
OBJ 5000258d (sz=32, trace=301537, class=Point@5000255b)
OBJ 5000258e (sz=32, trace=301535, class=sun.misc.FloatingDecimal$ASCIIToBinaryBuffer@500024ac)
OBJ 5000258f (sz=32, trace=301786, class=Point@5000255b)
OBJ 50002590 (sz=32, trace=301787, class=Line@50006f05)
OBJ 50002591 (sz=24, trace=301779, class=java.lang.String@5000016f)
ARR 50002592 (sz=88, trace=300326, nelems=0, elem type=char[])
OBJ 50002593 (sz=24, trace=301497, class=java.util.ArrayList@500000c5)
OBJ 50002594 (sz=24, trace=301498, class=java.lang.String@5000016f)
ARR 50002595 (sz=32, trace=301499, nelems=0, elem type=char[])
ARR 50002596 (sz=56, trace=300281, nelems=0, elem type=java.lang.Object[]@5000010a)
OBJ 50002597 (sz=24, trace=301498, class=java.lang.String@5000016f)
ARR 50002598 (sz=32, trace=301499, nelems=0, elem type=char[])
OBJ 50002599 (sz=24, trace=301498, class=java.lang.String@5000016f)
ARR 5000259a (sz=32, trace=301499, nelems=0, elem type=char[])
OBJ 5000259b (sz=24, trace=301500, class=java.lang.String@5000016f)
ARR 5000259c (sz=32, trace=301501, nelems=0, elem type=char[])
OBJ 5000259d (sz=32, trace=301537, class=Point@5000255b)
ARR 5000259e (sz=32, trace=301780, nelems=0, elem type=java.lang.String[]@500000cf)
OBJ 5000259f (sz=40, trace=301504, class=java.util.ArrayList$SubList@5000248a)
OBJ 500025a0 (sz=40, trace=301506, class=java.util.ArrayList$SubList$1@5000248d)
ARR 500025a1 (sz=32, trace=301781, nelems=0, elem type=char[])
OBJ 500025a2 (sz=32, trace=301535, class=sun.misc.FloatingDecimal$ASCIIToBinaryBuffer@500024ac)
ARR 500025a3 (sz=32, trace=301782, nelems=0, elem type=char[])
OBJ 500025a4 (sz=32, trace=301535, class=sun.misc.FloatingDecimal$ASCIIToBinaryBuffer@500024ac)
OBJ 500025a5 (sz=32, trace=301783, class=Point@5000255b)
ARR 500025a6 (sz=32, trace=301784, nelems=0, elem type=char[])
OBJ 500025a7 (sz=32, trace=301535, class=sun.misc.FloatingDecimal$ASCIIToBinaryBuffer@500024ac)
ARR 500025a8 (sz=32, trace=301785, nelems=0, elem type=char[])
OBJ 500025a9 (sz=32, trace=301535, class=sun.misc.FloatingDecimal$ASCIIToBinaryBuffer@500024ac)
OBJ 500025aa (sz=32, trace=301786, class=Point@5000255b)
OBJ 500025ab (sz=32, trace=301787, class=Line@50006f05)
OBJ 500025ac (sz=24, trace=301779, class=java.lang.String@5000016f)
OBJ 500025ad (sz=32, trace=301537, class=Point@5000255b)
ARR 500025ae (sz=88, trace=300326, nelems=0, elem type=char[])
OBJ 500025af (sz=24, trace=301497, class=java.util.ArrayList@500000c5)
OBJ 500025b0 (sz=24, trace=301498, class=java.lang.String@5000016f)
ARR 500025b1 (sz=32, trace=301499, nelems=0, elem type=char[])
ARR 500025b2 (sz=56, trace=300281, nelems=0, elem type=java.lang.Object[]@5000010a)
OBJ 500025b3 (sz=24, trace=301498, class=java.lang.String@5000016f)
ARR 500025b4 (sz=32, trace=301499, nelems=0, elem type=char[])
OBJ 500025b5 (sz=24, trace=301498, class=java.lang.String@5000016f)
ARR 500025b6 (sz=32, trace=301499, nelems=0, elem type=char[])
OBJ 500025b7 (sz=24, trace=301500, class=java.lang.String@5000016f)
ARR 500025b8 (sz=32, trace=301501, nelems=0, elem type=char[])
ARR 500025b9 (sz=32, trace=301780, nelems=0, elem type=java.lang.String[]@500000cf)
OBJ 500025ba (sz=40, trace=301504, class=java.util.ArrayList$SubList@5000248a)
OBJ 500025bb (sz=40, trace=301506, class=java.util.ArrayList$SubList$1@5000248d)
ARR 500025bc (sz=32, trace=301781, nelems=0, elem type=char[])
OBJ 500025bd (sz=32, trace=301537, class=Point@5000255b)
OBJ 500025be (sz=32, trace=301535, class=sun.misc.FloatingDecimal$ASCIIToBinaryBuffer@500024ac)
ARR 500025bf (sz=32, trace=301782, nelems=0, elem type=char[])
OBJ 500025c0 (sz=32, trace=301535, class=sun.misc.FloatingDecimal$ASCIIToBinaryBuffer@500024ac)
OBJ 500025c1 (sz=32, trace=301783, class=Point@5000255b)
ARR 500025c2 (sz=32, trace=301784, nelems=0, elem type=char[])
OBJ 500025c3 (sz=32, trace=301535, class=sun.misc.FloatingDecimal$ASCIIToBinaryBuffer@500024ac)
ARR 500025c4 (sz=32, trace=301785, nelems=0, elem type=char[])
OBJ 500025c5 (sz=32, trace=301535, class=sun.misc.FloatingDecimal$ASCIIToBinaryBuffer@500024ac)
OBJ 500025c6 (sz=32, trace=301786, class=Point@5000255b)
OBJ 500025c7 (sz=32, trace=301787, class=Line@50006f05)
OBJ 500025c8 (sz=24, trace=301779, class=java.lang.String@5000016f)
ARR 500025c9 (sz=88, trace=300326, nelems=0, elem type=char[])
OBJ 500025ca (sz=24, trace=301497, class=java.util.ArrayList@500000c5)
OBJ 500025cb (sz=24, trace=301498, class=java.lang.String@5000016f)
ARR 500025cc (sz=32, trace=301499, nelems=0, elem type=char[])
OBJ 500025cd (sz=32, trace=301537, class=Point@5000255b)
ARR 500025ce (sz=56, trace=300281, nelems=0, elem type=java.lang.Object[]@5000010a)
OBJ 500025cf (sz=24, trace=301498, class=java.lang.String@5000016f)
ARR 500025d0 (sz=32, trace=301499, nelems=0, elem type=char[])
OBJ 500025d1 (sz=24, trace=301498, class=java.lang.String@5000016f)
ARR 500025d2 (sz=32, trace=301499, nelems=0, elem type=char[])
OBJ 500025d3 (sz=24, trace=301500, class=java.lang.String@5000016f)
ARR 500025d4 (sz=32, trace=301501, nelems=0, elem type=char[])
ARR 500025d5 (sz=32, trace=301780, nelems=0, elem type=java.lang.String[]@500000cf)
OBJ 500025d6 (sz=40, trace=301504, class=java.util.ArrayList$SubList@5000248a)
OBJ 500025d7 (sz=40, trace=301506, class=java.util.ArrayList$SubList$1@5000248d)
ARR 500025d8 (sz=32, trace=301781, nelems=0, elem type=char[])
OBJ 500025d9 (sz=32, trace=301535, class=sun.misc.FloatingDecimal$ASCIIToBinaryBuffer@500024ac)
ARR 500025da (sz=32, trace=301782, nelems=0, elem type=char[])
OBJ 500025db (sz=32, trace=301535, class=sun.misc.FloatingDecimal$ASCIIToBinaryBuffer@500024ac)
OBJ 500025dc (sz=32, trace=301783, class=Point@5000255b)
OBJ 500025dd (sz=32, trace=301537, class=Point@5000255b)
ARR 500025de (sz=32, trace=301784, nelems=0, elem type=char[])
OBJ 500025df (sz=32, trace=301535, class=sun.misc.FloatingDecimal$ASCIIToBinaryBuffer@500024ac)
ARR 500025e0 (sz=32, trace=301785, nelems=0, elem type=char[])
OBJ 500025e1 (sz=32, trace=301535, class=sun.misc.FloatingDecimal$ASCIIToBinaryBuffer@500024ac)
OBJ 500025e2 (sz=32, trace=301786, class=Point@5000255b)
OBJ 500025e3 (sz=32, trace=301787, class=Line@50006f05)
OBJ 500025e4 (sz=24, trace=301779, class=java.lang.String@5000016f)
ARR 500025e5 (sz=88, trace=300326, nelems=0, elem type=char[])
OBJ 500025e6 (sz=24, trace=301497, class=java.util.ArrayList@500000c5)
OBJ 500025e7 (sz=24, trace=301498, class=java.lang.String@5000016f)
ARR 500025e8 (sz=32, trace=301499, nelems=0, elem type=char[])
ARR 500025e9 (sz=56, trace=300281, nelems=0, elem type=java.lang.Object[]@5000010a)
OBJ 500025ea (sz=24, trace=301498, class=java.lang.String@5000016f)
ARR 500025eb (sz=32, trace=301499, nelems=0, elem type=char[])
OBJ 500025ec (sz=24, trace=301498, class=java.lang.String@5000016f)
OBJ 500025ed (sz=32, trace=301537, class=Point@5000255b)
ARR 500025ee (sz=32, trace=301499, nelems=0, elem type=char[])
OBJ 500025ef (sz=24, trace=301500, class=java.lang.String@5000016f)
ARR 500025f0 (sz=32, trace=301501, nelems=0, elem type=char[])
ARR 500025f1 (sz=32, trace=301780, nelems=0, elem type=java.lang.String[]@500000cf)
OBJ 500025f2 (sz=40, trace=301504, class=java.util.ArrayList$SubList@5000248a)
OBJ 500025f3 (sz=40, trace=301506, class=java.util.ArrayList$SubList$1@5000248d)
ARR 500025f4 (sz=32, trace=301781, nelems=0, elem type=char[])
OBJ 500025f5 (sz=32, trace=301535, class=sun.misc.FloatingDecimal$ASCIIToBinaryBuffer@500024ac)
ARR 500025f6 (sz=32, trace=301782, nelems=0, elem type=char[])
OBJ 500025f7 (sz=32, trace=301535, class=sun.misc.FloatingDecimal$ASCIIToBinaryBuffer@500024ac)
OBJ 500025f8 (sz=32, trace=301783, class=Point@5000255b)
ARR 500025f9 (sz=32, trace=301784, nelems=0, elem type=char[])
OBJ 500025fa (sz=32, trace=301535, class=sun.misc.FloatingDecimal$ASCIIToBinaryBuffer@500024ac)
ARR 500025fb (sz=32, trace=301785, nelems=0, elem type=char[])
OBJ 500025fc (sz=32, trace=301535, class=sun.misc.FloatingDecimal$ASCIIToBinaryBuffer@500024ac)
OBJ 500025fd (sz=32, trace=301537, class=Point@5000255b)
OBJ 500025fe (sz=32, trace=301786, class=Point@5000255b)
OBJ 500025ff (sz=32, trace=301787, class=Line@50006f05)
OBJ 50002600 (sz=24, trace=301779, class=java.lang.String@5000016f)
ARR 50002601 (sz=88, trace=300326, nelems=0, elem type=char[])
OBJ 50002602 (sz=24, trace=301497, class=java.util.ArrayList@500000c5)
OBJ 50002603 (sz=24, trace=301498, class=java.lang.String@5000016f)
ARR 50002604 (sz=32, trace=301499, nelems=0, elem type=char[])
ARR 50002605 (sz=56, trace=300281, nelems=0, elem type=java.lang.Object[]@5000010a)
OBJ 50002606 (sz=24, trace=301498, class=java.lang.String@5000016f)
ARR 50002607 (sz=32, trace=301499, nelems=0, elem type=char[])
OBJ 50002608 (sz=24, trace=301498, class=java.lang.String@5000016f)
ARR 50002609 (sz=32, trace=301499, nelems=0, elem type=char[])
OBJ 5000260a (sz=24, trace=301500, class=java.lang.String@5000016f)
ARR 5000260b (sz=32, trace=301501, nelems=0, elem type=char[])
ARR 5000260c (sz=32, trace=301780, nelems=0, elem type=java.lang.String[]@500000cf)
OBJ 5000260d (sz=40, trace=301504, class=java.util.ArrayList$SubList@5000248a)
OBJ 5000260e (sz=32, trace=301537, class=Point@5000255b)
OBJ 5000260f (sz=40, trace=301506, class=java.util.ArrayList$SubList$1@5000248d)
ARR 50002610 (sz=32, trace=301781, nelems=0, elem type=char[])
OBJ 50002611 (sz=32, trace=301535, class=sun.misc.FloatingDecimal$ASCIIToBinaryBuffer@500024ac)
ARR 50002612 (sz=32, trace=301782, nelems=0, elem type=char[])
OBJ 50002613 (sz=32, trace=301535, class=sun.misc.FloatingDecimal$ASCIIToBinaryBuffer@500024ac)
OBJ 50002614 (sz=32, trace=301783, class=Point@5000255b)
ARR 50002615 (sz=32, trace=301784, nelems=0, elem type=char[])
OBJ 50002616 (sz=32, trace=301535, class=sun.misc.FloatingDecimal$ASCIIToBinaryBuffer@500024ac)
ARR 50002617 (sz=32, trace=301785, nelems=0, elem type=char[])
OBJ 50002618 (sz=32, trace=301535, class=sun.misc.FloatingDecimal$ASCIIToBinaryBuffer@500024ac)
OBJ 50002619 (sz=32, trace=301786, class=Point@5000255b)
OBJ 5000261a (sz=32, trace=301787, class=Line@50006f05)
OBJ 5000261b (sz=24, trace=301779, class=java.lang.String@5000016f)
ARR 5000261c (sz=88, trace=300326, nelems=0, elem type=char[])
OBJ 5000261d (sz=24, trace=301497, class=java.util.ArrayList@500000c5)
OBJ 5000261e (sz=32, trace=301537, class=Point@5000255b)
OBJ 5000261f (sz=24, trace=301498, class=java.lang.String@5000016f)
ARR 50002620 (sz=32, trace=301499, nelems=0, elem type=char[])
ARR 50002621 (sz=56, trace=300281, nelems=0, elem type=java.lang.Object[]@5000010a)
OBJ 50002622 (sz=24, trace=301498, class=java.lang.String@5000016f)
ARR 50002623 (sz=32, trace=301499, nelems=0, elem type=char[])
OBJ 50002624 (sz=24, trace=301498, class=java.lang.String@5000016f)
ARR 50002625 (sz=32, trace=301499, nelems=0, elem type=char[])
OBJ 50002626 (sz=24, trace=301500, class=java.lang.String@5000016f)
ARR 50002627 (sz=32, trace=301501, nelems=0, elem type=char[])
ARR 50002628 (sz=32, trace=301780, nelems=0, elem type=java.lang.String[]@500000cf)
OBJ 50002629 (sz=40, trace=301504, class=java.util.ArrayList$SubList@5000248a)
OBJ 5000262a (sz=40, trace=301506, class=java.util.ArrayList$SubList$1@5000248d)
ARR 5000262b (sz=32, trace=301781, nelems=0, elem type=char[])
OBJ 5000262c (sz=32, trace=301535, class=sun.misc.FloatingDecimal$ASCIIToBinaryBuffer@500024ac)
ARR 5000262d (sz=32, trace=301782, nelems=0, elem type=char[])
OBJ 5000262e (sz=32, trace=301537, class=Point@5000255b)
OBJ 5000262f (sz=32, trace=301535, class=sun.misc.FloatingDecimal$ASCIIToBinaryBuffer@500024ac)
OBJ 50002630 (sz=32, trace=301783, class=Point@5000255b)
ARR 50002631 (sz=32, trace=301784, nelems=0, elem type=char[])
OBJ 50002632 (sz=32, trace=301535, class=sun.misc.FloatingDecimal$ASCIIToBinaryBuffer@500024ac)
ARR 50002633 (sz=32, trace=301785, nelems=0, elem type=char[])
OBJ 50002634 (sz=32, trace=301535, class=sun.misc.FloatingDecimal$ASCIIToBinaryBuffer@500024ac)
OBJ 50002635 (sz=32, trace=301786, class=Point@5000255b)
OBJ 50002636 (sz=32, trace=301787, class=Line@50006f05)
OBJ 50002637 (sz=24, trace=301779, class=java.lang.String@5000016f)
ARR 50002638 (sz=88, trace=300326, nelems=0, elem type=char[])
OBJ 50002639 (sz=24, trace=301497, class=java.util.ArrayList@500000c5)
OBJ 5000263a (sz=24, trace=301498, class=java.lang.String@5000016f)
ARR 5000263b (sz=32, trace=301499, nelems=0, elem type=char[])
ARR 5000263c (sz=56, trace=300281, nelems=0, elem type=java.lang.Object[]@5000010a)
OBJ 5000263d (sz=24, trace=301498, class=java.lang.String@5000016f)
OBJ 5000263e (sz=32, trace=301537, class=Point@5000255b)
ARR 5000263f (sz=32, trace=301499, nelems=0, elem type=char[])
OBJ 50002640 (sz=24, trace=301498, class=java.lang.String@5000016f)
ARR 50002641 (sz=32, trace=301499, nelems=0, elem type=char[])
OBJ 50002642 (sz=24, trace=301500, class=java.lang.String@5000016f)
ARR 50002643 (sz=32, trace=301501, nelems=0, elem type=char[])
ARR 50002644 (sz=32, trace=301780, nelems=0, elem type=java.lang.String[]@500000cf)
OBJ 50002645 (sz=40, trace=301504, class=java.util.ArrayList$SubList@5000248a)
OBJ 50002646 (sz=40, trace=301506, class=java.util.ArrayList$SubList$1@5000248d)
ARR 50002647 (sz=32, trace=301781, nelems=0, elem type=char[])
OBJ 50002648 (sz=32, trace=301535, class=sun.misc.FloatingDecimal$ASCIIToBinaryBuffer@500024ac)
ARR 50002649 (sz=32, trace=301782, nelems=0, elem type=char[])
OBJ 5000264a (sz=32, trace=301535, class=sun.misc.FloatingDecimal$ASCIIToBinaryBuffer@500024ac)
OBJ 5000264b (sz=32, trace=301783, class=Point@5000255b)
ARR 5000264c (sz=32, trace=301784, nelems=0, elem type=char[])
OBJ 5000264d (sz=32, trace=301535, class=sun.misc.FloatingDecimal$ASCIIToBinaryBuffer@500024ac)
OBJ 5000264e (sz=32, trace=301537, class=Point@5000255b)
ARR 5000264f (sz=32, trace=301785, nelems=0, elem type=char[])
OBJ 50002650 (sz=32, trace=301535, class=sun.misc.FloatingDecimal$ASCIIToBinaryBuffer@500024ac)
OBJ 50002651 (sz=32, trace=301786, class=Point@5000255b)
OBJ 50002652 (sz=32, trace=301787, class=Line@50006f05)
OBJ 50002653 (sz=24, trace=301779, class=java.lang.String@5000016f)
ARR 50002654 (sz=88, trace=300326, nelems=0, elem type=char[])
OBJ 50002655 (sz=24, trace=301497, class=java.util.ArrayList@500000c5)
OBJ 50002656 (sz=24, trace=301498, class=java.lang.String@5000016f)
ARR 50002657 (sz=32, trace=301499, nelems=0, elem type=char[])
ARR 50002658 (sz=56, trace=300281, nelems=0, elem type=java.lang.Object[]@5000010a)
OBJ 50002659 (sz=24, trace=301498, class=java.lang.String@5000016f)
ARR 5000265a (sz=32, trace=301499, nelems=0, elem type=char[])
OBJ 5000265b (sz=24, trace=301498, class=java.lang.String@5000016f)
ARR 5000265c (sz=40, trace=301499, nelems=0, elem type=char[])
OBJ 5000265d (sz=24, trace=301500, class=java.lang.String@5000016f)
ARR 5000265e (sz=32, trace=301501, nelems=0, elem type=char[])
OBJ 5000265f (sz=32, trace=301537, class=Point@5000255b)
ARR 50002660 (sz=32, trace=301780, nelems=0, elem type=java.lang.String[]@500000cf)
OBJ 50002661 (sz=40, trace=301504, class=java.util.ArrayList$SubList@5000248a)
OBJ 50002662 (sz=40, trace=301506, class=java.util.ArrayList$SubList$1@5000248d)
ARR 50002663 (sz=32, trace=301781, nelems=0, elem type=char[])
OBJ 50002664 (sz=32, trace=301535, class=sun.misc.FloatingDecimal$ASCIIToBinaryBuffer@500024ac)
ARR 50002665 (sz=32, trace=301782, nelems=0, elem type=char[])
OBJ 50002666 (sz=32, trace=301535, class=sun.misc.FloatingDecimal$ASCIIToBinaryBuffer@500024ac)
OBJ 50002667 (sz=32, trace=301783, class=Point@5000255b)
ARR 50002668 (sz=40, trace=301784, nelems=0, elem type=char[])
OBJ 50002669 (sz=32, trace=301535, class=sun.misc.FloatingDecimal$ASCIIToBinaryBuffer@500024ac)
ARR 5000266a (sz=32, trace=301785, nelems=0, elem type=char[])
OBJ 5000266b (sz=32, trace=301535, class=sun.misc.FloatingDecimal$ASCIIToBinaryBuffer@500024ac)
OBJ 5000266c (sz=32, trace=301786, class=Point@5000255b)
OBJ 5000266d (sz=32, trace=301787, class=Line@50006f05)
OBJ 5000266e (sz=24, trace=301779, class=java.lang.String@5000016f)
OBJ 5000266f (sz=32, trace=301537, class=Point@5000255b)
ARR 50002670 (sz=88, trace=300326, nelems=0, elem type=char[])
OBJ 50002671 (sz=24, trace=301497, class=java.util.ArrayList@500000c5)
OBJ 50002672 (sz=24, trace=301498, class=java.lang.String@5000016f)
ARR 50002673 (sz=40, trace=301499, nelems=0, elem type=char[])
ARR 50002674 (sz=56, trace=300281, nelems=0, elem type=java.lang.Object[]@5000010a)
OBJ 50002675 (sz=24, trace=301498, class=java.lang.String@5000016f)
ARR 50002676 (sz=32, trace=301499, nelems=0, elem type=char[])
OBJ 50002677 (sz=24, trace=301498, class=java.lang.String@5000016f)
ARR 50002678 (sz=32, trace=301499, nelems=0, elem type=char[])
OBJ 50002679 (sz=24, trace=301500, class=java.lang.String@5000016f)
ARR 5000267a (sz=32, trace=301501, nelems=0, elem type=char[])
ARR 5000267b (sz=32, trace=301780, nelems=0, elem type=java.lang.String[]@500000cf)
OBJ 5000267c (sz=40, trace=301504, class=java.util.ArrayList$SubList@5000248a)
OBJ 5000267d (sz=40, trace=301506, class=java.util.ArrayList$SubList$1@5000248d)
ARR 5000267e (sz=40, trace=301781, nelems=0, elem type=char[])
OBJ 5000267f (sz=32, trace=301537, class=Point@5000255b)
OBJ 50002680 (sz=32, trace=301535, class=sun.misc.FloatingDecimal$ASCIIToBinaryBuffer@500024ac)
ARR 50002681 (sz=32, trace=301782, nelems=0, elem type=char[])
OBJ 50002682 (sz=32, trace=301535, class=sun.misc.FloatingDecimal$ASCIIToBinaryBuffer@500024ac)
OBJ 50002683 (sz=32, trace=301783, class=Point@5000255b)
ARR 50002684 (sz=32, trace=301784, nelems=0, elem type=char[])
OBJ 50002685 (sz=32, trace=301535, class=sun.misc.FloatingDecimal$ASCIIToBinaryBuffer@500024ac)
ARR 50002686 (sz=32, trace=301785, nelems=0, elem type=char[])
OBJ 50002687 (sz=32, trace=301535, class=sun.misc.FloatingDecimal$ASCIIToBinaryBuffer@500024ac)
OBJ 50002688 (sz=32, trace=301786, class=Point@5000255b)
OBJ 50002689 (sz=32, trace=301787, class=Line@50006f05)
OBJ 5000268a (sz=24, trace=301779, class=java.lang.String@5000016f)
ARR 5000268b (sz=88, trace=300326, nelems=0, elem type=char[])
OBJ 5000268c (sz=24, trace=301497, class=java.util.ArrayList@500000c5)
OBJ 5000268d (sz=24, trace=301498, class=java.lang.String@5000016f)
ARR 5000268e (sz=32, trace=301499, nelems=0, elem type=char[])
OBJ 5000268f (sz=32, trace=301537, class=Point@5000255b)
ARR 50002690 (sz=56, trace=300281, nelems=0, elem type=java.lang.Object[]@5000010a)
OBJ 50002691 (sz=24, trace=301498, class=java.lang.String@5000016f)
ARR 50002692 (sz=32, trace=301499, nelems=0, elem type=char[])
OBJ 50002693 (sz=24, trace=301498, class=java.lang.String@5000016f)
ARR 50002694 (sz=32, trace=301499, nelems=0, elem type=char[])
OBJ 50002695 (sz=24, trace=301500, class=java.lang.String@5000016f)
ARR 50002696 (sz=32, trace=301501, nelems=0, elem type=char[])
ARR 50002697 (sz=32, trace=301780, nelems=0, elem type=java.lang.String[]@500000cf)
OBJ 50002698 (sz=40, trace=301504, class=java.util.ArrayList$SubList@5000248a)
OBJ 50002699 (sz=40, trace=301506, class=java.util.ArrayList$SubList$1@5000248d)
ARR 5000269a (sz=32, trace=301781, nelems=0, elem type=char[])
OBJ 5000269b (sz=32, trace=301535, class=sun.misc.FloatingDecimal$ASCIIToBinaryBuffer@500024ac)
ARR 5000269c (sz=32, trace=301782, nelems=0, elem type=char[])
OBJ 5000269d (sz=32, trace=301535, class=sun.misc.FloatingDecimal$ASCIIToBinaryBuffer@500024ac)
OBJ 5000269e (sz=32, trace=301783, class=Point@5000255b)
OBJ 5000269f (sz=32, trace=301537, class=Point@5000255b)
ARR 500026a0 (sz=32, trace=301784, nelems=0, elem type=char[])
OBJ 500026a1 (sz=32, trace=301535, class=sun.misc.FloatingDecimal$ASCIIToBinaryBuffer@500024ac)
ARR 500026a2 (sz=32, trace=301785, nelems=0, elem type=char[])
OBJ 500026a3 (sz=32, trace=301535, class=sun.misc.FloatingDecimal$ASCIIToBinaryBuffer@500024ac)
OBJ 500026a4 (sz=32, trace=301786, class=Point@5000255b)
OBJ 500026a5 (sz=32, trace=301787, class=Line@50006f05)
OBJ 500026a6 (sz=24, trace=301779, class=java.lang.String@5000016f)
ARR 500026a7 (sz=88, trace=300326, nelems=0, elem type=char[])
OBJ 500026a8 (sz=24, trace=301497, class=java.util.ArrayList@500000c5)
OBJ 500026a9 (sz=24, trace=301498, class=java.lang.String@5000016f)
ARR 500026aa (sz=32, trace=301499, nelems=0, elem type=char[])
ARR 500026ab (sz=56, trace=300281, nelems=0, elem type=java.lang.Object[]@5000010a)
OBJ 500026ac (sz=24, trace=301498, class=java.lang.String@5000016f)
ARR 500026ad (sz=32, trace=301499, nelems=0, elem type=char[])
OBJ 500026ae (sz=24, trace=301498, class=java.lang.String@5000016f)
OBJ 500026af (sz=32, trace=301537, class=Point@5000255b)
ARR 500026b0 (sz=32, trace=301499, nelems=0, elem type=char[])
OBJ 500026b1 (sz=24, trace=301500, class=java.lang.String@5000016f)
ARR 500026b2 (sz=32, trace=301501, nelems=0, elem type=char[])
ARR 500026b3 (sz=32, trace=301780, nelems=0, elem type=java.lang.String[]@500000cf)
OBJ 500026b4 (sz=40, trace=301504, class=java.util.ArrayList$SubList@5000248a)
OBJ 500026b5 (sz=40, trace=301506, class=java.util.ArrayList$SubList$1@5000248d)
ARR 500026b6 (sz=32, trace=301781, nelems=0, elem type=char[])
OBJ 500026b7 (sz=32, trace=301535, class=sun.misc.FloatingDecimal$ASCIIToBinaryBuffer@500024ac)
ARR 500026b8 (sz=32, trace=301782, nelems=0, elem type=char[])
OBJ 500026b9 (sz=32, trace=301535, class=sun.misc.FloatingDecimal$ASCIIToBinaryBuffer@500024ac)
OBJ 500026ba (sz=32, trace=301783, class=Point@5000255b)
ARR 500026bb (sz=32, trace=301784, nelems=0, elem type=char[])
OBJ 500026bc (sz=32, trace=301535, class=sun.misc.FloatingDecimal$ASCIIToBinaryBuffer@500024ac)
ARR 500026bd (sz=32, trace=301785, nelems=0, elem type=char[])
OBJ 500026be (sz=32, trace=301535, class=sun.misc.FloatingDecimal$ASCIIToBinaryBuffer@500024ac)
OBJ 500026bf (sz=32, trace=301537, class=Point@5000255b)
OBJ 500026c0 (sz=32, trace=301786, class=Point@5000255b)
OBJ 500026c1 (sz=32, trace=301787, class=Line@50006f05)
ARR 500026c2 (sz=312, trace=300281, nelems=0, elem type=java.lang.Object[]@5000010a)
OBJ 500026c3 (sz=24, trace=301779, class=java.lang.String@5000016f)
ARR 500026c4 (sz=88, trace=300326, nelems=0, elem type=char[])
OBJ 500026c5 (sz=24, trace=301497, class=java.util.ArrayList@500000c5)
OBJ 500026c6 (sz=24, trace=301498, class=java.lang.String@5000016f)
ARR 500026c7 (sz=32, trace=301499, nelems=0, elem type=char[])
ARR 500026c8 (sz=56, trace=300281, nelems=0, elem type=java.lang.Object[]@5000010a)
OBJ 500026c9 (sz=24, trace=301498, class=java.lang.String@5000016f)
ARR 500026ca (sz=32, trace=301499, nelems=0, elem type=char[])
OBJ 500026cb (sz=24, trace=301498, class=java.lang.String@5000016f)
ARR 500026cc (sz=32, trace=301499, nelems=0, elem type=char[])
OBJ 500026cd (sz=24, trace=301500, class=java.lang.String@5000016f)
ARR 500026ce (sz=32, trace=301501, nelems=0, elem type=char[])
ARR 500026cf (sz=32, trace=301780, nelems=0, elem type=java.lang.String[]@500000cf)
OBJ 500026d0 (sz=32, trace=301537, class=Point@5000255b)
OBJ 500026d1 (sz=40, trace=301504, class=java.util.ArrayList$SubList@5000248a)
OBJ 500026d2 (sz=40, trace=301506, class=java.util.ArrayList$SubList$1@5000248d)
ARR 500026d3 (sz=32, trace=301781, nelems=0, elem type=char[])
OBJ 500026d4 (sz=32, trace=301535, class=sun.misc.FloatingDecimal$ASCIIToBinaryBuffer@500024ac)
ARR 500026d5 (sz=32, trace=301782, nelems=0, elem type=char[])
OBJ 500026d6 (sz=32, trace=301535, class=sun.misc.FloatingDecimal$ASCIIToBinaryBuffer@500024ac)
OBJ 500026d7 (sz=32, trace=301783, class=Point@5000255b)
ARR 500026d8 (sz=32, trace=301784, nelems=0, elem type=char[])
OBJ 500026d9 (sz=32, trace=301535, class=sun.misc.FloatingDecimal$ASCIIToBinaryBuffer@500024ac)
ARR 500026da (sz=32, trace=301785, nelems=0, elem type=char[])
OBJ 500026db (sz=32, trace=301535, class=sun.misc.FloatingDecimal$ASCIIToBinaryBuffer@500024ac)
OBJ 500026dc (sz=32, trace=301786, class=Point@5000255b)
OBJ 500026dd (sz=32, trace=301787, class=Line@50006f05)
OBJ 500026de (sz=24, trace=301779, class=java.lang.String@5000016f)
ARR 500026df (sz=88, trace=300326, nelems=0, elem type=char[])
OBJ 500026e0 (sz=32, trace=301537, class=Point@5000255b)
OBJ 500026e1 (sz=24, trace=301497, class=java.util.ArrayList@500000c5)
OBJ 500026e2 (sz=24, trace=301498, class=java.lang.String@5000016f)
ARR 500026e3 (sz=32, trace=301499, nelems=0, elem type=char[])
ARR 500026e4 (sz=56, trace=300281, nelems=0, elem type=java.lang.Object[]@5000010a)
OBJ 500026e5 (sz=24, trace=301498, class=java.lang.String@5000016f)
ARR 500026e6 (sz=32, trace=301499, nelems=0, elem type=char[])
OBJ 500026e7 (sz=24, trace=301498, class=java.lang.String@5000016f)
ARR 500026e8 (sz=32, trace=301499, nelems=0, elem type=char[])
OBJ 500026e9 (sz=24, trace=301500, class=java.lang.String@5000016f)
ARR 500026ea (sz=32, trace=301501, nelems=0, elem type=char[])
ARR 500026eb (sz=32, trace=301780, nelems=0, elem type=java.lang.String[]@500000cf)
OBJ 500026ec (sz=40, trace=301504, class=java.util.ArrayList$SubList@5000248a)
OBJ 500026ed (sz=40, trace=301506, class=java.util.ArrayList$SubList$1@5000248d)
ARR 500026ee (sz=32, trace=301781, nelems=0, elem type=char[])
OBJ 500026ef (sz=32, trace=301535, class=sun.misc.FloatingDecimal$ASCIIToBinaryBuffer@500024ac)
OBJ 500026f0 (sz=32, trace=301537, class=Point@5000255b)
ARR 500026f1 (sz=32, trace=301782, nelems=0, elem type=char[])
OBJ 500026f2 (sz=32, trace=301535, class=sun.misc.FloatingDecimal$ASCIIToBinaryBuffer@500024ac)
OBJ 500026f3 (sz=32, trace=301783, class=Point@5000255b)
ARR 500026f4 (sz=32, trace=301784, nelems=0, elem type=char[])
OBJ 500026f5 (sz=32, trace=301535, class=sun.misc.FloatingDecimal$ASCIIToBinaryBuffer@500024ac)
ARR 500026f6 (sz=32, trace=301785, nelems=0, elem type=char[])
OBJ 500026f7 (sz=32, trace=301535, class=sun.misc.FloatingDecimal$ASCIIToBinaryBuffer@500024ac)
OBJ 500026f8 (sz=32, trace=301786, class=Point@5000255b)
OBJ 500026f9 (sz=32, trace=301787, class=Line@50006f05)
OBJ 500026fa (sz=24, trace=301779, class=java.lang.String@5000016f)
ARR 500026fb (sz=88, trace=300326, nelems=0, elem type=char[])
OBJ 500026fc (sz=24, trace=301497, class=java.util.ArrayList@500000c5)
OBJ 500026fd (sz=24, trace=301498, class=java.lang.String@5000016f)
ARR 500026fe (sz=32, trace=301499, nelems=0, elem type=char[])
ARR 500026ff (sz=56, trace=300281, nelems=0, elem type=java.lang.Object[]@5000010a)
OBJ 50002700 (sz=32, trace=301537, class=Point@5000255b)
OBJ 50002701 (sz=24, trace=301498, class=java.lang.String@5000016f)
ARR 50002702 (sz=32, trace=301499, nelems=0, elem type=char[])
OBJ 50002703 (sz=24, trace=301498, class=java.lang.String@5000016f)
ARR 50002704 (sz=32, trace=301499, nelems=0, elem type=char[])
OBJ 50002705 (sz=24, trace=301500, class=java.lang.String@5000016f)
ARR 50002706 (sz=32, trace=301501, nelems=0, elem type=char[])
ARR 50002707 (sz=32, trace=301780, nelems=0, elem type=java.lang.String[]@500000cf)
OBJ 50002708 (sz=40, trace=301504, class=java.util.ArrayList$SubList@5000248a)
OBJ 50002709 (sz=40, trace=301506, class=java.util.ArrayList$SubList$1@5000248d)
ARR 5000270a (sz=32, trace=301781, nelems=0, elem type=char[])
OBJ 5000270b (sz=32, trace=301535, class=sun.misc.FloatingDecimal$ASCIIToBinaryBuffer@500024ac)
ARR 5000270c (sz=32, trace=301782, nelems=0, elem type=char[])
OBJ 5000270d (sz=32, trace=301535, class=sun.misc.FloatingDecimal$ASCIIToBinaryBuffer@500024ac)
OBJ 5000270e (sz=32, trace=301783, class=Point@5000255b)
ARR 5000270f (sz=32, trace=301784, nelems=0, elem type=char[])
OBJ 50002710 (sz=32, trace=301537, class=Point@5000255b)
OBJ 50002711 (sz=32, trace=301535, class=sun.misc.FloatingDecimal$ASCIIToBinaryBuffer@500024ac)
ARR 50002712 (sz=32, trace=301785, nelems=0, elem type=char[])
OBJ 50002713 (sz=32, trace=301535, class=sun.misc.FloatingDecimal$ASCIIToBinaryBuffer@500024ac)
OBJ 50002714 (sz=32, trace=301786, class=Point@5000255b)
OBJ 50002715 (sz=32, trace=301787, class=Line@50006f05)
OBJ 50002716 (sz=24, trace=301779, class=java.lang.String@5000016f)
ARR 50002717 (sz=80, trace=300326, nelems=0, elem type=char[])
OBJ 50002718 (sz=24, trace=301497, class=java.util.ArrayList@500000c5)
OBJ 50002719 (sz=24, trace=301498, class=java.lang.String@5000016f)
ARR 5000271a (sz=32, trace=301499, nelems=0, elem type=char[])
ARR 5000271b (sz=56, trace=300281, nelems=0, elem type=java.lang.Object[]@5000010a)
OBJ 5000271c (sz=24, trace=301498, class=java.lang.String@5000016f)
ARR 5000271d (sz=32, trace=301499, nelems=0, elem type=char[])
OBJ 5000271e (sz=24, trace=301498, class=java.lang.String@5000016f)
ARR 5000271f (sz=32, trace=301499, nelems=0, elem type=char[])
OBJ 50002720 (sz=32, trace=301537, class=Point@5000255b)
OBJ 50002721 (sz=24, trace=301500, class=java.lang.String@5000016f)
ARR 50002722 (sz=32, trace=301501, nelems=0, elem type=char[])
ARR 50002723 (sz=32, trace=301780, nelems=0, elem type=java.lang.String[]@500000cf)
OBJ 50002724 (sz=40, trace=301504, class=java.util.ArrayList$SubList@5000248a)
OBJ 50002725 (sz=40, trace=301506, class=java.util.ArrayList$SubList$1@5000248d)
ARR 50002726 (sz=32, trace=301781, nelems=0, elem type=char[])
OBJ 50002727 (sz=32, trace=301535, class=sun.misc.FloatingDecimal$ASCIIToBinaryBuffer@500024ac)
ARR 50002728 (sz=32, trace=301782, nelems=0, elem type=char[])
OBJ 50002729 (sz=32, trace=301535, class=sun.misc.FloatingDecimal$ASCIIToBinaryBuffer@500024ac)
OBJ 5000272a (sz=32, trace=301783, class=Point@5000255b)
ARR 5000272b (sz=32, trace=301784, nelems=0, elem type=char[])
OBJ 5000272c (sz=32, trace=301535, class=sun.misc.FloatingDecimal$ASCIIToBinaryBuffer@500024ac)
ARR 5000272d (sz=32, trace=301785, nelems=0, elem type=char[])
OBJ 5000272e (sz=32, trace=301535, class=sun.misc.FloatingDecimal$ASCIIToBinaryBuffer@500024ac)
OBJ 5000272f (sz=32, trace=301786, class=Point@5000255b)
OBJ 50002730 (sz=32, trace=301537, class=Point@5000255b)
OBJ 50002731 (sz=32, trace=301787, class=Line@50006f05)
OBJ 50002732 (sz=24, trace=301779, class=java.lang.String@5000016f)
ARR 50002733 (sz=88, trace=300326, nelems=0, elem type=char[])
OBJ 50002734 (sz=24, trace=301497, class=java.util.ArrayList@500000c5)
OBJ 50002735 (sz=24, trace=301498, class=java.lang.String@5000016f)
ARR 50002736 (sz=32, trace=301499, nelems=0, elem type=char[])
ARR 50002737 (sz=56, trace=300281, nelems=0, elem type=java.lang.Object[]@5000010a)
OBJ 50002738 (sz=24, trace=301498, class=java.lang.String@5000016f)
ARR 50002739 (sz=32, trace=301499, nelems=0, elem type=char[])
OBJ 5000273a (sz=24, trace=301498, class=java.lang.String@5000016f)
ARR 5000273b (sz=32, trace=301499, nelems=0, elem type=char[])
OBJ 5000273c (sz=24, trace=301500, class=java.lang.String@5000016f)
ARR 5000273d (sz=32, trace=301501, nelems=0, elem type=char[])
ARR 5000273e (sz=32, trace=301780, nelems=0, elem type=java.lang.String[]@500000cf)
OBJ 5000273f (sz=40, trace=301504, class=java.util.ArrayList$SubList@5000248a)
OBJ 50002740 (sz=32, trace=301537, class=Point@5000255b)
OBJ 50002741 (sz=40, trace=301506, class=java.util.ArrayList$SubList$1@5000248d)
ARR 50002742 (sz=32, trace=301781, nelems=0, elem type=char[])
OBJ 50002743 (sz=32, trace=301535, class=sun.misc.FloatingDecimal$ASCIIToBinaryBuffer@500024ac)
ARR 50002744 (sz=32, trace=301782, nelems=0, elem type=char[])
OBJ 50002745 (sz=32, trace=301535, class=sun.misc.FloatingDecimal$ASCIIToBinaryBuffer@500024ac)
OBJ 50002746 (sz=32, trace=301783, class=Point@5000255b)
ARR 50002747 (sz=32, trace=301784, nelems=0, elem type=char[])
OBJ 50002748 (sz=32, trace=301535, class=sun.misc.FloatingDecimal$ASCIIToBinaryBuffer@500024ac)
ARR 50002749 (sz=32, trace=301785, nelems=0, elem type=char[])
OBJ 5000274a (sz=32, trace=301535, class=sun.misc.FloatingDecimal$ASCIIToBinaryBuffer@500024ac)
OBJ 5000274b (sz=32, trace=301786, class=Point@5000255b)
OBJ 5000274c (sz=32, trace=301787, class=Line@50006f05)
OBJ 5000274d (sz=24, trace=301779, class=java.lang.String@5000016f)
ARR 5000274e (sz=88, trace=300326, nelems=0, elem type=char[])
OBJ 5000274f (sz=24, trace=301497, class=java.util.ArrayList@500000c5)
OBJ 50002750 (sz=32, trace=301537, class=Point@5000255b)
OBJ 50002751 (sz=24, trace=301498, class=java.lang.String@5000016f)
ARR 50002752 (sz=32, trace=301499, nelems=0, elem type=char[])
ARR 50002753 (sz=56, trace=300281, nelems=0, elem type=java.lang.Object[]@5000010a)
OBJ 50002754 (sz=24, trace=301498, class=java.lang.String@5000016f)
ARR 50002755 (sz=32, trace=301499, nelems=0, elem type=char[])
OBJ 50002756 (sz=24, trace=301498, class=java.lang.String@5000016f)
ARR 50002757 (sz=32, trace=301499, nelems=0, elem type=char[])
OBJ 50002758 (sz=24, trace=301500, class=java.lang.String@5000016f)
ARR 50002759 (sz=32, trace=301501, nelems=0, elem type=char[])
ARR 5000275a (sz=32, trace=301780, nelems=0, elem type=java.lang.String[]@500000cf)
OBJ 5000275b (sz=40, trace=301504, class=java.util.ArrayList$SubList@5000248a)
OBJ 5000275c (sz=40, trace=301506, class=java.util.ArrayList$SubList$1@5000248d)
ARR 5000275d (sz=32, trace=301781, nelems=0, elem type=char[])
OBJ 5000275e (sz=32, trace=301535, class=sun.misc.FloatingDecimal$ASCIIToBinaryBuffer@500024ac)
ARR 5000275f (sz=32, trace=301782, nelems=0, elem type=char[])
OBJ 50002760 (sz=32, trace=301537, class=Point@5000255b)
OBJ 50002761 (sz=32, trace=301535, class=sun.misc.FloatingDecimal$ASCIIToBinaryBuffer@500024ac)
OBJ 50002762 (sz=32, trace=301783, class=Point@5000255b)
ARR 50002763 (sz=32, trace=301784, nelems=0, elem type=char[])
OBJ 50002764 (sz=32, trace=301535, class=sun.misc.FloatingDecimal$ASCIIToBinaryBuffer@500024ac)
ARR 50002765 (sz=32, trace=301785, nelems=0, elem type=char[])
OBJ 50002766 (sz=32, trace=301535, class=sun.misc.FloatingDecimal$ASCIIToBinaryBuffer@500024ac)
OBJ 50002767 (sz=32, trace=301786, class=Point@5000255b)
OBJ 50002768 (sz=32, trace=301787, class=Line@50006f05)
OBJ 50002769 (sz=24, trace=301779, class=java.lang.String@5000016f)
ARR 5000276a (sz=88, trace=300326, nelems=0, elem type=char[])
OBJ 5000276b (sz=24, trace=301497, class=java.util.ArrayList@500000c5)
OBJ 5000276c (sz=24, trace=301498, class=java.lang.String@5000016f)
ARR 5000276d (sz=32, trace=301499, nelems=0, elem type=char[])
ARR 5000276e (sz=56, trace=300281, nelems=0, elem type=java.lang.Object[]@5000010a)
OBJ 5000276f (sz=24, trace=301498, class=java.lang.String@5000016f)
OBJ 50002770 (sz=32, trace=301537, class=Point@5000255b)
ARR 50002771 (sz=32, trace=301499, nelems=0, elem type=char[])
OBJ 50002772 (sz=24, trace=301498, class=java.lang.String@5000016f)
ARR 50002773 (sz=32, trace=301499, nelems=0, elem type=char[])
OBJ 50002774 (sz=24, trace=301500, class=java.lang.String@5000016f)
ARR 50002775 (sz=32, trace=301501, nelems=0, elem type=char[])
ARR 50002776 (sz=32, trace=301780, nelems=0, elem type=java.lang.String[]@500000cf)
OBJ 50002777 (sz=40, trace=301504, class=java.util.ArrayList$SubList@5000248a)
OBJ 50002778 (sz=40, trace=301506, class=java.util.ArrayList$SubList$1@5000248d)
ARR 50002779 (sz=32, trace=301781, nelems=0, elem type=char[])
OBJ 5000277a (sz=32, trace=301535, class=sun.misc.FloatingDecimal$ASCIIToBinaryBuffer@500024ac)
ARR 5000277b (sz=32, trace=301782, nelems=0, elem type=char[])
OBJ 5000277c (sz=32, trace=301535, class=sun.misc.FloatingDecimal$ASCIIToBinaryBuffer@500024ac)
OBJ 5000277d (sz=32, trace=301783, class=Point@5000255b)
ARR 5000277e (sz=32, trace=301784, nelems=0, elem type=char[])
OBJ 5000277f (sz=32, trace=301535, class=sun.misc.FloatingDecimal$ASCIIToBinaryBuffer@500024ac)
ARR 50002780 (sz=32, trace=301785, nelems=0, elem type=char[])
OBJ 50002781 (sz=32, trace=301537, class=Point@5000255b)
OBJ 50002782 (sz=32, trace=301535, class=sun.misc.FloatingDecimal$ASCIIToBinaryBuffer@500024ac)
OBJ 50002783 (sz=32, trace=301786, class=Point@5000255b)
OBJ 50002784 (sz=32, trace=301787, class=Line@50006f05)
OBJ 50002785 (sz=24, trace=301779, class=java.lang.String@5000016f)
ARR 50002786 (sz=88, trace=300326, nelems=0, elem type=char[])
OBJ 50002787 (sz=24, trace=301497, class=java.util.ArrayList@500000c5)
OBJ 50002788 (sz=24, trace=301498, class=java.lang.String@5000016f)
ARR 50002789 (sz=32, trace=301499, nelems=0, elem type=char[])
ARR 5000278a (sz=56, trace=300281, nelems=0, elem type=java.lang.Object[]@5000010a)
OBJ 5000278b (sz=24, trace=301498, class=java.lang.String@5000016f)
ARR 5000278c (sz=32, trace=301499, nelems=0, elem type=char[])
OBJ 5000278d (sz=24, trace=301498, class=java.lang.String@5000016f)
ARR 5000278e (sz=32, trace=301499, nelems=0, elem type=char[])
OBJ 5000278f (sz=24, trace=301500, class=java.lang.String@5000016f)
ARR 50002790 (sz=32, trace=301501, nelems=0, elem type=char[])
OBJ 50002791 (sz=32, trace=301537, class=Point@5000255b)
ARR 50002792 (sz=32, trace=301780, nelems=0, elem type=java.lang.String[]@500000cf)
OBJ 50002793 (sz=40, trace=301504, class=java.util.ArrayList$SubList@5000248a)
OBJ 50002794 (sz=40, trace=301506, class=java.util.ArrayList$SubList$1@5000248d)
ARR 50002795 (sz=32, trace=301781, nelems=0, elem type=char[])
OBJ 50002796 (sz=32, trace=301535, class=sun.misc.FloatingDecimal$ASCIIToBinaryBuffer@500024ac)
ARR 50002797 (sz=32, trace=301782, nelems=0, elem type=char[])
OBJ 50002798 (sz=32, trace=301535, class=sun.misc.FloatingDecimal$ASCIIToBinaryBuffer@500024ac)
OBJ 50002799 (sz=32, trace=301783, class=Point@5000255b)
ARR 5000279a (sz=32, trace=301784, nelems=0, elem type=char[])
OBJ 5000279b (sz=32, trace=301535, class=sun.misc.FloatingDecimal$ASCIIToBinaryBuffer@500024ac)
ARR 5000279c (sz=32, trace=301785, nelems=0, elem type=char[])
OBJ 5000279d (sz=32, trace=301535, class=sun.misc.FloatingDecimal$ASCIIToBinaryBuffer@500024ac)
OBJ 5000279e (sz=32, trace=301786, class=Point@5000255b)
OBJ 5000279f (sz=32, trace=301787, class=Line@50006f05)
OBJ 500027a0 (sz=24, trace=301779, class=java.lang.String@5000016f)
OBJ 500027a1 (sz=32, trace=301537, class=Point@5000255b)
ARR 500027a2 (sz=88, trace=300326, nelems=0, elem type=char[])
OBJ 500027a3 (sz=24, trace=301497, class=java.util.ArrayList@500000c5)
OBJ 500027a4 (sz=24, trace=301498, class=java.lang.String@5000016f)
ARR 500027a5 (sz=32, trace=301499, nelems=0, elem type=char[])
ARR 500027a6 (sz=56, trace=300281, nelems=0, elem type=java.lang.Object[]@5000010a)
OBJ 500027a7 (sz=24, trace=301498, class=java.lang.String@5000016f)
ARR 500027a8 (sz=32, trace=301499, nelems=0, elem type=char[])
OBJ 500027a9 (sz=24, trace=301498, class=java.lang.String@5000016f)
ARR 500027aa (sz=32, trace=301499, nelems=0, elem type=char[])
OBJ 500027ab (sz=24, trace=301500, class=java.lang.String@5000016f)
ARR 500027ac (sz=32, trace=301501, nelems=0, elem type=char[])
ARR 500027ad (sz=32, trace=301780, nelems=0, elem type=java.lang.String[]@500000cf)
OBJ 500027ae (sz=40, trace=301504, class=java.util.ArrayList$SubList@5000248a)
OBJ 500027af (sz=40, trace=301506, class=java.util.ArrayList$SubList$1@5000248d)
ARR 500027b0 (sz=32, trace=301781, nelems=0, elem type=char[])
OBJ 500027b1 (sz=32, trace=301537, class=Point@5000255b)
OBJ 500027b2 (sz=32, trace=301535, class=sun.misc.FloatingDecimal$ASCIIToBinaryBuffer@500024ac)
ARR 500027b3 (sz=32, trace=301782, nelems=0, elem type=char[])
OBJ 500027b4 (sz=32, trace=301535, class=sun.misc.FloatingDecimal$ASCIIToBinaryBuffer@500024ac)
OBJ 500027b5 (sz=32, trace=301783, class=Point@5000255b)
ARR 500027b6 (sz=32, trace=301784, nelems=0, elem type=char[])
OBJ 500027b7 (sz=32, trace=301535, class=sun.misc.FloatingDecimal$ASCIIToBinaryBuffer@500024ac)
ARR 500027b8 (sz=32, trace=301785, nelems=0, elem type=char[])
OBJ 500027b9 (sz=32, trace=301535, class=sun.misc.FloatingDecimal$ASCIIToBinaryBuffer@500024ac)
OBJ 500027ba (sz=32, trace=301786, class=Point@5000255b)
OBJ 500027bb (sz=32, trace=301787, class=Line@50006f05)
OBJ 500027bc (sz=24, trace=301779, class=java.lang.String@5000016f)
ARR 500027bd (sz=88, trace=300326, nelems=0, elem type=char[])
OBJ 500027be (sz=24, trace=301497, class=java.util.ArrayList@500000c5)
OBJ 500027bf (sz=24, trace=301498, class=java.lang.String@5000016f)
ARR 500027c0 (sz=32, trace=301499, nelems=0, elem type=char[])
OBJ 500027c1 (sz=32, trace=301537, class=Point@5000255b)
ARR 500027c2 (sz=56, trace=300281, nelems=0, elem type=java.lang.Object[]@5000010a)
OBJ 500027c3 (sz=24, trace=301498, class=java.lang.String@5000016f)
ARR 500027c4 (sz=32, trace=301499, nelems=0, elem type=char[])
OBJ 500027c5 (sz=24, trace=301498, class=java.lang.String@5000016f)
ARR 500027c6 (sz=32, trace=301499, nelems=0, elem type=char[])
OBJ 500027c7 (sz=24, trace=301500, class=java.lang.String@5000016f)
ARR 500027c8 (sz=32, trace=301501, nelems=0, elem type=char[])
ARR 500027c9 (sz=32, trace=301780, nelems=0, elem type=java.lang.String[]@500000cf)
OBJ 500027ca (sz=40, trace=301504, class=java.util.ArrayList$SubList@5000248a)
OBJ 500027cb (sz=40, trace=301506, class=java.util.ArrayList$SubList$1@5000248d)
ARR 500027cc (sz=32, trace=301781, nelems=0, elem type=char[])
OBJ 500027cd (sz=32, trace=301535, class=sun.misc.FloatingDecimal$ASCIIToBinaryBuffer@500024ac)
ARR 500027ce (sz=32, trace=301782, nelems=0, elem type=char[])
OBJ 500027cf (sz=32, trace=301535, class=sun.misc.FloatingDecimal$ASCIIToBinaryBuffer@500024ac)
OBJ 500027d0 (sz=32, trace=301783, class=Point@5000255b)
OBJ 500027d1 (sz=32, trace=301537, class=Point@5000255b)
ARR 500027d2 (sz=32, trace=301784, nelems=0, elem type=char[])
OBJ 500027d3 (sz=32, trace=301535, class=sun.misc.FloatingDecimal$ASCIIToBinaryBuffer@500024ac)
ARR 500027d4 (sz=32, trace=301785, nelems=0, elem type=char[])
OBJ 500027d5 (sz=32, trace=301535, class=sun.misc.FloatingDecimal$ASCIIToBinaryBuffer@500024ac)
OBJ 500027d6 (sz=32, trace=301786, class=Point@5000255b)
OBJ 500027d7 (sz=32, trace=301787, class=Line@50006f05)
OBJ 500027d8 (sz=24, trace=301779, class=java.lang.String@5000016f)
ARR 500027d9 (sz=88, trace=300326, nelems=0, elem type=char[])
OBJ 500027da (sz=24, trace=301497, class=java.util.ArrayList@500000c5)
OBJ 500027db (sz=24, trace=301498, class=java.lang.String@5000016f)
ARR 500027dc (sz=32, trace=301499, nelems=0, elem type=char[])
ARR 500027dd (sz=56, trace=300281, nelems=0, elem type=java.lang.Object[]@5000010a)
OBJ 500027de (sz=24, trace=301498, class=java.lang.String@5000016f)
ARR 500027df (sz=32, trace=301499, nelems=0, elem type=char[])
OBJ 500027e0 (sz=24, trace=301498, class=java.lang.String@5000016f)
OBJ 500027e1 (sz=32, trace=301537, class=Point@5000255b)
ARR 500027e2 (sz=32, trace=301499, nelems=0, elem type=char[])
OBJ 500027e3 (sz=24, trace=301500, class=java.lang.String@5000016f)
ARR 500027e4 (sz=32, trace=301501, nelems=0, elem type=char[])
ARR 500027e5 (sz=32, trace=301780, nelems=0, elem type=java.lang.String[]@500000cf)
OBJ 500027e6 (sz=40, trace=301504, class=java.util.ArrayList$SubList@5000248a)
OBJ 500027e7 (sz=40, trace=301506, class=java.util.ArrayList$SubList$1@5000248d)
ARR 500027e8 (sz=32, trace=301781, nelems=0, elem type=char[])
OBJ 500027e9 (sz=32, trace=301535, class=sun.misc.FloatingDecimal$ASCIIToBinaryBuffer@500024ac)
ARR 500027ea (sz=32, trace=301782, nelems=0, elem type=char[])
OBJ 500027eb (sz=32, trace=301535, class=sun.misc.FloatingDecimal$ASCIIToBinaryBuffer@500024ac)
OBJ 500027ec (sz=32, trace=301783, class=Point@5000255b)
ARR 500027ed (sz=32, trace=301784, nelems=0, elem type=char[])
OBJ 500027ee (sz=32, trace=301535, class=sun.misc.FloatingDecimal$ASCIIToBinaryBuffer@500024ac)
ARR 500027ef (sz=32, trace=301785, nelems=0, elem type=char[])
OBJ 500027f0 (sz=32, trace=301535, class=sun.misc.FloatingDecimal$ASCIIToBinaryBuffer@500024ac)
OBJ 500027f1 (sz=32, trace=301537, class=Point@5000255b)
OBJ 500027f2 (sz=32, trace=301786, class=Point@5000255b)
OBJ 500027f3 (sz=32, trace=301787, class=Line@50006f05)
OBJ 500027f4 (sz=24, trace=301779, class=java.lang.String@5000016f)
ARR 500027f5 (sz=88, trace=300326, nelems=0, elem type=char[])
OBJ 500027f6 (sz=24, trace=301497, class=java.util.ArrayList@500000c5)
OBJ 500027f7 (sz=24, trace=301498, class=java.lang.String@5000016f)
ARR 500027f8 (sz=32, trace=301499, nelems=0, elem type=char[])
ARR 500027f9 (sz=56, trace=300281, nelems=0, elem type=java.lang.Object[]@5000010a)
OBJ 500027fa (sz=24, trace=301498, class=java.lang.String@5000016f)
ARR 500027fb (sz=32, trace=301499, nelems=0, elem type=char[])
OBJ 500027fc (sz=24, trace=301498, class=java.lang.String@5000016f)
ARR 500027fd (sz=32, trace=301499, nelems=0, elem type=char[])
OBJ 500027fe (sz=24, trace=301500, class=java.lang.String@5000016f)
ARR 500027ff (sz=32, trace=301501, nelems=0, elem type=char[])
ARR 50002800 (sz=32, trace=301780, nelems=0, elem type=java.lang.String[]@500000cf)
OBJ 50002801 (sz=32, trace=301537, class=Point@5000255b)
OBJ 50002802 (sz=40, trace=301504, class=java.util.ArrayList$SubList@5000248a)
OBJ 50002803 (sz=40, trace=301506, class=java.util.ArrayList$SubList$1@5000248d)
ARR 50002804 (sz=32, trace=301781, nelems=0, elem type=char[])
OBJ 50002805 (sz=32, trace=301535, class=sun.misc.FloatingDecimal$ASCIIToBinaryBuffer@500024ac)
ARR 50002806 (sz=32, trace=301782, nelems=0, elem type=char[])
OBJ 50002807 (sz=32, trace=301535, class=sun.misc.FloatingDecimal$ASCIIToBinaryBuffer@500024ac)
OBJ 50002808 (sz=32, trace=301783, class=Point@5000255b)
ARR 50002809 (sz=32, trace=301784, nelems=0, elem type=char[])
OBJ 5000280a (sz=32, trace=301535, class=sun.misc.FloatingDecimal$ASCIIToBinaryBuffer@500024ac)
ARR 5000280b (sz=32, trace=301785, nelems=0, elem type=char[])
OBJ 5000280c (sz=32, trace=301535, class=sun.misc.FloatingDecimal$ASCIIToBinaryBuffer@500024ac)
OBJ 5000280d (sz=32, trace=301786, class=Point@5000255b)
OBJ 5000280e (sz=32, trace=301787, class=Line@50006f05)
OBJ 5000280f (sz=24, trace=301779, class=java.lang.String@5000016f)
ARR 50002810 (sz=88, trace=300326, nelems=0, elem type=char[])
OBJ 50002811 (sz=32, trace=301537, class=Point@5000255b)
OBJ 50002812 (sz=24, trace=301497, class=java.util.ArrayList@500000c5)
OBJ 50002813 (sz=24, trace=301498, class=java.lang.String@5000016f)
ARR 50002814 (sz=32, trace=301499, nelems=0, elem type=char[])
ARR 50002815 (sz=56, trace=300281, nelems=0, elem type=java.lang.Object[]@5000010a)
OBJ 50002816 (sz=24, trace=301498, class=java.lang.String@5000016f)
ARR 50002817 (sz=32, trace=301499, nelems=0, elem type=char[])
OBJ 50002818 (sz=24, trace=301498, class=java.lang.String@5000016f)
ARR 50002819 (sz=32, trace=301499, nelems=0, elem type=char[])
OBJ 5000281a (sz=24, trace=301500, class=java.lang.String@5000016f)
ARR 5000281b (sz=32, trace=301501, nelems=0, elem type=char[])
ARR 5000281c (sz=32, trace=301780, nelems=0, elem type=java.lang.String[]@500000cf)
OBJ 5000281d (sz=40, trace=301504, class=java.util.ArrayList$SubList@5000248a)
OBJ 5000281e (sz=40, trace=301506, class=java.util.ArrayList$SubList$1@5000248d)
ARR 5000281f (sz=32, trace=301781, nelems=0, elem type=char[])
OBJ 50002820 (sz=32, trace=301535, class=sun.misc.FloatingDecimal$ASCIIToBinaryBuffer@500024ac)
OBJ 50002821 (sz=32, trace=301537, class=Point@5000255b)
ARR 50002822 (sz=32, trace=301782, nelems=0, elem type=char[])
OBJ 50002823 (sz=32, trace=301535, class=sun.misc.FloatingDecimal$ASCIIToBinaryBuffer@500024ac)
OBJ 50002824 (sz=32, trace=301783, class=Point@5000255b)
ARR 50002825 (sz=32, trace=301784, nelems=0, elem type=char[])
OBJ 50002826 (sz=32, trace=301535, class=sun.misc.FloatingDecimal$ASCIIToBinaryBuffer@500024ac)
ARR 50002827 (sz=32, trace=301785, nelems=0, elem type=char[])
OBJ 50002828 (sz=32, trace=301535, class=sun.misc.FloatingDecimal$ASCIIToBinaryBuffer@500024ac)
OBJ 50002829 (sz=32, trace=301786, class=Point@5000255b)
OBJ 5000282a (sz=32, trace=301787, class=Line@50006f05)
OBJ 5000282b (sz=24, trace=301779, class=java.lang.String@5000016f)
ARR 5000282c (sz=88, trace=300326, nelems=0, elem type=char[])
OBJ 5000282d (sz=24, trace=301497, class=java.util.ArrayList@500000c5)
OBJ 5000282e (sz=24, trace=301498, class=java.lang.String@5000016f)
ARR 5000282f (sz=32, trace=301499, nelems=0, elem type=char[])
ARR 50002830 (sz=56, trace=300281, nelems=0, elem type=java.lang.Object[]@5000010a)
OBJ 50002831 (sz=32, trace=301537, class=Point@5000255b)
OBJ 50002832 (sz=24, trace=301498, class=java.lang.String@5000016f)
ARR 50002833 (sz=32, trace=301499, nelems=0, elem type=char[])
OBJ 50002834 (sz=24, trace=301498, class=java.lang.String@5000016f)
ARR 50002835 (sz=32, trace=301499, nelems=0, elem type=char[])
OBJ 50002836 (sz=24, trace=301500, class=java.lang.String@5000016f)
ARR 50002837 (sz=32, trace=301501, nelems=0, elem type=char[])
ARR 50002838 (sz=32, trace=301780, nelems=0, elem type=java.lang.String[]@500000cf)
OBJ 50002839 (sz=40, trace=301504, class=java.util.ArrayList$SubList@5000248a)
OBJ 5000283a (sz=40, trace=301506, class=java.util.ArrayList$SubList$1@5000248d)
ARR 5000283b (sz=32, trace=301781, nelems=0, elem type=char[])
OBJ 5000283c (sz=32, trace=301535, class=sun.misc.FloatingDecimal$ASCIIToBinaryBuffer@500024ac)
ARR 5000283d (sz=32, trace=301782, nelems=0, elem type=char[])
OBJ 5000283e (sz=32, trace=301535, class=sun.misc.FloatingDecimal$ASCIIToBinaryBuffer@500024ac)
OBJ 5000283f (sz=32, trace=301783, class=Point@5000255b)
ARR 50002840 (sz=32, trace=301784, nelems=0, elem type=char[])
OBJ 50002841 (sz=32, trace=301537, class=Point@5000255b)
OBJ 50002842 (sz=32, trace=301535, class=sun.misc.FloatingDecimal$ASCIIToBinaryBuffer@500024ac)
ARR 50002843 (sz=32, trace=301785, nelems=0, elem type=char[])
OBJ 50002844 (sz=32, trace=301535, class=sun.misc.FloatingDecimal$ASCIIToBinaryBuffer@500024ac)
OBJ 50002845 (sz=32, trace=301786, class=Point@5000255b)
OBJ 50002846 (sz=32, trace=301787, class=Line@50006f05)
OBJ 50002847 (sz=24, trace=301779, class=java.lang.String@5000016f)
ARR 50002848 (sz=88, trace=300326, nelems=0, elem type=char[])
OBJ 50002849 (sz=24, trace=301497, class=java.util.ArrayList@500000c5)
OBJ 5000284a (sz=24, trace=301498, class=java.lang.String@5000016f)
ARR 5000284b (sz=32, trace=301499, nelems=0, elem type=char[])
ARR 5000284c (sz=56, trace=300281, nelems=0, elem type=java.lang.Object[]@5000010a)
OBJ 5000284d (sz=24, trace=301498, class=java.lang.String@5000016f)
ARR 5000284e (sz=32, trace=301499, nelems=0, elem type=char[])
OBJ 5000284f (sz=24, trace=301498, class=java.lang.String@5000016f)
ARR 50002850 (sz=32, trace=301499, nelems=0, elem type=char[])
OBJ 50002851 (sz=32, trace=301537, class=Point@5000255b)
OBJ 50002852 (sz=24, trace=301500, class=java.lang.String@5000016f)
ARR 50002853 (sz=32, trace=301501, nelems=0, elem type=char[])
ARR 50002854 (sz=32, trace=301780, nelems=0, elem type=java.lang.String[]@500000cf)
OBJ 50002855 (sz=40, trace=301504, class=java.util.ArrayList$SubList@5000248a)
OBJ 50002856 (sz=40, trace=301506, class=java.util.ArrayList$SubList$1@5000248d)
ARR 50002857 (sz=32, trace=301781, nelems=0, elem type=char[])
OBJ 50002858 (sz=32, trace=301535, class=sun.misc.FloatingDecimal$ASCIIToBinaryBuffer@500024ac)
ARR 50002859 (sz=32, trace=301782, nelems=0, elem type=char[])
OBJ 5000285a (sz=32, trace=301535, class=sun.misc.FloatingDecimal$ASCIIToBinaryBuffer@500024ac)
OBJ 5000285b (sz=32, trace=301783, class=Point@5000255b)
ARR 5000285c (sz=32, trace=301784, nelems=0, elem type=char[])
OBJ 5000285d (sz=32, trace=301535, class=sun.misc.FloatingDecimal$ASCIIToBinaryBuffer@500024ac)
ARR 5000285e (sz=32, trace=301785, nelems=0, elem type=char[])
OBJ 5000285f (sz=32, trace=301535, class=sun.misc.FloatingDecimal$ASCIIToBinaryBuffer@500024ac)
OBJ 50002860 (sz=32, trace=301786, class=Point@5000255b)
OBJ 50002861 (sz=32, trace=301537, class=Point@5000255b)
OBJ 50002862 (sz=32, trace=301787, class=Line@50006f05)
OBJ 50002863 (sz=24, trace=301779, class=java.lang.String@5000016f)
ARR 50002864 (sz=88, trace=300326, nelems=0, elem type=char[])
OBJ 50002865 (sz=24, trace=301497, class=java.util.ArrayList@500000c5)
OBJ 50002866 (sz=24, trace=301498, class=java.lang.String@5000016f)
ARR 50002867 (sz=32, trace=301499, nelems=0, elem type=char[])
ARR 50002868 (sz=56, trace=300281, nelems=0, elem type=java.lang.Object[]@5000010a)
OBJ 50002869 (sz=24, trace=301498, class=java.lang.String@5000016f)
ARR 5000286a (sz=32, trace=301499, nelems=0, elem type=char[])
OBJ 5000286b (sz=24, trace=301498, class=java.lang.String@5000016f)
ARR 5000286c (sz=32, trace=301499, nelems=0, elem type=char[])
OBJ 5000286d (sz=24, trace=301500, class=java.lang.String@5000016f)
ARR 5000286e (sz=32, trace=301501, nelems=0, elem type=char[])
ARR 5000286f (sz=32, trace=301780, nelems=0, elem type=java.lang.String[]@500000cf)
OBJ 50002870 (sz=40, trace=301504, class=java.util.ArrayList$SubList@5000248a)
OBJ 50002871 (sz=32, trace=301537, class=Point@5000255b)
OBJ 50002872 (sz=40, trace=301506, class=java.util.ArrayList$SubList$1@5000248d)
ARR 50002873 (sz=32, trace=301781, nelems=0, elem type=char[])
OBJ 50002874 (sz=32, trace=301535, class=sun.misc.FloatingDecimal$ASCIIToBinaryBuffer@500024ac)
ARR 50002875 (sz=32, trace=301782, nelems=0, elem type=char[])
OBJ 50002876 (sz=32, trace=301535, class=sun.misc.FloatingDecimal$ASCIIToBinaryBuffer@500024ac)
OBJ 50002877 (sz=32, trace=301783, class=Point@5000255b)
ARR 50002878 (sz=32, trace=301784, nelems=0, elem type=char[])
OBJ 50002879 (sz=32, trace=301535, class=sun.misc.FloatingDecimal$ASCIIToBinaryBuffer@500024ac)
ARR 5000287a (sz=32, trace=301785, nelems=0, elem type=char[])
OBJ 5000287b (sz=32, trace=301535, class=sun.misc.FloatingDecimal$ASCIIToBinaryBuffer@500024ac)
OBJ 5000287c (sz=32, trace=301786, class=Point@5000255b)
OBJ 5000287d (sz=32, trace=301787, class=Line@50006f05)
OBJ 5000287e (sz=24, trace=301779, class=java.lang.String@5000016f)
ARR 5000287f (sz=80, trace=300326, nelems=0, elem type=char[])
OBJ 50002880 (sz=24, trace=301497, class=java.util.ArrayList@500000c5)
OBJ 50002881 (sz=24, trace=301498, class=java.lang.String@5000016f)
OBJ 50002882 (sz=32, trace=301537, class=Point@5000255b)
ARR 50002883 (sz=32, trace=301499, nelems=0, elem type=char[])
ARR 50002884 (sz=56, trace=300281, nelems=0, elem type=java.lang.Object[]@5000010a)
OBJ 50002885 (sz=24, trace=301498, class=java.lang.String@5000016f)
ARR 50002886 (sz=32, trace=301499, nelems=0, elem type=char[])
OBJ 50002887 (sz=24, trace=301498, class=java.lang.String@5000016f)
ARR 50002888 (sz=32, trace=301499, nelems=0, elem type=char[])
OBJ 50002889 (sz=24, trace=301500, class=java.lang.String@5000016f)
ARR 5000288a (sz=32, trace=301501, nelems=0, elem type=char[])
ARR 5000288b (sz=32, trace=301780, nelems=0, elem type=java.lang.String[]@500000cf)
OBJ 5000288c (sz=40, trace=301504, class=java.util.ArrayList$SubList@5000248a)
OBJ 5000288d (sz=40, trace=301506, class=java.util.ArrayList$SubList$1@5000248d)
ARR 5000288e (sz=32, trace=301781, nelems=0, elem type=char[])
OBJ 5000288f (sz=32, trace=301535, class=sun.misc.FloatingDecimal$ASCIIToBinaryBuffer@500024ac)
ARR 50002890 (sz=32, trace=301782, nelems=0, elem type=char[])
OBJ 50002891 (sz=32, trace=301535, class=sun.misc.FloatingDecimal$ASCIIToBinaryBuffer@500024ac)
OBJ 50002892 (sz=32, trace=301537, class=Point@5000255b)
OBJ 50002893 (sz=32, trace=301783, class=Point@5000255b)
ARR 50002894 (sz=32, trace=301784, nelems=0, elem type=char[])
OBJ 50002895 (sz=32, trace=301535, class=sun.misc.FloatingDecimal$ASCIIToBinaryBuffer@500024ac)
ARR 50002896 (sz=32, trace=301785, nelems=0, elem type=char[])
OBJ 50002897 (sz=32, trace=301535, class=sun.misc.FloatingDecimal$ASCIIToBinaryBuffer@500024ac)
OBJ 50002898 (sz=32, trace=301786, class=Point@5000255b)
OBJ 50002899 (sz=32, trace=301787, class=Line@50006f05)
OBJ 5000289a (sz=24, trace=301779, class=java.lang.String@5000016f)
ARR 5000289b (sz=80, trace=300326, nelems=0, elem type=char[])
OBJ 5000289c (sz=24, trace=301497, class=java.util.ArrayList@500000c5)
OBJ 5000289d (sz=24, trace=301498, class=java.lang.String@5000016f)
ARR 5000289e (sz=32, trace=301499, nelems=0, elem type=char[])
ARR 5000289f (sz=56, trace=300281, nelems=0, elem type=java.lang.Object[]@5000010a)
OBJ 500028a0 (sz=24, trace=301498, class=java.lang.String@5000016f)
ARR 500028a1 (sz=32, trace=301499, nelems=0, elem type=char[])
OBJ 500028a2 (sz=32, trace=301537, class=Point@5000255b)
OBJ 500028a3 (sz=24, trace=301498, class=java.lang.String@5000016f)
ARR 500028a4 (sz=32, trace=301499, nelems=0, elem type=char[])
OBJ 500028a5 (sz=24, trace=301500, class=java.lang.String@5000016f)
ARR 500028a6 (sz=32, trace=301501, nelems=0, elem type=char[])
ARR 500028a7 (sz=32, trace=301780, nelems=0, elem type=java.lang.String[]@500000cf)
OBJ 500028a8 (sz=40, trace=301504, class=java.util.ArrayList$SubList@5000248a)
OBJ 500028a9 (sz=40, trace=301506, class=java.util.ArrayList$SubList$1@5000248d)
ARR 500028aa (sz=32, trace=301781, nelems=0, elem type=char[])
OBJ 500028ab (sz=32, trace=301535, class=sun.misc.FloatingDecimal$ASCIIToBinaryBuffer@500024ac)
ARR 500028ac (sz=32, trace=301782, nelems=0, elem type=char[])
OBJ 500028ad (sz=32, trace=301535, class=sun.misc.FloatingDecimal$ASCIIToBinaryBuffer@500024ac)
OBJ 500028ae (sz=32, trace=301783, class=Point@5000255b)
ARR 500028af (sz=32, trace=301784, nelems=0, elem type=char[])
OBJ 500028b0 (sz=32, trace=301535, class=sun.misc.FloatingDecimal$ASCIIToBinaryBuffer@500024ac)
ARR 500028b1 (sz=32, trace=301785, nelems=0, elem type=char[])
OBJ 500028b2 (sz=32, trace=301537, class=Point@5000255b)
OBJ 500028b3 (sz=32, trace=301535, class=sun.misc.FloatingDecimal$ASCIIToBinaryBuffer@500024ac)
OBJ 500028b4 (sz=32, trace=301786, class=Point@5000255b)
OBJ 500028b5 (sz=32, trace=301787, class=Line@50006f05)
OBJ 500028b6 (sz=24, trace=301779, class=java.lang.String@5000016f)
ARR 500028b7 (sz=88, trace=300326, nelems=0, elem type=char[])
OBJ 500028b8 (sz=24, trace=301497, class=java.util.ArrayList@500000c5)
OBJ 500028b9 (sz=24, trace=301498, class=java.lang.String@5000016f)
ARR 500028ba (sz=32, trace=301499, nelems=0, elem type=char[])
ARR 500028bb (sz=56, trace=300281, nelems=0, elem type=java.lang.Object[]@5000010a)
OBJ 500028bc (sz=24, trace=301498, class=java.lang.String@5000016f)
ARR 500028bd (sz=32, trace=301499, nelems=0, elem type=char[])
OBJ 500028be (sz=24, trace=301498, class=java.lang.String@5000016f)
ARR 500028bf (sz=32, trace=301499, nelems=0, elem type=char[])
OBJ 500028c0 (sz=24, trace=301500, class=java.lang.String@5000016f)
ARR 500028c1 (sz=32, trace=301501, nelems=0, elem type=char[])
OBJ 500028c2 (sz=32, trace=301537, class=Point@5000255b)
ARR 500028c3 (sz=32, trace=301780, nelems=0, elem type=java.lang.String[]@500000cf)
OBJ 500028c4 (sz=40, trace=301504, class=java.util.ArrayList$SubList@5000248a)
OBJ 500028c5 (sz=40, trace=301506, class=java.util.ArrayList$SubList$1@5000248d)
ARR 500028c6 (sz=32, trace=301781, nelems=0, elem type=char[])
OBJ 500028c7 (sz=32, trace=301535, class=sun.misc.FloatingDecimal$ASCIIToBinaryBuffer@500024ac)
ARR 500028c8 (sz=32, trace=301782, nelems=0, elem type=char[])
OBJ 500028c9 (sz=32, trace=301535, class=sun.misc.FloatingDecimal$ASCIIToBinaryBuffer@500024ac)
OBJ 500028ca (sz=32, trace=301783, class=Point@5000255b)
ARR 500028cb (sz=32, trace=301784, nelems=0, elem type=char[])
OBJ 500028cc (sz=32, trace=301535, class=sun.misc.FloatingDecimal$ASCIIToBinaryBuffer@500024ac)
ARR 500028cd (sz=32, trace=301785, nelems=0, elem type=char[])
OBJ 500028ce (sz=32, trace=301535, class=sun.misc.FloatingDecimal$ASCIIToBinaryBuffer@500024ac)
OBJ 500028cf (sz=32, trace=301786, class=Point@5000255b)
OBJ 500028d0 (sz=32, trace=301787, class=Line@50006f05)
OBJ 500028d1 (sz=24, trace=301779, class=java.lang.String@5000016f)
OBJ 500028d2 (sz=32, trace=301537, class=Point@5000255b)
ARR 500028d3 (sz=88, trace=300326, nelems=0, elem type=char[])
OBJ 500028d4 (sz=24, trace=301497, class=java.util.ArrayList@500000c5)
OBJ 500028d5 (sz=24, trace=301498, class=java.lang.String@5000016f)
ARR 500028d6 (sz=32, trace=301499, nelems=0, elem type=char[])
ARR 500028d7 (sz=56, trace=300281, nelems=0, elem type=java.lang.Object[]@5000010a)
OBJ 500028d8 (sz=24, trace=301498, class=java.lang.String@5000016f)
ARR 500028d9 (sz=32, trace=301499, nelems=0, elem type=char[])
OBJ 500028da (sz=24, trace=301498, class=java.lang.String@5000016f)
ARR 500028db (sz=32, trace=301499, nelems=0, elem type=char[])
OBJ 500028dc (sz=24, trace=301500, class=java.lang.String@5000016f)
ARR 500028dd (sz=32, trace=301501, nelems=0, elem type=char[])
ARR 500028de (sz=32, trace=301780, nelems=0, elem type=java.lang.String[]@500000cf)
OBJ 500028df (sz=40, trace=301504, class=java.util.ArrayList$SubList@5000248a)
OBJ 500028e0 (sz=40, trace=301506, class=java.util.ArrayList$SubList$1@5000248d)
ARR 500028e1 (sz=32, trace=301781, nelems=0, elem type=char[])
OBJ 500028e2 (sz=32, trace=301537, class=Point@5000255b)
OBJ 500028e3 (sz=32, trace=301535, class=sun.misc.FloatingDecimal$ASCIIToBinaryBuffer@500024ac)
ARR 500028e4 (sz=32, trace=301782, nelems=0, elem type=char[])
OBJ 500028e5 (sz=32, trace=301535, class=sun.misc.FloatingDecimal$ASCIIToBinaryBuffer@500024ac)
OBJ 500028e6 (sz=32, trace=301783, class=Point@5000255b)
ARR 500028e7 (sz=32, trace=301784, nelems=0, elem type=char[])
OBJ 500028e8 (sz=32, trace=301535, class=sun.misc.FloatingDecimal$ASCIIToBinaryBuffer@500024ac)
ARR 500028e9 (sz=32, trace=301785, nelems=0, elem type=char[])
OBJ 500028ea (sz=32, trace=301535, class=sun.misc.FloatingDecimal$ASCIIToBinaryBuffer@500024ac)
OBJ 500028eb (sz=32, trace=301786, class=Point@5000255b)
OBJ 500028ec (sz=32, trace=301787, class=Line@50006f05)
OBJ 500028ed (sz=24, trace=301779, class=java.lang.String@5000016f)
ARR 500028ee (sz=88, trace=300326, nelems=0, elem type=char[])
OBJ 500028ef (sz=24, trace=301497, class=java.util.ArrayList@500000c5)
OBJ 500028f0 (sz=24, trace=301498, class=java.lang.String@5000016f)
ARR 500028f1 (sz=32, trace=301499, nelems=0, elem type=char[])
OBJ 500028f2 (sz=32, trace=301537, class=Point@5000255b)
ARR 500028f3 (sz=56, trace=300281, nelems=0, elem type=java.lang.Object[]@5000010a)
OBJ 500028f4 (sz=24, trace=301498, class=java.lang.String@5000016f)
ARR 500028f5 (sz=32, trace=301499, nelems=0, elem type=char[])
OBJ 500028f6 (sz=24, trace=301498, class=java.lang.String@5000016f)
ARR 500028f7 (sz=32, trace=301499, nelems=0, elem type=char[])
OBJ 500028f8 (sz=24, trace=301500, class=java.lang.String@5000016f)
ARR 500028f9 (sz=32, trace=301501, nelems=0, elem type=char[])
ARR 500028fa (sz=32, trace=301780, nelems=0, elem type=java.lang.String[]@500000cf)
OBJ 500028fb (sz=40, trace=301504, class=java.util.ArrayList$SubList@5000248a)
OBJ 500028fc (sz=40, trace=301506, class=java.util.ArrayList$SubList$1@5000248d)
ARR 500028fd (sz=32, trace=301781, nelems=0, elem type=char[])
OBJ 500028fe (sz=32, trace=301535, class=sun.misc.FloatingDecimal$ASCIIToBinaryBuffer@500024ac)
ARR 500028ff (sz=32, trace=301782, nelems=0, elem type=char[])
OBJ 50002900 (sz=32, trace=301535, class=sun.misc.FloatingDecimal$ASCIIToBinaryBuffer@500024ac)
OBJ 50002901 (sz=32, trace=301783, class=Point@5000255b)
OBJ 50002902 (sz=32, trace=301537, class=Point@5000255b)
ARR 50002903 (sz=32, trace=301784, nelems=0, elem type=char[])
OBJ 50002904 (sz=32, trace=301535, class=sun.misc.FloatingDecimal$ASCIIToBinaryBuffer@500024ac)
ARR 50002905 (sz=32, trace=301785, nelems=0, elem type=char[])
OBJ 50002906 (sz=32, trace=301535, class=sun.misc.FloatingDecimal$ASCIIToBinaryBuffer@500024ac)
OBJ 50002907 (sz=32, trace=301786, class=Point@5000255b)
OBJ 50002908 (sz=32, trace=301787, class=Line@50006f05)
OBJ 50002909 (sz=24, trace=301779, class=java.lang.String@5000016f)
ARR 5000290a (sz=80, trace=300326, nelems=0, elem type=char[])
OBJ 5000290b (sz=24, trace=301497, class=java.util.ArrayList@500000c5)
OBJ 5000290c (sz=24, trace=301498, class=java.lang.String@5000016f)
ARR 5000290d (sz=32, trace=301499, nelems=0, elem type=char[])
ARR 5000290e (sz=56, trace=300281, nelems=0, elem type=java.lang.Object[]@5000010a)
OBJ 5000290f (sz=24, trace=301498, class=java.lang.String@5000016f)
ARR 50002910 (sz=32, trace=301499, nelems=0, elem type=char[])
OBJ 50002911 (sz=24, trace=301498, class=java.lang.String@5000016f)
OBJ 50002912 (sz=32, trace=301537, class=Point@5000255b)
ARR 50002913 (sz=32, trace=301499, nelems=0, elem type=char[])
OBJ 50002914 (sz=24, trace=301500, class=java.lang.String@5000016f)
ARR 50002915 (sz=32, trace=301501, nelems=0, elem type=char[])
ARR 50002916 (sz=32, trace=301780, nelems=0, elem type=java.lang.String[]@500000cf)
OBJ 50002917 (sz=40, trace=301504, class=java.util.ArrayList$SubList@5000248a)
OBJ 50002918 (sz=40, trace=301506, class=java.util.ArrayList$SubList$1@5000248d)
ARR 50002919 (sz=32, trace=301781, nelems=0, elem type=char[])
OBJ 5000291a (sz=32, trace=301535, class=sun.misc.FloatingDecimal$ASCIIToBinaryBuffer@500024ac)
ARR 5000291b (sz=32, trace=301782, nelems=0, elem type=char[])
OBJ 5000291c (sz=32, trace=301535, class=sun.misc.FloatingDecimal$ASCIIToBinaryBuffer@500024ac)
OBJ 5000291d (sz=32, trace=301783, class=Point@5000255b)
ARR 5000291e (sz=32, trace=301784, nelems=0, elem type=char[])
OBJ 5000291f (sz=32, trace=301535, class=sun.misc.FloatingDecimal$ASCIIToBinaryBuffer@500024ac)
ARR 50002920 (sz=32, trace=301785, nelems=0, elem type=char[])
OBJ 50002921 (sz=32, trace=301535, class=sun.misc.FloatingDecimal$ASCIIToBinaryBuffer@500024ac)
OBJ 50002922 (sz=32, trace=301537, class=Point@5000255b)
OBJ 50002923 (sz=32, trace=301786, class=Point@5000255b)
OBJ 50002924 (sz=32, trace=301787, class=Line@50006f05)
OBJ 50002925 (sz=24, trace=301779, class=java.lang.String@5000016f)
ARR 50002926 (sz=88, trace=300326, nelems=0, elem type=char[])
OBJ 50002927 (sz=24, trace=301497, class=java.util.ArrayList@500000c5)
OBJ 50002928 (sz=24, trace=301498, class=java.lang.String@5000016f)
ARR 50002929 (sz=32, trace=301499, nelems=0, elem type=char[])
ARR 5000292a (sz=56, trace=300281, nelems=0, elem type=java.lang.Object[]@5000010a)
OBJ 5000292b (sz=24, trace=301498, class=java.lang.String@5000016f)
ARR 5000292c (sz=32, trace=301499, nelems=0, elem type=char[])
OBJ 5000292d (sz=24, trace=301498, class=java.lang.String@5000016f)
ARR 5000292e (sz=32, trace=301499, nelems=0, elem type=char[])
OBJ 5000292f (sz=24, trace=301500, class=java.lang.String@5000016f)
ARR 50002930 (sz=32, trace=301501, nelems=0, elem type=char[])
ARR 50002931 (sz=32, trace=301780, nelems=0, elem type=java.lang.String[]@500000cf)
OBJ 50002932 (sz=32, trace=301537, class=Point@5000255b)
OBJ 50002933 (sz=40, trace=301504, class=java.util.ArrayList$SubList@5000248a)
OBJ 50002934 (sz=40, trace=301506, class=java.util.ArrayList$SubList$1@5000248d)
ARR 50002935 (sz=32, trace=301781, nelems=0, elem type=char[])
OBJ 50002936 (sz=32, trace=301535, class=sun.misc.FloatingDecimal$ASCIIToBinaryBuffer@500024ac)
ARR 50002937 (sz=32, trace=301782, nelems=0, elem type=char[])
OBJ 50002938 (sz=32, trace=301535, class=sun.misc.FloatingDecimal$ASCIIToBinaryBuffer@500024ac)
OBJ 50002939 (sz=32, trace=301783, class=Point@5000255b)
ARR 5000293a (sz=32, trace=301784, nelems=0, elem type=char[])
OBJ 5000293b (sz=32, trace=301535, class=sun.misc.FloatingDecimal$ASCIIToBinaryBuffer@500024ac)
ARR 5000293c (sz=32, trace=301785, nelems=0, elem type=char[])
OBJ 5000293d (sz=32, trace=301535, class=sun.misc.FloatingDecimal$ASCIIToBinaryBuffer@500024ac)
OBJ 5000293e (sz=32, trace=301786, class=Point@5000255b)
OBJ 5000293f (sz=32, trace=301787, class=Line@50006f05)
OBJ 50002940 (sz=24, trace=301779, class=java.lang.String@5000016f)
ARR 50002941 (sz=88, trace=300326, nelems=0, elem type=char[])
OBJ 50002942 (sz=32, trace=301537, class=Point@5000255b)
OBJ 50002943 (sz=24, trace=301497, class=java.util.ArrayList@500000c5)
OBJ 50002944 (sz=24, trace=301498, class=java.lang.String@5000016f)
ARR 50002945 (sz=32, trace=301499, nelems=0, elem type=char[])
ARR 50002946 (sz=56, trace=300281, nelems=0, elem type=java.lang.Object[]@5000010a)
OBJ 50002947 (sz=24, trace=301498, class=java.lang.String@5000016f)
ARR 50002948 (sz=32, trace=301499, nelems=0, elem type=char[])
OBJ 50002949 (sz=24, trace=301498, class=java.lang.String@5000016f)
ARR 5000294a (sz=32, trace=301499, nelems=0, elem type=char[])
OBJ 5000294b (sz=24, trace=301500, class=java.lang.String@5000016f)
ARR 5000294c (sz=32, trace=301501, nelems=0, elem type=char[])
ARR 5000294d (sz=32, trace=301780, nelems=0, elem type=java.lang.String[]@500000cf)
OBJ 5000294e (sz=40, trace=301504, class=java.util.ArrayList$SubList@5000248a)
OBJ 5000294f (sz=40, trace=301506, class=java.util.ArrayList$SubList$1@5000248d)
ARR 50002950 (sz=32, trace=301781, nelems=0, elem type=char[])
OBJ 50002951 (sz=32, trace=301535, class=sun.misc.FloatingDecimal$ASCIIToBinaryBuffer@500024ac)
OBJ 50002952 (sz=32, trace=301537, class=Point@5000255b)
ARR 50002953 (sz=32, trace=301782, nelems=0, elem type=char[])
OBJ 50002954 (sz=32, trace=301535, class=sun.misc.FloatingDecimal$ASCIIToBinaryBuffer@500024ac)
OBJ 50002955 (sz=32, trace=301783, class=Point@5000255b)
ARR 50002956 (sz=32, trace=301784, nelems=0, elem type=char[])
OBJ 50002957 (sz=32, trace=301535, class=sun.misc.FloatingDecimal$ASCIIToBinaryBuffer@500024ac)
ARR 50002958 (sz=32, trace=301785, nelems=0, elem type=char[])
OBJ 50002959 (sz=32, trace=301535, class=sun.misc.FloatingDecimal$ASCIIToBinaryBuffer@500024ac)
OBJ 5000295a (sz=32, trace=301786, class=Point@5000255b)
OBJ 5000295b (sz=32, trace=301787, class=Line@50006f05)
ARR 5000295c (sz=456, trace=300281, nelems=0, elem type=java.lang.Object[]@5000010a)
OBJ 5000295d (sz=24, trace=301779, class=java.lang.String@5000016f)
ARR 5000295e (sz=88, trace=300326, nelems=0, elem type=char[])
OBJ 5000295f (sz=24, trace=301497, class=java.util.ArrayList@500000c5)
OBJ 50002960 (sz=24, trace=301498, class=java.lang.String@5000016f)
ARR 50002961 (sz=32, trace=301499, nelems=0, elem type=char[])
OBJ 50002962 (sz=32, trace=301537, class=Point@5000255b)
ARR 50002963 (sz=56, trace=300281, nelems=0, elem type=java.lang.Object[]@5000010a)
OBJ 50002964 (sz=24, trace=301498, class=java.lang.String@5000016f)
ARR 50002965 (sz=32, trace=301499, nelems=0, elem type=char[])
OBJ 50002966 (sz=24, trace=301498, class=java.lang.String@5000016f)
ARR 50002967 (sz=32, trace=301499, nelems=0, elem type=char[])
OBJ 50002968 (sz=24, trace=301500, class=java.lang.String@5000016f)
ARR 50002969 (sz=32, trace=301501, nelems=0, elem type=char[])
ARR 5000296a (sz=32, trace=301780, nelems=0, elem type=java.lang.String[]@500000cf)
OBJ 5000296b (sz=40, trace=301504, class=java.util.ArrayList$SubList@5000248a)
OBJ 5000296c (sz=40, trace=301506, class=java.util.ArrayList$SubList$1@5000248d)
ARR 5000296d (sz=32, trace=301781, nelems=0, elem type=char[])
OBJ 5000296e (sz=32, trace=301535, class=sun.misc.FloatingDecimal$ASCIIToBinaryBuffer@500024ac)
ARR 5000296f (sz=32, trace=301782, nelems=0, elem type=char[])
OBJ 50002970 (sz=32, trace=301535, class=sun.misc.FloatingDecimal$ASCIIToBinaryBuffer@500024ac)
OBJ 50002971 (sz=32, trace=301783, class=Point@5000255b)
OBJ 50002972 (sz=32, trace=301537, class=Point@5000255b)
ARR 50002973 (sz=32, trace=301784, nelems=0, elem type=char[])
OBJ 50002974 (sz=32, trace=301535, class=sun.misc.FloatingDecimal$ASCIIToBinaryBuffer@500024ac)
ARR 50002975 (sz=32, trace=301785, nelems=0, elem type=char[])
OBJ 50002976 (sz=32, trace=301535, class=sun.misc.FloatingDecimal$ASCIIToBinaryBuffer@500024ac)
OBJ 50002977 (sz=32, trace=301786, class=Point@5000255b)
OBJ 50002978 (sz=32, trace=301787, class=Line@50006f05)
OBJ 50002979 (sz=24, trace=301779, class=java.lang.String@5000016f)
ARR 5000297a (sz=88, trace=300326, nelems=0, elem type=char[])
OBJ 5000297b (sz=24, trace=301497, class=java.util.ArrayList@500000c5)
OBJ 5000297c (sz=24, trace=301498, class=java.lang.String@5000016f)
ARR 5000297d (sz=32, trace=301499, nelems=0, elem type=char[])
ARR 5000297e (sz=56, trace=300281, nelems=0, elem type=java.lang.Object[]@5000010a)
OBJ 5000297f (sz=24, trace=301498, class=java.lang.String@5000016f)
ARR 50002980 (sz=32, trace=301499, nelems=0, elem type=char[])
OBJ 50002981 (sz=24, trace=301498, class=java.lang.String@5000016f)
OBJ 50002982 (sz=32, trace=301537, class=Point@5000255b)
ARR 50002983 (sz=32, trace=301499, nelems=0, elem type=char[])
OBJ 50002984 (sz=24, trace=301500, class=java.lang.String@5000016f)
ARR 50002985 (sz=32, trace=301501, nelems=0, elem type=char[])
ARR 50002986 (sz=32, trace=301780, nelems=0, elem type=java.lang.String[]@500000cf)
OBJ 50002987 (sz=40, trace=301504, class=java.util.ArrayList$SubList@5000248a)
OBJ 50002988 (sz=40, trace=301506, class=java.util.ArrayList$SubList$1@5000248d)
ARR 50002989 (sz=32, trace=301781, nelems=0, elem type=char[])
OBJ 5000298a (sz=32, trace=301535, class=sun.misc.FloatingDecimal$ASCIIToBinaryBuffer@500024ac)
ARR 5000298b (sz=32, trace=301782, nelems=0, elem type=char[])
OBJ 5000298c (sz=32, trace=301535, class=sun.misc.FloatingDecimal$ASCIIToBinaryBuffer@500024ac)
OBJ 5000298d (sz=32, trace=301783, class=Point@5000255b)
ARR 5000298e (sz=32, trace=301784, nelems=0, elem type=char[])
OBJ 5000298f (sz=32, trace=301535, class=sun.misc.FloatingDecimal$ASCIIToBinaryBuffer@500024ac)
ARR 50002990 (sz=32, trace=301785, nelems=0, elem type=char[])
OBJ 50002991 (sz=32, trace=301535, class=sun.misc.FloatingDecimal$ASCIIToBinaryBuffer@500024ac)
OBJ 50002992 (sz=32, trace=301537, class=Point@5000255b)
OBJ 50002993 (sz=32, trace=301786, class=Point@5000255b)
OBJ 50002994 (sz=32, trace=301787, class=Line@50006f05)
OBJ 50002995 (sz=24, trace=301779, class=java.lang.String@5000016f)
ARR 50002996 (sz=88, trace=300326, nelems=0, elem type=char[])
OBJ 50002997 (sz=24, trace=301497, class=java.util.ArrayList@500000c5)
OBJ 50002998 (sz=24, trace=301498, class=java.lang.String@5000016f)
ARR 50002999 (sz=32, trace=301499, nelems=0, elem type=char[])
ARR 5000299a (sz=56, trace=300281, nelems=0, elem type=java.lang.Object[]@5000010a)
OBJ 5000299b (sz=24, trace=301498, class=java.lang.String@5000016f)
ARR 5000299c (sz=32, trace=301499, nelems=0, elem type=char[])
OBJ 5000299d (sz=24, trace=301498, class=java.lang.String@5000016f)
ARR 5000299e (sz=32, trace=301499, nelems=0, elem type=char[])
OBJ 5000299f (sz=24, trace=301500, class=java.lang.String@5000016f)
ARR 500029a0 (sz=32, trace=301501, nelems=0, elem type=char[])
ARR 500029a1 (sz=32, trace=301780, nelems=0, elem type=java.lang.String[]@500000cf)
OBJ 500029a2 (sz=32, trace=301537, class=Point@5000255b)
OBJ 500029a3 (sz=40, trace=301504, class=java.util.ArrayList$SubList@5000248a)
OBJ 500029a4 (sz=40, trace=301506, class=java.util.ArrayList$SubList$1@5000248d)
ARR 500029a5 (sz=32, trace=301781, nelems=0, elem type=char[])
OBJ 500029a6 (sz=32, trace=301535, class=sun.misc.FloatingDecimal$ASCIIToBinaryBuffer@500024ac)
ARR 500029a7 (sz=32, trace=301782, nelems=0, elem type=char[])
OBJ 500029a8 (sz=32, trace=301535, class=sun.misc.FloatingDecimal$ASCIIToBinaryBuffer@500024ac)
OBJ 500029a9 (sz=32, trace=301783, class=Point@5000255b)
ARR 500029aa (sz=32, trace=301784, nelems=0, elem type=char[])
OBJ 500029ab (sz=32, trace=301535, class=sun.misc.FloatingDecimal$ASCIIToBinaryBuffer@500024ac)
ARR 500029ac (sz=32, trace=301785, nelems=0, elem type=char[])
OBJ 500029ad (sz=32, trace=301535, class=sun.misc.FloatingDecimal$ASCIIToBinaryBuffer@500024ac)
OBJ 500029ae (sz=32, trace=301786, class=Point@5000255b)
OBJ 500029af (sz=32, trace=301787, class=Line@50006f05)
OBJ 500029b0 (sz=24, trace=301779, class=java.lang.String@5000016f)
ARR 500029b1 (sz=88, trace=300326, nelems=0, elem type=char[])
OBJ 500029b2 (sz=32, trace=301537, class=Point@5000255b)
OBJ 500029b3 (sz=24, trace=301497, class=java.util.ArrayList@500000c5)
OBJ 500029b4 (sz=24, trace=301498, class=java.lang.String@5000016f)
ARR 500029b5 (sz=32, trace=301499, nelems=0, elem type=char[])
ARR 500029b6 (sz=56, trace=300281, nelems=0, elem type=java.lang.Object[]@5000010a)
OBJ 500029b7 (sz=24, trace=301498, class=java.lang.String@5000016f)
ARR 500029b8 (sz=32, trace=301499, nelems=0, elem type=char[])
OBJ 500029b9 (sz=24, trace=301498, class=java.lang.String@5000016f)
ARR 500029ba (sz=32, trace=301499, nelems=0, elem type=char[])
OBJ 500029bb (sz=24, trace=301500, class=java.lang.String@5000016f)
ARR 500029bc (sz=32, trace=301501, nelems=0, elem type=char[])
ARR 500029bd (sz=32, trace=301780, nelems=0, elem type=java.lang.String[]@500000cf)
OBJ 500029be (sz=40, trace=301504, class=java.util.ArrayList$SubList@5000248a)
OBJ 500029bf (sz=40, trace=301506, class=java.util.ArrayList$SubList$1@5000248d)
ARR 500029c0 (sz=32, trace=301781, nelems=0, elem type=char[])
OBJ 500029c1 (sz=32, trace=301535, class=sun.misc.FloatingDecimal$ASCIIToBinaryBuffer@500024ac)
OBJ 500029c2 (sz=32, trace=301537, class=Point@5000255b)
ARR 500029c3 (sz=32, trace=301782, nelems=0, elem type=char[])
OBJ 500029c4 (sz=32, trace=301535, class=sun.misc.FloatingDecimal$ASCIIToBinaryBuffer@500024ac)
OBJ 500029c5 (sz=32, trace=301783, class=Point@5000255b)
ARR 500029c6 (sz=32, trace=301784, nelems=0, elem type=char[])
OBJ 500029c7 (sz=32, trace=301535, class=sun.misc.FloatingDecimal$ASCIIToBinaryBuffer@500024ac)
ARR 500029c8 (sz=32, trace=301785, nelems=0, elem type=char[])
OBJ 500029c9 (sz=32, trace=301535, class=sun.misc.FloatingDecimal$ASCIIToBinaryBuffer@500024ac)
OBJ 500029ca (sz=32, trace=301786, class=Point@5000255b)
OBJ 500029cb (sz=32, trace=301787, class=Line@50006f05)
OBJ 500029cc (sz=24, trace=301779, class=java.lang.String@5000016f)
ARR 500029cd (sz=88, trace=300326, nelems=0, elem type=char[])
OBJ 500029ce (sz=24, trace=301497, class=java.util.ArrayList@500000c5)
OBJ 500029cf (sz=24, trace=301498, class=java.lang.String@5000016f)
ARR 500029d0 (sz=32, trace=301499, nelems=0, elem type=char[])
ARR 500029d1 (sz=56, trace=300281, nelems=0, elem type=java.lang.Object[]@5000010a)
OBJ 500029d2 (sz=32, trace=301537, class=Point@5000255b)
OBJ 500029d3 (sz=24, trace=301498, class=java.lang.String@5000016f)
ARR 500029d4 (sz=32, trace=301499, nelems=0, elem type=char[])
OBJ 500029d5 (sz=24, trace=301498, class=java.lang.String@5000016f)
ARR 500029d6 (sz=32, trace=301499, nelems=0, elem type=char[])
OBJ 500029d7 (sz=24, trace=301500, class=java.lang.String@5000016f)
ARR 500029d8 (sz=32, trace=301501, nelems=0, elem type=char[])
ARR 500029d9 (sz=32, trace=301780, nelems=0, elem type=java.lang.String[]@500000cf)
OBJ 500029da (sz=40, trace=301504, class=java.util.ArrayList$SubList@5000248a)
OBJ 500029db (sz=40, trace=301506, class=java.util.ArrayList$SubList$1@5000248d)
ARR 500029dc (sz=32, trace=301781, nelems=0, elem type=char[])
OBJ 500029dd (sz=32, trace=301535, class=sun.misc.FloatingDecimal$ASCIIToBinaryBuffer@500024ac)
ARR 500029de (sz=32, trace=301782, nelems=0, elem type=char[])
OBJ 500029df (sz=32, trace=301535, class=sun.misc.FloatingDecimal$ASCIIToBinaryBuffer@500024ac)
OBJ 500029e0 (sz=32, trace=301783, class=Point@5000255b)
ARR 500029e1 (sz=32, trace=301784, nelems=0, elem type=char[])
OBJ 500029e2 (sz=32, trace=301537, class=Point@5000255b)
OBJ 500029e3 (sz=32, trace=301535, class=sun.misc.FloatingDecimal$ASCIIToBinaryBuffer@500024ac)
ARR 500029e4 (sz=32, trace=301785, nelems=0, elem type=char[])
OBJ 500029e5 (sz=32, trace=301535, class=sun.misc.FloatingDecimal$ASCIIToBinaryBuffer@500024ac)
OBJ 500029e6 (sz=32, trace=301786, class=Point@5000255b)
OBJ 500029e7 (sz=32, trace=301787, class=Line@50006f05)
OBJ 500029e8 (sz=24, trace=301779, class=java.lang.String@5000016f)
ARR 500029e9 (sz=88, trace=300326, nelems=0, elem type=char[])
OBJ 500029ea (sz=24, trace=301497, class=java.util.ArrayList@500000c5)
OBJ 500029eb (sz=24, trace=301498, class=java.lang.String@5000016f)
ARR 500029ec (sz=32, trace=301499, nelems=0, elem type=char[])
ARR 500029ed (sz=56, trace=300281, nelems=0, elem type=java.lang.Object[]@5000010a)
OBJ 500029ee (sz=24, trace=301498, class=java.lang.String@5000016f)
ARR 500029ef (sz=32, trace=301499, nelems=0, elem type=char[])
OBJ 500029f0 (sz=24, trace=301498, class=java.lang.String@5000016f)
ARR 500029f1 (sz=32, trace=301499, nelems=0, elem type=char[])
OBJ 500029f2 (sz=32, trace=301537, class=Point@5000255b)
OBJ 500029f3 (sz=24, trace=301500, class=java.lang.String@5000016f)
ARR 500029f4 (sz=32, trace=301501, nelems=0, elem type=char[])
ARR 500029f5 (sz=32, trace=301780, nelems=0, elem type=java.lang.String[]@500000cf)
OBJ 500029f6 (sz=40, trace=301504, class=java.util.ArrayList$SubList@5000248a)
OBJ 500029f7 (sz=40, trace=301506, class=java.util.ArrayList$SubList$1@5000248d)
ARR 500029f8 (sz=32, trace=301781, nelems=0, elem type=char[])
OBJ 500029f9 (sz=32, trace=301535, class=sun.misc.FloatingDecimal$ASCIIToBinaryBuffer@500024ac)
ARR 500029fa (sz=32, trace=301782, nelems=0, elem type=char[])
OBJ 500029fb (sz=32, trace=301535, class=sun.misc.FloatingDecimal$ASCIIToBinaryBuffer@500024ac)
OBJ 500029fc (sz=32, trace=301783, class=Point@5000255b)
ARR 500029fd (sz=32, trace=301784, nelems=0, elem type=char[])
OBJ 500029fe (sz=32, trace=301535, class=sun.misc.FloatingDecimal$ASCIIToBinaryBuffer@500024ac)
ARR 500029ff (sz=32, trace=301785, nelems=0, elem type=char[])
OBJ 50002a00 (sz=32, trace=301535, class=sun.misc.FloatingDecimal$ASCIIToBinaryBuffer@500024ac)
OBJ 50002a01 (sz=32, trace=301786, class=Point@5000255b)
OBJ 50002a02 (sz=32, trace=301787, class=Line@50006f05)
OBJ 50002a03 (sz=32, trace=301537, class=Point@5000255b)
OBJ 50002a04 (sz=24, trace=301779, class=java.lang.String@5000016f)
ARR 50002a05 (sz=88, trace=300326, nelems=0, elem type=char[])
OBJ 50002a06 (sz=24, trace=301497, class=java.util.ArrayList@500000c5)
OBJ 50002a07 (sz=24, trace=301498, class=java.lang.String@5000016f)
ARR 50002a08 (sz=32, trace=301499, nelems=0, elem type=char[])
ARR 50002a09 (sz=56, trace=300281, nelems=0, elem type=java.lang.Object[]@5000010a)
OBJ 50002a0a (sz=24, trace=301498, class=java.lang.String@5000016f)
ARR 50002a0b (sz=32, trace=301499, nelems=0, elem type=char[])
OBJ 50002a0c (sz=24, trace=301498, class=java.lang.String@5000016f)
ARR 50002a0d (sz=32, trace=301499, nelems=0, elem type=char[])
OBJ 50002a0e (sz=24, trace=301500, class=java.lang.String@5000016f)
ARR 50002a0f (sz=32, trace=301501, nelems=0, elem type=char[])
ARR 50002a10 (sz=32, trace=301780, nelems=0, elem type=java.lang.String[]@500000cf)
OBJ 50002a11 (sz=40, trace=301504, class=java.util.ArrayList$SubList@5000248a)
OBJ 50002a12 (sz=40, trace=301506, class=java.util.ArrayList$SubList$1@5000248d)
OBJ 50002a13 (sz=32, trace=301537, class=Point@5000255b)
ARR 50002a14 (sz=32, trace=301781, nelems=0, elem type=char[])
OBJ 50002a15 (sz=32, trace=301535, class=sun.misc.FloatingDecimal$ASCIIToBinaryBuffer@500024ac)
ARR 50002a16 (sz=32, trace=301782, nelems=0, elem type=char[])
OBJ 50002a17 (sz=32, trace=301535, class=sun.misc.FloatingDecimal$ASCIIToBinaryBuffer@500024ac)
OBJ 50002a18 (sz=32, trace=301783, class=Point@5000255b)
ARR 50002a19 (sz=32, trace=301784, nelems=0, elem type=char[])
OBJ 50002a1a (sz=32, trace=301535, class=sun.misc.FloatingDecimal$ASCIIToBinaryBuffer@500024ac)
ARR 50002a1b (sz=32, trace=301785, nelems=0, elem type=char[])
OBJ 50002a1c (sz=32, trace=301535, class=sun.misc.FloatingDecimal$ASCIIToBinaryBuffer@500024ac)
OBJ 50002a1d (sz=32, trace=301786, class=Point@5000255b)
OBJ 50002a1e (sz=32, trace=301787, class=Line@50006f05)
OBJ 50002a1f (sz=24, trace=301779, class=java.lang.String@5000016f)
ARR 50002a20 (sz=88, trace=300326, nelems=0, elem type=char[])
OBJ 50002a21 (sz=24, trace=301497, class=java.util.ArrayList@500000c5)
OBJ 50002a22 (sz=24, trace=301498, class=java.lang.String@5000016f)
OBJ 50002a23 (sz=32, trace=301537, class=Point@5000255b)
ARR 50002a24 (sz=32, trace=301499, nelems=0, elem type=char[])
ARR 50002a25 (sz=56, trace=300281, nelems=0, elem type=java.lang.Object[]@5000010a)
OBJ 50002a26 (sz=24, trace=301498, class=java.lang.String@5000016f)
ARR 50002a27 (sz=32, trace=301499, nelems=0, elem type=char[])
OBJ 50002a28 (sz=24, trace=301498, class=java.lang.String@5000016f)
ARR 50002a29 (sz=32, trace=301499, nelems=0, elem type=char[])
OBJ 50002a2a (sz=24, trace=301500, class=java.lang.String@5000016f)
ARR 50002a2b (sz=32, trace=301501, nelems=0, elem type=char[])
ARR 50002a2c (sz=32, trace=301780, nelems=0, elem type=java.lang.String[]@500000cf)
OBJ 50002a2d (sz=40, trace=301504, class=java.util.ArrayList$SubList@5000248a)
OBJ 50002a2e (sz=40, trace=301506, class=java.util.ArrayList$SubList$1@5000248d)
ARR 50002a2f (sz=32, trace=301781, nelems=0, elem type=char[])
OBJ 50002a30 (sz=32, trace=301535, class=sun.misc.FloatingDecimal$ASCIIToBinaryBuffer@500024ac)
ARR 50002a31 (sz=32, trace=301782, nelems=0, elem type=char[])
OBJ 50002a32 (sz=32, trace=301535, class=sun.misc.FloatingDecimal$ASCIIToBinaryBuffer@500024ac)
OBJ 50002a33 (sz=32, trace=301537, class=Point@5000255b)
OBJ 50002a34 (sz=32, trace=301783, class=Point@5000255b)
ARR 50002a35 (sz=32, trace=301784, nelems=0, elem type=char[])
OBJ 50002a36 (sz=32, trace=301535, class=sun.misc.FloatingDecimal$ASCIIToBinaryBuffer@500024ac)
ARR 50002a37 (sz=32, trace=301785, nelems=0, elem type=char[])
OBJ 50002a38 (sz=32, trace=301535, class=sun.misc.FloatingDecimal$ASCIIToBinaryBuffer@500024ac)
OBJ 50002a39 (sz=32, trace=301786, class=Point@5000255b)
OBJ 50002a3a (sz=32, trace=301787, class=Line@50006f05)
OBJ 50002a3b (sz=24, trace=301779, class=java.lang.String@5000016f)
ARR 50002a3c (sz=88, trace=300326, nelems=0, elem type=char[])
OBJ 50002a3d (sz=24, trace=301497, class=java.util.ArrayList@500000c5)
OBJ 50002a3e (sz=24, trace=301498, class=java.lang.String@5000016f)
ARR 50002a3f (sz=32, trace=301499, nelems=0, elem type=char[])
ARR 50002a40 (sz=56, trace=300281, nelems=0, elem type=java.lang.Object[]@5000010a)
OBJ 50002a41 (sz=24, trace=301498, class=java.lang.String@5000016f)
ARR 50002a42 (sz=32, trace=301499, nelems=0, elem type=char[])
OBJ 50002a43 (sz=32, trace=301537, class=Point@5000255b)
OBJ 50002a44 (sz=24, trace=301498, class=java.lang.String@5000016f)
ARR 50002a45 (sz=32, trace=301499, nelems=0, elem type=char[])
OBJ 50002a46 (sz=24, trace=301500, class=java.lang.String@5000016f)
ARR 50002a47 (sz=32, trace=301501, nelems=0, elem type=char[])
ARR 50002a48 (sz=32, trace=301780, nelems=0, elem type=java.lang.String[]@500000cf)
OBJ 50002a49 (sz=40, trace=301504, class=java.util.ArrayList$SubList@5000248a)
OBJ 50002a4a (sz=40, trace=301506, class=java.util.ArrayList$SubList$1@5000248d)
ARR 50002a4b (sz=32, trace=301781, nelems=0, elem type=char[])
OBJ 50002a4c (sz=32, trace=301535, class=sun.misc.FloatingDecimal$ASCIIToBinaryBuffer@500024ac)
ARR 50002a4d (sz=32, trace=301782, nelems=0, elem type=char[])
OBJ 50002a4e (sz=32, trace=301535, class=sun.misc.FloatingDecimal$ASCIIToBinaryBuffer@500024ac)
OBJ 50002a4f (sz=32, trace=301783, class=Point@5000255b)
ARR 50002a50 (sz=32, trace=301784, nelems=0, elem type=char[])
OBJ 50002a51 (sz=32, trace=301535, class=sun.misc.FloatingDecimal$ASCIIToBinaryBuffer@500024ac)
ARR 50002a52 (sz=32, trace=301785, nelems=0, elem type=char[])
OBJ 50002a53 (sz=32, trace=301537, class=Point@5000255b)
OBJ 50002a54 (sz=32, trace=301535, class=sun.misc.FloatingDecimal$ASCIIToBinaryBuffer@500024ac)
OBJ 50002a55 (sz=32, trace=301786, class=Point@5000255b)
OBJ 50002a56 (sz=32, trace=301787, class=Line@50006f05)
OBJ 50002a57 (sz=24, trace=301779, class=java.lang.String@5000016f)
ARR 50002a58 (sz=88, trace=300326, nelems=0, elem type=char[])
OBJ 50002a59 (sz=24, trace=301497, class=java.util.ArrayList@500000c5)
OBJ 50002a5a (sz=24, trace=301498, class=java.lang.String@5000016f)
ARR 50002a5b (sz=32, trace=301499, nelems=0, elem type=char[])
ARR 50002a5c (sz=56, trace=300281, nelems=0, elem type=java.lang.Object[]@5000010a)
OBJ 50002a5d (sz=24, trace=301498, class=java.lang.String@5000016f)
ARR 50002a5e (sz=32, trace=301499, nelems=0, elem type=char[])
OBJ 50002a5f (sz=24, trace=301498, class=java.lang.String@5000016f)
ARR 50002a60 (sz=32, trace=301499, nelems=0, elem type=char[])
OBJ 50002a61 (sz=24, trace=301500, class=java.lang.String@5000016f)
ARR 50002a62 (sz=32, trace=301501, nelems=0, elem type=char[])
OBJ 50002a63 (sz=32, trace=301537, class=Point@5000255b)
ARR 50002a64 (sz=32, trace=301780, nelems=0, elem type=java.lang.String[]@500000cf)
OBJ 50002a65 (sz=40, trace=301504, class=java.util.ArrayList$SubList@5000248a)
OBJ 50002a66 (sz=40, trace=301506, class=java.util.ArrayList$SubList$1@5000248d)
ARR 50002a67 (sz=32, trace=301781, nelems=0, elem type=char[])
OBJ 50002a68 (sz=32, trace=301535, class=sun.misc.FloatingDecimal$ASCIIToBinaryBuffer@500024ac)
ARR 50002a69 (sz=32, trace=301782, nelems=0, elem type=char[])
OBJ 50002a6a (sz=32, trace=301535, class=sun.misc.FloatingDecimal$ASCIIToBinaryBuffer@500024ac)
OBJ 50002a6b (sz=32, trace=301783, class=Point@5000255b)
ARR 50002a6c (sz=32, trace=301784, nelems=0, elem type=char[])
OBJ 50002a6d (sz=32, trace=301535, class=sun.misc.FloatingDecimal$ASCIIToBinaryBuffer@500024ac)
ARR 50002a6e (sz=32, trace=301785, nelems=0, elem type=char[])
OBJ 50002a6f (sz=32, trace=301535, class=sun.misc.FloatingDecimal$ASCIIToBinaryBuffer@500024ac)
OBJ 50002a70 (sz=32, trace=301786, class=Point@5000255b)
OBJ 50002a71 (sz=32, trace=301787, class=Line@50006f05)
OBJ 50002a72 (sz=24, trace=301779, class=java.lang.String@5000016f)
OBJ 50002a73 (sz=32, trace=301537, class=Point@5000255b)
ARR 50002a74 (sz=88, trace=300326, nelems=0, elem type=char[])
OBJ 50002a75 (sz=24, trace=301497, class=java.util.ArrayList@500000c5)
OBJ 50002a76 (sz=24, trace=301498, class=java.lang.String@5000016f)
ARR 50002a77 (sz=32, trace=301499, nelems=0, elem type=char[])
ARR 50002a78 (sz=56, trace=300281, nelems=0, elem type=java.lang.Object[]@5000010a)
OBJ 50002a79 (sz=24, trace=301498, class=java.lang.String@5000016f)
ARR 50002a7a (sz=32, trace=301499, nelems=0, elem type=char[])
OBJ 50002a7b (sz=24, trace=301498, class=java.lang.String@5000016f)
ARR 50002a7c (sz=32, trace=301499, nelems=0, elem type=char[])
OBJ 50002a7d (sz=24, trace=301500, class=java.lang.String@5000016f)
ARR 50002a7e (sz=32, trace=301501, nelems=0, elem type=char[])
ARR 50002a7f (sz=32, trace=301780, nelems=0, elem type=java.lang.String[]@500000cf)
OBJ 50002a80 (sz=40, trace=301504, class=java.util.ArrayList$SubList@5000248a)
OBJ 50002a81 (sz=40, trace=301506, class=java.util.ArrayList$SubList$1@5000248d)
ARR 50002a82 (sz=32, trace=301781, nelems=0, elem type=char[])
OBJ 50002a83 (sz=32, trace=301537, class=Point@5000255b)
OBJ 50002a84 (sz=32, trace=301535, class=sun.misc.FloatingDecimal$ASCIIToBinaryBuffer@500024ac)
ARR 50002a85 (sz=32, trace=301782, nelems=0, elem type=char[])
OBJ 50002a86 (sz=32, trace=301535, class=sun.misc.FloatingDecimal$ASCIIToBinaryBuffer@500024ac)
OBJ 50002a87 (sz=32, trace=301783, class=Point@5000255b)
ARR 50002a88 (sz=32, trace=301784, nelems=0, elem type=char[])
OBJ 50002a89 (sz=32, trace=301535, class=sun.misc.FloatingDecimal$ASCIIToBinaryBuffer@500024ac)
ARR 50002a8a (sz=32, trace=301785, nelems=0, elem type=char[])
OBJ 50002a8b (sz=32, trace=301535, class=sun.misc.FloatingDecimal$ASCIIToBinaryBuffer@500024ac)
OBJ 50002a8c (sz=32, trace=301786, class=Point@5000255b)
OBJ 50002a8d (sz=32, trace=301787, class=Line@50006f05)
OBJ 50002a8e (sz=24, trace=301779, class=java.lang.String@5000016f)
ARR 50002a8f (sz=88, trace=300326, nelems=0, elem type=char[])
OBJ 50002a90 (sz=24, trace=301497, class=java.util.ArrayList@500000c5)
OBJ 50002a91 (sz=24, trace=301498, class=java.lang.String@5000016f)
ARR 50002a92 (sz=32, trace=301499, nelems=0, elem type=char[])
OBJ 50002a93 (sz=32, trace=301537, class=Point@5000255b)
ARR 50002a94 (sz=56, trace=300281, nelems=0, elem type=java.lang.Object[]@5000010a)
OBJ 50002a95 (sz=24, trace=301498, class=java.lang.String@5000016f)
ARR 50002a96 (sz=32, trace=301499, nelems=0, elem type=char[])
OBJ 50002a97 (sz=24, trace=301498, class=java.lang.String@5000016f)
ARR 50002a98 (sz=32, trace=301499, nelems=0, elem type=char[])
OBJ 50002a99 (sz=24, trace=301500, class=java.lang.String@5000016f)
ARR 50002a9a (sz=32, trace=301501, nelems=0, elem type=char[])
ARR 50002a9b (sz=32, trace=301780, nelems=0, elem type=java.lang.String[]@500000cf)
OBJ 50002a9c (sz=40, trace=301504, class=java.util.ArrayList$SubList@5000248a)
OBJ 50002a9d (sz=40, trace=301506, class=java.util.ArrayList$SubList$1@5000248d)
ARR 50002a9e (sz=32, trace=301781, nelems=0, elem type=char[])
OBJ 50002a9f (sz=32, trace=301535, class=sun.misc.FloatingDecimal$ASCIIToBinaryBuffer@500024ac)
ARR 50002aa0 (sz=32, trace=301782, nelems=0, elem type=char[])
OBJ 50002aa1 (sz=32, trace=301535, class=sun.misc.FloatingDecimal$ASCIIToBinaryBuffer@500024ac)
OBJ 50002aa2 (sz=32, trace=301783, class=Point@5000255b)
OBJ 50002aa3 (sz=32, trace=301537, class=Point@5000255b)
ARR 50002aa4 (sz=32, trace=301784, nelems=0, elem type=char[])
OBJ 50002aa5 (sz=32, trace=301535, class=sun.misc.FloatingDecimal$ASCIIToBinaryBuffer@500024ac)
ARR 50002aa6 (sz=32, trace=301785, nelems=0, elem type=char[])
OBJ 50002aa7 (sz=32, trace=301535, class=sun.misc.FloatingDecimal$ASCIIToBinaryBuffer@500024ac)
OBJ 50002aa8 (sz=32, trace=301786, class=Point@5000255b)
OBJ 50002aa9 (sz=32, trace=301787, class=Line@50006f05)
OBJ 50002aaa (sz=24, trace=301779, class=java.lang.String@5000016f)
ARR 50002aab (sz=88, trace=300326, nelems=0, elem type=char[])
OBJ 50002aac (sz=24, trace=301497, class=java.util.ArrayList@500000c5)
OBJ 50002aad (sz=24, trace=301498, class=java.lang.String@5000016f)
ARR 50002aae (sz=32, trace=301499, nelems=0, elem type=char[])
ARR 50002aaf (sz=56, trace=300281, nelems=0, elem type=java.lang.Object[]@5000010a)
OBJ 50002ab0 (sz=24, trace=301498, class=java.lang.String@5000016f)
ARR 50002ab1 (sz=32, trace=301499, nelems=0, elem type=char[])
OBJ 50002ab2 (sz=24, trace=301498, class=java.lang.String@5000016f)
OBJ 50002ab3 (sz=32, trace=301537, class=Point@5000255b)
ARR 50002ab4 (sz=32, trace=301499, nelems=0, elem type=char[])
OBJ 50002ab5 (sz=24, trace=301500, class=java.lang.String@5000016f)
ARR 50002ab6 (sz=32, trace=301501, nelems=0, elem type=char[])
ARR 50002ab7 (sz=32, trace=301780, nelems=0, elem type=java.lang.String[]@500000cf)
OBJ 50002ab8 (sz=40, trace=301504, class=java.util.ArrayList$SubList@5000248a)
OBJ 50002ab9 (sz=40, trace=301506, class=java.util.ArrayList$SubList$1@5000248d)
ARR 50002aba (sz=32, trace=301781, nelems=0, elem type=char[])
OBJ 50002abb (sz=32, trace=301535, class=sun.misc.FloatingDecimal$ASCIIToBinaryBuffer@500024ac)
ARR 50002abc (sz=32, trace=301782, nelems=0, elem type=char[])
OBJ 50002abd (sz=32, trace=301535, class=sun.misc.FloatingDecimal$ASCIIToBinaryBuffer@500024ac)
OBJ 50002abe (sz=32, trace=301783, class=Point@5000255b)
ARR 50002abf (sz=32, trace=301784, nelems=0, elem type=char[])
OBJ 50002ac0 (sz=32, trace=301535, class=sun.misc.FloatingDecimal$ASCIIToBinaryBuffer@500024ac)
ARR 50002ac1 (sz=32, trace=301785, nelems=0, elem type=char[])
OBJ 50002ac2 (sz=32, trace=301535, class=sun.misc.FloatingDecimal$ASCIIToBinaryBuffer@500024ac)
OBJ 50002ac3 (sz=32, trace=301537, class=Point@5000255b)
OBJ 50002ac4 (sz=32, trace=301786, class=Point@5000255b)
OBJ 50002ac5 (sz=32, trace=301787, class=Line@50006f05)
OBJ 50002ac6 (sz=24, trace=301779, class=java.lang.String@5000016f)
ARR 50002ac7 (sz=88, trace=300326, nelems=0, elem type=char[])
OBJ 50002ac8 (sz=24, trace=301497, class=java.util.ArrayList@500000c5)
OBJ 50002ac9 (sz=24, trace=301498, class=java.lang.String@5000016f)
ARR 50002aca (sz=32, trace=301499, nelems=0, elem type=char[])
ARR 50002acb (sz=56, trace=300281, nelems=0, elem type=java.lang.Object[]@5000010a)
OBJ 50002acc (sz=24, trace=301498, class=java.lang.String@5000016f)
ARR 50002acd (sz=32, trace=301499, nelems=0, elem type=char[])
OBJ 50002ace (sz=24, trace=301498, class=java.lang.String@5000016f)
ARR 50002acf (sz=32, trace=301499, nelems=0, elem type=char[])
OBJ 50002ad0 (sz=24, trace=301500, class=java.lang.String@5000016f)
ARR 50002ad1 (sz=32, trace=301501, nelems=0, elem type=char[])
ARR 50002ad2 (sz=32, trace=301780, nelems=0, elem type=java.lang.String[]@500000cf)
OBJ 50002ad3 (sz=32, trace=301537, class=Point@5000255b)
OBJ 50002ad4 (sz=40, trace=301504, class=java.util.ArrayList$SubList@5000248a)
OBJ 50002ad5 (sz=40, trace=301506, class=java.util.ArrayList$SubList$1@5000248d)
ARR 50002ad6 (sz=32, trace=301781, nelems=0, elem type=char[])
OBJ 50002ad7 (sz=32, trace=301535, class=sun.misc.FloatingDecimal$ASCIIToBinaryBuffer@500024ac)
ARR 50002ad8 (sz=32, trace=301782, nelems=0, elem type=char[])
OBJ 50002ad9 (sz=32, trace=301535, class=sun.misc.FloatingDecimal$ASCIIToBinaryBuffer@500024ac)
OBJ 50002ada (sz=32, trace=301783, class=Point@5000255b)
ARR 50002adb (sz=32, trace=301784, nelems=0, elem type=char[])
OBJ 50002adc (sz=32, trace=301535, class=sun.misc.FloatingDecimal$ASCIIToBinaryBuffer@500024ac)
ARR 50002add (sz=32, trace=301785, nelems=0, elem type=char[])
OBJ 50002ade (sz=32, trace=301535, class=sun.misc.FloatingDecimal$ASCIIToBinaryBuffer@500024ac)
OBJ 50002adf (sz=32, trace=301786, class=Point@5000255b)
OBJ 50002ae0 (sz=32, trace=301787, class=Line@50006f05)
OBJ 50002ae1 (sz=24, trace=301779, class=java.lang.String@5000016f)
ARR 50002ae2 (sz=80, trace=300326, nelems=0, elem type=char[])
OBJ 50002ae3 (sz=32, trace=301537, class=Point@5000255b)
OBJ 50002ae4 (sz=24, trace=301497, class=java.util.ArrayList@500000c5)
OBJ 50002ae5 (sz=24, trace=301498, class=java.lang.String@5000016f)
ARR 50002ae6 (sz=32, trace=301499, nelems=0, elem type=char[])
ARR 50002ae7 (sz=56, trace=300281, nelems=0, elem type=java.lang.Object[]@5000010a)
OBJ 50002ae8 (sz=24, trace=301498, class=java.lang.String@5000016f)
ARR 50002ae9 (sz=32, trace=301499, nelems=0, elem type=char[])
OBJ 50002aea (sz=24, trace=301498, class=java.lang.String@5000016f)
ARR 50002aeb (sz=32, trace=301499, nelems=0, elem type=char[])
OBJ 50002aec (sz=24, trace=301500, class=java.lang.String@5000016f)
ARR 50002aed (sz=32, trace=301501, nelems=0, elem type=char[])
ARR 50002aee (sz=32, trace=301780, nelems=0, elem type=java.lang.String[]@500000cf)
OBJ 50002aef (sz=40, trace=301504, class=java.util.ArrayList$SubList@5000248a)
OBJ 50002af0 (sz=40, trace=301506, class=java.util.ArrayList$SubList$1@5000248d)
ARR 50002af1 (sz=32, trace=301781, nelems=0, elem type=char[])
OBJ 50002af2 (sz=32, trace=301535, class=sun.misc.FloatingDecimal$ASCIIToBinaryBuffer@500024ac)
OBJ 50002af3 (sz=32, trace=301537, class=Point@5000255b)
ARR 50002af4 (sz=32, trace=301782, nelems=0, elem type=char[])
OBJ 50002af5 (sz=32, trace=301535, class=sun.misc.FloatingDecimal$ASCIIToBinaryBuffer@500024ac)
OBJ 50002af6 (sz=32, trace=301783, class=Point@5000255b)
ARR 50002af7 (sz=32, trace=301784, nelems=0, elem type=char[])
OBJ 50002af8 (sz=32, trace=301535, class=sun.misc.FloatingDecimal$ASCIIToBinaryBuffer@500024ac)
ARR 50002af9 (sz=32, trace=301785, nelems=0, elem type=char[])
OBJ 50002afa (sz=32, trace=301535, class=sun.misc.FloatingDecimal$ASCIIToBinaryBuffer@500024ac)
OBJ 50002afb (sz=32, trace=301786, class=Point@5000255b)
OBJ 50002afc (sz=32, trace=301787, class=Line@50006f05)
OBJ 50002afd (sz=24, trace=301779, class=java.lang.String@5000016f)
ARR 50002afe (sz=80, trace=300326, nelems=0, elem type=char[])
OBJ 50002aff (sz=24, trace=301497, class=java.util.ArrayList@500000c5)
OBJ 50002b00 (sz=24, trace=301498, class=java.lang.String@5000016f)
ARR 50002b01 (sz=32, trace=301499, nelems=0, elem type=char[])
ARR 50002b02 (sz=56, trace=300281, nelems=0, elem type=java.lang.Object[]@5000010a)
OBJ 50002b03 (sz=32, trace=301537, class=Point@5000255b)
OBJ 50002b04 (sz=24, trace=301498, class=java.lang.String@5000016f)
ARR 50002b05 (sz=32, trace=301499, nelems=0, elem type=char[])
OBJ 50002b06 (sz=24, trace=301498, class=java.lang.String@5000016f)
ARR 50002b07 (sz=32, trace=301499, nelems=0, elem type=char[])
OBJ 50002b08 (sz=24, trace=301500, class=java.lang.String@5000016f)
ARR 50002b09 (sz=32, trace=301501, nelems=0, elem type=char[])
ARR 50002b0a (sz=32, trace=301780, nelems=0, elem type=java.lang.String[]@500000cf)
OBJ 50002b0b (sz=40, trace=301504, class=java.util.ArrayList$SubList@5000248a)
OBJ 50002b0c (sz=40, trace=301506, class=java.util.ArrayList$SubList$1@5000248d)
ARR 50002b0d (sz=32, trace=301781, nelems=0, elem type=char[])
OBJ 50002b0e (sz=32, trace=301535, class=sun.misc.FloatingDecimal$ASCIIToBinaryBuffer@500024ac)
ARR 50002b0f (sz=32, trace=301782, nelems=0, elem type=char[])
OBJ 50002b10 (sz=32, trace=301535, class=sun.misc.FloatingDecimal$ASCIIToBinaryBuffer@500024ac)
OBJ 50002b11 (sz=32, trace=301783, class=Point@5000255b)
ARR 50002b12 (sz=32, trace=301784, nelems=0, elem type=char[])
OBJ 50002b13 (sz=32, trace=301537, class=Point@5000255b)
OBJ 50002b14 (sz=32, trace=301535, class=sun.misc.FloatingDecimal$ASCIIToBinaryBuffer@500024ac)
ARR 50002b15 (sz=32, trace=301785, nelems=0, elem type=char[])
OBJ 50002b16 (sz=32, trace=301535, class=sun.misc.FloatingDecimal$ASCIIToBinaryBuffer@500024ac)
OBJ 50002b17 (sz=32, trace=301786, class=Point@5000255b)
OBJ 50002b18 (sz=32, trace=301787, class=Line@50006f05)
OBJ 50002b19 (sz=24, trace=301779, class=java.lang.String@5000016f)
ARR 50002b1a (sz=128, trace=300326, nelems=0, elem type=char[])
OBJ 50002b1b (sz=24, trace=301497, class=java.util.ArrayList@500000c5)
OBJ 50002b1c (sz=24, trace=301498, class=java.lang.String@5000016f)
ARR 50002b1d (sz=32, trace=301499, nelems=0, elem type=char[])
ARR 50002b1e (sz=56, trace=300281, nelems=0, elem type=java.lang.Object[]@5000010a)
OBJ 50002b1f (sz=24, trace=301498, class=java.lang.String@5000016f)
ARR 50002b20 (sz=32, trace=301499, nelems=0, elem type=char[])
OBJ 50002b21 (sz=24, trace=301498, class=java.lang.String@5000016f)
ARR 50002b22 (sz=56, trace=301499, nelems=0, elem type=char[])
OBJ 50002b23 (sz=32, trace=301537, class=Point@5000255b)
OBJ 50002b24 (sz=24, trace=301500, class=java.lang.String@5000016f)
ARR 50002b25 (sz=56, trace=301501, nelems=0, elem type=char[])
ARR 50002b26 (sz=32, trace=301780, nelems=0, elem type=java.lang.String[]@500000cf)
OBJ 50002b27 (sz=40, trace=301504, class=java.util.ArrayList$SubList@5000248a)
OBJ 50002b28 (sz=40, trace=301506, class=java.util.ArrayList$SubList$1@5000248d)
ARR 50002b29 (sz=32, trace=301781, nelems=0, elem type=char[])
OBJ 50002b2a (sz=32, trace=301535, class=sun.misc.FloatingDecimal$ASCIIToBinaryBuffer@500024ac)
ARR 50002b2b (sz=32, trace=301782, nelems=0, elem type=char[])
OBJ 50002b2c (sz=32, trace=301535, class=sun.misc.FloatingDecimal$ASCIIToBinaryBuffer@500024ac)
OBJ 50002b2d (sz=32, trace=301783, class=Point@5000255b)
ARR 50002b2e (sz=56, trace=301784, nelems=0, elem type=char[])
OBJ 50002b2f (sz=32, trace=301535, class=sun.misc.FloatingDecimal$ASCIIToBinaryBuffer@500024ac)
OBJ 50002b30 (sz=32, trace=301788, class=sun.misc.FDBigInteger@50007e38)
ARR 50002b31 (sz=24, trace=301789, nelems=0, elem type=int[])
ARR 50002b32 (sz=40, trace=301790, nelems=0, elem type=int[])
OBJ 50002b33 (sz=32, trace=301537, class=Point@5000255b)
OBJ 50002b34 (sz=32, trace=301791, class=sun.misc.FDBigInteger@50007e38)
ARR 50002b35 (sz=24, trace=301792, nelems=0, elem type=int[])
OBJ 50002b36 (sz=32, trace=301793, class=sun.misc.FDBigInteger@50007e38)
ARR 50002b37 (sz=40, trace=301790, nelems=0, elem type=int[])
OBJ 50002b38 (sz=32, trace=301791, class=sun.misc.FDBigInteger@50007e38)
ARR 50002b39 (sz=40, trace=301790, nelems=0, elem type=int[])
OBJ 50002b3a (sz=32, trace=301791, class=sun.misc.FDBigInteger@50007e38)
ARR 50002b3b (sz=56, trace=301785, nelems=0, elem type=char[])
OBJ 50002b3c (sz=32, trace=301535, class=sun.misc.FloatingDecimal$ASCIIToBinaryBuffer@500024ac)
OBJ 50002b3d (sz=32, trace=301788, class=sun.misc.FDBigInteger@50007e38)
ARR 50002b3e (sz=24, trace=301789, nelems=0, elem type=int[])
ARR 50002b3f (sz=40, trace=301790, nelems=0, elem type=int[])
OBJ 50002b40 (sz=32, trace=301791, class=sun.misc.FDBigInteger@50007e38)
ARR 50002b41 (sz=24, trace=301792, nelems=0, elem type=int[])
OBJ 50002b42 (sz=32, trace=301793, class=sun.misc.FDBigInteger@50007e38)
OBJ 50002b43 (sz=32, trace=301537, class=Point@5000255b)
OBJ 50002b44 (sz=32, trace=301786, class=Point@5000255b)
OBJ 50002b45 (sz=32, trace=301787, class=Line@50006f05)
OBJ 50002b46 (sz=24, trace=301779, class=java.lang.String@5000016f)
ARR 50002b47 (sz=128, trace=300326, nelems=0, elem type=char[])
OBJ 50002b48 (sz=24, trace=301497, class=java.util.ArrayList@500000c5)
OBJ 50002b49 (sz=24, trace=301498, class=java.lang.String@5000016f)
ARR 50002b4a (sz=56, trace=301499, nelems=0, elem type=char[])
ARR 50002b4b (sz=56, trace=300281, nelems=0, elem type=java.lang.Object[]@5000010a)
OBJ 50002b4c (sz=24, trace=301498, class=java.lang.String@5000016f)
ARR 50002b4d (sz=56, trace=301499, nelems=0, elem type=char[])
OBJ 50002b4e (sz=24, trace=301498, class=java.lang.String@5000016f)
ARR 50002b4f (sz=32, trace=301499, nelems=0, elem type=char[])
OBJ 50002b50 (sz=24, trace=301500, class=java.lang.String@5000016f)
ARR 50002b51 (sz=32, trace=301501, nelems=0, elem type=char[])
ARR 50002b52 (sz=32, trace=301780, nelems=0, elem type=java.lang.String[]@500000cf)
OBJ 50002b53 (sz=32, trace=301537, class=Point@5000255b)
OBJ 50002b54 (sz=40, trace=301504, class=java.util.ArrayList$SubList@5000248a)
OBJ 50002b55 (sz=40, trace=301506, class=java.util.ArrayList$SubList$1@5000248d)
ARR 50002b56 (sz=56, trace=301781, nelems=0, elem type=char[])
OBJ 50002b57 (sz=32, trace=301535, class=sun.misc.FloatingDecimal$ASCIIToBinaryBuffer@500024ac)
OBJ 50002b58 (sz=32, trace=301788, class=sun.misc.FDBigInteger@50007e38)
ARR 50002b59 (sz=24, trace=301789, nelems=0, elem type=int[])
ARR 50002b5a (sz=40, trace=301790, nelems=0, elem type=int[])
OBJ 50002b5b (sz=32, trace=301791, class=sun.misc.FDBigInteger@50007e38)
ARR 50002b5c (sz=24, trace=301792, nelems=0, elem type=int[])
OBJ 50002b5d (sz=32, trace=301793, class=sun.misc.FDBigInteger@50007e38)
ARR 50002b5e (sz=40, trace=301790, nelems=0, elem type=int[])
OBJ 50002b5f (sz=32, trace=301791, class=sun.misc.FDBigInteger@50007e38)
ARR 50002b60 (sz=40, trace=301790, nelems=0, elem type=int[])
OBJ 50002b61 (sz=32, trace=301791, class=sun.misc.FDBigInteger@50007e38)
ARR 50002b62 (sz=56, trace=301782, nelems=0, elem type=char[])
OBJ 50002b63 (sz=32, trace=301537, class=Point@5000255b)
OBJ 50002b64 (sz=32, trace=301535, class=sun.misc.FloatingDecimal$ASCIIToBinaryBuffer@500024ac)
OBJ 50002b65 (sz=32, trace=301788, class=sun.misc.FDBigInteger@50007e38)
ARR 50002b66 (sz=24, trace=301789, nelems=0, elem type=int[])
ARR 50002b67 (sz=40, trace=301790, nelems=0, elem type=int[])
OBJ 50002b68 (sz=32, trace=301791, class=sun.misc.FDBigInteger@50007e38)
ARR 50002b69 (sz=24, trace=301792, nelems=0, elem type=int[])
OBJ 50002b6a (sz=32, trace=301793, class=sun.misc.FDBigInteger@50007e38)
OBJ 50002b6b (sz=32, trace=301783, class=Point@5000255b)
ARR 50002b6c (sz=32, trace=301784, nelems=0, elem type=char[])
OBJ 50002b6d (sz=32, trace=301535, class=sun.misc.FloatingDecimal$ASCIIToBinaryBuffer@500024ac)
ARR 50002b6e (sz=32, trace=301785, nelems=0, elem type=char[])
OBJ 50002b6f (sz=32, trace=301535, class=sun.misc.FloatingDecimal$ASCIIToBinaryBuffer@500024ac)
OBJ 50002b70 (sz=32, trace=301786, class=Point@5000255b)
OBJ 50002b71 (sz=32, trace=301787, class=Line@50006f05)
OBJ 50002b72 (sz=24, trace=301779, class=java.lang.String@5000016f)
OBJ 50002b73 (sz=32, trace=301537, class=Point@5000255b)
ARR 50002b74 (sz=128, trace=300326, nelems=0, elem type=char[])
OBJ 50002b75 (sz=24, trace=301497, class=java.util.ArrayList@500000c5)
OBJ 50002b76 (sz=24, trace=301498, class=java.lang.String@5000016f)
ARR 50002b77 (sz=56, trace=301499, nelems=0, elem type=char[])
ARR 50002b78 (sz=56, trace=300281, nelems=0, elem type=java.lang.Object[]@5000010a)
OBJ 50002b79 (sz=24, trace=301498, class=java.lang.String@5000016f)
ARR 50002b7a (sz=56, trace=301499, nelems=0, elem type=char[])
OBJ 50002b7b (sz=24, trace=301498, class=java.lang.String@5000016f)
ARR 50002b7c (sz=32, trace=301499, nelems=0, elem type=char[])
OBJ 50002b7d (sz=24, trace=301500, class=java.lang.String@5000016f)
ARR 50002b7e (sz=32, trace=301501, nelems=0, elem type=char[])
ARR 50002b7f (sz=32, trace=301780, nelems=0, elem type=java.lang.String[]@500000cf)
OBJ 50002b80 (sz=40, trace=301504, class=java.util.ArrayList$SubList@5000248a)
OBJ 50002b81 (sz=40, trace=301506, class=java.util.ArrayList$SubList$1@5000248d)
ARR 50002b82 (sz=56, trace=301781, nelems=0, elem type=char[])
OBJ 50002b83 (sz=32, trace=301537, class=Point@5000255b)
OBJ 50002b84 (sz=32, trace=301535, class=sun.misc.FloatingDecimal$ASCIIToBinaryBuffer@500024ac)
OBJ 50002b85 (sz=32, trace=301788, class=sun.misc.FDBigInteger@50007e38)
ARR 50002b86 (sz=24, trace=301789, nelems=0, elem type=int[])
ARR 50002b87 (sz=40, trace=301790, nelems=0, elem type=int[])
OBJ 50002b88 (sz=32, trace=301791, class=sun.misc.FDBigInteger@50007e38)
ARR 50002b89 (sz=24, trace=301792, nelems=0, elem type=int[])
OBJ 50002b8a (sz=32, trace=301793, class=sun.misc.FDBigInteger@50007e38)
ARR 50002b8b (sz=40, trace=301790, nelems=0, elem type=int[])
OBJ 50002b8c (sz=32, trace=301791, class=sun.misc.FDBigInteger@50007e38)
ARR 50002b8d (sz=40, trace=301790, nelems=0, elem type=int[])
OBJ 50002b8e (sz=32, trace=301791, class=sun.misc.FDBigInteger@50007e38)
ARR 50002b8f (sz=56, trace=301782, nelems=0, elem type=char[])
OBJ 50002b90 (sz=32, trace=301535, class=sun.misc.FloatingDecimal$ASCIIToBinaryBuffer@500024ac)
OBJ 50002b91 (sz=32, trace=301788, class=sun.misc.FDBigInteger@50007e38)
ARR 50002b92 (sz=24, trace=301789, nelems=0, elem type=int[])
OBJ 50002b93 (sz=32, trace=301537, class=Point@5000255b)
ARR 50002b94 (sz=40, trace=301790, nelems=0, elem type=int[])
OBJ 50002b95 (sz=32, trace=301791, class=sun.misc.FDBigInteger@50007e38)
ARR 50002b96 (sz=24, trace=301792, nelems=0, elem type=int[])
OBJ 50002b97 (sz=32, trace=301793, class=sun.misc.FDBigInteger@50007e38)
OBJ 50002b98 (sz=32, trace=301783, class=Point@5000255b)
ARR 50002b99 (sz=32, trace=301784, nelems=0, elem type=char[])
OBJ 50002b9a (sz=32, trace=301535, class=sun.misc.FloatingDecimal$ASCIIToBinaryBuffer@500024ac)
ARR 50002b9b (sz=32, trace=301785, nelems=0, elem type=char[])
OBJ 50002b9c (sz=32, trace=301535, class=sun.misc.FloatingDecimal$ASCIIToBinaryBuffer@500024ac)
OBJ 50002b9d (sz=32, trace=301786, class=Point@5000255b)
OBJ 50002b9e (sz=32, trace=301787, class=Line@50006f05)
OBJ 50002b9f (sz=24, trace=301779, class=java.lang.String@5000016f)
ARR 50002ba0 (sz=88, trace=300326, nelems=0, elem type=char[])
OBJ 50002ba1 (sz=24, trace=301497, class=java.util.ArrayList@500000c5)
OBJ 50002ba2 (sz=24, trace=301498, class=java.lang.String@5000016f)
OBJ 50002ba3 (sz=32, trace=301537, class=Point@5000255b)
ARR 50002ba4 (sz=32, trace=301499, nelems=0, elem type=char[])
ARR 50002ba5 (sz=56, trace=300281, nelems=0, elem type=java.lang.Object[]@5000010a)
OBJ 50002ba6 (sz=24, trace=301498, class=java.lang.String@5000016f)
ARR 50002ba7 (sz=32, trace=301499, nelems=0, elem type=char[])
OBJ 50002ba8 (sz=24, trace=301498, class=java.lang.String@5000016f)
ARR 50002ba9 (sz=32, trace=301499, nelems=0, elem type=char[])
OBJ 50002baa (sz=24, trace=301500, class=java.lang.String@5000016f)
ARR 50002bab (sz=32, trace=301501, nelems=0, elem type=char[])
ARR 50002bac (sz=32, trace=301780, nelems=0, elem type=java.lang.String[]@500000cf)
OBJ 50002bad (sz=40, trace=301504, class=java.util.ArrayList$SubList@5000248a)
OBJ 50002bae (sz=40, trace=301506, class=java.util.ArrayList$SubList$1@5000248d)
ARR 50002baf (sz=32, trace=301781, nelems=0, elem type=char[])
OBJ 50002bb0 (sz=32, trace=301535, class=sun.misc.FloatingDecimal$ASCIIToBinaryBuffer@500024ac)
ARR 50002bb1 (sz=32, trace=301782, nelems=0, elem type=char[])
OBJ 50002bb2 (sz=32, trace=301535, class=sun.misc.FloatingDecimal$ASCIIToBinaryBuffer@500024ac)
OBJ 50002bb3 (sz=32, trace=301537, class=Point@5000255b)
OBJ 50002bb4 (sz=32, trace=301783, class=Point@5000255b)
ARR 50002bb5 (sz=32, trace=301784, nelems=0, elem type=char[])
OBJ 50002bb6 (sz=32, trace=301535, class=sun.misc.FloatingDecimal$ASCIIToBinaryBuffer@500024ac)
ARR 50002bb7 (sz=32, trace=301785, nelems=0, elem type=char[])
OBJ 50002bb8 (sz=32, trace=301535, class=sun.misc.FloatingDecimal$ASCIIToBinaryBuffer@500024ac)
OBJ 50002bb9 (sz=32, trace=301786, class=Point@5000255b)
OBJ 50002bba (sz=32, trace=301787, class=Line@50006f05)
OBJ 50002bbb (sz=24, trace=301779, class=java.lang.String@5000016f)
ARR 50002bbc (sz=88, trace=300326, nelems=0, elem type=char[])
OBJ 50002bbd (sz=24, trace=301497, class=java.util.ArrayList@500000c5)
OBJ 50002bbe (sz=24, trace=301498, class=java.lang.String@5000016f)
ARR 50002bbf (sz=32, trace=301499, nelems=0, elem type=char[])
ARR 50002bc0 (sz=56, trace=300281, nelems=0, elem type=java.lang.Object[]@5000010a)
OBJ 50002bc1 (sz=24, trace=301498, class=java.lang.String@5000016f)
ARR 50002bc2 (sz=32, trace=301499, nelems=0, elem type=char[])
OBJ 50002bc3 (sz=32, trace=301537, class=Point@5000255b)
OBJ 50002bc4 (sz=24, trace=301498, class=java.lang.String@5000016f)
ARR 50002bc5 (sz=32, trace=301499, nelems=0, elem type=char[])
OBJ 50002bc6 (sz=24, trace=301500, class=java.lang.String@5000016f)
ARR 50002bc7 (sz=32, trace=301501, nelems=0, elem type=char[])
ARR 50002bc8 (sz=32, trace=301780, nelems=0, elem type=java.lang.String[]@500000cf)
OBJ 50002bc9 (sz=40, trace=301504, class=java.util.ArrayList$SubList@5000248a)
OBJ 50002bca (sz=40, trace=301506, class=java.util.ArrayList$SubList$1@5000248d)
ARR 50002bcb (sz=32, trace=301781, nelems=0, elem type=char[])
OBJ 50002bcc (sz=32, trace=301535, class=sun.misc.FloatingDecimal$ASCIIToBinaryBuffer@500024ac)
ARR 50002bcd (sz=32, trace=301782, nelems=0, elem type=char[])
OBJ 50002bce (sz=32, trace=301535, class=sun.misc.FloatingDecimal$ASCIIToBinaryBuffer@500024ac)
OBJ 50002bcf (sz=32, trace=301783, class=Point@5000255b)
ARR 50002bd0 (sz=32, trace=301784, nelems=0, elem type=char[])
OBJ 50002bd1 (sz=32, trace=301535, class=sun.misc.FloatingDecimal$ASCIIToBinaryBuffer@500024ac)
ARR 50002bd2 (sz=32, trace=301785, nelems=0, elem type=char[])
OBJ 50002bd3 (sz=32, trace=301537, class=Point@5000255b)
OBJ 50002bd4 (sz=32, trace=301535, class=sun.misc.FloatingDecimal$ASCIIToBinaryBuffer@500024ac)
OBJ 50002bd5 (sz=32, trace=301786, class=Point@5000255b)
OBJ 50002bd6 (sz=32, trace=301787, class=Line@50006f05)
OBJ 50002bd7 (sz=24, trace=301779, class=java.lang.String@5000016f)
ARR 50002bd8 (sz=88, trace=300326, nelems=0, elem type=char[])
OBJ 50002bd9 (sz=24, trace=301497, class=java.util.ArrayList@500000c5)
OBJ 50002bda (sz=24, trace=301498, class=java.lang.String@5000016f)
ARR 50002bdb (sz=32, trace=301499, nelems=0, elem type=char[])
ARR 50002bdc (sz=56, trace=300281, nelems=0, elem type=java.lang.Object[]@5000010a)
OBJ 50002bdd (sz=24, trace=301498, class=java.lang.String@5000016f)
ARR 50002bde (sz=32, trace=301499, nelems=0, elem type=char[])
OBJ 50002bdf (sz=24, trace=301498, class=java.lang.String@5000016f)
ARR 50002be0 (sz=32, trace=301499, nelems=0, elem type=char[])
OBJ 50002be1 (sz=24, trace=301500, class=java.lang.String@5000016f)
ARR 50002be2 (sz=32, trace=301501, nelems=0, elem type=char[])
OBJ 50002be3 (sz=32, trace=301537, class=Point@5000255b)
ARR 50002be4 (sz=32, trace=301780, nelems=0, elem type=java.lang.String[]@500000cf)
OBJ 50002be5 (sz=40, trace=301504, class=java.util.ArrayList$SubList@5000248a)
OBJ 50002be6 (sz=40, trace=301506, class=java.util.ArrayList$SubList$1@5000248d)
ARR 50002be7 (sz=32, trace=301781, nelems=0, elem type=char[])
OBJ 50002be8 (sz=32, trace=301535, class=sun.misc.FloatingDecimal$ASCIIToBinaryBuffer@500024ac)
ARR 50002be9 (sz=32, trace=301782, nelems=0, elem type=char[])
OBJ 50002bea (sz=32, trace=301535, class=sun.misc.FloatingDecimal$ASCIIToBinaryBuffer@500024ac)
OBJ 50002beb (sz=32, trace=301783, class=Point@5000255b)
ARR 50002bec (sz=32, trace=301784, nelems=0, elem type=char[])
OBJ 50002bed (sz=32, trace=301535, class=sun.misc.FloatingDecimal$ASCIIToBinaryBuffer@500024ac)
ARR 50002bee (sz=32, trace=301785, nelems=0, elem type=char[])
OBJ 50002bef (sz=32, trace=301535, class=sun.misc.FloatingDecimal$ASCIIToBinaryBuffer@500024ac)
OBJ 50002bf0 (sz=32, trace=301786, class=Point@5000255b)
OBJ 50002bf1 (sz=32, trace=301787, class=Line@50006f05)
OBJ 50002bf2 (sz=24, trace=301779, class=java.lang.String@5000016f)
OBJ 50002bf3 (sz=32, trace=301537, class=Point@5000255b)
ARR 50002bf4 (sz=88, trace=300326, nelems=0, elem type=char[])
OBJ 50002bf5 (sz=24, trace=301497, class=java.util.ArrayList@500000c5)
OBJ 50002bf6 (sz=24, trace=301498, class=java.lang.String@5000016f)
ARR 50002bf7 (sz=32, trace=301499, nelems=0, elem type=char[])
ARR 50002bf8 (sz=56, trace=300281, nelems=0, elem type=java.lang.Object[]@5000010a)
OBJ 50002bf9 (sz=24, trace=301498, class=java.lang.String@5000016f)
ARR 50002bfa (sz=32, trace=301499, nelems=0, elem type=char[])
OBJ 50002bfb (sz=24, trace=301498, class=java.lang.String@5000016f)
ARR 50002bfc (sz=32, trace=301499, nelems=0, elem type=char[])
OBJ 50002bfd (sz=24, trace=301500, class=java.lang.String@5000016f)
ARR 50002bfe (sz=32, trace=301501, nelems=0, elem type=char[])
ARR 50002bff (sz=32, trace=301780, nelems=0, elem type=java.lang.String[]@500000cf)
OBJ 50002c00 (sz=40, trace=301504, class=java.util.ArrayList$SubList@5000248a)
OBJ 50002c01 (sz=40, trace=301506, class=java.util.ArrayList$SubList$1@5000248d)
ARR 50002c02 (sz=32, trace=301781, nelems=0, elem type=char[])
OBJ 50002c03 (sz=32, trace=301537, class=Point@5000255b)
OBJ 50002c04 (sz=32, trace=301535, class=sun.misc.FloatingDecimal$ASCIIToBinaryBuffer@500024ac)
ARR 50002c05 (sz=32, trace=301782, nelems=0, elem type=char[])
OBJ 50002c06 (sz=32, trace=301535, class=sun.misc.FloatingDecimal$ASCIIToBinaryBuffer@500024ac)
OBJ 50002c07 (sz=32, trace=301783, class=Point@5000255b)
ARR 50002c08 (sz=32, trace=301784, nelems=0, elem type=char[])
OBJ 50002c09 (sz=32, trace=301535, class=sun.misc.FloatingDecimal$ASCIIToBinaryBuffer@500024ac)
ARR 50002c0a (sz=32, trace=301785, nelems=0, elem type=char[])
OBJ 50002c0b (sz=32, trace=301535, class=sun.misc.FloatingDecimal$ASCIIToBinaryBuffer@500024ac)
OBJ 50002c0c (sz=32, trace=301786, class=Point@5000255b)
OBJ 50002c0d (sz=32, trace=301787, class=Line@50006f05)
OBJ 50002c0e (sz=24, trace=301779, class=java.lang.String@5000016f)
ARR 50002c0f (sz=88, trace=300326, nelems=0, elem type=char[])
OBJ 50002c10 (sz=24, trace=301497, class=java.util.ArrayList@500000c5)
OBJ 50002c11 (sz=24, trace=301498, class=java.lang.String@5000016f)
ARR 50002c12 (sz=32, trace=301499, nelems=0, elem type=char[])
OBJ 50002c13 (sz=32, trace=301537, class=Point@5000255b)
ARR 50002c14 (sz=56, trace=300281, nelems=0, elem type=java.lang.Object[]@5000010a)
OBJ 50002c15 (sz=24, trace=301498, class=java.lang.String@5000016f)
ARR 50002c16 (sz=32, trace=301499, nelems=0, elem type=char[])
OBJ 50002c17 (sz=24, trace=301498, class=java.lang.String@5000016f)
ARR 50002c18 (sz=32, trace=301499, nelems=0, elem type=char[])
OBJ 50002c19 (sz=24, trace=301500, class=java.lang.String@5000016f)
ARR 50002c1a (sz=32, trace=301501, nelems=0, elem type=char[])
ARR 50002c1b (sz=32, trace=301780, nelems=0, elem type=java.lang.String[]@500000cf)
OBJ 50002c1c (sz=40, trace=301504, class=java.util.ArrayList$SubList@5000248a)
OBJ 50002c1d (sz=40, trace=301506, class=java.util.ArrayList$SubList$1@5000248d)
ARR 50002c1e (sz=32, trace=301781, nelems=0, elem type=char[])
OBJ 50002c1f (sz=32, trace=301535, class=sun.misc.FloatingDecimal$ASCIIToBinaryBuffer@500024ac)
ARR 50002c20 (sz=32, trace=301782, nelems=0, elem type=char[])
OBJ 50002c21 (sz=32, trace=301535, class=sun.misc.FloatingDecimal$ASCIIToBinaryBuffer@500024ac)
OBJ 50002c22 (sz=32, trace=301783, class=Point@5000255b)
OBJ 50002c23 (sz=32, trace=301537, class=Point@5000255b)
ARR 50002c24 (sz=32, trace=301784, nelems=0, elem type=char[])
OBJ 50002c25 (sz=32, trace=301535, class=sun.misc.FloatingDecimal$ASCIIToBinaryBuffer@500024ac)
ARR 50002c26 (sz=32, trace=301785, nelems=0, elem type=char[])
OBJ 50002c27 (sz=32, trace=301535, class=sun.misc.FloatingDecimal$ASCIIToBinaryBuffer@500024ac)
OBJ 50002c28 (sz=32, trace=301786, class=Point@5000255b)
OBJ 50002c29 (sz=32, trace=301787, class=Line@50006f05)
OBJ 50002c2a (sz=24, trace=301779, class=java.lang.String@5000016f)
ARR 50002c2b (sz=88, trace=300326, nelems=0, elem type=char[])
OBJ 50002c2c (sz=24, trace=301497, class=java.util.ArrayList@500000c5)
OBJ 50002c2d (sz=24, trace=301498, class=java.lang.String@5000016f)
ARR 50002c2e (sz=32, trace=301499, nelems=0, elem type=char[])
ARR 50002c2f (sz=56, trace=300281, nelems=0, elem type=java.lang.Object[]@5000010a)
OBJ 50002c30 (sz=24, trace=301498, class=java.lang.String@5000016f)
ARR 50002c31 (sz=32, trace=301499, nelems=0, elem type=char[])
OBJ 50002c32 (sz=24, trace=301498, class=java.lang.String@5000016f)
OBJ 50002c33 (sz=32, trace=301537, class=Point@5000255b)
ARR 50002c34 (sz=32, trace=301499, nelems=0, elem type=char[])
OBJ 50002c35 (sz=24, trace=301500, class=java.lang.String@5000016f)
ARR 50002c36 (sz=32, trace=301501, nelems=0, elem type=char[])
ARR 50002c37 (sz=32, trace=301780, nelems=0, elem type=java.lang.String[]@500000cf)
OBJ 50002c38 (sz=40, trace=301504, class=java.util.ArrayList$SubList@5000248a)
OBJ 50002c39 (sz=40, trace=301506, class=java.util.ArrayList$SubList$1@5000248d)
ARR 50002c3a (sz=32, trace=301781, nelems=0, elem type=char[])
OBJ 50002c3b (sz=32, trace=301535, class=sun.misc.FloatingDecimal$ASCIIToBinaryBuffer@500024ac)
ARR 50002c3c (sz=32, trace=301782, nelems=0, elem type=char[])
OBJ 50002c3d (sz=32, trace=301535, class=sun.misc.FloatingDecimal$ASCIIToBinaryBuffer@500024ac)
OBJ 50002c3e (sz=32, trace=301783, class=Point@5000255b)
ARR 50002c3f (sz=32, trace=301784, nelems=0, elem type=char[])
OBJ 50002c40 (sz=32, trace=301535, class=sun.misc.FloatingDecimal$ASCIIToBinaryBuffer@500024ac)
ARR 50002c41 (sz=32, trace=301785, nelems=0, elem type=char[])
OBJ 50002c42 (sz=32, trace=301535, class=sun.misc.FloatingDecimal$ASCIIToBinaryBuffer@500024ac)
OBJ 50002c43 (sz=32, trace=301786, class=Point@5000255b)
OBJ 50002c44 (sz=32, trace=301537, class=Point@5000255b)
OBJ 50002c45 (sz=32, trace=301787, class=Line@50006f05)
OBJ 50002c46 (sz=24, trace=301779, class=java.lang.String@5000016f)
ARR 50002c47 (sz=88, trace=300326, nelems=0, elem type=char[])
OBJ 50002c48 (sz=24, trace=301497, class=java.util.ArrayList@500000c5)
OBJ 50002c49 (sz=24, trace=301498, class=java.lang.String@5000016f)
ARR 50002c4a (sz=32, trace=301499, nelems=0, elem type=char[])
ARR 50002c4b (sz=56, trace=300281, nelems=0, elem type=java.lang.Object[]@5000010a)
OBJ 50002c4c (sz=24, trace=301498, class=java.lang.String@5000016f)
ARR 50002c4d (sz=32, trace=301499, nelems=0, elem type=char[])
OBJ 50002c4e (sz=24, trace=301498, class=java.lang.String@5000016f)
ARR 50002c4f (sz=32, trace=301499, nelems=0, elem type=char[])
OBJ 50002c50 (sz=24, trace=301500, class=java.lang.String@5000016f)
ARR 50002c51 (sz=32, trace=301501, nelems=0, elem type=char[])
ARR 50002c52 (sz=32, trace=301780, nelems=0, elem type=java.lang.String[]@500000cf)
OBJ 50002c53 (sz=40, trace=301504, class=java.util.ArrayList$SubList@5000248a)
OBJ 50002c54 (sz=32, trace=301537, class=Point@5000255b)
OBJ 50002c55 (sz=40, trace=301506, class=java.util.ArrayList$SubList$1@5000248d)
ARR 50002c56 (sz=32, trace=301781, nelems=0, elem type=char[])
OBJ 50002c57 (sz=32, trace=301535, class=sun.misc.FloatingDecimal$ASCIIToBinaryBuffer@500024ac)
ARR 50002c58 (sz=32, trace=301782, nelems=0, elem type=char[])
OBJ 50002c59 (sz=32, trace=301535, class=sun.misc.FloatingDecimal$ASCIIToBinaryBuffer@500024ac)
OBJ 50002c5a (sz=32, trace=301783, class=Point@5000255b)
ARR 50002c5b (sz=32, trace=301784, nelems=0, elem type=char[])
OBJ 50002c5c (sz=32, trace=301535, class=sun.misc.FloatingDecimal$ASCIIToBinaryBuffer@500024ac)
ARR 50002c5d (sz=32, trace=301785, nelems=0, elem type=char[])
OBJ 50002c5e (sz=32, trace=301535, class=sun.misc.FloatingDecimal$ASCIIToBinaryBuffer@500024ac)
OBJ 50002c5f (sz=32, trace=301786, class=Point@5000255b)
OBJ 50002c60 (sz=32, trace=301787, class=Line@50006f05)
OBJ 50002c61 (sz=24, trace=301779, class=java.lang.String@5000016f)
ARR 50002c62 (sz=88, trace=300326, nelems=0, elem type=char[])
OBJ 50002c63 (sz=24, trace=301497, class=java.util.ArrayList@500000c5)
OBJ 50002c64 (sz=32, trace=301537, class=Point@5000255b)
OBJ 50002c65 (sz=24, trace=301498, class=java.lang.String@5000016f)
ARR 50002c66 (sz=32, trace=301499, nelems=0, elem type=char[])
ARR 50002c67 (sz=56, trace=300281, nelems=0, elem type=java.lang.Object[]@5000010a)
OBJ 50002c68 (sz=24, trace=301498, class=java.lang.String@5000016f)
ARR 50002c69 (sz=32, trace=301499, nelems=0, elem type=char[])
OBJ 50002c6a (sz=24, trace=301498, class=java.lang.String@5000016f)
ARR 50002c6b (sz=32, trace=301499, nelems=0, elem type=char[])
OBJ 50002c6c (sz=24, trace=301500, class=java.lang.String@5000016f)
ARR 50002c6d (sz=32, trace=301501, nelems=0, elem type=char[])
ARR 50002c6e (sz=32, trace=301780, nelems=0, elem type=java.lang.String[]@500000cf)
OBJ 50002c6f (sz=40, trace=301504, class=java.util.ArrayList$SubList@5000248a)
OBJ 50002c70 (sz=40, trace=301506, class=java.util.ArrayList$SubList$1@5000248d)
ARR 50002c71 (sz=32, trace=301781, nelems=0, elem type=char[])
OBJ 50002c72 (sz=32, trace=301535, class=sun.misc.FloatingDecimal$ASCIIToBinaryBuffer@500024ac)
ARR 50002c73 (sz=32, trace=301782, nelems=0, elem type=char[])
OBJ 50002c74 (sz=32, trace=301537, class=Point@5000255b)
OBJ 50002c75 (sz=32, trace=301535, class=sun.misc.FloatingDecimal$ASCIIToBinaryBuffer@500024ac)
OBJ 50002c76 (sz=32, trace=301783, class=Point@5000255b)
ARR 50002c77 (sz=32, trace=301784, nelems=0, elem type=char[])
OBJ 50002c78 (sz=32, trace=301535, class=sun.misc.FloatingDecimal$ASCIIToBinaryBuffer@500024ac)
ARR 50002c79 (sz=32, trace=301785, nelems=0, elem type=char[])
OBJ 50002c7a (sz=32, trace=301535, class=sun.misc.FloatingDecimal$ASCIIToBinaryBuffer@500024ac)
OBJ 50002c7b (sz=32, trace=301786, class=Point@5000255b)
OBJ 50002c7c (sz=32, trace=301787, class=Line@50006f05)
OBJ 50002c7d (sz=24, trace=301779, class=java.lang.String@5000016f)
ARR 50002c7e (sz=88, trace=300326, nelems=0, elem type=char[])
OBJ 50002c7f (sz=24, trace=301497, class=java.util.ArrayList@500000c5)
OBJ 50002c80 (sz=24, trace=301498, class=java.lang.String@5000016f)
ARR 50002c81 (sz=32, trace=301499, nelems=0, elem type=char[])
ARR 50002c82 (sz=56, trace=300281, nelems=0, elem type=java.lang.Object[]@5000010a)
OBJ 50002c83 (sz=24, trace=301498, class=java.lang.String@5000016f)
OBJ 50002c84 (sz=32, trace=301537, class=Point@5000255b)
ARR 50002c85 (sz=32, trace=301499, nelems=0, elem type=char[])
OBJ 50002c86 (sz=24, trace=301498, class=java.lang.String@5000016f)
ARR 50002c87 (sz=32, trace=301499, nelems=0, elem type=char[])
OBJ 50002c88 (sz=24, trace=301500, class=java.lang.String@5000016f)
ARR 50002c89 (sz=32, trace=301501, nelems=0, elem type=char[])
ARR 50002c8a (sz=32, trace=301780, nelems=0, elem type=java.lang.String[]@500000cf)
OBJ 50002c8b (sz=40, trace=301504, class=java.util.ArrayList$SubList@5000248a)
OBJ 50002c8c (sz=40, trace=301506, class=java.util.ArrayList$SubList$1@5000248d)
ARR 50002c8d (sz=32, trace=301781, nelems=0, elem type=char[])
OBJ 50002c8e (sz=32, trace=301535, class=sun.misc.FloatingDecimal$ASCIIToBinaryBuffer@500024ac)
ARR 50002c8f (sz=32, trace=301782, nelems=0, elem type=char[])
OBJ 50002c90 (sz=32, trace=301535, class=sun.misc.FloatingDecimal$ASCIIToBinaryBuffer@500024ac)
OBJ 50002c91 (sz=32, trace=301783, class=Point@5000255b)
ARR 50002c92 (sz=32, trace=301784, nelems=0, elem type=char[])
OBJ 50002c93 (sz=32, trace=301535, class=sun.misc.FloatingDecimal$ASCIIToBinaryBuffer@500024ac)
OBJ 50002c94 (sz=32, trace=301537, class=Point@5000255b)
ARR 50002c95 (sz=32, trace=301785, nelems=0, elem type=char[])
OBJ 50002c96 (sz=32, trace=301535, class=sun.misc.FloatingDecimal$ASCIIToBinaryBuffer@500024ac)
OBJ 50002c97 (sz=32, trace=301786, class=Point@5000255b)
OBJ 50002c98 (sz=32, trace=301787, class=Line@50006f05)
OBJ 50002c99 (sz=24, trace=301779, class=java.lang.String@5000016f)
ARR 50002c9a (sz=88, trace=300326, nelems=0, elem type=char[])
OBJ 50002c9b (sz=24, trace=301497, class=java.util.ArrayList@500000c5)
OBJ 50002c9c (sz=24, trace=301498, class=java.lang.String@5000016f)
ARR 50002c9d (sz=32, trace=301499, nelems=0, elem type=char[])
ARR 50002c9e (sz=56, trace=300281, nelems=0, elem type=java.lang.Object[]@5000010a)
OBJ 50002c9f (sz=24, trace=301498, class=java.lang.String@5000016f)
ARR 50002ca0 (sz=32, trace=301499, nelems=0, elem type=char[])
OBJ 50002ca1 (sz=24, trace=301498, class=java.lang.String@5000016f)
ARR 50002ca2 (sz=32, trace=301499, nelems=0, elem type=char[])
OBJ 50002ca3 (sz=24, trace=301500, class=java.lang.String@5000016f)
OBJ 50002ca4 (sz=32, trace=301537, class=Point@5000255b)
ARR 50002ca5 (sz=32, trace=301501, nelems=0, elem type=char[])
ARR 50002ca6 (sz=32, trace=301780, nelems=0, elem type=java.lang.String[]@500000cf)
OBJ 50002ca7 (sz=40, trace=301504, class=java.util.ArrayList$SubList@5000248a)
OBJ 50002ca8 (sz=40, trace=301506, class=java.util.ArrayList$SubList$1@5000248d)
ARR 50002ca9 (sz=32, trace=301781, nelems=0, elem type=char[])
OBJ 50002caa (sz=32, trace=301535, class=sun.misc.FloatingDecimal$ASCIIToBinaryBuffer@500024ac)
ARR 50002cab (sz=32, trace=301782, nelems=0, elem type=char[])
OBJ 50002cac (sz=32, trace=301535, class=sun.misc.FloatingDecimal$ASCIIToBinaryBuffer@500024ac)
OBJ 50002cad (sz=32, trace=301783, class=Point@5000255b)
ARR 50002cae (sz=32, trace=301784, nelems=0, elem type=char[])
OBJ 50002caf (sz=32, trace=301535, class=sun.misc.FloatingDecimal$ASCIIToBinaryBuffer@500024ac)
ARR 50002cb0 (sz=32, trace=301785, nelems=0, elem type=char[])
OBJ 50002cb1 (sz=32, trace=301535, class=sun.misc.FloatingDecimal$ASCIIToBinaryBuffer@500024ac)
OBJ 50002cb2 (sz=32, trace=301786, class=Point@5000255b)
OBJ 50002cb3 (sz=32, trace=301787, class=Line@50006f05)
OBJ 50002cb4 (sz=32, trace=301537, class=Point@5000255b)
OBJ 50002cb5 (sz=24, trace=301779, class=java.lang.String@5000016f)
ARR 50002cb6 (sz=88, trace=300326, nelems=0, elem type=char[])
OBJ 50002cb7 (sz=24, trace=301497, class=java.util.ArrayList@500000c5)
OBJ 50002cb8 (sz=24, trace=301498, class=java.lang.String@5000016f)
ARR 50002cb9 (sz=32, trace=301499, nelems=0, elem type=char[])
ARR 50002cba (sz=56, trace=300281, nelems=0, elem type=java.lang.Object[]@5000010a)
OBJ 50002cbb (sz=24, trace=301498, class=java.lang.String@5000016f)
ARR 50002cbc (sz=32, trace=301499, nelems=0, elem type=char[])
OBJ 50002cbd (sz=24, trace=301498, class=java.lang.String@5000016f)
ARR 50002cbe (sz=32, trace=301499, nelems=0, elem type=char[])
OBJ 50002cbf (sz=24, trace=301500, class=java.lang.String@5000016f)
ARR 50002cc0 (sz=32, trace=301501, nelems=0, elem type=char[])
ARR 50002cc1 (sz=32, trace=301780, nelems=0, elem type=java.lang.String[]@500000cf)
OBJ 50002cc2 (sz=40, trace=301504, class=java.util.ArrayList$SubList@5000248a)
OBJ 50002cc3 (sz=40, trace=301506, class=java.util.ArrayList$SubList$1@5000248d)
OBJ 50002cc4 (sz=32, trace=301537, class=Point@5000255b)
ARR 50002cc5 (sz=32, trace=301781, nelems=0, elem type=char[])
OBJ 50002cc6 (sz=32, trace=301535, class=sun.misc.FloatingDecimal$ASCIIToBinaryBuffer@500024ac)
ARR 50002cc7 (sz=32, trace=301782, nelems=0, elem type=char[])
OBJ 50002cc8 (sz=32, trace=301535, class=sun.misc.FloatingDecimal$ASCIIToBinaryBuffer@500024ac)
OBJ 50002cc9 (sz=32, trace=301783, class=Point@5000255b)
ARR 50002cca (sz=32, trace=301784, nelems=0, elem type=char[])
OBJ 50002ccb (sz=32, trace=301535, class=sun.misc.FloatingDecimal$ASCIIToBinaryBuffer@500024ac)
ARR 50002ccc (sz=32, trace=301785, nelems=0, elem type=char[])
OBJ 50002ccd (sz=32, trace=301535, class=sun.misc.FloatingDecimal$ASCIIToBinaryBuffer@500024ac)
OBJ 50002cce (sz=32, trace=301786, class=Point@5000255b)
OBJ 50002ccf (sz=32, trace=301787, class=Line@50006f05)
OBJ 50002cd0 (sz=24, trace=301779, class=java.lang.String@5000016f)
ARR 50002cd1 (sz=88, trace=300326, nelems=0, elem type=char[])
OBJ 50002cd2 (sz=24, trace=301497, class=java.util.ArrayList@500000c5)
OBJ 50002cd3 (sz=24, trace=301498, class=java.lang.String@5000016f)
OBJ 50002cd4 (sz=32, trace=301537, class=Point@5000255b)
ARR 50002cd5 (sz=32, trace=301499, nelems=0, elem type=char[])
ARR 50002cd6 (sz=56, trace=300281, nelems=0, elem type=java.lang.Object[]@5000010a)
OBJ 50002cd7 (sz=24, trace=301498, class=java.lang.String@5000016f)
ARR 50002cd8 (sz=32, trace=301499, nelems=0, elem type=char[])
OBJ 50002cd9 (sz=24, trace=301498, class=java.lang.String@5000016f)
ARR 50002cda (sz=32, trace=301499, nelems=0, elem type=char[])
OBJ 50002cdb (sz=24, trace=301500, class=java.lang.String@5000016f)
ARR 50002cdc (sz=32, trace=301501, nelems=0, elem type=char[])
ARR 50002cdd (sz=32, trace=301780, nelems=0, elem type=java.lang.String[]@500000cf)
OBJ 50002cde (sz=40, trace=301504, class=java.util.ArrayList$SubList@5000248a)
OBJ 50002cdf (sz=40, trace=301506, class=java.util.ArrayList$SubList$1@5000248d)
ARR 50002ce0 (sz=32, trace=301781, nelems=0, elem type=char[])
OBJ 50002ce1 (sz=32, trace=301535, class=sun.misc.FloatingDecimal$ASCIIToBinaryBuffer@500024ac)
ARR 50002ce2 (sz=32, trace=301782, nelems=0, elem type=char[])
OBJ 50002ce3 (sz=32, trace=301535, class=sun.misc.FloatingDecimal$ASCIIToBinaryBuffer@500024ac)
OBJ 50002ce4 (sz=32, trace=301537, class=Point@5000255b)
OBJ 50002ce5 (sz=32, trace=301783, class=Point@5000255b)
ARR 50002ce6 (sz=32, trace=301784, nelems=0, elem type=char[])
OBJ 50002ce7 (sz=32, trace=301535, class=sun.misc.FloatingDecimal$ASCIIToBinaryBuffer@500024ac)
ARR 50002ce8 (sz=32, trace=301785, nelems=0, elem type=char[])
OBJ 50002ce9 (sz=32, trace=301535, class=sun.misc.FloatingDecimal$ASCIIToBinaryBuffer@500024ac)
OBJ 50002cea (sz=32, trace=301786, class=Point@5000255b)
OBJ 50002ceb (sz=32, trace=301787, class=Line@50006f05)
OBJ 50002cec (sz=24, trace=301779, class=java.lang.String@5000016f)
ARR 50002ced (sz=88, trace=300326, nelems=0, elem type=char[])
OBJ 50002cee (sz=24, trace=301497, class=java.util.ArrayList@500000c5)
OBJ 50002cef (sz=24, trace=301498, class=java.lang.String@5000016f)
ARR 50002cf0 (sz=32, trace=301499, nelems=0, elem type=char[])
ARR 50002cf1 (sz=56, trace=300281, nelems=0, elem type=java.lang.Object[]@5000010a)
OBJ 50002cf2 (sz=24, trace=301498, class=java.lang.String@5000016f)
ARR 50002cf3 (sz=32, trace=301499, nelems=0, elem type=char[])
OBJ 50002cf4 (sz=32, trace=301537, class=Point@5000255b)
OBJ 50002cf5 (sz=24, trace=301498, class=java.lang.String@5000016f)
ARR 50002cf6 (sz=32, trace=301499, nelems=0, elem type=char[])
OBJ 50002cf7 (sz=24, trace=301500, class=java.lang.String@5000016f)
ARR 50002cf8 (sz=32, trace=301501, nelems=0, elem type=char[])
ARR 50002cf9 (sz=32, trace=301780, nelems=0, elem type=java.lang.String[]@500000cf)
OBJ 50002cfa (sz=40, trace=301504, class=java.util.ArrayList$SubList@5000248a)
OBJ 50002cfb (sz=40, trace=301506, class=java.util.ArrayList$SubList$1@5000248d)
ARR 50002cfc (sz=32, trace=301781, nelems=0, elem type=char[])
OBJ 50002cfd (sz=32, trace=301535, class=sun.misc.FloatingDecimal$ASCIIToBinaryBuffer@500024ac)
ARR 50002cfe (sz=32, trace=301782, nelems=0, elem type=char[])
OBJ 50002cff (sz=32, trace=301535, class=sun.misc.FloatingDecimal$ASCIIToBinaryBuffer@500024ac)
OBJ 50002d00 (sz=32, trace=301783, class=Point@5000255b)
ARR 50002d01 (sz=32, trace=301784, nelems=0, elem type=char[])
OBJ 50002d02 (sz=32, trace=301535, class=sun.misc.FloatingDecimal$ASCIIToBinaryBuffer@500024ac)
ARR 50002d03 (sz=32, trace=301785, nelems=0, elem type=char[])
OBJ 50002d04 (sz=32, trace=301537, class=Point@5000255b)
OBJ 50002d05 (sz=32, trace=301535, class=sun.misc.FloatingDecimal$ASCIIToBinaryBuffer@500024ac)
OBJ 50002d06 (sz=32, trace=301786, class=Point@5000255b)
OBJ 50002d07 (sz=32, trace=301787, class=Line@50006f05)
OBJ 50002d08 (sz=24, trace=301779, class=java.lang.String@5000016f)
ARR 50002d09 (sz=88, trace=300326, nelems=0, elem type=char[])
OBJ 50002d0a (sz=24, trace=301497, class=java.util.ArrayList@500000c5)
OBJ 50002d0b (sz=24, trace=301498, class=java.lang.String@5000016f)
ARR 50002d0c (sz=32, trace=301499, nelems=0, elem type=char[])
ARR 50002d0d (sz=56, trace=300281, nelems=0, elem type=java.lang.Object[]@5000010a)
OBJ 50002d0e (sz=24, trace=301498, class=java.lang.String@5000016f)
ARR 50002d0f (sz=32, trace=301499, nelems=0, elem type=char[])
OBJ 50002d10 (sz=24, trace=301498, class=java.lang.String@5000016f)
ARR 50002d11 (sz=32, trace=301499, nelems=0, elem type=char[])
OBJ 50002d12 (sz=24, trace=301500, class=java.lang.String@5000016f)
ARR 50002d13 (sz=32, trace=301501, nelems=0, elem type=char[])
OBJ 50002d14 (sz=32, trace=301537, class=Point@5000255b)
ARR 50002d15 (sz=32, trace=301780, nelems=0, elem type=java.lang.String[]@500000cf)
OBJ 50002d16 (sz=40, trace=301504, class=java.util.ArrayList$SubList@5000248a)
OBJ 50002d17 (sz=40, trace=301506, class=java.util.ArrayList$SubList$1@5000248d)
ARR 50002d18 (sz=32, trace=301781, nelems=0, elem type=char[])
OBJ 50002d19 (sz=32, trace=301535, class=sun.misc.FloatingDecimal$ASCIIToBinaryBuffer@500024ac)
ARR 50002d1a (sz=32, trace=301782, nelems=0, elem type=char[])
OBJ 50002d1b (sz=32, trace=301535, class=sun.misc.FloatingDecimal$ASCIIToBinaryBuffer@500024ac)
OBJ 50002d1c (sz=32, trace=301783, class=Point@5000255b)
ARR 50002d1d (sz=32, trace=301784, nelems=0, elem type=char[])
OBJ 50002d1e (sz=32, trace=301535, class=sun.misc.FloatingDecimal$ASCIIToBinaryBuffer@500024ac)
ARR 50002d1f (sz=32, trace=301785, nelems=0, elem type=char[])
OBJ 50002d20 (sz=32, trace=301535, class=sun.misc.FloatingDecimal$ASCIIToBinaryBuffer@500024ac)
OBJ 50002d21 (sz=32, trace=301786, class=Point@5000255b)
OBJ 50002d22 (sz=32, trace=301787, class=Line@50006f05)
OBJ 50002d23 (sz=24, trace=301779, class=java.lang.String@5000016f)
OBJ 50002d24 (sz=32, trace=301537, class=Point@5000255b)
ARR 50002d25 (sz=88, trace=300326, nelems=0, elem type=char[])
OBJ 50002d26 (sz=24, trace=301497, class=java.util.ArrayList@500000c5)
OBJ 50002d27 (sz=24, trace=301498, class=java.lang.String@5000016f)
ARR 50002d28 (sz=32, trace=301499, nelems=0, elem type=char[])
ARR 50002d29 (sz=56, trace=300281, nelems=0, elem type=java.lang.Object[]@5000010a)
OBJ 50002d2a (sz=24, trace=301498, class=java.lang.String@5000016f)
ARR 50002d2b (sz=32, trace=301499, nelems=0, elem type=char[])
OBJ 50002d2c (sz=24, trace=301498, class=java.lang.String@5000016f)
ARR 50002d2d (sz=32, trace=301499, nelems=0, elem type=char[])
OBJ 50002d2e (sz=24, trace=301500, class=java.lang.String@5000016f)
ARR 50002d2f (sz=32, trace=301501, nelems=0, elem type=char[])
ARR 50002d30 (sz=32, trace=301780, nelems=0, elem type=java.lang.String[]@500000cf)
OBJ 50002d31 (sz=40, trace=301504, class=java.util.ArrayList$SubList@5000248a)
OBJ 50002d32 (sz=40, trace=301506, class=java.util.ArrayList$SubList$1@5000248d)
ARR 50002d33 (sz=32, trace=301781, nelems=0, elem type=char[])
OBJ 50002d34 (sz=32, trace=301537, class=Point@5000255b)
OBJ 50002d35 (sz=32, trace=301535, class=sun.misc.FloatingDecimal$ASCIIToBinaryBuffer@500024ac)
ARR 50002d36 (sz=32, trace=301782, nelems=0, elem type=char[])
OBJ 50002d37 (sz=32, trace=301535, class=sun.misc.FloatingDecimal$ASCIIToBinaryBuffer@500024ac)
OBJ 50002d38 (sz=32, trace=301783, class=Point@5000255b)
ARR 50002d39 (sz=32, trace=301784, nelems=0, elem type=char[])
OBJ 50002d3a (sz=32, trace=301535, class=sun.misc.FloatingDecimal$ASCIIToBinaryBuffer@500024ac)
ARR 50002d3b (sz=32, trace=301785, nelems=0, elem type=char[])
OBJ 50002d3c (sz=32, trace=301535, class=sun.misc.FloatingDecimal$ASCIIToBinaryBuffer@500024ac)
OBJ 50002d3d (sz=32, trace=301786, class=Point@5000255b)
OBJ 50002d3e (sz=32, trace=301787, class=Line@50006f05)
OBJ 50002d3f (sz=24, trace=301779, class=java.lang.String@5000016f)
ARR 50002d40 (sz=88, trace=300326, nelems=0, elem type=char[])
OBJ 50002d41 (sz=24, trace=301497, class=java.util.ArrayList@500000c5)
OBJ 50002d42 (sz=24, trace=301498, class=java.lang.String@5000016f)
ARR 50002d43 (sz=32, trace=301499, nelems=0, elem type=char[])
OBJ 50002d44 (sz=32, trace=301537, class=Point@5000255b)
ARR 50002d45 (sz=56, trace=300281, nelems=0, elem type=java.lang.Object[]@5000010a)
OBJ 50002d46 (sz=24, trace=301498, class=java.lang.String@5000016f)
ARR 50002d47 (sz=32, trace=301499, nelems=0, elem type=char[])
OBJ 50002d48 (sz=24, trace=301498, class=java.lang.String@5000016f)
ARR 50002d49 (sz=32, trace=301499, nelems=0, elem type=char[])
OBJ 50002d4a (sz=24, trace=301500, class=java.lang.String@5000016f)
ARR 50002d4b (sz=32, trace=301501, nelems=0, elem type=char[])
ARR 50002d4c (sz=32, trace=301780, nelems=0, elem type=java.lang.String[]@500000cf)
OBJ 50002d4d (sz=40, trace=301504, class=java.util.ArrayList$SubList@5000248a)
OBJ 50002d4e (sz=40, trace=301506, class=java.util.ArrayList$SubList$1@5000248d)
ARR 50002d4f (sz=32, trace=301781, nelems=0, elem type=char[])
OBJ 50002d50 (sz=32, trace=301535, class=sun.misc.FloatingDecimal$ASCIIToBinaryBuffer@500024ac)
ARR 50002d51 (sz=32, trace=301782, nelems=0, elem type=char[])
OBJ 50002d52 (sz=32, trace=301535, class=sun.misc.FloatingDecimal$ASCIIToBinaryBuffer@500024ac)
OBJ 50002d53 (sz=32, trace=301783, class=Point@5000255b)
OBJ 50002d54 (sz=32, trace=301537, class=Point@5000255b)
ARR 50002d55 (sz=32, trace=301784, nelems=0, elem type=char[])
OBJ 50002d56 (sz=32, trace=301535, class=sun.misc.FloatingDecimal$ASCIIToBinaryBuffer@500024ac)
ARR 50002d57 (sz=32, trace=301785, nelems=0, elem type=char[])
OBJ 50002d58 (sz=32, trace=301535, class=sun.misc.FloatingDecimal$ASCIIToBinaryBuffer@500024ac)
OBJ 50002d59 (sz=32, trace=301786, class=Point@5000255b)
OBJ 50002d5a (sz=32, trace=301787, class=Line@50006f05)
OBJ 50002d5b (sz=24, trace=301779, class=java.lang.String@5000016f)
ARR 50002d5c (sz=88, trace=300326, nelems=0, elem type=char[])
OBJ 50002d5d (sz=24, trace=301497, class=java.util.ArrayList@500000c5)
OBJ 50002d5e (sz=24, trace=301498, class=java.lang.String@5000016f)
ARR 50002d5f (sz=32, trace=301499, nelems=0, elem type=char[])
ARR 50002d60 (sz=56, trace=300281, nelems=0, elem type=java.lang.Object[]@5000010a)
OBJ 50002d61 (sz=24, trace=301498, class=java.lang.String@5000016f)
ARR 50002d62 (sz=32, trace=301499, nelems=0, elem type=char[])
OBJ 50002d63 (sz=24, trace=301498, class=java.lang.String@5000016f)
OBJ 50002d64 (sz=32, trace=301537, class=Point@5000255b)
ARR 50002d65 (sz=32, trace=301499, nelems=0, elem type=char[])
OBJ 50002d66 (sz=24, trace=301500, class=java.lang.String@5000016f)
ARR 50002d67 (sz=32, trace=301501, nelems=0, elem type=char[])
ARR 50002d68 (sz=32, trace=301780, nelems=0, elem type=java.lang.String[]@500000cf)
OBJ 50002d69 (sz=40, trace=301504, class=java.util.ArrayList$SubList@5000248a)
OBJ 50002d6a (sz=40, trace=301506, class=java.util.ArrayList$SubList$1@5000248d)
ARR 50002d6b (sz=32, trace=301781, nelems=0, elem type=char[])
OBJ 50002d6c (sz=32, trace=301535, class=sun.misc.FloatingDecimal$ASCIIToBinaryBuffer@500024ac)
ARR 50002d6d (sz=32, trace=301782, nelems=0, elem type=char[])
OBJ 50002d6e (sz=32, trace=301535, class=sun.misc.FloatingDecimal$ASCIIToBinaryBuffer@500024ac)
OBJ 50002d6f (sz=32, trace=301783, class=Point@5000255b)
ARR 50002d70 (sz=32, trace=301784, nelems=0, elem type=char[])
OBJ 50002d71 (sz=32, trace=301535, class=sun.misc.FloatingDecimal$ASCIIToBinaryBuffer@500024ac)
ARR 50002d72 (sz=32, trace=301785, nelems=0, elem type=char[])
OBJ 50002d73 (sz=32, trace=301535, class=sun.misc.FloatingDecimal$ASCIIToBinaryBuffer@500024ac)
OBJ 50002d74 (sz=32, trace=301537, class=Point@5000255b)
OBJ 50002d75 (sz=32, trace=301786, class=Point@5000255b)
OBJ 50002d76 (sz=32, trace=301787, class=Line@50006f05)
ARR 50002d77 (sz=672, trace=300281, nelems=0, elem type=java.lang.Object[]@5000010a)
OBJ 50002d78 (sz=24, trace=301779, class=java.lang.String@5000016f)
ARR 50002d79 (sz=88, trace=300326, nelems=0, elem type=char[])
OBJ 50002d7a (sz=24, trace=301497, class=java.util.ArrayList@500000c5)
OBJ 50002d7b (sz=24, trace=301498, class=java.lang.String@5000016f)
ARR 50002d7c (sz=32, trace=301499, nelems=0, elem type=char[])
ARR 50002d7d (sz=56, trace=300281, nelems=0, elem type=java.lang.Object[]@5000010a)
OBJ 50002d7e (sz=24, trace=301498, class=java.lang.String@5000016f)
ARR 50002d7f (sz=32, trace=301499, nelems=0, elem type=char[])
OBJ 50002d80 (sz=24, trace=301498, class=java.lang.String@5000016f)
ARR 50002d81 (sz=32, trace=301499, nelems=0, elem type=char[])
OBJ 50002d82 (sz=24, trace=301500, class=java.lang.String@5000016f)
ARR 50002d83 (sz=32, trace=301501, nelems=0, elem type=char[])
OBJ 50002d84 (sz=32, trace=301537, class=Point@5000255b)
ARR 50002d85 (sz=32, trace=301780, nelems=0, elem type=java.lang.String[]@500000cf)
OBJ 50002d86 (sz=40, trace=301504, class=java.util.ArrayList$SubList@5000248a)
OBJ 50002d87 (sz=40, trace=301506, class=java.util.ArrayList$SubList$1@5000248d)
ARR 50002d88 (sz=32, trace=301781, nelems=0, elem type=char[])
OBJ 50002d89 (sz=32, trace=301535, class=sun.misc.FloatingDecimal$ASCIIToBinaryBuffer@500024ac)
ARR 50002d8a (sz=32, trace=301782, nelems=0, elem type=char[])
OBJ 50002d8b (sz=32, trace=301535, class=sun.misc.FloatingDecimal$ASCIIToBinaryBuffer@500024ac)
OBJ 50002d8c (sz=32, trace=301783, class=Point@5000255b)
ARR 50002d8d (sz=32, trace=301784, nelems=0, elem type=char[])
OBJ 50002d8e (sz=32, trace=301535, class=sun.misc.FloatingDecimal$ASCIIToBinaryBuffer@500024ac)
ARR 50002d8f (sz=32, trace=301785, nelems=0, elem type=char[])
OBJ 50002d90 (sz=32, trace=301535, class=sun.misc.FloatingDecimal$ASCIIToBinaryBuffer@500024ac)
OBJ 50002d91 (sz=32, trace=301786, class=Point@5000255b)
OBJ 50002d92 (sz=32, trace=301787, class=Line@50006f05)
OBJ 50002d93 (sz=24, trace=301779, class=java.lang.String@5000016f)
OBJ 50002d94 (sz=32, trace=301537, class=Point@5000255b)
ARR 50002d95 (sz=88, trace=300326, nelems=0, elem type=char[])
OBJ 50002d96 (sz=24, trace=301497, class=java.util.ArrayList@500000c5)
OBJ 50002d97 (sz=24, trace=301498, class=java.lang.String@5000016f)
ARR 50002d98 (sz=32, trace=301499, nelems=0, elem type=char[])
ARR 50002d99 (sz=56, trace=300281, nelems=0, elem type=java.lang.Object[]@5000010a)
OBJ 50002d9a (sz=24, trace=301498, class=java.lang.String@5000016f)
ARR 50002d9b (sz=32, trace=301499, nelems=0, elem type=char[])
OBJ 50002d9c (sz=24, trace=301498, class=java.lang.String@5000016f)
ARR 50002d9d (sz=32, trace=301499, nelems=0, elem type=char[])
OBJ 50002d9e (sz=24, trace=301500, class=java.lang.String@5000016f)
ARR 50002d9f (sz=32, trace=301501, nelems=0, elem type=char[])
ARR 50002da0 (sz=32, trace=301780, nelems=0, elem type=java.lang.String[]@500000cf)
OBJ 50002da1 (sz=40, trace=301504, class=java.util.ArrayList$SubList@5000248a)
OBJ 50002da2 (sz=40, trace=301506, class=java.util.ArrayList$SubList$1@5000248d)
ARR 50002da3 (sz=32, trace=301781, nelems=0, elem type=char[])
OBJ 50002da4 (sz=32, trace=301537, class=Point@5000255b)
OBJ 50002da5 (sz=32, trace=301535, class=sun.misc.FloatingDecimal$ASCIIToBinaryBuffer@500024ac)
ARR 50002da6 (sz=32, trace=301782, nelems=0, elem type=char[])
OBJ 50002da7 (sz=32, trace=301535, class=sun.misc.FloatingDecimal$ASCIIToBinaryBuffer@500024ac)
OBJ 50002da8 (sz=32, trace=301783, class=Point@5000255b)
ARR 50002da9 (sz=32, trace=301784, nelems=0, elem type=char[])
OBJ 50002daa (sz=32, trace=301535, class=sun.misc.FloatingDecimal$ASCIIToBinaryBuffer@500024ac)
ARR 50002dab (sz=32, trace=301785, nelems=0, elem type=char[])
OBJ 50002dac (sz=32, trace=301535, class=sun.misc.FloatingDecimal$ASCIIToBinaryBuffer@500024ac)
OBJ 50002dad (sz=32, trace=301786, class=Point@5000255b)
OBJ 50002dae (sz=32, trace=301787, class=Line@50006f05)
OBJ 50002daf (sz=24, trace=301779, class=java.lang.String@5000016f)
ARR 50002db0 (sz=88, trace=300326, nelems=0, elem type=char[])
OBJ 50002db1 (sz=24, trace=301497, class=java.util.ArrayList@500000c5)
OBJ 50002db2 (sz=24, trace=301498, class=java.lang.String@5000016f)
ARR 50002db3 (sz=32, trace=301499, nelems=0, elem type=char[])
OBJ 50002db4 (sz=32, trace=301537, class=Point@5000255b)
ARR 50002db5 (sz=56, trace=300281, nelems=0, elem type=java.lang.Object[]@5000010a)
OBJ 50002db6 (sz=24, trace=301498, class=java.lang.String@5000016f)
ARR 50002db7 (sz=32, trace=301499, nelems=0, elem type=char[])
OBJ 50002db8 (sz=24, trace=301498, class=java.lang.String@5000016f)
ARR 50002db9 (sz=32, trace=301499, nelems=0, elem type=char[])
OBJ 50002dba (sz=24, trace=301500, class=java.lang.String@5000016f)
ARR 50002dbb (sz=32, trace=301501, nelems=0, elem type=char[])
ARR 50002dbc (sz=32, trace=301780, nelems=0, elem type=java.lang.String[]@500000cf)
OBJ 50002dbd (sz=40, trace=301504, class=java.util.ArrayList$SubList@5000248a)
OBJ 50002dbe (sz=40, trace=301506, class=java.util.ArrayList$SubList$1@5000248d)
ARR 50002dbf (sz=32, trace=301781, nelems=0, elem type=char[])
OBJ 50002dc0 (sz=32, trace=301535, class=sun.misc.FloatingDecimal$ASCIIToBinaryBuffer@500024ac)
ARR 50002dc1 (sz=32, trace=301782, nelems=0, elem type=char[])
OBJ 50002dc2 (sz=32, trace=301535, class=sun.misc.FloatingDecimal$ASCIIToBinaryBuffer@500024ac)
OBJ 50002dc3 (sz=32, trace=301783, class=Point@5000255b)
OBJ 50002dc4 (sz=32, trace=301537, class=Point@5000255b)
ARR 50002dc5 (sz=32, trace=301784, nelems=0, elem type=char[])
OBJ 50002dc6 (sz=32, trace=301535, class=sun.misc.FloatingDecimal$ASCIIToBinaryBuffer@500024ac)
ARR 50002dc7 (sz=32, trace=301785, nelems=0, elem type=char[])
OBJ 50002dc8 (sz=32, trace=301535, class=sun.misc.FloatingDecimal$ASCIIToBinaryBuffer@500024ac)
OBJ 50002dc9 (sz=32, trace=301786, class=Point@5000255b)
OBJ 50002dca (sz=32, trace=301787, class=Line@50006f05)
OBJ 50002dcb (sz=24, trace=301779, class=java.lang.String@5000016f)
ARR 50002dcc (sz=88, trace=300326, nelems=0, elem type=char[])
OBJ 50002dcd (sz=24, trace=301497, class=java.util.ArrayList@500000c5)
OBJ 50002dce (sz=24, trace=301498, class=java.lang.String@5000016f)
ARR 50002dcf (sz=32, trace=301499, nelems=0, elem type=char[])
ARR 50002dd0 (sz=56, trace=300281, nelems=0, elem type=java.lang.Object[]@5000010a)
OBJ 50002dd1 (sz=24, trace=301498, class=java.lang.String@5000016f)
ARR 50002dd2 (sz=32, trace=301499, nelems=0, elem type=char[])
OBJ 50002dd3 (sz=24, trace=301498, class=java.lang.String@5000016f)
OBJ 50002dd4 (sz=32, trace=301537, class=Point@5000255b)
ARR 50002dd5 (sz=32, trace=301499, nelems=0, elem type=char[])
OBJ 50002dd6 (sz=24, trace=301500, class=java.lang.String@5000016f)
ARR 50002dd7 (sz=32, trace=301501, nelems=0, elem type=char[])
ARR 50002dd8 (sz=32, trace=301780, nelems=0, elem type=java.lang.String[]@500000cf)
OBJ 50002dd9 (sz=40, trace=301504, class=java.util.ArrayList$SubList@5000248a)
OBJ 50002dda (sz=40, trace=301506, class=java.util.ArrayList$SubList$1@5000248d)
ARR 50002ddb (sz=32, trace=301781, nelems=0, elem type=char[])
OBJ 50002ddc (sz=32, trace=301535, class=sun.misc.FloatingDecimal$ASCIIToBinaryBuffer@500024ac)
ARR 50002ddd (sz=32, trace=301782, nelems=0, elem type=char[])
OBJ 50002dde (sz=32, trace=301535, class=sun.misc.FloatingDecimal$ASCIIToBinaryBuffer@500024ac)
OBJ 50002ddf (sz=32, trace=301783, class=Point@5000255b)
ARR 50002de0 (sz=32, trace=301784, nelems=0, elem type=char[])
OBJ 50002de1 (sz=32, trace=301535, class=sun.misc.FloatingDecimal$ASCIIToBinaryBuffer@500024ac)
ARR 50002de2 (sz=32, trace=301785, nelems=0, elem type=char[])
OBJ 50002de3 (sz=32, trace=301535, class=sun.misc.FloatingDecimal$ASCIIToBinaryBuffer@500024ac)
OBJ 50002de4 (sz=32, trace=301537, class=Point@5000255b)
OBJ 50002de5 (sz=32, trace=301786, class=Point@5000255b)
OBJ 50002de6 (sz=32, trace=301787, class=Line@50006f05)
OBJ 50002de7 (sz=24, trace=301779, class=java.lang.String@5000016f)
ARR 50002de8 (sz=88, trace=300326, nelems=0, elem type=char[])
OBJ 50002de9 (sz=24, trace=301497, class=java.util.ArrayList@500000c5)
OBJ 50002dea (sz=24, trace=301498, class=java.lang.String@5000016f)
ARR 50002deb (sz=32, trace=301499, nelems=0, elem type=char[])
ARR 50002dec (sz=56, trace=300281, nelems=0, elem type=java.lang.Object[]@5000010a)
OBJ 50002ded (sz=24, trace=301498, class=java.lang.String@5000016f)
ARR 50002dee (sz=32, trace=301499, nelems=0, elem type=char[])
OBJ 50002def (sz=24, trace=301498, class=java.lang.String@5000016f)
ARR 50002df0 (sz=32, trace=301499, nelems=0, elem type=char[])
OBJ 50002df1 (sz=24, trace=301500, class=java.lang.String@5000016f)
ARR 50002df2 (sz=32, trace=301501, nelems=0, elem type=char[])
ARR 50002df3 (sz=32, trace=301780, nelems=0, elem type=java.lang.String[]@500000cf)
OBJ 50002df4 (sz=32, trace=301537, class=Point@5000255b)
OBJ 50002df5 (sz=40, trace=301504, class=java.util.ArrayList$SubList@5000248a)
OBJ 50002df6 (sz=40, trace=301506, class=java.util.ArrayList$SubList$1@5000248d)
ARR 50002df7 (sz=32, trace=301781, nelems=0, elem type=char[])
OBJ 50002df8 (sz=32, trace=301535, class=sun.misc.FloatingDecimal$ASCIIToBinaryBuffer@500024ac)
ARR 50002df9 (sz=32, trace=301782, nelems=0, elem type=char[])
OBJ 50002dfa (sz=32, trace=301535, class=sun.misc.FloatingDecimal$ASCIIToBinaryBuffer@500024ac)
OBJ 50002dfb (sz=32, trace=301783, class=Point@5000255b)
ARR 50002dfc (sz=32, trace=301784, nelems=0, elem type=char[])
OBJ 50002dfd (sz=32, trace=301535, class=sun.misc.FloatingDecimal$ASCIIToBinaryBuffer@500024ac)
ARR 50002dfe (sz=32, trace=301785, nelems=0, elem type=char[])
OBJ 50002dff (sz=32, trace=301535, class=sun.misc.FloatingDecimal$ASCIIToBinaryBuffer@500024ac)
OBJ 50002e00 (sz=32, trace=301786, class=Point@5000255b)
OBJ 50002e01 (sz=32, trace=301787, class=Line@50006f05)
OBJ 50002e02 (sz=24, trace=301779, class=java.lang.String@5000016f)
ARR 50002e03 (sz=88, trace=300326, nelems=0, elem type=char[])
OBJ 50002e04 (sz=32, trace=301537, class=Point@5000255b)
OBJ 50002e05 (sz=24, trace=301497, class=java.util.ArrayList@500000c5)
OBJ 50002e06 (sz=24, trace=301498, class=java.lang.String@5000016f)
ARR 50002e07 (sz=32, trace=301499, nelems=0, elem type=char[])
ARR 50002e08 (sz=56, trace=300281, nelems=0, elem type=java.lang.Object[]@5000010a)
OBJ 50002e09 (sz=24, trace=301498, class=java.lang.String@5000016f)
ARR 50002e0a (sz=32, trace=301499, nelems=0, elem type=char[])
OBJ 50002e0b (sz=24, trace=301498, class=java.lang.String@5000016f)
ARR 50002e0c (sz=32, trace=301499, nelems=0, elem type=char[])
OBJ 50002e0d (sz=24, trace=301500, class=java.lang.String@5000016f)
ARR 50002e0e (sz=32, trace=301501, nelems=0, elem type=char[])
ARR 50002e0f (sz=32, trace=301780, nelems=0, elem type=java.lang.String[]@500000cf)
OBJ 50002e10 (sz=40, trace=301504, class=java.util.ArrayList$SubList@5000248a)
OBJ 50002e11 (sz=40, trace=301506, class=java.util.ArrayList$SubList$1@5000248d)
ARR 50002e12 (sz=32, trace=301781, nelems=0, elem type=char[])
OBJ 50002e13 (sz=32, trace=301535, class=sun.misc.FloatingDecimal$ASCIIToBinaryBuffer@500024ac)
OBJ 50002e14 (sz=32, trace=301537, class=Point@5000255b)
ARR 50002e15 (sz=32, trace=301782, nelems=0, elem type=char[])
OBJ 50002e16 (sz=32, trace=301535, class=sun.misc.FloatingDecimal$ASCIIToBinaryBuffer@500024ac)
OBJ 50002e17 (sz=32, trace=301783, class=Point@5000255b)
ARR 50002e18 (sz=32, trace=301784, nelems=0, elem type=char[])
OBJ 50002e19 (sz=32, trace=301535, class=sun.misc.FloatingDecimal$ASCIIToBinaryBuffer@500024ac)
ARR 50002e1a (sz=32, trace=301785, nelems=0, elem type=char[])
OBJ 50002e1b (sz=32, trace=301535, class=sun.misc.FloatingDecimal$ASCIIToBinaryBuffer@500024ac)
OBJ 50002e1c (sz=32, trace=301786, class=Point@5000255b)
OBJ 50002e1d (sz=32, trace=301787, class=Line@50006f05)
OBJ 50002e1e (sz=24, trace=301779, class=java.lang.String@5000016f)
ARR 50002e1f (sz=88, trace=300326, nelems=0, elem type=char[])
OBJ 50002e20 (sz=24, trace=301497, class=java.util.ArrayList@500000c5)
OBJ 50002e21 (sz=24, trace=301498, class=java.lang.String@5000016f)
ARR 50002e22 (sz=32, trace=301499, nelems=0, elem type=char[])
ARR 50002e23 (sz=56, trace=300281, nelems=0, elem type=java.lang.Object[]@5000010a)
OBJ 50002e24 (sz=32, trace=301537, class=Point@5000255b)
OBJ 50002e25 (sz=24, trace=301498, class=java.lang.String@5000016f)
ARR 50002e26 (sz=32, trace=301499, nelems=0, elem type=char[])
OBJ 50002e27 (sz=24, trace=301498, class=java.lang.String@5000016f)
ARR 50002e28 (sz=32, trace=301499, nelems=0, elem type=char[])
OBJ 50002e29 (sz=24, trace=301500, class=java.lang.String@5000016f)
ARR 50002e2a (sz=32, trace=301501, nelems=0, elem type=char[])
ARR 50002e2b (sz=32, trace=301780, nelems=0, elem type=java.lang.String[]@500000cf)
OBJ 50002e2c (sz=40, trace=301504, class=java.util.ArrayList$SubList@5000248a)
OBJ 50002e2d (sz=40, trace=301506, class=java.util.ArrayList$SubList$1@5000248d)
ARR 50002e2e (sz=32, trace=301781, nelems=0, elem type=char[])
OBJ 50002e2f (sz=32, trace=301535, class=sun.misc.FloatingDecimal$ASCIIToBinaryBuffer@500024ac)
ARR 50002e30 (sz=32, trace=301782, nelems=0, elem type=char[])
OBJ 50002e31 (sz=32, trace=301535, class=sun.misc.FloatingDecimal$ASCIIToBinaryBuffer@500024ac)
OBJ 50002e32 (sz=32, trace=301783, class=Point@5000255b)
ARR 50002e33 (sz=32, trace=301784, nelems=0, elem type=char[])
OBJ 50002e34 (sz=32, trace=301537, class=Point@5000255b)
OBJ 50002e35 (sz=32, trace=301535, class=sun.misc.FloatingDecimal$ASCIIToBinaryBuffer@500024ac)
ARR 50002e36 (sz=32, trace=301785, nelems=0, elem type=char[])
OBJ 50002e37 (sz=32, trace=301535, class=sun.misc.FloatingDecimal$ASCIIToBinaryBuffer@500024ac)
OBJ 50002e38 (sz=32, trace=301786, class=Point@5000255b)
OBJ 50002e39 (sz=32, trace=301787, class=Line@50006f05)
OBJ 50002e3a (sz=24, trace=301779, class=java.lang.String@5000016f)
ARR 50002e3b (sz=88, trace=300326, nelems=0, elem type=char[])
OBJ 50002e3c (sz=24, trace=301497, class=java.util.ArrayList@500000c5)
OBJ 50002e3d (sz=24, trace=301498, class=java.lang.String@5000016f)
ARR 50002e3e (sz=32, trace=301499, nelems=0, elem type=char[])
ARR 50002e3f (sz=56, trace=300281, nelems=0, elem type=java.lang.Object[]@5000010a)
OBJ 50002e40 (sz=24, trace=301498, class=java.lang.String@5000016f)
ARR 50002e41 (sz=32, trace=301499, nelems=0, elem type=char[])
OBJ 50002e42 (sz=24, trace=301498, class=java.lang.String@5000016f)
ARR 50002e43 (sz=32, trace=301499, nelems=0, elem type=char[])
OBJ 50002e44 (sz=32, trace=301537, class=Point@5000255b)
OBJ 50002e45 (sz=24, trace=301500, class=java.lang.String@5000016f)
ARR 50002e46 (sz=32, trace=301501, nelems=0, elem type=char[])
ARR 50002e47 (sz=32, trace=301780, nelems=0, elem type=java.lang.String[]@500000cf)
OBJ 50002e48 (sz=40, trace=301504, class=java.util.ArrayList$SubList@5000248a)
OBJ 50002e49 (sz=40, trace=301506, class=java.util.ArrayList$SubList$1@5000248d)
ARR 50002e4a (sz=32, trace=301781, nelems=0, elem type=char[])
OBJ 50002e4b (sz=32, trace=301535, class=sun.misc.FloatingDecimal$ASCIIToBinaryBuffer@500024ac)
ARR 50002e4c (sz=32, trace=301782, nelems=0, elem type=char[])
OBJ 50002e4d (sz=32, trace=301535, class=sun.misc.FloatingDecimal$ASCIIToBinaryBuffer@500024ac)
OBJ 50002e4e (sz=32, trace=301783, class=Point@5000255b)
ARR 50002e4f (sz=32, trace=301784, nelems=0, elem type=char[])
OBJ 50002e50 (sz=32, trace=301535, class=sun.misc.FloatingDecimal$ASCIIToBinaryBuffer@500024ac)
ARR 50002e51 (sz=32, trace=301785, nelems=0, elem type=char[])
OBJ 50002e52 (sz=32, trace=301535, class=sun.misc.FloatingDecimal$ASCIIToBinaryBuffer@500024ac)
OBJ 50002e53 (sz=32, trace=301786, class=Point@5000255b)
OBJ 50002e54 (sz=32, trace=301537, class=Point@5000255b)
OBJ 50002e55 (sz=32, trace=301787, class=Line@50006f05)
OBJ 50002e56 (sz=24, trace=301779, class=java.lang.String@5000016f)
ARR 50002e57 (sz=88, trace=300326, nelems=0, elem type=char[])
OBJ 50002e58 (sz=24, trace=301497, class=java.util.ArrayList@500000c5)
OBJ 50002e59 (sz=24, trace=301498, class=java.lang.String@5000016f)
ARR 50002e5a (sz=32, trace=301499, nelems=0, elem type=char[])
ARR 50002e5b (sz=56, trace=300281, nelems=0, elem type=java.lang.Object[]@5000010a)
OBJ 50002e5c (sz=24, trace=301498, class=java.lang.String@5000016f)
ARR 50002e5d (sz=32, trace=301499, nelems=0, elem type=char[])
OBJ 50002e5e (sz=24, trace=301498, class=java.lang.String@5000016f)
ARR 50002e5f (sz=32, trace=301499, nelems=0, elem type=char[])
OBJ 50002e60 (sz=24, trace=301500, class=java.lang.String@5000016f)
ARR 50002e61 (sz=32, trace=301501, nelems=0, elem type=char[])
ARR 50002e62 (sz=32, trace=301780, nelems=0, elem type=java.lang.String[]@500000cf)
OBJ 50002e63 (sz=40, trace=301504, class=java.util.ArrayList$SubList@5000248a)
OBJ 50002e64 (sz=32, trace=301537, class=Point@5000255b)
OBJ 50002e65 (sz=40, trace=301506, class=java.util.ArrayList$SubList$1@5000248d)
ARR 50002e66 (sz=32, trace=301781, nelems=0, elem type=char[])
OBJ 50002e67 (sz=32, trace=301535, class=sun.misc.FloatingDecimal$ASCIIToBinaryBuffer@500024ac)
ARR 50002e68 (sz=32, trace=301782, nelems=0, elem type=char[])
OBJ 50002e69 (sz=32, trace=301535, class=sun.misc.FloatingDecimal$ASCIIToBinaryBuffer@500024ac)
OBJ 50002e6a (sz=32, trace=301783, class=Point@5000255b)
ARR 50002e6b (sz=32, trace=301784, nelems=0, elem type=char[])
OBJ 50002e6c (sz=32, trace=301535, class=sun.misc.FloatingDecimal$ASCIIToBinaryBuffer@500024ac)
ARR 50002e6d (sz=32, trace=301785, nelems=0, elem type=char[])
OBJ 50002e6e (sz=32, trace=301535, class=sun.misc.FloatingDecimal$ASCIIToBinaryBuffer@500024ac)
OBJ 50002e6f (sz=32, trace=301786, class=Point@5000255b)
OBJ 50002e70 (sz=32, trace=301787, class=Line@50006f05)
OBJ 50002e71 (sz=24, trace=301779, class=java.lang.String@5000016f)
ARR 50002e72 (sz=88, trace=300326, nelems=0, elem type=char[])
OBJ 50002e73 (sz=24, trace=301497, class=java.util.ArrayList@500000c5)
OBJ 50002e74 (sz=32, trace=301537, class=Point@5000255b)
OBJ 50002e75 (sz=24, trace=301498, class=java.lang.String@5000016f)
ARR 50002e76 (sz=32, trace=301499, nelems=0, elem type=char[])
ARR 50002e77 (sz=56, trace=300281, nelems=0, elem type=java.lang.Object[]@5000010a)
OBJ 50002e78 (sz=24, trace=301498, class=java.lang.String@5000016f)
ARR 50002e79 (sz=32, trace=301499, nelems=0, elem type=char[])
OBJ 50002e7a (sz=24, trace=301498, class=java.lang.String@5000016f)
ARR 50002e7b (sz=32, trace=301499, nelems=0, elem type=char[])
OBJ 50002e7c (sz=24, trace=301500, class=java.lang.String@5000016f)
ARR 50002e7d (sz=32, trace=301501, nelems=0, elem type=char[])
ARR 50002e7e (sz=32, trace=301780, nelems=0, elem type=java.lang.String[]@500000cf)
OBJ 50002e7f (sz=40, trace=301504, class=java.util.ArrayList$SubList@5000248a)
OBJ 50002e80 (sz=40, trace=301506, class=java.util.ArrayList$SubList$1@5000248d)
ARR 50002e81 (sz=32, trace=301781, nelems=0, elem type=char[])
OBJ 50002e82 (sz=32, trace=301535, class=sun.misc.FloatingDecimal$ASCIIToBinaryBuffer@500024ac)
ARR 50002e83 (sz=32, trace=301782, nelems=0, elem type=char[])
OBJ 50002e84 (sz=32, trace=301537, class=Point@5000255b)
OBJ 50002e85 (sz=32, trace=301535, class=sun.misc.FloatingDecimal$ASCIIToBinaryBuffer@500024ac)
OBJ 50002e86 (sz=32, trace=301783, class=Point@5000255b)
ARR 50002e87 (sz=32, trace=301784, nelems=0, elem type=char[])
OBJ 50002e88 (sz=32, trace=301535, class=sun.misc.FloatingDecimal$ASCIIToBinaryBuffer@500024ac)
ARR 50002e89 (sz=32, trace=301785, nelems=0, elem type=char[])
OBJ 50002e8a (sz=32, trace=301535, class=sun.misc.FloatingDecimal$ASCIIToBinaryBuffer@500024ac)
OBJ 50002e8b (sz=32, trace=301786, class=Point@5000255b)
OBJ 50002e8c (sz=32, trace=301787, class=Line@50006f05)
OBJ 50002e8d (sz=24, trace=301779, class=java.lang.String@5000016f)
ARR 50002e8e (sz=88, trace=300326, nelems=0, elem type=char[])
OBJ 50002e8f (sz=24, trace=301497, class=java.util.ArrayList@500000c5)
OBJ 50002e90 (sz=24, trace=301498, class=java.lang.String@5000016f)
ARR 50002e91 (sz=32, trace=301499, nelems=0, elem type=char[])
ARR 50002e92 (sz=56, trace=300281, nelems=0, elem type=java.lang.Object[]@5000010a)
OBJ 50002e93 (sz=24, trace=301498, class=java.lang.String@5000016f)
OBJ 50002e94 (sz=32, trace=301537, class=Point@5000255b)
ARR 50002e95 (sz=32, trace=301499, nelems=0, elem type=char[])
OBJ 50002e96 (sz=24, trace=301498, class=java.lang.String@5000016f)
ARR 50002e97 (sz=32, trace=301499, nelems=0, elem type=char[])
OBJ 50002e98 (sz=24, trace=301500, class=java.lang.String@5000016f)
ARR 50002e99 (sz=32, trace=301501, nelems=0, elem type=char[])
ARR 50002e9a (sz=32, trace=301780, nelems=0, elem type=java.lang.String[]@500000cf)
OBJ 50002e9b (sz=40, trace=301504, class=java.util.ArrayList$SubList@5000248a)
OBJ 50002e9c (sz=40, trace=301506, class=java.util.ArrayList$SubList$1@5000248d)
ARR 50002e9d (sz=32, trace=301781, nelems=0, elem type=char[])
OBJ 50002e9e (sz=32, trace=301535, class=sun.misc.FloatingDecimal$ASCIIToBinaryBuffer@500024ac)
ARR 50002e9f (sz=32, trace=301782, nelems=0, elem type=char[])
OBJ 50002ea0 (sz=32, trace=301535, class=sun.misc.FloatingDecimal$ASCIIToBinaryBuffer@500024ac)
OBJ 50002ea1 (sz=32, trace=301783, class=Point@5000255b)
ARR 50002ea2 (sz=32, trace=301784, nelems=0, elem type=char[])
OBJ 50002ea3 (sz=32, trace=301535, class=sun.misc.FloatingDecimal$ASCIIToBinaryBuffer@500024ac)
OBJ 50002ea4 (sz=32, trace=301537, class=Point@5000255b)
ARR 50002ea5 (sz=32, trace=301785, nelems=0, elem type=char[])
OBJ 50002ea6 (sz=32, trace=301535, class=sun.misc.FloatingDecimal$ASCIIToBinaryBuffer@500024ac)
OBJ 50002ea7 (sz=32, trace=301786, class=Point@5000255b)
OBJ 50002ea8 (sz=32, trace=301787, class=Line@50006f05)
OBJ 50002ea9 (sz=24, trace=301779, class=java.lang.String@5000016f)
ARR 50002eaa (sz=88, trace=300326, nelems=0, elem type=char[])
OBJ 50002eab (sz=24, trace=301497, class=java.util.ArrayList@500000c5)
OBJ 50002eac (sz=24, trace=301498, class=java.lang.String@5000016f)
ARR 50002ead (sz=32, trace=301499, nelems=0, elem type=char[])
ARR 50002eae (sz=56, trace=300281, nelems=0, elem type=java.lang.Object[]@5000010a)
OBJ 50002eaf (sz=24, trace=301498, class=java.lang.String@5000016f)
ARR 50002eb0 (sz=32, trace=301499, nelems=0, elem type=char[])
OBJ 50002eb1 (sz=24, trace=301498, class=java.lang.String@5000016f)
ARR 50002eb2 (sz=32, trace=301499, nelems=0, elem type=char[])
OBJ 50002eb3 (sz=24, trace=301500, class=java.lang.String@5000016f)
OBJ 50002eb4 (sz=32, trace=301537, class=Point@5000255b)
ARR 50002eb5 (sz=32, trace=301501, nelems=0, elem type=char[])
ARR 50002eb6 (sz=32, trace=301780, nelems=0, elem type=java.lang.String[]@500000cf)
OBJ 50002eb7 (sz=40, trace=301504, class=java.util.ArrayList$SubList@5000248a)
OBJ 50002eb8 (sz=40, trace=301506, class=java.util.ArrayList$SubList$1@5000248d)
ARR 50002eb9 (sz=32, trace=301781, nelems=0, elem type=char[])
OBJ 50002eba (sz=32, trace=301535, class=sun.misc.FloatingDecimal$ASCIIToBinaryBuffer@500024ac)
ARR 50002ebb (sz=32, trace=301782, nelems=0, elem type=char[])
OBJ 50002ebc (sz=32, trace=301535, class=sun.misc.FloatingDecimal$ASCIIToBinaryBuffer@500024ac)
OBJ 50002ebd (sz=32, trace=301783, class=Point@5000255b)
ARR 50002ebe (sz=32, trace=301784, nelems=0, elem type=char[])
OBJ 50002ebf (sz=32, trace=301535, class=sun.misc.FloatingDecimal$ASCIIToBinaryBuffer@500024ac)
ARR 50002ec0 (sz=32, trace=301785, nelems=0, elem type=char[])
OBJ 50002ec1 (sz=32, trace=301535, class=sun.misc.FloatingDecimal$ASCIIToBinaryBuffer@500024ac)
OBJ 50002ec2 (sz=32, trace=301786, class=Point@5000255b)
OBJ 50002ec3 (sz=32, trace=301787, class=Line@50006f05)
OBJ 50002ec4 (sz=32, trace=301537, class=Point@5000255b)
OBJ 50002ec5 (sz=24, trace=301779, class=java.lang.String@5000016f)
ARR 50002ec6 (sz=88, trace=300326, nelems=0, elem type=char[])
OBJ 50002ec7 (sz=24, trace=301497, class=java.util.ArrayList@500000c5)
OBJ 50002ec8 (sz=24, trace=301498, class=java.lang.String@5000016f)
ARR 50002ec9 (sz=32, trace=301499, nelems=0, elem type=char[])
ARR 50002eca (sz=56, trace=300281, nelems=0, elem type=java.lang.Object[]@5000010a)
OBJ 50002ecb (sz=24, trace=301498, class=java.lang.String@5000016f)
ARR 50002ecc (sz=32, trace=301499, nelems=0, elem type=char[])
OBJ 50002ecd (sz=24, trace=301498, class=java.lang.String@5000016f)
ARR 50002ece (sz=32, trace=301499, nelems=0, elem type=char[])
OBJ 50002ecf (sz=24, trace=301500, class=java.lang.String@5000016f)
ARR 50002ed0 (sz=32, trace=301501, nelems=0, elem type=char[])
ARR 50002ed1 (sz=32, trace=301780, nelems=0, elem type=java.lang.String[]@500000cf)
OBJ 50002ed2 (sz=40, trace=301504, class=java.util.ArrayList$SubList@5000248a)
OBJ 50002ed3 (sz=40, trace=301506, class=java.util.ArrayList$SubList$1@5000248d)
OBJ 50002ed4 (sz=32, trace=301537, class=Point@5000255b)
ARR 50002ed5 (sz=32, trace=301781, nelems=0, elem type=char[])
OBJ 50002ed6 (sz=32, trace=301535, class=sun.misc.FloatingDecimal$ASCIIToBinaryBuffer@500024ac)
ARR 50002ed7 (sz=32, trace=301782, nelems=0, elem type=char[])
OBJ 50002ed8 (sz=32, trace=301535, class=sun.misc.FloatingDecimal$ASCIIToBinaryBuffer@500024ac)
OBJ 50002ed9 (sz=32, trace=301783, class=Point@5000255b)
ARR 50002eda (sz=32, trace=301784, nelems=0, elem type=char[])
OBJ 50002edb (sz=32, trace=301535, class=sun.misc.FloatingDecimal$ASCIIToBinaryBuffer@500024ac)
ARR 50002edc (sz=32, trace=301785, nelems=0, elem type=char[])
OBJ 50002edd (sz=32, trace=301535, class=sun.misc.FloatingDecimal$ASCIIToBinaryBuffer@500024ac)
OBJ 50002ede (sz=32, trace=301786, class=Point@5000255b)
OBJ 50002edf (sz=32, trace=301787, class=Line@50006f05)
OBJ 50002ee0 (sz=24, trace=301779, class=java.lang.String@5000016f)
ARR 50002ee1 (sz=88, trace=300326, nelems=0, elem type=char[])
OBJ 50002ee2 (sz=24, trace=301497, class=java.util.ArrayList@500000c5)
OBJ 50002ee3 (sz=24, trace=301498, class=java.lang.String@5000016f)
OBJ 50002ee4 (sz=32, trace=301537, class=Point@5000255b)
ARR 50002ee5 (sz=32, trace=301499, nelems=0, elem type=char[])
ARR 50002ee6 (sz=56, trace=300281, nelems=0, elem type=java.lang.Object[]@5000010a)
OBJ 50002ee7 (sz=24, trace=301498, class=java.lang.String@5000016f)
ARR 50002ee8 (sz=32, trace=301499, nelems=0, elem type=char[])
OBJ 50002ee9 (sz=24, trace=301498, class=java.lang.String@5000016f)
ARR 50002eea (sz=32, trace=301499, nelems=0, elem type=char[])
OBJ 50002eeb (sz=24, trace=301500, class=java.lang.String@5000016f)
ARR 50002eec (sz=32, trace=301501, nelems=0, elem type=char[])
ARR 50002eed (sz=32, trace=301780, nelems=0, elem type=java.lang.String[]@500000cf)
OBJ 50002eee (sz=40, trace=301504, class=java.util.ArrayList$SubList@5000248a)
OBJ 50002eef (sz=40, trace=301506, class=java.util.ArrayList$SubList$1@5000248d)
ARR 50002ef0 (sz=32, trace=301781, nelems=0, elem type=char[])
OBJ 50002ef1 (sz=32, trace=301535, class=sun.misc.FloatingDecimal$ASCIIToBinaryBuffer@500024ac)
ARR 50002ef2 (sz=32, trace=301782, nelems=0, elem type=char[])
OBJ 50002ef3 (sz=32, trace=301535, class=sun.misc.FloatingDecimal$ASCIIToBinaryBuffer@500024ac)
OBJ 50002ef4 (sz=32, trace=301537, class=Point@5000255b)
OBJ 50002ef5 (sz=32, trace=301783, class=Point@5000255b)
ARR 50002ef6 (sz=32, trace=301784, nelems=0, elem type=char[])
OBJ 50002ef7 (sz=32, trace=301535, class=sun.misc.FloatingDecimal$ASCIIToBinaryBuffer@500024ac)
ARR 50002ef8 (sz=32, trace=301785, nelems=0, elem type=char[])
OBJ 50002ef9 (sz=32, trace=301535, class=sun.misc.FloatingDecimal$ASCIIToBinaryBuffer@500024ac)
OBJ 50002efa (sz=32, trace=301786, class=Point@5000255b)
OBJ 50002efb (sz=32, trace=301787, class=Line@50006f05)
OBJ 50002efc (sz=24, trace=301779, class=java.lang.String@5000016f)
ARR 50002efd (sz=88, trace=300326, nelems=0, elem type=char[])
OBJ 50002efe (sz=24, trace=301497, class=java.util.ArrayList@500000c5)
OBJ 50002eff (sz=24, trace=301498, class=java.lang.String@5000016f)
ARR 50002f00 (sz=32, trace=301499, nelems=0, elem type=char[])
ARR 50002f01 (sz=56, trace=300281, nelems=0, elem type=java.lang.Object[]@5000010a)
OBJ 50002f02 (sz=24, trace=301498, class=java.lang.String@5000016f)
ARR 50002f03 (sz=32, trace=301499, nelems=0, elem type=char[])
OBJ 50002f04 (sz=32, trace=301537, class=Point@5000255b)
OBJ 50002f05 (sz=24, trace=301498, class=java.lang.String@5000016f)
ARR 50002f06 (sz=32, trace=301499, nelems=0, elem type=char[])
OBJ 50002f07 (sz=24, trace=301500, class=java.lang.String@5000016f)
ARR 50002f08 (sz=32, trace=301501, nelems=0, elem type=char[])
ARR 50002f09 (sz=32, trace=301780, nelems=0, elem type=java.lang.String[]@500000cf)
OBJ 50002f0a (sz=40, trace=301504, class=java.util.ArrayList$SubList@5000248a)
OBJ 50002f0b (sz=40, trace=301506, class=java.util.ArrayList$SubList$1@5000248d)
ARR 50002f0c (sz=32, trace=301781, nelems=0, elem type=char[])
OBJ 50002f0d (sz=32, trace=301535, class=sun.misc.FloatingDecimal$ASCIIToBinaryBuffer@500024ac)
ARR 50002f0e (sz=32, trace=301782, nelems=0, elem type=char[])
OBJ 50002f0f (sz=32, trace=301535, class=sun.misc.FloatingDecimal$ASCIIToBinaryBuffer@500024ac)
OBJ 50002f10 (sz=32, trace=301783, class=Point@5000255b)
ARR 50002f11 (sz=32, trace=301784, nelems=0, elem type=char[])
OBJ 50002f12 (sz=32, trace=301535, class=sun.misc.FloatingDecimal$ASCIIToBinaryBuffer@500024ac)
ARR 50002f13 (sz=32, trace=301785, nelems=0, elem type=char[])
OBJ 50002f14 (sz=32, trace=301537, class=Point@5000255b)
OBJ 50002f15 (sz=32, trace=301535, class=sun.misc.FloatingDecimal$ASCIIToBinaryBuffer@500024ac)
OBJ 50002f16 (sz=32, trace=301786, class=Point@5000255b)
OBJ 50002f17 (sz=32, trace=301787, class=Line@50006f05)
OBJ 50002f18 (sz=24, trace=301779, class=java.lang.String@5000016f)
ARR 50002f19 (sz=88, trace=300326, nelems=0, elem type=char[])
OBJ 50002f1a (sz=24, trace=301497, class=java.util.ArrayList@500000c5)
OBJ 50002f1b (sz=24, trace=301498, class=java.lang.String@5000016f)
ARR 50002f1c (sz=32, trace=301499, nelems=0, elem type=char[])
ARR 50002f1d (sz=56, trace=300281, nelems=0, elem type=java.lang.Object[]@5000010a)
OBJ 50002f1e (sz=24, trace=301498, class=java.lang.String@5000016f)
ARR 50002f1f (sz=32, trace=301499, nelems=0, elem type=char[])
OBJ 50002f20 (sz=24, trace=301498, class=java.lang.String@5000016f)
ARR 50002f21 (sz=32, trace=301499, nelems=0, elem type=char[])
OBJ 50002f22 (sz=24, trace=301500, class=java.lang.String@5000016f)
ARR 50002f23 (sz=32, trace=301501, nelems=0, elem type=char[])
OBJ 50002f24 (sz=32, trace=301537, class=Point@5000255b)
ARR 50002f25 (sz=32, trace=301780, nelems=0, elem type=java.lang.String[]@500000cf)
OBJ 50002f26 (sz=40, trace=301504, class=java.util.ArrayList$SubList@5000248a)
OBJ 50002f27 (sz=40, trace=301506, class=java.util.ArrayList$SubList$1@5000248d)
ARR 50002f28 (sz=32, trace=301781, nelems=0, elem type=char[])
OBJ 50002f29 (sz=32, trace=301535, class=sun.misc.FloatingDecimal$ASCIIToBinaryBuffer@500024ac)
ARR 50002f2a (sz=32, trace=301782, nelems=0, elem type=char[])
OBJ 50002f2b (sz=32, trace=301535, class=sun.misc.FloatingDecimal$ASCIIToBinaryBuffer@500024ac)
OBJ 50002f2c (sz=32, trace=301783, class=Point@5000255b)
ARR 50002f2d (sz=32, trace=301784, nelems=0, elem type=char[])
OBJ 50002f2e (sz=32, trace=301535, class=sun.misc.FloatingDecimal$ASCIIToBinaryBuffer@500024ac)
ARR 50002f2f (sz=32, trace=301785, nelems=0, elem type=char[])
OBJ 50002f30 (sz=32, trace=301535, class=sun.misc.FloatingDecimal$ASCIIToBinaryBuffer@500024ac)
OBJ 50002f31 (sz=32, trace=301786, class=Point@5000255b)
OBJ 50002f32 (sz=32, trace=301787, class=Line@50006f05)
OBJ 50002f33 (sz=24, trace=301779, class=java.lang.String@5000016f)
OBJ 50002f34 (sz=32, trace=301537, class=Point@5000255b)
ARR 50002f35 (sz=88, trace=300326, nelems=0, elem type=char[])
OBJ 50002f36 (sz=24, trace=301497, class=java.util.ArrayList@500000c5)
OBJ 50002f37 (sz=24, trace=301498, class=java.lang.String@5000016f)
ARR 50002f38 (sz=32, trace=301499, nelems=0, elem type=char[])
ARR 50002f39 (sz=56, trace=300281, nelems=0, elem type=java.lang.Object[]@5000010a)
OBJ 50002f3a (sz=24, trace=301498, class=java.lang.String@5000016f)
ARR 50002f3b (sz=32, trace=301499, nelems=0, elem type=char[])
OBJ 50002f3c (sz=24, trace=301498, class=java.lang.String@5000016f)
ARR 50002f3d (sz=32, trace=301499, nelems=0, elem type=char[])
OBJ 50002f3e (sz=24, trace=301500, class=java.lang.String@5000016f)
ARR 50002f3f (sz=32, trace=301501, nelems=0, elem type=char[])
ARR 50002f40 (sz=32, trace=301780, nelems=0, elem type=java.lang.String[]@500000cf)
OBJ 50002f41 (sz=40, trace=301504, class=java.util.ArrayList$SubList@5000248a)
OBJ 50002f42 (sz=40, trace=301506, class=java.util.ArrayList$SubList$1@5000248d)
ARR 50002f43 (sz=32, trace=301781, nelems=0, elem type=char[])
OBJ 50002f44 (sz=32, trace=301537, class=Point@5000255b)
OBJ 50002f45 (sz=32, trace=301535, class=sun.misc.FloatingDecimal$ASCIIToBinaryBuffer@500024ac)
ARR 50002f46 (sz=32, trace=301782, nelems=0, elem type=char[])
OBJ 50002f47 (sz=32, trace=301535, class=sun.misc.FloatingDecimal$ASCIIToBinaryBuffer@500024ac)
OBJ 50002f48 (sz=32, trace=301783, class=Point@5000255b)
ARR 50002f49 (sz=32, trace=301784, nelems=0, elem type=char[])
OBJ 50002f4a (sz=32, trace=301535, class=sun.misc.FloatingDecimal$ASCIIToBinaryBuffer@500024ac)
ARR 50002f4b (sz=32, trace=301785, nelems=0, elem type=char[])
OBJ 50002f4c (sz=32, trace=301535, class=sun.misc.FloatingDecimal$ASCIIToBinaryBuffer@500024ac)
OBJ 50002f4d (sz=32, trace=301786, class=Point@5000255b)
OBJ 50002f4e (sz=32, trace=301787, class=Line@50006f05)
OBJ 50002f4f (sz=24, trace=301779, class=java.lang.String@5000016f)
ARR 50002f50 (sz=88, trace=300326, nelems=0, elem type=char[])
OBJ 50002f51 (sz=24, trace=301497, class=java.util.ArrayList@500000c5)
OBJ 50002f52 (sz=24, trace=301498, class=java.lang.String@5000016f)
ARR 50002f53 (sz=32, trace=301499, nelems=0, elem type=char[])
OBJ 50002f54 (sz=32, trace=301537, class=Point@5000255b)
ARR 50002f55 (sz=56, trace=300281, nelems=0, elem type=java.lang.Object[]@5000010a)
OBJ 50002f56 (sz=24, trace=301498, class=java.lang.String@5000016f)
ARR 50002f57 (sz=32, trace=301499, nelems=0, elem type=char[])
OBJ 50002f58 (sz=24, trace=301498, class=java.lang.String@5000016f)
ARR 50002f59 (sz=32, trace=301499, nelems=0, elem type=char[])
OBJ 50002f5a (sz=24, trace=301500, class=java.lang.String@5000016f)
ARR 50002f5b (sz=32, trace=301501, nelems=0, elem type=char[])
ARR 50002f5c (sz=32, trace=301780, nelems=0, elem type=java.lang.String[]@500000cf)
OBJ 50002f5d (sz=40, trace=301504, class=java.util.ArrayList$SubList@5000248a)
OBJ 50002f5e (sz=40, trace=301506, class=java.util.ArrayList$SubList$1@5000248d)
ARR 50002f5f (sz=32, trace=301781, nelems=0, elem type=char[])
OBJ 50002f60 (sz=32, trace=301535, class=sun.misc.FloatingDecimal$ASCIIToBinaryBuffer@500024ac)
ARR 50002f61 (sz=32, trace=301782, nelems=0, elem type=char[])
OBJ 50002f62 (sz=32, trace=301535, class=sun.misc.FloatingDecimal$ASCIIToBinaryBuffer@500024ac)
OBJ 50002f63 (sz=32, trace=301783, class=Point@5000255b)
OBJ 50002f64 (sz=32, trace=301537, class=Point@5000255b)
ARR 50002f65 (sz=32, trace=301784, nelems=0, elem type=char[])
OBJ 50002f66 (sz=32, trace=301535, class=sun.misc.FloatingDecimal$ASCIIToBinaryBuffer@500024ac)
ARR 50002f67 (sz=32, trace=301785, nelems=0, elem type=char[])
OBJ 50002f68 (sz=32, trace=301535, class=sun.misc.FloatingDecimal$ASCIIToBinaryBuffer@500024ac)
OBJ 50002f69 (sz=32, trace=301786, class=Point@5000255b)
OBJ 50002f6a (sz=32, trace=301787, class=Line@50006f05)
OBJ 50002f6b (sz=24, trace=301779, class=java.lang.String@5000016f)
ARR 50002f6c (sz=88, trace=300326, nelems=0, elem type=char[])
OBJ 50002f6d (sz=24, trace=301497, class=java.util.ArrayList@500000c5)
OBJ 50002f6e (sz=24, trace=301498, class=java.lang.String@5000016f)
ARR 50002f6f (sz=32, trace=301499, nelems=0, elem type=char[])
ARR 50002f70 (sz=56, trace=300281, nelems=0, elem type=java.lang.Object[]@5000010a)
OBJ 50002f71 (sz=24, trace=301498, class=java.lang.String@5000016f)
ARR 50002f72 (sz=32, trace=301499, nelems=0, elem type=char[])
OBJ 50002f73 (sz=24, trace=301498, class=java.lang.String@5000016f)
OBJ 50002f74 (sz=32, trace=301537, class=Point@5000255b)
ARR 50002f75 (sz=32, trace=301499, nelems=0, elem type=char[])
OBJ 50002f76 (sz=24, trace=301500, class=java.lang.String@5000016f)
ARR 50002f77 (sz=32, trace=301501, nelems=0, elem type=char[])
ARR 50002f78 (sz=32, trace=301780, nelems=0, elem type=java.lang.String[]@500000cf)
OBJ 50002f79 (sz=40, trace=301504, class=java.util.ArrayList$SubList@5000248a)
OBJ 50002f7a (sz=40, trace=301506, class=java.util.ArrayList$SubList$1@5000248d)
ARR 50002f7b (sz=32, trace=301781, nelems=0, elem type=char[])
OBJ 50002f7c (sz=32, trace=301535, class=sun.misc.FloatingDecimal$ASCIIToBinaryBuffer@500024ac)
ARR 50002f7d (sz=32, trace=301782, nelems=0, elem type=char[])
OBJ 50002f7e (sz=32, trace=301535, class=sun.misc.FloatingDecimal$ASCIIToBinaryBuffer@500024ac)
OBJ 50002f7f (sz=32, trace=301783, class=Point@5000255b)
ARR 50002f80 (sz=32, trace=301784, nelems=0, elem type=char[])
OBJ 50002f81 (sz=32, trace=301535, class=sun.misc.FloatingDecimal$ASCIIToBinaryBuffer@500024ac)
ARR 50002f82 (sz=32, trace=301785, nelems=0, elem type=char[])
OBJ 50002f83 (sz=32, trace=301535, class=sun.misc.FloatingDecimal$ASCIIToBinaryBuffer@500024ac)
OBJ 50002f84 (sz=32, trace=301537, class=Point@5000255b)
OBJ 50002f85 (sz=32, trace=301786, class=Point@5000255b)
OBJ 50002f86 (sz=32, trace=301787, class=Line@50006f05)
OBJ 50002f87 (sz=24, trace=301779, class=java.lang.String@5000016f)
ARR 50002f88 (sz=88, trace=300326, nelems=0, elem type=char[])
OBJ 50002f89 (sz=24, trace=301497, class=java.util.ArrayList@500000c5)
OBJ 50002f8a (sz=24, trace=301498, class=java.lang.String@5000016f)
ARR 50002f8b (sz=32, trace=301499, nelems=0, elem type=char[])
ARR 50002f8c (sz=56, trace=300281, nelems=0, elem type=java.lang.Object[]@5000010a)
OBJ 50002f8d (sz=24, trace=301498, class=java.lang.String@5000016f)
ARR 50002f8e (sz=32, trace=301499, nelems=0, elem type=char[])
OBJ 50002f8f (sz=24, trace=301498, class=java.lang.String@5000016f)
ARR 50002f90 (sz=32, trace=301499, nelems=0, elem type=char[])
OBJ 50002f91 (sz=24, trace=301500, class=java.lang.String@5000016f)
ARR 50002f92 (sz=32, trace=301501, nelems=0, elem type=char[])
ARR 50002f93 (sz=32, trace=301780, nelems=0, elem type=java.lang.String[]@500000cf)
OBJ 50002f94 (sz=32, trace=301537, class=Point@5000255b)
OBJ 50002f95 (sz=40, trace=301504, class=java.util.ArrayList$SubList@5000248a)
OBJ 50002f96 (sz=40, trace=301506, class=java.util.ArrayList$SubList$1@5000248d)
ARR 50002f97 (sz=32, trace=301781, nelems=0, elem type=char[])
OBJ 50002f98 (sz=32, trace=301535, class=sun.misc.FloatingDecimal$ASCIIToBinaryBuffer@500024ac)
ARR 50002f99 (sz=32, trace=301782, nelems=0, elem type=char[])
OBJ 50002f9a (sz=32, trace=301535, class=sun.misc.FloatingDecimal$ASCIIToBinaryBuffer@500024ac)
OBJ 50002f9b (sz=32, trace=301783, class=Point@5000255b)
ARR 50002f9c (sz=32, trace=301784, nelems=0, elem type=char[])
OBJ 50002f9d (sz=32, trace=301535, class=sun.misc.FloatingDecimal$ASCIIToBinaryBuffer@500024ac)
ARR 50002f9e (sz=32, trace=301785, nelems=0, elem type=char[])
OBJ 50002f9f (sz=32, trace=301535, class=sun.misc.FloatingDecimal$ASCIIToBinaryBuffer@500024ac)
OBJ 50002fa0 (sz=32, trace=301786, class=Point@5000255b)
OBJ 50002fa1 (sz=32, trace=301787, class=Line@50006f05)
OBJ 50002fa2 (sz=24, trace=301779, class=java.lang.String@5000016f)
ARR 50002fa3 (sz=88, trace=300326, nelems=0, elem type=char[])
OBJ 50002fa4 (sz=24, trace=301497, class=java.util.ArrayList@500000c5)
OBJ 50002fa5 (sz=32, trace=301537, class=Point@5000255b)
OBJ 50002fa6 (sz=24, trace=301498, class=java.lang.String@5000016f)
ARR 50002fa7 (sz=32, trace=301499, nelems=0, elem type=char[])
ARR 50002fa8 (sz=56, trace=300281, nelems=0, elem type=java.lang.Object[]@5000010a)
OBJ 50002fa9 (sz=24, trace=301498, class=java.lang.String@5000016f)
ARR 50002faa (sz=32, trace=301499, nelems=0, elem type=char[])
OBJ 50002fab (sz=24, trace=301498, class=java.lang.String@5000016f)
ARR 50002fac (sz=32, trace=301499, nelems=0, elem type=char[])
OBJ 50002fad (sz=24, trace=301500, class=java.lang.String@5000016f)
ARR 50002fae (sz=32, trace=301501, nelems=0, elem type=char[])
ARR 50002faf (sz=32, trace=301780, nelems=0, elem type=java.lang.String[]@500000cf)
OBJ 50002fb0 (sz=40, trace=301504, class=java.util.ArrayList$SubList@5000248a)
OBJ 50002fb1 (sz=40, trace=301506, class=java.util.ArrayList$SubList$1@5000248d)
ARR 50002fb2 (sz=32, trace=301781, nelems=0, elem type=char[])
OBJ 50002fb3 (sz=32, trace=301535, class=sun.misc.FloatingDecimal$ASCIIToBinaryBuffer@500024ac)
ARR 50002fb4 (sz=32, trace=301782, nelems=0, elem type=char[])
OBJ 50002fb5 (sz=32, trace=301537, class=Point@5000255b)
OBJ 50002fb6 (sz=32, trace=301535, class=sun.misc.FloatingDecimal$ASCIIToBinaryBuffer@500024ac)
OBJ 50002fb7 (sz=32, trace=301783, class=Point@5000255b)
ARR 50002fb8 (sz=32, trace=301784, nelems=0, elem type=char[])
OBJ 50002fb9 (sz=32, trace=301535, class=sun.misc.FloatingDecimal$ASCIIToBinaryBuffer@500024ac)
ARR 50002fba (sz=32, trace=301785, nelems=0, elem type=char[])
OBJ 50002fbb (sz=32, trace=301535, class=sun.misc.FloatingDecimal$ASCIIToBinaryBuffer@500024ac)
OBJ 50002fbc (sz=32, trace=301786, class=Point@5000255b)
OBJ 50002fbd (sz=32, trace=301787, class=Line@50006f05)
OBJ 50002fbe (sz=24, trace=301779, class=java.lang.String@5000016f)
ARR 50002fbf (sz=88, trace=300326, nelems=0, elem type=char[])
OBJ 50002fc0 (sz=24, trace=301497, class=java.util.ArrayList@500000c5)
OBJ 50002fc1 (sz=24, trace=301498, class=java.lang.String@5000016f)
ARR 50002fc2 (sz=32, trace=301499, nelems=0, elem type=char[])
ARR 50002fc3 (sz=56, trace=300281, nelems=0, elem type=java.lang.Object[]@5000010a)
OBJ 50002fc4 (sz=24, trace=301498, class=java.lang.String@5000016f)
OBJ 50002fc5 (sz=32, trace=301537, class=Point@5000255b)
ARR 50002fc6 (sz=32, trace=301499, nelems=0, elem type=char[])
OBJ 50002fc7 (sz=24, trace=301498, class=java.lang.String@5000016f)
ARR 50002fc8 (sz=32, trace=301499, nelems=0, elem type=char[])
OBJ 50002fc9 (sz=24, trace=301500, class=java.lang.String@5000016f)
ARR 50002fca (sz=32, trace=301501, nelems=0, elem type=char[])
ARR 50002fcb (sz=32, trace=301780, nelems=0, elem type=java.lang.String[]@500000cf)
OBJ 50002fcc (sz=40, trace=301504, class=java.util.ArrayList$SubList@5000248a)
OBJ 50002fcd (sz=40, trace=301506, class=java.util.ArrayList$SubList$1@5000248d)
ARR 50002fce (sz=32, trace=301781, nelems=0, elem type=char[])
OBJ 50002fcf (sz=32, trace=301535, class=sun.misc.FloatingDecimal$ASCIIToBinaryBuffer@500024ac)
ARR 50002fd0 (sz=32, trace=301782, nelems=0, elem type=char[])
OBJ 50002fd1 (sz=32, trace=301535, class=sun.misc.FloatingDecimal$ASCIIToBinaryBuffer@500024ac)
OBJ 50002fd2 (sz=32, trace=301783, class=Point@5000255b)
ARR 50002fd3 (sz=32, trace=301784, nelems=0, elem type=char[])
OBJ 50002fd4 (sz=32, trace=301535, class=sun.misc.FloatingDecimal$ASCIIToBinaryBuffer@500024ac)
OBJ 50002fd5 (sz=32, trace=301537, class=Point@5000255b)
ARR 50002fd6 (sz=32, trace=301785, nelems=0, elem type=char[])
OBJ 50002fd7 (sz=32, trace=301535, class=sun.misc.FloatingDecimal$ASCIIToBinaryBuffer@500024ac)
OBJ 50002fd8 (sz=32, trace=301786, class=Point@5000255b)
OBJ 50002fd9 (sz=32, trace=301787, class=Line@50006f05)
OBJ 50002fda (sz=24, trace=301779, class=java.lang.String@5000016f)
ARR 50002fdb (sz=88, trace=300326, nelems=0, elem type=char[])
OBJ 50002fdc (sz=24, trace=301497, class=java.util.ArrayList@500000c5)
OBJ 50002fdd (sz=24, trace=301498, class=java.lang.String@5000016f)
ARR 50002fde (sz=32, trace=301499, nelems=0, elem type=char[])
ARR 50002fdf (sz=56, trace=300281, nelems=0, elem type=java.lang.Object[]@5000010a)
OBJ 50002fe0 (sz=24, trace=301498, class=java.lang.String@5000016f)
ARR 50002fe1 (sz=32, trace=301499, nelems=0, elem type=char[])
OBJ 50002fe2 (sz=24, trace=301498, class=java.lang.String@5000016f)
ARR 50002fe3 (sz=32, trace=301499, nelems=0, elem type=char[])
OBJ 50002fe4 (sz=24, trace=301500, class=java.lang.String@5000016f)
OBJ 50002fe5 (sz=32, trace=301537, class=Point@5000255b)
ARR 50002fe6 (sz=32, trace=301501, nelems=0, elem type=char[])
ARR 50002fe7 (sz=32, trace=301780, nelems=0, elem type=java.lang.String[]@500000cf)
OBJ 50002fe8 (sz=40, trace=301504, class=java.util.ArrayList$SubList@5000248a)
OBJ 50002fe9 (sz=40, trace=301506, class=java.util.ArrayList$SubList$1@5000248d)
ARR 50002fea (sz=32, trace=301781, nelems=0, elem type=char[])
OBJ 50002feb (sz=32, trace=301535, class=sun.misc.FloatingDecimal$ASCIIToBinaryBuffer@500024ac)
ARR 50002fec (sz=32, trace=301782, nelems=0, elem type=char[])
OBJ 50002fed (sz=32, trace=301535, class=sun.misc.FloatingDecimal$ASCIIToBinaryBuffer@500024ac)
OBJ 50002fee (sz=32, trace=301783, class=Point@5000255b)
ARR 50002fef (sz=32, trace=301784, nelems=0, elem type=char[])
OBJ 50002ff0 (sz=32, trace=301535, class=sun.misc.FloatingDecimal$ASCIIToBinaryBuffer@500024ac)
ARR 50002ff1 (sz=32, trace=301785, nelems=0, elem type=char[])
OBJ 50002ff2 (sz=32, trace=301535, class=sun.misc.FloatingDecimal$ASCIIToBinaryBuffer@500024ac)
OBJ 50002ff3 (sz=32, trace=301786, class=Point@5000255b)
OBJ 50002ff4 (sz=32, trace=301787, class=Line@50006f05)
OBJ 50002ff5 (sz=32, trace=301537, class=Point@5000255b)
OBJ 50002ff6 (sz=24, trace=301779, class=java.lang.String@5000016f)
ARR 50002ff7 (sz=88, trace=300326, nelems=0, elem type=char[])
OBJ 50002ff8 (sz=24, trace=301497, class=java.util.ArrayList@500000c5)
OBJ 50002ff9 (sz=24, trace=301498, class=java.lang.String@5000016f)
ARR 50002ffa (sz=32, trace=301499, nelems=0, elem type=char[])
ARR 50002ffb (sz=56, trace=300281, nelems=0, elem type=java.lang.Object[]@5000010a)
OBJ 50002ffc (sz=24, trace=301498, class=java.lang.String@5000016f)
ARR 50002ffd (sz=32, trace=301499, nelems=0, elem type=char[])
OBJ 50002ffe (sz=24, trace=301498, class=java.lang.String@5000016f)
ARR 50002fff (sz=32, trace=301499, nelems=0, elem type=char[])
OBJ 50003000 (sz=24, trace=301500, class=java.lang.String@5000016f)
ARR 50003001 (sz=32, trace=301501, nelems=0, elem type=char[])
ARR 50003002 (sz=32, trace=301780, nelems=0, elem type=java.lang.String[]@500000cf)
OBJ 50003003 (sz=40, trace=301504, class=java.util.ArrayList$SubList@5000248a)
OBJ 50003004 (sz=40, trace=301506, class=java.util.ArrayList$SubList$1@5000248d)
OBJ 50003005 (sz=32, trace=301537, class=Point@5000255b)
ARR 50003006 (sz=32, trace=301781, nelems=0, elem type=char[])
OBJ 50003007 (sz=32, trace=301535, class=sun.misc.FloatingDecimal$ASCIIToBinaryBuffer@500024ac)
ARR 50003008 (sz=32, trace=301782, nelems=0, elem type=char[])
OBJ 50003009 (sz=32, trace=301535, class=sun.misc.FloatingDecimal$ASCIIToBinaryBuffer@500024ac)
OBJ 5000300a (sz=32, trace=301783, class=Point@5000255b)
ARR 5000300b (sz=32, trace=301784, nelems=0, elem type=char[])
OBJ 5000300c (sz=32, trace=301535, class=sun.misc.FloatingDecimal$ASCIIToBinaryBuffer@500024ac)
ARR 5000300d (sz=32, trace=301785, nelems=0, elem type=char[])
OBJ 5000300e (sz=32, trace=301535, class=sun.misc.FloatingDecimal$ASCIIToBinaryBuffer@500024ac)
OBJ 5000300f (sz=32, trace=301786, class=Point@5000255b)
OBJ 50003010 (sz=32, trace=301787, class=Line@50006f05)
OBJ 50003011 (sz=24, trace=301779, class=java.lang.String@5000016f)
ARR 50003012 (sz=88, trace=300326, nelems=0, elem type=char[])
OBJ 50003013 (sz=24, trace=301497, class=java.util.ArrayList@500000c5)
OBJ 50003014 (sz=24, trace=301498, class=java.lang.String@5000016f)
OBJ 50003015 (sz=32, trace=301537, class=Point@5000255b)
ARR 50003016 (sz=32, trace=301499, nelems=0, elem type=char[])
ARR 50003017 (sz=56, trace=300281, nelems=0, elem type=java.lang.Object[]@5000010a)
OBJ 50003018 (sz=24, trace=301498, class=java.lang.String@5000016f)
ARR 50003019 (sz=32, trace=301499, nelems=0, elem type=char[])
OBJ 5000301a (sz=24, trace=301498, class=java.lang.String@5000016f)
ARR 5000301b (sz=32, trace=301499, nelems=0, elem type=char[])
OBJ 5000301c (sz=24, trace=301500, class=java.lang.String@5000016f)
ARR 5000301d (sz=32, trace=301501, nelems=0, elem type=char[])
ARR 5000301e (sz=32, trace=301780, nelems=0, elem type=java.lang.String[]@500000cf)
OBJ 5000301f (sz=40, trace=301504, class=java.util.ArrayList$SubList@5000248a)
OBJ 50003020 (sz=40, trace=301506, class=java.util.ArrayList$SubList$1@5000248d)
ARR 50003021 (sz=32, trace=301781, nelems=0, elem type=char[])
OBJ 50003022 (sz=32, trace=301535, class=sun.misc.FloatingDecimal$ASCIIToBinaryBuffer@500024ac)
ARR 50003023 (sz=32, trace=301782, nelems=0, elem type=char[])
OBJ 50003024 (sz=32, trace=301535, class=sun.misc.FloatingDecimal$ASCIIToBinaryBuffer@500024ac)
OBJ 50003025 (sz=32, trace=301537, class=Point@5000255b)
OBJ 50003026 (sz=32, trace=301783, class=Point@5000255b)
ARR 50003027 (sz=32, trace=301784, nelems=0, elem type=char[])
OBJ 50003028 (sz=32, trace=301535, class=sun.misc.FloatingDecimal$ASCIIToBinaryBuffer@500024ac)
ARR 50003029 (sz=32, trace=301785, nelems=0, elem type=char[])
OBJ 5000302a (sz=32, trace=301535, class=sun.misc.FloatingDecimal$ASCIIToBinaryBuffer@500024ac)
OBJ 5000302b (sz=32, trace=301786, class=Point@5000255b)
OBJ 5000302c (sz=32, trace=301787, class=Line@50006f05)
OBJ 5000302d (sz=24, trace=301779, class=java.lang.String@5000016f)
ARR 5000302e (sz=88, trace=300326, nelems=0, elem type=char[])
OBJ 5000302f (sz=24, trace=301497, class=java.util.ArrayList@500000c5)
OBJ 50003030 (sz=24, trace=301498, class=java.lang.String@5000016f)
ARR 50003031 (sz=32, trace=301499, nelems=0, elem type=char[])
ARR 50003032 (sz=56, trace=300281, nelems=0, elem type=java.lang.Object[]@5000010a)
OBJ 50003033 (sz=24, trace=301498, class=java.lang.String@5000016f)
ARR 50003034 (sz=32, trace=301499, nelems=0, elem type=char[])
OBJ 50003035 (sz=32, trace=301537, class=Point@5000255b)
OBJ 50003036 (sz=24, trace=301498, class=java.lang.String@5000016f)
ARR 50003037 (sz=32, trace=301499, nelems=0, elem type=char[])
OBJ 50003038 (sz=24, trace=301500, class=java.lang.String@5000016f)
ARR 50003039 (sz=32, trace=301501, nelems=0, elem type=char[])
ARR 5000303a (sz=32, trace=301780, nelems=0, elem type=java.lang.String[]@500000cf)
OBJ 5000303b (sz=40, trace=301504, class=java.util.ArrayList$SubList@5000248a)
OBJ 5000303c (sz=40, trace=301506, class=java.util.ArrayList$SubList$1@5000248d)
ARR 5000303d (sz=32, trace=301781, nelems=0, elem type=char[])
OBJ 5000303e (sz=32, trace=301535, class=sun.misc.FloatingDecimal$ASCIIToBinaryBuffer@500024ac)
ARR 5000303f (sz=32, trace=301782, nelems=0, elem type=char[])
OBJ 50003040 (sz=32, trace=301535, class=sun.misc.FloatingDecimal$ASCIIToBinaryBuffer@500024ac)
OBJ 50003041 (sz=32, trace=301783, class=Point@5000255b)
ARR 50003042 (sz=32, trace=301784, nelems=0, elem type=char[])
OBJ 50003043 (sz=32, trace=301535, class=sun.misc.FloatingDecimal$ASCIIToBinaryBuffer@500024ac)
ARR 50003044 (sz=32, trace=301785, nelems=0, elem type=char[])
OBJ 50003045 (sz=32, trace=301537, class=Point@5000255b)
OBJ 50003046 (sz=32, trace=301535, class=sun.misc.FloatingDecimal$ASCIIToBinaryBuffer@500024ac)
OBJ 50003047 (sz=32, trace=301786, class=Point@5000255b)
OBJ 50003048 (sz=32, trace=301787, class=Line@50006f05)
OBJ 50003049 (sz=24, trace=301779, class=java.lang.String@5000016f)
ARR 5000304a (sz=88, trace=300326, nelems=0, elem type=char[])
OBJ 5000304b (sz=24, trace=301497, class=java.util.ArrayList@500000c5)
OBJ 5000304c (sz=24, trace=301498, class=java.lang.String@5000016f)
ARR 5000304d (sz=32, trace=301499, nelems=0, elem type=char[])
ARR 5000304e (sz=56, trace=300281, nelems=0, elem type=java.lang.Object[]@5000010a)
OBJ 5000304f (sz=24, trace=301498, class=java.lang.String@5000016f)
ARR 50003050 (sz=32, trace=301499, nelems=0, elem type=char[])
OBJ 50003051 (sz=24, trace=301498, class=java.lang.String@5000016f)
ARR 50003052 (sz=32, trace=301499, nelems=0, elem type=char[])
OBJ 50003053 (sz=24, trace=301500, class=java.lang.String@5000016f)
ARR 50003054 (sz=32, trace=301501, nelems=0, elem type=char[])
OBJ 50003055 (sz=32, trace=301537, class=Point@5000255b)
ARR 50003056 (sz=32, trace=301780, nelems=0, elem type=java.lang.String[]@500000cf)
OBJ 50003057 (sz=40, trace=301504, class=java.util.ArrayList$SubList@5000248a)
OBJ 50003058 (sz=40, trace=301506, class=java.util.ArrayList$SubList$1@5000248d)
ARR 50003059 (sz=32, trace=301781, nelems=0, elem type=char[])
OBJ 5000305a (sz=32, trace=301535, class=sun.misc.FloatingDecimal$ASCIIToBinaryBuffer@500024ac)
ARR 5000305b (sz=32, trace=301782, nelems=0, elem type=char[])
OBJ 5000305c (sz=32, trace=301535, class=sun.misc.FloatingDecimal$ASCIIToBinaryBuffer@500024ac)
OBJ 5000305d (sz=32, trace=301783, class=Point@5000255b)
ARR 5000305e (sz=32, trace=301784, nelems=0, elem type=char[])
OBJ 5000305f (sz=32, trace=301535, class=sun.misc.FloatingDecimal$ASCIIToBinaryBuffer@500024ac)
ARR 50003060 (sz=32, trace=301785, nelems=0, elem type=char[])
OBJ 50003061 (sz=32, trace=301535, class=sun.misc.FloatingDecimal$ASCIIToBinaryBuffer@500024ac)
OBJ 50003062 (sz=32, trace=301786, class=Point@5000255b)
OBJ 50003063 (sz=32, trace=301787, class=Line@50006f05)
OBJ 50003064 (sz=24, trace=301779, class=java.lang.String@5000016f)
OBJ 50003065 (sz=32, trace=301537, class=Point@5000255b)
ARR 50003066 (sz=88, trace=300326, nelems=0, elem type=char[])
OBJ 50003067 (sz=24, trace=301497, class=java.util.ArrayList@500000c5)
OBJ 50003068 (sz=24, trace=301498, class=java.lang.String@5000016f)
ARR 50003069 (sz=32, trace=301499, nelems=0, elem type=char[])
ARR 5000306a (sz=56, trace=300281, nelems=0, elem type=java.lang.Object[]@5000010a)
OBJ 5000306b (sz=24, trace=301498, class=java.lang.String@5000016f)
ARR 5000306c (sz=32, trace=301499, nelems=0, elem type=char[])
OBJ 5000306d (sz=24, trace=301498, class=java.lang.String@5000016f)
ARR 5000306e (sz=32, trace=301499, nelems=0, elem type=char[])
OBJ 5000306f (sz=24, trace=301500, class=java.lang.String@5000016f)
ARR 50003070 (sz=32, trace=301501, nelems=0, elem type=char[])
ARR 50003071 (sz=32, trace=301780, nelems=0, elem type=java.lang.String[]@500000cf)
OBJ 50003072 (sz=40, trace=301504, class=java.util.ArrayList$SubList@5000248a)
OBJ 50003073 (sz=40, trace=301506, class=java.util.ArrayList$SubList$1@5000248d)
ARR 50003074 (sz=32, trace=301781, nelems=0, elem type=char[])
OBJ 50003075 (sz=32, trace=301537, class=Point@5000255b)
OBJ 50003076 (sz=32, trace=301535, class=sun.misc.FloatingDecimal$ASCIIToBinaryBuffer@500024ac)
ARR 50003077 (sz=32, trace=301782, nelems=0, elem type=char[])
OBJ 50003078 (sz=32, trace=301535, class=sun.misc.FloatingDecimal$ASCIIToBinaryBuffer@500024ac)
OBJ 50003079 (sz=32, trace=301783, class=Point@5000255b)
ARR 5000307a (sz=32, trace=301784, nelems=0, elem type=char[])
OBJ 5000307b (sz=32, trace=301535, class=sun.misc.FloatingDecimal$ASCIIToBinaryBuffer@500024ac)
ARR 5000307c (sz=32, trace=301785, nelems=0, elem type=char[])
OBJ 5000307d (sz=32, trace=301535, class=sun.misc.FloatingDecimal$ASCIIToBinaryBuffer@500024ac)
OBJ 5000307e (sz=32, trace=301786, class=Point@5000255b)
OBJ 5000307f (sz=32, trace=301787, class=Line@50006f05)
OBJ 50003080 (sz=24, trace=301779, class=java.lang.String@5000016f)
ARR 50003081 (sz=88, trace=300326, nelems=0, elem type=char[])
OBJ 50003082 (sz=24, trace=301497, class=java.util.ArrayList@500000c5)
OBJ 50003083 (sz=24, trace=301498, class=java.lang.String@5000016f)
ARR 50003084 (sz=32, trace=301499, nelems=0, elem type=char[])
OBJ 50003085 (sz=32, trace=301537, class=Point@5000255b)
ARR 50003086 (sz=56, trace=300281, nelems=0, elem type=java.lang.Object[]@5000010a)
OBJ 50003087 (sz=24, trace=301498, class=java.lang.String@5000016f)
ARR 50003088 (sz=32, trace=301499, nelems=0, elem type=char[])
OBJ 50003089 (sz=24, trace=301498, class=java.lang.String@5000016f)
ARR 5000308a (sz=32, trace=301499, nelems=0, elem type=char[])
OBJ 5000308b (sz=24, trace=301500, class=java.lang.String@5000016f)
ARR 5000308c (sz=32, trace=301501, nelems=0, elem type=char[])
ARR 5000308d (sz=32, trace=301780, nelems=0, elem type=java.lang.String[]@500000cf)
OBJ 5000308e (sz=40, trace=301504, class=java.util.ArrayList$SubList@5000248a)
OBJ 5000308f (sz=40, trace=301506, class=java.util.ArrayList$SubList$1@5000248d)
ARR 50003090 (sz=32, trace=301781, nelems=0, elem type=char[])
OBJ 50003091 (sz=32, trace=301535, class=sun.misc.FloatingDecimal$ASCIIToBinaryBuffer@500024ac)
ARR 50003092 (sz=32, trace=301782, nelems=0, elem type=char[])
OBJ 50003093 (sz=32, trace=301535, class=sun.misc.FloatingDecimal$ASCIIToBinaryBuffer@500024ac)
OBJ 50003094 (sz=32, trace=301783, class=Point@5000255b)
OBJ 50003095 (sz=32, trace=301537, class=Point@5000255b)
ARR 50003096 (sz=32, trace=301784, nelems=0, elem type=char[])
OBJ 50003097 (sz=32, trace=301535, class=sun.misc.FloatingDecimal$ASCIIToBinaryBuffer@500024ac)
ARR 50003098 (sz=32, trace=301785, nelems=0, elem type=char[])
OBJ 50003099 (sz=32, trace=301535, class=sun.misc.FloatingDecimal$ASCIIToBinaryBuffer@500024ac)
OBJ 5000309a (sz=32, trace=301786, class=Point@5000255b)
OBJ 5000309b (sz=32, trace=301787, class=Line@50006f05)
OBJ 5000309c (sz=24, trace=301779, class=java.lang.String@5000016f)
ARR 5000309d (sz=88, trace=300326, nelems=0, elem type=char[])
OBJ 5000309e (sz=24, trace=301497, class=java.util.ArrayList@500000c5)
OBJ 5000309f (sz=24, trace=301498, class=java.lang.String@5000016f)
ARR 500030a0 (sz=32, trace=301499, nelems=0, elem type=char[])
ARR 500030a1 (sz=56, trace=300281, nelems=0, elem type=java.lang.Object[]@5000010a)
OBJ 500030a2 (sz=24, trace=301498, class=java.lang.String@5000016f)
ARR 500030a3 (sz=32, trace=301499, nelems=0, elem type=char[])
OBJ 500030a4 (sz=24, trace=301498, class=java.lang.String@5000016f)
OBJ 500030a5 (sz=32, trace=301537, class=Point@5000255b)
ARR 500030a6 (sz=32, trace=301499, nelems=0, elem type=char[])
OBJ 500030a7 (sz=24, trace=301500, class=java.lang.String@5000016f)
ARR 500030a8 (sz=32, trace=301501, nelems=0, elem type=char[])
ARR 500030a9 (sz=32, trace=301780, nelems=0, elem type=java.lang.String[]@500000cf)
OBJ 500030aa (sz=40, trace=301504, class=java.util.ArrayList$SubList@5000248a)
OBJ 500030ab (sz=40, trace=301506, class=java.util.ArrayList$SubList$1@5000248d)
ARR 500030ac (sz=32, trace=301781, nelems=0, elem type=char[])
OBJ 500030ad (sz=32, trace=301535, class=sun.misc.FloatingDecimal$ASCIIToBinaryBuffer@500024ac)
ARR 500030ae (sz=32, trace=301782, nelems=0, elem type=char[])
OBJ 500030af (sz=32, trace=301535, class=sun.misc.FloatingDecimal$ASCIIToBinaryBuffer@500024ac)
OBJ 500030b0 (sz=32, trace=301783, class=Point@5000255b)
ARR 500030b1 (sz=32, trace=301784, nelems=0, elem type=char[])
OBJ 500030b2 (sz=32, trace=301535, class=sun.misc.FloatingDecimal$ASCIIToBinaryBuffer@500024ac)
ARR 500030b3 (sz=32, trace=301785, nelems=0, elem type=char[])
OBJ 500030b4 (sz=32, trace=301535, class=sun.misc.FloatingDecimal$ASCIIToBinaryBuffer@500024ac)
OBJ 500030b5 (sz=32, trace=301537, class=Point@5000255b)
OBJ 500030b6 (sz=32, trace=301786, class=Point@5000255b)
OBJ 500030b7 (sz=32, trace=301787, class=Line@50006f05)
OBJ 500030b8 (sz=24, trace=301779, class=java.lang.String@5000016f)
ARR 500030b9 (sz=88, trace=300326, nelems=0, elem type=char[])
OBJ 500030ba (sz=24, trace=301497, class=java.util.ArrayList@500000c5)
OBJ 500030bb (sz=24, trace=301498, class=java.lang.String@5000016f)
ARR 500030bc (sz=32, trace=301499, nelems=0, elem type=char[])
ARR 500030bd (sz=56, trace=300281, nelems=0, elem type=java.lang.Object[]@5000010a)
OBJ 500030be (sz=24, trace=301498, class=java.lang.String@5000016f)
ARR 500030bf (sz=32, trace=301499, nelems=0, elem type=char[])
OBJ 500030c0 (sz=24, trace=301498, class=java.lang.String@5000016f)
ARR 500030c1 (sz=32, trace=301499, nelems=0, elem type=char[])
OBJ 500030c2 (sz=24, trace=301500, class=java.lang.String@5000016f)
ARR 500030c3 (sz=32, trace=301501, nelems=0, elem type=char[])
ARR 500030c4 (sz=32, trace=301780, nelems=0, elem type=java.lang.String[]@500000cf)
OBJ 500030c5 (sz=32, trace=301537, class=Point@5000255b)
OBJ 500030c6 (sz=40, trace=301504, class=java.util.ArrayList$SubList@5000248a)
OBJ 500030c7 (sz=40, trace=301506, class=java.util.ArrayList$SubList$1@5000248d)
ARR 500030c8 (sz=32, trace=301781, nelems=0, elem type=char[])
OBJ 500030c9 (sz=32, trace=301535, class=sun.misc.FloatingDecimal$ASCIIToBinaryBuffer@500024ac)
ARR 500030ca (sz=32, trace=301782, nelems=0, elem type=char[])
OBJ 500030cb (sz=32, trace=301535, class=sun.misc.FloatingDecimal$ASCIIToBinaryBuffer@500024ac)
OBJ 500030cc (sz=32, trace=301783, class=Point@5000255b)
ARR 500030cd (sz=32, trace=301784, nelems=0, elem type=char[])
OBJ 500030ce (sz=32, trace=301535, class=sun.misc.FloatingDecimal$ASCIIToBinaryBuffer@500024ac)
ARR 500030cf (sz=32, trace=301785, nelems=0, elem type=char[])
OBJ 500030d0 (sz=32, trace=301535, class=sun.misc.FloatingDecimal$ASCIIToBinaryBuffer@500024ac)
OBJ 500030d1 (sz=32, trace=301786, class=Point@5000255b)
OBJ 500030d2 (sz=32, trace=301787, class=Line@50006f05)
OBJ 500030d3 (sz=24, trace=301779, class=java.lang.String@5000016f)
ARR 500030d4 (sz=88, trace=300326, nelems=0, elem type=char[])
OBJ 500030d5 (sz=32, trace=301537, class=Point@5000255b)
OBJ 500030d6 (sz=24, trace=301497, class=java.util.ArrayList@500000c5)
OBJ 500030d7 (sz=24, trace=301498, class=java.lang.String@5000016f)
ARR 500030d8 (sz=32, trace=301499, nelems=0, elem type=char[])
ARR 500030d9 (sz=56, trace=300281, nelems=0, elem type=java.lang.Object[]@5000010a)
OBJ 500030da (sz=24, trace=301498, class=java.lang.String@5000016f)
ARR 500030db (sz=32, trace=301499, nelems=0, elem type=char[])
OBJ 500030dc (sz=24, trace=301498, class=java.lang.String@5000016f)
ARR 500030dd (sz=32, trace=301499, nelems=0, elem type=char[])
OBJ 500030de (sz=24, trace=301500, class=java.lang.String@5000016f)
ARR 500030df (sz=32, trace=301501, nelems=0, elem type=char[])
ARR 500030e0 (sz=32, trace=301780, nelems=0, elem type=java.lang.String[]@500000cf)
OBJ 500030e1 (sz=40, trace=301504, class=java.util.ArrayList$SubList@5000248a)
OBJ 500030e2 (sz=40, trace=301506, class=java.util.ArrayList$SubList$1@5000248d)
ARR 500030e3 (sz=32, trace=301781, nelems=0, elem type=char[])
OBJ 500030e4 (sz=32, trace=301535, class=sun.misc.FloatingDecimal$ASCIIToBinaryBuffer@500024ac)
OBJ 500030e5 (sz=32, trace=301537, class=Point@5000255b)
ARR 500030e6 (sz=32, trace=301782, nelems=0, elem type=char[])
OBJ 500030e7 (sz=32, trace=301535, class=sun.misc.FloatingDecimal$ASCIIToBinaryBuffer@500024ac)
OBJ 500030e8 (sz=32, trace=301783, class=Point@5000255b)
ARR 500030e9 (sz=32, trace=301784, nelems=0, elem type=char[])
OBJ 500030ea (sz=32, trace=301535, class=sun.misc.FloatingDecimal$ASCIIToBinaryBuffer@500024ac)
ARR 500030eb (sz=32, trace=301785, nelems=0, elem type=char[])
OBJ 500030ec (sz=32, trace=301535, class=sun.misc.FloatingDecimal$ASCIIToBinaryBuffer@500024ac)
OBJ 500030ed (sz=32, trace=301786, class=Point@5000255b)
OBJ 500030ee (sz=32, trace=301787, class=Line@50006f05)
OBJ 500030ef (sz=24, trace=301779, class=java.lang.String@5000016f)
ARR 500030f0 (sz=88, trace=300326, nelems=0, elem type=char[])
OBJ 500030f1 (sz=24, trace=301497, class=java.util.ArrayList@500000c5)
OBJ 500030f2 (sz=24, trace=301498, class=java.lang.String@5000016f)
ARR 500030f3 (sz=32, trace=301499, nelems=0, elem type=char[])
ARR 500030f4 (sz=56, trace=300281, nelems=0, elem type=java.lang.Object[]@5000010a)
OBJ 500030f5 (sz=32, trace=301537, class=Point@5000255b)
OBJ 500030f6 (sz=24, trace=301498, class=java.lang.String@5000016f)
ARR 500030f7 (sz=32, trace=301499, nelems=0, elem type=char[])
OBJ 500030f8 (sz=24, trace=301498, class=java.lang.String@5000016f)
ARR 500030f9 (sz=32, trace=301499, nelems=0, elem type=char[])
OBJ 500030fa (sz=24, trace=301500, class=java.lang.String@5000016f)
ARR 500030fb (sz=32, trace=301501, nelems=0, elem type=char[])
ARR 500030fc (sz=32, trace=301780, nelems=0, elem type=java.lang.String[]@500000cf)
OBJ 500030fd (sz=40, trace=301504, class=java.util.ArrayList$SubList@5000248a)
OBJ 500030fe (sz=40, trace=301506, class=java.util.ArrayList$SubList$1@5000248d)
ARR 500030ff (sz=32, trace=301781, nelems=0, elem type=char[])
OBJ 50003100 (sz=32, trace=301535, class=sun.misc.FloatingDecimal$ASCIIToBinaryBuffer@500024ac)
ARR 50003101 (sz=32, trace=301782, nelems=0, elem type=char[])
OBJ 50003102 (sz=32, trace=301535, class=sun.misc.FloatingDecimal$ASCIIToBinaryBuffer@500024ac)
OBJ 50003103 (sz=32, trace=301783, class=Point@5000255b)
ARR 50003104 (sz=32, trace=301784, nelems=0, elem type=char[])
OBJ 50003105 (sz=32, trace=301537, class=Point@5000255b)
OBJ 50003106 (sz=32, trace=301535, class=sun.misc.FloatingDecimal$ASCIIToBinaryBuffer@500024ac)
ARR 50003107 (sz=32, trace=301785, nelems=0, elem type=char[])
OBJ 50003108 (sz=32, trace=301535, class=sun.misc.FloatingDecimal$ASCIIToBinaryBuffer@500024ac)
OBJ 50003109 (sz=32, trace=301786, class=Point@5000255b)
OBJ 5000310a (sz=32, trace=301787, class=Line@50006f05)
OBJ 5000310b (sz=24, trace=301779, class=java.lang.String@5000016f)
ARR 5000310c (sz=88, trace=300326, nelems=0, elem type=char[])
OBJ 5000310d (sz=24, trace=301497, class=java.util.ArrayList@500000c5)
OBJ 5000310e (sz=24, trace=301498, class=java.lang.String@5000016f)
ARR 5000310f (sz=32, trace=301499, nelems=0, elem type=char[])
ARR 50003110 (sz=56, trace=300281, nelems=0, elem type=java.lang.Object[]@5000010a)
OBJ 50003111 (sz=24, trace=301498, class=java.lang.String@5000016f)
ARR 50003112 (sz=32, trace=301499, nelems=0, elem type=char[])
OBJ 50003113 (sz=24, trace=301498, class=java.lang.String@5000016f)
ARR 50003114 (sz=32, trace=301499, nelems=0, elem type=char[])
OBJ 50003115 (sz=32, trace=301537, class=Point@5000255b)
OBJ 50003116 (sz=24, trace=301500, class=java.lang.String@5000016f)
ARR 50003117 (sz=32, trace=301501, nelems=0, elem type=char[])
ARR 50003118 (sz=32, trace=301780, nelems=0, elem type=java.lang.String[]@500000cf)
OBJ 50003119 (sz=40, trace=301504, class=java.util.ArrayList$SubList@5000248a)
OBJ 5000311a (sz=40, trace=301506, class=java.util.ArrayList$SubList$1@5000248d)
ARR 5000311b (sz=32, trace=301781, nelems=0, elem type=char[])
OBJ 5000311c (sz=32, trace=301535, class=sun.misc.FloatingDecimal$ASCIIToBinaryBuffer@500024ac)
ARR 5000311d (sz=32, trace=301782, nelems=0, elem type=char[])
OBJ 5000311e (sz=32, trace=301535, class=sun.misc.FloatingDecimal$ASCIIToBinaryBuffer@500024ac)
OBJ 5000311f (sz=32, trace=301783, class=Point@5000255b)
ARR 50003120 (sz=32, trace=301784, nelems=0, elem type=char[])
OBJ 50003121 (sz=32, trace=301535, class=sun.misc.FloatingDecimal$ASCIIToBinaryBuffer@500024ac)
ARR 50003122 (sz=32, trace=301785, nelems=0, elem type=char[])
OBJ 50003123 (sz=32, trace=301535, class=sun.misc.FloatingDecimal$ASCIIToBinaryBuffer@500024ac)
OBJ 50003124 (sz=32, trace=301786, class=Point@5000255b)
OBJ 50003125 (sz=32, trace=301537, class=Point@5000255b)
OBJ 50003126 (sz=32, trace=301787, class=Line@50006f05)
OBJ 50003127 (sz=24, trace=301779, class=java.lang.String@5000016f)
ARR 50003128 (sz=88, trace=300326, nelems=0, elem type=char[])
OBJ 50003129 (sz=24, trace=301497, class=java.util.ArrayList@500000c5)
OBJ 5000312a (sz=24, trace=301498, class=java.lang.String@5000016f)
ARR 5000312b (sz=32, trace=301499, nelems=0, elem type=char[])
ARR 5000312c (sz=56, trace=300281, nelems=0, elem type=java.lang.Object[]@5000010a)
OBJ 5000312d (sz=24, trace=301498, class=java.lang.String@5000016f)
ARR 5000312e (sz=32, trace=301499, nelems=0, elem type=char[])
OBJ 5000312f (sz=24, trace=301498, class=java.lang.String@5000016f)
ARR 50003130 (sz=32, trace=301499, nelems=0, elem type=char[])
OBJ 50003131 (sz=24, trace=301500, class=java.lang.String@5000016f)
ARR 50003132 (sz=32, trace=301501, nelems=0, elem type=char[])
ARR 50003133 (sz=32, trace=301780, nelems=0, elem type=java.lang.String[]@500000cf)
OBJ 50003134 (sz=40, trace=301504, class=java.util.ArrayList$SubList@5000248a)
OBJ 50003135 (sz=32, trace=301537, class=Point@5000255b)
OBJ 50003136 (sz=40, trace=301506, class=java.util.ArrayList$SubList$1@5000248d)
ARR 50003137 (sz=32, trace=301781, nelems=0, elem type=char[])
OBJ 50003138 (sz=32, trace=301535, class=sun.misc.FloatingDecimal$ASCIIToBinaryBuffer@500024ac)
ARR 50003139 (sz=32, trace=301782, nelems=0, elem type=char[])
OBJ 5000313a (sz=32, trace=301535, class=sun.misc.FloatingDecimal$ASCIIToBinaryBuffer@500024ac)
OBJ 5000313b (sz=32, trace=301783, class=Point@5000255b)
ARR 5000313c (sz=32, trace=301784, nelems=0, elem type=char[])
OBJ 5000313d (sz=32, trace=301535, class=sun.misc.FloatingDecimal$ASCIIToBinaryBuffer@500024ac)
ARR 5000313e (sz=32, trace=301785, nelems=0, elem type=char[])
OBJ 5000313f (sz=32, trace=301535, class=sun.misc.FloatingDecimal$ASCIIToBinaryBuffer@500024ac)
OBJ 50003140 (sz=32, trace=301786, class=Point@5000255b)
OBJ 50003141 (sz=32, trace=301787, class=Line@50006f05)
OBJ 50003142 (sz=24, trace=301779, class=java.lang.String@5000016f)
ARR 50003143 (sz=88, trace=300326, nelems=0, elem type=char[])
OBJ 50003144 (sz=24, trace=301497, class=java.util.ArrayList@500000c5)
OBJ 50003145 (sz=32, trace=301537, class=Point@5000255b)
OBJ 50003146 (sz=24, trace=301498, class=java.lang.String@5000016f)
ARR 50003147 (sz=32, trace=301499, nelems=0, elem type=char[])
ARR 50003148 (sz=56, trace=300281, nelems=0, elem type=java.lang.Object[]@5000010a)
OBJ 50003149 (sz=24, trace=301498, class=java.lang.String@5000016f)
ARR 5000314a (sz=32, trace=301499, nelems=0, elem type=char[])
OBJ 5000314b (sz=24, trace=301498, class=java.lang.String@5000016f)
ARR 5000314c (sz=32, trace=301499, nelems=0, elem type=char[])
OBJ 5000314d (sz=24, trace=301500, class=java.lang.String@5000016f)
ARR 5000314e (sz=32, trace=301501, nelems=0, elem type=char[])
ARR 5000314f (sz=32, trace=301780, nelems=0, elem type=java.lang.String[]@500000cf)
OBJ 50003150 (sz=40, trace=301504, class=java.util.ArrayList$SubList@5000248a)
OBJ 50003151 (sz=40, trace=301506, class=java.util.ArrayList$SubList$1@5000248d)
ARR 50003152 (sz=32, trace=301781, nelems=0, elem type=char[])
OBJ 50003153 (sz=32, trace=301535, class=sun.misc.FloatingDecimal$ASCIIToBinaryBuffer@500024ac)
ARR 50003154 (sz=32, trace=301782, nelems=0, elem type=char[])
OBJ 50003155 (sz=32, trace=301537, class=Point@5000255b)
OBJ 50003156 (sz=32, trace=301535, class=sun.misc.FloatingDecimal$ASCIIToBinaryBuffer@500024ac)
OBJ 50003157 (sz=32, trace=301783, class=Point@5000255b)
ARR 50003158 (sz=32, trace=301784, nelems=0, elem type=char[])
OBJ 50003159 (sz=32, trace=301535, class=sun.misc.FloatingDecimal$ASCIIToBinaryBuffer@500024ac)
ARR 5000315a (sz=32, trace=301785, nelems=0, elem type=char[])
OBJ 5000315b (sz=32, trace=301535, class=sun.misc.FloatingDecimal$ASCIIToBinaryBuffer@500024ac)
OBJ 5000315c (sz=32, trace=301786, class=Point@5000255b)
OBJ 5000315d (sz=32, trace=301787, class=Line@50006f05)
OBJ 5000315e (sz=24, trace=301779, class=java.lang.String@5000016f)
ARR 5000315f (sz=88, trace=300326, nelems=0, elem type=char[])
OBJ 50003160 (sz=24, trace=301497, class=java.util.ArrayList@500000c5)
OBJ 50003161 (sz=24, trace=301498, class=java.lang.String@5000016f)
ARR 50003162 (sz=32, trace=301499, nelems=0, elem type=char[])
ARR 50003163 (sz=56, trace=300281, nelems=0, elem type=java.lang.Object[]@5000010a)
OBJ 50003164 (sz=24, trace=301498, class=java.lang.String@5000016f)
OBJ 50003165 (sz=32, trace=301537, class=Point@5000255b)
ARR 50003166 (sz=32, trace=301499, nelems=0, elem type=char[])
OBJ 50003167 (sz=24, trace=301498, class=java.lang.String@5000016f)
ARR 50003168 (sz=32, trace=301499, nelems=0, elem type=char[])
OBJ 50003169 (sz=24, trace=301500, class=java.lang.String@5000016f)
ARR 5000316a (sz=32, trace=301501, nelems=0, elem type=char[])
ARR 5000316b (sz=32, trace=301780, nelems=0, elem type=java.lang.String[]@500000cf)
OBJ 5000316c (sz=40, trace=301504, class=java.util.ArrayList$SubList@5000248a)
OBJ 5000316d (sz=40, trace=301506, class=java.util.ArrayList$SubList$1@5000248d)
ARR 5000316e (sz=32, trace=301781, nelems=0, elem type=char[])
OBJ 5000316f (sz=32, trace=301535, class=sun.misc.FloatingDecimal$ASCIIToBinaryBuffer@500024ac)
ARR 50003170 (sz=32, trace=301782, nelems=0, elem type=char[])
OBJ 50003171 (sz=32, trace=301535, class=sun.misc.FloatingDecimal$ASCIIToBinaryBuffer@500024ac)
OBJ 50003172 (sz=32, trace=301783, class=Point@5000255b)
ARR 50003173 (sz=32, trace=301784, nelems=0, elem type=char[])
OBJ 50003174 (sz=32, trace=301739, class=Point@5000255b)
OBJ 50003175 (sz=32, trace=301537, class=Point@5000255b)
OBJ 50003176 (sz=32, trace=301535, class=sun.misc.FloatingDecimal$ASCIIToBinaryBuffer@500024ac)
ARR 50003177 (sz=32, trace=301785, nelems=0, elem type=char[])
OBJ 50003178 (sz=32, trace=301755, class=Point@5000255b)
OBJ 50003179 (sz=32, trace=301755, class=Point@5000255b)
OBJ 5000317a (sz=32, trace=301535, class=sun.misc.FloatingDecimal$ASCIIToBinaryBuffer@500024ac)
OBJ 5000317b (sz=32, trace=301786, class=Point@5000255b)
OBJ 5000317c (sz=32, trace=301787, class=Line@50006f05)
OBJ 5000317d (sz=24, trace=301779, class=java.lang.String@5000016f)
ARR 5000317e (sz=88, trace=300326, nelems=0, elem type=char[])
OBJ 5000317f (sz=24, trace=301497, class=java.util.ArrayList@500000c5)
OBJ 50003180 (sz=24, trace=301498, class=java.lang.String@5000016f)
ARR 50003181 (sz=32, trace=301499, nelems=0, elem type=char[])
ARR 50003182 (sz=56, trace=300281, nelems=0, elem type=java.lang.Object[]@5000010a)
OBJ 50003183 (sz=24, trace=301498, class=java.lang.String@5000016f)
ARR 50003184 (sz=32, trace=301499, nelems=0, elem type=char[])
OBJ 50003185 (sz=32, trace=301537, class=Point@5000255b)
OBJ 50003186 (sz=24, trace=301498, class=java.lang.String@5000016f)
ARR 50003187 (sz=32, trace=301499, nelems=0, elem type=char[])
OBJ 50003188 (sz=24, trace=301500, class=java.lang.String@5000016f)
OBJ 50003189 (sz=24, trace=301737, class=java.util.ArrayList@500000c5)
ARR 5000318a (sz=32, trace=301501, nelems=0, elem type=char[])
OBJ 5000318b (sz=24, trace=301738, class=java.util.ArrayList@500000c5)
ARR 5000318c (sz=4032, trace=301718, nelems=0, elem type=java.lang.Object[]@5000010a)
OBJ 5000318d (sz=32, trace=301753, class=Point@5000255b)
OBJ 5000318e (sz=32, trace=301753, class=Point@5000255b)
ARR 5000318f (sz=32, trace=301780, nelems=0, elem type=java.lang.String[]@500000cf)
OBJ 50003190 (sz=40, trace=301504, class=java.util.ArrayList$SubList@5000248a)
OBJ 50003191 (sz=40, trace=301506, class=java.util.ArrayList$SubList$1@5000248d)
ARR 50003192 (sz=32, trace=301781, nelems=0, elem type=char[])
OBJ 50003193 (sz=32, trace=301535, class=sun.misc.FloatingDecimal$ASCIIToBinaryBuffer@500024ac)
ARR 50003194 (sz=32, trace=301782, nelems=0, elem type=char[])
OBJ 50003195 (sz=32, trace=301537, class=Point@5000255b)
OBJ 50003196 (sz=32, trace=301535, class=sun.misc.FloatingDecimal$ASCIIToBinaryBuffer@500024ac)
OBJ 50003197 (sz=32, trace=301783, class=Point@5000255b)
ARR 50003198 (sz=32, trace=301784, nelems=0, elem type=char[])
OBJ 50003199 (sz=32, trace=301535, class=sun.misc.FloatingDecimal$ASCIIToBinaryBuffer@500024ac)
ARR 5000319a (sz=32, trace=301785, nelems=0, elem type=char[])
OBJ 5000319b (sz=32, trace=301535, class=sun.misc.FloatingDecimal$ASCIIToBinaryBuffer@500024ac)
OBJ 5000319c (sz=32, trace=301786, class=Point@5000255b)
OBJ 5000319d (sz=32, trace=301787, class=Line@50006f05)
OBJ 5000319e (sz=24, trace=301779, class=java.lang.String@5000016f)
ARR 5000319f (sz=88, trace=300326, nelems=0, elem type=char[])
OBJ 500031a0 (sz=24, trace=301497, class=java.util.ArrayList@500000c5)
OBJ 500031a1 (sz=24, trace=301498, class=java.lang.String@5000016f)
ARR 500031a2 (sz=32, trace=301499, nelems=0, elem type=char[])
ARR 500031a3 (sz=56, trace=300281, nelems=0, elem type=java.lang.Object[]@5000010a)
OBJ 500031a4 (sz=24, trace=301498, class=java.lang.String@5000016f)
OBJ 500031a5 (sz=32, trace=301537, class=Point@5000255b)
ARR 500031a6 (sz=32, trace=301499, nelems=0, elem type=char[])
OBJ 500031a7 (sz=24, trace=301498, class=java.lang.String@5000016f)
ARR 500031a8 (sz=32, trace=301499, nelems=0, elem type=char[])
OBJ 500031a9 (sz=24, trace=301500, class=java.lang.String@5000016f)
ARR 500031aa (sz=32, trace=301501, nelems=0, elem type=char[])
ARR 500031ab (sz=32, trace=301780, nelems=0, elem type=java.lang.String[]@500000cf)
OBJ 500031ac (sz=40, trace=301504, class=java.util.ArrayList$SubList@5000248a)
OBJ 500031ad (sz=40, trace=301506, class=java.util.ArrayList$SubList$1@5000248d)
ARR 500031ae (sz=32, trace=301781, nelems=0, elem type=char[])
OBJ 500031af (sz=32, trace=301535, class=sun.misc.FloatingDecimal$ASCIIToBinaryBuffer@500024ac)
ARR 500031b0 (sz=32, trace=301782, nelems=0, elem type=char[])
OBJ 500031b1 (sz=32, trace=301535, class=sun.misc.FloatingDecimal$ASCIIToBinaryBuffer@500024ac)
OBJ 500031b2 (sz=32, trace=301783, class=Point@5000255b)
ARR 500031b3 (sz=32, trace=301784, nelems=0, elem type=char[])
OBJ 500031b4 (sz=32, trace=301535, class=sun.misc.FloatingDecimal$ASCIIToBinaryBuffer@500024ac)
OBJ 500031b5 (sz=32, trace=301537, class=Point@5000255b)
ARR 500031b6 (sz=32, trace=301785, nelems=0, elem type=char[])
OBJ 500031b7 (sz=32, trace=301535, class=sun.misc.FloatingDecimal$ASCIIToBinaryBuffer@500024ac)
OBJ 500031b8 (sz=32, trace=301786, class=Point@5000255b)
OBJ 500031b9 (sz=32, trace=301787, class=Line@50006f05)
OBJ 500031ba (sz=24, trace=301779, class=java.lang.String@5000016f)
ARR 500031bb (sz=88, trace=300326, nelems=0, elem type=char[])
OBJ 500031bc (sz=24, trace=301497, class=java.util.ArrayList@500000c5)
OBJ 500031bd (sz=24, trace=301498, class=java.lang.String@5000016f)
ARR 500031be (sz=32, trace=301499, nelems=0, elem type=char[])
ARR 500031bf (sz=56, trace=300281, nelems=0, elem type=java.lang.Object[]@5000010a)
OBJ 500031c0 (sz=24, trace=301498, class=java.lang.String@5000016f)
ARR 500031c1 (sz=32, trace=301499, nelems=0, elem type=char[])
OBJ 500031c2 (sz=24, trace=301498, class=java.lang.String@5000016f)
ARR 500031c3 (sz=32, trace=301499, nelems=0, elem type=char[])
OBJ 500031c4 (sz=24, trace=301500, class=java.lang.String@5000016f)
OBJ 500031c5 (sz=32, trace=301537, class=Point@5000255b)
ARR 500031c6 (sz=32, trace=301501, nelems=0, elem type=char[])
ARR 500031c7 (sz=32, trace=301780, nelems=0, elem type=java.lang.String[]@500000cf)
OBJ 500031c8 (sz=40, trace=301504, class=java.util.ArrayList$SubList@5000248a)
OBJ 500031c9 (sz=40, trace=301506, class=java.util.ArrayList$SubList$1@5000248d)
ARR 500031ca (sz=32, trace=301781, nelems=0, elem type=char[])
OBJ 500031cb (sz=32, trace=301535, class=sun.misc.FloatingDecimal$ASCIIToBinaryBuffer@500024ac)
ARR 500031cc (sz=32, trace=301782, nelems=0, elem type=char[])
OBJ 500031cd (sz=32, trace=301535, class=sun.misc.FloatingDecimal$ASCIIToBinaryBuffer@500024ac)
OBJ 500031ce (sz=32, trace=301783, class=Point@5000255b)
ARR 500031cf (sz=32, trace=301784, nelems=0, elem type=char[])
OBJ 500031d0 (sz=32, trace=301535, class=sun.misc.FloatingDecimal$ASCIIToBinaryBuffer@500024ac)
ARR 500031d1 (sz=32, trace=301785, nelems=0, elem type=char[])
OBJ 500031d2 (sz=32, trace=301535, class=sun.misc.FloatingDecimal$ASCIIToBinaryBuffer@500024ac)
OBJ 500031d3 (sz=32, trace=301786, class=Point@5000255b)
OBJ 500031d4 (sz=32, trace=301787, class=Line@50006f05)
OBJ 500031d5 (sz=32, trace=301537, class=Point@5000255b)
OBJ 500031d6 (sz=24, trace=301779, class=java.lang.String@5000016f)
ARR 500031d7 (sz=88, trace=300326, nelems=0, elem type=char[])
OBJ 500031d8 (sz=24, trace=301497, class=java.util.ArrayList@500000c5)
OBJ 500031d9 (sz=24, trace=301498, class=java.lang.String@5000016f)
ARR 500031da (sz=32, trace=301499, nelems=0, elem type=char[])
ARR 500031db (sz=56, trace=300281, nelems=0, elem type=java.lang.Object[]@5000010a)
OBJ 500031dc (sz=24, trace=301498, class=java.lang.String@5000016f)
ARR 500031dd (sz=32, trace=301499, nelems=0, elem type=char[])
OBJ 500031de (sz=24, trace=301498, class=java.lang.String@5000016f)
ARR 500031df (sz=32, trace=301499, nelems=0, elem type=char[])
OBJ 500031e0 (sz=24, trace=301500, class=java.lang.String@5000016f)
ARR 500031e1 (sz=32, trace=301501, nelems=0, elem type=char[])
ARR 500031e2 (sz=32, trace=301780, nelems=0, elem type=java.lang.String[]@500000cf)
OBJ 500031e3 (sz=40, trace=301504, class=java.util.ArrayList$SubList@5000248a)
OBJ 500031e4 (sz=40, trace=301506, class=java.util.ArrayList$SubList$1@5000248d)
OBJ 500031e5 (sz=32, trace=301537, class=Point@5000255b)
ARR 500031e6 (sz=32, trace=301781, nelems=0, elem type=char[])
OBJ 500031e7 (sz=32, trace=301535, class=sun.misc.FloatingDecimal$ASCIIToBinaryBuffer@500024ac)
ARR 500031e8 (sz=32, trace=301782, nelems=0, elem type=char[])
OBJ 500031e9 (sz=32, trace=301535, class=sun.misc.FloatingDecimal$ASCIIToBinaryBuffer@500024ac)
OBJ 500031ea (sz=32, trace=301783, class=Point@5000255b)
ARR 500031eb (sz=32, trace=301784, nelems=0, elem type=char[])
OBJ 500031ec (sz=32, trace=301535, class=sun.misc.FloatingDecimal$ASCIIToBinaryBuffer@500024ac)
ARR 500031ed (sz=32, trace=301785, nelems=0, elem type=char[])
OBJ 500031ee (sz=32, trace=301535, class=sun.misc.FloatingDecimal$ASCIIToBinaryBuffer@500024ac)
OBJ 500031ef (sz=32, trace=301786, class=Point@5000255b)
OBJ 500031f0 (sz=32, trace=301787, class=Line@50006f05)
OBJ 500031f1 (sz=24, trace=301779, class=java.lang.String@5000016f)
ARR 500031f2 (sz=88, trace=300326, nelems=0, elem type=char[])
OBJ 500031f3 (sz=24, trace=301497, class=java.util.ArrayList@500000c5)
OBJ 500031f4 (sz=24, trace=301498, class=java.lang.String@5000016f)
OBJ 500031f5 (sz=32, trace=301537, class=Point@5000255b)
ARR 500031f6 (sz=32, trace=301499, nelems=0, elem type=char[])
ARR 500031f7 (sz=56, trace=300281, nelems=0, elem type=java.lang.Object[]@5000010a)
OBJ 500031f8 (sz=24, trace=301498, class=java.lang.String@5000016f)
ARR 500031f9 (sz=32, trace=301499, nelems=0, elem type=char[])
OBJ 500031fa (sz=24, trace=301498, class=java.lang.String@5000016f)
ARR 500031fb (sz=32, trace=301499, nelems=0, elem type=char[])
OBJ 500031fc (sz=24, trace=301500, class=java.lang.String@5000016f)
ARR 500031fd (sz=32, trace=301501, nelems=0, elem type=char[])
ARR 500031fe (sz=32, trace=301780, nelems=0, elem type=java.lang.String[]@500000cf)
OBJ 500031ff (sz=40, trace=301504, class=java.util.ArrayList$SubList@5000248a)
OBJ 50003200 (sz=40, trace=301506, class=java.util.ArrayList$SubList$1@5000248d)
ARR 50003201 (sz=32, trace=301781, nelems=0, elem type=char[])
OBJ 50003202 (sz=32, trace=301535, class=sun.misc.FloatingDecimal$ASCIIToBinaryBuffer@500024ac)
ARR 50003203 (sz=32, trace=301782, nelems=0, elem type=char[])
OBJ 50003204 (sz=32, trace=301535, class=sun.misc.FloatingDecimal$ASCIIToBinaryBuffer@500024ac)
OBJ 50003205 (sz=32, trace=301537, class=Point@5000255b)
OBJ 50003206 (sz=32, trace=301783, class=Point@5000255b)
ARR 50003207 (sz=32, trace=301784, nelems=0, elem type=char[])
OBJ 50003208 (sz=32, trace=301535, class=sun.misc.FloatingDecimal$ASCIIToBinaryBuffer@500024ac)
ARR 50003209 (sz=32, trace=301785, nelems=0, elem type=char[])
OBJ 5000320a (sz=32, trace=301535, class=sun.misc.FloatingDecimal$ASCIIToBinaryBuffer@500024ac)
OBJ 5000320b (sz=32, trace=301786, class=Point@5000255b)
OBJ 5000320c (sz=32, trace=301787, class=Line@50006f05)
OBJ 5000320d (sz=24, trace=301779, class=java.lang.String@5000016f)
ARR 5000320e (sz=88, trace=300326, nelems=0, elem type=char[])
OBJ 5000320f (sz=24, trace=301497, class=java.util.ArrayList@500000c5)
OBJ 50003210 (sz=24, trace=301498, class=java.lang.String@5000016f)
ARR 50003211 (sz=32, trace=301499, nelems=0, elem type=char[])
ARR 50003212 (sz=56, trace=300281, nelems=0, elem type=java.lang.Object[]@5000010a)
OBJ 50003213 (sz=24, trace=301498, class=java.lang.String@5000016f)
ARR 50003214 (sz=32, trace=301499, nelems=0, elem type=char[])
OBJ 50003215 (sz=32, trace=301537, class=Point@5000255b)
OBJ 50003216 (sz=24, trace=301498, class=java.lang.String@5000016f)
ARR 50003217 (sz=32, trace=301499, nelems=0, elem type=char[])
OBJ 50003218 (sz=24, trace=301500, class=java.lang.String@5000016f)
ARR 50003219 (sz=32, trace=301501, nelems=0, elem type=char[])
ARR 5000321a (sz=32, trace=301780, nelems=0, elem type=java.lang.String[]@500000cf)
OBJ 5000321b (sz=40, trace=301504, class=java.util.ArrayList$SubList@5000248a)
OBJ 5000321c (sz=40, trace=301506, class=java.util.ArrayList$SubList$1@5000248d)
ARR 5000321d (sz=32, trace=301781, nelems=0, elem type=char[])
OBJ 5000321e (sz=32, trace=301535, class=sun.misc.FloatingDecimal$ASCIIToBinaryBuffer@500024ac)
ARR 5000321f (sz=32, trace=301782, nelems=0, elem type=char[])
OBJ 50003220 (sz=32, trace=301535, class=sun.misc.FloatingDecimal$ASCIIToBinaryBuffer@500024ac)
OBJ 50003221 (sz=32, trace=301783, class=Point@5000255b)
ARR 50003222 (sz=32, trace=301784, nelems=0, elem type=char[])
OBJ 50003223 (sz=32, trace=301535, class=sun.misc.FloatingDecimal$ASCIIToBinaryBuffer@500024ac)
ARR 50003224 (sz=32, trace=301785, nelems=0, elem type=char[])
OBJ 50003225 (sz=32, trace=301537, class=Point@5000255b)
OBJ 50003226 (sz=32, trace=301535, class=sun.misc.FloatingDecimal$ASCIIToBinaryBuffer@500024ac)
OBJ 50003227 (sz=32, trace=301786, class=Point@5000255b)
OBJ 50003228 (sz=32, trace=301787, class=Line@50006f05)
OBJ 50003229 (sz=24, trace=301779, class=java.lang.String@5000016f)
ARR 5000322a (sz=88, trace=300326, nelems=0, elem type=char[])
OBJ 5000322b (sz=24, trace=301497, class=java.util.ArrayList@500000c5)
OBJ 5000322c (sz=24, trace=301498, class=java.lang.String@5000016f)
ARR 5000322d (sz=32, trace=301499, nelems=0, elem type=char[])
ARR 5000322e (sz=56, trace=300281, nelems=0, elem type=java.lang.Object[]@5000010a)
OBJ 5000322f (sz=24, trace=301498, class=java.lang.String@5000016f)
ARR 50003230 (sz=32, trace=301499, nelems=0, elem type=char[])
OBJ 50003231 (sz=24, trace=301498, class=java.lang.String@5000016f)
ARR 50003232 (sz=32, trace=301499, nelems=0, elem type=char[])
OBJ 50003233 (sz=24, trace=301500, class=java.lang.String@5000016f)
ARR 50003234 (sz=32, trace=301501, nelems=0, elem type=char[])
OBJ 50003235 (sz=32, trace=301537, class=Point@5000255b)
ARR 50003236 (sz=32, trace=301780, nelems=0, elem type=java.lang.String[]@500000cf)
OBJ 50003237 (sz=40, trace=301504, class=java.util.ArrayList$SubList@5000248a)
OBJ 50003238 (sz=40, trace=301506, class=java.util.ArrayList$SubList$1@5000248d)
ARR 50003239 (sz=32, trace=301781, nelems=0, elem type=char[])
OBJ 5000323a (sz=32, trace=301535, class=sun.misc.FloatingDecimal$ASCIIToBinaryBuffer@500024ac)
ARR 5000323b (sz=32, trace=301782, nelems=0, elem type=char[])
OBJ 5000323c (sz=32, trace=301535, class=sun.misc.FloatingDecimal$ASCIIToBinaryBuffer@500024ac)
OBJ 5000323d (sz=32, trace=301783, class=Point@5000255b)
ARR 5000323e (sz=32, trace=301784, nelems=0, elem type=char[])
OBJ 5000323f (sz=32, trace=301535, class=sun.misc.FloatingDecimal$ASCIIToBinaryBuffer@500024ac)
ARR 50003240 (sz=32, trace=301785, nelems=0, elem type=char[])
OBJ 50003241 (sz=32, trace=301535, class=sun.misc.FloatingDecimal$ASCIIToBinaryBuffer@500024ac)
OBJ 50003242 (sz=32, trace=301786, class=Point@5000255b)
OBJ 50003243 (sz=32, trace=301787, class=Line@50006f05)
OBJ 50003244 (sz=24, trace=301779, class=java.lang.String@5000016f)
OBJ 50003245 (sz=32, trace=301537, class=Point@5000255b)
ARR 50003246 (sz=88, trace=300326, nelems=0, elem type=char[])
OBJ 50003247 (sz=24, trace=301497, class=java.util.ArrayList@500000c5)
OBJ 50003248 (sz=24, trace=301498, class=java.lang.String@5000016f)
ARR 50003249 (sz=32, trace=301499, nelems=0, elem type=char[])
ARR 5000324a (sz=56, trace=300281, nelems=0, elem type=java.lang.Object[]@5000010a)
OBJ 5000324b (sz=24, trace=301498, class=java.lang.String@5000016f)
ARR 5000324c (sz=32, trace=301499, nelems=0, elem type=char[])
OBJ 5000324d (sz=24, trace=301498, class=java.lang.String@5000016f)
ARR 5000324e (sz=32, trace=301499, nelems=0, elem type=char[])
OBJ 5000324f (sz=24, trace=301500, class=java.lang.String@5000016f)
ARR 50003250 (sz=32, trace=301501, nelems=0, elem type=char[])
ARR 50003251 (sz=32, trace=301780, nelems=0, elem type=java.lang.String[]@500000cf)
OBJ 50003252 (sz=40, trace=301504, class=java.util.ArrayList$SubList@5000248a)
OBJ 50003253 (sz=40, trace=301506, class=java.util.ArrayList$SubList$1@5000248d)
ARR 50003254 (sz=32, trace=301781, nelems=0, elem type=char[])
OBJ 50003255 (sz=32, trace=301537, class=Point@5000255b)
OBJ 50003256 (sz=32, trace=301535, class=sun.misc.FloatingDecimal$ASCIIToBinaryBuffer@500024ac)
ARR 50003257 (sz=32, trace=301782, nelems=0, elem type=char[])
OBJ 50003258 (sz=32, trace=301535, class=sun.misc.FloatingDecimal$ASCIIToBinaryBuffer@500024ac)
OBJ 50003259 (sz=32, trace=301783, class=Point@5000255b)
ARR 5000325a (sz=32, trace=301784, nelems=0, elem type=char[])
OBJ 5000325b (sz=32, trace=301535, class=sun.misc.FloatingDecimal$ASCIIToBinaryBuffer@500024ac)
ARR 5000325c (sz=32, trace=301785, nelems=0, elem type=char[])
OBJ 5000325d (sz=32, trace=301535, class=sun.misc.FloatingDecimal$ASCIIToBinaryBuffer@500024ac)
OBJ 5000325e (sz=32, trace=301786, class=Point@5000255b)
OBJ 5000325f (sz=32, trace=301787, class=Line@50006f05)
OBJ 50003260 (sz=24, trace=301779, class=java.lang.String@5000016f)
ARR 50003261 (sz=88, trace=300326, nelems=0, elem type=char[])
OBJ 50003262 (sz=24, trace=301497, class=java.util.ArrayList@500000c5)
OBJ 50003263 (sz=24, trace=301498, class=java.lang.String@5000016f)
ARR 50003264 (sz=32, trace=301499, nelems=0, elem type=char[])
OBJ 50003265 (sz=32, trace=301537, class=Point@5000255b)
ARR 50003266 (sz=56, trace=300281, nelems=0, elem type=java.lang.Object[]@5000010a)
OBJ 50003267 (sz=24, trace=301498, class=java.lang.String@5000016f)
ARR 50003268 (sz=32, trace=301499, nelems=0, elem type=char[])
OBJ 50003269 (sz=24, trace=301498, class=java.lang.String@5000016f)
ARR 5000326a (sz=32, trace=301499, nelems=0, elem type=char[])
OBJ 5000326b (sz=24, trace=301500, class=java.lang.String@5000016f)
ARR 5000326c (sz=32, trace=301501, nelems=0, elem type=char[])
ARR 5000326d (sz=32, trace=301780, nelems=0, elem type=java.lang.String[]@500000cf)
OBJ 5000326e (sz=40, trace=301504, class=java.util.ArrayList$SubList@5000248a)
OBJ 5000326f (sz=40, trace=301506, class=java.util.ArrayList$SubList$1@5000248d)
ARR 50003270 (sz=32, trace=301781, nelems=0, elem type=char[])
OBJ 50003271 (sz=32, trace=301535, class=sun.misc.FloatingDecimal$ASCIIToBinaryBuffer@500024ac)
ARR 50003272 (sz=32, trace=301782, nelems=0, elem type=char[])
OBJ 50003273 (sz=32, trace=301535, class=sun.misc.FloatingDecimal$ASCIIToBinaryBuffer@500024ac)
OBJ 50003274 (sz=32, trace=301783, class=Point@5000255b)
OBJ 50003275 (sz=32, trace=301537, class=Point@5000255b)
ARR 50003276 (sz=32, trace=301784, nelems=0, elem type=char[])
OBJ 50003277 (sz=32, trace=301535, class=sun.misc.FloatingDecimal$ASCIIToBinaryBuffer@500024ac)
ARR 50003278 (sz=32, trace=301785, nelems=0, elem type=char[])
OBJ 50003279 (sz=32, trace=301535, class=sun.misc.FloatingDecimal$ASCIIToBinaryBuffer@500024ac)
OBJ 5000327a (sz=32, trace=301786, class=Point@5000255b)
OBJ 5000327b (sz=32, trace=301787, class=Line@50006f05)
OBJ 5000327c (sz=24, trace=301779, class=java.lang.String@5000016f)
ARR 5000327d (sz=88, trace=300326, nelems=0, elem type=char[])
OBJ 5000327e (sz=24, trace=301497, class=java.util.ArrayList@500000c5)
OBJ 5000327f (sz=24, trace=301498, class=java.lang.String@5000016f)
ARR 50003280 (sz=32, trace=301499, nelems=0, elem type=char[])
ARR 50003281 (sz=56, trace=300281, nelems=0, elem type=java.lang.Object[]@5000010a)
OBJ 50003282 (sz=24, trace=301498, class=java.lang.String@5000016f)
ARR 50003283 (sz=32, trace=301499, nelems=0, elem type=char[])
OBJ 50003284 (sz=24, trace=301498, class=java.lang.String@5000016f)
OBJ 50003285 (sz=32, trace=301537, class=Point@5000255b)
ARR 50003286 (sz=32, trace=301499, nelems=0, elem type=char[])
OBJ 50003287 (sz=24, trace=301500, class=java.lang.String@5000016f)
ARR 50003288 (sz=32, trace=301501, nelems=0, elem type=char[])
ARR 50003289 (sz=32, trace=301780, nelems=0, elem type=java.lang.String[]@500000cf)
OBJ 5000328a (sz=40, trace=301504, class=java.util.ArrayList$SubList@5000248a)
OBJ 5000328b (sz=40, trace=301506, class=java.util.ArrayList$SubList$1@5000248d)
ARR 5000328c (sz=32, trace=301781, nelems=0, elem type=char[])
OBJ 5000328d (sz=32, trace=301535, class=sun.misc.FloatingDecimal$ASCIIToBinaryBuffer@500024ac)
ARR 5000328e (sz=32, trace=301782, nelems=0, elem type=char[])
OBJ 5000328f (sz=32, trace=301535, class=sun.misc.FloatingDecimal$ASCIIToBinaryBuffer@500024ac)
OBJ 50003290 (sz=32, trace=301783, class=Point@5000255b)
ARR 50003291 (sz=32, trace=301784, nelems=0, elem type=char[])
OBJ 50003292 (sz=32, trace=301535, class=sun.misc.FloatingDecimal$ASCIIToBinaryBuffer@500024ac)
ARR 50003293 (sz=32, trace=301785, nelems=0, elem type=char[])
OBJ 50003294 (sz=32, trace=301535, class=sun.misc.FloatingDecimal$ASCIIToBinaryBuffer@500024ac)
OBJ 50003295 (sz=32, trace=301537, class=Point@5000255b)
OBJ 50003296 (sz=32, trace=301786, class=Point@5000255b)
OBJ 50003297 (sz=32, trace=301787, class=Line@50006f05)
OBJ 50003298 (sz=24, trace=301779, class=java.lang.String@5000016f)
ARR 50003299 (sz=88, trace=300326, nelems=0, elem type=char[])
OBJ 5000329a (sz=24, trace=301497, class=java.util.ArrayList@500000c5)
OBJ 5000329b (sz=24, trace=301498, class=java.lang.String@5000016f)
ARR 5000329c (sz=32, trace=301499, nelems=0, elem type=char[])
ARR 5000329d (sz=56, trace=300281, nelems=0, elem type=java.lang.Object[]@5000010a)
OBJ 5000329e (sz=24, trace=301498, class=java.lang.String@5000016f)
ARR 5000329f (sz=32, trace=301499, nelems=0, elem type=char[])
OBJ 500032a0 (sz=24, trace=301498, class=java.lang.String@5000016f)
ARR 500032a1 (sz=32, trace=301499, nelems=0, elem type=char[])
OBJ 500032a2 (sz=24, trace=301500, class=java.lang.String@5000016f)
ARR 500032a3 (sz=32, trace=301501, nelems=0, elem type=char[])
ARR 500032a4 (sz=32, trace=301780, nelems=0, elem type=java.lang.String[]@500000cf)
OBJ 500032a5 (sz=32, trace=301537, class=Point@5000255b)
OBJ 500032a6 (sz=40, trace=301504, class=java.util.ArrayList$SubList@5000248a)
OBJ 500032a7 (sz=40, trace=301506, class=java.util.ArrayList$SubList$1@5000248d)
ARR 500032a8 (sz=32, trace=301781, nelems=0, elem type=char[])
OBJ 500032a9 (sz=32, trace=301535, class=sun.misc.FloatingDecimal$ASCIIToBinaryBuffer@500024ac)
ARR 500032aa (sz=32, trace=301782, nelems=0, elem type=char[])
OBJ 500032ab (sz=32, trace=301535, class=sun.misc.FloatingDecimal$ASCIIToBinaryBuffer@500024ac)
OBJ 500032ac (sz=32, trace=301783, class=Point@5000255b)
ARR 500032ad (sz=32, trace=301784, nelems=0, elem type=char[])
OBJ 500032ae (sz=32, trace=301535, class=sun.misc.FloatingDecimal$ASCIIToBinaryBuffer@500024ac)
ARR 500032af (sz=32, trace=301785, nelems=0, elem type=char[])
OBJ 500032b0 (sz=32, trace=301535, class=sun.misc.FloatingDecimal$ASCIIToBinaryBuffer@500024ac)
OBJ 500032b1 (sz=32, trace=301786, class=Point@5000255b)
OBJ 500032b2 (sz=32, trace=301787, class=Line@50006f05)
OBJ 500032b3 (sz=24, trace=301779, class=java.lang.String@5000016f)
ARR 500032b4 (sz=88, trace=300326, nelems=0, elem type=char[])
OBJ 500032b5 (sz=32, trace=301537, class=Point@5000255b)
OBJ 500032b6 (sz=24, trace=301497, class=java.util.ArrayList@500000c5)
OBJ 500032b7 (sz=24, trace=301498, class=java.lang.String@5000016f)
ARR 500032b8 (sz=32, trace=301499, nelems=0, elem type=char[])
ARR 500032b9 (sz=56, trace=300281, nelems=0, elem type=java.lang.Object[]@5000010a)
OBJ 500032ba (sz=24, trace=301498, class=java.lang.String@5000016f)
ARR 500032bb (sz=32, trace=301499, nelems=0, elem type=char[])
OBJ 500032bc (sz=24, trace=301498, class=java.lang.String@5000016f)
ARR 500032bd (sz=32, trace=301499, nelems=0, elem type=char[])
OBJ 500032be (sz=24, trace=301500, class=java.lang.String@5000016f)
ARR 500032bf (sz=32, trace=301501, nelems=0, elem type=char[])
ARR 500032c0 (sz=32, trace=301780, nelems=0, elem type=java.lang.String[]@500000cf)
OBJ 500032c1 (sz=40, trace=301504, class=java.util.ArrayList$SubList@5000248a)
OBJ 500032c2 (sz=40, trace=301506, class=java.util.ArrayList$SubList$1@5000248d)
ARR 500032c3 (sz=32, trace=301781, nelems=0, elem type=char[])
OBJ 500032c4 (sz=32, trace=301535, class=sun.misc.FloatingDecimal$ASCIIToBinaryBuffer@500024ac)
OBJ 500032c5 (sz=32, trace=301537, class=Point@5000255b)
ARR 500032c6 (sz=32, trace=301782, nelems=0, elem type=char[])
OBJ 500032c7 (sz=32, trace=301535, class=sun.misc.FloatingDecimal$ASCIIToBinaryBuffer@500024ac)
OBJ 500032c8 (sz=32, trace=301783, class=Point@5000255b)
ARR 500032c9 (sz=32, trace=301784, nelems=0, elem type=char[])
OBJ 500032ca (sz=32, trace=301535, class=sun.misc.FloatingDecimal$ASCIIToBinaryBuffer@500024ac)
ARR 500032cb (sz=32, trace=301785, nelems=0, elem type=char[])
OBJ 500032cc (sz=32, trace=301535, class=sun.misc.FloatingDecimal$ASCIIToBinaryBuffer@500024ac)
OBJ 500032cd (sz=32, trace=301786, class=Point@5000255b)
OBJ 500032ce (sz=32, trace=301787, class=Line@50006f05)
OBJ 500032cf (sz=24, trace=301779, class=java.lang.String@5000016f)
ARR 500032d0 (sz=88, trace=300326, nelems=0, elem type=char[])
OBJ 500032d1 (sz=24, trace=301497, class=java.util.ArrayList@500000c5)
OBJ 500032d2 (sz=24, trace=301498, class=java.lang.String@5000016f)
ARR 500032d3 (sz=32, trace=301499, nelems=0, elem type=char[])
ARR 500032d4 (sz=56, trace=300281, nelems=0, elem type=java.lang.Object[]@5000010a)
OBJ 500032d5 (sz=32, trace=301537, class=Point@5000255b)
OBJ 500032d6 (sz=24, trace=301498, class=java.lang.String@5000016f)
ARR 500032d7 (sz=32, trace=301499, nelems=0, elem type=char[])
OBJ 500032d8 (sz=24, trace=301498, class=java.lang.String@5000016f)
ARR 500032d9 (sz=32, trace=301499, nelems=0, elem type=char[])
OBJ 500032da (sz=24, trace=301500, class=java.lang.String@5000016f)
ARR 500032db (sz=32, trace=301501, nelems=0, elem type=char[])
ARR 500032dc (sz=32, trace=301780, nelems=0, elem type=java.lang.String[]@500000cf)
OBJ 500032dd (sz=40, trace=301504, class=java.util.ArrayList$SubList@5000248a)
OBJ 500032de (sz=40, trace=301506, class=java.util.ArrayList$SubList$1@5000248d)
ARR 500032df (sz=32, trace=301781, nelems=0, elem type=char[])
OBJ 500032e0 (sz=32, trace=301535, class=sun.misc.FloatingDecimal$ASCIIToBinaryBuffer@500024ac)
ARR 500032e1 (sz=32, trace=301782, nelems=0, elem type=char[])
OBJ 500032e2 (sz=32, trace=301535, class=sun.misc.FloatingDecimal$ASCIIToBinaryBuffer@500024ac)
OBJ 500032e3 (sz=32, trace=301783, class=Point@5000255b)
ARR 500032e4 (sz=32, trace=301784, nelems=0, elem type=char[])
OBJ 500032e5 (sz=32, trace=301537, class=Point@5000255b)
OBJ 500032e6 (sz=32, trace=301535, class=sun.misc.FloatingDecimal$ASCIIToBinaryBuffer@500024ac)
ARR 500032e7 (sz=32, trace=301785, nelems=0, elem type=char[])
OBJ 500032e8 (sz=32, trace=301535, class=sun.misc.FloatingDecimal$ASCIIToBinaryBuffer@500024ac)
OBJ 500032e9 (sz=32, trace=301786, class=Point@5000255b)
OBJ 500032ea (sz=32, trace=301787, class=Line@50006f05)
OBJ 500032eb (sz=24, trace=301779, class=java.lang.String@5000016f)
ARR 500032ec (sz=88, trace=300326, nelems=0, elem type=char[])
OBJ 500032ed (sz=24, trace=301497, class=java.util.ArrayList@500000c5)
OBJ 500032ee (sz=24, trace=301498, class=java.lang.String@5000016f)
ARR 500032ef (sz=32, trace=301499, nelems=0, elem type=char[])
ARR 500032f0 (sz=56, trace=300281, nelems=0, elem type=java.lang.Object[]@5000010a)
OBJ 500032f1 (sz=24, trace=301498, class=java.lang.String@5000016f)
ARR 500032f2 (sz=32, trace=301499, nelems=0, elem type=char[])
OBJ 500032f3 (sz=24, trace=301498, class=java.lang.String@5000016f)
ARR 500032f4 (sz=32, trace=301499, nelems=0, elem type=char[])
OBJ 500032f5 (sz=32, trace=301537, class=Point@5000255b)
OBJ 500032f6 (sz=24, trace=301500, class=java.lang.String@5000016f)
ARR 500032f7 (sz=32, trace=301501, nelems=0, elem type=char[])
ARR 500032f8 (sz=32, trace=301780, nelems=0, elem type=java.lang.String[]@500000cf)
OBJ 500032f9 (sz=40, trace=301504, class=java.util.ArrayList$SubList@5000248a)
OBJ 500032fa (sz=40, trace=301506, class=java.util.ArrayList$SubList$1@5000248d)
ARR 500032fb (sz=32, trace=301781, nelems=0, elem type=char[])
OBJ 500032fc (sz=32, trace=301535, class=sun.misc.FloatingDecimal$ASCIIToBinaryBuffer@500024ac)
ARR 500032fd (sz=32, trace=301782, nelems=0, elem type=char[])
OBJ 500032fe (sz=32, trace=301535, class=sun.misc.FloatingDecimal$ASCIIToBinaryBuffer@500024ac)
OBJ 500032ff (sz=32, trace=301783, class=Point@5000255b)
ARR 50003300 (sz=32, trace=301784, nelems=0, elem type=char[])
OBJ 50003301 (sz=32, trace=301535, class=sun.misc.FloatingDecimal$ASCIIToBinaryBuffer@500024ac)
ARR 50003302 (sz=32, trace=301785, nelems=0, elem type=char[])
OBJ 50003303 (sz=32, trace=301535, class=sun.misc.FloatingDecimal$ASCIIToBinaryBuffer@500024ac)
OBJ 50003304 (sz=32, trace=301786, class=Point@5000255b)
OBJ 50003305 (sz=32, trace=301537, class=Point@5000255b)
OBJ 50003306 (sz=32, trace=301787, class=Line@50006f05)
OBJ 50003307 (sz=24, trace=301779, class=java.lang.String@5000016f)
ARR 50003308 (sz=88, trace=300326, nelems=0, elem type=char[])
OBJ 50003309 (sz=24, trace=301497, class=java.util.ArrayList@500000c5)
OBJ 5000330a (sz=24, trace=301498, class=java.lang.String@5000016f)
ARR 5000330b (sz=32, trace=301499, nelems=0, elem type=char[])
ARR 5000330c (sz=56, trace=300281, nelems=0, elem type=java.lang.Object[]@5000010a)
OBJ 5000330d (sz=24, trace=301498, class=java.lang.String@5000016f)
ARR 5000330e (sz=32, trace=301499, nelems=0, elem type=char[])
OBJ 5000330f (sz=24, trace=301498, class=java.lang.String@5000016f)
ARR 50003310 (sz=32, trace=301499, nelems=0, elem type=char[])
OBJ 50003311 (sz=24, trace=301500, class=java.lang.String@5000016f)
ARR 50003312 (sz=32, trace=301501, nelems=0, elem type=char[])
ARR 50003313 (sz=32, trace=301780, nelems=0, elem type=java.lang.String[]@500000cf)
OBJ 50003314 (sz=40, trace=301504, class=java.util.ArrayList$SubList@5000248a)
OBJ 50003315 (sz=32, trace=301537, class=Point@5000255b)
OBJ 50003316 (sz=40, trace=301506, class=java.util.ArrayList$SubList$1@5000248d)
ARR 50003317 (sz=32, trace=301781, nelems=0, elem type=char[])
OBJ 50003318 (sz=32, trace=301535, class=sun.misc.FloatingDecimal$ASCIIToBinaryBuffer@500024ac)
ARR 50003319 (sz=32, trace=301782, nelems=0, elem type=char[])
OBJ 5000331a (sz=32, trace=301535, class=sun.misc.FloatingDecimal$ASCIIToBinaryBuffer@500024ac)
OBJ 5000331b (sz=32, trace=301783, class=Point@5000255b)
ARR 5000331c (sz=32, trace=301784, nelems=0, elem type=char[])
OBJ 5000331d (sz=32, trace=301535, class=sun.misc.FloatingDecimal$ASCIIToBinaryBuffer@500024ac)
ARR 5000331e (sz=32, trace=301785, nelems=0, elem type=char[])
OBJ 5000331f (sz=32, trace=301535, class=sun.misc.FloatingDecimal$ASCIIToBinaryBuffer@500024ac)
OBJ 50003320 (sz=32, trace=301786, class=Point@5000255b)
OBJ 50003321 (sz=32, trace=301787, class=Line@50006f05)
OBJ 50003322 (sz=24, trace=301779, class=java.lang.String@5000016f)
ARR 50003323 (sz=88, trace=300326, nelems=0, elem type=char[])
OBJ 50003324 (sz=24, trace=301497, class=java.util.ArrayList@500000c5)
OBJ 50003325 (sz=32, trace=301537, class=Point@5000255b)
OBJ 50003326 (sz=24, trace=301498, class=java.lang.String@5000016f)
ARR 50003327 (sz=32, trace=301499, nelems=0, elem type=char[])
ARR 50003328 (sz=56, trace=300281, nelems=0, elem type=java.lang.Object[]@5000010a)
OBJ 50003329 (sz=24, trace=301498, class=java.lang.String@5000016f)
ARR 5000332a (sz=32, trace=301499, nelems=0, elem type=char[])
OBJ 5000332b (sz=24, trace=301498, class=java.lang.String@5000016f)
ARR 5000332c (sz=32, trace=301499, nelems=0, elem type=char[])
OBJ 5000332d (sz=24, trace=301500, class=java.lang.String@5000016f)
ARR 5000332e (sz=32, trace=301501, nelems=0, elem type=char[])
ARR 5000332f (sz=32, trace=301780, nelems=0, elem type=java.lang.String[]@500000cf)
OBJ 50003330 (sz=40, trace=301504, class=java.util.ArrayList$SubList@5000248a)
OBJ 50003331 (sz=40, trace=301506, class=java.util.ArrayList$SubList$1@5000248d)
ARR 50003332 (sz=32, trace=301781, nelems=0, elem type=char[])
OBJ 50003333 (sz=32, trace=301535, class=sun.misc.FloatingDecimal$ASCIIToBinaryBuffer@500024ac)
ARR 50003334 (sz=32, trace=301782, nelems=0, elem type=char[])
OBJ 50003335 (sz=32, trace=301537, class=Point@5000255b)
OBJ 50003336 (sz=32, trace=301535, class=sun.misc.FloatingDecimal$ASCIIToBinaryBuffer@500024ac)
OBJ 50003337 (sz=32, trace=301783, class=Point@5000255b)
ARR 50003338 (sz=32, trace=301784, nelems=0, elem type=char[])
OBJ 50003339 (sz=32, trace=301535, class=sun.misc.FloatingDecimal$ASCIIToBinaryBuffer@500024ac)
ARR 5000333a (sz=32, trace=301785, nelems=0, elem type=char[])
OBJ 5000333b (sz=32, trace=301535, class=sun.misc.FloatingDecimal$ASCIIToBinaryBuffer@500024ac)
OBJ 5000333c (sz=32, trace=301786, class=Point@5000255b)
OBJ 5000333d (sz=32, trace=301787, class=Line@50006f05)
OBJ 5000333e (sz=24, trace=301779, class=java.lang.String@5000016f)
ARR 5000333f (sz=88, trace=300326, nelems=0, elem type=char[])
OBJ 50003340 (sz=24, trace=301497, class=java.util.ArrayList@500000c5)
OBJ 50003341 (sz=24, trace=301498, class=java.lang.String@5000016f)
ARR 50003342 (sz=32, trace=301499, nelems=0, elem type=char[])
ARR 50003343 (sz=56, trace=300281, nelems=0, elem type=java.lang.Object[]@5000010a)
OBJ 50003344 (sz=24, trace=301498, class=java.lang.String@5000016f)
OBJ 50003345 (sz=32, trace=301537, class=Point@5000255b)
ARR 50003346 (sz=32, trace=301499, nelems=0, elem type=char[])
OBJ 50003347 (sz=24, trace=301498, class=java.lang.String@5000016f)
ARR 50003348 (sz=32, trace=301499, nelems=0, elem type=char[])
OBJ 50003349 (sz=24, trace=301500, class=java.lang.String@5000016f)
ARR 5000334a (sz=32, trace=301501, nelems=0, elem type=char[])
ARR 5000334b (sz=32, trace=301780, nelems=0, elem type=java.lang.String[]@500000cf)
OBJ 5000334c (sz=40, trace=301504, class=java.util.ArrayList$SubList@5000248a)
OBJ 5000334d (sz=40, trace=301506, class=java.util.ArrayList$SubList$1@5000248d)
ARR 5000334e (sz=32, trace=301781, nelems=0, elem type=char[])
OBJ 5000334f (sz=32, trace=301535, class=sun.misc.FloatingDecimal$ASCIIToBinaryBuffer@500024ac)
ARR 50003350 (sz=32, trace=301782, nelems=0, elem type=char[])
OBJ 50003351 (sz=32, trace=301535, class=sun.misc.FloatingDecimal$ASCIIToBinaryBuffer@500024ac)
OBJ 50003352 (sz=32, trace=301783, class=Point@5000255b)
ARR 50003353 (sz=32, trace=301784, nelems=0, elem type=char[])
OBJ 50003354 (sz=32, trace=301535, class=sun.misc.FloatingDecimal$ASCIIToBinaryBuffer@500024ac)
OBJ 50003355 (sz=32, trace=301537, class=Point@5000255b)
ARR 50003356 (sz=32, trace=301785, nelems=0, elem type=char[])
OBJ 50003357 (sz=32, trace=301535, class=sun.misc.FloatingDecimal$ASCIIToBinaryBuffer@500024ac)
OBJ 50003358 (sz=32, trace=301786, class=Point@5000255b)
OBJ 50003359 (sz=32, trace=301787, class=Line@50006f05)
ARR 5000335a (sz=992, trace=300281, nelems=0, elem type=java.lang.Object[]@5000010a)
OBJ 5000335b (sz=24, trace=301779, class=java.lang.String@5000016f)
ARR 5000335c (sz=88, trace=300326, nelems=0, elem type=char[])
OBJ 5000335d (sz=24, trace=301497, class=java.util.ArrayList@500000c5)
OBJ 5000335e (sz=24, trace=301498, class=java.lang.String@5000016f)
ARR 5000335f (sz=32, trace=301499, nelems=0, elem type=char[])
ARR 50003360 (sz=56, trace=300281, nelems=0, elem type=java.lang.Object[]@5000010a)
OBJ 50003361 (sz=24, trace=301498, class=java.lang.String@5000016f)
ARR 50003362 (sz=32, trace=301499, nelems=0, elem type=char[])
OBJ 50003363 (sz=24, trace=301498, class=java.lang.String@5000016f)
ARR 50003364 (sz=32, trace=301499, nelems=0, elem type=char[])
OBJ 50003365 (sz=32, trace=301537, class=Point@5000255b)
OBJ 50003366 (sz=24, trace=301500, class=java.lang.String@5000016f)
ARR 50003367 (sz=32, trace=301501, nelems=0, elem type=char[])
ARR 50003368 (sz=32, trace=301780, nelems=0, elem type=java.lang.String[]@500000cf)
OBJ 50003369 (sz=40, trace=301504, class=java.util.ArrayList$SubList@5000248a)
OBJ 5000336a (sz=40, trace=301506, class=java.util.ArrayList$SubList$1@5000248d)
ARR 5000336b (sz=32, trace=301781, nelems=0, elem type=char[])
OBJ 5000336c (sz=32, trace=301535, class=sun.misc.FloatingDecimal$ASCIIToBinaryBuffer@500024ac)
ARR 5000336d (sz=32, trace=301782, nelems=0, elem type=char[])
OBJ 5000336e (sz=32, trace=301535, class=sun.misc.FloatingDecimal$ASCIIToBinaryBuffer@500024ac)
OBJ 5000336f (sz=32, trace=301783, class=Point@5000255b)
ARR 50003370 (sz=32, trace=301784, nelems=0, elem type=char[])
OBJ 50003371 (sz=32, trace=301535, class=sun.misc.FloatingDecimal$ASCIIToBinaryBuffer@500024ac)
ARR 50003372 (sz=32, trace=301785, nelems=0, elem type=char[])
OBJ 50003373 (sz=32, trace=301535, class=sun.misc.FloatingDecimal$ASCIIToBinaryBuffer@500024ac)
OBJ 50003374 (sz=32, trace=301786, class=Point@5000255b)
OBJ 50003375 (sz=32, trace=301537, class=Point@5000255b)
OBJ 50003376 (sz=32, trace=301787, class=Line@50006f05)
OBJ 50003377 (sz=24, trace=301779, class=java.lang.String@5000016f)
ARR 50003378 (sz=88, trace=300326, nelems=0, elem type=char[])
OBJ 50003379 (sz=24, trace=301497, class=java.util.ArrayList@500000c5)
OBJ 5000337a (sz=24, trace=301498, class=java.lang.String@5000016f)
ARR 5000337b (sz=32, trace=301499, nelems=0, elem type=char[])
ARR 5000337c (sz=56, trace=300281, nelems=0, elem type=java.lang.Object[]@5000010a)
OBJ 5000337d (sz=24, trace=301498, class=java.lang.String@5000016f)
ARR 5000337e (sz=32, trace=301499, nelems=0, elem type=char[])
OBJ 5000337f (sz=24, trace=301498, class=java.lang.String@5000016f)
ARR 50003380 (sz=32, trace=301499, nelems=0, elem type=char[])
OBJ 50003381 (sz=24, trace=301500, class=java.lang.String@5000016f)
ARR 50003382 (sz=32, trace=301501, nelems=0, elem type=char[])
ARR 50003383 (sz=32, trace=301780, nelems=0, elem type=java.lang.String[]@500000cf)
OBJ 50003384 (sz=40, trace=301504, class=java.util.ArrayList$SubList@5000248a)
OBJ 50003385 (sz=32, trace=301537, class=Point@5000255b)
OBJ 50003386 (sz=40, trace=301506, class=java.util.ArrayList$SubList$1@5000248d)
ARR 50003387 (sz=32, trace=301781, nelems=0, elem type=char[])
OBJ 50003388 (sz=32, trace=301535, class=sun.misc.FloatingDecimal$ASCIIToBinaryBuffer@500024ac)
ARR 50003389 (sz=32, trace=301782, nelems=0, elem type=char[])
OBJ 5000338a (sz=32, trace=301535, class=sun.misc.FloatingDecimal$ASCIIToBinaryBuffer@500024ac)
OBJ 5000338b (sz=32, trace=301783, class=Point@5000255b)
ARR 5000338c (sz=32, trace=301784, nelems=0, elem type=char[])
OBJ 5000338d (sz=32, trace=301535, class=sun.misc.FloatingDecimal$ASCIIToBinaryBuffer@500024ac)
ARR 5000338e (sz=32, trace=301785, nelems=0, elem type=char[])
OBJ 5000338f (sz=32, trace=301535, class=sun.misc.FloatingDecimal$ASCIIToBinaryBuffer@500024ac)
OBJ 50003390 (sz=32, trace=301786, class=Point@5000255b)
OBJ 50003391 (sz=32, trace=301787, class=Line@50006f05)
OBJ 50003392 (sz=24, trace=301779, class=java.lang.String@5000016f)
ARR 50003393 (sz=88, trace=300326, nelems=0, elem type=char[])
OBJ 50003394 (sz=24, trace=301497, class=java.util.ArrayList@500000c5)
OBJ 50003395 (sz=32, trace=301537, class=Point@5000255b)
OBJ 50003396 (sz=24, trace=301498, class=java.lang.String@5000016f)
ARR 50003397 (sz=32, trace=301499, nelems=0, elem type=char[])
ARR 50003398 (sz=56, trace=300281, nelems=0, elem type=java.lang.Object[]@5000010a)
OBJ 50003399 (sz=24, trace=301498, class=java.lang.String@5000016f)
ARR 5000339a (sz=32, trace=301499, nelems=0, elem type=char[])
OBJ 5000339b (sz=24, trace=301498, class=java.lang.String@5000016f)
ARR 5000339c (sz=32, trace=301499, nelems=0, elem type=char[])
OBJ 5000339d (sz=24, trace=301500, class=java.lang.String@5000016f)
ARR 5000339e (sz=32, trace=301501, nelems=0, elem type=char[])
ARR 5000339f (sz=32, trace=301780, nelems=0, elem type=java.lang.String[]@500000cf)
OBJ 500033a0 (sz=40, trace=301504, class=java.util.ArrayList$SubList@5000248a)
OBJ 500033a1 (sz=40, trace=301506, class=java.util.ArrayList$SubList$1@5000248d)
ARR 500033a2 (sz=32, trace=301781, nelems=0, elem type=char[])
OBJ 500033a3 (sz=32, trace=301535, class=sun.misc.FloatingDecimal$ASCIIToBinaryBuffer@500024ac)
ARR 500033a4 (sz=32, trace=301782, nelems=0, elem type=char[])
OBJ 500033a5 (sz=32, trace=301537, class=Point@5000255b)
OBJ 500033a6 (sz=32, trace=301535, class=sun.misc.FloatingDecimal$ASCIIToBinaryBuffer@500024ac)
OBJ 500033a7 (sz=32, trace=301783, class=Point@5000255b)
ARR 500033a8 (sz=32, trace=301784, nelems=0, elem type=char[])
OBJ 500033a9 (sz=32, trace=301535, class=sun.misc.FloatingDecimal$ASCIIToBinaryBuffer@500024ac)
ARR 500033aa (sz=32, trace=301785, nelems=0, elem type=char[])
OBJ 500033ab (sz=32, trace=301535, class=sun.misc.FloatingDecimal$ASCIIToBinaryBuffer@500024ac)
OBJ 500033ac (sz=32, trace=301786, class=Point@5000255b)
OBJ 500033ad (sz=32, trace=301787, class=Line@50006f05)
OBJ 500033ae (sz=24, trace=301779, class=java.lang.String@5000016f)
ARR 500033af (sz=88, trace=300326, nelems=0, elem type=char[])
OBJ 500033b0 (sz=24, trace=301497, class=java.util.ArrayList@500000c5)
OBJ 500033b1 (sz=24, trace=301498, class=java.lang.String@5000016f)
ARR 500033b2 (sz=32, trace=301499, nelems=0, elem type=char[])
ARR 500033b3 (sz=56, trace=300281, nelems=0, elem type=java.lang.Object[]@5000010a)
OBJ 500033b4 (sz=24, trace=301498, class=java.lang.String@5000016f)
OBJ 500033b5 (sz=32, trace=301537, class=Point@5000255b)
ARR 500033b6 (sz=32, trace=301499, nelems=0, elem type=char[])
OBJ 500033b7 (sz=24, trace=301498, class=java.lang.String@5000016f)
ARR 500033b8 (sz=32, trace=301499, nelems=0, elem type=char[])
OBJ 500033b9 (sz=24, trace=301500, class=java.lang.String@5000016f)
ARR 500033ba (sz=32, trace=301501, nelems=0, elem type=char[])
ARR 500033bb (sz=32, trace=301780, nelems=0, elem type=java.lang.String[]@500000cf)
OBJ 500033bc (sz=40, trace=301504, class=java.util.ArrayList$SubList@5000248a)
OBJ 500033bd (sz=40, trace=301506, class=java.util.ArrayList$SubList$1@5000248d)
ARR 500033be (sz=32, trace=301781, nelems=0, elem type=char[])
OBJ 500033bf (sz=32, trace=301535, class=sun.misc.FloatingDecimal$ASCIIToBinaryBuffer@500024ac)
ARR 500033c0 (sz=32, trace=301782, nelems=0, elem type=char[])
OBJ 500033c1 (sz=32, trace=301535, class=sun.misc.FloatingDecimal$ASCIIToBinaryBuffer@500024ac)
OBJ 500033c2 (sz=32, trace=301783, class=Point@5000255b)
ARR 500033c3 (sz=32, trace=301784, nelems=0, elem type=char[])
OBJ 500033c4 (sz=32, trace=301535, class=sun.misc.FloatingDecimal$ASCIIToBinaryBuffer@500024ac)
OBJ 500033c5 (sz=32, trace=301537, class=Point@5000255b)
ARR 500033c6 (sz=32, trace=301785, nelems=0, elem type=char[])
OBJ 500033c7 (sz=32, trace=301535, class=sun.misc.FloatingDecimal$ASCIIToBinaryBuffer@500024ac)
OBJ 500033c8 (sz=32, trace=301786, class=Point@5000255b)
OBJ 500033c9 (sz=32, trace=301787, class=Line@50006f05)
OBJ 500033ca (sz=24, trace=301779, class=java.lang.String@5000016f)
ARR 500033cb (sz=88, trace=300326, nelems=0, elem type=char[])
OBJ 500033cc (sz=24, trace=301497, class=java.util.ArrayList@500000c5)
OBJ 500033cd (sz=24, trace=301498, class=java.lang.String@5000016f)
ARR 500033ce (sz=32, trace=301499, nelems=0, elem type=char[])
ARR 500033cf (sz=56, trace=300281, nelems=0, elem type=java.lang.Object[]@5000010a)
OBJ 500033d0 (sz=24, trace=301498, class=java.lang.String@5000016f)
ARR 500033d1 (sz=32, trace=301499, nelems=0, elem type=char[])
OBJ 500033d2 (sz=24, trace=301498, class=java.lang.String@5000016f)
ARR 500033d3 (sz=32, trace=301499, nelems=0, elem type=char[])
OBJ 500033d4 (sz=24, trace=301500, class=java.lang.String@5000016f)
OBJ 500033d5 (sz=32, trace=301537, class=Point@5000255b)
ARR 500033d6 (sz=32, trace=301501, nelems=0, elem type=char[])
ARR 500033d7 (sz=32, trace=301780, nelems=0, elem type=java.lang.String[]@500000cf)
OBJ 500033d8 (sz=40, trace=301504, class=java.util.ArrayList$SubList@5000248a)
OBJ 500033d9 (sz=40, trace=301506, class=java.util.ArrayList$SubList$1@5000248d)
ARR 500033da (sz=32, trace=301781, nelems=0, elem type=char[])
OBJ 500033db (sz=32, trace=301535, class=sun.misc.FloatingDecimal$ASCIIToBinaryBuffer@500024ac)
ARR 500033dc (sz=32, trace=301782, nelems=0, elem type=char[])
OBJ 500033dd (sz=32, trace=301535, class=sun.misc.FloatingDecimal$ASCIIToBinaryBuffer@500024ac)
OBJ 500033de (sz=32, trace=301783, class=Point@5000255b)
ARR 500033df (sz=32, trace=301784, nelems=0, elem type=char[])
OBJ 500033e0 (sz=32, trace=301535, class=sun.misc.FloatingDecimal$ASCIIToBinaryBuffer@500024ac)
ARR 500033e1 (sz=32, trace=301785, nelems=0, elem type=char[])
OBJ 500033e2 (sz=32, trace=301535, class=sun.misc.FloatingDecimal$ASCIIToBinaryBuffer@500024ac)
OBJ 500033e3 (sz=32, trace=301786, class=Point@5000255b)
OBJ 500033e4 (sz=32, trace=301787, class=Line@50006f05)
OBJ 500033e5 (sz=32, trace=301537, class=Point@5000255b)
OBJ 500033e6 (sz=24, trace=301779, class=java.lang.String@5000016f)
ARR 500033e7 (sz=88, trace=300326, nelems=0, elem type=char[])
OBJ 500033e8 (sz=24, trace=301497, class=java.util.ArrayList@500000c5)
OBJ 500033e9 (sz=24, trace=301498, class=java.lang.String@5000016f)
ARR 500033ea (sz=32, trace=301499, nelems=0, elem type=char[])
ARR 500033eb (sz=56, trace=300281, nelems=0, elem type=java.lang.Object[]@5000010a)
OBJ 500033ec (sz=24, trace=301498, class=java.lang.String@5000016f)
ARR 500033ed (sz=32, trace=301499, nelems=0, elem type=char[])
OBJ 500033ee (sz=24, trace=301498, class=java.lang.String@5000016f)
ARR 500033ef (sz=32, trace=301499, nelems=0, elem type=char[])
OBJ 500033f0 (sz=24, trace=301500, class=java.lang.String@5000016f)
ARR 500033f1 (sz=32, trace=301501, nelems=0, elem type=char[])
ARR 500033f2 (sz=32, trace=301780, nelems=0, elem type=java.lang.String[]@500000cf)
OBJ 500033f3 (sz=40, trace=301504, class=java.util.ArrayList$SubList@5000248a)
OBJ 500033f4 (sz=40, trace=301506, class=java.util.ArrayList$SubList$1@5000248d)
OBJ 500033f5 (sz=32, trace=301537, class=Point@5000255b)
ARR 500033f6 (sz=32, trace=301781, nelems=0, elem type=char[])
OBJ 500033f7 (sz=32, trace=301535, class=sun.misc.FloatingDecimal$ASCIIToBinaryBuffer@500024ac)
ARR 500033f8 (sz=32, trace=301782, nelems=0, elem type=char[])
OBJ 500033f9 (sz=32, trace=301535, class=sun.misc.FloatingDecimal$ASCIIToBinaryBuffer@500024ac)
OBJ 500033fa (sz=32, trace=301783, class=Point@5000255b)
ARR 500033fb (sz=32, trace=301784, nelems=0, elem type=char[])
OBJ 500033fc (sz=32, trace=301535, class=sun.misc.FloatingDecimal$ASCIIToBinaryBuffer@500024ac)
ARR 500033fd (sz=32, trace=301785, nelems=0, elem type=char[])
OBJ 500033fe (sz=32, trace=301535, class=sun.misc.FloatingDecimal$ASCIIToBinaryBuffer@500024ac)
OBJ 500033ff (sz=32, trace=301786, class=Point@5000255b)
OBJ 50003400 (sz=32, trace=301787, class=Line@50006f05)
OBJ 50003401 (sz=24, trace=301779, class=java.lang.String@5000016f)
ARR 50003402 (sz=88, trace=300326, nelems=0, elem type=char[])
OBJ 50003403 (sz=24, trace=301497, class=java.util.ArrayList@500000c5)
OBJ 50003404 (sz=24, trace=301498, class=java.lang.String@5000016f)
OBJ 50003405 (sz=32, trace=301537, class=Point@5000255b)
ARR 50003406 (sz=32, trace=301499, nelems=0, elem type=char[])
ARR 50003407 (sz=56, trace=300281, nelems=0, elem type=java.lang.Object[]@5000010a)
OBJ 50003408 (sz=24, trace=301498, class=java.lang.String@5000016f)
ARR 50003409 (sz=32, trace=301499, nelems=0, elem type=char[])
OBJ 5000340a (sz=24, trace=301498, class=java.lang.String@5000016f)
ARR 5000340b (sz=32, trace=301499, nelems=0, elem type=char[])
OBJ 5000340c (sz=24, trace=301500, class=java.lang.String@5000016f)
ARR 5000340d (sz=32, trace=301501, nelems=0, elem type=char[])
ARR 5000340e (sz=32, trace=301780, nelems=0, elem type=java.lang.String[]@500000cf)
OBJ 5000340f (sz=40, trace=301504, class=java.util.ArrayList$SubList@5000248a)
OBJ 50003410 (sz=40, trace=301506, class=java.util.ArrayList$SubList$1@5000248d)
ARR 50003411 (sz=32, trace=301781, nelems=0, elem type=char[])
OBJ 50003412 (sz=32, trace=301535, class=sun.misc.FloatingDecimal$ASCIIToBinaryBuffer@500024ac)
ARR 50003413 (sz=32, trace=301782, nelems=0, elem type=char[])
OBJ 50003414 (sz=32, trace=301535, class=sun.misc.FloatingDecimal$ASCIIToBinaryBuffer@500024ac)
OBJ 50003415 (sz=32, trace=301537, class=Point@5000255b)
OBJ 50003416 (sz=32, trace=301783, class=Point@5000255b)
ARR 50003417 (sz=32, trace=301784, nelems=0, elem type=char[])
OBJ 50003418 (sz=32, trace=301535, class=sun.misc.FloatingDecimal$ASCIIToBinaryBuffer@500024ac)
ARR 50003419 (sz=32, trace=301785, nelems=0, elem type=char[])
OBJ 5000341a (sz=32, trace=301535, class=sun.misc.FloatingDecimal$ASCIIToBinaryBuffer@500024ac)
OBJ 5000341b (sz=32, trace=301786, class=Point@5000255b)
OBJ 5000341c (sz=32, trace=301787, class=Line@50006f05)
OBJ 5000341d (sz=24, trace=301779, class=java.lang.String@5000016f)
ARR 5000341e (sz=88, trace=300326, nelems=0, elem type=char[])
OBJ 5000341f (sz=24, trace=301497, class=java.util.ArrayList@500000c5)
OBJ 50003420 (sz=24, trace=301498, class=java.lang.String@5000016f)
ARR 50003421 (sz=32, trace=301499, nelems=0, elem type=char[])
ARR 50003422 (sz=56, trace=300281, nelems=0, elem type=java.lang.Object[]@5000010a)
OBJ 50003423 (sz=24, trace=301498, class=java.lang.String@5000016f)
ARR 50003424 (sz=32, trace=301499, nelems=0, elem type=char[])
OBJ 50003425 (sz=32, trace=301537, class=Point@5000255b)
OBJ 50003426 (sz=24, trace=301498, class=java.lang.String@5000016f)
ARR 50003427 (sz=32, trace=301499, nelems=0, elem type=char[])
OBJ 50003428 (sz=24, trace=301500, class=java.lang.String@5000016f)
ARR 50003429 (sz=32, trace=301501, nelems=0, elem type=char[])
ARR 5000342a (sz=32, trace=301780, nelems=0, elem type=java.lang.String[]@500000cf)
OBJ 5000342b (sz=40, trace=301504, class=java.util.ArrayList$SubList@5000248a)
OBJ 5000342c (sz=40, trace=301506, class=java.util.ArrayList$SubList$1@5000248d)
ARR 5000342d (sz=32, trace=301781, nelems=0, elem type=char[])
OBJ 5000342e (sz=32, trace=301535, class=sun.misc.FloatingDecimal$ASCIIToBinaryBuffer@500024ac)
ARR 5000342f (sz=32, trace=301782, nelems=0, elem type=char[])
OBJ 50003430 (sz=32, trace=301535, class=sun.misc.FloatingDecimal$ASCIIToBinaryBuffer@500024ac)
OBJ 50003431 (sz=32, trace=301783, class=Point@5000255b)
ARR 50003432 (sz=32, trace=301784, nelems=0, elem type=char[])
OBJ 50003433 (sz=32, trace=301535, class=sun.misc.FloatingDecimal$ASCIIToBinaryBuffer@500024ac)
ARR 50003434 (sz=32, trace=301785, nelems=0, elem type=char[])
OBJ 50003435 (sz=32, trace=301537, class=Point@5000255b)
OBJ 50003436 (sz=32, trace=301535, class=sun.misc.FloatingDecimal$ASCIIToBinaryBuffer@500024ac)
OBJ 50003437 (sz=32, trace=301786, class=Point@5000255b)
OBJ 50003438 (sz=32, trace=301787, class=Line@50006f05)
OBJ 50003439 (sz=24, trace=301779, class=java.lang.String@5000016f)
ARR 5000343a (sz=88, trace=300326, nelems=0, elem type=char[])
OBJ 5000343b (sz=24, trace=301497, class=java.util.ArrayList@500000c5)
OBJ 5000343c (sz=24, trace=301498, class=java.lang.String@5000016f)
ARR 5000343d (sz=32, trace=301499, nelems=0, elem type=char[])
ARR 5000343e (sz=56, trace=300281, nelems=0, elem type=java.lang.Object[]@5000010a)
OBJ 5000343f (sz=24, trace=301498, class=java.lang.String@5000016f)
ARR 50003440 (sz=32, trace=301499, nelems=0, elem type=char[])
OBJ 50003441 (sz=24, trace=301498, class=java.lang.String@5000016f)
ARR 50003442 (sz=32, trace=301499, nelems=0, elem type=char[])
OBJ 50003443 (sz=24, trace=301500, class=java.lang.String@5000016f)
ARR 50003444 (sz=32, trace=301501, nelems=0, elem type=char[])
OBJ 50003445 (sz=32, trace=301537, class=Point@5000255b)
ARR 50003446 (sz=32, trace=301780, nelems=0, elem type=java.lang.String[]@500000cf)
OBJ 50003447 (sz=40, trace=301504, class=java.util.ArrayList$SubList@5000248a)
OBJ 50003448 (sz=40, trace=301506, class=java.util.ArrayList$SubList$1@5000248d)
ARR 50003449 (sz=32, trace=301781, nelems=0, elem type=char[])
OBJ 5000344a (sz=32, trace=301535, class=sun.misc.FloatingDecimal$ASCIIToBinaryBuffer@500024ac)
ARR 5000344b (sz=32, trace=301782, nelems=0, elem type=char[])
OBJ 5000344c (sz=32, trace=301535, class=sun.misc.FloatingDecimal$ASCIIToBinaryBuffer@500024ac)
OBJ 5000344d (sz=32, trace=301783, class=Point@5000255b)
ARR 5000344e (sz=32, trace=301784, nelems=0, elem type=char[])
OBJ 5000344f (sz=32, trace=301535, class=sun.misc.FloatingDecimal$ASCIIToBinaryBuffer@500024ac)
ARR 50003450 (sz=32, trace=301785, nelems=0, elem type=char[])
OBJ 50003451 (sz=32, trace=301535, class=sun.misc.FloatingDecimal$ASCIIToBinaryBuffer@500024ac)
OBJ 50003452 (sz=32, trace=301786, class=Point@5000255b)
OBJ 50003453 (sz=32, trace=301787, class=Line@50006f05)
OBJ 50003454 (sz=24, trace=301779, class=java.lang.String@5000016f)
OBJ 50003455 (sz=32, trace=301537, class=Point@5000255b)
ARR 50003456 (sz=88, trace=300326, nelems=0, elem type=char[])
OBJ 50003457 (sz=24, trace=301497, class=java.util.ArrayList@500000c5)
OBJ 50003458 (sz=24, trace=301498, class=java.lang.String@5000016f)
ARR 50003459 (sz=32, trace=301499, nelems=0, elem type=char[])
ARR 5000345a (sz=56, trace=300281, nelems=0, elem type=java.lang.Object[]@5000010a)
OBJ 5000345b (sz=24, trace=301498, class=java.lang.String@5000016f)
ARR 5000345c (sz=32, trace=301499, nelems=0, elem type=char[])
OBJ 5000345d (sz=24, trace=301498, class=java.lang.String@5000016f)
ARR 5000345e (sz=32, trace=301499, nelems=0, elem type=char[])
OBJ 5000345f (sz=24, trace=301500, class=java.lang.String@5000016f)
ARR 50003460 (sz=32, trace=301501, nelems=0, elem type=char[])
ARR 50003461 (sz=32, trace=301780, nelems=0, elem type=java.lang.String[]@500000cf)
OBJ 50003462 (sz=40, trace=301504, class=java.util.ArrayList$SubList@5000248a)
OBJ 50003463 (sz=40, trace=301506, class=java.util.ArrayList$SubList$1@5000248d)
ARR 50003464 (sz=32, trace=301781, nelems=0, elem type=char[])
OBJ 50003465 (sz=32, trace=301537, class=Point@5000255b)
OBJ 50003466 (sz=32, trace=301535, class=sun.misc.FloatingDecimal$ASCIIToBinaryBuffer@500024ac)
ARR 50003467 (sz=32, trace=301782, nelems=0, elem type=char[])
OBJ 50003468 (sz=32, trace=301535, class=sun.misc.FloatingDecimal$ASCIIToBinaryBuffer@500024ac)
OBJ 50003469 (sz=32, trace=301783, class=Point@5000255b)
ARR 5000346a (sz=32, trace=301784, nelems=0, elem type=char[])
OBJ 5000346b (sz=32, trace=301535, class=sun.misc.FloatingDecimal$ASCIIToBinaryBuffer@500024ac)
ARR 5000346c (sz=32, trace=301785, nelems=0, elem type=char[])
OBJ 5000346d (sz=32, trace=301535, class=sun.misc.FloatingDecimal$ASCIIToBinaryBuffer@500024ac)
OBJ 5000346e (sz=32, trace=301786, class=Point@5000255b)
OBJ 5000346f (sz=32, trace=301787, class=Line@50006f05)
OBJ 50003470 (sz=24, trace=301779, class=java.lang.String@5000016f)
ARR 50003471 (sz=88, trace=300326, nelems=0, elem type=char[])
OBJ 50003472 (sz=24, trace=301497, class=java.util.ArrayList@500000c5)
OBJ 50003473 (sz=24, trace=301498, class=java.lang.String@5000016f)
ARR 50003474 (sz=32, trace=301499, nelems=0, elem type=char[])
OBJ 50003475 (sz=32, trace=301537, class=Point@5000255b)
ARR 50003476 (sz=56, trace=300281, nelems=0, elem type=java.lang.Object[]@5000010a)
OBJ 50003477 (sz=24, trace=301498, class=java.lang.String@5000016f)
ARR 50003478 (sz=32, trace=301499, nelems=0, elem type=char[])
OBJ 50003479 (sz=24, trace=301498, class=java.lang.String@5000016f)
ARR 5000347a (sz=32, trace=301499, nelems=0, elem type=char[])
OBJ 5000347b (sz=24, trace=301500, class=java.lang.String@5000016f)
ARR 5000347c (sz=32, trace=301501, nelems=0, elem type=char[])
ARR 5000347d (sz=32, trace=301780, nelems=0, elem type=java.lang.String[]@500000cf)
OBJ 5000347e (sz=40, trace=301504, class=java.util.ArrayList$SubList@5000248a)
OBJ 5000347f (sz=40, trace=301506, class=java.util.ArrayList$SubList$1@5000248d)
ARR 50003480 (sz=32, trace=301781, nelems=0, elem type=char[])
OBJ 50003481 (sz=32, trace=301535, class=sun.misc.FloatingDecimal$ASCIIToBinaryBuffer@500024ac)
ARR 50003482 (sz=32, trace=301782, nelems=0, elem type=char[])
OBJ 50003483 (sz=32, trace=301535, class=sun.misc.FloatingDecimal$ASCIIToBinaryBuffer@500024ac)
OBJ 50003484 (sz=32, trace=301783, class=Point@5000255b)
OBJ 50003485 (sz=32, trace=301537, class=Point@5000255b)
ARR 50003486 (sz=32, trace=301784, nelems=0, elem type=char[])
OBJ 50003487 (sz=32, trace=301535, class=sun.misc.FloatingDecimal$ASCIIToBinaryBuffer@500024ac)
ARR 50003488 (sz=32, trace=301785, nelems=0, elem type=char[])
OBJ 50003489 (sz=32, trace=301535, class=sun.misc.FloatingDecimal$ASCIIToBinaryBuffer@500024ac)
OBJ 5000348a (sz=32, trace=301786, class=Point@5000255b)
OBJ 5000348b (sz=32, trace=301787, class=Line@50006f05)
OBJ 5000348c (sz=24, trace=301779, class=java.lang.String@5000016f)
ARR 5000348d (sz=88, trace=300326, nelems=0, elem type=char[])
OBJ 5000348e (sz=24, trace=301497, class=java.util.ArrayList@500000c5)
OBJ 5000348f (sz=24, trace=301498, class=java.lang.String@5000016f)
ARR 50003490 (sz=32, trace=301499, nelems=0, elem type=char[])
ARR 50003491 (sz=56, trace=300281, nelems=0, elem type=java.lang.Object[]@5000010a)
OBJ 50003492 (sz=24, trace=301498, class=java.lang.String@5000016f)
ARR 50003493 (sz=32, trace=301499, nelems=0, elem type=char[])
OBJ 50003494 (sz=24, trace=301498, class=java.lang.String@5000016f)
OBJ 50003495 (sz=32, trace=301537, class=Point@5000255b)
ARR 50003496 (sz=32, trace=301499, nelems=0, elem type=char[])
OBJ 50003497 (sz=24, trace=301500, class=java.lang.String@5000016f)
ARR 50003498 (sz=32, trace=301501, nelems=0, elem type=char[])
ARR 50003499 (sz=32, trace=301780, nelems=0, elem type=java.lang.String[]@500000cf)
OBJ 5000349a (sz=40, trace=301504, class=java.util.ArrayList$SubList@5000248a)
OBJ 5000349b (sz=40, trace=301506, class=java.util.ArrayList$SubList$1@5000248d)
ARR 5000349c (sz=32, trace=301781, nelems=0, elem type=char[])
OBJ 5000349d (sz=32, trace=301535, class=sun.misc.FloatingDecimal$ASCIIToBinaryBuffer@500024ac)
ARR 5000349e (sz=32, trace=301782, nelems=0, elem type=char[])
OBJ 5000349f (sz=32, trace=301535, class=sun.misc.FloatingDecimal$ASCIIToBinaryBuffer@500024ac)
OBJ 500034a0 (sz=32, trace=301783, class=Point@5000255b)
ARR 500034a1 (sz=32, trace=301784, nelems=0, elem type=char[])
OBJ 500034a2 (sz=32, trace=301535, class=sun.misc.FloatingDecimal$ASCIIToBinaryBuffer@500024ac)
ARR 500034a3 (sz=32, trace=301785, nelems=0, elem type=char[])
OBJ 500034a4 (sz=32, trace=301535, class=sun.misc.FloatingDecimal$ASCIIToBinaryBuffer@500024ac)
OBJ 500034a5 (sz=32, trace=301537, class=Point@5000255b)
OBJ 500034a6 (sz=32, trace=301786, class=Point@5000255b)
OBJ 500034a7 (sz=32, trace=301787, class=Line@50006f05)
OBJ 500034a8 (sz=24, trace=301779, class=java.lang.String@5000016f)
ARR 500034a9 (sz=88, trace=300326, nelems=0, elem type=char[])
OBJ 500034aa (sz=24, trace=301497, class=java.util.ArrayList@500000c5)
OBJ 500034ab (sz=24, trace=301498, class=java.lang.String@5000016f)
ARR 500034ac (sz=32, trace=301499, nelems=0, elem type=char[])
ARR 500034ad (sz=56, trace=300281, nelems=0, elem type=java.lang.Object[]@5000010a)
OBJ 500034ae (sz=24, trace=301498, class=java.lang.String@5000016f)
ARR 500034af (sz=32, trace=301499, nelems=0, elem type=char[])
OBJ 500034b0 (sz=24, trace=301498, class=java.lang.String@5000016f)
ARR 500034b1 (sz=32, trace=301499, nelems=0, elem type=char[])
OBJ 500034b2 (sz=24, trace=301500, class=java.lang.String@5000016f)
ARR 500034b3 (sz=32, trace=301501, nelems=0, elem type=char[])
ARR 500034b4 (sz=32, trace=301780, nelems=0, elem type=java.lang.String[]@500000cf)
OBJ 500034b5 (sz=40, trace=301504, class=java.util.ArrayList$SubList@5000248a)
OBJ 500034b6 (sz=32, trace=301537, class=Point@5000255b)
OBJ 500034b7 (sz=40, trace=301506, class=java.util.ArrayList$SubList$1@5000248d)
ARR 500034b8 (sz=32, trace=301781, nelems=0, elem type=char[])
OBJ 500034b9 (sz=32, trace=301535, class=sun.misc.FloatingDecimal$ASCIIToBinaryBuffer@500024ac)
ARR 500034ba (sz=32, trace=301782, nelems=0, elem type=char[])
OBJ 500034bb (sz=32, trace=301535, class=sun.misc.FloatingDecimal$ASCIIToBinaryBuffer@500024ac)
OBJ 500034bc (sz=32, trace=301783, class=Point@5000255b)
ARR 500034bd (sz=32, trace=301784, nelems=0, elem type=char[])
OBJ 500034be (sz=32, trace=301535, class=sun.misc.FloatingDecimal$ASCIIToBinaryBuffer@500024ac)
ARR 500034bf (sz=32, trace=301785, nelems=0, elem type=char[])
OBJ 500034c0 (sz=32, trace=301535, class=sun.misc.FloatingDecimal$ASCIIToBinaryBuffer@500024ac)
OBJ 500034c1 (sz=32, trace=301786, class=Point@5000255b)
OBJ 500034c2 (sz=32, trace=301787, class=Line@50006f05)
OBJ 500034c3 (sz=24, trace=301779, class=java.lang.String@5000016f)
ARR 500034c4 (sz=88, trace=300326, nelems=0, elem type=char[])
OBJ 500034c5 (sz=24, trace=301497, class=java.util.ArrayList@500000c5)
OBJ 500034c6 (sz=32, trace=301537, class=Point@5000255b)
OBJ 500034c7 (sz=24, trace=301498, class=java.lang.String@5000016f)
ARR 500034c8 (sz=32, trace=301499, nelems=0, elem type=char[])
ARR 500034c9 (sz=56, trace=300281, nelems=0, elem type=java.lang.Object[]@5000010a)
OBJ 500034ca (sz=24, trace=301498, class=java.lang.String@5000016f)
ARR 500034cb (sz=32, trace=301499, nelems=0, elem type=char[])
OBJ 500034cc (sz=24, trace=301498, class=java.lang.String@5000016f)
ARR 500034cd (sz=32, trace=301499, nelems=0, elem type=char[])
OBJ 500034ce (sz=24, trace=301500, class=java.lang.String@5000016f)
ARR 500034cf (sz=32, trace=301501, nelems=0, elem type=char[])
ARR 500034d0 (sz=32, trace=301780, nelems=0, elem type=java.lang.String[]@500000cf)
OBJ 500034d1 (sz=40, trace=301504, class=java.util.ArrayList$SubList@5000248a)
OBJ 500034d2 (sz=40, trace=301506, class=java.util.ArrayList$SubList$1@5000248d)
ARR 500034d3 (sz=32, trace=301781, nelems=0, elem type=char[])
OBJ 500034d4 (sz=32, trace=301535, class=sun.misc.FloatingDecimal$ASCIIToBinaryBuffer@500024ac)
ARR 500034d5 (sz=32, trace=301782, nelems=0, elem type=char[])
OBJ 500034d6 (sz=32, trace=301537, class=Point@5000255b)
OBJ 500034d7 (sz=32, trace=301535, class=sun.misc.FloatingDecimal$ASCIIToBinaryBuffer@500024ac)
OBJ 500034d8 (sz=32, trace=301783, class=Point@5000255b)
ARR 500034d9 (sz=32, trace=301784, nelems=0, elem type=char[])
OBJ 500034da (sz=32, trace=301535, class=sun.misc.FloatingDecimal$ASCIIToBinaryBuffer@500024ac)
ARR 500034db (sz=32, trace=301785, nelems=0, elem type=char[])
OBJ 500034dc (sz=32, trace=301535, class=sun.misc.FloatingDecimal$ASCIIToBinaryBuffer@500024ac)
OBJ 500034dd (sz=32, trace=301786, class=Point@5000255b)
OBJ 500034de (sz=32, trace=301787, class=Line@50006f05)
OBJ 500034df (sz=24, trace=301779, class=java.lang.String@5000016f)
ARR 500034e0 (sz=88, trace=300326, nelems=0, elem type=char[])
OBJ 500034e1 (sz=24, trace=301497, class=java.util.ArrayList@500000c5)
OBJ 500034e2 (sz=24, trace=301498, class=java.lang.String@5000016f)
ARR 500034e3 (sz=32, trace=301499, nelems=0, elem type=char[])
ARR 500034e4 (sz=56, trace=300281, nelems=0, elem type=java.lang.Object[]@5000010a)
OBJ 500034e5 (sz=24, trace=301498, class=java.lang.String@5000016f)
OBJ 500034e6 (sz=32, trace=301537, class=Point@5000255b)
ARR 500034e7 (sz=32, trace=301499, nelems=0, elem type=char[])
OBJ 500034e8 (sz=24, trace=301498, class=java.lang.String@5000016f)
ARR 500034e9 (sz=32, trace=301499, nelems=0, elem type=char[])
OBJ 500034ea (sz=24, trace=301500, class=java.lang.String@5000016f)
ARR 500034eb (sz=32, trace=301501, nelems=0, elem type=char[])
ARR 500034ec (sz=32, trace=301780, nelems=0, elem type=java.lang.String[]@500000cf)
OBJ 500034ed (sz=40, trace=301504, class=java.util.ArrayList$SubList@5000248a)
OBJ 500034ee (sz=40, trace=301506, class=java.util.ArrayList$SubList$1@5000248d)
ARR 500034ef (sz=32, trace=301781, nelems=0, elem type=char[])
OBJ 500034f0 (sz=32, trace=301535, class=sun.misc.FloatingDecimal$ASCIIToBinaryBuffer@500024ac)
ARR 500034f1 (sz=32, trace=301782, nelems=0, elem type=char[])
OBJ 500034f2 (sz=32, trace=301535, class=sun.misc.FloatingDecimal$ASCIIToBinaryBuffer@500024ac)
OBJ 500034f3 (sz=32, trace=301783, class=Point@5000255b)
ARR 500034f4 (sz=32, trace=301784, nelems=0, elem type=char[])
OBJ 500034f5 (sz=32, trace=301535, class=sun.misc.FloatingDecimal$ASCIIToBinaryBuffer@500024ac)
OBJ 500034f6 (sz=32, trace=301537, class=Point@5000255b)
ARR 500034f7 (sz=32, trace=301785, nelems=0, elem type=char[])
OBJ 500034f8 (sz=32, trace=301535, class=sun.misc.FloatingDecimal$ASCIIToBinaryBuffer@500024ac)
OBJ 500034f9 (sz=32, trace=301786, class=Point@5000255b)
OBJ 500034fa (sz=32, trace=301787, class=Line@50006f05)
OBJ 500034fb (sz=24, trace=301779, class=java.lang.String@5000016f)
ARR 500034fc (sz=88, trace=300326, nelems=0, elem type=char[])
OBJ 500034fd (sz=24, trace=301497, class=java.util.ArrayList@500000c5)
OBJ 500034fe (sz=24, trace=301498, class=java.lang.String@5000016f)
ARR 500034ff (sz=32, trace=301499, nelems=0, elem type=char[])
ARR 50003500 (sz=56, trace=300281, nelems=0, elem type=java.lang.Object[]@5000010a)
OBJ 50003501 (sz=24, trace=301498, class=java.lang.String@5000016f)
ARR 50003502 (sz=32, trace=301499, nelems=0, elem type=char[])
OBJ 50003503 (sz=24, trace=301498, class=java.lang.String@5000016f)
ARR 50003504 (sz=32, trace=301499, nelems=0, elem type=char[])
OBJ 50003505 (sz=24, trace=301500, class=java.lang.String@5000016f)
OBJ 50003506 (sz=32, trace=301537, class=Point@5000255b)
ARR 50003507 (sz=32, trace=301501, nelems=0, elem type=char[])
ARR 50003508 (sz=32, trace=301780, nelems=0, elem type=java.lang.String[]@500000cf)
OBJ 50003509 (sz=40, trace=301504, class=java.util.ArrayList$SubList@5000248a)
OBJ 5000350a (sz=40, trace=301506, class=java.util.ArrayList$SubList$1@5000248d)
ARR 5000350b (sz=32, trace=301781, nelems=0, elem type=char[])
OBJ 5000350c (sz=32, trace=301535, class=sun.misc.FloatingDecimal$ASCIIToBinaryBuffer@500024ac)
ARR 5000350d (sz=32, trace=301782, nelems=0, elem type=char[])
OBJ 5000350e (sz=32, trace=301535, class=sun.misc.FloatingDecimal$ASCIIToBinaryBuffer@500024ac)
OBJ 5000350f (sz=32, trace=301783, class=Point@5000255b)
ARR 50003510 (sz=32, trace=301784, nelems=0, elem type=char[])
OBJ 50003511 (sz=32, trace=301535, class=sun.misc.FloatingDecimal$ASCIIToBinaryBuffer@500024ac)
ARR 50003512 (sz=32, trace=301785, nelems=0, elem type=char[])
OBJ 50003513 (sz=32, trace=301535, class=sun.misc.FloatingDecimal$ASCIIToBinaryBuffer@500024ac)
OBJ 50003514 (sz=32, trace=301786, class=Point@5000255b)
OBJ 50003515 (sz=32, trace=301787, class=Line@50006f05)
OBJ 50003516 (sz=32, trace=301537, class=Point@5000255b)
OBJ 50003517 (sz=24, trace=301779, class=java.lang.String@5000016f)
ARR 50003518 (sz=88, trace=300326, nelems=0, elem type=char[])
OBJ 50003519 (sz=24, trace=301497, class=java.util.ArrayList@500000c5)
OBJ 5000351a (sz=24, trace=301498, class=java.lang.String@5000016f)
ARR 5000351b (sz=32, trace=301499, nelems=0, elem type=char[])
ARR 5000351c (sz=56, trace=300281, nelems=0, elem type=java.lang.Object[]@5000010a)
OBJ 5000351d (sz=24, trace=301498, class=java.lang.String@5000016f)
ARR 5000351e (sz=32, trace=301499, nelems=0, elem type=char[])
OBJ 5000351f (sz=24, trace=301498, class=java.lang.String@5000016f)
ARR 50003520 (sz=32, trace=301499, nelems=0, elem type=char[])
OBJ 50003521 (sz=24, trace=301500, class=java.lang.String@5000016f)
ARR 50003522 (sz=32, trace=301501, nelems=0, elem type=char[])
ARR 50003523 (sz=32, trace=301780, nelems=0, elem type=java.lang.String[]@500000cf)
OBJ 50003524 (sz=40, trace=301504, class=java.util.ArrayList$SubList@5000248a)
OBJ 50003525 (sz=40, trace=301506, class=java.util.ArrayList$SubList$1@5000248d)
OBJ 50003526 (sz=32, trace=301537, class=Point@5000255b)
ARR 50003527 (sz=32, trace=301781, nelems=0, elem type=char[])
OBJ 50003528 (sz=32, trace=301535, class=sun.misc.FloatingDecimal$ASCIIToBinaryBuffer@500024ac)
ARR 50003529 (sz=32, trace=301782, nelems=0, elem type=char[])
OBJ 5000352a (sz=32, trace=301535, class=sun.misc.FloatingDecimal$ASCIIToBinaryBuffer@500024ac)
OBJ 5000352b (sz=32, trace=301783, class=Point@5000255b)
ARR 5000352c (sz=32, trace=301784, nelems=0, elem type=char[])
OBJ 5000352d (sz=32, trace=301535, class=sun.misc.FloatingDecimal$ASCIIToBinaryBuffer@500024ac)
ARR 5000352e (sz=32, trace=301785, nelems=0, elem type=char[])
OBJ 5000352f (sz=32, trace=301535, class=sun.misc.FloatingDecimal$ASCIIToBinaryBuffer@500024ac)
OBJ 50003530 (sz=32, trace=301786, class=Point@5000255b)
OBJ 50003531 (sz=32, trace=301787, class=Line@50006f05)
OBJ 50003532 (sz=24, trace=301779, class=java.lang.String@5000016f)
ARR 50003533 (sz=88, trace=300326, nelems=0, elem type=char[])
OBJ 50003534 (sz=24, trace=301497, class=java.util.ArrayList@500000c5)
OBJ 50003535 (sz=24, trace=301498, class=java.lang.String@5000016f)
OBJ 50003536 (sz=32, trace=301537, class=Point@5000255b)
ARR 50003537 (sz=32, trace=301499, nelems=0, elem type=char[])
ARR 50003538 (sz=56, trace=300281, nelems=0, elem type=java.lang.Object[]@5000010a)
OBJ 50003539 (sz=24, trace=301498, class=java.lang.String@5000016f)
ARR 5000353a (sz=32, trace=301499, nelems=0, elem type=char[])
OBJ 5000353b (sz=24, trace=301498, class=java.lang.String@5000016f)
ARR 5000353c (sz=32, trace=301499, nelems=0, elem type=char[])
OBJ 5000353d (sz=24, trace=301500, class=java.lang.String@5000016f)
ARR 5000353e (sz=32, trace=301501, nelems=0, elem type=char[])
ARR 5000353f (sz=32, trace=301780, nelems=0, elem type=java.lang.String[]@500000cf)
OBJ 50003540 (sz=40, trace=301504, class=java.util.ArrayList$SubList@5000248a)
OBJ 50003541 (sz=40, trace=301506, class=java.util.ArrayList$SubList$1@5000248d)
ARR 50003542 (sz=32, trace=301781, nelems=0, elem type=char[])
OBJ 50003543 (sz=32, trace=301535, class=sun.misc.FloatingDecimal$ASCIIToBinaryBuffer@500024ac)
ARR 50003544 (sz=32, trace=301782, nelems=0, elem type=char[])
OBJ 50003545 (sz=32, trace=301535, class=sun.misc.FloatingDecimal$ASCIIToBinaryBuffer@500024ac)
OBJ 50003546 (sz=32, trace=301537, class=Point@5000255b)
OBJ 50003547 (sz=32, trace=301783, class=Point@5000255b)
ARR 50003548 (sz=32, trace=301784, nelems=0, elem type=char[])
OBJ 50003549 (sz=32, trace=301535, class=sun.misc.FloatingDecimal$ASCIIToBinaryBuffer@500024ac)
ARR 5000354a (sz=32, trace=301785, nelems=0, elem type=char[])
OBJ 5000354b (sz=32, trace=301535, class=sun.misc.FloatingDecimal$ASCIIToBinaryBuffer@500024ac)
OBJ 5000354c (sz=32, trace=301786, class=Point@5000255b)
OBJ 5000354d (sz=32, trace=301787, class=Line@50006f05)
OBJ 5000354e (sz=24, trace=301779, class=java.lang.String@5000016f)
ARR 5000354f (sz=88, trace=300326, nelems=0, elem type=char[])
OBJ 50003550 (sz=24, trace=301497, class=java.util.ArrayList@500000c5)
OBJ 50003551 (sz=24, trace=301498, class=java.lang.String@5000016f)
ARR 50003552 (sz=32, trace=301499, nelems=0, elem type=char[])
ARR 50003553 (sz=56, trace=300281, nelems=0, elem type=java.lang.Object[]@5000010a)
OBJ 50003554 (sz=24, trace=301498, class=java.lang.String@5000016f)
ARR 50003555 (sz=32, trace=301499, nelems=0, elem type=char[])
OBJ 50003556 (sz=32, trace=301537, class=Point@5000255b)
OBJ 50003557 (sz=24, trace=301498, class=java.lang.String@5000016f)
ARR 50003558 (sz=32, trace=301499, nelems=0, elem type=char[])
OBJ 50003559 (sz=24, trace=301500, class=java.lang.String@5000016f)
ARR 5000355a (sz=32, trace=301501, nelems=0, elem type=char[])
ARR 5000355b (sz=32, trace=301780, nelems=0, elem type=java.lang.String[]@500000cf)
OBJ 5000355c (sz=40, trace=301504, class=java.util.ArrayList$SubList@5000248a)
OBJ 5000355d (sz=40, trace=301506, class=java.util.ArrayList$SubList$1@5000248d)
ARR 5000355e (sz=32, trace=301781, nelems=0, elem type=char[])
OBJ 5000355f (sz=32, trace=301535, class=sun.misc.FloatingDecimal$ASCIIToBinaryBuffer@500024ac)
ARR 50003560 (sz=32, trace=301782, nelems=0, elem type=char[])
OBJ 50003561 (sz=32, trace=301535, class=sun.misc.FloatingDecimal$ASCIIToBinaryBuffer@500024ac)
OBJ 50003562 (sz=32, trace=301783, class=Point@5000255b)
ARR 50003563 (sz=32, trace=301784, nelems=0, elem type=char[])
OBJ 50003564 (sz=32, trace=301535, class=sun.misc.FloatingDecimal$ASCIIToBinaryBuffer@500024ac)
ARR 50003565 (sz=32, trace=301785, nelems=0, elem type=char[])
OBJ 50003566 (sz=32, trace=301537, class=Point@5000255b)
OBJ 50003567 (sz=32, trace=301535, class=sun.misc.FloatingDecimal$ASCIIToBinaryBuffer@500024ac)
OBJ 50003568 (sz=32, trace=301786, class=Point@5000255b)
OBJ 50003569 (sz=32, trace=301787, class=Line@50006f05)
OBJ 5000356a (sz=24, trace=301779, class=java.lang.String@5000016f)
ARR 5000356b (sz=88, trace=300326, nelems=0, elem type=char[])
OBJ 5000356c (sz=24, trace=301497, class=java.util.ArrayList@500000c5)
OBJ 5000356d (sz=24, trace=301498, class=java.lang.String@5000016f)
ARR 5000356e (sz=32, trace=301499, nelems=0, elem type=char[])
ARR 5000356f (sz=56, trace=300281, nelems=0, elem type=java.lang.Object[]@5000010a)
OBJ 50003570 (sz=24, trace=301498, class=java.lang.String@5000016f)
ARR 50003571 (sz=32, trace=301499, nelems=0, elem type=char[])
OBJ 50003572 (sz=24, trace=301498, class=java.lang.String@5000016f)
ARR 50003573 (sz=32, trace=301499, nelems=0, elem type=char[])
OBJ 50003574 (sz=24, trace=301500, class=java.lang.String@5000016f)
ARR 50003575 (sz=32, trace=301501, nelems=0, elem type=char[])
OBJ 50003576 (sz=32, trace=301537, class=Point@5000255b)
ARR 50003577 (sz=32, trace=301780, nelems=0, elem type=java.lang.String[]@500000cf)
OBJ 50003578 (sz=40, trace=301504, class=java.util.ArrayList$SubList@5000248a)
OBJ 50003579 (sz=40, trace=301506, class=java.util.ArrayList$SubList$1@5000248d)
ARR 5000357a (sz=32, trace=301781, nelems=0, elem type=char[])
OBJ 5000357b (sz=32, trace=301535, class=sun.misc.FloatingDecimal$ASCIIToBinaryBuffer@500024ac)
ARR 5000357c (sz=32, trace=301782, nelems=0, elem type=char[])
OBJ 5000357d (sz=32, trace=301535, class=sun.misc.FloatingDecimal$ASCIIToBinaryBuffer@500024ac)
OBJ 5000357e (sz=32, trace=301783, class=Point@5000255b)
ARR 5000357f (sz=32, trace=301784, nelems=0, elem type=char[])
OBJ 50003580 (sz=32, trace=301535, class=sun.misc.FloatingDecimal$ASCIIToBinaryBuffer@500024ac)
ARR 50003581 (sz=32, trace=301785, nelems=0, elem type=char[])
OBJ 50003582 (sz=32, trace=301535, class=sun.misc.FloatingDecimal$ASCIIToBinaryBuffer@500024ac)
OBJ 50003583 (sz=32, trace=301786, class=Point@5000255b)
OBJ 50003584 (sz=32, trace=301787, class=Line@50006f05)
OBJ 50003585 (sz=24, trace=301779, class=java.lang.String@5000016f)
OBJ 50003586 (sz=32, trace=301537, class=Point@5000255b)
ARR 50003587 (sz=88, trace=300326, nelems=0, elem type=char[])
OBJ 50003588 (sz=24, trace=301497, class=java.util.ArrayList@500000c5)
OBJ 50003589 (sz=24, trace=301498, class=java.lang.String@5000016f)
ARR 5000358a (sz=32, trace=301499, nelems=0, elem type=char[])
ARR 5000358b (sz=56, trace=300281, nelems=0, elem type=java.lang.Object[]@5000010a)
OBJ 5000358c (sz=24, trace=301498, class=java.lang.String@5000016f)
ARR 5000358d (sz=32, trace=301499, nelems=0, elem type=char[])
OBJ 5000358e (sz=24, trace=301498, class=java.lang.String@5000016f)
ARR 5000358f (sz=32, trace=301499, nelems=0, elem type=char[])
OBJ 50003590 (sz=24, trace=301500, class=java.lang.String@5000016f)
ARR 50003591 (sz=32, trace=301501, nelems=0, elem type=char[])
ARR 50003592 (sz=32, trace=301780, nelems=0, elem type=java.lang.String[]@500000cf)
OBJ 50003593 (sz=40, trace=301504, class=java.util.ArrayList$SubList@5000248a)
OBJ 50003594 (sz=40, trace=301506, class=java.util.ArrayList$SubList$1@5000248d)
ARR 50003595 (sz=32, trace=301781, nelems=0, elem type=char[])
OBJ 50003596 (sz=32, trace=301537, class=Point@5000255b)
OBJ 50003597 (sz=32, trace=301535, class=sun.misc.FloatingDecimal$ASCIIToBinaryBuffer@500024ac)
ARR 50003598 (sz=32, trace=301782, nelems=0, elem type=char[])
OBJ 50003599 (sz=32, trace=301535, class=sun.misc.FloatingDecimal$ASCIIToBinaryBuffer@500024ac)
OBJ 5000359a (sz=32, trace=301783, class=Point@5000255b)
ARR 5000359b (sz=32, trace=301784, nelems=0, elem type=char[])
OBJ 5000359c (sz=32, trace=301535, class=sun.misc.FloatingDecimal$ASCIIToBinaryBuffer@500024ac)
ARR 5000359d (sz=32, trace=301785, nelems=0, elem type=char[])
OBJ 5000359e (sz=32, trace=301535, class=sun.misc.FloatingDecimal$ASCIIToBinaryBuffer@500024ac)
OBJ 5000359f (sz=32, trace=301786, class=Point@5000255b)
OBJ 500035a0 (sz=32, trace=301787, class=Line@50006f05)
OBJ 500035a1 (sz=24, trace=301779, class=java.lang.String@5000016f)
ARR 500035a2 (sz=88, trace=300326, nelems=0, elem type=char[])
OBJ 500035a3 (sz=24, trace=301497, class=java.util.ArrayList@500000c5)
OBJ 500035a4 (sz=24, trace=301498, class=java.lang.String@5000016f)
ARR 500035a5 (sz=32, trace=301499, nelems=0, elem type=char[])
OBJ 500035a6 (sz=32, trace=301537, class=Point@5000255b)
ARR 500035a7 (sz=56, trace=300281, nelems=0, elem type=java.lang.Object[]@5000010a)
OBJ 500035a8 (sz=24, trace=301498, class=java.lang.String@5000016f)
ARR 500035a9 (sz=32, trace=301499, nelems=0, elem type=char[])
OBJ 500035aa (sz=24, trace=301498, class=java.lang.String@5000016f)
ARR 500035ab (sz=32, trace=301499, nelems=0, elem type=char[])
OBJ 500035ac (sz=24, trace=301500, class=java.lang.String@5000016f)
ARR 500035ad (sz=32, trace=301501, nelems=0, elem type=char[])
ARR 500035ae (sz=32, trace=301780, nelems=0, elem type=java.lang.String[]@500000cf)
OBJ 500035af (sz=40, trace=301504, class=java.util.ArrayList$SubList@5000248a)
OBJ 500035b0 (sz=40, trace=301506, class=java.util.ArrayList$SubList$1@5000248d)
ARR 500035b1 (sz=32, trace=301781, nelems=0, elem type=char[])
OBJ 500035b2 (sz=32, trace=301535, class=sun.misc.FloatingDecimal$ASCIIToBinaryBuffer@500024ac)
ARR 500035b3 (sz=32, trace=301782, nelems=0, elem type=char[])
OBJ 500035b4 (sz=32, trace=301535, class=sun.misc.FloatingDecimal$ASCIIToBinaryBuffer@500024ac)
OBJ 500035b5 (sz=32, trace=301783, class=Point@5000255b)
OBJ 500035b6 (sz=32, trace=301537, class=Point@5000255b)
ARR 500035b7 (sz=32, trace=301784, nelems=0, elem type=char[])
OBJ 500035b8 (sz=32, trace=301535, class=sun.misc.FloatingDecimal$ASCIIToBinaryBuffer@500024ac)
ARR 500035b9 (sz=32, trace=301785, nelems=0, elem type=char[])
OBJ 500035ba (sz=32, trace=301535, class=sun.misc.FloatingDecimal$ASCIIToBinaryBuffer@500024ac)
OBJ 500035bb (sz=32, trace=301786, class=Point@5000255b)
OBJ 500035bc (sz=32, trace=301787, class=Line@50006f05)
OBJ 500035bd (sz=24, trace=301779, class=java.lang.String@5000016f)
ARR 500035be (sz=88, trace=300326, nelems=0, elem type=char[])
OBJ 500035bf (sz=24, trace=301497, class=java.util.ArrayList@500000c5)
OBJ 500035c0 (sz=24, trace=301498, class=java.lang.String@5000016f)
ARR 500035c1 (sz=32, trace=301499, nelems=0, elem type=char[])
ARR 500035c2 (sz=56, trace=300281, nelems=0, elem type=java.lang.Object[]@5000010a)
OBJ 500035c3 (sz=24, trace=301498, class=java.lang.String@5000016f)
ARR 500035c4 (sz=32, trace=301499, nelems=0, elem type=char[])
OBJ 500035c5 (sz=24, trace=301498, class=java.lang.String@5000016f)
OBJ 500035c6 (sz=32, trace=301537, class=Point@5000255b)
ARR 500035c7 (sz=32, trace=301499, nelems=0, elem type=char[])
OBJ 500035c8 (sz=24, trace=301500, class=java.lang.String@5000016f)
ARR 500035c9 (sz=32, trace=301501, nelems=0, elem type=char[])
ARR 500035ca (sz=32, trace=301780, nelems=0, elem type=java.lang.String[]@500000cf)
OBJ 500035cb (sz=40, trace=301504, class=java.util.ArrayList$SubList@5000248a)
OBJ 500035cc (sz=40, trace=301506, class=java.util.ArrayList$SubList$1@5000248d)
ARR 500035cd (sz=32, trace=301781, nelems=0, elem type=char[])
OBJ 500035ce (sz=32, trace=301535, class=sun.misc.FloatingDecimal$ASCIIToBinaryBuffer@500024ac)
ARR 500035cf (sz=32, trace=301782, nelems=0, elem type=char[])
OBJ 500035d0 (sz=32, trace=301535, class=sun.misc.FloatingDecimal$ASCIIToBinaryBuffer@500024ac)
OBJ 500035d1 (sz=32, trace=301783, class=Point@5000255b)
ARR 500035d2 (sz=32, trace=301784, nelems=0, elem type=char[])
OBJ 500035d3 (sz=32, trace=301535, class=sun.misc.FloatingDecimal$ASCIIToBinaryBuffer@500024ac)
ARR 500035d4 (sz=32, trace=301785, nelems=0, elem type=char[])
OBJ 500035d5 (sz=32, trace=301535, class=sun.misc.FloatingDecimal$ASCIIToBinaryBuffer@500024ac)
OBJ 500035d6 (sz=32, trace=301537, class=Point@5000255b)
OBJ 500035d7 (sz=32, trace=301786, class=Point@5000255b)
OBJ 500035d8 (sz=32, trace=301787, class=Line@50006f05)
OBJ 500035d9 (sz=24, trace=301779, class=java.lang.String@5000016f)
ARR 500035da (sz=88, trace=300326, nelems=0, elem type=char[])
OBJ 500035db (sz=24, trace=301497, class=java.util.ArrayList@500000c5)
OBJ 500035dc (sz=24, trace=301498, class=java.lang.String@5000016f)
ARR 500035dd (sz=32, trace=301499, nelems=0, elem type=char[])
ARR 500035de (sz=56, trace=300281, nelems=0, elem type=java.lang.Object[]@5000010a)
OBJ 500035df (sz=24, trace=301498, class=java.lang.String@5000016f)
ARR 500035e0 (sz=32, trace=301499, nelems=0, elem type=char[])
OBJ 500035e1 (sz=24, trace=301498, class=java.lang.String@5000016f)
ARR 500035e2 (sz=32, trace=301499, nelems=0, elem type=char[])
OBJ 500035e3 (sz=24, trace=301500, class=java.lang.String@5000016f)
ARR 500035e4 (sz=32, trace=301501, nelems=0, elem type=char[])
ARR 500035e5 (sz=32, trace=301780, nelems=0, elem type=java.lang.String[]@500000cf)
OBJ 500035e6 (sz=32, trace=301537, class=Point@5000255b)
OBJ 500035e7 (sz=40, trace=301504, class=java.util.ArrayList$SubList@5000248a)
OBJ 500035e8 (sz=40, trace=301506, class=java.util.ArrayList$SubList$1@5000248d)
ARR 500035e9 (sz=32, trace=301781, nelems=0, elem type=char[])
OBJ 500035ea (sz=32, trace=301535, class=sun.misc.FloatingDecimal$ASCIIToBinaryBuffer@500024ac)
ARR 500035eb (sz=32, trace=301782, nelems=0, elem type=char[])
OBJ 500035ec (sz=32, trace=301535, class=sun.misc.FloatingDecimal$ASCIIToBinaryBuffer@500024ac)
OBJ 500035ed (sz=32, trace=301783, class=Point@5000255b)
ARR 500035ee (sz=32, trace=301784, nelems=0, elem type=char[])
OBJ 500035ef (sz=32, trace=301535, class=sun.misc.FloatingDecimal$ASCIIToBinaryBuffer@500024ac)
ARR 500035f0 (sz=32, trace=301785, nelems=0, elem type=char[])
OBJ 500035f1 (sz=32, trace=301535, class=sun.misc.FloatingDecimal$ASCIIToBinaryBuffer@500024ac)
OBJ 500035f2 (sz=32, trace=301786, class=Point@5000255b)
OBJ 500035f3 (sz=32, trace=301787, class=Line@50006f05)
OBJ 500035f4 (sz=24, trace=301779, class=java.lang.String@5000016f)
ARR 500035f5 (sz=88, trace=300326, nelems=0, elem type=char[])
OBJ 500035f6 (sz=32, trace=301537, class=Point@5000255b)
OBJ 500035f7 (sz=24, trace=301497, class=java.util.ArrayList@500000c5)
OBJ 500035f8 (sz=24, trace=301498, class=java.lang.String@5000016f)
ARR 500035f9 (sz=32, trace=301499, nelems=0, elem type=char[])
ARR 500035fa (sz=56, trace=300281, nelems=0, elem type=java.lang.Object[]@5000010a)
OBJ 500035fb (sz=24, trace=301498, class=java.lang.String@5000016f)
ARR 500035fc (sz=32, trace=301499, nelems=0, elem type=char[])
OBJ 500035fd (sz=24, trace=301498, class=java.lang.String@5000016f)
ARR 500035fe (sz=32, trace=301499, nelems=0, elem type=char[])
OBJ 500035ff (sz=24, trace=301500, class=java.lang.String@5000016f)
ARR 50003600 (sz=32, trace=301501, nelems=0, elem type=char[])
ARR 50003601 (sz=32, trace=301780, nelems=0, elem type=java.lang.String[]@500000cf)
OBJ 50003602 (sz=40, trace=301504, class=java.util.ArrayList$SubList@5000248a)
OBJ 50003603 (sz=40, trace=301506, class=java.util.ArrayList$SubList$1@5000248d)
ARR 50003604 (sz=32, trace=301781, nelems=0, elem type=char[])
OBJ 50003605 (sz=32, trace=301535, class=sun.misc.FloatingDecimal$ASCIIToBinaryBuffer@500024ac)
OBJ 50003606 (sz=32, trace=301537, class=Point@5000255b)
ARR 50003607 (sz=32, trace=301782, nelems=0, elem type=char[])
OBJ 50003608 (sz=32, trace=301535, class=sun.misc.FloatingDecimal$ASCIIToBinaryBuffer@500024ac)
OBJ 50003609 (sz=32, trace=301783, class=Point@5000255b)
ARR 5000360a (sz=32, trace=301784, nelems=0, elem type=char[])
OBJ 5000360b (sz=32, trace=301535, class=sun.misc.FloatingDecimal$ASCIIToBinaryBuffer@500024ac)
ARR 5000360c (sz=32, trace=301785, nelems=0, elem type=char[])
OBJ 5000360d (sz=32, trace=301535, class=sun.misc.FloatingDecimal$ASCIIToBinaryBuffer@500024ac)
OBJ 5000360e (sz=32, trace=301786, class=Point@5000255b)
OBJ 5000360f (sz=32, trace=301787, class=Line@50006f05)
OBJ 50003610 (sz=24, trace=301779, class=java.lang.String@5000016f)
ARR 50003611 (sz=88, trace=300326, nelems=0, elem type=char[])
OBJ 50003612 (sz=24, trace=301497, class=java.util.ArrayList@500000c5)
OBJ 50003613 (sz=24, trace=301498, class=java.lang.String@5000016f)
ARR 50003614 (sz=32, trace=301499, nelems=0, elem type=char[])
ARR 50003615 (sz=56, trace=300281, nelems=0, elem type=java.lang.Object[]@5000010a)
OBJ 50003616 (sz=32, trace=301537, class=Point@5000255b)
OBJ 50003617 (sz=24, trace=301498, class=java.lang.String@5000016f)
ARR 50003618 (sz=32, trace=301499, nelems=0, elem type=char[])
OBJ 50003619 (sz=24, trace=301498, class=java.lang.String@5000016f)
ARR 5000361a (sz=32, trace=301499, nelems=0, elem type=char[])
OBJ 5000361b (sz=24, trace=301500, class=java.lang.String@5000016f)
ARR 5000361c (sz=32, trace=301501, nelems=0, elem type=char[])
ARR 5000361d (sz=32, trace=301780, nelems=0, elem type=java.lang.String[]@500000cf)
OBJ 5000361e (sz=40, trace=301504, class=java.util.ArrayList$SubList@5000248a)
OBJ 5000361f (sz=40, trace=301506, class=java.util.ArrayList$SubList$1@5000248d)
ARR 50003620 (sz=32, trace=301781, nelems=0, elem type=char[])
OBJ 50003621 (sz=32, trace=301535, class=sun.misc.FloatingDecimal$ASCIIToBinaryBuffer@500024ac)
ARR 50003622 (sz=32, trace=301782, nelems=0, elem type=char[])
OBJ 50003623 (sz=32, trace=301535, class=sun.misc.FloatingDecimal$ASCIIToBinaryBuffer@500024ac)
OBJ 50003624 (sz=32, trace=301783, class=Point@5000255b)
ARR 50003625 (sz=32, trace=301784, nelems=0, elem type=char[])
OBJ 50003626 (sz=32, trace=301537, class=Point@5000255b)
OBJ 50003627 (sz=32, trace=301535, class=sun.misc.FloatingDecimal$ASCIIToBinaryBuffer@500024ac)
ARR 50003628 (sz=32, trace=301785, nelems=0, elem type=char[])
OBJ 50003629 (sz=32, trace=301535, class=sun.misc.FloatingDecimal$ASCIIToBinaryBuffer@500024ac)
OBJ 5000362a (sz=32, trace=301786, class=Point@5000255b)
OBJ 5000362b (sz=32, trace=301787, class=Line@50006f05)
OBJ 5000362c (sz=24, trace=301779, class=java.lang.String@5000016f)
ARR 5000362d (sz=88, trace=300326, nelems=0, elem type=char[])
OBJ 5000362e (sz=24, trace=301497, class=java.util.ArrayList@500000c5)
OBJ 5000362f (sz=24, trace=301498, class=java.lang.String@5000016f)
ARR 50003630 (sz=32, trace=301499, nelems=0, elem type=char[])
ARR 50003631 (sz=56, trace=300281, nelems=0, elem type=java.lang.Object[]@5000010a)
OBJ 50003632 (sz=24, trace=301498, class=java.lang.String@5000016f)
ARR 50003633 (sz=32, trace=301499, nelems=0, elem type=char[])
OBJ 50003634 (sz=24, trace=301498, class=java.lang.String@5000016f)
ARR 50003635 (sz=32, trace=301499, nelems=0, elem type=char[])
OBJ 50003636 (sz=32, trace=301537, class=Point@5000255b)
OBJ 50003637 (sz=24, trace=301500, class=java.lang.String@5000016f)
ARR 50003638 (sz=32, trace=301501, nelems=0, elem type=char[])
ARR 50003639 (sz=32, trace=301780, nelems=0, elem type=java.lang.String[]@500000cf)
OBJ 5000363a (sz=40, trace=301504, class=java.util.ArrayList$SubList@5000248a)
OBJ 5000363b (sz=40, trace=301506, class=java.util.ArrayList$SubList$1@5000248d)
ARR 5000363c (sz=32, trace=301781, nelems=0, elem type=char[])
OBJ 5000363d (sz=32, trace=301535, class=sun.misc.FloatingDecimal$ASCIIToBinaryBuffer@500024ac)
ARR 5000363e (sz=32, trace=301782, nelems=0, elem type=char[])
OBJ 5000363f (sz=32, trace=301535, class=sun.misc.FloatingDecimal$ASCIIToBinaryBuffer@500024ac)
OBJ 50003640 (sz=32, trace=301783, class=Point@5000255b)
ARR 50003641 (sz=32, trace=301784, nelems=0, elem type=char[])
OBJ 50003642 (sz=32, trace=301535, class=sun.misc.FloatingDecimal$ASCIIToBinaryBuffer@500024ac)
ARR 50003643 (sz=32, trace=301785, nelems=0, elem type=char[])
OBJ 50003644 (sz=32, trace=301535, class=sun.misc.FloatingDecimal$ASCIIToBinaryBuffer@500024ac)
OBJ 50003645 (sz=32, trace=301786, class=Point@5000255b)
OBJ 50003646 (sz=32, trace=301537, class=Point@5000255b)
OBJ 50003647 (sz=32, trace=301787, class=Line@50006f05)
OBJ 50003648 (sz=24, trace=301779, class=java.lang.String@5000016f)
ARR 50003649 (sz=88, trace=300326, nelems=0, elem type=char[])
OBJ 5000364a (sz=24, trace=301497, class=java.util.ArrayList@500000c5)
OBJ 5000364b (sz=24, trace=301498, class=java.lang.String@5000016f)
ARR 5000364c (sz=32, trace=301499, nelems=0, elem type=char[])
ARR 5000364d (sz=56, trace=300281, nelems=0, elem type=java.lang.Object[]@5000010a)
OBJ 5000364e (sz=24, trace=301498, class=java.lang.String@5000016f)
ARR 5000364f (sz=32, trace=301499, nelems=0, elem type=char[])
OBJ 50003650 (sz=24, trace=301498, class=java.lang.String@5000016f)
ARR 50003651 (sz=32, trace=301499, nelems=0, elem type=char[])
OBJ 50003652 (sz=24, trace=301500, class=java.lang.String@5000016f)
ARR 50003653 (sz=32, trace=301501, nelems=0, elem type=char[])
ARR 50003654 (sz=32, trace=301780, nelems=0, elem type=java.lang.String[]@500000cf)
OBJ 50003655 (sz=40, trace=301504, class=java.util.ArrayList$SubList@5000248a)
OBJ 50003656 (sz=32, trace=301537, class=Point@5000255b)
OBJ 50003657 (sz=40, trace=301506, class=java.util.ArrayList$SubList$1@5000248d)
ARR 50003658 (sz=32, trace=301781, nelems=0, elem type=char[])
OBJ 50003659 (sz=32, trace=301535, class=sun.misc.FloatingDecimal$ASCIIToBinaryBuffer@500024ac)
ARR 5000365a (sz=32, trace=301782, nelems=0, elem type=char[])
OBJ 5000365b (sz=32, trace=301535, class=sun.misc.FloatingDecimal$ASCIIToBinaryBuffer@500024ac)
OBJ 5000365c (sz=32, trace=301783, class=Point@5000255b)
ARR 5000365d (sz=32, trace=301784, nelems=0, elem type=char[])
OBJ 5000365e (sz=32, trace=301535, class=sun.misc.FloatingDecimal$ASCIIToBinaryBuffer@500024ac)
ARR 5000365f (sz=32, trace=301785, nelems=0, elem type=char[])
OBJ 50003660 (sz=32, trace=301535, class=sun.misc.FloatingDecimal$ASCIIToBinaryBuffer@500024ac)
OBJ 50003661 (sz=32, trace=301786, class=Point@5000255b)
OBJ 50003662 (sz=32, trace=301787, class=Line@50006f05)
OBJ 50003663 (sz=24, trace=301779, class=java.lang.String@5000016f)
ARR 50003664 (sz=88, trace=300326, nelems=0, elem type=char[])
OBJ 50003665 (sz=24, trace=301497, class=java.util.ArrayList@500000c5)
OBJ 50003666 (sz=32, trace=301537, class=Point@5000255b)
OBJ 50003667 (sz=24, trace=301498, class=java.lang.String@5000016f)
ARR 50003668 (sz=32, trace=301499, nelems=0, elem type=char[])
ARR 50003669 (sz=56, trace=300281, nelems=0, elem type=java.lang.Object[]@5000010a)
OBJ 5000366a (sz=24, trace=301498, class=java.lang.String@5000016f)
ARR 5000366b (sz=32, trace=301499, nelems=0, elem type=char[])
OBJ 5000366c (sz=24, trace=301498, class=java.lang.String@5000016f)
ARR 5000366d (sz=32, trace=301499, nelems=0, elem type=char[])
OBJ 5000366e (sz=24, trace=301500, class=java.lang.String@5000016f)
ARR 5000366f (sz=32, trace=301501, nelems=0, elem type=char[])
ARR 50003670 (sz=32, trace=301780, nelems=0, elem type=java.lang.String[]@500000cf)
OBJ 50003671 (sz=40, trace=301504, class=java.util.ArrayList$SubList@5000248a)
OBJ 50003672 (sz=40, trace=301506, class=java.util.ArrayList$SubList$1@5000248d)
ARR 50003673 (sz=32, trace=301781, nelems=0, elem type=char[])
OBJ 50003674 (sz=32, trace=301535, class=sun.misc.FloatingDecimal$ASCIIToBinaryBuffer@500024ac)
ARR 50003675 (sz=32, trace=301782, nelems=0, elem type=char[])
OBJ 50003676 (sz=32, trace=301537, class=Point@5000255b)
OBJ 50003677 (sz=32, trace=301535, class=sun.misc.FloatingDecimal$ASCIIToBinaryBuffer@500024ac)
OBJ 50003678 (sz=32, trace=301783, class=Point@5000255b)
ARR 50003679 (sz=32, trace=301784, nelems=0, elem type=char[])
OBJ 5000367a (sz=32, trace=301535, class=sun.misc.FloatingDecimal$ASCIIToBinaryBuffer@500024ac)
ARR 5000367b (sz=32, trace=301785, nelems=0, elem type=char[])
OBJ 5000367c (sz=32, trace=301535, class=sun.misc.FloatingDecimal$ASCIIToBinaryBuffer@500024ac)
OBJ 5000367d (sz=32, trace=301786, class=Point@5000255b)
OBJ 5000367e (sz=32, trace=301787, class=Line@50006f05)
OBJ 5000367f (sz=24, trace=301779, class=java.lang.String@5000016f)
ARR 50003680 (sz=88, trace=300326, nelems=0, elem type=char[])
OBJ 50003681 (sz=24, trace=301497, class=java.util.ArrayList@500000c5)
OBJ 50003682 (sz=24, trace=301498, class=java.lang.String@5000016f)
ARR 50003683 (sz=32, trace=301499, nelems=0, elem type=char[])
ARR 50003684 (sz=56, trace=300281, nelems=0, elem type=java.lang.Object[]@5000010a)
OBJ 50003685 (sz=24, trace=301498, class=java.lang.String@5000016f)
OBJ 50003686 (sz=32, trace=301537, class=Point@5000255b)
ARR 50003687 (sz=32, trace=301499, nelems=0, elem type=char[])
OBJ 50003688 (sz=24, trace=301498, class=java.lang.String@5000016f)
ARR 50003689 (sz=32, trace=301499, nelems=0, elem type=char[])
OBJ 5000368a (sz=24, trace=301500, class=java.lang.String@5000016f)
ARR 5000368b (sz=32, trace=301501, nelems=0, elem type=char[])
ARR 5000368c (sz=32, trace=301780, nelems=0, elem type=java.lang.String[]@500000cf)
OBJ 5000368d (sz=40, trace=301504, class=java.util.ArrayList$SubList@5000248a)
OBJ 5000368e (sz=40, trace=301506, class=java.util.ArrayList$SubList$1@5000248d)
ARR 5000368f (sz=32, trace=301781, nelems=0, elem type=char[])
OBJ 50003690 (sz=32, trace=301535, class=sun.misc.FloatingDecimal$ASCIIToBinaryBuffer@500024ac)
ARR 50003691 (sz=32, trace=301782, nelems=0, elem type=char[])
OBJ 50003692 (sz=32, trace=301535, class=sun.misc.FloatingDecimal$ASCIIToBinaryBuffer@500024ac)
OBJ 50003693 (sz=32, trace=301783, class=Point@5000255b)
ARR 50003694 (sz=32, trace=301784, nelems=0, elem type=char[])
OBJ 50003695 (sz=32, trace=301535, class=sun.misc.FloatingDecimal$ASCIIToBinaryBuffer@500024ac)
OBJ 50003696 (sz=32, trace=301537, class=Point@5000255b)
ARR 50003697 (sz=32, trace=301785, nelems=0, elem type=char[])
OBJ 50003698 (sz=32, trace=301535, class=sun.misc.FloatingDecimal$ASCIIToBinaryBuffer@500024ac)
OBJ 50003699 (sz=32, trace=301786, class=Point@5000255b)
OBJ 5000369a (sz=32, trace=301787, class=Line@50006f05)
OBJ 5000369b (sz=24, trace=301779, class=java.lang.String@5000016f)
ARR 5000369c (sz=88, trace=300326, nelems=0, elem type=char[])
OBJ 5000369d (sz=24, trace=301497, class=java.util.ArrayList@500000c5)
OBJ 5000369e (sz=24, trace=301498, class=java.lang.String@5000016f)
ARR 5000369f (sz=32, trace=301499, nelems=0, elem type=char[])
ARR 500036a0 (sz=56, trace=300281, nelems=0, elem type=java.lang.Object[]@5000010a)
OBJ 500036a1 (sz=24, trace=301498, class=java.lang.String@5000016f)
ARR 500036a2 (sz=32, trace=301499, nelems=0, elem type=char[])
OBJ 500036a3 (sz=24, trace=301498, class=java.lang.String@5000016f)
ARR 500036a4 (sz=32, trace=301499, nelems=0, elem type=char[])
OBJ 500036a5 (sz=24, trace=301500, class=java.lang.String@5000016f)
OBJ 500036a6 (sz=32, trace=301537, class=Point@5000255b)
ARR 500036a7 (sz=32, trace=301501, nelems=0, elem type=char[])
ARR 500036a8 (sz=32, trace=301780, nelems=0, elem type=java.lang.String[]@500000cf)
OBJ 500036a9 (sz=40, trace=301504, class=java.util.ArrayList$SubList@5000248a)
OBJ 500036aa (sz=40, trace=301506, class=java.util.ArrayList$SubList$1@5000248d)
ARR 500036ab (sz=32, trace=301781, nelems=0, elem type=char[])
OBJ 500036ac (sz=32, trace=301535, class=sun.misc.FloatingDecimal$ASCIIToBinaryBuffer@500024ac)
ARR 500036ad (sz=32, trace=301782, nelems=0, elem type=char[])
OBJ 500036ae (sz=32, trace=301535, class=sun.misc.FloatingDecimal$ASCIIToBinaryBuffer@500024ac)
OBJ 500036af (sz=32, trace=301783, class=Point@5000255b)
ARR 500036b0 (sz=32, trace=301784, nelems=0, elem type=char[])
OBJ 500036b1 (sz=32, trace=301535, class=sun.misc.FloatingDecimal$ASCIIToBinaryBuffer@500024ac)
ARR 500036b2 (sz=32, trace=301785, nelems=0, elem type=char[])
OBJ 500036b3 (sz=32, trace=301535, class=sun.misc.FloatingDecimal$ASCIIToBinaryBuffer@500024ac)
OBJ 500036b4 (sz=32, trace=301786, class=Point@5000255b)
OBJ 500036b5 (sz=32, trace=301787, class=Line@50006f05)
OBJ 500036b6 (sz=32, trace=301537, class=Point@5000255b)
OBJ 500036b7 (sz=24, trace=301779, class=java.lang.String@5000016f)
ARR 500036b8 (sz=88, trace=300326, nelems=0, elem type=char[])
OBJ 500036b9 (sz=24, trace=301497, class=java.util.ArrayList@500000c5)
OBJ 500036ba (sz=24, trace=301498, class=java.lang.String@5000016f)
ARR 500036bb (sz=32, trace=301499, nelems=0, elem type=char[])
ARR 500036bc (sz=56, trace=300281, nelems=0, elem type=java.lang.Object[]@5000010a)
OBJ 500036bd (sz=24, trace=301498, class=java.lang.String@5000016f)
ARR 500036be (sz=32, trace=301499, nelems=0, elem type=char[])
OBJ 500036bf (sz=24, trace=301498, class=java.lang.String@5000016f)
ARR 500036c0 (sz=32, trace=301499, nelems=0, elem type=char[])
OBJ 500036c1 (sz=24, trace=301500, class=java.lang.String@5000016f)
ARR 500036c2 (sz=32, trace=301501, nelems=0, elem type=char[])
ARR 500036c3 (sz=32, trace=301780, nelems=0, elem type=java.lang.String[]@500000cf)
OBJ 500036c4 (sz=40, trace=301504, class=java.util.ArrayList$SubList@5000248a)
OBJ 500036c5 (sz=40, trace=301506, class=java.util.ArrayList$SubList$1@5000248d)
OBJ 500036c6 (sz=32, trace=301537, class=Point@5000255b)
ARR 500036c7 (sz=32, trace=301781, nelems=0, elem type=char[])
OBJ 500036c8 (sz=32, trace=301535, class=sun.misc.FloatingDecimal$ASCIIToBinaryBuffer@500024ac)
ARR 500036c9 (sz=32, trace=301782, nelems=0, elem type=char[])
OBJ 500036ca (sz=32, trace=301535, class=sun.misc.FloatingDecimal$ASCIIToBinaryBuffer@500024ac)
OBJ 500036cb (sz=32, trace=301783, class=Point@5000255b)
ARR 500036cc (sz=32, trace=301784, nelems=0, elem type=char[])
OBJ 500036cd (sz=32, trace=301535, class=sun.misc.FloatingDecimal$ASCIIToBinaryBuffer@500024ac)
ARR 500036ce (sz=32, trace=301785, nelems=0, elem type=char[])
OBJ 500036cf (sz=32, trace=301535, class=sun.misc.FloatingDecimal$ASCIIToBinaryBuffer@500024ac)
OBJ 500036d0 (sz=32, trace=301786, class=Point@5000255b)
OBJ 500036d1 (sz=32, trace=301787, class=Line@50006f05)
OBJ 500036d2 (sz=24, trace=301779, class=java.lang.String@5000016f)
ARR 500036d3 (sz=88, trace=300326, nelems=0, elem type=char[])
OBJ 500036d4 (sz=24, trace=301497, class=java.util.ArrayList@500000c5)
OBJ 500036d5 (sz=24, trace=301498, class=java.lang.String@5000016f)
OBJ 500036d6 (sz=32, trace=301537, class=Point@5000255b)
ARR 500036d7 (sz=32, trace=301499, nelems=0, elem type=char[])
ARR 500036d8 (sz=56, trace=300281, nelems=0, elem type=java.lang.Object[]@5000010a)
OBJ 500036d9 (sz=24, trace=301498, class=java.lang.String@5000016f)
ARR 500036da (sz=32, trace=301499, nelems=0, elem type=char[])
OBJ 500036db (sz=24, trace=301498, class=java.lang.String@5000016f)
ARR 500036dc (sz=32, trace=301499, nelems=0, elem type=char[])
OBJ 500036dd (sz=24, trace=301500, class=java.lang.String@5000016f)
ARR 500036de (sz=32, trace=301501, nelems=0, elem type=char[])
ARR 500036df (sz=32, trace=301780, nelems=0, elem type=java.lang.String[]@500000cf)
OBJ 500036e0 (sz=40, trace=301504, class=java.util.ArrayList$SubList@5000248a)
OBJ 500036e1 (sz=40, trace=301506, class=java.util.ArrayList$SubList$1@5000248d)
ARR 500036e2 (sz=32, trace=301781, nelems=0, elem type=char[])
OBJ 500036e3 (sz=32, trace=301535, class=sun.misc.FloatingDecimal$ASCIIToBinaryBuffer@500024ac)
ARR 500036e4 (sz=32, trace=301782, nelems=0, elem type=char[])
OBJ 500036e5 (sz=32, trace=301535, class=sun.misc.FloatingDecimal$ASCIIToBinaryBuffer@500024ac)
OBJ 500036e6 (sz=32, trace=301537, class=Point@5000255b)
OBJ 500036e7 (sz=32, trace=301783, class=Point@5000255b)
ARR 500036e8 (sz=32, trace=301784, nelems=0, elem type=char[])
OBJ 500036e9 (sz=32, trace=301535, class=sun.misc.FloatingDecimal$ASCIIToBinaryBuffer@500024ac)
ARR 500036ea (sz=32, trace=301785, nelems=0, elem type=char[])
OBJ 500036eb (sz=32, trace=301535, class=sun.misc.FloatingDecimal$ASCIIToBinaryBuffer@500024ac)
OBJ 500036ec (sz=32, trace=301786, class=Point@5000255b)
OBJ 500036ed (sz=32, trace=301787, class=Line@50006f05)
OBJ 500036ee (sz=24, trace=301779, class=java.lang.String@5000016f)
ARR 500036ef (sz=88, trace=300326, nelems=0, elem type=char[])
OBJ 500036f0 (sz=24, trace=301497, class=java.util.ArrayList@500000c5)
OBJ 500036f1 (sz=24, trace=301498, class=java.lang.String@5000016f)
ARR 500036f2 (sz=32, trace=301499, nelems=0, elem type=char[])
ARR 500036f3 (sz=56, trace=300281, nelems=0, elem type=java.lang.Object[]@5000010a)
OBJ 500036f4 (sz=24, trace=301498, class=java.lang.String@5000016f)
ARR 500036f5 (sz=32, trace=301499, nelems=0, elem type=char[])
OBJ 500036f6 (sz=32, trace=301537, class=Point@5000255b)
OBJ 500036f7 (sz=24, trace=301498, class=java.lang.String@5000016f)
ARR 500036f8 (sz=32, trace=301499, nelems=0, elem type=char[])
OBJ 500036f9 (sz=24, trace=301500, class=java.lang.String@5000016f)
ARR 500036fa (sz=32, trace=301501, nelems=0, elem type=char[])
ARR 500036fb (sz=32, trace=301780, nelems=0, elem type=java.lang.String[]@500000cf)
OBJ 500036fc (sz=40, trace=301504, class=java.util.ArrayList$SubList@5000248a)
OBJ 500036fd (sz=40, trace=301506, class=java.util.ArrayList$SubList$1@5000248d)
ARR 500036fe (sz=32, trace=301781, nelems=0, elem type=char[])
OBJ 500036ff (sz=32, trace=301535, class=sun.misc.FloatingDecimal$ASCIIToBinaryBuffer@500024ac)
ARR 50003700 (sz=32, trace=301782, nelems=0, elem type=char[])
OBJ 50003701 (sz=32, trace=301535, class=sun.misc.FloatingDecimal$ASCIIToBinaryBuffer@500024ac)
OBJ 50003702 (sz=32, trace=301783, class=Point@5000255b)
ARR 50003703 (sz=32, trace=301784, nelems=0, elem type=char[])
OBJ 50003704 (sz=32, trace=301535, class=sun.misc.FloatingDecimal$ASCIIToBinaryBuffer@500024ac)
ARR 50003705 (sz=32, trace=301785, nelems=0, elem type=char[])
OBJ 50003706 (sz=32, trace=301537, class=Point@5000255b)
OBJ 50003707 (sz=32, trace=301535, class=sun.misc.FloatingDecimal$ASCIIToBinaryBuffer@500024ac)
OBJ 50003708 (sz=32, trace=301786, class=Point@5000255b)
OBJ 50003709 (sz=32, trace=301787, class=Line@50006f05)
OBJ 5000370a (sz=24, trace=301779, class=java.lang.String@5000016f)
ARR 5000370b (sz=88, trace=300326, nelems=0, elem type=char[])
OBJ 5000370c (sz=24, trace=301497, class=java.util.ArrayList@500000c5)
OBJ 5000370d (sz=24, trace=301498, class=java.lang.String@5000016f)
ARR 5000370e (sz=32, trace=301499, nelems=0, elem type=char[])
ARR 5000370f (sz=56, trace=300281, nelems=0, elem type=java.lang.Object[]@5000010a)
OBJ 50003710 (sz=24, trace=301498, class=java.lang.String@5000016f)
ARR 50003711 (sz=32, trace=301499, nelems=0, elem type=char[])
OBJ 50003712 (sz=24, trace=301498, class=java.lang.String@5000016f)
ARR 50003713 (sz=32, trace=301499, nelems=0, elem type=char[])
OBJ 50003714 (sz=24, trace=301500, class=java.lang.String@5000016f)
ARR 50003715 (sz=32, trace=301501, nelems=0, elem type=char[])
OBJ 50003716 (sz=32, trace=301537, class=Point@5000255b)
ARR 50003717 (sz=32, trace=301780, nelems=0, elem type=java.lang.String[]@500000cf)
OBJ 50003718 (sz=40, trace=301504, class=java.util.ArrayList$SubList@5000248a)
OBJ 50003719 (sz=40, trace=301506, class=java.util.ArrayList$SubList$1@5000248d)
ARR 5000371a (sz=32, trace=301781, nelems=0, elem type=char[])
OBJ 5000371b (sz=32, trace=301535, class=sun.misc.FloatingDecimal$ASCIIToBinaryBuffer@500024ac)
ARR 5000371c (sz=32, trace=301782, nelems=0, elem type=char[])
OBJ 5000371d (sz=32, trace=301535, class=sun.misc.FloatingDecimal$ASCIIToBinaryBuffer@500024ac)
OBJ 5000371e (sz=32, trace=301783, class=Point@5000255b)
ARR 5000371f (sz=32, trace=301784, nelems=0, elem type=char[])
OBJ 50003720 (sz=32, trace=301535, class=sun.misc.FloatingDecimal$ASCIIToBinaryBuffer@500024ac)
ARR 50003721 (sz=32, trace=301785, nelems=0, elem type=char[])
OBJ 50003722 (sz=32, trace=301535, class=sun.misc.FloatingDecimal$ASCIIToBinaryBuffer@500024ac)
OBJ 50003723 (sz=32, trace=301786, class=Point@5000255b)
OBJ 50003724 (sz=32, trace=301787, class=Line@50006f05)
OBJ 50003725 (sz=24, trace=301779, class=java.lang.String@5000016f)
OBJ 50003726 (sz=32, trace=301537, class=Point@5000255b)
ARR 50003727 (sz=88, trace=300326, nelems=0, elem type=char[])
OBJ 50003728 (sz=24, trace=301497, class=java.util.ArrayList@500000c5)
OBJ 50003729 (sz=24, trace=301498, class=java.lang.String@5000016f)
ARR 5000372a (sz=32, trace=301499, nelems=0, elem type=char[])
ARR 5000372b (sz=56, trace=300281, nelems=0, elem type=java.lang.Object[]@5000010a)
OBJ 5000372c (sz=24, trace=301498, class=java.lang.String@5000016f)
ARR 5000372d (sz=32, trace=301499, nelems=0, elem type=char[])
OBJ 5000372e (sz=24, trace=301498, class=java.lang.String@5000016f)
ARR 5000372f (sz=32, trace=301499, nelems=0, elem type=char[])
OBJ 50003730 (sz=24, trace=301500, class=java.lang.String@5000016f)
ARR 50003731 (sz=32, trace=301501, nelems=0, elem type=char[])
ARR 50003732 (sz=32, trace=301780, nelems=0, elem type=java.lang.String[]@500000cf)
OBJ 50003733 (sz=40, trace=301504, class=java.util.ArrayList$SubList@5000248a)
OBJ 50003734 (sz=40, trace=301506, class=java.util.ArrayList$SubList$1@5000248d)
ARR 50003735 (sz=32, trace=301781, nelems=0, elem type=char[])
OBJ 50003736 (sz=32, trace=301537, class=Point@5000255b)
OBJ 50003737 (sz=32, trace=301535, class=sun.misc.FloatingDecimal$ASCIIToBinaryBuffer@500024ac)
ARR 50003738 (sz=32, trace=301782, nelems=0, elem type=char[])
OBJ 50003739 (sz=32, trace=301535, class=sun.misc.FloatingDecimal$ASCIIToBinaryBuffer@500024ac)
OBJ 5000373a (sz=32, trace=301783, class=Point@5000255b)
ARR 5000373b (sz=32, trace=301784, nelems=0, elem type=char[])
OBJ 5000373c (sz=32, trace=301535, class=sun.misc.FloatingDecimal$ASCIIToBinaryBuffer@500024ac)
ARR 5000373d (sz=32, trace=301785, nelems=0, elem type=char[])
OBJ 5000373e (sz=32, trace=301535, class=sun.misc.FloatingDecimal$ASCIIToBinaryBuffer@500024ac)
OBJ 5000373f (sz=32, trace=301786, class=Point@5000255b)
OBJ 50003740 (sz=32, trace=301787, class=Line@50006f05)
OBJ 50003741 (sz=24, trace=301779, class=java.lang.String@5000016f)
ARR 50003742 (sz=88, trace=300326, nelems=0, elem type=char[])
OBJ 50003743 (sz=24, trace=301497, class=java.util.ArrayList@500000c5)
OBJ 50003744 (sz=24, trace=301498, class=java.lang.String@5000016f)
ARR 50003745 (sz=32, trace=301499, nelems=0, elem type=char[])
OBJ 50003746 (sz=32, trace=301537, class=Point@5000255b)
ARR 50003747 (sz=56, trace=300281, nelems=0, elem type=java.lang.Object[]@5000010a)
OBJ 50003748 (sz=24, trace=301498, class=java.lang.String@5000016f)
ARR 50003749 (sz=32, trace=301499, nelems=0, elem type=char[])
OBJ 5000374a (sz=24, trace=301498, class=java.lang.String@5000016f)
ARR 5000374b (sz=32, trace=301499, nelems=0, elem type=char[])
OBJ 5000374c (sz=24, trace=301500, class=java.lang.String@5000016f)
ARR 5000374d (sz=32, trace=301501, nelems=0, elem type=char[])
ARR 5000374e (sz=32, trace=301780, nelems=0, elem type=java.lang.String[]@500000cf)
OBJ 5000374f (sz=40, trace=301504, class=java.util.ArrayList$SubList@5000248a)
OBJ 50003750 (sz=40, trace=301506, class=java.util.ArrayList$SubList$1@5000248d)
ARR 50003751 (sz=32, trace=301781, nelems=0, elem type=char[])
OBJ 50003752 (sz=32, trace=301535, class=sun.misc.FloatingDecimal$ASCIIToBinaryBuffer@500024ac)
ARR 50003753 (sz=32, trace=301782, nelems=0, elem type=char[])
OBJ 50003754 (sz=32, trace=301535, class=sun.misc.FloatingDecimal$ASCIIToBinaryBuffer@500024ac)
OBJ 50003755 (sz=32, trace=301783, class=Point@5000255b)
OBJ 50003756 (sz=32, trace=301537, class=Point@5000255b)
ARR 50003757 (sz=32, trace=301784, nelems=0, elem type=char[])
OBJ 50003758 (sz=32, trace=301535, class=sun.misc.FloatingDecimal$ASCIIToBinaryBuffer@500024ac)
ARR 50003759 (sz=32, trace=301785, nelems=0, elem type=char[])
OBJ 5000375a (sz=32, trace=301535, class=sun.misc.FloatingDecimal$ASCIIToBinaryBuffer@500024ac)
OBJ 5000375b (sz=32, trace=301786, class=Point@5000255b)
OBJ 5000375c (sz=32, trace=301787, class=Line@50006f05)
OBJ 5000375d (sz=24, trace=301779, class=java.lang.String@5000016f)
ARR 5000375e (sz=88, trace=300326, nelems=0, elem type=char[])
OBJ 5000375f (sz=24, trace=301497, class=java.util.ArrayList@500000c5)
OBJ 50003760 (sz=24, trace=301498, class=java.lang.String@5000016f)
ARR 50003761 (sz=32, trace=301499, nelems=0, elem type=char[])
ARR 50003762 (sz=56, trace=300281, nelems=0, elem type=java.lang.Object[]@5000010a)
OBJ 50003763 (sz=24, trace=301498, class=java.lang.String@5000016f)
ARR 50003764 (sz=32, trace=301499, nelems=0, elem type=char[])
OBJ 50003765 (sz=24, trace=301498, class=java.lang.String@5000016f)
OBJ 50003766 (sz=32, trace=301537, class=Point@5000255b)
ARR 50003767 (sz=32, trace=301499, nelems=0, elem type=char[])
OBJ 50003768 (sz=24, trace=301500, class=java.lang.String@5000016f)
ARR 50003769 (sz=32, trace=301501, nelems=0, elem type=char[])
ARR 5000376a (sz=32, trace=301780, nelems=0, elem type=java.lang.String[]@500000cf)
OBJ 5000376b (sz=40, trace=301504, class=java.util.ArrayList$SubList@5000248a)
OBJ 5000376c (sz=40, trace=301506, class=java.util.ArrayList$SubList$1@5000248d)
ARR 5000376d (sz=32, trace=301781, nelems=0, elem type=char[])
OBJ 5000376e (sz=32, trace=301535, class=sun.misc.FloatingDecimal$ASCIIToBinaryBuffer@500024ac)
ARR 5000376f (sz=32, trace=301782, nelems=0, elem type=char[])
OBJ 50003770 (sz=32, trace=301535, class=sun.misc.FloatingDecimal$ASCIIToBinaryBuffer@500024ac)
OBJ 50003771 (sz=32, trace=301783, class=Point@5000255b)
ARR 50003772 (sz=32, trace=301784, nelems=0, elem type=char[])
OBJ 50003773 (sz=32, trace=301535, class=sun.misc.FloatingDecimal$ASCIIToBinaryBuffer@500024ac)
ARR 50003774 (sz=32, trace=301785, nelems=0, elem type=char[])
OBJ 50003775 (sz=32, trace=301535, class=sun.misc.FloatingDecimal$ASCIIToBinaryBuffer@500024ac)
OBJ 50003776 (sz=32, trace=301537, class=Point@5000255b)
OBJ 50003777 (sz=32, trace=301786, class=Point@5000255b)
OBJ 50003778 (sz=32, trace=301787, class=Line@50006f05)
OBJ 50003779 (sz=24, trace=301779, class=java.lang.String@5000016f)
ARR 5000377a (sz=88, trace=300326, nelems=0, elem type=char[])
OBJ 5000377b (sz=24, trace=301497, class=java.util.ArrayList@500000c5)
OBJ 5000377c (sz=24, trace=301498, class=java.lang.String@5000016f)
ARR 5000377d (sz=32, trace=301499, nelems=0, elem type=char[])
ARR 5000377e (sz=56, trace=300281, nelems=0, elem type=java.lang.Object[]@5000010a)
OBJ 5000377f (sz=24, trace=301498, class=java.lang.String@5000016f)
ARR 50003780 (sz=32, trace=301499, nelems=0, elem type=char[])
OBJ 50003781 (sz=24, trace=301498, class=java.lang.String@5000016f)
ARR 50003782 (sz=32, trace=301499, nelems=0, elem type=char[])
OBJ 50003783 (sz=24, trace=301500, class=java.lang.String@5000016f)
ARR 50003784 (sz=32, trace=301501, nelems=0, elem type=char[])
ARR 50003785 (sz=32, trace=301780, nelems=0, elem type=java.lang.String[]@500000cf)
OBJ 50003786 (sz=32, trace=301537, class=Point@5000255b)
OBJ 50003787 (sz=40, trace=301504, class=java.util.ArrayList$SubList@5000248a)
OBJ 50003788 (sz=40, trace=301506, class=java.util.ArrayList$SubList$1@5000248d)
ARR 50003789 (sz=32, trace=301781, nelems=0, elem type=char[])
OBJ 5000378a (sz=32, trace=301535, class=sun.misc.FloatingDecimal$ASCIIToBinaryBuffer@500024ac)
ARR 5000378b (sz=32, trace=301782, nelems=0, elem type=char[])
OBJ 5000378c (sz=32, trace=301535, class=sun.misc.FloatingDecimal$ASCIIToBinaryBuffer@500024ac)
OBJ 5000378d (sz=32, trace=301783, class=Point@5000255b)
ARR 5000378e (sz=32, trace=301784, nelems=0, elem type=char[])
OBJ 5000378f (sz=32, trace=301535, class=sun.misc.FloatingDecimal$ASCIIToBinaryBuffer@500024ac)
ARR 50003790 (sz=32, trace=301785, nelems=0, elem type=char[])
OBJ 50003791 (sz=32, trace=301535, class=sun.misc.FloatingDecimal$ASCIIToBinaryBuffer@500024ac)
OBJ 50003792 (sz=32, trace=301786, class=Point@5000255b)
OBJ 50003793 (sz=32, trace=301787, class=Line@50006f05)
OBJ 50003794 (sz=24, trace=301779, class=java.lang.String@5000016f)
ARR 50003795 (sz=88, trace=300326, nelems=0, elem type=char[])
OBJ 50003796 (sz=32, trace=301537, class=Point@5000255b)
OBJ 50003797 (sz=24, trace=301497, class=java.util.ArrayList@500000c5)
OBJ 50003798 (sz=24, trace=301498, class=java.lang.String@5000016f)
ARR 50003799 (sz=32, trace=301499, nelems=0, elem type=char[])
ARR 5000379a (sz=56, trace=300281, nelems=0, elem type=java.lang.Object[]@5000010a)
OBJ 5000379b (sz=24, trace=301498, class=java.lang.String@5000016f)
ARR 5000379c (sz=32, trace=301499, nelems=0, elem type=char[])
OBJ 5000379d (sz=24, trace=301498, class=java.lang.String@5000016f)
ARR 5000379e (sz=32, trace=301499, nelems=0, elem type=char[])
OBJ 5000379f (sz=24, trace=301500, class=java.lang.String@5000016f)
ARR 500037a0 (sz=32, trace=301501, nelems=0, elem type=char[])
ARR 500037a1 (sz=32, trace=301780, nelems=0, elem type=java.lang.String[]@500000cf)
OBJ 500037a2 (sz=40, trace=301504, class=java.util.ArrayList$SubList@5000248a)
OBJ 500037a3 (sz=40, trace=301506, class=java.util.ArrayList$SubList$1@5000248d)
ARR 500037a4 (sz=32, trace=301781, nelems=0, elem type=char[])
OBJ 500037a5 (sz=32, trace=301535, class=sun.misc.FloatingDecimal$ASCIIToBinaryBuffer@500024ac)
OBJ 500037a6 (sz=32, trace=301537, class=Point@5000255b)
ARR 500037a7 (sz=32, trace=301782, nelems=0, elem type=char[])
OBJ 500037a8 (sz=32, trace=301535, class=sun.misc.FloatingDecimal$ASCIIToBinaryBuffer@500024ac)
OBJ 500037a9 (sz=32, trace=301783, class=Point@5000255b)
ARR 500037aa (sz=32, trace=301784, nelems=0, elem type=char[])
OBJ 500037ab (sz=32, trace=301535, class=sun.misc.FloatingDecimal$ASCIIToBinaryBuffer@500024ac)
ARR 500037ac (sz=32, trace=301785, nelems=0, elem type=char[])
OBJ 500037ad (sz=32, trace=301535, class=sun.misc.FloatingDecimal$ASCIIToBinaryBuffer@500024ac)
OBJ 500037ae (sz=32, trace=301786, class=Point@5000255b)
OBJ 500037af (sz=32, trace=301787, class=Line@50006f05)
OBJ 500037b0 (sz=24, trace=301779, class=java.lang.String@5000016f)
ARR 500037b1 (sz=88, trace=300326, nelems=0, elem type=char[])
OBJ 500037b2 (sz=24, trace=301497, class=java.util.ArrayList@500000c5)
OBJ 500037b3 (sz=24, trace=301498, class=java.lang.String@5000016f)
ARR 500037b4 (sz=32, trace=301499, nelems=0, elem type=char[])
ARR 500037b5 (sz=56, trace=300281, nelems=0, elem type=java.lang.Object[]@5000010a)
OBJ 500037b6 (sz=32, trace=301537, class=Point@5000255b)
OBJ 500037b7 (sz=24, trace=301498, class=java.lang.String@5000016f)
ARR 500037b8 (sz=32, trace=301499, nelems=0, elem type=char[])
OBJ 500037b9 (sz=24, trace=301498, class=java.lang.String@5000016f)
ARR 500037ba (sz=32, trace=301499, nelems=0, elem type=char[])
OBJ 500037bb (sz=24, trace=301500, class=java.lang.String@5000016f)
ARR 500037bc (sz=32, trace=301501, nelems=0, elem type=char[])
ARR 500037bd (sz=32, trace=301780, nelems=0, elem type=java.lang.String[]@500000cf)
OBJ 500037be (sz=40, trace=301504, class=java.util.ArrayList$SubList@5000248a)
OBJ 500037bf (sz=40, trace=301506, class=java.util.ArrayList$SubList$1@5000248d)
ARR 500037c0 (sz=32, trace=301781, nelems=0, elem type=char[])
OBJ 500037c1 (sz=32, trace=301535, class=sun.misc.FloatingDecimal$ASCIIToBinaryBuffer@500024ac)
ARR 500037c2 (sz=32, trace=301782, nelems=0, elem type=char[])
OBJ 500037c3 (sz=32, trace=301535, class=sun.misc.FloatingDecimal$ASCIIToBinaryBuffer@500024ac)
OBJ 500037c4 (sz=32, trace=301783, class=Point@5000255b)
ARR 500037c5 (sz=32, trace=301784, nelems=0, elem type=char[])
OBJ 500037c6 (sz=32, trace=301537, class=Point@5000255b)
OBJ 500037c7 (sz=32, trace=301535, class=sun.misc.FloatingDecimal$ASCIIToBinaryBuffer@500024ac)
ARR 500037c8 (sz=32, trace=301785, nelems=0, elem type=char[])
OBJ 500037c9 (sz=32, trace=301535, class=sun.misc.FloatingDecimal$ASCIIToBinaryBuffer@500024ac)
OBJ 500037ca (sz=32, trace=301786, class=Point@5000255b)
OBJ 500037cb (sz=32, trace=301787, class=Line@50006f05)
OBJ 500037cc (sz=24, trace=301779, class=java.lang.String@5000016f)
ARR 500037cd (sz=88, trace=300326, nelems=0, elem type=char[])
OBJ 500037ce (sz=24, trace=301497, class=java.util.ArrayList@500000c5)
OBJ 500037cf (sz=24, trace=301498, class=java.lang.String@5000016f)
ARR 500037d0 (sz=32, trace=301499, nelems=0, elem type=char[])
ARR 500037d1 (sz=56, trace=300281, nelems=0, elem type=java.lang.Object[]@5000010a)
OBJ 500037d2 (sz=24, trace=301498, class=java.lang.String@5000016f)
ARR 500037d3 (sz=32, trace=301499, nelems=0, elem type=char[])
OBJ 500037d4 (sz=24, trace=301498, class=java.lang.String@5000016f)
ARR 500037d5 (sz=32, trace=301499, nelems=0, elem type=char[])
OBJ 500037d6 (sz=32, trace=301537, class=Point@5000255b)
OBJ 500037d7 (sz=24, trace=301500, class=java.lang.String@5000016f)
ARR 500037d8 (sz=32, trace=301501, nelems=0, elem type=char[])
ARR 500037d9 (sz=32, trace=301780, nelems=0, elem type=java.lang.String[]@500000cf)
OBJ 500037da (sz=40, trace=301504, class=java.util.ArrayList$SubList@5000248a)
OBJ 500037db (sz=40, trace=301506, class=java.util.ArrayList$SubList$1@5000248d)
ARR 500037dc (sz=32, trace=301781, nelems=0, elem type=char[])
OBJ 500037dd (sz=32, trace=301535, class=sun.misc.FloatingDecimal$ASCIIToBinaryBuffer@500024ac)
ARR 500037de (sz=32, trace=301782, nelems=0, elem type=char[])
OBJ 500037df (sz=32, trace=301535, class=sun.misc.FloatingDecimal$ASCIIToBinaryBuffer@500024ac)
OBJ 500037e0 (sz=32, trace=301783, class=Point@5000255b)
ARR 500037e1 (sz=32, trace=301784, nelems=0, elem type=char[])
OBJ 500037e2 (sz=32, trace=301535, class=sun.misc.FloatingDecimal$ASCIIToBinaryBuffer@500024ac)
ARR 500037e3 (sz=32, trace=301785, nelems=0, elem type=char[])
OBJ 500037e4 (sz=32, trace=301535, class=sun.misc.FloatingDecimal$ASCIIToBinaryBuffer@500024ac)
OBJ 500037e5 (sz=32, trace=301786, class=Point@5000255b)
OBJ 500037e6 (sz=32, trace=301537, class=Point@5000255b)
OBJ 500037e7 (sz=32, trace=301787, class=Line@50006f05)
OBJ 500037e8 (sz=24, trace=301779, class=java.lang.String@5000016f)
ARR 500037e9 (sz=88, trace=300326, nelems=0, elem type=char[])
OBJ 500037ea (sz=24, trace=301497, class=java.util.ArrayList@500000c5)
OBJ 500037eb (sz=24, trace=301498, class=java.lang.String@5000016f)
ARR 500037ec (sz=32, trace=301499, nelems=0, elem type=char[])
ARR 500037ed (sz=56, trace=300281, nelems=0, elem type=java.lang.Object[]@5000010a)
OBJ 500037ee (sz=24, trace=301498, class=java.lang.String@5000016f)
ARR 500037ef (sz=32, trace=301499, nelems=0, elem type=char[])
OBJ 500037f0 (sz=24, trace=301498, class=java.lang.String@5000016f)
ARR 500037f1 (sz=32, trace=301499, nelems=0, elem type=char[])
OBJ 500037f2 (sz=24, trace=301500, class=java.lang.String@5000016f)
ARR 500037f3 (sz=32, trace=301501, nelems=0, elem type=char[])
ARR 500037f4 (sz=32, trace=301780, nelems=0, elem type=java.lang.String[]@500000cf)
OBJ 500037f5 (sz=40, trace=301504, class=java.util.ArrayList$SubList@5000248a)
OBJ 500037f6 (sz=32, trace=301537, class=Point@5000255b)
OBJ 500037f7 (sz=40, trace=301506, class=java.util.ArrayList$SubList$1@5000248d)
ARR 500037f8 (sz=32, trace=301781, nelems=0, elem type=char[])
OBJ 500037f9 (sz=32, trace=301535, class=sun.misc.FloatingDecimal$ASCIIToBinaryBuffer@500024ac)
ARR 500037fa (sz=32, trace=301782, nelems=0, elem type=char[])
OBJ 500037fb (sz=32, trace=301535, class=sun.misc.FloatingDecimal$ASCIIToBinaryBuffer@500024ac)
OBJ 500037fc (sz=32, trace=301783, class=Point@5000255b)
ARR 500037fd (sz=32, trace=301784, nelems=0, elem type=char[])
OBJ 500037fe (sz=32, trace=301535, class=sun.misc.FloatingDecimal$ASCIIToBinaryBuffer@500024ac)
ARR 500037ff (sz=32, trace=301785, nelems=0, elem type=char[])
OBJ 50003800 (sz=32, trace=301535, class=sun.misc.FloatingDecimal$ASCIIToBinaryBuffer@500024ac)
OBJ 50003801 (sz=32, trace=301786, class=Point@5000255b)
OBJ 50003802 (sz=32, trace=301787, class=Line@50006f05)
OBJ 50003803 (sz=24, trace=301779, class=java.lang.String@5000016f)
ARR 50003804 (sz=88, trace=300326, nelems=0, elem type=char[])
OBJ 50003805 (sz=24, trace=301497, class=java.util.ArrayList@500000c5)
OBJ 50003806 (sz=32, trace=301537, class=Point@5000255b)
OBJ 50003807 (sz=24, trace=301498, class=java.lang.String@5000016f)
ARR 50003808 (sz=32, trace=301499, nelems=0, elem type=char[])
ARR 50003809 (sz=56, trace=300281, nelems=0, elem type=java.lang.Object[]@5000010a)
OBJ 5000380a (sz=24, trace=301498, class=java.lang.String@5000016f)
ARR 5000380b (sz=32, trace=301499, nelems=0, elem type=char[])
OBJ 5000380c (sz=24, trace=301498, class=java.lang.String@5000016f)
ARR 5000380d (sz=32, trace=301499, nelems=0, elem type=char[])
OBJ 5000380e (sz=24, trace=301500, class=java.lang.String@5000016f)
ARR 5000380f (sz=32, trace=301501, nelems=0, elem type=char[])
ARR 50003810 (sz=32, trace=301780, nelems=0, elem type=java.lang.String[]@500000cf)
OBJ 50003811 (sz=40, trace=301504, class=java.util.ArrayList$SubList@5000248a)
OBJ 50003812 (sz=40, trace=301506, class=java.util.ArrayList$SubList$1@5000248d)
ARR 50003813 (sz=32, trace=301781, nelems=0, elem type=char[])
OBJ 50003814 (sz=32, trace=301535, class=sun.misc.FloatingDecimal$ASCIIToBinaryBuffer@500024ac)
ARR 50003815 (sz=32, trace=301782, nelems=0, elem type=char[])
OBJ 50003816 (sz=32, trace=301537, class=Point@5000255b)
OBJ 50003817 (sz=32, trace=301535, class=sun.misc.FloatingDecimal$ASCIIToBinaryBuffer@500024ac)
OBJ 50003818 (sz=32, trace=301783, class=Point@5000255b)
ARR 50003819 (sz=32, trace=301784, nelems=0, elem type=char[])
OBJ 5000381a (sz=32, trace=301535, class=sun.misc.FloatingDecimal$ASCIIToBinaryBuffer@500024ac)
ARR 5000381b (sz=32, trace=301785, nelems=0, elem type=char[])
OBJ 5000381c (sz=32, trace=301535, class=sun.misc.FloatingDecimal$ASCIIToBinaryBuffer@500024ac)
OBJ 5000381d (sz=32, trace=301786, class=Point@5000255b)
OBJ 5000381e (sz=32, trace=301787, class=Line@50006f05)
OBJ 5000381f (sz=24, trace=301779, class=java.lang.String@5000016f)
ARR 50003820 (sz=88, trace=300326, nelems=0, elem type=char[])
OBJ 50003821 (sz=24, trace=301497, class=java.util.ArrayList@500000c5)
OBJ 50003822 (sz=24, trace=301498, class=java.lang.String@5000016f)
ARR 50003823 (sz=32, trace=301499, nelems=0, elem type=char[])
ARR 50003824 (sz=56, trace=300281, nelems=0, elem type=java.lang.Object[]@5000010a)
OBJ 50003825 (sz=24, trace=301498, class=java.lang.String@5000016f)
OBJ 50003826 (sz=32, trace=301537, class=Point@5000255b)
ARR 50003827 (sz=32, trace=301499, nelems=0, elem type=char[])
OBJ 50003828 (sz=24, trace=301498, class=java.lang.String@5000016f)
ARR 50003829 (sz=32, trace=301499, nelems=0, elem type=char[])
OBJ 5000382a (sz=24, trace=301500, class=java.lang.String@5000016f)
ARR 5000382b (sz=32, trace=301501, nelems=0, elem type=char[])
ARR 5000382c (sz=32, trace=301780, nelems=0, elem type=java.lang.String[]@500000cf)
OBJ 5000382d (sz=40, trace=301504, class=java.util.ArrayList$SubList@5000248a)
OBJ 5000382e (sz=40, trace=301506, class=java.util.ArrayList$SubList$1@5000248d)
ARR 5000382f (sz=32, trace=301781, nelems=0, elem type=char[])
OBJ 50003830 (sz=32, trace=301535, class=sun.misc.FloatingDecimal$ASCIIToBinaryBuffer@500024ac)
ARR 50003831 (sz=32, trace=301782, nelems=0, elem type=char[])
OBJ 50003832 (sz=32, trace=301535, class=sun.misc.FloatingDecimal$ASCIIToBinaryBuffer@500024ac)
OBJ 50003833 (sz=32, trace=301783, class=Point@5000255b)
ARR 50003834 (sz=32, trace=301784, nelems=0, elem type=char[])
OBJ 50003835 (sz=32, trace=301535, class=sun.misc.FloatingDecimal$ASCIIToBinaryBuffer@500024ac)
OBJ 50003836 (sz=32, trace=301537, class=Point@5000255b)
ARR 50003837 (sz=32, trace=301785, nelems=0, elem type=char[])
OBJ 50003838 (sz=32, trace=301535, class=sun.misc.FloatingDecimal$ASCIIToBinaryBuffer@500024ac)
OBJ 50003839 (sz=32, trace=301786, class=Point@5000255b)
OBJ 5000383a (sz=32, trace=301787, class=Line@50006f05)
OBJ 5000383b (sz=24, trace=301779, class=java.lang.String@5000016f)
ARR 5000383c (sz=88, trace=300326, nelems=0, elem type=char[])
OBJ 5000383d (sz=24, trace=301497, class=java.util.ArrayList@500000c5)
OBJ 5000383e (sz=24, trace=301498, class=java.lang.String@5000016f)
ARR 5000383f (sz=32, trace=301499, nelems=0, elem type=char[])
ARR 50003840 (sz=56, trace=300281, nelems=0, elem type=java.lang.Object[]@5000010a)
OBJ 50003841 (sz=24, trace=301498, class=java.lang.String@5000016f)
ARR 50003842 (sz=32, trace=301499, nelems=0, elem type=char[])
OBJ 50003843 (sz=24, trace=301498, class=java.lang.String@5000016f)
ARR 50003844 (sz=32, trace=301499, nelems=0, elem type=char[])
OBJ 50003845 (sz=24, trace=301500, class=java.lang.String@5000016f)
OBJ 50003846 (sz=32, trace=301537, class=Point@5000255b)
ARR 50003847 (sz=32, trace=301501, nelems=0, elem type=char[])
ARR 50003848 (sz=32, trace=301780, nelems=0, elem type=java.lang.String[]@500000cf)
OBJ 50003849 (sz=40, trace=301504, class=java.util.ArrayList$SubList@5000248a)
OBJ 5000384a (sz=40, trace=301506, class=java.util.ArrayList$SubList$1@5000248d)
ARR 5000384b (sz=32, trace=301781, nelems=0, elem type=char[])
OBJ 5000384c (sz=32, trace=301535, class=sun.misc.FloatingDecimal$ASCIIToBinaryBuffer@500024ac)
ARR 5000384d (sz=32, trace=301782, nelems=0, elem type=char[])
OBJ 5000384e (sz=32, trace=301535, class=sun.misc.FloatingDecimal$ASCIIToBinaryBuffer@500024ac)
OBJ 5000384f (sz=32, trace=301783, class=Point@5000255b)
ARR 50003850 (sz=32, trace=301784, nelems=0, elem type=char[])
OBJ 50003851 (sz=32, trace=301535, class=sun.misc.FloatingDecimal$ASCIIToBinaryBuffer@500024ac)
ARR 50003852 (sz=32, trace=301785, nelems=0, elem type=char[])
OBJ 50003853 (sz=32, trace=301535, class=sun.misc.FloatingDecimal$ASCIIToBinaryBuffer@500024ac)
OBJ 50003854 (sz=32, trace=301786, class=Point@5000255b)
OBJ 50003855 (sz=32, trace=301787, class=Line@50006f05)
OBJ 50003856 (sz=32, trace=301537, class=Point@5000255b)
OBJ 50003857 (sz=24, trace=301779, class=java.lang.String@5000016f)
ARR 50003858 (sz=88, trace=300326, nelems=0, elem type=char[])
OBJ 50003859 (sz=24, trace=301497, class=java.util.ArrayList@500000c5)
OBJ 5000385a (sz=24, trace=301498, class=java.lang.String@5000016f)
ARR 5000385b (sz=32, trace=301499, nelems=0, elem type=char[])
ARR 5000385c (sz=56, trace=300281, nelems=0, elem type=java.lang.Object[]@5000010a)
OBJ 5000385d (sz=24, trace=301498, class=java.lang.String@5000016f)
ARR 5000385e (sz=32, trace=301499, nelems=0, elem type=char[])
OBJ 5000385f (sz=24, trace=301498, class=java.lang.String@5000016f)
ARR 50003860 (sz=32, trace=301499, nelems=0, elem type=char[])
OBJ 50003861 (sz=24, trace=301500, class=java.lang.String@5000016f)
ARR 50003862 (sz=32, trace=301501, nelems=0, elem type=char[])
ARR 50003863 (sz=32, trace=301780, nelems=0, elem type=java.lang.String[]@500000cf)
OBJ 50003864 (sz=40, trace=301504, class=java.util.ArrayList$SubList@5000248a)
OBJ 50003865 (sz=40, trace=301506, class=java.util.ArrayList$SubList$1@5000248d)
OBJ 50003866 (sz=32, trace=301537, class=Point@5000255b)
ARR 50003867 (sz=32, trace=301781, nelems=0, elem type=char[])
OBJ 50003868 (sz=32, trace=301535, class=sun.misc.FloatingDecimal$ASCIIToBinaryBuffer@500024ac)
ARR 50003869 (sz=32, trace=301782, nelems=0, elem type=char[])
OBJ 5000386a (sz=32, trace=301535, class=sun.misc.FloatingDecimal$ASCIIToBinaryBuffer@500024ac)
OBJ 5000386b (sz=32, trace=301783, class=Point@5000255b)
ARR 5000386c (sz=32, trace=301784, nelems=0, elem type=char[])
OBJ 5000386d (sz=32, trace=301535, class=sun.misc.FloatingDecimal$ASCIIToBinaryBuffer@500024ac)
ARR 5000386e (sz=32, trace=301785, nelems=0, elem type=char[])
OBJ 5000386f (sz=32, trace=301535, class=sun.misc.FloatingDecimal$ASCIIToBinaryBuffer@500024ac)
OBJ 50003870 (sz=32, trace=301786, class=Point@5000255b)
OBJ 50003871 (sz=32, trace=301787, class=Line@50006f05)
OBJ 50003872 (sz=24, trace=301779, class=java.lang.String@5000016f)
ARR 50003873 (sz=88, trace=300326, nelems=0, elem type=char[])
OBJ 50003874 (sz=24, trace=301497, class=java.util.ArrayList@500000c5)
OBJ 50003875 (sz=24, trace=301498, class=java.lang.String@5000016f)
OBJ 50003876 (sz=32, trace=301537, class=Point@5000255b)
ARR 50003877 (sz=32, trace=301499, nelems=0, elem type=char[])
ARR 50003878 (sz=56, trace=300281, nelems=0, elem type=java.lang.Object[]@5000010a)
OBJ 50003879 (sz=24, trace=301498, class=java.lang.String@5000016f)
ARR 5000387a (sz=32, trace=301499, nelems=0, elem type=char[])
OBJ 5000387b (sz=24, trace=301498, class=java.lang.String@5000016f)
ARR 5000387c (sz=32, trace=301499, nelems=0, elem type=char[])
OBJ 5000387d (sz=24, trace=301500, class=java.lang.String@5000016f)
ARR 5000387e (sz=40, trace=301501, nelems=0, elem type=char[])
ARR 5000387f (sz=32, trace=301780, nelems=0, elem type=java.lang.String[]@500000cf)
OBJ 50003880 (sz=40, trace=301504, class=java.util.ArrayList$SubList@5000248a)
OBJ 50003881 (sz=40, trace=301506, class=java.util.ArrayList$SubList$1@5000248d)
ARR 50003882 (sz=32, trace=301781, nelems=0, elem type=char[])
OBJ 50003883 (sz=32, trace=301535, class=sun.misc.FloatingDecimal$ASCIIToBinaryBuffer@500024ac)
ARR 50003884 (sz=32, trace=301782, nelems=0, elem type=char[])
OBJ 50003885 (sz=32, trace=301535, class=sun.misc.FloatingDecimal$ASCIIToBinaryBuffer@500024ac)
OBJ 50003886 (sz=32, trace=301537, class=Point@5000255b)
OBJ 50003887 (sz=32, trace=301783, class=Point@5000255b)
ARR 50003888 (sz=32, trace=301784, nelems=0, elem type=char[])
OBJ 50003889 (sz=32, trace=301535, class=sun.misc.FloatingDecimal$ASCIIToBinaryBuffer@500024ac)
ARR 5000388a (sz=40, trace=301785, nelems=0, elem type=char[])
OBJ 5000388b (sz=32, trace=301535, class=sun.misc.FloatingDecimal$ASCIIToBinaryBuffer@500024ac)
OBJ 5000388c (sz=32, trace=301786, class=Point@5000255b)
OBJ 5000388d (sz=32, trace=301787, class=Line@50006f05)
OBJ 5000388e (sz=24, trace=301779, class=java.lang.String@5000016f)
ARR 5000388f (sz=88, trace=300326, nelems=0, elem type=char[])
OBJ 50003890 (sz=24, trace=301497, class=java.util.ArrayList@500000c5)
OBJ 50003891 (sz=24, trace=301498, class=java.lang.String@5000016f)
ARR 50003892 (sz=32, trace=301499, nelems=0, elem type=char[])
ARR 50003893 (sz=56, trace=300281, nelems=0, elem type=java.lang.Object[]@5000010a)
OBJ 50003894 (sz=24, trace=301498, class=java.lang.String@5000016f)
ARR 50003895 (sz=32, trace=301499, nelems=0, elem type=char[])
OBJ 50003896 (sz=32, trace=301537, class=Point@5000255b)
OBJ 50003897 (sz=24, trace=301498, class=java.lang.String@5000016f)
ARR 50003898 (sz=32, trace=301499, nelems=0, elem type=char[])
OBJ 50003899 (sz=24, trace=301500, class=java.lang.String@5000016f)
ARR 5000389a (sz=32, trace=301501, nelems=0, elem type=char[])
ARR 5000389b (sz=32, trace=301780, nelems=0, elem type=java.lang.String[]@500000cf)
OBJ 5000389c (sz=40, trace=301504, class=java.util.ArrayList$SubList@5000248a)
OBJ 5000389d (sz=40, trace=301506, class=java.util.ArrayList$SubList$1@5000248d)
ARR 5000389e (sz=32, trace=301781, nelems=0, elem type=char[])
OBJ 5000389f (sz=32, trace=301535, class=sun.misc.FloatingDecimal$ASCIIToBinaryBuffer@500024ac)
ARR 500038a0 (sz=32, trace=301782, nelems=0, elem type=char[])
OBJ 500038a1 (sz=32, trace=301535, class=sun.misc.FloatingDecimal$ASCIIToBinaryBuffer@500024ac)
OBJ 500038a2 (sz=32, trace=301783, class=Point@5000255b)
ARR 500038a3 (sz=32, trace=301784, nelems=0, elem type=char[])
OBJ 500038a4 (sz=32, trace=301535, class=sun.misc.FloatingDecimal$ASCIIToBinaryBuffer@500024ac)
ARR 500038a5 (sz=32, trace=301785, nelems=0, elem type=char[])
OBJ 500038a6 (sz=32, trace=301537, class=Point@5000255b)
OBJ 500038a7 (sz=32, trace=301535, class=sun.misc.FloatingDecimal$ASCIIToBinaryBuffer@500024ac)
OBJ 500038a8 (sz=32, trace=301786, class=Point@5000255b)
OBJ 500038a9 (sz=32, trace=301787, class=Line@50006f05)
OBJ 500038aa (sz=24, trace=301779, class=java.lang.String@5000016f)
ARR 500038ab (sz=88, trace=300326, nelems=0, elem type=char[])
OBJ 500038ac (sz=24, trace=301497, class=java.util.ArrayList@500000c5)
OBJ 500038ad (sz=24, trace=301498, class=java.lang.String@5000016f)
ARR 500038ae (sz=32, trace=301499, nelems=0, elem type=char[])
ARR 500038af (sz=56, trace=300281, nelems=0, elem type=java.lang.Object[]@5000010a)
OBJ 500038b0 (sz=24, trace=301498, class=java.lang.String@5000016f)
ARR 500038b1 (sz=32, trace=301499, nelems=0, elem type=char[])
OBJ 500038b2 (sz=24, trace=301498, class=java.lang.String@5000016f)
ARR 500038b3 (sz=32, trace=301499, nelems=0, elem type=char[])
OBJ 500038b4 (sz=24, trace=301500, class=java.lang.String@5000016f)
ARR 500038b5 (sz=32, trace=301501, nelems=0, elem type=char[])
OBJ 500038b6 (sz=32, trace=301537, class=Point@5000255b)
ARR 500038b7 (sz=32, trace=301780, nelems=0, elem type=java.lang.String[]@500000cf)
OBJ 500038b8 (sz=40, trace=301504, class=java.util.ArrayList$SubList@5000248a)
OBJ 500038b9 (sz=40, trace=301506, class=java.util.ArrayList$SubList$1@5000248d)
ARR 500038ba (sz=32, trace=301781, nelems=0, elem type=char[])
OBJ 500038bb (sz=32, trace=301535, class=sun.misc.FloatingDecimal$ASCIIToBinaryBuffer@500024ac)
ARR 500038bc (sz=32, trace=301782, nelems=0, elem type=char[])
OBJ 500038bd (sz=32, trace=301535, class=sun.misc.FloatingDecimal$ASCIIToBinaryBuffer@500024ac)
OBJ 500038be (sz=32, trace=301783, class=Point@5000255b)
ARR 500038bf (sz=32, trace=301784, nelems=0, elem type=char[])
OBJ 500038c0 (sz=32, trace=301535, class=sun.misc.FloatingDecimal$ASCIIToBinaryBuffer@500024ac)
ARR 500038c1 (sz=32, trace=301785, nelems=0, elem type=char[])
OBJ 500038c2 (sz=32, trace=301535, class=sun.misc.FloatingDecimal$ASCIIToBinaryBuffer@500024ac)
OBJ 500038c3 (sz=32, trace=301786, class=Point@5000255b)
OBJ 500038c4 (sz=32, trace=301787, class=Line@50006f05)
OBJ 500038c5 (sz=24, trace=301779, class=java.lang.String@5000016f)
OBJ 500038c6 (sz=32, trace=301537, class=Point@5000255b)
ARR 500038c7 (sz=80, trace=300326, nelems=0, elem type=char[])
OBJ 500038c8 (sz=24, trace=301497, class=java.util.ArrayList@500000c5)
OBJ 500038c9 (sz=24, trace=301498, class=java.lang.String@5000016f)
ARR 500038ca (sz=32, trace=301499, nelems=0, elem type=char[])
ARR 500038cb (sz=56, trace=300281, nelems=0, elem type=java.lang.Object[]@5000010a)
OBJ 500038cc (sz=24, trace=301498, class=java.lang.String@5000016f)
ARR 500038cd (sz=32, trace=301499, nelems=0, elem type=char[])
OBJ 500038ce (sz=24, trace=301498, class=java.lang.String@5000016f)
ARR 500038cf (sz=32, trace=301499, nelems=0, elem type=char[])
OBJ 500038d0 (sz=24, trace=301500, class=java.lang.String@5000016f)
ARR 500038d1 (sz=32, trace=301501, nelems=0, elem type=char[])
ARR 500038d2 (sz=32, trace=301780, nelems=0, elem type=java.lang.String[]@500000cf)
OBJ 500038d3 (sz=40, trace=301504, class=java.util.ArrayList$SubList@5000248a)
OBJ 500038d4 (sz=40, trace=301506, class=java.util.ArrayList$SubList$1@5000248d)
ARR 500038d5 (sz=32, trace=301781, nelems=0, elem type=char[])
OBJ 500038d6 (sz=32, trace=301537, class=Point@5000255b)
OBJ 500038d7 (sz=32, trace=301535, class=sun.misc.FloatingDecimal$ASCIIToBinaryBuffer@500024ac)
ARR 500038d8 (sz=32, trace=301782, nelems=0, elem type=char[])
OBJ 500038d9 (sz=32, trace=301535, class=sun.misc.FloatingDecimal$ASCIIToBinaryBuffer@500024ac)
OBJ 500038da (sz=32, trace=301783, class=Point@5000255b)
ARR 500038db (sz=32, trace=301784, nelems=0, elem type=char[])
OBJ 500038dc (sz=32, trace=301535, class=sun.misc.FloatingDecimal$ASCIIToBinaryBuffer@500024ac)
ARR 500038dd (sz=32, trace=301785, nelems=0, elem type=char[])
OBJ 500038de (sz=32, trace=301535, class=sun.misc.FloatingDecimal$ASCIIToBinaryBuffer@500024ac)
OBJ 500038df (sz=32, trace=301786, class=Point@5000255b)
OBJ 500038e0 (sz=32, trace=301787, class=Line@50006f05)
OBJ 500038e1 (sz=24, trace=301779, class=java.lang.String@5000016f)
ARR 500038e2 (sz=80, trace=300326, nelems=0, elem type=char[])
OBJ 500038e3 (sz=24, trace=301497, class=java.util.ArrayList@500000c5)
OBJ 500038e4 (sz=24, trace=301498, class=java.lang.String@5000016f)
ARR 500038e5 (sz=32, trace=301499, nelems=0, elem type=char[])
OBJ 500038e6 (sz=32, trace=301537, class=Point@5000255b)
ARR 500038e7 (sz=56, trace=300281, nelems=0, elem type=java.lang.Object[]@5000010a)
OBJ 500038e8 (sz=24, trace=301498, class=java.lang.String@5000016f)
ARR 500038e9 (sz=32, trace=301499, nelems=0, elem type=char[])
OBJ 500038ea (sz=24, trace=301498, class=java.lang.String@5000016f)
ARR 500038eb (sz=32, trace=301499, nelems=0, elem type=char[])
OBJ 500038ec (sz=24, trace=301500, class=java.lang.String@5000016f)
ARR 500038ed (sz=32, trace=301501, nelems=0, elem type=char[])
ARR 500038ee (sz=32, trace=301780, nelems=0, elem type=java.lang.String[]@500000cf)
OBJ 500038ef (sz=40, trace=301504, class=java.util.ArrayList$SubList@5000248a)
OBJ 500038f0 (sz=40, trace=301506, class=java.util.ArrayList$SubList$1@5000248d)
ARR 500038f1 (sz=32, trace=301781, nelems=0, elem type=char[])
OBJ 500038f2 (sz=32, trace=301535, class=sun.misc.FloatingDecimal$ASCIIToBinaryBuffer@500024ac)
ARR 500038f3 (sz=32, trace=301782, nelems=0, elem type=char[])
OBJ 500038f4 (sz=32, trace=301535, class=sun.misc.FloatingDecimal$ASCIIToBinaryBuffer@500024ac)
OBJ 500038f5 (sz=32, trace=301783, class=Point@5000255b)
OBJ 500038f6 (sz=32, trace=301537, class=Point@5000255b)
ARR 500038f7 (sz=32, trace=301784, nelems=0, elem type=char[])
OBJ 500038f8 (sz=32, trace=301535, class=sun.misc.FloatingDecimal$ASCIIToBinaryBuffer@500024ac)
ARR 500038f9 (sz=32, trace=301785, nelems=0, elem type=char[])
OBJ 500038fa (sz=32, trace=301535, class=sun.misc.FloatingDecimal$ASCIIToBinaryBuffer@500024ac)
OBJ 500038fb (sz=32, trace=301786, class=Point@5000255b)
OBJ 500038fc (sz=32, trace=301787, class=Line@50006f05)
OBJ 500038fd (sz=24, trace=301779, class=java.lang.String@5000016f)
ARR 500038fe (sz=80, trace=300326, nelems=0, elem type=char[])
OBJ 500038ff (sz=24, trace=301497, class=java.util.ArrayList@500000c5)
OBJ 50003900 (sz=24, trace=301498, class=java.lang.String@5000016f)
ARR 50003901 (sz=32, trace=301499, nelems=0, elem type=char[])
ARR 50003902 (sz=56, trace=300281, nelems=0, elem type=java.lang.Object[]@5000010a)
OBJ 50003903 (sz=24, trace=301498, class=java.lang.String@5000016f)
ARR 50003904 (sz=32, trace=301499, nelems=0, elem type=char[])
OBJ 50003905 (sz=24, trace=301498, class=java.lang.String@5000016f)
OBJ 50003906 (sz=32, trace=301537, class=Point@5000255b)
ARR 50003907 (sz=32, trace=301499, nelems=0, elem type=char[])
OBJ 50003908 (sz=24, trace=301500, class=java.lang.String@5000016f)
ARR 50003909 (sz=32, trace=301501, nelems=0, elem type=char[])
ARR 5000390a (sz=32, trace=301780, nelems=0, elem type=java.lang.String[]@500000cf)
OBJ 5000390b (sz=40, trace=301504, class=java.util.ArrayList$SubList@5000248a)
OBJ 5000390c (sz=40, trace=301506, class=java.util.ArrayList$SubList$1@5000248d)
ARR 5000390d (sz=32, trace=301781, nelems=0, elem type=char[])
OBJ 5000390e (sz=32, trace=301535, class=sun.misc.FloatingDecimal$ASCIIToBinaryBuffer@500024ac)
ARR 5000390f (sz=32, trace=301782, nelems=0, elem type=char[])
OBJ 50003910 (sz=32, trace=301535, class=sun.misc.FloatingDecimal$ASCIIToBinaryBuffer@500024ac)
OBJ 50003911 (sz=32, trace=301783, class=Point@5000255b)
ARR 50003912 (sz=32, trace=301784, nelems=0, elem type=char[])
OBJ 50003913 (sz=32, trace=301535, class=sun.misc.FloatingDecimal$ASCIIToBinaryBuffer@500024ac)
ARR 50003914 (sz=32, trace=301785, nelems=0, elem type=char[])
OBJ 50003915 (sz=32, trace=301535, class=sun.misc.FloatingDecimal$ASCIIToBinaryBuffer@500024ac)
OBJ 50003916 (sz=32, trace=301537, class=Point@5000255b)
OBJ 50003917 (sz=32, trace=301786, class=Point@5000255b)
OBJ 50003918 (sz=32, trace=301787, class=Line@50006f05)
OBJ 50003919 (sz=24, trace=301779, class=java.lang.String@5000016f)
ARR 5000391a (sz=80, trace=300326, nelems=0, elem type=char[])
OBJ 5000391b (sz=24, trace=301497, class=java.util.ArrayList@500000c5)
OBJ 5000391c (sz=24, trace=301498, class=java.lang.String@5000016f)
ARR 5000391d (sz=32, trace=301499, nelems=0, elem type=char[])
ARR 5000391e (sz=56, trace=300281, nelems=0, elem type=java.lang.Object[]@5000010a)
OBJ 5000391f (sz=24, trace=301498, class=java.lang.String@5000016f)
ARR 50003920 (sz=32, trace=301499, nelems=0, elem type=char[])
OBJ 50003921 (sz=24, trace=301498, class=java.lang.String@5000016f)
ARR 50003922 (sz=32, trace=301499, nelems=0, elem type=char[])
OBJ 50003923 (sz=24, trace=301500, class=java.lang.String@5000016f)
ARR 50003924 (sz=32, trace=301501, nelems=0, elem type=char[])
ARR 50003925 (sz=32, trace=301780, nelems=0, elem type=java.lang.String[]@500000cf)
OBJ 50003926 (sz=32, trace=301537, class=Point@5000255b)
OBJ 50003927 (sz=40, trace=301504, class=java.util.ArrayList$SubList@5000248a)
OBJ 50003928 (sz=40, trace=301506, class=java.util.ArrayList$SubList$1@5000248d)
ARR 50003929 (sz=32, trace=301781, nelems=0, elem type=char[])
OBJ 5000392a (sz=32, trace=301535, class=sun.misc.FloatingDecimal$ASCIIToBinaryBuffer@500024ac)
ARR 5000392b (sz=32, trace=301782, nelems=0, elem type=char[])
OBJ 5000392c (sz=32, trace=301535, class=sun.misc.FloatingDecimal$ASCIIToBinaryBuffer@500024ac)
OBJ 5000392d (sz=32, trace=301783, class=Point@5000255b)
ARR 5000392e (sz=32, trace=301784, nelems=0, elem type=char[])
OBJ 5000392f (sz=32, trace=301535, class=sun.misc.FloatingDecimal$ASCIIToBinaryBuffer@500024ac)
ARR 50003930 (sz=32, trace=301785, nelems=0, elem type=char[])
OBJ 50003931 (sz=32, trace=301535, class=sun.misc.FloatingDecimal$ASCIIToBinaryBuffer@500024ac)
OBJ 50003932 (sz=32, trace=301786, class=Point@5000255b)
OBJ 50003933 (sz=32, trace=301787, class=Line@50006f05)
OBJ 50003934 (sz=24, trace=301779, class=java.lang.String@5000016f)
ARR 50003935 (sz=88, trace=300326, nelems=0, elem type=char[])
OBJ 50003936 (sz=32, trace=301537, class=Point@5000255b)
OBJ 50003937 (sz=24, trace=301497, class=java.util.ArrayList@500000c5)
OBJ 50003938 (sz=24, trace=301498, class=java.lang.String@5000016f)
ARR 50003939 (sz=32, trace=301499, nelems=0, elem type=char[])
ARR 5000393a (sz=56, trace=300281, nelems=0, elem type=java.lang.Object[]@5000010a)
OBJ 5000393b (sz=24, trace=301498, class=java.lang.String@5000016f)
ARR 5000393c (sz=32, trace=301499, nelems=0, elem type=char[])
OBJ 5000393d (sz=24, trace=301498, class=java.lang.String@5000016f)
ARR 5000393e (sz=32, trace=301499, nelems=0, elem type=char[])
OBJ 5000393f (sz=24, trace=301500, class=java.lang.String@5000016f)
ARR 50003940 (sz=32, trace=301501, nelems=0, elem type=char[])
ARR 50003941 (sz=32, trace=301780, nelems=0, elem type=java.lang.String[]@500000cf)
OBJ 50003942 (sz=40, trace=301504, class=java.util.ArrayList$SubList@5000248a)
OBJ 50003943 (sz=40, trace=301506, class=java.util.ArrayList$SubList$1@5000248d)
ARR 50003944 (sz=32, trace=301781, nelems=0, elem type=char[])
OBJ 50003945 (sz=32, trace=301535, class=sun.misc.FloatingDecimal$ASCIIToBinaryBuffer@500024ac)
OBJ 50003946 (sz=32, trace=301537, class=Point@5000255b)
ARR 50003947 (sz=32, trace=301782, nelems=0, elem type=char[])
OBJ 50003948 (sz=32, trace=301535, class=sun.misc.FloatingDecimal$ASCIIToBinaryBuffer@500024ac)
OBJ 50003949 (sz=32, trace=301783, class=Point@5000255b)
ARR 5000394a (sz=32, trace=301784, nelems=0, elem type=char[])
OBJ 5000394b (sz=32, trace=301535, class=sun.misc.FloatingDecimal$ASCIIToBinaryBuffer@500024ac)
ARR 5000394c (sz=32, trace=301785, nelems=0, elem type=char[])
OBJ 5000394d (sz=32, trace=301535, class=sun.misc.FloatingDecimal$ASCIIToBinaryBuffer@500024ac)
OBJ 5000394e (sz=32, trace=301786, class=Point@5000255b)
OBJ 5000394f (sz=32, trace=301787, class=Line@50006f05)
OBJ 50003950 (sz=24, trace=301779, class=java.lang.String@5000016f)
ARR 50003951 (sz=80, trace=300326, nelems=0, elem type=char[])
OBJ 50003952 (sz=24, trace=301497, class=java.util.ArrayList@500000c5)
OBJ 50003953 (sz=24, trace=301498, class=java.lang.String@5000016f)
ARR 50003954 (sz=32, trace=301499, nelems=0, elem type=char[])
ARR 50003955 (sz=56, trace=300281, nelems=0, elem type=java.lang.Object[]@5000010a)
OBJ 50003956 (sz=32, trace=301537, class=Point@5000255b)
OBJ 50003957 (sz=24, trace=301498, class=java.lang.String@5000016f)
ARR 50003958 (sz=32, trace=301499, nelems=0, elem type=char[])
OBJ 50003959 (sz=24, trace=301498, class=java.lang.String@5000016f)
ARR 5000395a (sz=32, trace=301499, nelems=0, elem type=char[])
OBJ 5000395b (sz=24, trace=301500, class=java.lang.String@5000016f)
ARR 5000395c (sz=32, trace=301501, nelems=0, elem type=char[])
ARR 5000395d (sz=32, trace=301780, nelems=0, elem type=java.lang.String[]@500000cf)
OBJ 5000395e (sz=40, trace=301504, class=java.util.ArrayList$SubList@5000248a)
OBJ 5000395f (sz=40, trace=301506, class=java.util.ArrayList$SubList$1@5000248d)
ARR 50003960 (sz=32, trace=301781, nelems=0, elem type=char[])
OBJ 50003961 (sz=32, trace=301535, class=sun.misc.FloatingDecimal$ASCIIToBinaryBuffer@500024ac)
ARR 50003962 (sz=32, trace=301782, nelems=0, elem type=char[])
OBJ 50003963 (sz=32, trace=301535, class=sun.misc.FloatingDecimal$ASCIIToBinaryBuffer@500024ac)
OBJ 50003964 (sz=32, trace=301783, class=Point@5000255b)
ARR 50003965 (sz=32, trace=301784, nelems=0, elem type=char[])
OBJ 50003966 (sz=32, trace=301537, class=Point@5000255b)
OBJ 50003967 (sz=32, trace=301535, class=sun.misc.FloatingDecimal$ASCIIToBinaryBuffer@500024ac)
ARR 50003968 (sz=32, trace=301785, nelems=0, elem type=char[])
OBJ 50003969 (sz=32, trace=301535, class=sun.misc.FloatingDecimal$ASCIIToBinaryBuffer@500024ac)
OBJ 5000396a (sz=32, trace=301786, class=Point@5000255b)
OBJ 5000396b (sz=32, trace=301787, class=Line@50006f05)
OBJ 5000396c (sz=24, trace=301779, class=java.lang.String@5000016f)
ARR 5000396d (sz=80, trace=300326, nelems=0, elem type=char[])
OBJ 5000396e (sz=24, trace=301497, class=java.util.ArrayList@500000c5)
OBJ 5000396f (sz=24, trace=301498, class=java.lang.String@5000016f)
ARR 50003970 (sz=32, trace=301499, nelems=0, elem type=char[])
ARR 50003971 (sz=56, trace=300281, nelems=0, elem type=java.lang.Object[]@5000010a)
OBJ 50003972 (sz=24, trace=301498, class=java.lang.String@5000016f)
ARR 50003973 (sz=32, trace=301499, nelems=0, elem type=char[])
OBJ 50003974 (sz=24, trace=301498, class=java.lang.String@5000016f)
ARR 50003975 (sz=32, trace=301499, nelems=0, elem type=char[])
OBJ 50003976 (sz=32, trace=301537, class=Point@5000255b)
OBJ 50003977 (sz=24, trace=301500, class=java.lang.String@5000016f)
ARR 50003978 (sz=32, trace=301501, nelems=0, elem type=char[])
ARR 50003979 (sz=32, trace=301780, nelems=0, elem type=java.lang.String[]@500000cf)
OBJ 5000397a (sz=40, trace=301504, class=java.util.ArrayList$SubList@5000248a)
OBJ 5000397b (sz=40, trace=301506, class=java.util.ArrayList$SubList$1@5000248d)
ARR 5000397c (sz=32, trace=301781, nelems=0, elem type=char[])
OBJ 5000397d (sz=32, trace=301535, class=sun.misc.FloatingDecimal$ASCIIToBinaryBuffer@500024ac)
ARR 5000397e (sz=32, trace=301782, nelems=0, elem type=char[])
OBJ 5000397f (sz=32, trace=301535, class=sun.misc.FloatingDecimal$ASCIIToBinaryBuffer@500024ac)
OBJ 50003980 (sz=32, trace=301783, class=Point@5000255b)
ARR 50003981 (sz=32, trace=301784, nelems=0, elem type=char[])
OBJ 50003982 (sz=32, trace=301535, class=sun.misc.FloatingDecimal$ASCIIToBinaryBuffer@500024ac)
ARR 50003983 (sz=32, trace=301785, nelems=0, elem type=char[])
OBJ 50003984 (sz=32, trace=301535, class=sun.misc.FloatingDecimal$ASCIIToBinaryBuffer@500024ac)
OBJ 50003985 (sz=32, trace=301786, class=Point@5000255b)
OBJ 50003986 (sz=32, trace=301537, class=Point@5000255b)
OBJ 50003987 (sz=32, trace=301787, class=Line@50006f05)
OBJ 50003988 (sz=24, trace=301779, class=java.lang.String@5000016f)
ARR 50003989 (sz=80, trace=300326, nelems=0, elem type=char[])
OBJ 5000398a (sz=24, trace=301497, class=java.util.ArrayList@500000c5)
OBJ 5000398b (sz=24, trace=301498, class=java.lang.String@5000016f)
ARR 5000398c (sz=32, trace=301499, nelems=0, elem type=char[])
ARR 5000398d (sz=56, trace=300281, nelems=0, elem type=java.lang.Object[]@5000010a)
OBJ 5000398e (sz=24, trace=301498, class=java.lang.String@5000016f)
ARR 5000398f (sz=32, trace=301499, nelems=0, elem type=char[])
OBJ 50003990 (sz=24, trace=301498, class=java.lang.String@5000016f)
ARR 50003991 (sz=32, trace=301499, nelems=0, elem type=char[])
OBJ 50003992 (sz=24, trace=301500, class=java.lang.String@5000016f)
ARR 50003993 (sz=32, trace=301501, nelems=0, elem type=char[])
ARR 50003994 (sz=32, trace=301780, nelems=0, elem type=java.lang.String[]@500000cf)
OBJ 50003995 (sz=40, trace=301504, class=java.util.ArrayList$SubList@5000248a)
OBJ 50003996 (sz=32, trace=301537, class=Point@5000255b)
OBJ 50003997 (sz=40, trace=301506, class=java.util.ArrayList$SubList$1@5000248d)
ARR 50003998 (sz=32, trace=301781, nelems=0, elem type=char[])
OBJ 50003999 (sz=32, trace=301535, class=sun.misc.FloatingDecimal$ASCIIToBinaryBuffer@500024ac)
ARR 5000399a (sz=32, trace=301782, nelems=0, elem type=char[])
OBJ 5000399b (sz=32, trace=301535, class=sun.misc.FloatingDecimal$ASCIIToBinaryBuffer@500024ac)
OBJ 5000399c (sz=32, trace=301783, class=Point@5000255b)
ARR 5000399d (sz=32, trace=301784, nelems=0, elem type=char[])
OBJ 5000399e (sz=32, trace=301535, class=sun.misc.FloatingDecimal$ASCIIToBinaryBuffer@500024ac)
ARR 5000399f (sz=32, trace=301785, nelems=0, elem type=char[])
OBJ 500039a0 (sz=32, trace=301535, class=sun.misc.FloatingDecimal$ASCIIToBinaryBuffer@500024ac)
OBJ 500039a1 (sz=32, trace=301786, class=Point@5000255b)
OBJ 500039a2 (sz=32, trace=301787, class=Line@50006f05)
OBJ 500039a3 (sz=24, trace=301779, class=java.lang.String@5000016f)
ARR 500039a4 (sz=80, trace=300326, nelems=0, elem type=char[])
OBJ 500039a5 (sz=24, trace=301497, class=java.util.ArrayList@500000c5)
OBJ 500039a6 (sz=32, trace=301537, class=Point@5000255b)
OBJ 500039a7 (sz=24, trace=301498, class=java.lang.String@5000016f)
ARR 500039a8 (sz=32, trace=301499, nelems=0, elem type=char[])
ARR 500039a9 (sz=56, trace=300281, nelems=0, elem type=java.lang.Object[]@5000010a)
OBJ 500039aa (sz=24, trace=301498, class=java.lang.String@5000016f)
ARR 500039ab (sz=32, trace=301499, nelems=0, elem type=char[])
OBJ 500039ac (sz=24, trace=301498, class=java.lang.String@5000016f)
ARR 500039ad (sz=32, trace=301499, nelems=0, elem type=char[])
OBJ 500039ae (sz=24, trace=301500, class=java.lang.String@5000016f)
ARR 500039af (sz=32, trace=301501, nelems=0, elem type=char[])
ARR 500039b0 (sz=32, trace=301780, nelems=0, elem type=java.lang.String[]@500000cf)
OBJ 500039b1 (sz=40, trace=301504, class=java.util.ArrayList$SubList@5000248a)
OBJ 500039b2 (sz=40, trace=301506, class=java.util.ArrayList$SubList$1@5000248d)
ARR 500039b3 (sz=32, trace=301781, nelems=0, elem type=char[])
OBJ 500039b4 (sz=32, trace=301535, class=sun.misc.FloatingDecimal$ASCIIToBinaryBuffer@500024ac)
ARR 500039b5 (sz=32, trace=301782, nelems=0, elem type=char[])
OBJ 500039b6 (sz=32, trace=301537, class=Point@5000255b)
OBJ 500039b7 (sz=32, trace=301535, class=sun.misc.FloatingDecimal$ASCIIToBinaryBuffer@500024ac)
OBJ 500039b8 (sz=32, trace=301783, class=Point@5000255b)
ARR 500039b9 (sz=32, trace=301784, nelems=0, elem type=char[])
OBJ 500039ba (sz=32, trace=301535, class=sun.misc.FloatingDecimal$ASCIIToBinaryBuffer@500024ac)
ARR 500039bb (sz=32, trace=301785, nelems=0, elem type=char[])
OBJ 500039bc (sz=32, trace=301535, class=sun.misc.FloatingDecimal$ASCIIToBinaryBuffer@500024ac)
OBJ 500039bd (sz=32, trace=301786, class=Point@5000255b)
OBJ 500039be (sz=32, trace=301787, class=Line@50006f05)
OBJ 500039bf (sz=24, trace=301779, class=java.lang.String@5000016f)
ARR 500039c0 (sz=88, trace=300326, nelems=0, elem type=char[])
OBJ 500039c1 (sz=24, trace=301497, class=java.util.ArrayList@500000c5)
OBJ 500039c2 (sz=24, trace=301498, class=java.lang.String@5000016f)
ARR 500039c3 (sz=32, trace=301499, nelems=0, elem type=char[])
ARR 500039c4 (sz=56, trace=300281, nelems=0, elem type=java.lang.Object[]@5000010a)
OBJ 500039c5 (sz=24, trace=301498, class=java.lang.String@5000016f)
OBJ 500039c6 (sz=32, trace=301537, class=Point@5000255b)
ARR 500039c7 (sz=32, trace=301499, nelems=0, elem type=char[])
OBJ 500039c8 (sz=24, trace=301498, class=java.lang.String@5000016f)
ARR 500039c9 (sz=32, trace=301499, nelems=0, elem type=char[])
OBJ 500039ca (sz=24, trace=301500, class=java.lang.String@5000016f)
ARR 500039cb (sz=32, trace=301501, nelems=0, elem type=char[])
ARR 500039cc (sz=32, trace=301780, nelems=0, elem type=java.lang.String[]@500000cf)
OBJ 500039cd (sz=40, trace=301504, class=java.util.ArrayList$SubList@5000248a)
OBJ 500039ce (sz=40, trace=301506, class=java.util.ArrayList$SubList$1@5000248d)
ARR 500039cf (sz=32, trace=301781, nelems=0, elem type=char[])
OBJ 500039d0 (sz=32, trace=301535, class=sun.misc.FloatingDecimal$ASCIIToBinaryBuffer@500024ac)
ARR 500039d1 (sz=32, trace=301782, nelems=0, elem type=char[])
OBJ 500039d2 (sz=32, trace=301535, class=sun.misc.FloatingDecimal$ASCIIToBinaryBuffer@500024ac)
OBJ 500039d3 (sz=32, trace=301783, class=Point@5000255b)
ARR 500039d4 (sz=32, trace=301784, nelems=0, elem type=char[])
OBJ 500039d5 (sz=32, trace=301535, class=sun.misc.FloatingDecimal$ASCIIToBinaryBuffer@500024ac)
OBJ 500039d6 (sz=32, trace=301537, class=Point@5000255b)
ARR 500039d7 (sz=32, trace=301785, nelems=0, elem type=char[])
OBJ 500039d8 (sz=32, trace=301535, class=sun.misc.FloatingDecimal$ASCIIToBinaryBuffer@500024ac)
OBJ 500039d9 (sz=32, trace=301786, class=Point@5000255b)
OBJ 500039da (sz=32, trace=301787, class=Line@50006f05)
OBJ 500039db (sz=24, trace=301779, class=java.lang.String@5000016f)
ARR 500039dc (sz=80, trace=300326, nelems=0, elem type=char[])
OBJ 500039dd (sz=24, trace=301497, class=java.util.ArrayList@500000c5)
OBJ 500039de (sz=24, trace=301498, class=java.lang.String@5000016f)
ARR 500039df (sz=32, trace=301499, nelems=0, elem type=char[])
ARR 500039e0 (sz=56, trace=300281, nelems=0, elem type=java.lang.Object[]@5000010a)
OBJ 500039e1 (sz=24, trace=301498, class=java.lang.String@5000016f)
ARR 500039e2 (sz=32, trace=301499, nelems=0, elem type=char[])
OBJ 500039e3 (sz=24, trace=301498, class=java.lang.String@5000016f)
ARR 500039e4 (sz=32, trace=301499, nelems=0, elem type=char[])
OBJ 500039e5 (sz=24, trace=301500, class=java.lang.String@5000016f)
OBJ 500039e6 (sz=32, trace=301537, class=Point@5000255b)
ARR 500039e7 (sz=32, trace=301501, nelems=0, elem type=char[])
ARR 500039e8 (sz=32, trace=301780, nelems=0, elem type=java.lang.String[]@500000cf)
OBJ 500039e9 (sz=40, trace=301504, class=java.util.ArrayList$SubList@5000248a)
OBJ 500039ea (sz=40, trace=301506, class=java.util.ArrayList$SubList$1@5000248d)
ARR 500039eb (sz=32, trace=301781, nelems=0, elem type=char[])
OBJ 500039ec (sz=32, trace=301535, class=sun.misc.FloatingDecimal$ASCIIToBinaryBuffer@500024ac)
ARR 500039ed (sz=32, trace=301782, nelems=0, elem type=char[])
OBJ 500039ee (sz=32, trace=301535, class=sun.misc.FloatingDecimal$ASCIIToBinaryBuffer@500024ac)
OBJ 500039ef (sz=32, trace=301783, class=Point@5000255b)
ARR 500039f0 (sz=32, trace=301784, nelems=0, elem type=char[])
OBJ 500039f1 (sz=32, trace=301535, class=sun.misc.FloatingDecimal$ASCIIToBinaryBuffer@500024ac)
ARR 500039f2 (sz=32, trace=301785, nelems=0, elem type=char[])
OBJ 500039f3 (sz=32, trace=301535, class=sun.misc.FloatingDecimal$ASCIIToBinaryBuffer@500024ac)
OBJ 500039f4 (sz=32, trace=301786, class=Point@5000255b)
OBJ 500039f5 (sz=32, trace=301787, class=Line@50006f05)
OBJ 500039f6 (sz=32, trace=301537, class=Point@5000255b)
OBJ 500039f7 (sz=24, trace=301779, class=java.lang.String@5000016f)
ARR 500039f8 (sz=80, trace=300326, nelems=0, elem type=char[])
OBJ 500039f9 (sz=24, trace=301497, class=java.util.ArrayList@500000c5)
OBJ 500039fa (sz=24, trace=301498, class=java.lang.String@5000016f)
ARR 500039fb (sz=32, trace=301499, nelems=0, elem type=char[])
ARR 500039fc (sz=56, trace=300281, nelems=0, elem type=java.lang.Object[]@5000010a)
OBJ 500039fd (sz=24, trace=301498, class=java.lang.String@5000016f)
ARR 500039fe (sz=32, trace=301499, nelems=0, elem type=char[])
OBJ 500039ff (sz=24, trace=301498, class=java.lang.String@5000016f)
ARR 50003a00 (sz=32, trace=301499, nelems=0, elem type=char[])
OBJ 50003a01 (sz=24, trace=301500, class=java.lang.String@5000016f)
ARR 50003a02 (sz=32, trace=301501, nelems=0, elem type=char[])
ARR 50003a03 (sz=32, trace=301780, nelems=0, elem type=java.lang.String[]@500000cf)
OBJ 50003a04 (sz=40, trace=301504, class=java.util.ArrayList$SubList@5000248a)
OBJ 50003a05 (sz=40, trace=301506, class=java.util.ArrayList$SubList$1@5000248d)
OBJ 50003a06 (sz=32, trace=301537, class=Point@5000255b)
ARR 50003a07 (sz=32, trace=301781, nelems=0, elem type=char[])
OBJ 50003a08 (sz=32, trace=301535, class=sun.misc.FloatingDecimal$ASCIIToBinaryBuffer@500024ac)
ARR 50003a09 (sz=32, trace=301782, nelems=0, elem type=char[])
OBJ 50003a0a (sz=32, trace=301535, class=sun.misc.FloatingDecimal$ASCIIToBinaryBuffer@500024ac)
OBJ 50003a0b (sz=32, trace=301783, class=Point@5000255b)
ARR 50003a0c (sz=32, trace=301784, nelems=0, elem type=char[])
OBJ 50003a0d (sz=32, trace=301535, class=sun.misc.FloatingDecimal$ASCIIToBinaryBuffer@500024ac)
ARR 50003a0e (sz=32, trace=301785, nelems=0, elem type=char[])
OBJ 50003a0f (sz=32, trace=301535, class=sun.misc.FloatingDecimal$ASCIIToBinaryBuffer@500024ac)
OBJ 50003a10 (sz=32, trace=301786, class=Point@5000255b)
OBJ 50003a11 (sz=32, trace=301787, class=Line@50006f05)
OBJ 50003a12 (sz=24, trace=301779, class=java.lang.String@5000016f)
ARR 50003a13 (sz=88, trace=300326, nelems=0, elem type=char[])
OBJ 50003a14 (sz=24, trace=301497, class=java.util.ArrayList@500000c5)
OBJ 50003a15 (sz=24, trace=301498, class=java.lang.String@5000016f)
OBJ 50003a16 (sz=32, trace=301537, class=Point@5000255b)
ARR 50003a17 (sz=32, trace=301499, nelems=0, elem type=char[])
ARR 50003a18 (sz=56, trace=300281, nelems=0, elem type=java.lang.Object[]@5000010a)
OBJ 50003a19 (sz=24, trace=301498, class=java.lang.String@5000016f)
ARR 50003a1a (sz=32, trace=301499, nelems=0, elem type=char[])
OBJ 50003a1b (sz=24, trace=301498, class=java.lang.String@5000016f)
ARR 50003a1c (sz=32, trace=301499, nelems=0, elem type=char[])
OBJ 50003a1d (sz=24, trace=301500, class=java.lang.String@5000016f)
ARR 50003a1e (sz=32, trace=301501, nelems=0, elem type=char[])
ARR 50003a1f (sz=32, trace=301780, nelems=0, elem type=java.lang.String[]@500000cf)
OBJ 50003a20 (sz=40, trace=301504, class=java.util.ArrayList$SubList@5000248a)
OBJ 50003a21 (sz=40, trace=301506, class=java.util.ArrayList$SubList$1@5000248d)
ARR 50003a22 (sz=32, trace=301781, nelems=0, elem type=char[])
OBJ 50003a23 (sz=32, trace=301535, class=sun.misc.FloatingDecimal$ASCIIToBinaryBuffer@500024ac)
ARR 50003a24 (sz=32, trace=301782, nelems=0, elem type=char[])
OBJ 50003a25 (sz=32, trace=301535, class=sun.misc.FloatingDecimal$ASCIIToBinaryBuffer@500024ac)
OBJ 50003a26 (sz=32, trace=301537, class=Point@5000255b)
OBJ 50003a27 (sz=32, trace=301783, class=Point@5000255b)
ARR 50003a28 (sz=32, trace=301784, nelems=0, elem type=char[])
OBJ 50003a29 (sz=32, trace=301535, class=sun.misc.FloatingDecimal$ASCIIToBinaryBuffer@500024ac)
ARR 50003a2a (sz=32, trace=301785, nelems=0, elem type=char[])
OBJ 50003a2b (sz=32, trace=301535, class=sun.misc.FloatingDecimal$ASCIIToBinaryBuffer@500024ac)
OBJ 50003a2c (sz=32, trace=301786, class=Point@5000255b)
OBJ 50003a2d (sz=32, trace=301787, class=Line@50006f05)
OBJ 50003a2e (sz=24, trace=301779, class=java.lang.String@5000016f)
ARR 50003a2f (sz=88, trace=300326, nelems=0, elem type=char[])
OBJ 50003a30 (sz=24, trace=301497, class=java.util.ArrayList@500000c5)
OBJ 50003a31 (sz=24, trace=301498, class=java.lang.String@5000016f)
ARR 50003a32 (sz=32, trace=301499, nelems=0, elem type=char[])
ARR 50003a33 (sz=56, trace=300281, nelems=0, elem type=java.lang.Object[]@5000010a)
OBJ 50003a34 (sz=24, trace=301498, class=java.lang.String@5000016f)
ARR 50003a35 (sz=32, trace=301499, nelems=0, elem type=char[])
OBJ 50003a36 (sz=32, trace=301537, class=Point@5000255b)
OBJ 50003a37 (sz=24, trace=301498, class=java.lang.String@5000016f)
ARR 50003a38 (sz=32, trace=301499, nelems=0, elem type=char[])
OBJ 50003a39 (sz=24, trace=301500, class=java.lang.String@5000016f)
ARR 50003a3a (sz=32, trace=301501, nelems=0, elem type=char[])
ARR 50003a3b (sz=32, trace=301780, nelems=0, elem type=java.lang.String[]@500000cf)
OBJ 50003a3c (sz=40, trace=301504, class=java.util.ArrayList$SubList@5000248a)
OBJ 50003a3d (sz=40, trace=301506, class=java.util.ArrayList$SubList$1@5000248d)
ARR 50003a3e (sz=32, trace=301781, nelems=0, elem type=char[])
OBJ 50003a3f (sz=32, trace=301535, class=sun.misc.FloatingDecimal$ASCIIToBinaryBuffer@500024ac)
ARR 50003a40 (sz=32, trace=301782, nelems=0, elem type=char[])
OBJ 50003a41 (sz=32, trace=301535, class=sun.misc.FloatingDecimal$ASCIIToBinaryBuffer@500024ac)
OBJ 50003a42 (sz=32, trace=301783, class=Point@5000255b)
ARR 50003a43 (sz=32, trace=301784, nelems=0, elem type=char[])
OBJ 50003a44 (sz=32, trace=301535, class=sun.misc.FloatingDecimal$ASCIIToBinaryBuffer@500024ac)
ARR 50003a45 (sz=32, trace=301785, nelems=0, elem type=char[])
OBJ 50003a46 (sz=32, trace=301537, class=Point@5000255b)
OBJ 50003a47 (sz=32, trace=301535, class=sun.misc.FloatingDecimal$ASCIIToBinaryBuffer@500024ac)
OBJ 50003a48 (sz=32, trace=301786, class=Point@5000255b)
OBJ 50003a49 (sz=32, trace=301787, class=Line@50006f05)
OBJ 50003a4a (sz=24, trace=301779, class=java.lang.String@5000016f)
ARR 50003a4b (sz=88, trace=300326, nelems=0, elem type=char[])
OBJ 50003a4c (sz=24, trace=301497, class=java.util.ArrayList@500000c5)
OBJ 50003a4d (sz=24, trace=301498, class=java.lang.String@5000016f)
ARR 50003a4e (sz=32, trace=301499, nelems=0, elem type=char[])
ARR 50003a4f (sz=56, trace=300281, nelems=0, elem type=java.lang.Object[]@5000010a)
OBJ 50003a50 (sz=24, trace=301498, class=java.lang.String@5000016f)
ARR 50003a51 (sz=32, trace=301499, nelems=0, elem type=char[])
OBJ 50003a52 (sz=24, trace=301498, class=java.lang.String@5000016f)
ARR 50003a53 (sz=32, trace=301499, nelems=0, elem type=char[])
OBJ 50003a54 (sz=24, trace=301500, class=java.lang.String@5000016f)
ARR 50003a55 (sz=32, trace=301501, nelems=0, elem type=char[])
OBJ 50003a56 (sz=32, trace=301537, class=Point@5000255b)
ARR 50003a57 (sz=32, trace=301780, nelems=0, elem type=java.lang.String[]@500000cf)
OBJ 50003a58 (sz=40, trace=301504, class=java.util.ArrayList$SubList@5000248a)
OBJ 50003a59 (sz=40, trace=301506, class=java.util.ArrayList$SubList$1@5000248d)
ARR 50003a5a (sz=32, trace=301781, nelems=0, elem type=char[])
OBJ 50003a5b (sz=32, trace=301535, class=sun.misc.FloatingDecimal$ASCIIToBinaryBuffer@500024ac)
ARR 50003a5c (sz=32, trace=301782, nelems=0, elem type=char[])
OBJ 50003a5d (sz=32, trace=301535, class=sun.misc.FloatingDecimal$ASCIIToBinaryBuffer@500024ac)
OBJ 50003a5e (sz=32, trace=301783, class=Point@5000255b)
ARR 50003a5f (sz=32, trace=301784, nelems=0, elem type=char[])
OBJ 50003a60 (sz=32, trace=301535, class=sun.misc.FloatingDecimal$ASCIIToBinaryBuffer@500024ac)
ARR 50003a61 (sz=32, trace=301785, nelems=0, elem type=char[])
OBJ 50003a62 (sz=32, trace=301535, class=sun.misc.FloatingDecimal$ASCIIToBinaryBuffer@500024ac)
OBJ 50003a63 (sz=32, trace=301786, class=Point@5000255b)
OBJ 50003a64 (sz=32, trace=301787, class=Line@50006f05)
OBJ 50003a65 (sz=24, trace=301779, class=java.lang.String@5000016f)
OBJ 50003a66 (sz=32, trace=301537, class=Point@5000255b)
ARR 50003a67 (sz=88, trace=300326, nelems=0, elem type=char[])
OBJ 50003a68 (sz=24, trace=301497, class=java.util.ArrayList@500000c5)
OBJ 50003a69 (sz=24, trace=301498, class=java.lang.String@5000016f)
ARR 50003a6a (sz=32, trace=301499, nelems=0, elem type=char[])
ARR 50003a6b (sz=56, trace=300281, nelems=0, elem type=java.lang.Object[]@5000010a)
OBJ 50003a6c (sz=24, trace=301498, class=java.lang.String@5000016f)
ARR 50003a6d (sz=32, trace=301499, nelems=0, elem type=char[])
OBJ 50003a6e (sz=24, trace=301498, class=java.lang.String@5000016f)
ARR 50003a6f (sz=32, trace=301499, nelems=0, elem type=char[])
OBJ 50003a70 (sz=24, trace=301500, class=java.lang.String@5000016f)
ARR 50003a71 (sz=32, trace=301501, nelems=0, elem type=char[])
ARR 50003a72 (sz=32, trace=301780, nelems=0, elem type=java.lang.String[]@500000cf)
OBJ 50003a73 (sz=40, trace=301504, class=java.util.ArrayList$SubList@5000248a)
OBJ 50003a74 (sz=40, trace=301506, class=java.util.ArrayList$SubList$1@5000248d)
ARR 50003a75 (sz=32, trace=301781, nelems=0, elem type=char[])
OBJ 50003a76 (sz=32, trace=301537, class=Point@5000255b)
OBJ 50003a77 (sz=32, trace=301535, class=sun.misc.FloatingDecimal$ASCIIToBinaryBuffer@500024ac)
ARR 50003a78 (sz=32, trace=301782, nelems=0, elem type=char[])
OBJ 50003a79 (sz=32, trace=301535, class=sun.misc.FloatingDecimal$ASCIIToBinaryBuffer@500024ac)
OBJ 50003a7a (sz=32, trace=301783, class=Point@5000255b)
ARR 50003a7b (sz=32, trace=301784, nelems=0, elem type=char[])
OBJ 50003a7c (sz=32, trace=301535, class=sun.misc.FloatingDecimal$ASCIIToBinaryBuffer@500024ac)
ARR 50003a7d (sz=32, trace=301785, nelems=0, elem type=char[])
OBJ 50003a7e (sz=32, trace=301535, class=sun.misc.FloatingDecimal$ASCIIToBinaryBuffer@500024ac)
OBJ 50003a7f (sz=32, trace=301786, class=Point@5000255b)
OBJ 50003a80 (sz=32, trace=301787, class=Line@50006f05)
OBJ 50003a81 (sz=24, trace=301779, class=java.lang.String@5000016f)
ARR 50003a82 (sz=88, trace=300326, nelems=0, elem type=char[])
OBJ 50003a83 (sz=24, trace=301497, class=java.util.ArrayList@500000c5)
OBJ 50003a84 (sz=24, trace=301498, class=java.lang.String@5000016f)
ARR 50003a85 (sz=32, trace=301499, nelems=0, elem type=char[])
OBJ 50003a86 (sz=32, trace=301537, class=Point@5000255b)
ARR 50003a87 (sz=56, trace=300281, nelems=0, elem type=java.lang.Object[]@5000010a)
OBJ 50003a88 (sz=24, trace=301498, class=java.lang.String@5000016f)
ARR 50003a89 (sz=32, trace=301499, nelems=0, elem type=char[])
OBJ 50003a8a (sz=24, trace=301498, class=java.lang.String@5000016f)
ARR 50003a8b (sz=32, trace=301499, nelems=0, elem type=char[])
OBJ 50003a8c (sz=24, trace=301500, class=java.lang.String@5000016f)
ARR 50003a8d (sz=32, trace=301501, nelems=0, elem type=char[])
ARR 50003a8e (sz=32, trace=301780, nelems=0, elem type=java.lang.String[]@500000cf)
OBJ 50003a8f (sz=40, trace=301504, class=java.util.ArrayList$SubList@5000248a)
OBJ 50003a90 (sz=40, trace=301506, class=java.util.ArrayList$SubList$1@5000248d)
ARR 50003a91 (sz=32, trace=301781, nelems=0, elem type=char[])
OBJ 50003a92 (sz=32, trace=301535, class=sun.misc.FloatingDecimal$ASCIIToBinaryBuffer@500024ac)
ARR 50003a93 (sz=32, trace=301782, nelems=0, elem type=char[])
OBJ 50003a94 (sz=32, trace=301535, class=sun.misc.FloatingDecimal$ASCIIToBinaryBuffer@500024ac)
OBJ 50003a95 (sz=32, trace=301783, class=Point@5000255b)
OBJ 50003a96 (sz=32, trace=301537, class=Point@5000255b)
ARR 50003a97 (sz=32, trace=301784, nelems=0, elem type=char[])
OBJ 50003a98 (sz=32, trace=301535, class=sun.misc.FloatingDecimal$ASCIIToBinaryBuffer@500024ac)
ARR 50003a99 (sz=32, trace=301785, nelems=0, elem type=char[])
OBJ 50003a9a (sz=32, trace=301535, class=sun.misc.FloatingDecimal$ASCIIToBinaryBuffer@500024ac)
OBJ 50003a9b (sz=32, trace=301786, class=Point@5000255b)
OBJ 50003a9c (sz=32, trace=301787, class=Line@50006f05)
OBJ 50003a9d (sz=24, trace=301538, class=java.lang.StringBuffer@50000124)
ARR 50003a9e (sz=176, trace=301539, nelems=0, elem type=char[])
OBJ 50003a9f (sz=48, trace=300324, class=java.nio.HeapCharBuffer@50000035)
ARR 50003aa0 (sz=88, trace=301540, nelems=0, elem type=char[])
OBJ 50003aa1 (sz=24, trace=301541, class=java.lang.String@5000016f)
OBJ 50003aa2 (sz=24, trace=301497, class=java.util.ArrayList@500000c5)
OBJ 50003aa3 (sz=24, trace=301498, class=java.lang.String@5000016f)
ARR 50003aa4 (sz=32, trace=301499, nelems=0, elem type=char[])
ARR 50003aa5 (sz=56, trace=300281, nelems=0, elem type=java.lang.Object[]@5000010a)
OBJ 50003aa6 (sz=32, trace=301537, class=Point@5000255b)
OBJ 50003aa7 (sz=24, trace=301498, class=java.lang.String@5000016f)
ARR 50003aa8 (sz=32, trace=301499, nelems=0, elem type=char[])
OBJ 50003aa9 (sz=24, trace=301498, class=java.lang.String@5000016f)
ARR 50003aaa (sz=32, trace=301499, nelems=0, elem type=char[])
OBJ 50003aab (sz=24, trace=301500, class=java.lang.String@5000016f)
ARR 50003aac (sz=32, trace=301501, nelems=0, elem type=char[])
ARR 50003aad (sz=32, trace=301780, nelems=0, elem type=java.lang.String[]@500000cf)
OBJ 50003aae (sz=40, trace=301504, class=java.util.ArrayList$SubList@5000248a)
OBJ 50003aaf (sz=40, trace=301506, class=java.util.ArrayList$SubList$1@5000248d)
ARR 50003ab0 (sz=32, trace=301781, nelems=0, elem type=char[])
OBJ 50003ab1 (sz=32, trace=301535, class=sun.misc.FloatingDecimal$ASCIIToBinaryBuffer@500024ac)
ARR 50003ab2 (sz=32, trace=301782, nelems=0, elem type=char[])
OBJ 50003ab3 (sz=32, trace=301535, class=sun.misc.FloatingDecimal$ASCIIToBinaryBuffer@500024ac)
OBJ 50003ab4 (sz=32, trace=301783, class=Point@5000255b)
ARR 50003ab5 (sz=32, trace=301784, nelems=0, elem type=char[])
OBJ 50003ab6 (sz=32, trace=301537, class=Point@5000255b)
OBJ 50003ab7 (sz=32, trace=301535, class=sun.misc.FloatingDecimal$ASCIIToBinaryBuffer@500024ac)
ARR 50003ab8 (sz=32, trace=301785, nelems=0, elem type=char[])
OBJ 50003ab9 (sz=32, trace=301535, class=sun.misc.FloatingDecimal$ASCIIToBinaryBuffer@500024ac)
OBJ 50003aba (sz=32, trace=301786, class=Point@5000255b)
OBJ 50003abb (sz=32, trace=301787, class=Line@50006f05)
OBJ 50003abc (sz=24, trace=301779, class=java.lang.String@5000016f)
ARR 50003abd (sz=88, trace=300326, nelems=0, elem type=char[])
OBJ 50003abe (sz=24, trace=301497, class=java.util.ArrayList@500000c5)
OBJ 50003abf (sz=24, trace=301498, class=java.lang.String@5000016f)
ARR 50003ac0 (sz=32, trace=301499, nelems=0, elem type=char[])
ARR 50003ac1 (sz=56, trace=300281, nelems=0, elem type=java.lang.Object[]@5000010a)
OBJ 50003ac2 (sz=24, trace=301498, class=java.lang.String@5000016f)
ARR 50003ac3 (sz=32, trace=301499, nelems=0, elem type=char[])
OBJ 50003ac4 (sz=24, trace=301498, class=java.lang.String@5000016f)
ARR 50003ac5 (sz=32, trace=301499, nelems=0, elem type=char[])
OBJ 50003ac6 (sz=32, trace=301537, class=Point@5000255b)
OBJ 50003ac7 (sz=24, trace=301500, class=java.lang.String@5000016f)
ARR 50003ac8 (sz=32, trace=301501, nelems=0, elem type=char[])
ARR 50003ac9 (sz=32, trace=301780, nelems=0, elem type=java.lang.String[]@500000cf)
OBJ 50003aca (sz=40, trace=301504, class=java.util.ArrayList$SubList@5000248a)
OBJ 50003acb (sz=40, trace=301506, class=java.util.ArrayList$SubList$1@5000248d)
ARR 50003acc (sz=32, trace=301781, nelems=0, elem type=char[])
OBJ 50003acd (sz=32, trace=301535, class=sun.misc.FloatingDecimal$ASCIIToBinaryBuffer@500024ac)
ARR 50003ace (sz=32, trace=301782, nelems=0, elem type=char[])
OBJ 50003acf (sz=32, trace=301535, class=sun.misc.FloatingDecimal$ASCIIToBinaryBuffer@500024ac)
OBJ 50003ad0 (sz=32, trace=301783, class=Point@5000255b)
ARR 50003ad1 (sz=32, trace=301784, nelems=0, elem type=char[])
OBJ 50003ad2 (sz=32, trace=301535, class=sun.misc.FloatingDecimal$ASCIIToBinaryBuffer@500024ac)
ARR 50003ad3 (sz=32, trace=301785, nelems=0, elem type=char[])
OBJ 50003ad4 (sz=32, trace=301535, class=sun.misc.FloatingDecimal$ASCIIToBinaryBuffer@500024ac)
OBJ 50003ad5 (sz=32, trace=301786, class=Point@5000255b)
OBJ 50003ad6 (sz=32, trace=301537, class=Point@5000255b)
OBJ 50003ad7 (sz=32, trace=301787, class=Line@50006f05)
OBJ 50003ad8 (sz=24, trace=301779, class=java.lang.String@5000016f)
ARR 50003ad9 (sz=88, trace=300326, nelems=0, elem type=char[])
OBJ 50003ada (sz=24, trace=301497, class=java.util.ArrayList@500000c5)
OBJ 50003adb (sz=24, trace=301498, class=java.lang.String@5000016f)
ARR 50003adc (sz=32, trace=301499, nelems=0, elem type=char[])
ARR 50003add (sz=56, trace=300281, nelems=0, elem type=java.lang.Object[]@5000010a)
OBJ 50003ade (sz=24, trace=301498, class=java.lang.String@5000016f)
ARR 50003adf (sz=32, trace=301499, nelems=0, elem type=char[])
OBJ 50003ae0 (sz=24, trace=301498, class=java.lang.String@5000016f)
ARR 50003ae1 (sz=32, trace=301499, nelems=0, elem type=char[])
OBJ 50003ae2 (sz=24, trace=301500, class=java.lang.String@5000016f)
ARR 50003ae3 (sz=32, trace=301501, nelems=0, elem type=char[])
ARR 50003ae4 (sz=32, trace=301780, nelems=0, elem type=java.lang.String[]@500000cf)
OBJ 50003ae5 (sz=40, trace=301504, class=java.util.ArrayList$SubList@5000248a)
OBJ 50003ae6 (sz=32, trace=301537, class=Point@5000255b)
OBJ 50003ae7 (sz=40, trace=301506, class=java.util.ArrayList$SubList$1@5000248d)
ARR 50003ae8 (sz=32, trace=301781, nelems=0, elem type=char[])
OBJ 50003ae9 (sz=32, trace=301535, class=sun.misc.FloatingDecimal$ASCIIToBinaryBuffer@500024ac)
ARR 50003aea (sz=32, trace=301782, nelems=0, elem type=char[])
OBJ 50003aeb (sz=32, trace=301535, class=sun.misc.FloatingDecimal$ASCIIToBinaryBuffer@500024ac)
OBJ 50003aec (sz=32, trace=301783, class=Point@5000255b)
ARR 50003aed (sz=32, trace=301784, nelems=0, elem type=char[])
OBJ 50003aee (sz=32, trace=301535, class=sun.misc.FloatingDecimal$ASCIIToBinaryBuffer@500024ac)
ARR 50003aef (sz=32, trace=301785, nelems=0, elem type=char[])
OBJ 50003af0 (sz=32, trace=301535, class=sun.misc.FloatingDecimal$ASCIIToBinaryBuffer@500024ac)
OBJ 50003af1 (sz=32, trace=301786, class=Point@5000255b)
OBJ 50003af2 (sz=32, trace=301787, class=Line@50006f05)
OBJ 50003af3 (sz=24, trace=301779, class=java.lang.String@5000016f)
ARR 50003af4 (sz=88, trace=300326, nelems=0, elem type=char[])
OBJ 50003af5 (sz=24, trace=301497, class=java.util.ArrayList@500000c5)
OBJ 50003af6 (sz=32, trace=301537, class=Point@5000255b)
OBJ 50003af7 (sz=24, trace=301498, class=java.lang.String@5000016f)
ARR 50003af8 (sz=32, trace=301499, nelems=0, elem type=char[])
ARR 50003af9 (sz=56, trace=300281, nelems=0, elem type=java.lang.Object[]@5000010a)
OBJ 50003afa (sz=24, trace=301498, class=java.lang.String@5000016f)
ARR 50003afb (sz=32, trace=301499, nelems=0, elem type=char[])
OBJ 50003afc (sz=24, trace=301498, class=java.lang.String@5000016f)
ARR 50003afd (sz=32, trace=301499, nelems=0, elem type=char[])
OBJ 50003afe (sz=24, trace=301500, class=java.lang.String@5000016f)
ARR 50003aff (sz=32, trace=301501, nelems=0, elem type=char[])
ARR 50003b00 (sz=32, trace=301780, nelems=0, elem type=java.lang.String[]@500000cf)
OBJ 50003b01 (sz=40, trace=301504, class=java.util.ArrayList$SubList@5000248a)
OBJ 50003b02 (sz=40, trace=301506, class=java.util.ArrayList$SubList$1@5000248d)
ARR 50003b03 (sz=32, trace=301781, nelems=0, elem type=char[])
OBJ 50003b04 (sz=32, trace=301535, class=sun.misc.FloatingDecimal$ASCIIToBinaryBuffer@500024ac)
ARR 50003b05 (sz=32, trace=301782, nelems=0, elem type=char[])
OBJ 50003b06 (sz=32, trace=301537, class=Point@5000255b)
OBJ 50003b07 (sz=32, trace=301535, class=sun.misc.FloatingDecimal$ASCIIToBinaryBuffer@500024ac)
OBJ 50003b08 (sz=32, trace=301783, class=Point@5000255b)
ARR 50003b09 (sz=32, trace=301784, nelems=0, elem type=char[])
OBJ 50003b0a (sz=32, trace=301535, class=sun.misc.FloatingDecimal$ASCIIToBinaryBuffer@500024ac)
ARR 50003b0b (sz=32, trace=301785, nelems=0, elem type=char[])
OBJ 50003b0c (sz=32, trace=301535, class=sun.misc.FloatingDecimal$ASCIIToBinaryBuffer@500024ac)
OBJ 50003b0d (sz=32, trace=301786, class=Point@5000255b)
OBJ 50003b0e (sz=32, trace=301787, class=Line@50006f05)
OBJ 50003b0f (sz=24, trace=301779, class=java.lang.String@5000016f)
ARR 50003b10 (sz=88, trace=300326, nelems=0, elem type=char[])
OBJ 50003b11 (sz=24, trace=301497, class=java.util.ArrayList@500000c5)
OBJ 50003b12 (sz=24, trace=301498, class=java.lang.String@5000016f)
ARR 50003b13 (sz=32, trace=301499, nelems=0, elem type=char[])
ARR 50003b14 (sz=56, trace=300281, nelems=0, elem type=java.lang.Object[]@5000010a)
OBJ 50003b15 (sz=24, trace=301498, class=java.lang.String@5000016f)
OBJ 50003b16 (sz=32, trace=301537, class=Point@5000255b)
ARR 50003b17 (sz=32, trace=301499, nelems=0, elem type=char[])
OBJ 50003b18 (sz=24, trace=301498, class=java.lang.String@5000016f)
ARR 50003b19 (sz=32, trace=301499, nelems=0, elem type=char[])
OBJ 50003b1a (sz=24, trace=301500, class=java.lang.String@5000016f)
ARR 50003b1b (sz=32, trace=301501, nelems=0, elem type=char[])
ARR 50003b1c (sz=32, trace=301780, nelems=0, elem type=java.lang.String[]@500000cf)
OBJ 50003b1d (sz=40, trace=301504, class=java.util.ArrayList$SubList@5000248a)
OBJ 50003b1e (sz=40, trace=301506, class=java.util.ArrayList$SubList$1@5000248d)
ARR 50003b1f (sz=32, trace=301781, nelems=0, elem type=char[])
OBJ 50003b20 (sz=32, trace=301535, class=sun.misc.FloatingDecimal$ASCIIToBinaryBuffer@500024ac)
ARR 50003b21 (sz=32, trace=301782, nelems=0, elem type=char[])
OBJ 50003b22 (sz=32, trace=301535, class=sun.misc.FloatingDecimal$ASCIIToBinaryBuffer@500024ac)
OBJ 50003b23 (sz=32, trace=301783, class=Point@5000255b)
ARR 50003b24 (sz=32, trace=301784, nelems=0, elem type=char[])
OBJ 50003b25 (sz=32, trace=301535, class=sun.misc.FloatingDecimal$ASCIIToBinaryBuffer@500024ac)
OBJ 50003b26 (sz=32, trace=301537, class=Point@5000255b)
ARR 50003b27 (sz=32, trace=301785, nelems=0, elem type=char[])
OBJ 50003b28 (sz=32, trace=301535, class=sun.misc.FloatingDecimal$ASCIIToBinaryBuffer@500024ac)
OBJ 50003b29 (sz=32, trace=301786, class=Point@5000255b)
OBJ 50003b2a (sz=32, trace=301787, class=Line@50006f05)
OBJ 50003b2b (sz=24, trace=301779, class=java.lang.String@5000016f)
ARR 50003b2c (sz=88, trace=300326, nelems=0, elem type=char[])
OBJ 50003b2d (sz=24, trace=301497, class=java.util.ArrayList@500000c5)
OBJ 50003b2e (sz=24, trace=301498, class=java.lang.String@5000016f)
ARR 50003b2f (sz=32, trace=301499, nelems=0, elem type=char[])
ARR 50003b30 (sz=56, trace=300281, nelems=0, elem type=java.lang.Object[]@5000010a)
OBJ 50003b31 (sz=24, trace=301498, class=java.lang.String@5000016f)
ARR 50003b32 (sz=32, trace=301499, nelems=0, elem type=char[])
OBJ 50003b33 (sz=24, trace=301498, class=java.lang.String@5000016f)
ARR 50003b34 (sz=32, trace=301499, nelems=0, elem type=char[])
OBJ 50003b35 (sz=24, trace=301500, class=java.lang.String@5000016f)
OBJ 50003b36 (sz=32, trace=301537, class=Point@5000255b)
ARR 50003b37 (sz=32, trace=301501, nelems=0, elem type=char[])
ARR 50003b38 (sz=32, trace=301780, nelems=0, elem type=java.lang.String[]@500000cf)
OBJ 50003b39 (sz=40, trace=301504, class=java.util.ArrayList$SubList@5000248a)
OBJ 50003b3a (sz=40, trace=301506, class=java.util.ArrayList$SubList$1@5000248d)
ARR 50003b3b (sz=32, trace=301781, nelems=0, elem type=char[])
OBJ 50003b3c (sz=32, trace=301535, class=sun.misc.FloatingDecimal$ASCIIToBinaryBuffer@500024ac)
ARR 50003b3d (sz=32, trace=301782, nelems=0, elem type=char[])
OBJ 50003b3e (sz=32, trace=301535, class=sun.misc.FloatingDecimal$ASCIIToBinaryBuffer@500024ac)
OBJ 50003b3f (sz=32, trace=301783, class=Point@5000255b)
ARR 50003b40 (sz=32, trace=301784, nelems=0, elem type=char[])
OBJ 50003b41 (sz=32, trace=301535, class=sun.misc.FloatingDecimal$ASCIIToBinaryBuffer@500024ac)
ARR 50003b42 (sz=32, trace=301785, nelems=0, elem type=char[])
OBJ 50003b43 (sz=32, trace=301535, class=sun.misc.FloatingDecimal$ASCIIToBinaryBuffer@500024ac)
OBJ 50003b44 (sz=32, trace=301786, class=Point@5000255b)
OBJ 50003b45 (sz=32, trace=301787, class=Line@50006f05)
OBJ 50003b46 (sz=32, trace=301537, class=Point@5000255b)
OBJ 50003b47 (sz=24, trace=301779, class=java.lang.String@5000016f)
ARR 50003b48 (sz=88, trace=300326, nelems=0, elem type=char[])
OBJ 50003b49 (sz=24, trace=301497, class=java.util.ArrayList@500000c5)
OBJ 50003b4a (sz=24, trace=301498, class=java.lang.String@5000016f)
ARR 50003b4b (sz=32, trace=301499, nelems=0, elem type=char[])
ARR 50003b4c (sz=56, trace=300281, nelems=0, elem type=java.lang.Object[]@5000010a)
OBJ 50003b4d (sz=24, trace=301498, class=java.lang.String@5000016f)
ARR 50003b4e (sz=32, trace=301499, nelems=0, elem type=char[])
OBJ 50003b4f (sz=24, trace=301498, class=java.lang.String@5000016f)
ARR 50003b50 (sz=32, trace=301499, nelems=0, elem type=char[])
OBJ 50003b51 (sz=24, trace=301500, class=java.lang.String@5000016f)
ARR 50003b52 (sz=32, trace=301501, nelems=0, elem type=char[])
ARR 50003b53 (sz=32, trace=301780, nelems=0, elem type=java.lang.String[]@500000cf)
OBJ 50003b54 (sz=40, trace=301504, class=java.util.ArrayList$SubList@5000248a)
OBJ 50003b55 (sz=40, trace=301506, class=java.util.ArrayList$SubList$1@5000248d)
OBJ 50003b56 (sz=32, trace=301537, class=Point@5000255b)
ARR 50003b57 (sz=32, trace=301781, nelems=0, elem type=char[])
OBJ 50003b58 (sz=32, trace=301535, class=sun.misc.FloatingDecimal$ASCIIToBinaryBuffer@500024ac)
ARR 50003b59 (sz=32, trace=301782, nelems=0, elem type=char[])
OBJ 50003b5a (sz=32, trace=301535, class=sun.misc.FloatingDecimal$ASCIIToBinaryBuffer@500024ac)
OBJ 50003b5b (sz=32, trace=301783, class=Point@5000255b)
ARR 50003b5c (sz=32, trace=301784, nelems=0, elem type=char[])
OBJ 50003b5d (sz=32, trace=301535, class=sun.misc.FloatingDecimal$ASCIIToBinaryBuffer@500024ac)
ARR 50003b5e (sz=32, trace=301785, nelems=0, elem type=char[])
OBJ 50003b5f (sz=32, trace=301535, class=sun.misc.FloatingDecimal$ASCIIToBinaryBuffer@500024ac)
OBJ 50003b60 (sz=32, trace=301786, class=Point@5000255b)
OBJ 50003b61 (sz=32, trace=301787, class=Line@50006f05)
OBJ 50003b62 (sz=24, trace=301779, class=java.lang.String@5000016f)
ARR 50003b63 (sz=88, trace=300326, nelems=0, elem type=char[])
OBJ 50003b64 (sz=24, trace=301497, class=java.util.ArrayList@500000c5)
OBJ 50003b65 (sz=24, trace=301498, class=java.lang.String@5000016f)
OBJ 50003b66 (sz=32, trace=301537, class=Point@5000255b)
ARR 50003b67 (sz=32, trace=301499, nelems=0, elem type=char[])
ARR 50003b68 (sz=56, trace=300281, nelems=0, elem type=java.lang.Object[]@5000010a)
OBJ 50003b69 (sz=24, trace=301498, class=java.lang.String@5000016f)
ARR 50003b6a (sz=32, trace=301499, nelems=0, elem type=char[])
OBJ 50003b6b (sz=24, trace=301498, class=java.lang.String@5000016f)
ARR 50003b6c (sz=32, trace=301499, nelems=0, elem type=char[])
OBJ 50003b6d (sz=24, trace=301500, class=java.lang.String@5000016f)
ARR 50003b6e (sz=32, trace=301501, nelems=0, elem type=char[])
ARR 50003b6f (sz=32, trace=301780, nelems=0, elem type=java.lang.String[]@500000cf)
OBJ 50003b70 (sz=40, trace=301504, class=java.util.ArrayList$SubList@5000248a)
OBJ 50003b71 (sz=40, trace=301506, class=java.util.ArrayList$SubList$1@5000248d)
ARR 50003b72 (sz=32, trace=301781, nelems=0, elem type=char[])
OBJ 50003b73 (sz=32, trace=301535, class=sun.misc.FloatingDecimal$ASCIIToBinaryBuffer@500024ac)
ARR 50003b74 (sz=32, trace=301782, nelems=0, elem type=char[])
OBJ 50003b75 (sz=32, trace=301535, class=sun.misc.FloatingDecimal$ASCIIToBinaryBuffer@500024ac)
OBJ 50003b76 (sz=32, trace=301537, class=Point@5000255b)
OBJ 50003b77 (sz=32, trace=301783, class=Point@5000255b)
ARR 50003b78 (sz=32, trace=301784, nelems=0, elem type=char[])
OBJ 50003b79 (sz=32, trace=301535, class=sun.misc.FloatingDecimal$ASCIIToBinaryBuffer@500024ac)
ARR 50003b7a (sz=32, trace=301785, nelems=0, elem type=char[])
OBJ 50003b7b (sz=32, trace=301535, class=sun.misc.FloatingDecimal$ASCIIToBinaryBuffer@500024ac)
OBJ 50003b7c (sz=32, trace=301786, class=Point@5000255b)
OBJ 50003b7d (sz=32, trace=301787, class=Line@50006f05)
OBJ 50003b7e (sz=24, trace=301779, class=java.lang.String@5000016f)
ARR 50003b7f (sz=88, trace=300326, nelems=0, elem type=char[])
OBJ 50003b80 (sz=24, trace=301497, class=java.util.ArrayList@500000c5)
OBJ 50003b81 (sz=24, trace=301498, class=java.lang.String@5000016f)
ARR 50003b82 (sz=32, trace=301499, nelems=0, elem type=char[])
ARR 50003b83 (sz=56, trace=300281, nelems=0, elem type=java.lang.Object[]@5000010a)
OBJ 50003b84 (sz=24, trace=301498, class=java.lang.String@5000016f)
ARR 50003b85 (sz=32, trace=301499, nelems=0, elem type=char[])
OBJ 50003b86 (sz=32, trace=301537, class=Point@5000255b)
OBJ 50003b87 (sz=24, trace=301498, class=java.lang.String@5000016f)
ARR 50003b88 (sz=32, trace=301499, nelems=0, elem type=char[])
OBJ 50003b89 (sz=24, trace=301500, class=java.lang.String@5000016f)
ARR 50003b8a (sz=32, trace=301501, nelems=0, elem type=char[])
ARR 50003b8b (sz=32, trace=301780, nelems=0, elem type=java.lang.String[]@500000cf)
OBJ 50003b8c (sz=40, trace=301504, class=java.util.ArrayList$SubList@5000248a)
OBJ 50003b8d (sz=40, trace=301506, class=java.util.ArrayList$SubList$1@5000248d)
ARR 50003b8e (sz=32, trace=301781, nelems=0, elem type=char[])
OBJ 50003b8f (sz=32, trace=301535, class=sun.misc.FloatingDecimal$ASCIIToBinaryBuffer@500024ac)
ARR 50003b90 (sz=32, trace=301782, nelems=0, elem type=char[])
OBJ 50003b91 (sz=32, trace=301535, class=sun.misc.FloatingDecimal$ASCIIToBinaryBuffer@500024ac)
OBJ 50003b92 (sz=32, trace=301783, class=Point@5000255b)
ARR 50003b93 (sz=32, trace=301784, nelems=0, elem type=char[])
OBJ 50003b94 (sz=32, trace=301535, class=sun.misc.FloatingDecimal$ASCIIToBinaryBuffer@500024ac)
ARR 50003b95 (sz=32, trace=301785, nelems=0, elem type=char[])
OBJ 50003b96 (sz=32, trace=301537, class=Point@5000255b)
OBJ 50003b97 (sz=32, trace=301535, class=sun.misc.FloatingDecimal$ASCIIToBinaryBuffer@500024ac)
OBJ 50003b98 (sz=32, trace=301786, class=Point@5000255b)
OBJ 50003b99 (sz=32, trace=301787, class=Line@50006f05)
OBJ 50003b9a (sz=24, trace=301779, class=java.lang.String@5000016f)
ARR 50003b9b (sz=88, trace=300326, nelems=0, elem type=char[])
OBJ 50003b9c (sz=24, trace=301497, class=java.util.ArrayList@500000c5)
OBJ 50003b9d (sz=24, trace=301498, class=java.lang.String@5000016f)
ARR 50003b9e (sz=32, trace=301499, nelems=0, elem type=char[])
ARR 50003b9f (sz=56, trace=300281, nelems=0, elem type=java.lang.Object[]@5000010a)
OBJ 50003ba0 (sz=24, trace=301498, class=java.lang.String@5000016f)
ARR 50003ba1 (sz=32, trace=301499, nelems=0, elem type=char[])
OBJ 50003ba2 (sz=24, trace=301498, class=java.lang.String@5000016f)
ARR 50003ba3 (sz=32, trace=301499, nelems=0, elem type=char[])
OBJ 50003ba4 (sz=24, trace=301500, class=java.lang.String@5000016f)
ARR 50003ba5 (sz=32, trace=301501, nelems=0, elem type=char[])
OBJ 50003ba6 (sz=32, trace=301537, class=Point@5000255b)
ARR 50003ba7 (sz=32, trace=301780, nelems=0, elem type=java.lang.String[]@500000cf)
OBJ 50003ba8 (sz=40, trace=301504, class=java.util.ArrayList$SubList@5000248a)
OBJ 50003ba9 (sz=40, trace=301506, class=java.util.ArrayList$SubList$1@5000248d)
ARR 50003baa (sz=32, trace=301781, nelems=0, elem type=char[])
OBJ 50003bab (sz=32, trace=301535, class=sun.misc.FloatingDecimal$ASCIIToBinaryBuffer@500024ac)
ARR 50003bac (sz=32, trace=301782, nelems=0, elem type=char[])
OBJ 50003bad (sz=32, trace=301535, class=sun.misc.FloatingDecimal$ASCIIToBinaryBuffer@500024ac)
OBJ 50003bae (sz=32, trace=301783, class=Point@5000255b)
ARR 50003baf (sz=32, trace=301784, nelems=0, elem type=char[])
OBJ 50003bb0 (sz=32, trace=301535, class=sun.misc.FloatingDecimal$ASCIIToBinaryBuffer@500024ac)
ARR 50003bb1 (sz=32, trace=301785, nelems=0, elem type=char[])
OBJ 50003bb2 (sz=32, trace=301535, class=sun.misc.FloatingDecimal$ASCIIToBinaryBuffer@500024ac)
OBJ 50003bb3 (sz=32, trace=301786, class=Point@5000255b)
OBJ 50003bb4 (sz=32, trace=301787, class=Line@50006f05)
OBJ 50003bb5 (sz=24, trace=301779, class=java.lang.String@5000016f)
OBJ 50003bb6 (sz=32, trace=301537, class=Point@5000255b)
ARR 50003bb7 (sz=88, trace=300326, nelems=0, elem type=char[])
OBJ 50003bb8 (sz=24, trace=301497, class=java.util.ArrayList@500000c5)
OBJ 50003bb9 (sz=24, trace=301498, class=java.lang.String@5000016f)
ARR 50003bba (sz=32, trace=301499, nelems=0, elem type=char[])
ARR 50003bbb (sz=56, trace=300281, nelems=0, elem type=java.lang.Object[]@5000010a)
OBJ 50003bbc (sz=24, trace=301498, class=java.lang.String@5000016f)
ARR 50003bbd (sz=32, trace=301499, nelems=0, elem type=char[])
OBJ 50003bbe (sz=24, trace=301498, class=java.lang.String@5000016f)
ARR 50003bbf (sz=32, trace=301499, nelems=0, elem type=char[])
OBJ 50003bc0 (sz=24, trace=301500, class=java.lang.String@5000016f)
ARR 50003bc1 (sz=32, trace=301501, nelems=0, elem type=char[])
ARR 50003bc2 (sz=32, trace=301780, nelems=0, elem type=java.lang.String[]@500000cf)
OBJ 50003bc3 (sz=40, trace=301504, class=java.util.ArrayList$SubList@5000248a)
OBJ 50003bc4 (sz=40, trace=301506, class=java.util.ArrayList$SubList$1@5000248d)
ARR 50003bc5 (sz=32, trace=301781, nelems=0, elem type=char[])
OBJ 50003bc6 (sz=32, trace=301537, class=Point@5000255b)
OBJ 50003bc7 (sz=32, trace=301535, class=sun.misc.FloatingDecimal$ASCIIToBinaryBuffer@500024ac)
ARR 50003bc8 (sz=32, trace=301782, nelems=0, elem type=char[])
OBJ 50003bc9 (sz=32, trace=301535, class=sun.misc.FloatingDecimal$ASCIIToBinaryBuffer@500024ac)
OBJ 50003bca (sz=32, trace=301783, class=Point@5000255b)
ARR 50003bcb (sz=32, trace=301784, nelems=0, elem type=char[])
OBJ 50003bcc (sz=32, trace=301535, class=sun.misc.FloatingDecimal$ASCIIToBinaryBuffer@500024ac)
ARR 50003bcd (sz=32, trace=301785, nelems=0, elem type=char[])
OBJ 50003bce (sz=32, trace=301535, class=sun.misc.FloatingDecimal$ASCIIToBinaryBuffer@500024ac)
OBJ 50003bcf (sz=32, trace=301786, class=Point@5000255b)
OBJ 50003bd0 (sz=32, trace=301787, class=Line@50006f05)
OBJ 50003bd1 (sz=24, trace=301779, class=java.lang.String@5000016f)
ARR 50003bd2 (sz=88, trace=300326, nelems=0, elem type=char[])
OBJ 50003bd3 (sz=24, trace=301497, class=java.util.ArrayList@500000c5)
OBJ 50003bd4 (sz=24, trace=301498, class=java.lang.String@5000016f)
ARR 50003bd5 (sz=32, trace=301499, nelems=0, elem type=char[])
OBJ 50003bd6 (sz=32, trace=301537, class=Point@5000255b)
ARR 50003bd7 (sz=56, trace=300281, nelems=0, elem type=java.lang.Object[]@5000010a)
OBJ 50003bd8 (sz=24, trace=301498, class=java.lang.String@5000016f)
ARR 50003bd9 (sz=32, trace=301499, nelems=0, elem type=char[])
OBJ 50003bda (sz=24, trace=301498, class=java.lang.String@5000016f)
ARR 50003bdb (sz=32, trace=301499, nelems=0, elem type=char[])
OBJ 50003bdc (sz=24, trace=301500, class=java.lang.String@5000016f)
ARR 50003bdd (sz=32, trace=301501, nelems=0, elem type=char[])
ARR 50003bde (sz=32, trace=301780, nelems=0, elem type=java.lang.String[]@500000cf)
OBJ 50003bdf (sz=40, trace=301504, class=java.util.ArrayList$SubList@5000248a)
OBJ 50003be0 (sz=40, trace=301506, class=java.util.ArrayList$SubList$1@5000248d)
ARR 50003be1 (sz=32, trace=301781, nelems=0, elem type=char[])
OBJ 50003be2 (sz=32, trace=301535, class=sun.misc.FloatingDecimal$ASCIIToBinaryBuffer@500024ac)
ARR 50003be3 (sz=32, trace=301782, nelems=0, elem type=char[])
OBJ 50003be4 (sz=32, trace=301535, class=sun.misc.FloatingDecimal$ASCIIToBinaryBuffer@500024ac)
OBJ 50003be5 (sz=32, trace=301783, class=Point@5000255b)
OBJ 50003be6 (sz=32, trace=301537, class=Point@5000255b)
ARR 50003be7 (sz=32, trace=301784, nelems=0, elem type=char[])
OBJ 50003be8 (sz=32, trace=301535, class=sun.misc.FloatingDecimal$ASCIIToBinaryBuffer@500024ac)
ARR 50003be9 (sz=32, trace=301785, nelems=0, elem type=char[])
OBJ 50003bea (sz=32, trace=301535, class=sun.misc.FloatingDecimal$ASCIIToBinaryBuffer@500024ac)
OBJ 50003beb (sz=32, trace=301786, class=Point@5000255b)
OBJ 50003bec (sz=32, trace=301787, class=Line@50006f05)
OBJ 50003bed (sz=24, trace=301779, class=java.lang.String@5000016f)
ARR 50003bee (sz=88, trace=300326, nelems=0, elem type=char[])
OBJ 50003bef (sz=24, trace=301497, class=java.util.ArrayList@500000c5)
OBJ 50003bf0 (sz=24, trace=301498, class=java.lang.String@5000016f)
ARR 50003bf1 (sz=32, trace=301499, nelems=0, elem type=char[])
ARR 50003bf2 (sz=56, trace=300281, nelems=0, elem type=java.lang.Object[]@5000010a)
OBJ 50003bf3 (sz=24, trace=301498, class=java.lang.String@5000016f)
ARR 50003bf4 (sz=32, trace=301499, nelems=0, elem type=char[])
OBJ 50003bf5 (sz=24, trace=301498, class=java.lang.String@5000016f)
OBJ 50003bf6 (sz=32, trace=301537, class=Point@5000255b)
ARR 50003bf7 (sz=32, trace=301499, nelems=0, elem type=char[])
OBJ 50003bf8 (sz=24, trace=301500, class=java.lang.String@5000016f)
ARR 50003bf9 (sz=32, trace=301501, nelems=0, elem type=char[])
ARR 50003bfa (sz=32, trace=301780, nelems=0, elem type=java.lang.String[]@500000cf)
OBJ 50003bfb (sz=40, trace=301504, class=java.util.ArrayList$SubList@5000248a)
OBJ 50003bfc (sz=40, trace=301506, class=java.util.ArrayList$SubList$1@5000248d)
ARR 50003bfd (sz=32, trace=301781, nelems=0, elem type=char[])
OBJ 50003bfe (sz=32, trace=301535, class=sun.misc.FloatingDecimal$ASCIIToBinaryBuffer@500024ac)
ARR 50003bff (sz=32, trace=301782, nelems=0, elem type=char[])
OBJ 50003c00 (sz=32, trace=301535, class=sun.misc.FloatingDecimal$ASCIIToBinaryBuffer@500024ac)
OBJ 50003c01 (sz=32, trace=301783, class=Point@5000255b)
ARR 50003c02 (sz=32, trace=301784, nelems=0, elem type=char[])
OBJ 50003c03 (sz=32, trace=301535, class=sun.misc.FloatingDecimal$ASCIIToBinaryBuffer@500024ac)
ARR 50003c04 (sz=32, trace=301785, nelems=0, elem type=char[])
OBJ 50003c05 (sz=32, trace=301535, class=sun.misc.FloatingDecimal$ASCIIToBinaryBuffer@500024ac)
OBJ 50003c06 (sz=32, trace=301537, class=Point@5000255b)
OBJ 50003c07 (sz=32, trace=301786, class=Point@5000255b)
OBJ 50003c08 (sz=32, trace=301787, class=Line@50006f05)
OBJ 50003c09 (sz=24, trace=301779, class=java.lang.String@5000016f)
ARR 50003c0a (sz=88, trace=300326, nelems=0, elem type=char[])
OBJ 50003c0b (sz=24, trace=301497, class=java.util.ArrayList@500000c5)
OBJ 50003c0c (sz=24, trace=301498, class=java.lang.String@5000016f)
ARR 50003c0d (sz=32, trace=301499, nelems=0, elem type=char[])
ARR 50003c0e (sz=56, trace=300281, nelems=0, elem type=java.lang.Object[]@5000010a)
OBJ 50003c0f (sz=24, trace=301498, class=java.lang.String@5000016f)
ARR 50003c10 (sz=32, trace=301499, nelems=0, elem type=char[])
OBJ 50003c11 (sz=24, trace=301498, class=java.lang.String@5000016f)
ARR 50003c12 (sz=32, trace=301499, nelems=0, elem type=char[])
OBJ 50003c13 (sz=24, trace=301500, class=java.lang.String@5000016f)
ARR 50003c14 (sz=32, trace=301501, nelems=0, elem type=char[])
ARR 50003c15 (sz=32, trace=301780, nelems=0, elem type=java.lang.String[]@500000cf)
OBJ 50003c16 (sz=32, trace=301537, class=Point@5000255b)
OBJ 50003c17 (sz=40, trace=301504, class=java.util.ArrayList$SubList@5000248a)
OBJ 50003c18 (sz=40, trace=301506, class=java.util.ArrayList$SubList$1@5000248d)
ARR 50003c19 (sz=32, trace=301781, nelems=0, elem type=char[])
OBJ 50003c1a (sz=32, trace=301535, class=sun.misc.FloatingDecimal$ASCIIToBinaryBuffer@500024ac)
ARR 50003c1b (sz=32, trace=301782, nelems=0, elem type=char[])
OBJ 50003c1c (sz=32, trace=301535, class=sun.misc.FloatingDecimal$ASCIIToBinaryBuffer@500024ac)
OBJ 50003c1d (sz=32, trace=301783, class=Point@5000255b)
ARR 50003c1e (sz=32, trace=301784, nelems=0, elem type=char[])
OBJ 50003c1f (sz=32, trace=301535, class=sun.misc.FloatingDecimal$ASCIIToBinaryBuffer@500024ac)
ARR 50003c20 (sz=32, trace=301785, nelems=0, elem type=char[])
OBJ 50003c21 (sz=32, trace=301535, class=sun.misc.FloatingDecimal$ASCIIToBinaryBuffer@500024ac)
OBJ 50003c22 (sz=32, trace=301786, class=Point@5000255b)
OBJ 50003c23 (sz=32, trace=301787, class=Line@50006f05)
ARR 50003c24 (sz=1480, trace=300281, nelems=0, elem type=java.lang.Object[]@5000010a)
OBJ 50003c25 (sz=24, trace=301779, class=java.lang.String@5000016f)
OBJ 50003c26 (sz=32, trace=301537, class=Point@5000255b)
ARR 50003c27 (sz=88, trace=300326, nelems=0, elem type=char[])
OBJ 50003c28 (sz=24, trace=301497, class=java.util.ArrayList@500000c5)
OBJ 50003c29 (sz=24, trace=301498, class=java.lang.String@5000016f)
ARR 50003c2a (sz=32, trace=301499, nelems=0, elem type=char[])
ARR 50003c2b (sz=56, trace=300281, nelems=0, elem type=java.lang.Object[]@5000010a)
OBJ 50003c2c (sz=24, trace=301498, class=java.lang.String@5000016f)
ARR 50003c2d (sz=32, trace=301499, nelems=0, elem type=char[])
OBJ 50003c2e (sz=24, trace=301498, class=java.lang.String@5000016f)
ARR 50003c2f (sz=32, trace=301499, nelems=0, elem type=char[])
OBJ 50003c30 (sz=24, trace=301500, class=java.lang.String@5000016f)
ARR 50003c31 (sz=32, trace=301501, nelems=0, elem type=char[])
ARR 50003c32 (sz=32, trace=301780, nelems=0, elem type=java.lang.String[]@500000cf)
OBJ 50003c33 (sz=40, trace=301504, class=java.util.ArrayList$SubList@5000248a)
OBJ 50003c34 (sz=40, trace=301506, class=java.util.ArrayList$SubList$1@5000248d)
ARR 50003c35 (sz=32, trace=301781, nelems=0, elem type=char[])
OBJ 50003c36 (sz=32, trace=301537, class=Point@5000255b)
OBJ 50003c37 (sz=32, trace=301535, class=sun.misc.FloatingDecimal$ASCIIToBinaryBuffer@500024ac)
ARR 50003c38 (sz=32, trace=301782, nelems=0, elem type=char[])
OBJ 50003c39 (sz=32, trace=301535, class=sun.misc.FloatingDecimal$ASCIIToBinaryBuffer@500024ac)
OBJ 50003c3a (sz=32, trace=301783, class=Point@5000255b)
ARR 50003c3b (sz=32, trace=301784, nelems=0, elem type=char[])
OBJ 50003c3c (sz=32, trace=301535, class=sun.misc.FloatingDecimal$ASCIIToBinaryBuffer@500024ac)
ARR 50003c3d (sz=32, trace=301785, nelems=0, elem type=char[])
OBJ 50003c3e (sz=32, trace=301535, class=sun.misc.FloatingDecimal$ASCIIToBinaryBuffer@500024ac)
OBJ 50003c3f (sz=32, trace=301786, class=Point@5000255b)
OBJ 50003c40 (sz=32, trace=301787, class=Line@50006f05)
OBJ 50003c41 (sz=24, trace=301779, class=java.lang.String@5000016f)
ARR 50003c42 (sz=88, trace=300326, nelems=0, elem type=char[])
OBJ 50003c43 (sz=24, trace=301497, class=java.util.ArrayList@500000c5)
OBJ 50003c44 (sz=24, trace=301498, class=java.lang.String@5000016f)
ARR 50003c45 (sz=32, trace=301499, nelems=0, elem type=char[])
OBJ 50003c46 (sz=32, trace=301537, class=Point@5000255b)
ARR 50003c47 (sz=56, trace=300281, nelems=0, elem type=java.lang.Object[]@5000010a)
OBJ 50003c48 (sz=24, trace=301498, class=java.lang.String@5000016f)
ARR 50003c49 (sz=32, trace=301499, nelems=0, elem type=char[])
OBJ 50003c4a (sz=24, trace=301498, class=java.lang.String@5000016f)
ARR 50003c4b (sz=32, trace=301499, nelems=0, elem type=char[])
OBJ 50003c4c (sz=24, trace=301500, class=java.lang.String@5000016f)
ARR 50003c4d (sz=32, trace=301501, nelems=0, elem type=char[])
ARR 50003c4e (sz=32, trace=301780, nelems=0, elem type=java.lang.String[]@500000cf)
OBJ 50003c4f (sz=40, trace=301504, class=java.util.ArrayList$SubList@5000248a)
OBJ 50003c50 (sz=40, trace=301506, class=java.util.ArrayList$SubList$1@5000248d)
ARR 50003c51 (sz=32, trace=301781, nelems=0, elem type=char[])
OBJ 50003c52 (sz=32, trace=301535, class=sun.misc.FloatingDecimal$ASCIIToBinaryBuffer@500024ac)
ARR 50003c53 (sz=32, trace=301782, nelems=0, elem type=char[])
OBJ 50003c54 (sz=32, trace=301535, class=sun.misc.FloatingDecimal$ASCIIToBinaryBuffer@500024ac)
OBJ 50003c55 (sz=32, trace=301783, class=Point@5000255b)
ARR 50003c56 (sz=32, trace=301784, nelems=0, elem type=char[])
OBJ 50003c57 (sz=32, trace=301537, class=Point@5000255b)
OBJ 50003c58 (sz=32, trace=301535, class=sun.misc.FloatingDecimal$ASCIIToBinaryBuffer@500024ac)
ARR 50003c59 (sz=32, trace=301785, nelems=0, elem type=char[])
OBJ 50003c5a (sz=32, trace=301535, class=sun.misc.FloatingDecimal$ASCIIToBinaryBuffer@500024ac)
OBJ 50003c5b (sz=32, trace=301786, class=Point@5000255b)
OBJ 50003c5c (sz=32, trace=301787, class=Line@50006f05)
OBJ 50003c5d (sz=24, trace=301779, class=java.lang.String@5000016f)
ARR 50003c5e (sz=88, trace=300326, nelems=0, elem type=char[])
OBJ 50003c5f (sz=24, trace=301497, class=java.util.ArrayList@500000c5)
OBJ 50003c60 (sz=24, trace=301498, class=java.lang.String@5000016f)
ARR 50003c61 (sz=32, trace=301499, nelems=0, elem type=char[])
ARR 50003c62 (sz=56, trace=300281, nelems=0, elem type=java.lang.Object[]@5000010a)
OBJ 50003c63 (sz=24, trace=301498, class=java.lang.String@5000016f)
ARR 50003c64 (sz=32, trace=301499, nelems=0, elem type=char[])
OBJ 50003c65 (sz=24, trace=301498, class=java.lang.String@5000016f)
ARR 50003c66 (sz=32, trace=301499, nelems=0, elem type=char[])
OBJ 50003c67 (sz=32, trace=301537, class=Point@5000255b)
OBJ 50003c68 (sz=24, trace=301500, class=java.lang.String@5000016f)
ARR 50003c69 (sz=32, trace=301501, nelems=0, elem type=char[])
ARR 50003c6a (sz=32, trace=301780, nelems=0, elem type=java.lang.String[]@500000cf)
OBJ 50003c6b (sz=40, trace=301504, class=java.util.ArrayList$SubList@5000248a)
OBJ 50003c6c (sz=40, trace=301506, class=java.util.ArrayList$SubList$1@5000248d)
ARR 50003c6d (sz=32, trace=301781, nelems=0, elem type=char[])
OBJ 50003c6e (sz=32, trace=301535, class=sun.misc.FloatingDecimal$ASCIIToBinaryBuffer@500024ac)
ARR 50003c6f (sz=32, trace=301782, nelems=0, elem type=char[])
OBJ 50003c70 (sz=32, trace=301535, class=sun.misc.FloatingDecimal$ASCIIToBinaryBuffer@500024ac)
OBJ 50003c71 (sz=32, trace=301783, class=Point@5000255b)
ARR 50003c72 (sz=32, trace=301784, nelems=0, elem type=char[])
OBJ 50003c73 (sz=32, trace=301535, class=sun.misc.FloatingDecimal$ASCIIToBinaryBuffer@500024ac)
ARR 50003c74 (sz=32, trace=301785, nelems=0, elem type=char[])
OBJ 50003c75 (sz=32, trace=301535, class=sun.misc.FloatingDecimal$ASCIIToBinaryBuffer@500024ac)
OBJ 50003c76 (sz=32, trace=301786, class=Point@5000255b)
OBJ 50003c77 (sz=32, trace=301537, class=Point@5000255b)
OBJ 50003c78 (sz=32, trace=301787, class=Line@50006f05)
OBJ 50003c79 (sz=24, trace=301779, class=java.lang.String@5000016f)
ARR 50003c7a (sz=88, trace=300326, nelems=0, elem type=char[])
OBJ 50003c7b (sz=24, trace=301497, class=java.util.ArrayList@500000c5)
OBJ 50003c7c (sz=24, trace=301498, class=java.lang.String@5000016f)
ARR 50003c7d (sz=32, trace=301499, nelems=0, elem type=char[])
ARR 50003c7e (sz=56, trace=300281, nelems=0, elem type=java.lang.Object[]@5000010a)
OBJ 50003c7f (sz=24, trace=301498, class=java.lang.String@5000016f)
ARR 50003c80 (sz=32, trace=301499, nelems=0, elem type=char[])
OBJ 50003c81 (sz=24, trace=301498, class=java.lang.String@5000016f)
ARR 50003c82 (sz=32, trace=301499, nelems=0, elem type=char[])
OBJ 50003c83 (sz=24, trace=301500, class=java.lang.String@5000016f)
ARR 50003c84 (sz=32, trace=301501, nelems=0, elem type=char[])
ARR 50003c85 (sz=32, trace=301780, nelems=0, elem type=java.lang.String[]@500000cf)
OBJ 50003c86 (sz=40, trace=301504, class=java.util.ArrayList$SubList@5000248a)
OBJ 50003c87 (sz=32, trace=301537, class=Point@5000255b)
OBJ 50003c88 (sz=40, trace=301506, class=java.util.ArrayList$SubList$1@5000248d)
ARR 50003c89 (sz=32, trace=301781, nelems=0, elem type=char[])
OBJ 50003c8a (sz=32, trace=301535, class=sun.misc.FloatingDecimal$ASCIIToBinaryBuffer@500024ac)
ARR 50003c8b (sz=32, trace=301782, nelems=0, elem type=char[])
OBJ 50003c8c (sz=32, trace=301535, class=sun.misc.FloatingDecimal$ASCIIToBinaryBuffer@500024ac)
OBJ 50003c8d (sz=32, trace=301783, class=Point@5000255b)
ARR 50003c8e (sz=32, trace=301784, nelems=0, elem type=char[])
OBJ 50003c8f (sz=32, trace=301535, class=sun.misc.FloatingDecimal$ASCIIToBinaryBuffer@500024ac)
ARR 50003c90 (sz=32, trace=301785, nelems=0, elem type=char[])
OBJ 50003c91 (sz=32, trace=301535, class=sun.misc.FloatingDecimal$ASCIIToBinaryBuffer@500024ac)
OBJ 50003c92 (sz=32, trace=301786, class=Point@5000255b)
OBJ 50003c93 (sz=32, trace=301787, class=Line@50006f05)
OBJ 50003c94 (sz=24, trace=301779, class=java.lang.String@5000016f)
ARR 50003c95 (sz=88, trace=300326, nelems=0, elem type=char[])
OBJ 50003c96 (sz=24, trace=301497, class=java.util.ArrayList@500000c5)
OBJ 50003c97 (sz=32, trace=301537, class=Point@5000255b)
OBJ 50003c98 (sz=24, trace=301498, class=java.lang.String@5000016f)
ARR 50003c99 (sz=32, trace=301499, nelems=0, elem type=char[])
ARR 50003c9a (sz=56, trace=300281, nelems=0, elem type=java.lang.Object[]@5000010a)
OBJ 50003c9b (sz=24, trace=301498, class=java.lang.String@5000016f)
ARR 50003c9c (sz=32, trace=301499, nelems=0, elem type=char[])
OBJ 50003c9d (sz=24, trace=301498, class=java.lang.String@5000016f)
ARR 50003c9e (sz=32, trace=301499, nelems=0, elem type=char[])
OBJ 50003c9f (sz=24, trace=301500, class=java.lang.String@5000016f)
ARR 50003ca0 (sz=32, trace=301501, nelems=0, elem type=char[])
ARR 50003ca1 (sz=32, trace=301780, nelems=0, elem type=java.lang.String[]@500000cf)
OBJ 50003ca2 (sz=40, trace=301504, class=java.util.ArrayList$SubList@5000248a)
OBJ 50003ca3 (sz=40, trace=301506, class=java.util.ArrayList$SubList$1@5000248d)
ARR 50003ca4 (sz=32, trace=301781, nelems=0, elem type=char[])
OBJ 50003ca5 (sz=32, trace=301535, class=sun.misc.FloatingDecimal$ASCIIToBinaryBuffer@500024ac)
ARR 50003ca6 (sz=32, trace=301782, nelems=0, elem type=char[])
OBJ 50003ca7 (sz=32, trace=301537, class=Point@5000255b)
OBJ 50003ca8 (sz=32, trace=301535, class=sun.misc.FloatingDecimal$ASCIIToBinaryBuffer@500024ac)
OBJ 50003ca9 (sz=32, trace=301783, class=Point@5000255b)
ARR 50003caa (sz=32, trace=301784, nelems=0, elem type=char[])
OBJ 50003cab (sz=32, trace=301535, class=sun.misc.FloatingDecimal$ASCIIToBinaryBuffer@500024ac)
ARR 50003cac (sz=32, trace=301785, nelems=0, elem type=char[])
OBJ 50003cad (sz=32, trace=301535, class=sun.misc.FloatingDecimal$ASCIIToBinaryBuffer@500024ac)
OBJ 50003cae (sz=32, trace=301786, class=Point@5000255b)
OBJ 50003caf (sz=32, trace=301787, class=Line@50006f05)
OBJ 50003cb0 (sz=24, trace=301779, class=java.lang.String@5000016f)
ARR 50003cb1 (sz=88, trace=300326, nelems=0, elem type=char[])
OBJ 50003cb2 (sz=24, trace=301497, class=java.util.ArrayList@500000c5)
OBJ 50003cb3 (sz=24, trace=301498, class=java.lang.String@5000016f)
ARR 50003cb4 (sz=32, trace=301499, nelems=0, elem type=char[])
ARR 50003cb5 (sz=56, trace=300281, nelems=0, elem type=java.lang.Object[]@5000010a)
OBJ 50003cb6 (sz=24, trace=301498, class=java.lang.String@5000016f)
OBJ 50003cb7 (sz=32, trace=301537, class=Point@5000255b)
ARR 50003cb8 (sz=32, trace=301499, nelems=0, elem type=char[])
OBJ 50003cb9 (sz=24, trace=301498, class=java.lang.String@5000016f)
ARR 50003cba (sz=32, trace=301499, nelems=0, elem type=char[])
OBJ 50003cbb (sz=24, trace=301500, class=java.lang.String@5000016f)
ARR 50003cbc (sz=32, trace=301501, nelems=0, elem type=char[])
ARR 50003cbd (sz=32, trace=301780, nelems=0, elem type=java.lang.String[]@500000cf)
OBJ 50003cbe (sz=40, trace=301504, class=java.util.ArrayList$SubList@5000248a)
OBJ 50003cbf (sz=40, trace=301506, class=java.util.ArrayList$SubList$1@5000248d)
ARR 50003cc0 (sz=32, trace=301781, nelems=0, elem type=char[])
OBJ 50003cc1 (sz=32, trace=301535, class=sun.misc.FloatingDecimal$ASCIIToBinaryBuffer@500024ac)
ARR 50003cc2 (sz=32, trace=301782, nelems=0, elem type=char[])
OBJ 50003cc3 (sz=32, trace=301535, class=sun.misc.FloatingDecimal$ASCIIToBinaryBuffer@500024ac)
OBJ 50003cc4 (sz=32, trace=301783, class=Point@5000255b)
ARR 50003cc5 (sz=32, trace=301784, nelems=0, elem type=char[])
OBJ 50003cc6 (sz=32, trace=301535, class=sun.misc.FloatingDecimal$ASCIIToBinaryBuffer@500024ac)
OBJ 50003cc7 (sz=32, trace=301537, class=Point@5000255b)
ARR 50003cc8 (sz=32, trace=301785, nelems=0, elem type=char[])
OBJ 50003cc9 (sz=32, trace=301535, class=sun.misc.FloatingDecimal$ASCIIToBinaryBuffer@500024ac)
OBJ 50003cca (sz=32, trace=301786, class=Point@5000255b)
OBJ 50003ccb (sz=32, trace=301787, class=Line@50006f05)
OBJ 50003ccc (sz=24, trace=301779, class=java.lang.String@5000016f)
ARR 50003ccd (sz=88, trace=300326, nelems=0, elem type=char[])
OBJ 50003cce (sz=24, trace=301497, class=java.util.ArrayList@500000c5)
OBJ 50003ccf (sz=24, trace=301498, class=java.lang.String@5000016f)
ARR 50003cd0 (sz=32, trace=301499, nelems=0, elem type=char[])
ARR 50003cd1 (sz=56, trace=300281, nelems=0, elem type=java.lang.Object[]@5000010a)
OBJ 50003cd2 (sz=24, trace=301498, class=java.lang.String@5000016f)
ARR 50003cd3 (sz=32, trace=301499, nelems=0, elem type=char[])
OBJ 50003cd4 (sz=24, trace=301498, class=java.lang.String@5000016f)
ARR 50003cd5 (sz=32, trace=301499, nelems=0, elem type=char[])
OBJ 50003cd6 (sz=24, trace=301500, class=java.lang.String@5000016f)
OBJ 50003cd7 (sz=32, trace=301537, class=Point@5000255b)
ARR 50003cd8 (sz=32, trace=301501, nelems=0, elem type=char[])
ARR 50003cd9 (sz=32, trace=301780, nelems=0, elem type=java.lang.String[]@500000cf)
OBJ 50003cda (sz=40, trace=301504, class=java.util.ArrayList$SubList@5000248a)
OBJ 50003cdb (sz=40, trace=301506, class=java.util.ArrayList$SubList$1@5000248d)
ARR 50003cdc (sz=32, trace=301781, nelems=0, elem type=char[])
OBJ 50003cdd (sz=32, trace=301535, class=sun.misc.FloatingDecimal$ASCIIToBinaryBuffer@500024ac)
ARR 50003cde (sz=32, trace=301782, nelems=0, elem type=char[])
OBJ 50003cdf (sz=32, trace=301535, class=sun.misc.FloatingDecimal$ASCIIToBinaryBuffer@500024ac)
OBJ 50003ce0 (sz=32, trace=301783, class=Point@5000255b)
ARR 50003ce1 (sz=32, trace=301784, nelems=0, elem type=char[])
OBJ 50003ce2 (sz=32, trace=301535, class=sun.misc.FloatingDecimal$ASCIIToBinaryBuffer@500024ac)
ARR 50003ce3 (sz=32, trace=301785, nelems=0, elem type=char[])
OBJ 50003ce4 (sz=32, trace=301535, class=sun.misc.FloatingDecimal$ASCIIToBinaryBuffer@500024ac)
OBJ 50003ce5 (sz=32, trace=301786, class=Point@5000255b)
OBJ 50003ce6 (sz=32, trace=301787, class=Line@50006f05)
OBJ 50003ce7 (sz=32, trace=301537, class=Point@5000255b)
OBJ 50003ce8 (sz=24, trace=301779, class=java.lang.String@5000016f)
ARR 50003ce9 (sz=88, trace=300326, nelems=0, elem type=char[])
OBJ 50003cea (sz=24, trace=301497, class=java.util.ArrayList@500000c5)
OBJ 50003ceb (sz=24, trace=301498, class=java.lang.String@5000016f)
ARR 50003cec (sz=32, trace=301499, nelems=0, elem type=char[])
ARR 50003ced (sz=56, trace=300281, nelems=0, elem type=java.lang.Object[]@5000010a)
OBJ 50003cee (sz=24, trace=301498, class=java.lang.String@5000016f)
ARR 50003cef (sz=32, trace=301499, nelems=0, elem type=char[])
OBJ 50003cf0 (sz=24, trace=301498, class=java.lang.String@5000016f)
ARR 50003cf1 (sz=32, trace=301499, nelems=0, elem type=char[])
OBJ 50003cf2 (sz=24, trace=301500, class=java.lang.String@5000016f)
ARR 50003cf3 (sz=32, trace=301501, nelems=0, elem type=char[])
ARR 50003cf4 (sz=32, trace=301780, nelems=0, elem type=java.lang.String[]@500000cf)
OBJ 50003cf5 (sz=40, trace=301504, class=java.util.ArrayList$SubList@5000248a)
OBJ 50003cf6 (sz=40, trace=301506, class=java.util.ArrayList$SubList$1@5000248d)
OBJ 50003cf7 (sz=32, trace=301537, class=Point@5000255b)
ARR 50003cf8 (sz=32, trace=301781, nelems=0, elem type=char[])
OBJ 50003cf9 (sz=32, trace=301535, class=sun.misc.FloatingDecimal$ASCIIToBinaryBuffer@500024ac)
ARR 50003cfa (sz=32, trace=301782, nelems=0, elem type=char[])
OBJ 50003cfb (sz=32, trace=301535, class=sun.misc.FloatingDecimal$ASCIIToBinaryBuffer@500024ac)
OBJ 50003cfc (sz=32, trace=301783, class=Point@5000255b)
ARR 50003cfd (sz=32, trace=301784, nelems=0, elem type=char[])
OBJ 50003cfe (sz=32, trace=301535, class=sun.misc.FloatingDecimal$ASCIIToBinaryBuffer@500024ac)
ARR 50003cff (sz=32, trace=301785, nelems=0, elem type=char[])
OBJ 50003d00 (sz=32, trace=301535, class=sun.misc.FloatingDecimal$ASCIIToBinaryBuffer@500024ac)
OBJ 50003d01 (sz=32, trace=301786, class=Point@5000255b)
OBJ 50003d02 (sz=32, trace=301787, class=Line@50006f05)
OBJ 50003d03 (sz=24, trace=301779, class=java.lang.String@5000016f)
ARR 50003d04 (sz=88, trace=300326, nelems=0, elem type=char[])
OBJ 50003d05 (sz=24, trace=301497, class=java.util.ArrayList@500000c5)
OBJ 50003d06 (sz=24, trace=301498, class=java.lang.String@5000016f)
OBJ 50003d07 (sz=32, trace=301537, class=Point@5000255b)
ARR 50003d08 (sz=32, trace=301499, nelems=0, elem type=char[])
ARR 50003d09 (sz=56, trace=300281, nelems=0, elem type=java.lang.Object[]@5000010a)
OBJ 50003d0a (sz=24, trace=301498, class=java.lang.String@5000016f)
ARR 50003d0b (sz=32, trace=301499, nelems=0, elem type=char[])
OBJ 50003d0c (sz=24, trace=301498, class=java.lang.String@5000016f)
ARR 50003d0d (sz=32, trace=301499, nelems=0, elem type=char[])
OBJ 50003d0e (sz=24, trace=301500, class=java.lang.String@5000016f)
ARR 50003d0f (sz=32, trace=301501, nelems=0, elem type=char[])
ARR 50003d10 (sz=32, trace=301780, nelems=0, elem type=java.lang.String[]@500000cf)
OBJ 50003d11 (sz=40, trace=301504, class=java.util.ArrayList$SubList@5000248a)
OBJ 50003d12 (sz=40, trace=301506, class=java.util.ArrayList$SubList$1@5000248d)
ARR 50003d13 (sz=32, trace=301781, nelems=0, elem type=char[])
OBJ 50003d14 (sz=32, trace=301535, class=sun.misc.FloatingDecimal$ASCIIToBinaryBuffer@500024ac)
ARR 50003d15 (sz=32, trace=301782, nelems=0, elem type=char[])
OBJ 50003d16 (sz=32, trace=301535, class=sun.misc.FloatingDecimal$ASCIIToBinaryBuffer@500024ac)
OBJ 50003d17 (sz=32, trace=301537, class=Point@5000255b)
OBJ 50003d18 (sz=32, trace=301783, class=Point@5000255b)
ARR 50003d19 (sz=32, trace=301784, nelems=0, elem type=char[])
OBJ 50003d1a (sz=32, trace=301535, class=sun.misc.FloatingDecimal$ASCIIToBinaryBuffer@500024ac)
ARR 50003d1b (sz=32, trace=301785, nelems=0, elem type=char[])
OBJ 50003d1c (sz=32, trace=301535, class=sun.misc.FloatingDecimal$ASCIIToBinaryBuffer@500024ac)
OBJ 50003d1d (sz=32, trace=301786, class=Point@5000255b)
OBJ 50003d1e (sz=32, trace=301787, class=Line@50006f05)
OBJ 50003d1f (sz=24, trace=301779, class=java.lang.String@5000016f)
ARR 50003d20 (sz=88, trace=300326, nelems=0, elem type=char[])
OBJ 50003d21 (sz=24, trace=301497, class=java.util.ArrayList@500000c5)
OBJ 50003d22 (sz=24, trace=301498, class=java.lang.String@5000016f)
ARR 50003d23 (sz=32, trace=301499, nelems=0, elem type=char[])
ARR 50003d24 (sz=56, trace=300281, nelems=0, elem type=java.lang.Object[]@5000010a)
OBJ 50003d25 (sz=24, trace=301498, class=java.lang.String@5000016f)
ARR 50003d26 (sz=32, trace=301499, nelems=0, elem type=char[])
OBJ 50003d27 (sz=32, trace=301537, class=Point@5000255b)
OBJ 50003d28 (sz=24, trace=301498, class=java.lang.String@5000016f)
ARR 50003d29 (sz=32, trace=301499, nelems=0, elem type=char[])
OBJ 50003d2a (sz=24, trace=301500, class=java.lang.String@5000016f)
ARR 50003d2b (sz=32, trace=301501, nelems=0, elem type=char[])
ARR 50003d2c (sz=32, trace=301780, nelems=0, elem type=java.lang.String[]@500000cf)
OBJ 50003d2d (sz=40, trace=301504, class=java.util.ArrayList$SubList@5000248a)
OBJ 50003d2e (sz=40, trace=301506, class=java.util.ArrayList$SubList$1@5000248d)
ARR 50003d2f (sz=32, trace=301781, nelems=0, elem type=char[])
OBJ 50003d30 (sz=32, trace=301535, class=sun.misc.FloatingDecimal$ASCIIToBinaryBuffer@500024ac)
ARR 50003d31 (sz=32, trace=301782, nelems=0, elem type=char[])
OBJ 50003d32 (sz=32, trace=301535, class=sun.misc.FloatingDecimal$ASCIIToBinaryBuffer@500024ac)
OBJ 50003d33 (sz=32, trace=301783, class=Point@5000255b)
ARR 50003d34 (sz=32, trace=301784, nelems=0, elem type=char[])
OBJ 50003d35 (sz=32, trace=301535, class=sun.misc.FloatingDecimal$ASCIIToBinaryBuffer@500024ac)
ARR 50003d36 (sz=32, trace=301785, nelems=0, elem type=char[])
OBJ 50003d37 (sz=32, trace=301537, class=Point@5000255b)
OBJ 50003d38 (sz=32, trace=301535, class=sun.misc.FloatingDecimal$ASCIIToBinaryBuffer@500024ac)
OBJ 50003d39 (sz=32, trace=301786, class=Point@5000255b)
OBJ 50003d3a (sz=32, trace=301787, class=Line@50006f05)
OBJ 50003d3b (sz=24, trace=301779, class=java.lang.String@5000016f)
ARR 50003d3c (sz=80, trace=300326, nelems=0, elem type=char[])
OBJ 50003d3d (sz=24, trace=301497, class=java.util.ArrayList@500000c5)
OBJ 50003d3e (sz=24, trace=301498, class=java.lang.String@5000016f)
ARR 50003d3f (sz=32, trace=301499, nelems=0, elem type=char[])
ARR 50003d40 (sz=56, trace=300281, nelems=0, elem type=java.lang.Object[]@5000010a)
OBJ 50003d41 (sz=24, trace=301498, class=java.lang.String@5000016f)
ARR 50003d42 (sz=32, trace=301499, nelems=0, elem type=char[])
OBJ 50003d43 (sz=24, trace=301498, class=java.lang.String@5000016f)
ARR 50003d44 (sz=32, trace=301499, nelems=0, elem type=char[])
OBJ 50003d45 (sz=24, trace=301500, class=java.lang.String@5000016f)
ARR 50003d46 (sz=32, trace=301501, nelems=0, elem type=char[])
OBJ 50003d47 (sz=32, trace=301537, class=Point@5000255b)
ARR 50003d48 (sz=32, trace=301780, nelems=0, elem type=java.lang.String[]@500000cf)
OBJ 50003d49 (sz=40, trace=301504, class=java.util.ArrayList$SubList@5000248a)
OBJ 50003d4a (sz=40, trace=301506, class=java.util.ArrayList$SubList$1@5000248d)
ARR 50003d4b (sz=32, trace=301781, nelems=0, elem type=char[])
OBJ 50003d4c (sz=32, trace=301535, class=sun.misc.FloatingDecimal$ASCIIToBinaryBuffer@500024ac)
ARR 50003d4d (sz=32, trace=301782, nelems=0, elem type=char[])
OBJ 50003d4e (sz=32, trace=301535, class=sun.misc.FloatingDecimal$ASCIIToBinaryBuffer@500024ac)
OBJ 50003d4f (sz=32, trace=301783, class=Point@5000255b)
ARR 50003d50 (sz=32, trace=301784, nelems=0, elem type=char[])
OBJ 50003d51 (sz=32, trace=301535, class=sun.misc.FloatingDecimal$ASCIIToBinaryBuffer@500024ac)
ARR 50003d52 (sz=32, trace=301785, nelems=0, elem type=char[])
OBJ 50003d53 (sz=32, trace=301535, class=sun.misc.FloatingDecimal$ASCIIToBinaryBuffer@500024ac)
OBJ 50003d54 (sz=32, trace=301786, class=Point@5000255b)
OBJ 50003d55 (sz=32, trace=301787, class=Line@50006f05)
OBJ 50003d56 (sz=24, trace=301779, class=java.lang.String@5000016f)
OBJ 50003d57 (sz=32, trace=301537, class=Point@5000255b)
ARR 50003d58 (sz=80, trace=300326, nelems=0, elem type=char[])
OBJ 50003d59 (sz=24, trace=301497, class=java.util.ArrayList@500000c5)
OBJ 50003d5a (sz=24, trace=301498, class=java.lang.String@5000016f)
ARR 50003d5b (sz=32, trace=301499, nelems=0, elem type=char[])
ARR 50003d5c (sz=56, trace=300281, nelems=0, elem type=java.lang.Object[]@5000010a)
OBJ 50003d5d (sz=24, trace=301498, class=java.lang.String@5000016f)
ARR 50003d5e (sz=32, trace=301499, nelems=0, elem type=char[])
OBJ 50003d5f (sz=24, trace=301498, class=java.lang.String@5000016f)
ARR 50003d60 (sz=32, trace=301499, nelems=0, elem type=char[])
OBJ 50003d61 (sz=24, trace=301500, class=java.lang.String@5000016f)
ARR 50003d62 (sz=32, trace=301501, nelems=0, elem type=char[])
ARR 50003d63 (sz=32, trace=301780, nelems=0, elem type=java.lang.String[]@500000cf)
OBJ 50003d64 (sz=40, trace=301504, class=java.util.ArrayList$SubList@5000248a)
OBJ 50003d65 (sz=40, trace=301506, class=java.util.ArrayList$SubList$1@5000248d)
ARR 50003d66 (sz=32, trace=301781, nelems=0, elem type=char[])
OBJ 50003d67 (sz=32, trace=301537, class=Point@5000255b)
OBJ 50003d68 (sz=32, trace=301535, class=sun.misc.FloatingDecimal$ASCIIToBinaryBuffer@500024ac)
ARR 50003d69 (sz=32, trace=301782, nelems=0, elem type=char[])
OBJ 50003d6a (sz=32, trace=301535, class=sun.misc.FloatingDecimal$ASCIIToBinaryBuffer@500024ac)
OBJ 50003d6b (sz=32, trace=301783, class=Point@5000255b)
ARR 50003d6c (sz=32, trace=301784, nelems=0, elem type=char[])
OBJ 50003d6d (sz=32, trace=301535, class=sun.misc.FloatingDecimal$ASCIIToBinaryBuffer@500024ac)
ARR 50003d6e (sz=32, trace=301785, nelems=0, elem type=char[])
OBJ 50003d6f (sz=32, trace=301535, class=sun.misc.FloatingDecimal$ASCIIToBinaryBuffer@500024ac)
OBJ 50003d70 (sz=32, trace=301786, class=Point@5000255b)
OBJ 50003d71 (sz=32, trace=301787, class=Line@50006f05)
OBJ 50003d72 (sz=24, trace=301779, class=java.lang.String@5000016f)
ARR 50003d73 (sz=88, trace=300326, nelems=0, elem type=char[])
OBJ 50003d74 (sz=24, trace=301497, class=java.util.ArrayList@500000c5)
OBJ 50003d75 (sz=24, trace=301498, class=java.lang.String@5000016f)
ARR 50003d76 (sz=32, trace=301499, nelems=0, elem type=char[])
OBJ 50003d77 (sz=32, trace=301537, class=Point@5000255b)
ARR 50003d78 (sz=56, trace=300281, nelems=0, elem type=java.lang.Object[]@5000010a)
OBJ 50003d79 (sz=24, trace=301498, class=java.lang.String@5000016f)
ARR 50003d7a (sz=32, trace=301499, nelems=0, elem type=char[])
OBJ 50003d7b (sz=24, trace=301498, class=java.lang.String@5000016f)
ARR 50003d7c (sz=32, trace=301499, nelems=0, elem type=char[])
OBJ 50003d7d (sz=24, trace=301500, class=java.lang.String@5000016f)
ARR 50003d7e (sz=32, trace=301501, nelems=0, elem type=char[])
ARR 50003d7f (sz=32, trace=301780, nelems=0, elem type=java.lang.String[]@500000cf)
OBJ 50003d80 (sz=40, trace=301504, class=java.util.ArrayList$SubList@5000248a)
OBJ 50003d81 (sz=40, trace=301506, class=java.util.ArrayList$SubList$1@5000248d)
ARR 50003d82 (sz=32, trace=301781, nelems=0, elem type=char[])
OBJ 50003d83 (sz=32, trace=301535, class=sun.misc.FloatingDecimal$ASCIIToBinaryBuffer@500024ac)
ARR 50003d84 (sz=32, trace=301782, nelems=0, elem type=char[])
OBJ 50003d85 (sz=32, trace=301535, class=sun.misc.FloatingDecimal$ASCIIToBinaryBuffer@500024ac)
OBJ 50003d86 (sz=32, trace=301783, class=Point@5000255b)
OBJ 50003d87 (sz=32, trace=301537, class=Point@5000255b)
ARR 50003d88 (sz=32, trace=301784, nelems=0, elem type=char[])
OBJ 50003d89 (sz=32, trace=301535, class=sun.misc.FloatingDecimal$ASCIIToBinaryBuffer@500024ac)
ARR 50003d8a (sz=32, trace=301785, nelems=0, elem type=char[])
OBJ 50003d8b (sz=32, trace=301535, class=sun.misc.FloatingDecimal$ASCIIToBinaryBuffer@500024ac)
OBJ 50003d8c (sz=32, trace=301786, class=Point@5000255b)
OBJ 50003d8d (sz=32, trace=301787, class=Line@50006f05)
OBJ 50003d8e (sz=24, trace=301779, class=java.lang.String@5000016f)
ARR 50003d8f (sz=88, trace=300326, nelems=0, elem type=char[])
OBJ 50003d90 (sz=24, trace=301497, class=java.util.ArrayList@500000c5)
OBJ 50003d91 (sz=24, trace=301498, class=java.lang.String@5000016f)
ARR 50003d92 (sz=32, trace=301499, nelems=0, elem type=char[])
ARR 50003d93 (sz=56, trace=300281, nelems=0, elem type=java.lang.Object[]@5000010a)
OBJ 50003d94 (sz=24, trace=301498, class=java.lang.String@5000016f)
ARR 50003d95 (sz=32, trace=301499, nelems=0, elem type=char[])
OBJ 50003d96 (sz=24, trace=301498, class=java.lang.String@5000016f)
OBJ 50003d97 (sz=32, trace=301537, class=Point@5000255b)
ARR 50003d98 (sz=32, trace=301499, nelems=0, elem type=char[])
OBJ 50003d99 (sz=24, trace=301500, class=java.lang.String@5000016f)
ARR 50003d9a (sz=32, trace=301501, nelems=0, elem type=char[])
ARR 50003d9b (sz=32, trace=301780, nelems=0, elem type=java.lang.String[]@500000cf)
OBJ 50003d9c (sz=40, trace=301504, class=java.util.ArrayList$SubList@5000248a)
OBJ 50003d9d (sz=40, trace=301506, class=java.util.ArrayList$SubList$1@5000248d)
ARR 50003d9e (sz=32, trace=301781, nelems=0, elem type=char[])
OBJ 50003d9f (sz=32, trace=301535, class=sun.misc.FloatingDecimal$ASCIIToBinaryBuffer@500024ac)
ARR 50003da0 (sz=32, trace=301782, nelems=0, elem type=char[])
OBJ 50003da1 (sz=32, trace=301535, class=sun.misc.FloatingDecimal$ASCIIToBinaryBuffer@500024ac)
OBJ 50003da2 (sz=32, trace=301783, class=Point@5000255b)
ARR 50003da3 (sz=32, trace=301784, nelems=0, elem type=char[])
OBJ 50003da4 (sz=32, trace=301535, class=sun.misc.FloatingDecimal$ASCIIToBinaryBuffer@500024ac)
ARR 50003da5 (sz=32, trace=301785, nelems=0, elem type=char[])
OBJ 50003da6 (sz=32, trace=301535, class=sun.misc.FloatingDecimal$ASCIIToBinaryBuffer@500024ac)
OBJ 50003da7 (sz=32, trace=301537, class=Point@5000255b)
OBJ 50003da8 (sz=32, trace=301786, class=Point@5000255b)
OBJ 50003da9 (sz=32, trace=301787, class=Line@50006f05)
OBJ 50003daa (sz=24, trace=301779, class=java.lang.String@5000016f)
ARR 50003dab (sz=88, trace=300326, nelems=0, elem type=char[])
OBJ 50003dac (sz=24, trace=301497, class=java.util.ArrayList@500000c5)
OBJ 50003dad (sz=24, trace=301498, class=java.lang.String@5000016f)
ARR 50003dae (sz=32, trace=301499, nelems=0, elem type=char[])
ARR 50003daf (sz=56, trace=300281, nelems=0, elem type=java.lang.Object[]@5000010a)
OBJ 50003db0 (sz=24, trace=301498, class=java.lang.String@5000016f)
ARR 50003db1 (sz=32, trace=301499, nelems=0, elem type=char[])
OBJ 50003db2 (sz=24, trace=301498, class=java.lang.String@5000016f)
ARR 50003db3 (sz=32, trace=301499, nelems=0, elem type=char[])
OBJ 50003db4 (sz=24, trace=301500, class=java.lang.String@5000016f)
ARR 50003db5 (sz=32, trace=301501, nelems=0, elem type=char[])
ARR 50003db6 (sz=32, trace=301780, nelems=0, elem type=java.lang.String[]@500000cf)
OBJ 50003db7 (sz=32, trace=301537, class=Point@5000255b)
OBJ 50003db8 (sz=40, trace=301504, class=java.util.ArrayList$SubList@5000248a)
OBJ 50003db9 (sz=40, trace=301506, class=java.util.ArrayList$SubList$1@5000248d)
ARR 50003dba (sz=32, trace=301781, nelems=0, elem type=char[])
OBJ 50003dbb (sz=32, trace=301535, class=sun.misc.FloatingDecimal$ASCIIToBinaryBuffer@500024ac)
ARR 50003dbc (sz=32, trace=301782, nelems=0, elem type=char[])
OBJ 50003dbd (sz=32, trace=301535, class=sun.misc.FloatingDecimal$ASCIIToBinaryBuffer@500024ac)
OBJ 50003dbe (sz=32, trace=301783, class=Point@5000255b)
ARR 50003dbf (sz=32, trace=301784, nelems=0, elem type=char[])
OBJ 50003dc0 (sz=32, trace=301535, class=sun.misc.FloatingDecimal$ASCIIToBinaryBuffer@500024ac)
ARR 50003dc1 (sz=32, trace=301785, nelems=0, elem type=char[])
OBJ 50003dc2 (sz=32, trace=301535, class=sun.misc.FloatingDecimal$ASCIIToBinaryBuffer@500024ac)
OBJ 50003dc3 (sz=32, trace=301786, class=Point@5000255b)
OBJ 50003dc4 (sz=32, trace=301787, class=Line@50006f05)
OBJ 50003dc5 (sz=24, trace=301779, class=java.lang.String@5000016f)
ARR 50003dc6 (sz=88, trace=300326, nelems=0, elem type=char[])
OBJ 50003dc7 (sz=32, trace=301537, class=Point@5000255b)
OBJ 50003dc8 (sz=24, trace=301497, class=java.util.ArrayList@500000c5)
OBJ 50003dc9 (sz=24, trace=301498, class=java.lang.String@5000016f)
ARR 50003dca (sz=32, trace=301499, nelems=0, elem type=char[])
ARR 50003dcb (sz=56, trace=300281, nelems=0, elem type=java.lang.Object[]@5000010a)
OBJ 50003dcc (sz=24, trace=301498, class=java.lang.String@5000016f)
ARR 50003dcd (sz=32, trace=301499, nelems=0, elem type=char[])
OBJ 50003dce (sz=24, trace=301498, class=java.lang.String@5000016f)
ARR 50003dcf (sz=32, trace=301499, nelems=0, elem type=char[])
OBJ 50003dd0 (sz=24, trace=301500, class=java.lang.String@5000016f)
ARR 50003dd1 (sz=32, trace=301501, nelems=0, elem type=char[])
ARR 50003dd2 (sz=32, trace=301780, nelems=0, elem type=java.lang.String[]@500000cf)
OBJ 50003dd3 (sz=40, trace=301504, class=java.util.ArrayList$SubList@5000248a)
OBJ 50003dd4 (sz=40, trace=301506, class=java.util.ArrayList$SubList$1@5000248d)
ARR 50003dd5 (sz=32, trace=301781, nelems=0, elem type=char[])
OBJ 50003dd6 (sz=32, trace=301535, class=sun.misc.FloatingDecimal$ASCIIToBinaryBuffer@500024ac)
OBJ 50003dd7 (sz=32, trace=301537, class=Point@5000255b)
ARR 50003dd8 (sz=32, trace=301782, nelems=0, elem type=char[])
OBJ 50003dd9 (sz=32, trace=301535, class=sun.misc.FloatingDecimal$ASCIIToBinaryBuffer@500024ac)
OBJ 50003dda (sz=32, trace=301783, class=Point@5000255b)
ARR 50003ddb (sz=32, trace=301784, nelems=0, elem type=char[])
OBJ 50003ddc (sz=32, trace=301535, class=sun.misc.FloatingDecimal$ASCIIToBinaryBuffer@500024ac)
ARR 50003ddd (sz=32, trace=301785, nelems=0, elem type=char[])
OBJ 50003dde (sz=32, trace=301535, class=sun.misc.FloatingDecimal$ASCIIToBinaryBuffer@500024ac)
OBJ 50003ddf (sz=32, trace=301786, class=Point@5000255b)
OBJ 50003de0 (sz=32, trace=301787, class=Line@50006f05)
OBJ 50003de1 (sz=24, trace=301779, class=java.lang.String@5000016f)
ARR 50003de2 (sz=88, trace=300326, nelems=0, elem type=char[])
OBJ 50003de3 (sz=24, trace=301497, class=java.util.ArrayList@500000c5)
OBJ 50003de4 (sz=24, trace=301498, class=java.lang.String@5000016f)
ARR 50003de5 (sz=32, trace=301499, nelems=0, elem type=char[])
ARR 50003de6 (sz=56, trace=300281, nelems=0, elem type=java.lang.Object[]@5000010a)
OBJ 50003de7 (sz=32, trace=301537, class=Point@5000255b)
OBJ 50003de8 (sz=24, trace=301498, class=java.lang.String@5000016f)
ARR 50003de9 (sz=32, trace=301499, nelems=0, elem type=char[])
OBJ 50003dea (sz=24, trace=301498, class=java.lang.String@5000016f)
ARR 50003deb (sz=32, trace=301499, nelems=0, elem type=char[])
OBJ 50003dec (sz=24, trace=301500, class=java.lang.String@5000016f)
ARR 50003ded (sz=32, trace=301501, nelems=0, elem type=char[])
ARR 50003dee (sz=32, trace=301780, nelems=0, elem type=java.lang.String[]@500000cf)
OBJ 50003def (sz=40, trace=301504, class=java.util.ArrayList$SubList@5000248a)
OBJ 50003df0 (sz=40, trace=301506, class=java.util.ArrayList$SubList$1@5000248d)
ARR 50003df1 (sz=32, trace=301781, nelems=0, elem type=char[])
OBJ 50003df2 (sz=32, trace=301535, class=sun.misc.FloatingDecimal$ASCIIToBinaryBuffer@500024ac)
ARR 50003df3 (sz=32, trace=301782, nelems=0, elem type=char[])
OBJ 50003df4 (sz=32, trace=301535, class=sun.misc.FloatingDecimal$ASCIIToBinaryBuffer@500024ac)
OBJ 50003df5 (sz=32, trace=301783, class=Point@5000255b)
ARR 50003df6 (sz=32, trace=301784, nelems=0, elem type=char[])
OBJ 50003df7 (sz=32, trace=301537, class=Point@5000255b)
OBJ 50003df8 (sz=32, trace=301535, class=sun.misc.FloatingDecimal$ASCIIToBinaryBuffer@500024ac)
ARR 50003df9 (sz=32, trace=301785, nelems=0, elem type=char[])
OBJ 50003dfa (sz=32, trace=301535, class=sun.misc.FloatingDecimal$ASCIIToBinaryBuffer@500024ac)
OBJ 50003dfb (sz=32, trace=301786, class=Point@5000255b)
OBJ 50003dfc (sz=32, trace=301787, class=Line@50006f05)
OBJ 50003dfd (sz=24, trace=301779, class=java.lang.String@5000016f)
ARR 50003dfe (sz=88, trace=300326, nelems=0, elem type=char[])
OBJ 50003dff (sz=24, trace=301497, class=java.util.ArrayList@500000c5)
OBJ 50003e00 (sz=24, trace=301498, class=java.lang.String@5000016f)
ARR 50003e01 (sz=32, trace=301499, nelems=0, elem type=char[])
ARR 50003e02 (sz=56, trace=300281, nelems=0, elem type=java.lang.Object[]@5000010a)
OBJ 50003e03 (sz=24, trace=301498, class=java.lang.String@5000016f)
ARR 50003e04 (sz=32, trace=301499, nelems=0, elem type=char[])
OBJ 50003e05 (sz=24, trace=301498, class=java.lang.String@5000016f)
ARR 50003e06 (sz=32, trace=301499, nelems=0, elem type=char[])
OBJ 50003e07 (sz=32, trace=301537, class=Point@5000255b)
OBJ 50003e08 (sz=24, trace=301500, class=java.lang.String@5000016f)
ARR 50003e09 (sz=32, trace=301501, nelems=0, elem type=char[])
ARR 50003e0a (sz=32, trace=301780, nelems=0, elem type=java.lang.String[]@500000cf)
OBJ 50003e0b (sz=40, trace=301504, class=java.util.ArrayList$SubList@5000248a)
OBJ 50003e0c (sz=40, trace=301506, class=java.util.ArrayList$SubList$1@5000248d)
ARR 50003e0d (sz=32, trace=301781, nelems=0, elem type=char[])
OBJ 50003e0e (sz=32, trace=301535, class=sun.misc.FloatingDecimal$ASCIIToBinaryBuffer@500024ac)
ARR 50003e0f (sz=32, trace=301782, nelems=0, elem type=char[])
OBJ 50003e10 (sz=32, trace=301535, class=sun.misc.FloatingDecimal$ASCIIToBinaryBuffer@500024ac)
OBJ 50003e11 (sz=32, trace=301783, class=Point@5000255b)
ARR 50003e12 (sz=32, trace=301784, nelems=0, elem type=char[])
OBJ 50003e13 (sz=32, trace=301535, class=sun.misc.FloatingDecimal$ASCIIToBinaryBuffer@500024ac)
ARR 50003e14 (sz=32, trace=301785, nelems=0, elem type=char[])
OBJ 50003e15 (sz=32, trace=301535, class=sun.misc.FloatingDecimal$ASCIIToBinaryBuffer@500024ac)
OBJ 50003e16 (sz=32, trace=301786, class=Point@5000255b)
OBJ 50003e17 (sz=32, trace=301537, class=Point@5000255b)
OBJ 50003e18 (sz=32, trace=301787, class=Line@50006f05)
OBJ 50003e19 (sz=24, trace=301779, class=java.lang.String@5000016f)
ARR 50003e1a (sz=88, trace=300326, nelems=0, elem type=char[])
OBJ 50003e1b (sz=24, trace=301497, class=java.util.ArrayList@500000c5)
OBJ 50003e1c (sz=24, trace=301498, class=java.lang.String@5000016f)
ARR 50003e1d (sz=32, trace=301499, nelems=0, elem type=char[])
ARR 50003e1e (sz=56, trace=300281, nelems=0, elem type=java.lang.Object[]@5000010a)
OBJ 50003e1f (sz=24, trace=301498, class=java.lang.String@5000016f)
ARR 50003e20 (sz=32, trace=301499, nelems=0, elem type=char[])
OBJ 50003e21 (sz=24, trace=301498, class=java.lang.String@5000016f)
ARR 50003e22 (sz=32, trace=301499, nelems=0, elem type=char[])
OBJ 50003e23 (sz=24, trace=301500, class=java.lang.String@5000016f)
ARR 50003e24 (sz=32, trace=301501, nelems=0, elem type=char[])
ARR 50003e25 (sz=32, trace=301780, nelems=0, elem type=java.lang.String[]@500000cf)
OBJ 50003e26 (sz=40, trace=301504, class=java.util.ArrayList$SubList@5000248a)
OBJ 50003e27 (sz=32, trace=301537, class=Point@5000255b)
OBJ 50003e28 (sz=40, trace=301506, class=java.util.ArrayList$SubList$1@5000248d)
ARR 50003e29 (sz=32, trace=301781, nelems=0, elem type=char[])
OBJ 50003e2a (sz=32, trace=301535, class=sun.misc.FloatingDecimal$ASCIIToBinaryBuffer@500024ac)
ARR 50003e2b (sz=32, trace=301782, nelems=0, elem type=char[])
OBJ 50003e2c (sz=32, trace=301535, class=sun.misc.FloatingDecimal$ASCIIToBinaryBuffer@500024ac)
OBJ 50003e2d (sz=32, trace=301783, class=Point@5000255b)
ARR 50003e2e (sz=32, trace=301784, nelems=0, elem type=char[])
OBJ 50003e2f (sz=32, trace=301535, class=sun.misc.FloatingDecimal$ASCIIToBinaryBuffer@500024ac)
ARR 50003e30 (sz=32, trace=301785, nelems=0, elem type=char[])
OBJ 50003e31 (sz=32, trace=301535, class=sun.misc.FloatingDecimal$ASCIIToBinaryBuffer@500024ac)
OBJ 50003e32 (sz=32, trace=301786, class=Point@5000255b)
OBJ 50003e33 (sz=32, trace=301787, class=Line@50006f05)
OBJ 50003e34 (sz=24, trace=301779, class=java.lang.String@5000016f)
ARR 50003e35 (sz=88, trace=300326, nelems=0, elem type=char[])
OBJ 50003e36 (sz=24, trace=301497, class=java.util.ArrayList@500000c5)
OBJ 50003e37 (sz=32, trace=301537, class=Point@5000255b)
OBJ 50003e38 (sz=24, trace=301498, class=java.lang.String@5000016f)
ARR 50003e39 (sz=32, trace=301499, nelems=0, elem type=char[])
ARR 50003e3a (sz=56, trace=300281, nelems=0, elem type=java.lang.Object[]@5000010a)
OBJ 50003e3b (sz=24, trace=301498, class=java.lang.String@5000016f)
ARR 50003e3c (sz=32, trace=301499, nelems=0, elem type=char[])
OBJ 50003e3d (sz=24, trace=301498, class=java.lang.String@5000016f)
ARR 50003e3e (sz=32, trace=301499, nelems=0, elem type=char[])
OBJ 50003e3f (sz=24, trace=301500, class=java.lang.String@5000016f)
ARR 50003e40 (sz=32, trace=301501, nelems=0, elem type=char[])
ARR 50003e41 (sz=32, trace=301780, nelems=0, elem type=java.lang.String[]@500000cf)
OBJ 50003e42 (sz=40, trace=301504, class=java.util.ArrayList$SubList@5000248a)
OBJ 50003e43 (sz=40, trace=301506, class=java.util.ArrayList$SubList$1@5000248d)
ARR 50003e44 (sz=32, trace=301781, nelems=0, elem type=char[])
OBJ 50003e45 (sz=32, trace=301535, class=sun.misc.FloatingDecimal$ASCIIToBinaryBuffer@500024ac)
ARR 50003e46 (sz=32, trace=301782, nelems=0, elem type=char[])
OBJ 50003e47 (sz=32, trace=301537, class=Point@5000255b)
OBJ 50003e48 (sz=32, trace=301535, class=sun.misc.FloatingDecimal$ASCIIToBinaryBuffer@500024ac)
OBJ 50003e49 (sz=32, trace=301783, class=Point@5000255b)
ARR 50003e4a (sz=32, trace=301784, nelems=0, elem type=char[])
OBJ 50003e4b (sz=32, trace=301535, class=sun.misc.FloatingDecimal$ASCIIToBinaryBuffer@500024ac)
ARR 50003e4c (sz=32, trace=301785, nelems=0, elem type=char[])
OBJ 50003e4d (sz=32, trace=301535, class=sun.misc.FloatingDecimal$ASCIIToBinaryBuffer@500024ac)
OBJ 50003e4e (sz=32, trace=301786, class=Point@5000255b)
OBJ 50003e4f (sz=32, trace=301787, class=Line@50006f05)
OBJ 50003e50 (sz=24, trace=301779, class=java.lang.String@5000016f)
ARR 50003e51 (sz=88, trace=300326, nelems=0, elem type=char[])
OBJ 50003e52 (sz=24, trace=301497, class=java.util.ArrayList@500000c5)
OBJ 50003e53 (sz=24, trace=301498, class=java.lang.String@5000016f)
ARR 50003e54 (sz=32, trace=301499, nelems=0, elem type=char[])
ARR 50003e55 (sz=56, trace=300281, nelems=0, elem type=java.lang.Object[]@5000010a)
OBJ 50003e56 (sz=24, trace=301498, class=java.lang.String@5000016f)
OBJ 50003e57 (sz=32, trace=301537, class=Point@5000255b)
ARR 50003e58 (sz=32, trace=301499, nelems=0, elem type=char[])
OBJ 50003e59 (sz=24, trace=301498, class=java.lang.String@5000016f)
ARR 50003e5a (sz=32, trace=301499, nelems=0, elem type=char[])
OBJ 50003e5b (sz=24, trace=301500, class=java.lang.String@5000016f)
ARR 50003e5c (sz=32, trace=301501, nelems=0, elem type=char[])
ARR 50003e5d (sz=32, trace=301780, nelems=0, elem type=java.lang.String[]@500000cf)
OBJ 50003e5e (sz=40, trace=301504, class=java.util.ArrayList$SubList@5000248a)
OBJ 50003e5f (sz=40, trace=301506, class=java.util.ArrayList$SubList$1@5000248d)
ARR 50003e60 (sz=32, trace=301781, nelems=0, elem type=char[])
OBJ 50003e61 (sz=32, trace=301535, class=sun.misc.FloatingDecimal$ASCIIToBinaryBuffer@500024ac)
ARR 50003e62 (sz=32, trace=301782, nelems=0, elem type=char[])
OBJ 50003e63 (sz=32, trace=301535, class=sun.misc.FloatingDecimal$ASCIIToBinaryBuffer@500024ac)
OBJ 50003e64 (sz=32, trace=301783, class=Point@5000255b)
ARR 50003e65 (sz=32, trace=301784, nelems=0, elem type=char[])
OBJ 50003e66 (sz=32, trace=301535, class=sun.misc.FloatingDecimal$ASCIIToBinaryBuffer@500024ac)
OBJ 50003e67 (sz=32, trace=301537, class=Point@5000255b)
ARR 50003e68 (sz=32, trace=301785, nelems=0, elem type=char[])
OBJ 50003e69 (sz=32, trace=301535, class=sun.misc.FloatingDecimal$ASCIIToBinaryBuffer@500024ac)
OBJ 50003e6a (sz=32, trace=301786, class=Point@5000255b)
OBJ 50003e6b (sz=32, trace=301787, class=Line@50006f05)
OBJ 50003e6c (sz=24, trace=301779, class=java.lang.String@5000016f)
ARR 50003e6d (sz=88, trace=300326, nelems=0, elem type=char[])
OBJ 50003e6e (sz=24, trace=301497, class=java.util.ArrayList@500000c5)
OBJ 50003e6f (sz=24, trace=301498, class=java.lang.String@5000016f)
ARR 50003e70 (sz=32, trace=301499, nelems=0, elem type=char[])
ARR 50003e71 (sz=56, trace=300281, nelems=0, elem type=java.lang.Object[]@5000010a)
OBJ 50003e72 (sz=24, trace=301498, class=java.lang.String@5000016f)
ARR 50003e73 (sz=32, trace=301499, nelems=0, elem type=char[])
OBJ 50003e74 (sz=24, trace=301498, class=java.lang.String@5000016f)
ARR 50003e75 (sz=32, trace=301499, nelems=0, elem type=char[])
OBJ 50003e76 (sz=24, trace=301500, class=java.lang.String@5000016f)
OBJ 50003e77 (sz=32, trace=301537, class=Point@5000255b)
ARR 50003e78 (sz=32, trace=301501, nelems=0, elem type=char[])
ARR 50003e79 (sz=32, trace=301780, nelems=0, elem type=java.lang.String[]@500000cf)
OBJ 50003e7a (sz=40, trace=301504, class=java.util.ArrayList$SubList@5000248a)
OBJ 50003e7b (sz=40, trace=301506, class=java.util.ArrayList$SubList$1@5000248d)
ARR 50003e7c (sz=32, trace=301781, nelems=0, elem type=char[])
OBJ 50003e7d (sz=32, trace=301535, class=sun.misc.FloatingDecimal$ASCIIToBinaryBuffer@500024ac)
ARR 50003e7e (sz=32, trace=301782, nelems=0, elem type=char[])
OBJ 50003e7f (sz=32, trace=301535, class=sun.misc.FloatingDecimal$ASCIIToBinaryBuffer@500024ac)
OBJ 50003e80 (sz=32, trace=301783, class=Point@5000255b)
ARR 50003e81 (sz=32, trace=301784, nelems=0, elem type=char[])
OBJ 50003e82 (sz=32, trace=301535, class=sun.misc.FloatingDecimal$ASCIIToBinaryBuffer@500024ac)
ARR 50003e83 (sz=32, trace=301785, nelems=0, elem type=char[])
OBJ 50003e84 (sz=32, trace=301535, class=sun.misc.FloatingDecimal$ASCIIToBinaryBuffer@500024ac)
OBJ 50003e85 (sz=32, trace=301786, class=Point@5000255b)
OBJ 50003e86 (sz=32, trace=301787, class=Line@50006f05)
OBJ 50003e87 (sz=32, trace=301537, class=Point@5000255b)
OBJ 50003e88 (sz=24, trace=301779, class=java.lang.String@5000016f)
ARR 50003e89 (sz=88, trace=300326, nelems=0, elem type=char[])
OBJ 50003e8a (sz=24, trace=301497, class=java.util.ArrayList@500000c5)
OBJ 50003e8b (sz=24, trace=301498, class=java.lang.String@5000016f)
ARR 50003e8c (sz=32, trace=301499, nelems=0, elem type=char[])
ARR 50003e8d (sz=56, trace=300281, nelems=0, elem type=java.lang.Object[]@5000010a)
OBJ 50003e8e (sz=24, trace=301498, class=java.lang.String@5000016f)
ARR 50003e8f (sz=32, trace=301499, nelems=0, elem type=char[])
OBJ 50003e90 (sz=24, trace=301498, class=java.lang.String@5000016f)
ARR 50003e91 (sz=32, trace=301499, nelems=0, elem type=char[])
OBJ 50003e92 (sz=24, trace=301500, class=java.lang.String@5000016f)
ARR 50003e93 (sz=32, trace=301501, nelems=0, elem type=char[])
ARR 50003e94 (sz=32, trace=301780, nelems=0, elem type=java.lang.String[]@500000cf)
OBJ 50003e95 (sz=40, trace=301504, class=java.util.ArrayList$SubList@5000248a)
OBJ 50003e96 (sz=40, trace=301506, class=java.util.ArrayList$SubList$1@5000248d)
OBJ 50003e97 (sz=32, trace=301537, class=Point@5000255b)
ARR 50003e98 (sz=32, trace=301781, nelems=0, elem type=char[])
OBJ 50003e99 (sz=32, trace=301535, class=sun.misc.FloatingDecimal$ASCIIToBinaryBuffer@500024ac)
ARR 50003e9a (sz=32, trace=301782, nelems=0, elem type=char[])
OBJ 50003e9b (sz=32, trace=301535, class=sun.misc.FloatingDecimal$ASCIIToBinaryBuffer@500024ac)
OBJ 50003e9c (sz=32, trace=301783, class=Point@5000255b)
ARR 50003e9d (sz=32, trace=301784, nelems=0, elem type=char[])
OBJ 50003e9e (sz=32, trace=301535, class=sun.misc.FloatingDecimal$ASCIIToBinaryBuffer@500024ac)
ARR 50003e9f (sz=32, trace=301785, nelems=0, elem type=char[])
OBJ 50003ea0 (sz=32, trace=301535, class=sun.misc.FloatingDecimal$ASCIIToBinaryBuffer@500024ac)
OBJ 50003ea1 (sz=32, trace=301786, class=Point@5000255b)
OBJ 50003ea2 (sz=32, trace=301787, class=Line@50006f05)
OBJ 50003ea3 (sz=24, trace=301779, class=java.lang.String@5000016f)
ARR 50003ea4 (sz=88, trace=300326, nelems=0, elem type=char[])
OBJ 50003ea5 (sz=24, trace=301497, class=java.util.ArrayList@500000c5)
OBJ 50003ea6 (sz=24, trace=301498, class=java.lang.String@5000016f)
OBJ 50003ea7 (sz=32, trace=301537, class=Point@5000255b)
ARR 50003ea8 (sz=32, trace=301499, nelems=0, elem type=char[])
ARR 50003ea9 (sz=56, trace=300281, nelems=0, elem type=java.lang.Object[]@5000010a)
OBJ 50003eaa (sz=24, trace=301498, class=java.lang.String@5000016f)
ARR 50003eab (sz=32, trace=301499, nelems=0, elem type=char[])
OBJ 50003eac (sz=24, trace=301498, class=java.lang.String@5000016f)
ARR 50003ead (sz=32, trace=301499, nelems=0, elem type=char[])
OBJ 50003eae (sz=24, trace=301500, class=java.lang.String@5000016f)
ARR 50003eaf (sz=32, trace=301501, nelems=0, elem type=char[])
ARR 50003eb0 (sz=32, trace=301780, nelems=0, elem type=java.lang.String[]@500000cf)
OBJ 50003eb1 (sz=40, trace=301504, class=java.util.ArrayList$SubList@5000248a)
OBJ 50003eb2 (sz=40, trace=301506, class=java.util.ArrayList$SubList$1@5000248d)
ARR 50003eb3 (sz=32, trace=301781, nelems=0, elem type=char[])
OBJ 50003eb4 (sz=32, trace=301535, class=sun.misc.FloatingDecimal$ASCIIToBinaryBuffer@500024ac)
ARR 50003eb5 (sz=32, trace=301782, nelems=0, elem type=char[])
OBJ 50003eb6 (sz=32, trace=301535, class=sun.misc.FloatingDecimal$ASCIIToBinaryBuffer@500024ac)
OBJ 50003eb7 (sz=32, trace=301537, class=Point@5000255b)
OBJ 50003eb8 (sz=32, trace=301783, class=Point@5000255b)
ARR 50003eb9 (sz=32, trace=301784, nelems=0, elem type=char[])
OBJ 50003eba (sz=32, trace=301535, class=sun.misc.FloatingDecimal$ASCIIToBinaryBuffer@500024ac)
ARR 50003ebb (sz=32, trace=301785, nelems=0, elem type=char[])
OBJ 50003ebc (sz=32, trace=301535, class=sun.misc.FloatingDecimal$ASCIIToBinaryBuffer@500024ac)
OBJ 50003ebd (sz=32, trace=301786, class=Point@5000255b)
OBJ 50003ebe (sz=32, trace=301787, class=Line@50006f05)
OBJ 50003ebf (sz=24, trace=301779, class=java.lang.String@5000016f)
ARR 50003ec0 (sz=88, trace=300326, nelems=0, elem type=char[])
OBJ 50003ec1 (sz=24, trace=301497, class=java.util.ArrayList@500000c5)
OBJ 50003ec2 (sz=24, trace=301498, class=java.lang.String@5000016f)
ARR 50003ec3 (sz=32, trace=301499, nelems=0, elem type=char[])
ARR 50003ec4 (sz=56, trace=300281, nelems=0, elem type=java.lang.Object[]@5000010a)
OBJ 50003ec5 (sz=24, trace=301498, class=java.lang.String@5000016f)
ARR 50003ec6 (sz=32, trace=301499, nelems=0, elem type=char[])
OBJ 50003ec7 (sz=32, trace=301537, class=Point@5000255b)
OBJ 50003ec8 (sz=24, trace=301498, class=java.lang.String@5000016f)
ARR 50003ec9 (sz=32, trace=301499, nelems=0, elem type=char[])
OBJ 50003eca (sz=24, trace=301500, class=java.lang.String@5000016f)
ARR 50003ecb (sz=32, trace=301501, nelems=0, elem type=char[])
ARR 50003ecc (sz=32, trace=301780, nelems=0, elem type=java.lang.String[]@500000cf)
OBJ 50003ecd (sz=40, trace=301504, class=java.util.ArrayList$SubList@5000248a)
OBJ 50003ece (sz=40, trace=301506, class=java.util.ArrayList$SubList$1@5000248d)
ARR 50003ecf (sz=32, trace=301781, nelems=0, elem type=char[])
OBJ 50003ed0 (sz=32, trace=301535, class=sun.misc.FloatingDecimal$ASCIIToBinaryBuffer@500024ac)
ARR 50003ed1 (sz=32, trace=301782, nelems=0, elem type=char[])
OBJ 50003ed2 (sz=32, trace=301535, class=sun.misc.FloatingDecimal$ASCIIToBinaryBuffer@500024ac)
OBJ 50003ed3 (sz=32, trace=301783, class=Point@5000255b)
ARR 50003ed4 (sz=32, trace=301784, nelems=0, elem type=char[])
OBJ 50003ed5 (sz=32, trace=301535, class=sun.misc.FloatingDecimal$ASCIIToBinaryBuffer@500024ac)
ARR 50003ed6 (sz=32, trace=301785, nelems=0, elem type=char[])
OBJ 50003ed7 (sz=32, trace=301537, class=Point@5000255b)
OBJ 50003ed8 (sz=32, trace=301535, class=sun.misc.FloatingDecimal$ASCIIToBinaryBuffer@500024ac)
OBJ 50003ed9 (sz=32, trace=301786, class=Point@5000255b)
OBJ 50003eda (sz=32, trace=301787, class=Line@50006f05)
OBJ 50003edb (sz=24, trace=301779, class=java.lang.String@5000016f)
ARR 50003edc (sz=80, trace=300326, nelems=0, elem type=char[])
OBJ 50003edd (sz=24, trace=301497, class=java.util.ArrayList@500000c5)
OBJ 50003ede (sz=24, trace=301498, class=java.lang.String@5000016f)
ARR 50003edf (sz=32, trace=301499, nelems=0, elem type=char[])
ARR 50003ee0 (sz=56, trace=300281, nelems=0, elem type=java.lang.Object[]@5000010a)
OBJ 50003ee1 (sz=24, trace=301498, class=java.lang.String@5000016f)
ARR 50003ee2 (sz=32, trace=301499, nelems=0, elem type=char[])
OBJ 50003ee3 (sz=24, trace=301498, class=java.lang.String@5000016f)
ARR 50003ee4 (sz=32, trace=301499, nelems=0, elem type=char[])
OBJ 50003ee5 (sz=24, trace=301500, class=java.lang.String@5000016f)
ARR 50003ee6 (sz=32, trace=301501, nelems=0, elem type=char[])
OBJ 50003ee7 (sz=32, trace=301537, class=Point@5000255b)
ARR 50003ee8 (sz=32, trace=301780, nelems=0, elem type=java.lang.String[]@500000cf)
OBJ 50003ee9 (sz=40, trace=301504, class=java.util.ArrayList$SubList@5000248a)
OBJ 50003eea (sz=40, trace=301506, class=java.util.ArrayList$SubList$1@5000248d)
ARR 50003eeb (sz=32, trace=301781, nelems=0, elem type=char[])
OBJ 50003eec (sz=32, trace=301535, class=sun.misc.FloatingDecimal$ASCIIToBinaryBuffer@500024ac)
ARR 50003eed (sz=32, trace=301782, nelems=0, elem type=char[])
OBJ 50003eee (sz=32, trace=301535, class=sun.misc.FloatingDecimal$ASCIIToBinaryBuffer@500024ac)
OBJ 50003eef (sz=32, trace=301783, class=Point@5000255b)
ARR 50003ef0 (sz=32, trace=301784, nelems=0, elem type=char[])
OBJ 50003ef1 (sz=32, trace=301535, class=sun.misc.FloatingDecimal$ASCIIToBinaryBuffer@500024ac)
ARR 50003ef2 (sz=32, trace=301785, nelems=0, elem type=char[])
OBJ 50003ef3 (sz=32, trace=301535, class=sun.misc.FloatingDecimal$ASCIIToBinaryBuffer@500024ac)
OBJ 50003ef4 (sz=32, trace=301786, class=Point@5000255b)
OBJ 50003ef5 (sz=32, trace=301787, class=Line@50006f05)
OBJ 50003ef6 (sz=24, trace=301779, class=java.lang.String@5000016f)
OBJ 50003ef7 (sz=32, trace=301537, class=Point@5000255b)
ARR 50003ef8 (sz=80, trace=300326, nelems=0, elem type=char[])
OBJ 50003ef9 (sz=24, trace=301497, class=java.util.ArrayList@500000c5)
OBJ 50003efa (sz=24, trace=301498, class=java.lang.String@5000016f)
ARR 50003efb (sz=32, trace=301499, nelems=0, elem type=char[])
ARR 50003efc (sz=56, trace=300281, nelems=0, elem type=java.lang.Object[]@5000010a)
OBJ 50003efd (sz=24, trace=301498, class=java.lang.String@5000016f)
ARR 50003efe (sz=32, trace=301499, nelems=0, elem type=char[])
OBJ 50003eff (sz=24, trace=301498, class=java.lang.String@5000016f)
ARR 50003f00 (sz=32, trace=301499, nelems=0, elem type=char[])
OBJ 50003f01 (sz=24, trace=301500, class=java.lang.String@5000016f)
ARR 50003f02 (sz=32, trace=301501, nelems=0, elem type=char[])
ARR 50003f03 (sz=32, trace=301780, nelems=0, elem type=java.lang.String[]@500000cf)
OBJ 50003f04 (sz=40, trace=301504, class=java.util.ArrayList$SubList@5000248a)
OBJ 50003f05 (sz=40, trace=301506, class=java.util.ArrayList$SubList$1@5000248d)
ARR 50003f06 (sz=32, trace=301781, nelems=0, elem type=char[])
OBJ 50003f07 (sz=32, trace=301537, class=Point@5000255b)
OBJ 50003f08 (sz=32, trace=301535, class=sun.misc.FloatingDecimal$ASCIIToBinaryBuffer@500024ac)
ARR 50003f09 (sz=32, trace=301782, nelems=0, elem type=char[])
OBJ 50003f0a (sz=32, trace=301535, class=sun.misc.FloatingDecimal$ASCIIToBinaryBuffer@500024ac)
OBJ 50003f0b (sz=32, trace=301783, class=Point@5000255b)
ARR 50003f0c (sz=32, trace=301784, nelems=0, elem type=char[])
OBJ 50003f0d (sz=32, trace=301535, class=sun.misc.FloatingDecimal$ASCIIToBinaryBuffer@500024ac)
ARR 50003f0e (sz=32, trace=301785, nelems=0, elem type=char[])
OBJ 50003f0f (sz=32, trace=301535, class=sun.misc.FloatingDecimal$ASCIIToBinaryBuffer@500024ac)
OBJ 50003f10 (sz=32, trace=301786, class=Point@5000255b)
OBJ 50003f11 (sz=32, trace=301787, class=Line@50006f05)
OBJ 50003f12 (sz=24, trace=301779, class=java.lang.String@5000016f)
ARR 50003f13 (sz=88, trace=300326, nelems=0, elem type=char[])
OBJ 50003f14 (sz=24, trace=301497, class=java.util.ArrayList@500000c5)
OBJ 50003f15 (sz=24, trace=301498, class=java.lang.String@5000016f)
ARR 50003f16 (sz=32, trace=301499, nelems=0, elem type=char[])
OBJ 50003f17 (sz=32, trace=301537, class=Point@5000255b)
ARR 50003f18 (sz=56, trace=300281, nelems=0, elem type=java.lang.Object[]@5000010a)
OBJ 50003f19 (sz=24, trace=301498, class=java.lang.String@5000016f)
ARR 50003f1a (sz=32, trace=301499, nelems=0, elem type=char[])
OBJ 50003f1b (sz=24, trace=301498, class=java.lang.String@5000016f)
ARR 50003f1c (sz=32, trace=301499, nelems=0, elem type=char[])
OBJ 50003f1d (sz=24, trace=301500, class=java.lang.String@5000016f)
ARR 50003f1e (sz=32, trace=301501, nelems=0, elem type=char[])
ARR 50003f1f (sz=32, trace=301780, nelems=0, elem type=java.lang.String[]@500000cf)
OBJ 50003f20 (sz=40, trace=301504, class=java.util.ArrayList$SubList@5000248a)
OBJ 50003f21 (sz=40, trace=301506, class=java.util.ArrayList$SubList$1@5000248d)
ARR 50003f22 (sz=32, trace=301781, nelems=0, elem type=char[])
OBJ 50003f23 (sz=32, trace=301535, class=sun.misc.FloatingDecimal$ASCIIToBinaryBuffer@500024ac)
ARR 50003f24 (sz=32, trace=301782, nelems=0, elem type=char[])
OBJ 50003f25 (sz=32, trace=301535, class=sun.misc.FloatingDecimal$ASCIIToBinaryBuffer@500024ac)
OBJ 50003f26 (sz=32, trace=301783, class=Point@5000255b)
OBJ 50003f27 (sz=32, trace=301537, class=Point@5000255b)
ARR 50003f28 (sz=32, trace=301784, nelems=0, elem type=char[])
OBJ 50003f29 (sz=32, trace=301535, class=sun.misc.FloatingDecimal$ASCIIToBinaryBuffer@500024ac)
ARR 50003f2a (sz=32, trace=301785, nelems=0, elem type=char[])
OBJ 50003f2b (sz=32, trace=301535, class=sun.misc.FloatingDecimal$ASCIIToBinaryBuffer@500024ac)
OBJ 50003f2c (sz=32, trace=301786, class=Point@5000255b)
OBJ 50003f2d (sz=32, trace=301787, class=Line@50006f05)
OBJ 50003f2e (sz=24, trace=301779, class=java.lang.String@5000016f)
ARR 50003f2f (sz=80, trace=300326, nelems=0, elem type=char[])
OBJ 50003f30 (sz=24, trace=301497, class=java.util.ArrayList@500000c5)
OBJ 50003f31 (sz=24, trace=301498, class=java.lang.String@5000016f)
ARR 50003f32 (sz=32, trace=301499, nelems=0, elem type=char[])
ARR 50003f33 (sz=56, trace=300281, nelems=0, elem type=java.lang.Object[]@5000010a)
OBJ 50003f34 (sz=24, trace=301498, class=java.lang.String@5000016f)
ARR 50003f35 (sz=32, trace=301499, nelems=0, elem type=char[])
OBJ 50003f36 (sz=24, trace=301498, class=java.lang.String@5000016f)
OBJ 50003f37 (sz=32, trace=301537, class=Point@5000255b)
ARR 50003f38 (sz=32, trace=301499, nelems=0, elem type=char[])
OBJ 50003f39 (sz=24, trace=301500, class=java.lang.String@5000016f)
ARR 50003f3a (sz=32, trace=301501, nelems=0, elem type=char[])
ARR 50003f3b (sz=32, trace=301780, nelems=0, elem type=java.lang.String[]@500000cf)
OBJ 50003f3c (sz=40, trace=301504, class=java.util.ArrayList$SubList@5000248a)
OBJ 50003f3d (sz=40, trace=301506, class=java.util.ArrayList$SubList$1@5000248d)
ARR 50003f3e (sz=32, trace=301781, nelems=0, elem type=char[])
OBJ 50003f3f (sz=32, trace=301535, class=sun.misc.FloatingDecimal$ASCIIToBinaryBuffer@500024ac)
ARR 50003f40 (sz=32, trace=301782, nelems=0, elem type=char[])
OBJ 50003f41 (sz=32, trace=301535, class=sun.misc.FloatingDecimal$ASCIIToBinaryBuffer@500024ac)
OBJ 50003f42 (sz=32, trace=301783, class=Point@5000255b)
ARR 50003f43 (sz=32, trace=301784, nelems=0, elem type=char[])
OBJ 50003f44 (sz=32, trace=301535, class=sun.misc.FloatingDecimal$ASCIIToBinaryBuffer@500024ac)
ARR 50003f45 (sz=32, trace=301785, nelems=0, elem type=char[])
OBJ 50003f46 (sz=32, trace=301535, class=sun.misc.FloatingDecimal$ASCIIToBinaryBuffer@500024ac)
OBJ 50003f47 (sz=32, trace=301537, class=Point@5000255b)
OBJ 50003f48 (sz=32, trace=301786, class=Point@5000255b)
OBJ 50003f49 (sz=32, trace=301787, class=Line@50006f05)
OBJ 50003f4a (sz=24, trace=301779, class=java.lang.String@5000016f)
ARR 50003f4b (sz=80, trace=300326, nelems=0, elem type=char[])
OBJ 50003f4c (sz=24, trace=301497, class=java.util.ArrayList@500000c5)
OBJ 50003f4d (sz=24, trace=301498, class=java.lang.String@5000016f)
ARR 50003f4e (sz=32, trace=301499, nelems=0, elem type=char[])
ARR 50003f4f (sz=56, trace=300281, nelems=0, elem type=java.lang.Object[]@5000010a)
OBJ 50003f50 (sz=24, trace=301498, class=java.lang.String@5000016f)
ARR 50003f51 (sz=32, trace=301499, nelems=0, elem type=char[])
OBJ 50003f52 (sz=24, trace=301498, class=java.lang.String@5000016f)
ARR 50003f53 (sz=32, trace=301499, nelems=0, elem type=char[])
OBJ 50003f54 (sz=24, trace=301500, class=java.lang.String@5000016f)
ARR 50003f55 (sz=32, trace=301501, nelems=0, elem type=char[])
ARR 50003f56 (sz=32, trace=301780, nelems=0, elem type=java.lang.String[]@500000cf)
OBJ 50003f57 (sz=32, trace=301537, class=Point@5000255b)
OBJ 50003f58 (sz=40, trace=301504, class=java.util.ArrayList$SubList@5000248a)
OBJ 50003f59 (sz=40, trace=301506, class=java.util.ArrayList$SubList$1@5000248d)
ARR 50003f5a (sz=32, trace=301781, nelems=0, elem type=char[])
OBJ 50003f5b (sz=32, trace=301535, class=sun.misc.FloatingDecimal$ASCIIToBinaryBuffer@500024ac)
ARR 50003f5c (sz=32, trace=301782, nelems=0, elem type=char[])
OBJ 50003f5d (sz=32, trace=301535, class=sun.misc.FloatingDecimal$ASCIIToBinaryBuffer@500024ac)
OBJ 50003f5e (sz=32, trace=301783, class=Point@5000255b)
ARR 50003f5f (sz=32, trace=301784, nelems=0, elem type=char[])
OBJ 50003f60 (sz=32, trace=301535, class=sun.misc.FloatingDecimal$ASCIIToBinaryBuffer@500024ac)
ARR 50003f61 (sz=32, trace=301785, nelems=0, elem type=char[])
OBJ 50003f62 (sz=32, trace=301535, class=sun.misc.FloatingDecimal$ASCIIToBinaryBuffer@500024ac)
OBJ 50003f63 (sz=32, trace=301786, class=Point@5000255b)
OBJ 50003f64 (sz=32, trace=301787, class=Line@50006f05)
OBJ 50003f65 (sz=24, trace=301779, class=java.lang.String@5000016f)
ARR 50003f66 (sz=88, trace=300326, nelems=0, elem type=char[])
OBJ 50003f67 (sz=32, trace=301537, class=Point@5000255b)
OBJ 50003f68 (sz=24, trace=301497, class=java.util.ArrayList@500000c5)
OBJ 50003f69 (sz=24, trace=301498, class=java.lang.String@5000016f)
ARR 50003f6a (sz=32, trace=301499, nelems=0, elem type=char[])
ARR 50003f6b (sz=56, trace=300281, nelems=0, elem type=java.lang.Object[]@5000010a)
OBJ 50003f6c (sz=24, trace=301498, class=java.lang.String@5000016f)
ARR 50003f6d (sz=32, trace=301499, nelems=0, elem type=char[])
OBJ 50003f6e (sz=24, trace=301498, class=java.lang.String@5000016f)
ARR 50003f6f (sz=32, trace=301499, nelems=0, elem type=char[])
OBJ 50003f70 (sz=24, trace=301500, class=java.lang.String@5000016f)
ARR 50003f71 (sz=32, trace=301501, nelems=0, elem type=char[])
ARR 50003f72 (sz=32, trace=301780, nelems=0, elem type=java.lang.String[]@500000cf)
OBJ 50003f73 (sz=40, trace=301504, class=java.util.ArrayList$SubList@5000248a)
OBJ 50003f74 (sz=40, trace=301506, class=java.util.ArrayList$SubList$1@5000248d)
ARR 50003f75 (sz=32, trace=301781, nelems=0, elem type=char[])
OBJ 50003f76 (sz=32, trace=301535, class=sun.misc.FloatingDecimal$ASCIIToBinaryBuffer@500024ac)
OBJ 50003f77 (sz=32, trace=301537, class=Point@5000255b)
ARR 50003f78 (sz=32, trace=301782, nelems=0, elem type=char[])
OBJ 50003f79 (sz=32, trace=301535, class=sun.misc.FloatingDecimal$ASCIIToBinaryBuffer@500024ac)
OBJ 50003f7a (sz=32, trace=301783, class=Point@5000255b)
ARR 50003f7b (sz=32, trace=301784, nelems=0, elem type=char[])
OBJ 50003f7c (sz=32, trace=301535, class=sun.misc.FloatingDecimal$ASCIIToBinaryBuffer@500024ac)
ARR 50003f7d (sz=32, trace=301785, nelems=0, elem type=char[])
OBJ 50003f7e (sz=32, trace=301535, class=sun.misc.FloatingDecimal$ASCIIToBinaryBuffer@500024ac)
OBJ 50003f7f (sz=32, trace=301786, class=Point@5000255b)
OBJ 50003f80 (sz=32, trace=301787, class=Line@50006f05)
OBJ 50003f81 (sz=24, trace=301779, class=java.lang.String@5000016f)
ARR 50003f82 (sz=88, trace=300326, nelems=0, elem type=char[])
OBJ 50003f83 (sz=24, trace=301497, class=java.util.ArrayList@500000c5)
OBJ 50003f84 (sz=24, trace=301498, class=java.lang.String@5000016f)
ARR 50003f85 (sz=32, trace=301499, nelems=0, elem type=char[])
ARR 50003f86 (sz=56, trace=300281, nelems=0, elem type=java.lang.Object[]@5000010a)
OBJ 50003f87 (sz=32, trace=301537, class=Point@5000255b)
OBJ 50003f88 (sz=24, trace=301498, class=java.lang.String@5000016f)
ARR 50003f89 (sz=32, trace=301499, nelems=0, elem type=char[])
OBJ 50003f8a (sz=24, trace=301498, class=java.lang.String@5000016f)
ARR 50003f8b (sz=32, trace=301499, nelems=0, elem type=char[])
OBJ 50003f8c (sz=24, trace=301500, class=java.lang.String@5000016f)
ARR 50003f8d (sz=32, trace=301501, nelems=0, elem type=char[])
ARR 50003f8e (sz=32, trace=301780, nelems=0, elem type=java.lang.String[]@500000cf)
OBJ 50003f8f (sz=40, trace=301504, class=java.util.ArrayList$SubList@5000248a)
OBJ 50003f90 (sz=40, trace=301506, class=java.util.ArrayList$SubList$1@5000248d)
ARR 50003f91 (sz=32, trace=301781, nelems=0, elem type=char[])
OBJ 50003f92 (sz=32, trace=301535, class=sun.misc.FloatingDecimal$ASCIIToBinaryBuffer@500024ac)
ARR 50003f93 (sz=32, trace=301782, nelems=0, elem type=char[])
OBJ 50003f94 (sz=32, trace=301535, class=sun.misc.FloatingDecimal$ASCIIToBinaryBuffer@500024ac)
OBJ 50003f95 (sz=32, trace=301783, class=Point@5000255b)
ARR 50003f96 (sz=32, trace=301784, nelems=0, elem type=char[])
OBJ 50003f97 (sz=32, trace=301537, class=Point@5000255b)
OBJ 50003f98 (sz=32, trace=301535, class=sun.misc.FloatingDecimal$ASCIIToBinaryBuffer@500024ac)
ARR 50003f99 (sz=32, trace=301785, nelems=0, elem type=char[])
OBJ 50003f9a (sz=32, trace=301535, class=sun.misc.FloatingDecimal$ASCIIToBinaryBuffer@500024ac)
OBJ 50003f9b (sz=32, trace=301786, class=Point@5000255b)
OBJ 50003f9c (sz=32, trace=301787, class=Line@50006f05)
OBJ 50003f9d (sz=24, trace=301779, class=java.lang.String@5000016f)
ARR 50003f9e (sz=80, trace=300326, nelems=0, elem type=char[])
OBJ 50003f9f (sz=24, trace=301497, class=java.util.ArrayList@500000c5)
OBJ 50003fa0 (sz=24, trace=301498, class=java.lang.String@5000016f)
ARR 50003fa1 (sz=32, trace=301499, nelems=0, elem type=char[])
ARR 50003fa2 (sz=56, trace=300281, nelems=0, elem type=java.lang.Object[]@5000010a)
OBJ 50003fa3 (sz=24, trace=301498, class=java.lang.String@5000016f)
ARR 50003fa4 (sz=32, trace=301499, nelems=0, elem type=char[])
OBJ 50003fa5 (sz=24, trace=301498, class=java.lang.String@5000016f)
ARR 50003fa6 (sz=32, trace=301499, nelems=0, elem type=char[])
OBJ 50003fa7 (sz=32, trace=301537, class=Point@5000255b)
OBJ 50003fa8 (sz=24, trace=301500, class=java.lang.String@5000016f)
ARR 50003fa9 (sz=32, trace=301501, nelems=0, elem type=char[])
ARR 50003faa (sz=32, trace=301780, nelems=0, elem type=java.lang.String[]@500000cf)
OBJ 50003fab (sz=40, trace=301504, class=java.util.ArrayList$SubList@5000248a)
OBJ 50003fac (sz=40, trace=301506, class=java.util.ArrayList$SubList$1@5000248d)
ARR 50003fad (sz=32, trace=301781, nelems=0, elem type=char[])
OBJ 50003fae (sz=32, trace=301535, class=sun.misc.FloatingDecimal$ASCIIToBinaryBuffer@500024ac)
ARR 50003faf (sz=32, trace=301782, nelems=0, elem type=char[])
OBJ 50003fb0 (sz=32, trace=301535, class=sun.misc.FloatingDecimal$ASCIIToBinaryBuffer@500024ac)
OBJ 50003fb1 (sz=32, trace=301783, class=Point@5000255b)
ARR 50003fb2 (sz=32, trace=301784, nelems=0, elem type=char[])
OBJ 50003fb3 (sz=32, trace=301535, class=sun.misc.FloatingDecimal$ASCIIToBinaryBuffer@500024ac)
ARR 50003fb4 (sz=32, trace=301785, nelems=0, elem type=char[])
OBJ 50003fb5 (sz=32, trace=301535, class=sun.misc.FloatingDecimal$ASCIIToBinaryBuffer@500024ac)
OBJ 50003fb6 (sz=32, trace=301786, class=Point@5000255b)
OBJ 50003fb7 (sz=32, trace=301537, class=Point@5000255b)
OBJ 50003fb8 (sz=32, trace=301787, class=Line@50006f05)
OBJ 50003fb9 (sz=24, trace=301779, class=java.lang.String@5000016f)
ARR 50003fba (sz=88, trace=300326, nelems=0, elem type=char[])
OBJ 50003fbb (sz=24, trace=301497, class=java.util.ArrayList@500000c5)
OBJ 50003fbc (sz=24, trace=301498, class=java.lang.String@5000016f)
ARR 50003fbd (sz=32, trace=301499, nelems=0, elem type=char[])
ARR 50003fbe (sz=56, trace=300281, nelems=0, elem type=java.lang.Object[]@5000010a)
OBJ 50003fbf (sz=24, trace=301498, class=java.lang.String@5000016f)
ARR 50003fc0 (sz=32, trace=301499, nelems=0, elem type=char[])
OBJ 50003fc1 (sz=24, trace=301498, class=java.lang.String@5000016f)
ARR 50003fc2 (sz=32, trace=301499, nelems=0, elem type=char[])
OBJ 50003fc3 (sz=24, trace=301500, class=java.lang.String@5000016f)
ARR 50003fc4 (sz=32, trace=301501, nelems=0, elem type=char[])
ARR 50003fc5 (sz=32, trace=301780, nelems=0, elem type=java.lang.String[]@500000cf)
OBJ 50003fc6 (sz=40, trace=301504, class=java.util.ArrayList$SubList@5000248a)
OBJ 50003fc7 (sz=32, trace=301537, class=Point@5000255b)
OBJ 50003fc8 (sz=40, trace=301506, class=java.util.ArrayList$SubList$1@5000248d)
ARR 50003fc9 (sz=32, trace=301781, nelems=0, elem type=char[])
OBJ 50003fca (sz=32, trace=301535, class=sun.misc.FloatingDecimal$ASCIIToBinaryBuffer@500024ac)
ARR 50003fcb (sz=32, trace=301782, nelems=0, elem type=char[])
OBJ 50003fcc (sz=32, trace=301535, class=sun.misc.FloatingDecimal$ASCIIToBinaryBuffer@500024ac)
OBJ 50003fcd (sz=32, trace=301783, class=Point@5000255b)
ARR 50003fce (sz=32, trace=301784, nelems=0, elem type=char[])
OBJ 50003fcf (sz=32, trace=301535, class=sun.misc.FloatingDecimal$ASCIIToBinaryBuffer@500024ac)
ARR 50003fd0 (sz=32, trace=301785, nelems=0, elem type=char[])
OBJ 50003fd1 (sz=32, trace=301535, class=sun.misc.FloatingDecimal$ASCIIToBinaryBuffer@500024ac)
OBJ 50003fd2 (sz=32, trace=301786, class=Point@5000255b)
OBJ 50003fd3 (sz=32, trace=301787, class=Line@50006f05)
OBJ 50003fd4 (sz=24, trace=301779, class=java.lang.String@5000016f)
ARR 50003fd5 (sz=88, trace=300326, nelems=0, elem type=char[])
OBJ 50003fd6 (sz=24, trace=301497, class=java.util.ArrayList@500000c5)
OBJ 50003fd7 (sz=32, trace=301537, class=Point@5000255b)
OBJ 50003fd8 (sz=24, trace=301498, class=java.lang.String@5000016f)
ARR 50003fd9 (sz=32, trace=301499, nelems=0, elem type=char[])
ARR 50003fda (sz=56, trace=300281, nelems=0, elem type=java.lang.Object[]@5000010a)
OBJ 50003fdb (sz=24, trace=301498, class=java.lang.String@5000016f)
ARR 50003fdc (sz=32, trace=301499, nelems=0, elem type=char[])
OBJ 50003fdd (sz=24, trace=301498, class=java.lang.String@5000016f)
ARR 50003fde (sz=32, trace=301499, nelems=0, elem type=char[])
OBJ 50003fdf (sz=24, trace=301500, class=java.lang.String@5000016f)
ARR 50003fe0 (sz=32, trace=301501, nelems=0, elem type=char[])
ARR 50003fe1 (sz=32, trace=301780, nelems=0, elem type=java.lang.String[]@500000cf)
OBJ 50003fe2 (sz=40, trace=301504, class=java.util.ArrayList$SubList@5000248a)
OBJ 50003fe3 (sz=40, trace=301506, class=java.util.ArrayList$SubList$1@5000248d)
ARR 50003fe4 (sz=32, trace=301781, nelems=0, elem type=char[])
OBJ 50003fe5 (sz=32, trace=301535, class=sun.misc.FloatingDecimal$ASCIIToBinaryBuffer@500024ac)
ARR 50003fe6 (sz=32, trace=301782, nelems=0, elem type=char[])
OBJ 50003fe7 (sz=32, trace=301537, class=Point@5000255b)
OBJ 50003fe8 (sz=32, trace=301535, class=sun.misc.FloatingDecimal$ASCIIToBinaryBuffer@500024ac)
OBJ 50003fe9 (sz=32, trace=301783, class=Point@5000255b)
ARR 50003fea (sz=32, trace=301784, nelems=0, elem type=char[])
OBJ 50003feb (sz=32, trace=301535, class=sun.misc.FloatingDecimal$ASCIIToBinaryBuffer@500024ac)
ARR 50003fec (sz=32, trace=301785, nelems=0, elem type=char[])
OBJ 50003fed (sz=32, trace=301535, class=sun.misc.FloatingDecimal$ASCIIToBinaryBuffer@500024ac)
OBJ 50003fee (sz=32, trace=301786, class=Point@5000255b)
OBJ 50003fef (sz=32, trace=301787, class=Line@50006f05)
OBJ 50003ff0 (sz=24, trace=301779, class=java.lang.String@5000016f)
ARR 50003ff1 (sz=88, trace=300326, nelems=0, elem type=char[])
OBJ 50003ff2 (sz=24, trace=301497, class=java.util.ArrayList@500000c5)
OBJ 50003ff3 (sz=24, trace=301498, class=java.lang.String@5000016f)
ARR 50003ff4 (sz=32, trace=301499, nelems=0, elem type=char[])
ARR 50003ff5 (sz=56, trace=300281, nelems=0, elem type=java.lang.Object[]@5000010a)
OBJ 50003ff6 (sz=24, trace=301498, class=java.lang.String@5000016f)
OBJ 50003ff7 (sz=32, trace=301537, class=Point@5000255b)
ARR 50003ff8 (sz=32, trace=301499, nelems=0, elem type=char[])
OBJ 50003ff9 (sz=24, trace=301498, class=java.lang.String@5000016f)
ARR 50003ffa (sz=32, trace=301499, nelems=0, elem type=char[])
OBJ 50003ffb (sz=24, trace=301500, class=java.lang.String@5000016f)
ARR 50003ffc (sz=32, trace=301501, nelems=0, elem type=char[])
ARR 50003ffd (sz=32, trace=301780, nelems=0, elem type=java.lang.String[]@500000cf)
OBJ 50003ffe (sz=40, trace=301504, class=java.util.ArrayList$SubList@5000248a)
OBJ 50003fff (sz=40, trace=301506, class=java.util.ArrayList$SubList$1@5000248d)
ARR 50004000 (sz=32, trace=301781, nelems=0, elem type=char[])
OBJ 50004001 (sz=32, trace=301535, class=sun.misc.FloatingDecimal$ASCIIToBinaryBuffer@500024ac)
ARR 50004002 (sz=32, trace=301782, nelems=0, elem type=char[])
OBJ 50004003 (sz=32, trace=301535, class=sun.misc.FloatingDecimal$ASCIIToBinaryBuffer@500024ac)
OBJ 50004004 (sz=32, trace=301783, class=Point@5000255b)
ARR 50004005 (sz=32, trace=301784, nelems=0, elem type=char[])
OBJ 50004006 (sz=32, trace=301535, class=sun.misc.FloatingDecimal$ASCIIToBinaryBuffer@500024ac)
OBJ 50004007 (sz=32, trace=301537, class=Point@5000255b)
ARR 50004008 (sz=32, trace=301785, nelems=0, elem type=char[])
OBJ 50004009 (sz=32, trace=301535, class=sun.misc.FloatingDecimal$ASCIIToBinaryBuffer@500024ac)
OBJ 5000400a (sz=32, trace=301786, class=Point@5000255b)
OBJ 5000400b (sz=32, trace=301787, class=Line@50006f05)
OBJ 5000400c (sz=24, trace=301779, class=java.lang.String@5000016f)
ARR 5000400d (sz=88, trace=300326, nelems=0, elem type=char[])
OBJ 5000400e (sz=24, trace=301497, class=java.util.ArrayList@500000c5)
OBJ 5000400f (sz=24, trace=301498, class=java.lang.String@5000016f)
ARR 50004010 (sz=32, trace=301499, nelems=0, elem type=char[])
ARR 50004011 (sz=56, trace=300281, nelems=0, elem type=java.lang.Object[]@5000010a)
OBJ 50004012 (sz=24, trace=301498, class=java.lang.String@5000016f)
ARR 50004013 (sz=32, trace=301499, nelems=0, elem type=char[])
OBJ 50004014 (sz=24, trace=301498, class=java.lang.String@5000016f)
ARR 50004015 (sz=32, trace=301499, nelems=0, elem type=char[])
OBJ 50004016 (sz=24, trace=301500, class=java.lang.String@5000016f)
OBJ 50004017 (sz=32, trace=301537, class=Point@5000255b)
ARR 50004018 (sz=32, trace=301501, nelems=0, elem type=char[])
ARR 50004019 (sz=32, trace=301780, nelems=0, elem type=java.lang.String[]@500000cf)
OBJ 5000401a (sz=40, trace=301504, class=java.util.ArrayList$SubList@5000248a)
OBJ 5000401b (sz=40, trace=301506, class=java.util.ArrayList$SubList$1@5000248d)
ARR 5000401c (sz=32, trace=301781, nelems=0, elem type=char[])
OBJ 5000401d (sz=32, trace=301535, class=sun.misc.FloatingDecimal$ASCIIToBinaryBuffer@500024ac)
ARR 5000401e (sz=32, trace=301782, nelems=0, elem type=char[])
OBJ 5000401f (sz=32, trace=301535, class=sun.misc.FloatingDecimal$ASCIIToBinaryBuffer@500024ac)
OBJ 50004020 (sz=32, trace=301783, class=Point@5000255b)
ARR 50004021 (sz=32, trace=301784, nelems=0, elem type=char[])
OBJ 50004022 (sz=32, trace=301535, class=sun.misc.FloatingDecimal$ASCIIToBinaryBuffer@500024ac)
ARR 50004023 (sz=32, trace=301785, nelems=0, elem type=char[])
OBJ 50004024 (sz=32, trace=301535, class=sun.misc.FloatingDecimal$ASCIIToBinaryBuffer@500024ac)
OBJ 50004025 (sz=32, trace=301786, class=Point@5000255b)
OBJ 50004026 (sz=32, trace=301787, class=Line@50006f05)
OBJ 50004027 (sz=32, trace=301537, class=Point@5000255b)
OBJ 50004028 (sz=24, trace=301779, class=java.lang.String@5000016f)
ARR 50004029 (sz=88, trace=300326, nelems=0, elem type=char[])
OBJ 5000402a (sz=24, trace=301497, class=java.util.ArrayList@500000c5)
OBJ 5000402b (sz=24, trace=301498, class=java.lang.String@5000016f)
ARR 5000402c (sz=32, trace=301499, nelems=0, elem type=char[])
ARR 5000402d (sz=56, trace=300281, nelems=0, elem type=java.lang.Object[]@5000010a)
OBJ 5000402e (sz=24, trace=301498, class=java.lang.String@5000016f)
ARR 5000402f (sz=32, trace=301499, nelems=0, elem type=char[])
OBJ 50004030 (sz=24, trace=301498, class=java.lang.String@5000016f)
ARR 50004031 (sz=32, trace=301499, nelems=0, elem type=char[])
OBJ 50004032 (sz=24, trace=301500, class=java.lang.String@5000016f)
ARR 50004033 (sz=32, trace=301501, nelems=0, elem type=char[])
ARR 50004034 (sz=32, trace=301780, nelems=0, elem type=java.lang.String[]@500000cf)
OBJ 50004035 (sz=40, trace=301504, class=java.util.ArrayList$SubList@5000248a)
OBJ 50004036 (sz=40, trace=301506, class=java.util.ArrayList$SubList$1@5000248d)
OBJ 50004037 (sz=32, trace=301537, class=Point@5000255b)
ARR 50004038 (sz=32, trace=301781, nelems=0, elem type=char[])
OBJ 50004039 (sz=32, trace=301535, class=sun.misc.FloatingDecimal$ASCIIToBinaryBuffer@500024ac)
ARR 5000403a (sz=32, trace=301782, nelems=0, elem type=char[])
OBJ 5000403b (sz=32, trace=301535, class=sun.misc.FloatingDecimal$ASCIIToBinaryBuffer@500024ac)
OBJ 5000403c (sz=32, trace=301783, class=Point@5000255b)
ARR 5000403d (sz=32, trace=301784, nelems=0, elem type=char[])
OBJ 5000403e (sz=32, trace=301535, class=sun.misc.FloatingDecimal$ASCIIToBinaryBuffer@500024ac)
ARR 5000403f (sz=32, trace=301785, nelems=0, elem type=char[])
OBJ 50004040 (sz=32, trace=301535, class=sun.misc.FloatingDecimal$ASCIIToBinaryBuffer@500024ac)
OBJ 50004041 (sz=32, trace=301786, class=Point@5000255b)
OBJ 50004042 (sz=32, trace=301787, class=Line@50006f05)
OBJ 50004043 (sz=24, trace=301779, class=java.lang.String@5000016f)
ARR 50004044 (sz=80, trace=300326, nelems=0, elem type=char[])
OBJ 50004045 (sz=24, trace=301497, class=java.util.ArrayList@500000c5)
OBJ 50004046 (sz=24, trace=301498, class=java.lang.String@5000016f)
OBJ 50004047 (sz=32, trace=301537, class=Point@5000255b)
ARR 50004048 (sz=32, trace=301499, nelems=0, elem type=char[])
ARR 50004049 (sz=56, trace=300281, nelems=0, elem type=java.lang.Object[]@5000010a)
OBJ 5000404a (sz=24, trace=301498, class=java.lang.String@5000016f)
ARR 5000404b (sz=32, trace=301499, nelems=0, elem type=char[])
OBJ 5000404c (sz=24, trace=301498, class=java.lang.String@5000016f)
ARR 5000404d (sz=32, trace=301499, nelems=0, elem type=char[])
OBJ 5000404e (sz=24, trace=301500, class=java.lang.String@5000016f)
ARR 5000404f (sz=32, trace=301501, nelems=0, elem type=char[])
ARR 50004050 (sz=32, trace=301780, nelems=0, elem type=java.lang.String[]@500000cf)
OBJ 50004051 (sz=40, trace=301504, class=java.util.ArrayList$SubList@5000248a)
OBJ 50004052 (sz=40, trace=301506, class=java.util.ArrayList$SubList$1@5000248d)
ARR 50004053 (sz=32, trace=301781, nelems=0, elem type=char[])
OBJ 50004054 (sz=32, trace=301535, class=sun.misc.FloatingDecimal$ASCIIToBinaryBuffer@500024ac)
ARR 50004055 (sz=32, trace=301782, nelems=0, elem type=char[])
OBJ 50004056 (sz=32, trace=301535, class=sun.misc.FloatingDecimal$ASCIIToBinaryBuffer@500024ac)
OBJ 50004057 (sz=32, trace=301537, class=Point@5000255b)
OBJ 50004058 (sz=32, trace=301783, class=Point@5000255b)
ARR 50004059 (sz=32, trace=301784, nelems=0, elem type=char[])
OBJ 5000405a (sz=32, trace=301535, class=sun.misc.FloatingDecimal$ASCIIToBinaryBuffer@500024ac)
ARR 5000405b (sz=32, trace=301785, nelems=0, elem type=char[])
OBJ 5000405c (sz=32, trace=301535, class=sun.misc.FloatingDecimal$ASCIIToBinaryBuffer@500024ac)
OBJ 5000405d (sz=32, trace=301786, class=Point@5000255b)
OBJ 5000405e (sz=32, trace=301787, class=Line@50006f05)
OBJ 5000405f (sz=24, trace=301779, class=java.lang.String@5000016f)
ARR 50004060 (sz=80, trace=300326, nelems=0, elem type=char[])
OBJ 50004061 (sz=24, trace=301497, class=java.util.ArrayList@500000c5)
OBJ 50004062 (sz=24, trace=301498, class=java.lang.String@5000016f)
ARR 50004063 (sz=32, trace=301499, nelems=0, elem type=char[])
ARR 50004064 (sz=56, trace=300281, nelems=0, elem type=java.lang.Object[]@5000010a)
OBJ 50004065 (sz=24, trace=301498, class=java.lang.String@5000016f)
ARR 50004066 (sz=32, trace=301499, nelems=0, elem type=char[])
OBJ 50004067 (sz=32, trace=301537, class=Point@5000255b)
OBJ 50004068 (sz=24, trace=301498, class=java.lang.String@5000016f)
ARR 50004069 (sz=32, trace=301499, nelems=0, elem type=char[])
OBJ 5000406a (sz=24, trace=301500, class=java.lang.String@5000016f)
ARR 5000406b (sz=32, trace=301501, nelems=0, elem type=char[])
ARR 5000406c (sz=32, trace=301780, nelems=0, elem type=java.lang.String[]@500000cf)
OBJ 5000406d (sz=40, trace=301504, class=java.util.ArrayList$SubList@5000248a)
OBJ 5000406e (sz=40, trace=301506, class=java.util.ArrayList$SubList$1@5000248d)
ARR 5000406f (sz=32, trace=301781, nelems=0, elem type=char[])
OBJ 50004070 (sz=32, trace=301535, class=sun.misc.FloatingDecimal$ASCIIToBinaryBuffer@500024ac)
ARR 50004071 (sz=32, trace=301782, nelems=0, elem type=char[])
OBJ 50004072 (sz=32, trace=301535, class=sun.misc.FloatingDecimal$ASCIIToBinaryBuffer@500024ac)
OBJ 50004073 (sz=32, trace=301783, class=Point@5000255b)
ARR 50004074 (sz=32, trace=301784, nelems=0, elem type=char[])
OBJ 50004075 (sz=32, trace=301535, class=sun.misc.FloatingDecimal$ASCIIToBinaryBuffer@500024ac)
ARR 50004076 (sz=32, trace=301785, nelems=0, elem type=char[])
OBJ 50004077 (sz=32, trace=301537, class=Point@5000255b)
OBJ 50004078 (sz=32, trace=301535, class=sun.misc.FloatingDecimal$ASCIIToBinaryBuffer@500024ac)
OBJ 50004079 (sz=32, trace=301786, class=Point@5000255b)
OBJ 5000407a (sz=32, trace=301787, class=Line@50006f05)
OBJ 5000407b (sz=24, trace=301779, class=java.lang.String@5000016f)
ARR 5000407c (sz=80, trace=300326, nelems=0, elem type=char[])
OBJ 5000407d (sz=24, trace=301497, class=java.util.ArrayList@500000c5)
OBJ 5000407e (sz=24, trace=301498, class=java.lang.String@5000016f)
ARR 5000407f (sz=32, trace=301499, nelems=0, elem type=char[])
ARR 50004080 (sz=56, trace=300281, nelems=0, elem type=java.lang.Object[]@5000010a)
OBJ 50004081 (sz=24, trace=301498, class=java.lang.String@5000016f)
ARR 50004082 (sz=32, trace=301499, nelems=0, elem type=char[])
OBJ 50004083 (sz=24, trace=301498, class=java.lang.String@5000016f)
ARR 50004084 (sz=32, trace=301499, nelems=0, elem type=char[])
OBJ 50004085 (sz=24, trace=301500, class=java.lang.String@5000016f)
ARR 50004086 (sz=32, trace=301501, nelems=0, elem type=char[])
OBJ 50004087 (sz=32, trace=301537, class=Point@5000255b)
ARR 50004088 (sz=32, trace=301780, nelems=0, elem type=java.lang.String[]@500000cf)
OBJ 50004089 (sz=40, trace=301504, class=java.util.ArrayList$SubList@5000248a)
OBJ 5000408a (sz=40, trace=301506, class=java.util.ArrayList$SubList$1@5000248d)
ARR 5000408b (sz=32, trace=301781, nelems=0, elem type=char[])
OBJ 5000408c (sz=32, trace=301535, class=sun.misc.FloatingDecimal$ASCIIToBinaryBuffer@500024ac)
ARR 5000408d (sz=32, trace=301782, nelems=0, elem type=char[])
OBJ 5000408e (sz=32, trace=301535, class=sun.misc.FloatingDecimal$ASCIIToBinaryBuffer@500024ac)
OBJ 5000408f (sz=32, trace=301783, class=Point@5000255b)
ARR 50004090 (sz=32, trace=301784, nelems=0, elem type=char[])
OBJ 50004091 (sz=32, trace=301535, class=sun.misc.FloatingDecimal$ASCIIToBinaryBuffer@500024ac)
ARR 50004092 (sz=32, trace=301785, nelems=0, elem type=char[])
OBJ 50004093 (sz=32, trace=301535, class=sun.misc.FloatingDecimal$ASCIIToBinaryBuffer@500024ac)
OBJ 50004094 (sz=32, trace=301786, class=Point@5000255b)
OBJ 50004095 (sz=32, trace=301787, class=Line@50006f05)
OBJ 50004096 (sz=24, trace=301779, class=java.lang.String@5000016f)
OBJ 50004097 (sz=32, trace=301537, class=Point@5000255b)
ARR 50004098 (sz=80, trace=300326, nelems=0, elem type=char[])
OBJ 50004099 (sz=24, trace=301497, class=java.util.ArrayList@500000c5)
OBJ 5000409a (sz=24, trace=301498, class=java.lang.String@5000016f)
ARR 5000409b (sz=32, trace=301499, nelems=0, elem type=char[])
ARR 5000409c (sz=56, trace=300281, nelems=0, elem type=java.lang.Object[]@5000010a)
OBJ 5000409d (sz=24, trace=301498, class=java.lang.String@5000016f)
ARR 5000409e (sz=32, trace=301499, nelems=0, elem type=char[])
OBJ 5000409f (sz=24, trace=301498, class=java.lang.String@5000016f)
ARR 500040a0 (sz=32, trace=301499, nelems=0, elem type=char[])
OBJ 500040a1 (sz=24, trace=301500, class=java.lang.String@5000016f)
ARR 500040a2 (sz=32, trace=301501, nelems=0, elem type=char[])
ARR 500040a3 (sz=32, trace=301780, nelems=0, elem type=java.lang.String[]@500000cf)
OBJ 500040a4 (sz=40, trace=301504, class=java.util.ArrayList$SubList@5000248a)
OBJ 500040a5 (sz=40, trace=301506, class=java.util.ArrayList$SubList$1@5000248d)
ARR 500040a6 (sz=32, trace=301781, nelems=0, elem type=char[])
OBJ 500040a7 (sz=32, trace=301537, class=Point@5000255b)
OBJ 500040a8 (sz=32, trace=301535, class=sun.misc.FloatingDecimal$ASCIIToBinaryBuffer@500024ac)
ARR 500040a9 (sz=32, trace=301782, nelems=0, elem type=char[])
OBJ 500040aa (sz=32, trace=301535, class=sun.misc.FloatingDecimal$ASCIIToBinaryBuffer@500024ac)
OBJ 500040ab (sz=32, trace=301783, class=Point@5000255b)
ARR 500040ac (sz=32, trace=301784, nelems=0, elem type=char[])
OBJ 500040ad (sz=32, trace=301535, class=sun.misc.FloatingDecimal$ASCIIToBinaryBuffer@500024ac)
ARR 500040ae (sz=32, trace=301785, nelems=0, elem type=char[])
OBJ 500040af (sz=32, trace=301535, class=sun.misc.FloatingDecimal$ASCIIToBinaryBuffer@500024ac)
OBJ 500040b0 (sz=32, trace=301786, class=Point@5000255b)
OBJ 500040b1 (sz=32, trace=301787, class=Line@50006f05)
OBJ 500040b2 (sz=24, trace=301779, class=java.lang.String@5000016f)
ARR 500040b3 (sz=80, trace=300326, nelems=0, elem type=char[])
OBJ 500040b4 (sz=24, trace=301497, class=java.util.ArrayList@500000c5)
OBJ 500040b5 (sz=24, trace=301498, class=java.lang.String@5000016f)
ARR 500040b6 (sz=32, trace=301499, nelems=0, elem type=char[])
OBJ 500040b7 (sz=32, trace=301537, class=Point@5000255b)
ARR 500040b8 (sz=56, trace=300281, nelems=0, elem type=java.lang.Object[]@5000010a)
OBJ 500040b9 (sz=24, trace=301498, class=java.lang.String@5000016f)
ARR 500040ba (sz=32, trace=301499, nelems=0, elem type=char[])
OBJ 500040bb (sz=24, trace=301498, class=java.lang.String@5000016f)
ARR 500040bc (sz=32, trace=301499, nelems=0, elem type=char[])
OBJ 500040bd (sz=24, trace=301500, class=java.lang.String@5000016f)
ARR 500040be (sz=32, trace=301501, nelems=0, elem type=char[])
ARR 500040bf (sz=32, trace=301780, nelems=0, elem type=java.lang.String[]@500000cf)
OBJ 500040c0 (sz=40, trace=301504, class=java.util.ArrayList$SubList@5000248a)
OBJ 500040c1 (sz=40, trace=301506, class=java.util.ArrayList$SubList$1@5000248d)
ARR 500040c2 (sz=32, trace=301781, nelems=0, elem type=char[])
OBJ 500040c3 (sz=32, trace=301535, class=sun.misc.FloatingDecimal$ASCIIToBinaryBuffer@500024ac)
ARR 500040c4 (sz=32, trace=301782, nelems=0, elem type=char[])
OBJ 500040c5 (sz=32, trace=301535, class=sun.misc.FloatingDecimal$ASCIIToBinaryBuffer@500024ac)
OBJ 500040c6 (sz=32, trace=301783, class=Point@5000255b)
OBJ 500040c7 (sz=32, trace=301537, class=Point@5000255b)
ARR 500040c8 (sz=32, trace=301784, nelems=0, elem type=char[])
OBJ 500040c9 (sz=32, trace=301535, class=sun.misc.FloatingDecimal$ASCIIToBinaryBuffer@500024ac)
ARR 500040ca (sz=32, trace=301785, nelems=0, elem type=char[])
OBJ 500040cb (sz=32, trace=301535, class=sun.misc.FloatingDecimal$ASCIIToBinaryBuffer@500024ac)
OBJ 500040cc (sz=32, trace=301786, class=Point@5000255b)
OBJ 500040cd (sz=32, trace=301787, class=Line@50006f05)
OBJ 500040ce (sz=24, trace=301779, class=java.lang.String@5000016f)
ARR 500040cf (sz=88, trace=300326, nelems=0, elem type=char[])
OBJ 500040d0 (sz=24, trace=301497, class=java.util.ArrayList@500000c5)
OBJ 500040d1 (sz=24, trace=301498, class=java.lang.String@5000016f)
ARR 500040d2 (sz=32, trace=301499, nelems=0, elem type=char[])
ARR 500040d3 (sz=56, trace=300281, nelems=0, elem type=java.lang.Object[]@5000010a)
OBJ 500040d4 (sz=24, trace=301498, class=java.lang.String@5000016f)
ARR 500040d5 (sz=32, trace=301499, nelems=0, elem type=char[])
OBJ 500040d6 (sz=24, trace=301498, class=java.lang.String@5000016f)
OBJ 500040d7 (sz=32, trace=301537, class=Point@5000255b)
ARR 500040d8 (sz=32, trace=301499, nelems=0, elem type=char[])
OBJ 500040d9 (sz=24, trace=301500, class=java.lang.String@5000016f)
ARR 500040da (sz=32, trace=301501, nelems=0, elem type=char[])
ARR 500040db (sz=32, trace=301780, nelems=0, elem type=java.lang.String[]@500000cf)
OBJ 500040dc (sz=40, trace=301504, class=java.util.ArrayList$SubList@5000248a)
OBJ 500040dd (sz=40, trace=301506, class=java.util.ArrayList$SubList$1@5000248d)
ARR 500040de (sz=32, trace=301781, nelems=0, elem type=char[])
OBJ 500040df (sz=32, trace=301535, class=sun.misc.FloatingDecimal$ASCIIToBinaryBuffer@500024ac)
ARR 500040e0 (sz=32, trace=301782, nelems=0, elem type=char[])
OBJ 500040e1 (sz=32, trace=301535, class=sun.misc.FloatingDecimal$ASCIIToBinaryBuffer@500024ac)
OBJ 500040e2 (sz=32, trace=301783, class=Point@5000255b)
ARR 500040e3 (sz=32, trace=301784, nelems=0, elem type=char[])
OBJ 500040e4 (sz=32, trace=301535, class=sun.misc.FloatingDecimal$ASCIIToBinaryBuffer@500024ac)
ARR 500040e5 (sz=32, trace=301785, nelems=0, elem type=char[])
OBJ 500040e6 (sz=32, trace=301535, class=sun.misc.FloatingDecimal$ASCIIToBinaryBuffer@500024ac)
OBJ 500040e7 (sz=32, trace=301537, class=Point@5000255b)
OBJ 500040e8 (sz=32, trace=301786, class=Point@5000255b)
OBJ 500040e9 (sz=32, trace=301787, class=Line@50006f05)
OBJ 500040ea (sz=24, trace=301779, class=java.lang.String@5000016f)
ARR 500040eb (sz=80, trace=300326, nelems=0, elem type=char[])
OBJ 500040ec (sz=24, trace=301497, class=java.util.ArrayList@500000c5)
OBJ 500040ed (sz=24, trace=301498, class=java.lang.String@5000016f)
ARR 500040ee (sz=32, trace=301499, nelems=0, elem type=char[])
ARR 500040ef (sz=56, trace=300281, nelems=0, elem type=java.lang.Object[]@5000010a)
OBJ 500040f0 (sz=24, trace=301498, class=java.lang.String@5000016f)
ARR 500040f1 (sz=32, trace=301499, nelems=0, elem type=char[])
OBJ 500040f2 (sz=24, trace=301498, class=java.lang.String@5000016f)
ARR 500040f3 (sz=32, trace=301499, nelems=0, elem type=char[])
OBJ 500040f4 (sz=24, trace=301500, class=java.lang.String@5000016f)
ARR 500040f5 (sz=32, trace=301501, nelems=0, elem type=char[])
ARR 500040f6 (sz=32, trace=301780, nelems=0, elem type=java.lang.String[]@500000cf)
OBJ 500040f7 (sz=32, trace=301537, class=Point@5000255b)
OBJ 500040f8 (sz=40, trace=301504, class=java.util.ArrayList$SubList@5000248a)
OBJ 500040f9 (sz=40, trace=301506, class=java.util.ArrayList$SubList$1@5000248d)
ARR 500040fa (sz=32, trace=301781, nelems=0, elem type=char[])
OBJ 500040fb (sz=32, trace=301535, class=sun.misc.FloatingDecimal$ASCIIToBinaryBuffer@500024ac)
ARR 500040fc (sz=32, trace=301782, nelems=0, elem type=char[])
OBJ 500040fd (sz=32, trace=301535, class=sun.misc.FloatingDecimal$ASCIIToBinaryBuffer@500024ac)
OBJ 500040fe (sz=32, trace=301783, class=Point@5000255b)
ARR 500040ff (sz=32, trace=301784, nelems=0, elem type=char[])
OBJ 50004100 (sz=32, trace=301535, class=sun.misc.FloatingDecimal$ASCIIToBinaryBuffer@500024ac)
ARR 50004101 (sz=32, trace=301785, nelems=0, elem type=char[])
OBJ 50004102 (sz=32, trace=301535, class=sun.misc.FloatingDecimal$ASCIIToBinaryBuffer@500024ac)
OBJ 50004103 (sz=32, trace=301786, class=Point@5000255b)
OBJ 50004104 (sz=32, trace=301787, class=Line@50006f05)
OBJ 50004105 (sz=24, trace=301779, class=java.lang.String@5000016f)
ARR 50004106 (sz=80, trace=300326, nelems=0, elem type=char[])
OBJ 50004107 (sz=32, trace=301537, class=Point@5000255b)
OBJ 50004108 (sz=24, trace=301497, class=java.util.ArrayList@500000c5)
OBJ 50004109 (sz=24, trace=301498, class=java.lang.String@5000016f)
ARR 5000410a (sz=32, trace=301499, nelems=0, elem type=char[])
ARR 5000410b (sz=56, trace=300281, nelems=0, elem type=java.lang.Object[]@5000010a)
OBJ 5000410c (sz=24, trace=301498, class=java.lang.String@5000016f)
ARR 5000410d (sz=32, trace=301499, nelems=0, elem type=char[])
OBJ 5000410e (sz=24, trace=301498, class=java.lang.String@5000016f)
ARR 5000410f (sz=32, trace=301499, nelems=0, elem type=char[])
OBJ 50004110 (sz=24, trace=301500, class=java.lang.String@5000016f)
ARR 50004111 (sz=32, trace=301501, nelems=0, elem type=char[])
ARR 50004112 (sz=32, trace=301780, nelems=0, elem type=java.lang.String[]@500000cf)
OBJ 50004113 (sz=40, trace=301504, class=java.util.ArrayList$SubList@5000248a)
OBJ 50004114 (sz=40, trace=301506, class=java.util.ArrayList$SubList$1@5000248d)
ARR 50004115 (sz=32, trace=301781, nelems=0, elem type=char[])
OBJ 50004116 (sz=32, trace=301535, class=sun.misc.FloatingDecimal$ASCIIToBinaryBuffer@500024ac)
OBJ 50004117 (sz=32, trace=301537, class=Point@5000255b)
ARR 50004118 (sz=32, trace=301782, nelems=0, elem type=char[])
OBJ 50004119 (sz=32, trace=301535, class=sun.misc.FloatingDecimal$ASCIIToBinaryBuffer@500024ac)
OBJ 5000411a (sz=32, trace=301783, class=Point@5000255b)
ARR 5000411b (sz=32, trace=301784, nelems=0, elem type=char[])
OBJ 5000411c (sz=32, trace=301535, class=sun.misc.FloatingDecimal$ASCIIToBinaryBuffer@500024ac)
ARR 5000411d (sz=32, trace=301785, nelems=0, elem type=char[])
OBJ 5000411e (sz=32, trace=301535, class=sun.misc.FloatingDecimal$ASCIIToBinaryBuffer@500024ac)
OBJ 5000411f (sz=32, trace=301786, class=Point@5000255b)
OBJ 50004120 (sz=32, trace=301787, class=Line@50006f05)
OBJ 50004121 (sz=24, trace=301779, class=java.lang.String@5000016f)
ARR 50004122 (sz=80, trace=300326, nelems=0, elem type=char[])
OBJ 50004123 (sz=24, trace=301497, class=java.util.ArrayList@500000c5)
OBJ 50004124 (sz=24, trace=301498, class=java.lang.String@5000016f)
ARR 50004125 (sz=32, trace=301499, nelems=0, elem type=char[])
ARR 50004126 (sz=56, trace=300281, nelems=0, elem type=java.lang.Object[]@5000010a)
OBJ 50004127 (sz=32, trace=301537, class=Point@5000255b)
OBJ 50004128 (sz=24, trace=301498, class=java.lang.String@5000016f)
ARR 50004129 (sz=32, trace=301499, nelems=0, elem type=char[])
OBJ 5000412a (sz=24, trace=301498, class=java.lang.String@5000016f)
ARR 5000412b (sz=32, trace=301499, nelems=0, elem type=char[])
OBJ 5000412c (sz=24, trace=301500, class=java.lang.String@5000016f)
ARR 5000412d (sz=32, trace=301501, nelems=0, elem type=char[])
ARR 5000412e (sz=32, trace=301780, nelems=0, elem type=java.lang.String[]@500000cf)
OBJ 5000412f (sz=40, trace=301504, class=java.util.ArrayList$SubList@5000248a)
OBJ 50004130 (sz=40, trace=301506, class=java.util.ArrayList$SubList$1@5000248d)
ARR 50004131 (sz=32, trace=301781, nelems=0, elem type=char[])
OBJ 50004132 (sz=32, trace=301535, class=sun.misc.FloatingDecimal$ASCIIToBinaryBuffer@500024ac)
ARR 50004133 (sz=32, trace=301782, nelems=0, elem type=char[])
OBJ 50004134 (sz=32, trace=301535, class=sun.misc.FloatingDecimal$ASCIIToBinaryBuffer@500024ac)
OBJ 50004135 (sz=32, trace=301783, class=Point@5000255b)
ARR 50004136 (sz=32, trace=301784, nelems=0, elem type=char[])
OBJ 50004137 (sz=32, trace=301537, class=Point@5000255b)
OBJ 50004138 (sz=32, trace=301535, class=sun.misc.FloatingDecimal$ASCIIToBinaryBuffer@500024ac)
ARR 50004139 (sz=32, trace=301785, nelems=0, elem type=char[])
OBJ 5000413a (sz=32, trace=301535, class=sun.misc.FloatingDecimal$ASCIIToBinaryBuffer@500024ac)
OBJ 5000413b (sz=32, trace=301786, class=Point@5000255b)
OBJ 5000413c (sz=32, trace=301787, class=Line@50006f05)
OBJ 5000413d (sz=24, trace=301779, class=java.lang.String@5000016f)
ARR 5000413e (sz=80, trace=300326, nelems=0, elem type=char[])
OBJ 5000413f (sz=24, trace=301497, class=java.util.ArrayList@500000c5)
OBJ 50004140 (sz=24, trace=301498, class=java.lang.String@5000016f)
ARR 50004141 (sz=32, trace=301499, nelems=0, elem type=char[])
ARR 50004142 (sz=56, trace=300281, nelems=0, elem type=java.lang.Object[]@5000010a)
OBJ 50004143 (sz=24, trace=301498, class=java.lang.String@5000016f)
ARR 50004144 (sz=32, trace=301499, nelems=0, elem type=char[])
OBJ 50004145 (sz=24, trace=301498, class=java.lang.String@5000016f)
ARR 50004146 (sz=32, trace=301499, nelems=0, elem type=char[])
OBJ 50004147 (sz=32, trace=301537, class=Point@5000255b)
OBJ 50004148 (sz=24, trace=301500, class=java.lang.String@5000016f)
ARR 50004149 (sz=32, trace=301501, nelems=0, elem type=char[])
ARR 5000414a (sz=32, trace=301780, nelems=0, elem type=java.lang.String[]@500000cf)
OBJ 5000414b (sz=40, trace=301504, class=java.util.ArrayList$SubList@5000248a)
OBJ 5000414c (sz=40, trace=301506, class=java.util.ArrayList$SubList$1@5000248d)
ARR 5000414d (sz=32, trace=301781, nelems=0, elem type=char[])
OBJ 5000414e (sz=32, trace=301535, class=sun.misc.FloatingDecimal$ASCIIToBinaryBuffer@500024ac)
ARR 5000414f (sz=32, trace=301782, nelems=0, elem type=char[])
OBJ 50004150 (sz=32, trace=301535, class=sun.misc.FloatingDecimal$ASCIIToBinaryBuffer@500024ac)
OBJ 50004151 (sz=32, trace=301783, class=Point@5000255b)
ARR 50004152 (sz=32, trace=301784, nelems=0, elem type=char[])
OBJ 50004153 (sz=32, trace=301535, class=sun.misc.FloatingDecimal$ASCIIToBinaryBuffer@500024ac)
ARR 50004154 (sz=32, trace=301785, nelems=0, elem type=char[])
OBJ 50004155 (sz=32, trace=301535, class=sun.misc.FloatingDecimal$ASCIIToBinaryBuffer@500024ac)
OBJ 50004156 (sz=32, trace=301786, class=Point@5000255b)
OBJ 50004157 (sz=32, trace=301537, class=Point@5000255b)
OBJ 50004158 (sz=32, trace=301787, class=Line@50006f05)
OBJ 50004159 (sz=24, trace=301779, class=java.lang.String@5000016f)
ARR 5000415a (sz=88, trace=300326, nelems=0, elem type=char[])
OBJ 5000415b (sz=24, trace=301497, class=java.util.ArrayList@500000c5)
OBJ 5000415c (sz=24, trace=301498, class=java.lang.String@5000016f)
ARR 5000415d (sz=32, trace=301499, nelems=0, elem type=char[])
ARR 5000415e (sz=56, trace=300281, nelems=0, elem type=java.lang.Object[]@5000010a)
OBJ 5000415f (sz=24, trace=301498, class=java.lang.String@5000016f)
ARR 50004160 (sz=32, trace=301499, nelems=0, elem type=char[])
OBJ 50004161 (sz=24, trace=301498, class=java.lang.String@5000016f)
ARR 50004162 (sz=32, trace=301499, nelems=0, elem type=char[])
OBJ 50004163 (sz=24, trace=301500, class=java.lang.String@5000016f)
ARR 50004164 (sz=32, trace=301501, nelems=0, elem type=char[])
ARR 50004165 (sz=32, trace=301780, nelems=0, elem type=java.lang.String[]@500000cf)
OBJ 50004166 (sz=40, trace=301504, class=java.util.ArrayList$SubList@5000248a)
OBJ 50004167 (sz=32, trace=301537, class=Point@5000255b)
OBJ 50004168 (sz=40, trace=301506, class=java.util.ArrayList$SubList$1@5000248d)
ARR 50004169 (sz=32, trace=301781, nelems=0, elem type=char[])
OBJ 5000416a (sz=32, trace=301535, class=sun.misc.FloatingDecimal$ASCIIToBinaryBuffer@500024ac)
ARR 5000416b (sz=32, trace=301782, nelems=0, elem type=char[])
OBJ 5000416c (sz=32, trace=301535, class=sun.misc.FloatingDecimal$ASCIIToBinaryBuffer@500024ac)
OBJ 5000416d (sz=32, trace=301783, class=Point@5000255b)
ARR 5000416e (sz=32, trace=301784, nelems=0, elem type=char[])
OBJ 5000416f (sz=32, trace=301535, class=sun.misc.FloatingDecimal$ASCIIToBinaryBuffer@500024ac)
ARR 50004170 (sz=32, trace=301785, nelems=0, elem type=char[])
OBJ 50004171 (sz=32, trace=301535, class=sun.misc.FloatingDecimal$ASCIIToBinaryBuffer@500024ac)
OBJ 50004172 (sz=32, trace=301786, class=Point@5000255b)
OBJ 50004173 (sz=32, trace=301787, class=Line@50006f05)
OBJ 50004174 (sz=24, trace=301779, class=java.lang.String@5000016f)
ARR 50004175 (sz=88, trace=300326, nelems=0, elem type=char[])
OBJ 50004176 (sz=24, trace=301497, class=java.util.ArrayList@500000c5)
OBJ 50004177 (sz=32, trace=301537, class=Point@5000255b)
OBJ 50004178 (sz=24, trace=301498, class=java.lang.String@5000016f)
ARR 50004179 (sz=32, trace=301499, nelems=0, elem type=char[])
ARR 5000417a (sz=56, trace=300281, nelems=0, elem type=java.lang.Object[]@5000010a)
OBJ 5000417b (sz=24, trace=301498, class=java.lang.String@5000016f)
ARR 5000417c (sz=32, trace=301499, nelems=0, elem type=char[])
OBJ 5000417d (sz=24, trace=301498, class=java.lang.String@5000016f)
ARR 5000417e (sz=32, trace=301499, nelems=0, elem type=char[])
OBJ 5000417f (sz=24, trace=301500, class=java.lang.String@5000016f)
ARR 50004180 (sz=32, trace=301501, nelems=0, elem type=char[])
ARR 50004181 (sz=32, trace=301780, nelems=0, elem type=java.lang.String[]@500000cf)
OBJ 50004182 (sz=40, trace=301504, class=java.util.ArrayList$SubList@5000248a)
OBJ 50004183 (sz=40, trace=301506, class=java.util.ArrayList$SubList$1@5000248d)
ARR 50004184 (sz=32, trace=301781, nelems=0, elem type=char[])
OBJ 50004185 (sz=32, trace=301535, class=sun.misc.FloatingDecimal$ASCIIToBinaryBuffer@500024ac)
ARR 50004186 (sz=32, trace=301782, nelems=0, elem type=char[])
OBJ 50004187 (sz=32, trace=301537, class=Point@5000255b)
OBJ 50004188 (sz=32, trace=301535, class=sun.misc.FloatingDecimal$ASCIIToBinaryBuffer@500024ac)
OBJ 50004189 (sz=32, trace=301783, class=Point@5000255b)
ARR 5000418a (sz=32, trace=301784, nelems=0, elem type=char[])
OBJ 5000418b (sz=32, trace=301535, class=sun.misc.FloatingDecimal$ASCIIToBinaryBuffer@500024ac)
ARR 5000418c (sz=32, trace=301785, nelems=0, elem type=char[])
OBJ 5000418d (sz=32, trace=301535, class=sun.misc.FloatingDecimal$ASCIIToBinaryBuffer@500024ac)
OBJ 5000418e (sz=32, trace=301786, class=Point@5000255b)
OBJ 5000418f (sz=32, trace=301787, class=Line@50006f05)
OBJ 50004190 (sz=24, trace=301779, class=java.lang.String@5000016f)
ARR 50004191 (sz=88, trace=300326, nelems=0, elem type=char[])
OBJ 50004192 (sz=24, trace=301497, class=java.util.ArrayList@500000c5)
OBJ 50004193 (sz=24, trace=301498, class=java.lang.String@5000016f)
ARR 50004194 (sz=32, trace=301499, nelems=0, elem type=char[])
ARR 50004195 (sz=56, trace=300281, nelems=0, elem type=java.lang.Object[]@5000010a)
OBJ 50004196 (sz=24, trace=301498, class=java.lang.String@5000016f)
OBJ 50004197 (sz=32, trace=301537, class=Point@5000255b)
ARR 50004198 (sz=32, trace=301499, nelems=0, elem type=char[])
OBJ 50004199 (sz=24, trace=301498, class=java.lang.String@5000016f)
ARR 5000419a (sz=32, trace=301499, nelems=0, elem type=char[])
OBJ 5000419b (sz=24, trace=301500, class=java.lang.String@5000016f)
ARR 5000419c (sz=32, trace=301501, nelems=0, elem type=char[])
ARR 5000419d (sz=32, trace=301780, nelems=0, elem type=java.lang.String[]@500000cf)
OBJ 5000419e (sz=40, trace=301504, class=java.util.ArrayList$SubList@5000248a)
OBJ 5000419f (sz=32, trace=301755, class=Point@5000255b)
OBJ 500041a0 (sz=40, trace=301506, class=java.util.ArrayList$SubList$1@5000248d)
ARR 500041a1 (sz=32, trace=301781, nelems=0, elem type=char[])
OBJ 500041a2 (sz=32, trace=301535, class=sun.misc.FloatingDecimal$ASCIIToBinaryBuffer@500024ac)
ARR 500041a3 (sz=32, trace=301782, nelems=0, elem type=char[])
OBJ 500041a4 (sz=32, trace=301535, class=sun.misc.FloatingDecimal$ASCIIToBinaryBuffer@500024ac)
OBJ 500041a5 (sz=32, trace=301783, class=Point@5000255b)
ARR 500041a6 (sz=32, trace=301784, nelems=0, elem type=char[])
OBJ 500041a7 (sz=32, trace=301537, class=Point@5000255b)
OBJ 500041a8 (sz=32, trace=301535, class=sun.misc.FloatingDecimal$ASCIIToBinaryBuffer@500024ac)
ARR 500041a9 (sz=32, trace=301785, nelems=0, elem type=char[])
OBJ 500041aa (sz=32, trace=301535, class=sun.misc.FloatingDecimal$ASCIIToBinaryBuffer@500024ac)
OBJ 500041ab (sz=32, trace=301786, class=Point@5000255b)
OBJ 500041ac (sz=32, trace=301787, class=Line@50006f05)
OBJ 500041ad (sz=24, trace=301779, class=java.lang.String@5000016f)
OBJ 500041ae (sz=32, trace=301755, class=Point@5000255b)
ARR 500041af (sz=80, trace=300326, nelems=0, elem type=char[])
OBJ 500041b0 (sz=24, trace=301497, class=java.util.ArrayList@500000c5)
OBJ 500041b1 (sz=24, trace=301498, class=java.lang.String@5000016f)
ARR 500041b2 (sz=32, trace=301499, nelems=0, elem type=char[])
ARR 500041b3 (sz=56, trace=300281, nelems=0, elem type=java.lang.Object[]@5000010a)
OBJ 500041b4 (sz=24, trace=301498, class=java.lang.String@5000016f)
ARR 500041b5 (sz=32, trace=301499, nelems=0, elem type=char[])
OBJ 500041b6 (sz=24, trace=301498, class=java.lang.String@5000016f)
OBJ 500041b7 (sz=32, trace=301537, class=Point@5000255b)
ARR 500041b8 (sz=32, trace=301499, nelems=0, elem type=char[])
OBJ 500041b9 (sz=24, trace=301500, class=java.lang.String@5000016f)
ARR 500041ba (sz=32, trace=301501, nelems=0, elem type=char[])
ARR 500041bb (sz=32, trace=301780, nelems=0, elem type=java.lang.String[]@500000cf)
OBJ 500041bc (sz=32, trace=301755, class=Point@5000255b)
OBJ 500041bd (sz=40, trace=301504, class=java.util.ArrayList$SubList@5000248a)
OBJ 500041be (sz=40, trace=301506, class=java.util.ArrayList$SubList$1@5000248d)
ARR 500041bf (sz=32, trace=301781, nelems=0, elem type=char[])
OBJ 500041c0 (sz=32, trace=301535, class=sun.misc.FloatingDecimal$ASCIIToBinaryBuffer@500024ac)
ARR 500041c1 (sz=32, trace=301782, nelems=0, elem type=char[])
OBJ 500041c2 (sz=32, trace=301535, class=sun.misc.FloatingDecimal$ASCIIToBinaryBuffer@500024ac)
OBJ 500041c3 (sz=32, trace=301783, class=Point@5000255b)
ARR 500041c4 (sz=32, trace=301784, nelems=0, elem type=char[])
OBJ 500041c5 (sz=32, trace=301535, class=sun.misc.FloatingDecimal$ASCIIToBinaryBuffer@500024ac)
ARR 500041c6 (sz=32, trace=301785, nelems=0, elem type=char[])
OBJ 500041c7 (sz=32, trace=301537, class=Point@5000255b)
OBJ 500041c8 (sz=32, trace=301535, class=sun.misc.FloatingDecimal$ASCIIToBinaryBuffer@500024ac)
OBJ 500041c9 (sz=32, trace=301786, class=Point@5000255b)
OBJ 500041ca (sz=32, trace=301755, class=Point@5000255b)
OBJ 500041cb (sz=32, trace=301787, class=Line@50006f05)
OBJ 500041cc (sz=24, trace=301779, class=java.lang.String@5000016f)
ARR 500041cd (sz=80, trace=300326, nelems=0, elem type=char[])
OBJ 500041ce (sz=24, trace=301497, class=java.util.ArrayList@500000c5)
OBJ 500041cf (sz=24, trace=301498, class=java.lang.String@5000016f)
ARR 500041d0 (sz=32, trace=301499, nelems=0, elem type=char[])
ARR 500041d1 (sz=56, trace=300281, nelems=0, elem type=java.lang.Object[]@5000010a)
OBJ 500041d2 (sz=32, trace=301755, class=Point@5000255b)
OBJ 500041d3 (sz=24, trace=301498, class=java.lang.String@5000016f)
ARR 500041d4 (sz=32, trace=301499, nelems=0, elem type=char[])
OBJ 500041d5 (sz=24, trace=301498, class=java.lang.String@5000016f)
ARR 500041d6 (sz=32, trace=301499, nelems=0, elem type=char[])
OBJ 500041d7 (sz=32, trace=301537, class=Point@5000255b)
OBJ 500041d8 (sz=24, trace=301500, class=java.lang.String@5000016f)
ARR 500041d9 (sz=32, trace=301501, nelems=0, elem type=char[])
ARR 500041da (sz=32, trace=301780, nelems=0, elem type=java.lang.String[]@500000cf)
OBJ 500041db (sz=40, trace=301504, class=java.util.ArrayList$SubList@5000248a)
OBJ 500041dc (sz=40, trace=301506, class=java.util.ArrayList$SubList$1@5000248d)
ARR 500041dd (sz=32, trace=301781, nelems=0, elem type=char[])
OBJ 500041de (sz=32, trace=301535, class=sun.misc.FloatingDecimal$ASCIIToBinaryBuffer@500024ac)
ARR 500041df (sz=32, trace=301782, nelems=0, elem type=char[])
OBJ 500041e0 (sz=32, trace=301535, class=sun.misc.FloatingDecimal$ASCIIToBinaryBuffer@500024ac)
OBJ 500041e1 (sz=32, trace=301783, class=Point@5000255b)
ARR 500041e2 (sz=32, trace=301784, nelems=0, elem type=char[])
OBJ 500041e3 (sz=32, trace=301535, class=sun.misc.FloatingDecimal$ASCIIToBinaryBuffer@500024ac)
ARR 500041e4 (sz=32, trace=301785, nelems=0, elem type=char[])
OBJ 500041e5 (sz=32, trace=301535, class=sun.misc.FloatingDecimal$ASCIIToBinaryBuffer@500024ac)
OBJ 500041e6 (sz=32, trace=301786, class=Point@5000255b)
OBJ 500041e7 (sz=32, trace=301537, class=Point@5000255b)
OBJ 500041e8 (sz=32, trace=301787, class=Line@50006f05)
OBJ 500041e9 (sz=24, trace=301779, class=java.lang.String@5000016f)
ARR 500041ea (sz=80, trace=300326, nelems=0, elem type=char[])
OBJ 500041eb (sz=24, trace=301497, class=java.util.ArrayList@500000c5)
OBJ 500041ec (sz=24, trace=301498, class=java.lang.String@5000016f)
ARR 500041ed (sz=32, trace=301499, nelems=0, elem type=char[])
ARR 500041ee (sz=56, trace=300281, nelems=0, elem type=java.lang.Object[]@5000010a)
OBJ 500041ef (sz=24, trace=301498, class=java.lang.String@5000016f)
ARR 500041f0 (sz=32, trace=301499, nelems=0, elem type=char[])
OBJ 500041f1 (sz=24, trace=301498, class=java.lang.String@5000016f)
ARR 500041f2 (sz=32, trace=301499, nelems=0, elem type=char[])
OBJ 500041f3 (sz=24, trace=301500, class=java.lang.String@5000016f)
ARR 500041f4 (sz=32, trace=301501, nelems=0, elem type=char[])
ARR 500041f5 (sz=32, trace=301780, nelems=0, elem type=java.lang.String[]@500000cf)
OBJ 500041f6 (sz=40, trace=301504, class=java.util.ArrayList$SubList@5000248a)
OBJ 500041f7 (sz=32, trace=301537, class=Point@5000255b)
OBJ 500041f8 (sz=40, trace=301506, class=java.util.ArrayList$SubList$1@5000248d)
ARR 500041f9 (sz=32, trace=301781, nelems=0, elem type=char[])
OBJ 500041fa (sz=32, trace=301535, class=sun.misc.FloatingDecimal$ASCIIToBinaryBuffer@500024ac)
ARR 500041fb (sz=32, trace=301782, nelems=0, elem type=char[])
OBJ 500041fc (sz=32, trace=301535, class=sun.misc.FloatingDecimal$ASCIIToBinaryBuffer@500024ac)
OBJ 500041fd (sz=32, trace=301783, class=Point@5000255b)
ARR 500041fe (sz=32, trace=301784, nelems=0, elem type=char[])
OBJ 500041ff (sz=32, trace=301535, class=sun.misc.FloatingDecimal$ASCIIToBinaryBuffer@500024ac)
ARR 50004200 (sz=32, trace=301785, nelems=0, elem type=char[])
OBJ 50004201 (sz=32, trace=301535, class=sun.misc.FloatingDecimal$ASCIIToBinaryBuffer@500024ac)
OBJ 50004202 (sz=32, trace=301786, class=Point@5000255b)
OBJ 50004203 (sz=32, trace=301787, class=Line@50006f05)
OBJ 50004204 (sz=24, trace=301779, class=java.lang.String@5000016f)
ARR 50004205 (sz=80, trace=300326, nelems=0, elem type=char[])
OBJ 50004206 (sz=24, trace=301497, class=java.util.ArrayList@500000c5)
OBJ 50004207 (sz=32, trace=301537, class=Point@5000255b)
OBJ 50004208 (sz=24, trace=301498, class=java.lang.String@5000016f)
ARR 50004209 (sz=32, trace=301499, nelems=0, elem type=char[])
ARR 5000420a (sz=56, trace=300281, nelems=0, elem type=java.lang.Object[]@5000010a)
OBJ 5000420b (sz=24, trace=301498, class=java.lang.String@5000016f)
ARR 5000420c (sz=32, trace=301499, nelems=0, elem type=char[])
OBJ 5000420d (sz=24, trace=301498, class=java.lang.String@5000016f)
ARR 5000420e (sz=32, trace=301499, nelems=0, elem type=char[])
OBJ 5000420f (sz=24, trace=301500, class=java.lang.String@5000016f)
ARR 50004210 (sz=32, trace=301501, nelems=0, elem type=char[])
ARR 50004211 (sz=32, trace=301780, nelems=0, elem type=java.lang.String[]@500000cf)
OBJ 50004212 (sz=40, trace=301504, class=java.util.ArrayList$SubList@5000248a)
OBJ 50004213 (sz=40, trace=301506, class=java.util.ArrayList$SubList$1@5000248d)
ARR 50004214 (sz=32, trace=301781, nelems=0, elem type=char[])
OBJ 50004215 (sz=32, trace=301535, class=sun.misc.FloatingDecimal$ASCIIToBinaryBuffer@500024ac)
ARR 50004216 (sz=32, trace=301782, nelems=0, elem type=char[])
OBJ 50004217 (sz=32, trace=301537, class=Point@5000255b)
OBJ 50004218 (sz=32, trace=301535, class=sun.misc.FloatingDecimal$ASCIIToBinaryBuffer@500024ac)
OBJ 50004219 (sz=32, trace=301783, class=Point@5000255b)
ARR 5000421a (sz=32, trace=301784, nelems=0, elem type=char[])
OBJ 5000421b (sz=32, trace=301535, class=sun.misc.FloatingDecimal$ASCIIToBinaryBuffer@500024ac)
ARR 5000421c (sz=32, trace=301785, nelems=0, elem type=char[])
OBJ 5000421d (sz=32, trace=301535, class=sun.misc.FloatingDecimal$ASCIIToBinaryBuffer@500024ac)
OBJ 5000421e (sz=32, trace=301786, class=Point@5000255b)
OBJ 5000421f (sz=32, trace=301787, class=Line@50006f05)
OBJ 50004220 (sz=24, trace=301779, class=java.lang.String@5000016f)
ARR 50004221 (sz=80, trace=300326, nelems=0, elem type=char[])
OBJ 50004222 (sz=24, trace=301497, class=java.util.ArrayList@500000c5)
OBJ 50004223 (sz=24, trace=301498, class=java.lang.String@5000016f)
ARR 50004224 (sz=32, trace=301499, nelems=0, elem type=char[])
ARR 50004225 (sz=56, trace=300281, nelems=0, elem type=java.lang.Object[]@5000010a)
OBJ 50004226 (sz=24, trace=301498, class=java.lang.String@5000016f)
OBJ 50004227 (sz=32, trace=301537, class=Point@5000255b)
ARR 50004228 (sz=32, trace=301499, nelems=0, elem type=char[])
OBJ 50004229 (sz=24, trace=301498, class=java.lang.String@5000016f)
ARR 5000422a (sz=32, trace=301499, nelems=0, elem type=char[])
OBJ 5000422b (sz=24, trace=301500, class=java.lang.String@5000016f)
ARR 5000422c (sz=32, trace=301501, nelems=0, elem type=char[])
ARR 5000422d (sz=32, trace=301780, nelems=0, elem type=java.lang.String[]@500000cf)
OBJ 5000422e (sz=40, trace=301504, class=java.util.ArrayList$SubList@5000248a)
OBJ 5000422f (sz=40, trace=301506, class=java.util.ArrayList$SubList$1@5000248d)
ARR 50004230 (sz=32, trace=301781, nelems=0, elem type=char[])
OBJ 50004231 (sz=32, trace=301535, class=sun.misc.FloatingDecimal$ASCIIToBinaryBuffer@500024ac)
ARR 50004232 (sz=32, trace=301782, nelems=0, elem type=char[])
OBJ 50004233 (sz=32, trace=301535, class=sun.misc.FloatingDecimal$ASCIIToBinaryBuffer@500024ac)
OBJ 50004234 (sz=32, trace=301783, class=Point@5000255b)
ARR 50004235 (sz=32, trace=301784, nelems=0, elem type=char[])
OBJ 50004236 (sz=32, trace=301535, class=sun.misc.FloatingDecimal$ASCIIToBinaryBuffer@500024ac)
OBJ 50004237 (sz=32, trace=301537, class=Point@5000255b)
ARR 50004238 (sz=32, trace=301785, nelems=0, elem type=char[])
OBJ 50004239 (sz=32, trace=301535, class=sun.misc.FloatingDecimal$ASCIIToBinaryBuffer@500024ac)
OBJ 5000423a (sz=32, trace=301786, class=Point@5000255b)
OBJ 5000423b (sz=32, trace=301787, class=Line@50006f05)
OBJ 5000423c (sz=24, trace=301779, class=java.lang.String@5000016f)
ARR 5000423d (sz=80, trace=300326, nelems=0, elem type=char[])
OBJ 5000423e (sz=24, trace=301497, class=java.util.ArrayList@500000c5)
OBJ 5000423f (sz=24, trace=301498, class=java.lang.String@5000016f)
ARR 50004240 (sz=32, trace=301499, nelems=0, elem type=char[])
ARR 50004241 (sz=56, trace=300281, nelems=0, elem type=java.lang.Object[]@5000010a)
OBJ 50004242 (sz=24, trace=301498, class=java.lang.String@5000016f)
ARR 50004243 (sz=32, trace=301499, nelems=0, elem type=char[])
OBJ 50004244 (sz=24, trace=301498, class=java.lang.String@5000016f)
ARR 50004245 (sz=32, trace=301499, nelems=0, elem type=char[])
OBJ 50004246 (sz=24, trace=301500, class=java.lang.String@5000016f)
OBJ 50004247 (sz=32, trace=301537, class=Point@5000255b)
ARR 50004248 (sz=32, trace=301501, nelems=0, elem type=char[])
ARR 50004249 (sz=32, trace=301780, nelems=0, elem type=java.lang.String[]@500000cf)
OBJ 5000424a (sz=40, trace=301504, class=java.util.ArrayList$SubList@5000248a)
OBJ 5000424b (sz=40, trace=301506, class=java.util.ArrayList$SubList$1@5000248d)
ARR 5000424c (sz=32, trace=301781, nelems=0, elem type=char[])
OBJ 5000424d (sz=32, trace=301535, class=sun.misc.FloatingDecimal$ASCIIToBinaryBuffer@500024ac)
ARR 5000424e (sz=32, trace=301782, nelems=0, elem type=char[])
OBJ 5000424f (sz=32, trace=301535, class=sun.misc.FloatingDecimal$ASCIIToBinaryBuffer@500024ac)
OBJ 50004250 (sz=32, trace=301783, class=Point@5000255b)
ARR 50004251 (sz=32, trace=301784, nelems=0, elem type=char[])
OBJ 50004252 (sz=32, trace=301535, class=sun.misc.FloatingDecimal$ASCIIToBinaryBuffer@500024ac)
ARR 50004253 (sz=32, trace=301785, nelems=0, elem type=char[])
OBJ 50004254 (sz=32, trace=301535, class=sun.misc.FloatingDecimal$ASCIIToBinaryBuffer@500024ac)
OBJ 50004255 (sz=32, trace=301786, class=Point@5000255b)
OBJ 50004256 (sz=32, trace=301787, class=Line@50006f05)
OBJ 50004257 (sz=32, trace=301537, class=Point@5000255b)
OBJ 50004258 (sz=24, trace=301779, class=java.lang.String@5000016f)
ARR 50004259 (sz=80, trace=300326, nelems=0, elem type=char[])
OBJ 5000425a (sz=24, trace=301497, class=java.util.ArrayList@500000c5)
OBJ 5000425b (sz=24, trace=301498, class=java.lang.String@5000016f)
ARR 5000425c (sz=32, trace=301499, nelems=0, elem type=char[])
ARR 5000425d (sz=56, trace=300281, nelems=0, elem type=java.lang.Object[]@5000010a)
OBJ 5000425e (sz=24, trace=301498, class=java.lang.String@5000016f)
ARR 5000425f (sz=32, trace=301499, nelems=0, elem type=char[])
OBJ 50004260 (sz=24, trace=301498, class=java.lang.String@5000016f)
ARR 50004261 (sz=32, trace=301499, nelems=0, elem type=char[])
OBJ 50004262 (sz=24, trace=301500, class=java.lang.String@5000016f)
ARR 50004263 (sz=32, trace=301501, nelems=0, elem type=char[])
ARR 50004264 (sz=32, trace=301780, nelems=0, elem type=java.lang.String[]@500000cf)
OBJ 50004265 (sz=40, trace=301504, class=java.util.ArrayList$SubList@5000248a)
OBJ 50004266 (sz=40, trace=301506, class=java.util.ArrayList$SubList$1@5000248d)
OBJ 50004267 (sz=32, trace=301537, class=Point@5000255b)
ARR 50004268 (sz=32, trace=301781, nelems=0, elem type=char[])
OBJ 50004269 (sz=32, trace=301535, class=sun.misc.FloatingDecimal$ASCIIToBinaryBuffer@500024ac)
ARR 5000426a (sz=32, trace=301782, nelems=0, elem type=char[])
OBJ 5000426b (sz=32, trace=301535, class=sun.misc.FloatingDecimal$ASCIIToBinaryBuffer@500024ac)
OBJ 5000426c (sz=32, trace=301783, class=Point@5000255b)
ARR 5000426d (sz=32, trace=301784, nelems=0, elem type=char[])
OBJ 5000426e (sz=32, trace=301535, class=sun.misc.FloatingDecimal$ASCIIToBinaryBuffer@500024ac)
ARR 5000426f (sz=32, trace=301785, nelems=0, elem type=char[])
OBJ 50004270 (sz=32, trace=301535, class=sun.misc.FloatingDecimal$ASCIIToBinaryBuffer@500024ac)
OBJ 50004271 (sz=32, trace=301786, class=Point@5000255b)
OBJ 50004272 (sz=32, trace=301787, class=Line@50006f05)
OBJ 50004273 (sz=24, trace=301779, class=java.lang.String@5000016f)
ARR 50004274 (sz=88, trace=300326, nelems=0, elem type=char[])
OBJ 50004275 (sz=24, trace=301497, class=java.util.ArrayList@500000c5)
OBJ 50004276 (sz=24, trace=301498, class=java.lang.String@5000016f)
OBJ 50004277 (sz=32, trace=301537, class=Point@5000255b)
ARR 50004278 (sz=32, trace=301499, nelems=0, elem type=char[])
ARR 50004279 (sz=56, trace=300281, nelems=0, elem type=java.lang.Object[]@5000010a)
OBJ 5000427a (sz=24, trace=301498, class=java.lang.String@5000016f)
ARR 5000427b (sz=32, trace=301499, nelems=0, elem type=char[])
OBJ 5000427c (sz=24, trace=301498, class=java.lang.String@5000016f)
ARR 5000427d (sz=32, trace=301499, nelems=0, elem type=char[])
OBJ 5000427e (sz=24, trace=301500, class=java.lang.String@5000016f)
ARR 5000427f (sz=32, trace=301501, nelems=0, elem type=char[])
ARR 50004280 (sz=32, trace=301780, nelems=0, elem type=java.lang.String[]@500000cf)
OBJ 50004281 (sz=40, trace=301504, class=java.util.ArrayList$SubList@5000248a)
OBJ 50004282 (sz=40, trace=301506, class=java.util.ArrayList$SubList$1@5000248d)
ARR 50004283 (sz=32, trace=301781, nelems=0, elem type=char[])
OBJ 50004284 (sz=32, trace=301535, class=sun.misc.FloatingDecimal$ASCIIToBinaryBuffer@500024ac)
ARR 50004285 (sz=32, trace=301782, nelems=0, elem type=char[])
OBJ 50004286 (sz=32, trace=301535, class=sun.misc.FloatingDecimal$ASCIIToBinaryBuffer@500024ac)
OBJ 50004287 (sz=32, trace=301537, class=Point@5000255b)
OBJ 50004288 (sz=32, trace=301783, class=Point@5000255b)
ARR 50004289 (sz=32, trace=301784, nelems=0, elem type=char[])
OBJ 5000428a (sz=32, trace=301535, class=sun.misc.FloatingDecimal$ASCIIToBinaryBuffer@500024ac)
ARR 5000428b (sz=32, trace=301785, nelems=0, elem type=char[])
OBJ 5000428c (sz=32, trace=301535, class=sun.misc.FloatingDecimal$ASCIIToBinaryBuffer@500024ac)
OBJ 5000428d (sz=32, trace=301786, class=Point@5000255b)
OBJ 5000428e (sz=32, trace=301787, class=Line@50006f05)
OBJ 5000428f (sz=24, trace=301779, class=java.lang.String@5000016f)
ARR 50004290 (sz=80, trace=300326, nelems=0, elem type=char[])
OBJ 50004291 (sz=24, trace=301497, class=java.util.ArrayList@500000c5)
OBJ 50004292 (sz=24, trace=301498, class=java.lang.String@5000016f)
ARR 50004293 (sz=32, trace=301499, nelems=0, elem type=char[])
ARR 50004294 (sz=56, trace=300281, nelems=0, elem type=java.lang.Object[]@5000010a)
OBJ 50004295 (sz=24, trace=301498, class=java.lang.String@5000016f)
ARR 50004296 (sz=32, trace=301499, nelems=0, elem type=char[])
OBJ 50004297 (sz=32, trace=301537, class=Point@5000255b)
OBJ 50004298 (sz=24, trace=301498, class=java.lang.String@5000016f)
ARR 50004299 (sz=32, trace=301499, nelems=0, elem type=char[])
OBJ 5000429a (sz=24, trace=301500, class=java.lang.String@5000016f)
ARR 5000429b (sz=32, trace=301501, nelems=0, elem type=char[])
ARR 5000429c (sz=32, trace=301780, nelems=0, elem type=java.lang.String[]@500000cf)
OBJ 5000429d (sz=40, trace=301504, class=java.util.ArrayList$SubList@5000248a)
OBJ 5000429e (sz=40, trace=301506, class=java.util.ArrayList$SubList$1@5000248d)
ARR 5000429f (sz=32, trace=301781, nelems=0, elem type=char[])
OBJ 500042a0 (sz=32, trace=301535, class=sun.misc.FloatingDecimal$ASCIIToBinaryBuffer@500024ac)
ARR 500042a1 (sz=32, trace=301782, nelems=0, elem type=char[])
OBJ 500042a2 (sz=32, trace=301535, class=sun.misc.FloatingDecimal$ASCIIToBinaryBuffer@500024ac)
OBJ 500042a3 (sz=32, trace=301783, class=Point@5000255b)
ARR 500042a4 (sz=32, trace=301784, nelems=0, elem type=char[])
OBJ 500042a5 (sz=32, trace=301535, class=sun.misc.FloatingDecimal$ASCIIToBinaryBuffer@500024ac)
ARR 500042a6 (sz=32, trace=301785, nelems=0, elem type=char[])
OBJ 500042a7 (sz=32, trace=301537, class=Point@5000255b)
OBJ 500042a8 (sz=32, trace=301535, class=sun.misc.FloatingDecimal$ASCIIToBinaryBuffer@500024ac)
OBJ 500042a9 (sz=32, trace=301786, class=Point@5000255b)
OBJ 500042aa (sz=32, trace=301787, class=Line@50006f05)
OBJ 500042ab (sz=24, trace=301779, class=java.lang.String@5000016f)
ARR 500042ac (sz=80, trace=300326, nelems=0, elem type=char[])
OBJ 500042ad (sz=24, trace=301497, class=java.util.ArrayList@500000c5)
OBJ 500042ae (sz=24, trace=301498, class=java.lang.String@5000016f)
ARR 500042af (sz=32, trace=301499, nelems=0, elem type=char[])
ARR 500042b0 (sz=56, trace=300281, nelems=0, elem type=java.lang.Object[]@5000010a)
OBJ 500042b1 (sz=24, trace=301498, class=java.lang.String@5000016f)
ARR 500042b2 (sz=32, trace=301499, nelems=0, elem type=char[])
OBJ 500042b3 (sz=24, trace=301498, class=java.lang.String@5000016f)
ARR 500042b4 (sz=32, trace=301499, nelems=0, elem type=char[])
OBJ 500042b5 (sz=24, trace=301500, class=java.lang.String@5000016f)
ARR 500042b6 (sz=32, trace=301501, nelems=0, elem type=char[])
OBJ 500042b7 (sz=32, trace=301537, class=Point@5000255b)
ARR 500042b8 (sz=32, trace=301780, nelems=0, elem type=java.lang.String[]@500000cf)
OBJ 500042b9 (sz=40, trace=301504, class=java.util.ArrayList$SubList@5000248a)
OBJ 500042ba (sz=40, trace=301506, class=java.util.ArrayList$SubList$1@5000248d)
ARR 500042bb (sz=32, trace=301781, nelems=0, elem type=char[])
OBJ 500042bc (sz=32, trace=301535, class=sun.misc.FloatingDecimal$ASCIIToBinaryBuffer@500024ac)
ARR 500042bd (sz=32, trace=301782, nelems=0, elem type=char[])
OBJ 500042be (sz=32, trace=301535, class=sun.misc.FloatingDecimal$ASCIIToBinaryBuffer@500024ac)
OBJ 500042bf (sz=32, trace=301783, class=Point@5000255b)
ARR 500042c0 (sz=32, trace=301784, nelems=0, elem type=char[])
OBJ 500042c1 (sz=32, trace=301535, class=sun.misc.FloatingDecimal$ASCIIToBinaryBuffer@500024ac)
ARR 500042c2 (sz=32, trace=301785, nelems=0, elem type=char[])
OBJ 500042c3 (sz=32, trace=301535, class=sun.misc.FloatingDecimal$ASCIIToBinaryBuffer@500024ac)
OBJ 500042c4 (sz=32, trace=301786, class=Point@5000255b)
OBJ 500042c5 (sz=32, trace=301787, class=Line@50006f05)
OBJ 500042c6 (sz=24, trace=301779, class=java.lang.String@5000016f)
OBJ 500042c7 (sz=32, trace=301537, class=Point@5000255b)
ARR 500042c8 (sz=80, trace=300326, nelems=0, elem type=char[])
OBJ 500042c9 (sz=24, trace=301497, class=java.util.ArrayList@500000c5)
OBJ 500042ca (sz=24, trace=301498, class=java.lang.String@5000016f)
ARR 500042cb (sz=32, trace=301499, nelems=0, elem type=char[])
ARR 500042cc (sz=56, trace=300281, nelems=0, elem type=java.lang.Object[]@5000010a)
OBJ 500042cd (sz=24, trace=301498, class=java.lang.String@5000016f)
ARR 500042ce (sz=32, trace=301499, nelems=0, elem type=char[])
OBJ 500042cf (sz=24, trace=301498, class=java.lang.String@5000016f)
ARR 500042d0 (sz=32, trace=301499, nelems=0, elem type=char[])
OBJ 500042d1 (sz=24, trace=301500, class=java.lang.String@5000016f)
ARR 500042d2 (sz=32, trace=301501, nelems=0, elem type=char[])
ARR 500042d3 (sz=32, trace=301780, nelems=0, elem type=java.lang.String[]@500000cf)
OBJ 500042d4 (sz=40, trace=301504, class=java.util.ArrayList$SubList@5000248a)
OBJ 500042d5 (sz=40, trace=301506, class=java.util.ArrayList$SubList$1@5000248d)
ARR 500042d6 (sz=32, trace=301781, nelems=0, elem type=char[])
OBJ 500042d7 (sz=32, trace=301537, class=Point@5000255b)
OBJ 500042d8 (sz=32, trace=301535, class=sun.misc.FloatingDecimal$ASCIIToBinaryBuffer@500024ac)
ARR 500042d9 (sz=32, trace=301782, nelems=0, elem type=char[])
OBJ 500042da (sz=32, trace=301535, class=sun.misc.FloatingDecimal$ASCIIToBinaryBuffer@500024ac)
OBJ 500042db (sz=32, trace=301783, class=Point@5000255b)
ARR 500042dc (sz=32, trace=301784, nelems=0, elem type=char[])
OBJ 500042dd (sz=32, trace=301535, class=sun.misc.FloatingDecimal$ASCIIToBinaryBuffer@500024ac)
ARR 500042de (sz=32, trace=301785, nelems=0, elem type=char[])
OBJ 500042df (sz=32, trace=301535, class=sun.misc.FloatingDecimal$ASCIIToBinaryBuffer@500024ac)
OBJ 500042e0 (sz=32, trace=301786, class=Point@5000255b)
OBJ 500042e1 (sz=32, trace=301787, class=Line@50006f05)
OBJ 500042e2 (sz=24, trace=301779, class=java.lang.String@5000016f)
ARR 500042e3 (sz=80, trace=300326, nelems=0, elem type=char[])
OBJ 500042e4 (sz=24, trace=301497, class=java.util.ArrayList@500000c5)
OBJ 500042e5 (sz=24, trace=301498, class=java.lang.String@5000016f)
ARR 500042e6 (sz=32, trace=301499, nelems=0, elem type=char[])
OBJ 500042e7 (sz=32, trace=301537, class=Point@5000255b)
ARR 500042e8 (sz=56, trace=300281, nelems=0, elem type=java.lang.Object[]@5000010a)
OBJ 500042e9 (sz=24, trace=301498, class=java.lang.String@5000016f)
ARR 500042ea (sz=32, trace=301499, nelems=0, elem type=char[])
OBJ 500042eb (sz=24, trace=301498, class=java.lang.String@5000016f)
ARR 500042ec (sz=32, trace=301499, nelems=0, elem type=char[])
OBJ 500042ed (sz=24, trace=301500, class=java.lang.String@5000016f)
ARR 500042ee (sz=32, trace=301501, nelems=0, elem type=char[])
ARR 500042ef (sz=32, trace=301780, nelems=0, elem type=java.lang.String[]@500000cf)
OBJ 500042f0 (sz=40, trace=301504, class=java.util.ArrayList$SubList@5000248a)
OBJ 500042f1 (sz=40, trace=301506, class=java.util.ArrayList$SubList$1@5000248d)
ARR 500042f2 (sz=32, trace=301781, nelems=0, elem type=char[])
OBJ 500042f3 (sz=32, trace=301535, class=sun.misc.FloatingDecimal$ASCIIToBinaryBuffer@500024ac)
ARR 500042f4 (sz=32, trace=301782, nelems=0, elem type=char[])
OBJ 500042f5 (sz=32, trace=301535, class=sun.misc.FloatingDecimal$ASCIIToBinaryBuffer@500024ac)
OBJ 500042f6 (sz=32, trace=301783, class=Point@5000255b)
OBJ 500042f7 (sz=32, trace=301537, class=Point@5000255b)
ARR 500042f8 (sz=32, trace=301784, nelems=0, elem type=char[])
OBJ 500042f9 (sz=32, trace=301535, class=sun.misc.FloatingDecimal$ASCIIToBinaryBuffer@500024ac)
ARR 500042fa (sz=32, trace=301785, nelems=0, elem type=char[])
OBJ 500042fb (sz=32, trace=301535, class=sun.misc.FloatingDecimal$ASCIIToBinaryBuffer@500024ac)
OBJ 500042fc (sz=32, trace=301786, class=Point@5000255b)
OBJ 500042fd (sz=32, trace=301787, class=Line@50006f05)
OBJ 500042fe (sz=24, trace=301779, class=java.lang.String@5000016f)
ARR 500042ff (sz=80, trace=300326, nelems=0, elem type=char[])
OBJ 50004300 (sz=24, trace=301497, class=java.util.ArrayList@500000c5)
OBJ 50004301 (sz=24, trace=301498, class=java.lang.String@5000016f)
ARR 50004302 (sz=32, trace=301499, nelems=0, elem type=char[])
ARR 50004303 (sz=56, trace=300281, nelems=0, elem type=java.lang.Object[]@5000010a)
OBJ 50004304 (sz=24, trace=301498, class=java.lang.String@5000016f)
ARR 50004305 (sz=32, trace=301499, nelems=0, elem type=char[])
OBJ 50004306 (sz=24, trace=301498, class=java.lang.String@5000016f)
OBJ 50004307 (sz=32, trace=301537, class=Point@5000255b)
ARR 50004308 (sz=32, trace=301499, nelems=0, elem type=char[])
OBJ 50004309 (sz=24, trace=301500, class=java.lang.String@5000016f)
ARR 5000430a (sz=32, trace=301501, nelems=0, elem type=char[])
ARR 5000430b (sz=32, trace=301780, nelems=0, elem type=java.lang.String[]@500000cf)
OBJ 5000430c (sz=40, trace=301504, class=java.util.ArrayList$SubList@5000248a)
OBJ 5000430d (sz=40, trace=301506, class=java.util.ArrayList$SubList$1@5000248d)
ARR 5000430e (sz=32, trace=301781, nelems=0, elem type=char[])
OBJ 5000430f (sz=32, trace=301535, class=sun.misc.FloatingDecimal$ASCIIToBinaryBuffer@500024ac)
ARR 50004310 (sz=32, trace=301782, nelems=0, elem type=char[])
OBJ 50004311 (sz=32, trace=301535, class=sun.misc.FloatingDecimal$ASCIIToBinaryBuffer@500024ac)
OBJ 50004312 (sz=32, trace=301783, class=Point@5000255b)
ARR 50004313 (sz=32, trace=301784, nelems=0, elem type=char[])
OBJ 50004314 (sz=32, trace=301535, class=sun.misc.FloatingDecimal$ASCIIToBinaryBuffer@500024ac)
ARR 50004315 (sz=32, trace=301785, nelems=0, elem type=char[])
OBJ 50004316 (sz=32, trace=301535, class=sun.misc.FloatingDecimal$ASCIIToBinaryBuffer@500024ac)
OBJ 50004317 (sz=32, trace=301537, class=Point@5000255b)
OBJ 50004318 (sz=32, trace=301786, class=Point@5000255b)
OBJ 50004319 (sz=32, trace=301787, class=Line@50006f05)
OBJ 5000431a (sz=24, trace=301779, class=java.lang.String@5000016f)
ARR 5000431b (sz=80, trace=300326, nelems=0, elem type=char[])
OBJ 5000431c (sz=24, trace=301497, class=java.util.ArrayList@500000c5)
OBJ 5000431d (sz=24, trace=301498, class=java.lang.String@5000016f)
ARR 5000431e (sz=32, trace=301499, nelems=0, elem type=char[])
ARR 5000431f (sz=56, trace=300281, nelems=0, elem type=java.lang.Object[]@5000010a)
OBJ 50004320 (sz=24, trace=301498, class=java.lang.String@5000016f)
ARR 50004321 (sz=32, trace=301499, nelems=0, elem type=char[])
OBJ 50004322 (sz=24, trace=301498, class=java.lang.String@5000016f)
ARR 50004323 (sz=32, trace=301499, nelems=0, elem type=char[])
OBJ 50004324 (sz=24, trace=301500, class=java.lang.String@5000016f)
ARR 50004325 (sz=32, trace=301501, nelems=0, elem type=char[])
ARR 50004326 (sz=32, trace=301780, nelems=0, elem type=java.lang.String[]@500000cf)
OBJ 50004327 (sz=32, trace=301537, class=Point@5000255b)
OBJ 50004328 (sz=40, trace=301504, class=java.util.ArrayList$SubList@5000248a)
OBJ 50004329 (sz=40, trace=301506, class=java.util.ArrayList$SubList$1@5000248d)
ARR 5000432a (sz=32, trace=301781, nelems=0, elem type=char[])
OBJ 5000432b (sz=32, trace=301535, class=sun.misc.FloatingDecimal$ASCIIToBinaryBuffer@500024ac)
ARR 5000432c (sz=32, trace=301782, nelems=0, elem type=char[])
OBJ 5000432d (sz=32, trace=301535, class=sun.misc.FloatingDecimal$ASCIIToBinaryBuffer@500024ac)
OBJ 5000432e (sz=32, trace=301783, class=Point@5000255b)
ARR 5000432f (sz=32, trace=301784, nelems=0, elem type=char[])
OBJ 50004330 (sz=32, trace=301535, class=sun.misc.FloatingDecimal$ASCIIToBinaryBuffer@500024ac)
ARR 50004331 (sz=32, trace=301785, nelems=0, elem type=char[])
OBJ 50004332 (sz=32, trace=301535, class=sun.misc.FloatingDecimal$ASCIIToBinaryBuffer@500024ac)
OBJ 50004333 (sz=32, trace=301786, class=Point@5000255b)
OBJ 50004334 (sz=32, trace=301787, class=Line@50006f05)
OBJ 50004335 (sz=24, trace=301779, class=java.lang.String@5000016f)
ARR 50004336 (sz=80, trace=300326, nelems=0, elem type=char[])
OBJ 50004337 (sz=32, trace=301537, class=Point@5000255b)
OBJ 50004338 (sz=24, trace=301497, class=java.util.ArrayList@500000c5)
OBJ 50004339 (sz=24, trace=301498, class=java.lang.String@5000016f)
ARR 5000433a (sz=32, trace=301499, nelems=0, elem type=char[])
ARR 5000433b (sz=56, trace=300281, nelems=0, elem type=java.lang.Object[]@5000010a)
OBJ 5000433c (sz=24, trace=301498, class=java.lang.String@5000016f)
ARR 5000433d (sz=32, trace=301499, nelems=0, elem type=char[])
OBJ 5000433e (sz=24, trace=301498, class=java.lang.String@5000016f)
ARR 5000433f (sz=32, trace=301499, nelems=0, elem type=char[])
OBJ 50004340 (sz=24, trace=301500, class=java.lang.String@5000016f)
ARR 50004341 (sz=32, trace=301501, nelems=0, elem type=char[])
ARR 50004342 (sz=32, trace=301780, nelems=0, elem type=java.lang.String[]@500000cf)
OBJ 50004343 (sz=40, trace=301504, class=java.util.ArrayList$SubList@5000248a)
OBJ 50004344 (sz=40, trace=301506, class=java.util.ArrayList$SubList$1@5000248d)
ARR 50004345 (sz=32, trace=301781, nelems=0, elem type=char[])
OBJ 50004346 (sz=32, trace=301535, class=sun.misc.FloatingDecimal$ASCIIToBinaryBuffer@500024ac)
OBJ 50004347 (sz=32, trace=301537, class=Point@5000255b)
ARR 50004348 (sz=32, trace=301782, nelems=0, elem type=char[])
OBJ 50004349 (sz=32, trace=301535, class=sun.misc.FloatingDecimal$ASCIIToBinaryBuffer@500024ac)
OBJ 5000434a (sz=32, trace=301783, class=Point@5000255b)
ARR 5000434b (sz=32, trace=301784, nelems=0, elem type=char[])
OBJ 5000434c (sz=32, trace=301535, class=sun.misc.FloatingDecimal$ASCIIToBinaryBuffer@500024ac)
ARR 5000434d (sz=32, trace=301785, nelems=0, elem type=char[])
OBJ 5000434e (sz=32, trace=301535, class=sun.misc.FloatingDecimal$ASCIIToBinaryBuffer@500024ac)
OBJ 5000434f (sz=32, trace=301786, class=Point@5000255b)
OBJ 50004350 (sz=32, trace=301787, class=Line@50006f05)
OBJ 50004351 (sz=24, trace=301779, class=java.lang.String@5000016f)
ARR 50004352 (sz=80, trace=300326, nelems=0, elem type=char[])
OBJ 50004353 (sz=24, trace=301497, class=java.util.ArrayList@500000c5)
OBJ 50004354 (sz=24, trace=301498, class=java.lang.String@5000016f)
ARR 50004355 (sz=32, trace=301499, nelems=0, elem type=char[])
ARR 50004356 (sz=56, trace=300281, nelems=0, elem type=java.lang.Object[]@5000010a)
OBJ 50004357 (sz=32, trace=301537, class=Point@5000255b)
OBJ 50004358 (sz=24, trace=301498, class=java.lang.String@5000016f)
ARR 50004359 (sz=32, trace=301499, nelems=0, elem type=char[])
OBJ 5000435a (sz=24, trace=301498, class=java.lang.String@5000016f)
ARR 5000435b (sz=32, trace=301499, nelems=0, elem type=char[])
OBJ 5000435c (sz=24, trace=301500, class=java.lang.String@5000016f)
ARR 5000435d (sz=32, trace=301501, nelems=0, elem type=char[])
ARR 5000435e (sz=32, trace=301780, nelems=0, elem type=java.lang.String[]@500000cf)
OBJ 5000435f (sz=40, trace=301504, class=java.util.ArrayList$SubList@5000248a)
OBJ 50004360 (sz=40, trace=301506, class=java.util.ArrayList$SubList$1@5000248d)
ARR 50004361 (sz=32, trace=301781, nelems=0, elem type=char[])
OBJ 50004362 (sz=32, trace=301535, class=sun.misc.FloatingDecimal$ASCIIToBinaryBuffer@500024ac)
ARR 50004363 (sz=32, trace=301782, nelems=0, elem type=char[])
OBJ 50004364 (sz=32, trace=301535, class=sun.misc.FloatingDecimal$ASCIIToBinaryBuffer@500024ac)
OBJ 50004365 (sz=32, trace=301783, class=Point@5000255b)
ARR 50004366 (sz=32, trace=301784, nelems=0, elem type=char[])
OBJ 50004367 (sz=32, trace=301537, class=Point@5000255b)
OBJ 50004368 (sz=32, trace=301535, class=sun.misc.FloatingDecimal$ASCIIToBinaryBuffer@500024ac)
ARR 50004369 (sz=32, trace=301785, nelems=0, elem type=char[])
OBJ 5000436a (sz=32, trace=301535, class=sun.misc.FloatingDecimal$ASCIIToBinaryBuffer@500024ac)
OBJ 5000436b (sz=32, trace=301786, class=Point@5000255b)
OBJ 5000436c (sz=32, trace=301787, class=Line@50006f05)
OBJ 5000436d (sz=24, trace=301779, class=java.lang.String@5000016f)
ARR 5000436e (sz=80, trace=300326, nelems=0, elem type=char[])
OBJ 5000436f (sz=24, trace=301497, class=java.util.ArrayList@500000c5)
OBJ 50004370 (sz=24, trace=301498, class=java.lang.String@5000016f)
ARR 50004371 (sz=32, trace=301499, nelems=0, elem type=char[])
ARR 50004372 (sz=56, trace=300281, nelems=0, elem type=java.lang.Object[]@5000010a)
OBJ 50004373 (sz=24, trace=301498, class=java.lang.String@5000016f)
ARR 50004374 (sz=32, trace=301499, nelems=0, elem type=char[])
OBJ 50004375 (sz=24, trace=301498, class=java.lang.String@5000016f)
ARR 50004376 (sz=32, trace=301499, nelems=0, elem type=char[])
OBJ 50004377 (sz=32, trace=301537, class=Point@5000255b)
OBJ 50004378 (sz=24, trace=301500, class=java.lang.String@5000016f)
ARR 50004379 (sz=32, trace=301501, nelems=0, elem type=char[])
ARR 5000437a (sz=32, trace=301780, nelems=0, elem type=java.lang.String[]@500000cf)
OBJ 5000437b (sz=40, trace=301504, class=java.util.ArrayList$SubList@5000248a)
OBJ 5000437c (sz=40, trace=301506, class=java.util.ArrayList$SubList$1@5000248d)
ARR 5000437d (sz=32, trace=301781, nelems=0, elem type=char[])
OBJ 5000437e (sz=32, trace=301535, class=sun.misc.FloatingDecimal$ASCIIToBinaryBuffer@500024ac)
ARR 5000437f (sz=32, trace=301782, nelems=0, elem type=char[])
OBJ 50004380 (sz=32, trace=301535, class=sun.misc.FloatingDecimal$ASCIIToBinaryBuffer@500024ac)
OBJ 50004381 (sz=32, trace=301783, class=Point@5000255b)
ARR 50004382 (sz=32, trace=301784, nelems=0, elem type=char[])
OBJ 50004383 (sz=32, trace=301535, class=sun.misc.FloatingDecimal$ASCIIToBinaryBuffer@500024ac)
ARR 50004384 (sz=32, trace=301785, nelems=0, elem type=char[])
OBJ 50004385 (sz=32, trace=301535, class=sun.misc.FloatingDecimal$ASCIIToBinaryBuffer@500024ac)
OBJ 50004386 (sz=32, trace=301786, class=Point@5000255b)
OBJ 50004387 (sz=32, trace=301537, class=Point@5000255b)
OBJ 50004388 (sz=32, trace=301787, class=Line@50006f05)
OBJ 50004389 (sz=24, trace=301779, class=java.lang.String@5000016f)
ARR 5000438a (sz=80, trace=300326, nelems=0, elem type=char[])
OBJ 5000438b (sz=24, trace=301497, class=java.util.ArrayList@500000c5)
OBJ 5000438c (sz=24, trace=301498, class=java.lang.String@5000016f)
ARR 5000438d (sz=32, trace=301499, nelems=0, elem type=char[])
ARR 5000438e (sz=56, trace=300281, nelems=0, elem type=java.lang.Object[]@5000010a)
OBJ 5000438f (sz=24, trace=301498, class=java.lang.String@5000016f)
ARR 50004390 (sz=32, trace=301499, nelems=0, elem type=char[])
OBJ 50004391 (sz=24, trace=301498, class=java.lang.String@5000016f)
ARR 50004392 (sz=32, trace=301499, nelems=0, elem type=char[])
OBJ 50004393 (sz=24, trace=301500, class=java.lang.String@5000016f)
ARR 50004394 (sz=32, trace=301501, nelems=0, elem type=char[])
ARR 50004395 (sz=32, trace=301780, nelems=0, elem type=java.lang.String[]@500000cf)
OBJ 50004396 (sz=40, trace=301504, class=java.util.ArrayList$SubList@5000248a)
OBJ 50004397 (sz=32, trace=301537, class=Point@5000255b)
OBJ 50004398 (sz=40, trace=301506, class=java.util.ArrayList$SubList$1@5000248d)
ARR 50004399 (sz=32, trace=301781, nelems=0, elem type=char[])
OBJ 5000439a (sz=32, trace=301535, class=sun.misc.FloatingDecimal$ASCIIToBinaryBuffer@500024ac)
ARR 5000439b (sz=32, trace=301782, nelems=0, elem type=char[])
OBJ 5000439c (sz=32, trace=301535, class=sun.misc.FloatingDecimal$ASCIIToBinaryBuffer@500024ac)
OBJ 5000439d (sz=32, trace=301783, class=Point@5000255b)
ARR 5000439e (sz=32, trace=301784, nelems=0, elem type=char[])
OBJ 5000439f (sz=32, trace=301535, class=sun.misc.FloatingDecimal$ASCIIToBinaryBuffer@500024ac)
ARR 500043a0 (sz=32, trace=301785, nelems=0, elem type=char[])
OBJ 500043a1 (sz=32, trace=301535, class=sun.misc.FloatingDecimal$ASCIIToBinaryBuffer@500024ac)
OBJ 500043a2 (sz=32, trace=301786, class=Point@5000255b)
OBJ 500043a3 (sz=32, trace=301787, class=Line@50006f05)
OBJ 500043a4 (sz=24, trace=301779, class=java.lang.String@5000016f)
ARR 500043a5 (sz=80, trace=300326, nelems=0, elem type=char[])
OBJ 500043a6 (sz=24, trace=301497, class=java.util.ArrayList@500000c5)
OBJ 500043a7 (sz=32, trace=301537, class=Point@5000255b)
OBJ 500043a8 (sz=24, trace=301498, class=java.lang.String@5000016f)
ARR 500043a9 (sz=32, trace=301499, nelems=0, elem type=char[])
ARR 500043aa (sz=56, trace=300281, nelems=0, elem type=java.lang.Object[]@5000010a)
OBJ 500043ab (sz=24, trace=301498, class=java.lang.String@5000016f)
ARR 500043ac (sz=32, trace=301499, nelems=0, elem type=char[])
OBJ 500043ad (sz=24, trace=301498, class=java.lang.String@5000016f)
ARR 500043ae (sz=32, trace=301499, nelems=0, elem type=char[])
OBJ 500043af (sz=24, trace=301500, class=java.lang.String@5000016f)
ARR 500043b0 (sz=32, trace=301501, nelems=0, elem type=char[])
ARR 500043b1 (sz=32, trace=301780, nelems=0, elem type=java.lang.String[]@500000cf)
OBJ 500043b2 (sz=40, trace=301504, class=java.util.ArrayList$SubList@5000248a)
OBJ 500043b3 (sz=40, trace=301506, class=java.util.ArrayList$SubList$1@5000248d)
ARR 500043b4 (sz=32, trace=301781, nelems=0, elem type=char[])
OBJ 500043b5 (sz=32, trace=301535, class=sun.misc.FloatingDecimal$ASCIIToBinaryBuffer@500024ac)
ARR 500043b6 (sz=32, trace=301782, nelems=0, elem type=char[])
OBJ 500043b7 (sz=32, trace=301537, class=Point@5000255b)
OBJ 500043b8 (sz=32, trace=301535, class=sun.misc.FloatingDecimal$ASCIIToBinaryBuffer@500024ac)
OBJ 500043b9 (sz=32, trace=301783, class=Point@5000255b)
ARR 500043ba (sz=32, trace=301784, nelems=0, elem type=char[])
OBJ 500043bb (sz=32, trace=301535, class=sun.misc.FloatingDecimal$ASCIIToBinaryBuffer@500024ac)
ARR 500043bc (sz=32, trace=301785, nelems=0, elem type=char[])
OBJ 500043bd (sz=32, trace=301535, class=sun.misc.FloatingDecimal$ASCIIToBinaryBuffer@500024ac)
OBJ 500043be (sz=32, trace=301786, class=Point@5000255b)
OBJ 500043bf (sz=32, trace=301787, class=Line@50006f05)
OBJ 500043c0 (sz=24, trace=301779, class=java.lang.String@5000016f)
ARR 500043c1 (sz=80, trace=300326, nelems=0, elem type=char[])
OBJ 500043c2 (sz=24, trace=301497, class=java.util.ArrayList@500000c5)
OBJ 500043c3 (sz=24, trace=301498, class=java.lang.String@5000016f)
ARR 500043c4 (sz=32, trace=301499, nelems=0, elem type=char[])
ARR 500043c5 (sz=56, trace=300281, nelems=0, elem type=java.lang.Object[]@5000010a)
OBJ 500043c6 (sz=24, trace=301498, class=java.lang.String@5000016f)
OBJ 500043c7 (sz=32, trace=301537, class=Point@5000255b)
ARR 500043c8 (sz=32, trace=301499, nelems=0, elem type=char[])
OBJ 500043c9 (sz=24, trace=301498, class=java.lang.String@5000016f)
ARR 500043ca (sz=32, trace=301499, nelems=0, elem type=char[])
OBJ 500043cb (sz=24, trace=301500, class=java.lang.String@5000016f)
ARR 500043cc (sz=32, trace=301501, nelems=0, elem type=char[])
ARR 500043cd (sz=32, trace=301780, nelems=0, elem type=java.lang.String[]@500000cf)
OBJ 500043ce (sz=40, trace=301504, class=java.util.ArrayList$SubList@5000248a)
OBJ 500043cf (sz=40, trace=301506, class=java.util.ArrayList$SubList$1@5000248d)
ARR 500043d0 (sz=32, trace=301781, nelems=0, elem type=char[])
OBJ 500043d1 (sz=32, trace=301535, class=sun.misc.FloatingDecimal$ASCIIToBinaryBuffer@500024ac)
ARR 500043d2 (sz=32, trace=301782, nelems=0, elem type=char[])
OBJ 500043d3 (sz=32, trace=301535, class=sun.misc.FloatingDecimal$ASCIIToBinaryBuffer@500024ac)
OBJ 500043d4 (sz=32, trace=301783, class=Point@5000255b)
ARR 500043d5 (sz=32, trace=301784, nelems=0, elem type=char[])
OBJ 500043d6 (sz=32, trace=301535, class=sun.misc.FloatingDecimal$ASCIIToBinaryBuffer@500024ac)
ARR 500043d7 (sz=32, trace=301785, nelems=0, elem type=char[])
OBJ 500043d8 (sz=32, trace=301537, class=Point@5000255b)
OBJ 500043d9 (sz=32, trace=301535, class=sun.misc.FloatingDecimal$ASCIIToBinaryBuffer@500024ac)
OBJ 500043da (sz=32, trace=301786, class=Point@5000255b)
OBJ 500043db (sz=32, trace=301787, class=Line@50006f05)
OBJ 500043dc (sz=24, trace=301779, class=java.lang.String@5000016f)
ARR 500043dd (sz=88, trace=300326, nelems=0, elem type=char[])
OBJ 500043de (sz=24, trace=301497, class=java.util.ArrayList@500000c5)
OBJ 500043df (sz=24, trace=301498, class=java.lang.String@5000016f)
ARR 500043e0 (sz=32, trace=301499, nelems=0, elem type=char[])
ARR 500043e1 (sz=56, trace=300281, nelems=0, elem type=java.lang.Object[]@5000010a)
OBJ 500043e2 (sz=24, trace=301498, class=java.lang.String@5000016f)
ARR 500043e3 (sz=32, trace=301499, nelems=0, elem type=char[])
OBJ 500043e4 (sz=24, trace=301498, class=java.lang.String@5000016f)
ARR 500043e5 (sz=32, trace=301499, nelems=0, elem type=char[])
OBJ 500043e6 (sz=24, trace=301500, class=java.lang.String@5000016f)
ARR 500043e7 (sz=32, trace=301501, nelems=0, elem type=char[])
OBJ 500043e8 (sz=32, trace=301537, class=Point@5000255b)
ARR 500043e9 (sz=32, trace=301780, nelems=0, elem type=java.lang.String[]@500000cf)
OBJ 500043ea (sz=40, trace=301504, class=java.util.ArrayList$SubList@5000248a)
OBJ 500043eb (sz=40, trace=301506, class=java.util.ArrayList$SubList$1@5000248d)
ARR 500043ec (sz=32, trace=301781, nelems=0, elem type=char[])
OBJ 500043ed (sz=32, trace=301535, class=sun.misc.FloatingDecimal$ASCIIToBinaryBuffer@500024ac)
ARR 500043ee (sz=32, trace=301782, nelems=0, elem type=char[])
OBJ 500043ef (sz=32, trace=301535, class=sun.misc.FloatingDecimal$ASCIIToBinaryBuffer@500024ac)
OBJ 500043f0 (sz=32, trace=301783, class=Point@5000255b)
ARR 500043f1 (sz=32, trace=301784, nelems=0, elem type=char[])
OBJ 500043f2 (sz=32, trace=301535, class=sun.misc.FloatingDecimal$ASCIIToBinaryBuffer@500024ac)
ARR 500043f3 (sz=32, trace=301785, nelems=0, elem type=char[])
OBJ 500043f4 (sz=32, trace=301535, class=sun.misc.FloatingDecimal$ASCIIToBinaryBuffer@500024ac)
OBJ 500043f5 (sz=32, trace=301786, class=Point@5000255b)
OBJ 500043f6 (sz=32, trace=301787, class=Line@50006f05)
OBJ 500043f7 (sz=24, trace=301779, class=java.lang.String@5000016f)
OBJ 500043f8 (sz=32, trace=301537, class=Point@5000255b)
ARR 500043f9 (sz=88, trace=300326, nelems=0, elem type=char[])
OBJ 500043fa (sz=24, trace=301497, class=java.util.ArrayList@500000c5)
OBJ 500043fb (sz=24, trace=301498, class=java.lang.String@5000016f)
ARR 500043fc (sz=32, trace=301499, nelems=0, elem type=char[])
ARR 500043fd (sz=56, trace=300281, nelems=0, elem type=java.lang.Object[]@5000010a)
OBJ 500043fe (sz=24, trace=301498, class=java.lang.String@5000016f)
ARR 500043ff (sz=32, trace=301499, nelems=0, elem type=char[])
OBJ 50004400 (sz=24, trace=301498, class=java.lang.String@5000016f)
ARR 50004401 (sz=32, trace=301499, nelems=0, elem type=char[])
OBJ 50004402 (sz=24, trace=301500, class=java.lang.String@5000016f)
ARR 50004403 (sz=32, trace=301501, nelems=0, elem type=char[])
ARR 50004404 (sz=32, trace=301780, nelems=0, elem type=java.lang.String[]@500000cf)
OBJ 50004405 (sz=40, trace=301504, class=java.util.ArrayList$SubList@5000248a)
OBJ 50004406 (sz=40, trace=301506, class=java.util.ArrayList$SubList$1@5000248d)
ARR 50004407 (sz=32, trace=301781, nelems=0, elem type=char[])
OBJ 50004408 (sz=32, trace=301537, class=Point@5000255b)
OBJ 50004409 (sz=32, trace=301535, class=sun.misc.FloatingDecimal$ASCIIToBinaryBuffer@500024ac)
ARR 5000440a (sz=32, trace=301782, nelems=0, elem type=char[])
OBJ 5000440b (sz=32, trace=301535, class=sun.misc.FloatingDecimal$ASCIIToBinaryBuffer@500024ac)
OBJ 5000440c (sz=32, trace=301783, class=Point@5000255b)
ARR 5000440d (sz=32, trace=301784, nelems=0, elem type=char[])
OBJ 5000440e (sz=32, trace=301535, class=sun.misc.FloatingDecimal$ASCIIToBinaryBuffer@500024ac)
ARR 5000440f (sz=32, trace=301785, nelems=0, elem type=char[])
OBJ 50004410 (sz=32, trace=301535, class=sun.misc.FloatingDecimal$ASCIIToBinaryBuffer@500024ac)
OBJ 50004411 (sz=32, trace=301786, class=Point@5000255b)
OBJ 50004412 (sz=32, trace=301787, class=Line@50006f05)
OBJ 50004413 (sz=24, trace=301779, class=java.lang.String@5000016f)
ARR 50004414 (sz=88, trace=300326, nelems=0, elem type=char[])
OBJ 50004415 (sz=24, trace=301497, class=java.util.ArrayList@500000c5)
OBJ 50004416 (sz=24, trace=301498, class=java.lang.String@5000016f)
ARR 50004417 (sz=32, trace=301499, nelems=0, elem type=char[])
OBJ 50004418 (sz=32, trace=301537, class=Point@5000255b)
ARR 50004419 (sz=56, trace=300281, nelems=0, elem type=java.lang.Object[]@5000010a)
OBJ 5000441a (sz=24, trace=301498, class=java.lang.String@5000016f)
ARR 5000441b (sz=32, trace=301499, nelems=0, elem type=char[])
OBJ 5000441c (sz=24, trace=301498, class=java.lang.String@5000016f)
ARR 5000441d (sz=32, trace=301499, nelems=0, elem type=char[])
OBJ 5000441e (sz=24, trace=301500, class=java.lang.String@5000016f)
ARR 5000441f (sz=32, trace=301501, nelems=0, elem type=char[])
ARR 50004420 (sz=32, trace=301780, nelems=0, elem type=java.lang.String[]@500000cf)
OBJ 50004421 (sz=40, trace=301504, class=java.util.ArrayList$SubList@5000248a)
OBJ 50004422 (sz=40, trace=301506, class=java.util.ArrayList$SubList$1@5000248d)
ARR 50004423 (sz=32, trace=301781, nelems=0, elem type=char[])
OBJ 50004424 (sz=32, trace=301535, class=sun.misc.FloatingDecimal$ASCIIToBinaryBuffer@500024ac)
ARR 50004425 (sz=32, trace=301782, nelems=0, elem type=char[])
OBJ 50004426 (sz=32, trace=301535, class=sun.misc.FloatingDecimal$ASCIIToBinaryBuffer@500024ac)
OBJ 50004427 (sz=32, trace=301783, class=Point@5000255b)
OBJ 50004428 (sz=32, trace=301537, class=Point@5000255b)
ARR 50004429 (sz=32, trace=301784, nelems=0, elem type=char[])
OBJ 5000442a (sz=32, trace=301535, class=sun.misc.FloatingDecimal$ASCIIToBinaryBuffer@500024ac)
ARR 5000442b (sz=32, trace=301785, nelems=0, elem type=char[])
OBJ 5000442c (sz=32, trace=301535, class=sun.misc.FloatingDecimal$ASCIIToBinaryBuffer@500024ac)
OBJ 5000442d (sz=32, trace=301786, class=Point@5000255b)
OBJ 5000442e (sz=32, trace=301787, class=Line@50006f05)
OBJ 5000442f (sz=24, trace=301779, class=java.lang.String@5000016f)
ARR 50004430 (sz=88, trace=300326, nelems=0, elem type=char[])
OBJ 50004431 (sz=24, trace=301497, class=java.util.ArrayList@500000c5)
OBJ 50004432 (sz=24, trace=301498, class=java.lang.String@5000016f)
ARR 50004433 (sz=32, trace=301499, nelems=0, elem type=char[])
ARR 50004434 (sz=56, trace=300281, nelems=0, elem type=java.lang.Object[]@5000010a)
OBJ 50004435 (sz=24, trace=301498, class=java.lang.String@5000016f)
ARR 50004436 (sz=32, trace=301499, nelems=0, elem type=char[])
OBJ 50004437 (sz=24, trace=301498, class=java.lang.String@5000016f)
OBJ 50004438 (sz=32, trace=301537, class=Point@5000255b)
ARR 50004439 (sz=32, trace=301499, nelems=0, elem type=char[])
OBJ 5000443a (sz=24, trace=301500, class=java.lang.String@5000016f)
ARR 5000443b (sz=32, trace=301501, nelems=0, elem type=char[])
ARR 5000443c (sz=32, trace=301780, nelems=0, elem type=java.lang.String[]@500000cf)
OBJ 5000443d (sz=40, trace=301504, class=java.util.ArrayList$SubList@5000248a)
OBJ 5000443e (sz=40, trace=301506, class=java.util.ArrayList$SubList$1@5000248d)
ARR 5000443f (sz=32, trace=301781, nelems=0, elem type=char[])
OBJ 50004440 (sz=32, trace=301535, class=sun.misc.FloatingDecimal$ASCIIToBinaryBuffer@500024ac)
ARR 50004441 (sz=32, trace=301782, nelems=0, elem type=char[])
OBJ 50004442 (sz=32, trace=301535, class=sun.misc.FloatingDecimal$ASCIIToBinaryBuffer@500024ac)
OBJ 50004443 (sz=32, trace=301783, class=Point@5000255b)
ARR 50004444 (sz=32, trace=301784, nelems=0, elem type=char[])
OBJ 50004445 (sz=32, trace=301535, class=sun.misc.FloatingDecimal$ASCIIToBinaryBuffer@500024ac)
ARR 50004446 (sz=32, trace=301785, nelems=0, elem type=char[])
OBJ 50004447 (sz=32, trace=301535, class=sun.misc.FloatingDecimal$ASCIIToBinaryBuffer@500024ac)
OBJ 50004448 (sz=32, trace=301537, class=Point@5000255b)
OBJ 50004449 (sz=32, trace=301786, class=Point@5000255b)
OBJ 5000444a (sz=32, trace=301787, class=Line@50006f05)
OBJ 5000444b (sz=24, trace=301779, class=java.lang.String@5000016f)
ARR 5000444c (sz=88, trace=300326, nelems=0, elem type=char[])
OBJ 5000444d (sz=24, trace=301497, class=java.util.ArrayList@500000c5)
OBJ 5000444e (sz=24, trace=301498, class=java.lang.String@5000016f)
ARR 5000444f (sz=32, trace=301499, nelems=0, elem type=char[])
ARR 50004450 (sz=56, trace=300281, nelems=0, elem type=java.lang.Object[]@5000010a)
OBJ 50004451 (sz=24, trace=301498, class=java.lang.String@5000016f)
ARR 50004452 (sz=32, trace=301499, nelems=0, elem type=char[])
OBJ 50004453 (sz=24, trace=301498, class=java.lang.String@5000016f)
ARR 50004454 (sz=32, trace=301499, nelems=0, elem type=char[])
OBJ 50004455 (sz=24, trace=301500, class=java.lang.String@5000016f)
ARR 50004456 (sz=32, trace=301501, nelems=0, elem type=char[])
ARR 50004457 (sz=32, trace=301780, nelems=0, elem type=java.lang.String[]@500000cf)
OBJ 50004458 (sz=32, trace=301537, class=Point@5000255b)
OBJ 50004459 (sz=40, trace=301504, class=java.util.ArrayList$SubList@5000248a)
OBJ 5000445a (sz=40, trace=301506, class=java.util.ArrayList$SubList$1@5000248d)
ARR 5000445b (sz=32, trace=301781, nelems=0, elem type=char[])
OBJ 5000445c (sz=32, trace=301535, class=sun.misc.FloatingDecimal$ASCIIToBinaryBuffer@500024ac)
ARR 5000445d (sz=32, trace=301782, nelems=0, elem type=char[])
OBJ 5000445e (sz=32, trace=301535, class=sun.misc.FloatingDecimal$ASCIIToBinaryBuffer@500024ac)
OBJ 5000445f (sz=32, trace=301783, class=Point@5000255b)
ARR 50004460 (sz=32, trace=301784, nelems=0, elem type=char[])
OBJ 50004461 (sz=32, trace=301535, class=sun.misc.FloatingDecimal$ASCIIToBinaryBuffer@500024ac)
ARR 50004462 (sz=32, trace=301785, nelems=0, elem type=char[])
OBJ 50004463 (sz=32, trace=301535, class=sun.misc.FloatingDecimal$ASCIIToBinaryBuffer@500024ac)
OBJ 50004464 (sz=32, trace=301786, class=Point@5000255b)
OBJ 50004465 (sz=32, trace=301787, class=Line@50006f05)
OBJ 50004466 (sz=24, trace=301779, class=java.lang.String@5000016f)
ARR 50004467 (sz=88, trace=300326, nelems=0, elem type=char[])
OBJ 50004468 (sz=32, trace=301537, class=Point@5000255b)
OBJ 50004469 (sz=24, trace=301497, class=java.util.ArrayList@500000c5)
OBJ 5000446a (sz=24, trace=301498, class=java.lang.String@5000016f)
ARR 5000446b (sz=32, trace=301499, nelems=0, elem type=char[])
ARR 5000446c (sz=56, trace=300281, nelems=0, elem type=java.lang.Object[]@5000010a)
OBJ 5000446e (sz=24, trace=301498, class=java.lang.String@5000016f)
ARR 5000446f (sz=32, trace=301499, nelems=0, elem type=char[])
OBJ 50004470 (sz=24, trace=301498, class=java.lang.String@5000016f)
ARR 50004471 (sz=32, trace=301499, nelems=0, elem type=char[])
OBJ 50004472 (sz=24, trace=301500, class=java.lang.String@5000016f)
ARR 50004473 (sz=32, trace=301501, nelems=0, elem type=char[])
ARR 50004474 (sz=32, trace=301780, nelems=0, elem type=java.lang.String[]@500000cf)
OBJ 50004475 (sz=40, trace=301504, class=java.util.ArrayList$SubList@5000248a)
OBJ 50004476 (sz=40, trace=301506, class=java.util.ArrayList$SubList$1@5000248d)
ARR 50004477 (sz=32, trace=301781, nelems=0, elem type=char[])
OBJ 50004478 (sz=32, trace=301537, class=Point@5000255b)
OBJ 50004479 (sz=32, trace=301535, class=sun.misc.FloatingDecimal$ASCIIToBinaryBuffer@500024ac)
ARR 5000447a (sz=32, trace=301782, nelems=0, elem type=char[])
OBJ 5000447b (sz=32, trace=301535, class=sun.misc.FloatingDecimal$ASCIIToBinaryBuffer@500024ac)
OBJ 5000447c (sz=32, trace=301783, class=Point@5000255b)
ARR 5000447d (sz=32, trace=301784, nelems=0, elem type=char[])
OBJ 5000447e (sz=32, trace=301535, class=sun.misc.FloatingDecimal$ASCIIToBinaryBuffer@500024ac)
ARR 5000447f (sz=32, trace=301785, nelems=0, elem type=char[])
OBJ 50004480 (sz=32, trace=301535, class=sun.misc.FloatingDecimal$ASCIIToBinaryBuffer@500024ac)
OBJ 50004481 (sz=32, trace=301786, class=Point@5000255b)
OBJ 50004482 (sz=32, trace=301787, class=Line@50006f05)
OBJ 50004483 (sz=24, trace=301779, class=java.lang.String@5000016f)
ARR 50004484 (sz=88, trace=300326, nelems=0, elem type=char[])
OBJ 50004485 (sz=24, trace=301497, class=java.util.ArrayList@500000c5)
OBJ 50004486 (sz=24, trace=301498, class=java.lang.String@5000016f)
ARR 50004487 (sz=32, trace=301499, nelems=0, elem type=char[])
OBJ 50004488 (sz=32, trace=301537, class=Point@5000255b)
ARR 50004489 (sz=56, trace=300281, nelems=0, elem type=java.lang.Object[]@5000010a)
OBJ 5000448a (sz=24, trace=301498, class=java.lang.String@5000016f)
ARR 5000448b (sz=32, trace=301499, nelems=0, elem type=char[])
OBJ 5000448c (sz=24, trace=301498, class=java.lang.String@5000016f)
ARR 5000448d (sz=32, trace=301499, nelems=0, elem type=char[])
OBJ 5000448e (sz=24, trace=301500, class=java.lang.String@5000016f)
ARR 5000448f (sz=32, trace=301501, nelems=0, elem type=char[])
ARR 50004490 (sz=32, trace=301780, nelems=0, elem type=java.lang.String[]@500000cf)
OBJ 50004491 (sz=40, trace=301504, class=java.util.ArrayList$SubList@5000248a)
OBJ 50004492 (sz=40, trace=301506, class=java.util.ArrayList$SubList$1@5000248d)
ARR 50004493 (sz=32, trace=301781, nelems=0, elem type=char[])
OBJ 50004494 (sz=32, trace=301535, class=sun.misc.FloatingDecimal$ASCIIToBinaryBuffer@500024ac)
ARR 50004495 (sz=32, trace=301782, nelems=0, elem type=char[])
OBJ 50004496 (sz=32, trace=301535, class=sun.misc.FloatingDecimal$ASCIIToBinaryBuffer@500024ac)
OBJ 50004497 (sz=32, trace=301783, class=Point@5000255b)
OBJ 50004498 (sz=32, trace=301537, class=Point@5000255b)
ARR 50004499 (sz=32, trace=301784, nelems=0, elem type=char[])
OBJ 5000449a (sz=32, trace=301535, class=sun.misc.FloatingDecimal$ASCIIToBinaryBuffer@500024ac)
ARR 5000449b (sz=32, trace=301785, nelems=0, elem type=char[])
OBJ 5000449c (sz=32, trace=301535, class=sun.misc.FloatingDecimal$ASCIIToBinaryBuffer@500024ac)
OBJ 5000449d (sz=32, trace=301786, class=Point@5000255b)
OBJ 5000449e (sz=32, trace=301787, class=Line@50006f05)
OBJ 5000449f (sz=24, trace=301779, class=java.lang.String@5000016f)
ARR 500044a0 (sz=88, trace=300326, nelems=0, elem type=char[])
OBJ 500044a1 (sz=24, trace=301497, class=java.util.ArrayList@500000c5)
OBJ 500044a2 (sz=24, trace=301498, class=java.lang.String@5000016f)
ARR 500044a3 (sz=32, trace=301499, nelems=0, elem type=char[])
ARR 500044a4 (sz=56, trace=300281, nelems=0, elem type=java.lang.Object[]@5000010a)
OBJ 500044a5 (sz=24, trace=301498, class=java.lang.String@5000016f)
ARR 500044a6 (sz=32, trace=301499, nelems=0, elem type=char[])
OBJ 500044a7 (sz=24, trace=301498, class=java.lang.String@5000016f)
OBJ 500044a8 (sz=32, trace=301537, class=Point@5000255b)
ARR 500044a9 (sz=32, trace=301499, nelems=0, elem type=char[])
OBJ 500044aa (sz=24, trace=301500, class=java.lang.String@5000016f)
ARR 500044ab (sz=32, trace=301501, nelems=0, elem type=char[])
ARR 500044ac (sz=32, trace=301780, nelems=0, elem type=java.lang.String[]@500000cf)
OBJ 500044ad (sz=40, trace=301504, class=java.util.ArrayList$SubList@5000248a)
OBJ 500044ae (sz=40, trace=301506, class=java.util.ArrayList$SubList$1@5000248d)
ARR 500044af (sz=32, trace=301781, nelems=0, elem type=char[])
OBJ 500044b0 (sz=32, trace=301535, class=sun.misc.FloatingDecimal$ASCIIToBinaryBuffer@500024ac)
ARR 500044b1 (sz=32, trace=301782, nelems=0, elem type=char[])
OBJ 500044b2 (sz=32, trace=301535, class=sun.misc.FloatingDecimal$ASCIIToBinaryBuffer@500024ac)
OBJ 500044b3 (sz=32, trace=301783, class=Point@5000255b)
ARR 500044b4 (sz=32, trace=301784, nelems=0, elem type=char[])
OBJ 500044b5 (sz=32, trace=301535, class=sun.misc.FloatingDecimal$ASCIIToBinaryBuffer@500024ac)
ARR 500044b6 (sz=32, trace=301785, nelems=0, elem type=char[])
OBJ 500044b7 (sz=32, trace=301535, class=sun.misc.FloatingDecimal$ASCIIToBinaryBuffer@500024ac)
OBJ 500044b8 (sz=32, trace=301537, class=Point@5000255b)
OBJ 500044b9 (sz=32, trace=301786, class=Point@5000255b)
OBJ 500044ba (sz=32, trace=301787, class=Line@50006f05)
OBJ 500044bb (sz=24, trace=301779, class=java.lang.String@5000016f)
ARR 500044bc (sz=88, trace=300326, nelems=0, elem type=char[])
OBJ 500044bd (sz=24, trace=301497, class=java.util.ArrayList@500000c5)
OBJ 500044be (sz=24, trace=301498, class=java.lang.String@5000016f)
ARR 500044bf (sz=32, trace=301499, nelems=0, elem type=char[])
ARR 500044c0 (sz=56, trace=300281, nelems=0, elem type=java.lang.Object[]@5000010a)
OBJ 500044c1 (sz=24, trace=301498, class=java.lang.String@5000016f)
ARR 500044c2 (sz=32, trace=301499, nelems=0, elem type=char[])
OBJ 500044c3 (sz=24, trace=301498, class=java.lang.String@5000016f)
ARR 500044c4 (sz=32, trace=301499, nelems=0, elem type=char[])
OBJ 500044c5 (sz=24, trace=301500, class=java.lang.String@5000016f)
ARR 500044c6 (sz=32, trace=301501, nelems=0, elem type=char[])
ARR 500044c7 (sz=32, trace=301780, nelems=0, elem type=java.lang.String[]@500000cf)
OBJ 500044c8 (sz=32, trace=301537, class=Point@5000255b)
OBJ 500044c9 (sz=40, trace=301504, class=java.util.ArrayList$SubList@5000248a)
OBJ 500044ca (sz=40, trace=301506, class=java.util.ArrayList$SubList$1@5000248d)
ARR 500044cb (sz=32, trace=301781, nelems=0, elem type=char[])
OBJ 500044cc (sz=32, trace=301535, class=sun.misc.FloatingDecimal$ASCIIToBinaryBuffer@500024ac)
ARR 500044cd (sz=32, trace=301782, nelems=0, elem type=char[])
OBJ 500044ce (sz=32, trace=301535, class=sun.misc.FloatingDecimal$ASCIIToBinaryBuffer@500024ac)
OBJ 500044cf (sz=32, trace=301783, class=Point@5000255b)
ARR 500044d0 (sz=32, trace=301784, nelems=0, elem type=char[])
OBJ 500044d1 (sz=32, trace=301535, class=sun.misc.FloatingDecimal$ASCIIToBinaryBuffer@500024ac)
ARR 500044d2 (sz=32, trace=301785, nelems=0, elem type=char[])
OBJ 500044d3 (sz=32, trace=301535, class=sun.misc.FloatingDecimal$ASCIIToBinaryBuffer@500024ac)
OBJ 500044d4 (sz=32, trace=301786, class=Point@5000255b)
OBJ 500044d5 (sz=32, trace=301787, class=Line@50006f05)
OBJ 500044d6 (sz=24, trace=301779, class=java.lang.String@5000016f)
ARR 500044d7 (sz=88, trace=300326, nelems=0, elem type=char[])
OBJ 500044d8 (sz=32, trace=301537, class=Point@5000255b)
OBJ 500044d9 (sz=24, trace=301497, class=java.util.ArrayList@500000c5)
OBJ 500044da (sz=24, trace=301498, class=java.lang.String@5000016f)
ARR 500044db (sz=32, trace=301499, nelems=0, elem type=char[])
ARR 500044dc (sz=56, trace=300281, nelems=0, elem type=java.lang.Object[]@5000010a)
OBJ 500044dd (sz=24, trace=301498, class=java.lang.String@5000016f)
ARR 500044de (sz=32, trace=301499, nelems=0, elem type=char[])
OBJ 500044df (sz=24, trace=301498, class=java.lang.String@5000016f)
ARR 500044e0 (sz=32, trace=301499, nelems=0, elem type=char[])
OBJ 500044e1 (sz=24, trace=301500, class=java.lang.String@5000016f)
ARR 500044e2 (sz=32, trace=301501, nelems=0, elem type=char[])
ARR 500044e3 (sz=32, trace=301780, nelems=0, elem type=java.lang.String[]@500000cf)
OBJ 500044e4 (sz=40, trace=301504, class=java.util.ArrayList$SubList@5000248a)
OBJ 500044e5 (sz=40, trace=301506, class=java.util.ArrayList$SubList$1@5000248d)
ARR 500044e6 (sz=32, trace=301781, nelems=0, elem type=char[])
OBJ 500044e7 (sz=32, trace=301535, class=sun.misc.FloatingDecimal$ASCIIToBinaryBuffer@500024ac)
OBJ 500044e8 (sz=32, trace=301537, class=Point@5000255b)
ARR 500044e9 (sz=32, trace=301782, nelems=0, elem type=char[])
OBJ 500044ea (sz=32, trace=301535, class=sun.misc.FloatingDecimal$ASCIIToBinaryBuffer@500024ac)
OBJ 500044eb (sz=32, trace=301783, class=Point@5000255b)
ARR 500044ec (sz=32, trace=301784, nelems=0, elem type=char[])
OBJ 500044ed (sz=32, trace=301535, class=sun.misc.FloatingDecimal$ASCIIToBinaryBuffer@500024ac)
ARR 500044ee (sz=32, trace=301785, nelems=0, elem type=char[])
OBJ 500044ef (sz=32, trace=301535, class=sun.misc.FloatingDecimal$ASCIIToBinaryBuffer@500024ac)
OBJ 500044f0 (sz=32, trace=301786, class=Point@5000255b)
OBJ 500044f1 (sz=32, trace=301787, class=Line@50006f05)
OBJ 500044f2 (sz=24, trace=301779, class=java.lang.String@5000016f)
ARR 500044f3 (sz=88, trace=300326, nelems=0, elem type=char[])
OBJ 500044f4 (sz=24, trace=301497, class=java.util.ArrayList@500000c5)
OBJ 500044f5 (sz=24, trace=301498, class=java.lang.String@5000016f)
ARR 500044f6 (sz=32, trace=301499, nelems=0, elem type=char[])
ARR 500044f7 (sz=56, trace=300281, nelems=0, elem type=java.lang.Object[]@5000010a)
OBJ 500044f8 (sz=32, trace=301537, class=Point@5000255b)
OBJ 500044f9 (sz=24, trace=301498, class=java.lang.String@5000016f)
ARR 500044fa (sz=32, trace=301499, nelems=0, elem type=char[])
OBJ 500044fb (sz=24, trace=301498, class=java.lang.String@5000016f)
ARR 500044fc (sz=32, trace=301499, nelems=0, elem type=char[])
OBJ 500044fd (sz=24, trace=301500, class=java.lang.String@5000016f)
ARR 500044fe (sz=32, trace=301501, nelems=0, elem type=char[])
ARR 500044ff (sz=32, trace=301780, nelems=0, elem type=java.lang.String[]@500000cf)
OBJ 50004500 (sz=40, trace=301504, class=java.util.ArrayList$SubList@5000248a)
OBJ 50004501 (sz=40, trace=301506, class=java.util.ArrayList$SubList$1@5000248d)
ARR 50004502 (sz=32, trace=301781, nelems=0, elem type=char[])
OBJ 50004503 (sz=32, trace=301535, class=sun.misc.FloatingDecimal$ASCIIToBinaryBuffer@500024ac)
ARR 50004504 (sz=32, trace=301782, nelems=0, elem type=char[])
OBJ 50004505 (sz=32, trace=301535, class=sun.misc.FloatingDecimal$ASCIIToBinaryBuffer@500024ac)
OBJ 50004506 (sz=32, trace=301783, class=Point@5000255b)
ARR 50004507 (sz=32, trace=301784, nelems=0, elem type=char[])
OBJ 50004508 (sz=32, trace=301537, class=Point@5000255b)
OBJ 50004509 (sz=32, trace=301535, class=sun.misc.FloatingDecimal$ASCIIToBinaryBuffer@500024ac)
ARR 5000450a (sz=32, trace=301785, nelems=0, elem type=char[])
OBJ 5000450b (sz=32, trace=301535, class=sun.misc.FloatingDecimal$ASCIIToBinaryBuffer@500024ac)
OBJ 5000450c (sz=32, trace=301786, class=Point@5000255b)
OBJ 5000450d (sz=32, trace=301787, class=Line@50006f05)
OBJ 5000450e (sz=24, trace=301779, class=java.lang.String@5000016f)
ARR 5000450f (sz=88, trace=300326, nelems=0, elem type=char[])
OBJ 50004510 (sz=24, trace=301497, class=java.util.ArrayList@500000c5)
OBJ 50004511 (sz=24, trace=301498, class=java.lang.String@5000016f)
ARR 50004512 (sz=32, trace=301499, nelems=0, elem type=char[])
ARR 50004513 (sz=56, trace=300281, nelems=0, elem type=java.lang.Object[]@5000010a)
OBJ 50004514 (sz=24, trace=301498, class=java.lang.String@5000016f)
ARR 50004515 (sz=32, trace=301499, nelems=0, elem type=char[])
OBJ 50004516 (sz=24, trace=301498, class=java.lang.String@5000016f)
ARR 50004517 (sz=32, trace=301499, nelems=0, elem type=char[])
OBJ 50004518 (sz=32, trace=301537, class=Point@5000255b)
OBJ 50004519 (sz=24, trace=301500, class=java.lang.String@5000016f)
ARR 5000451a (sz=32, trace=301501, nelems=0, elem type=char[])
ARR 5000451b (sz=32, trace=301780, nelems=0, elem type=java.lang.String[]@500000cf)
OBJ 5000451c (sz=40, trace=301504, class=java.util.ArrayList$SubList@5000248a)
OBJ 5000451d (sz=40, trace=301506, class=java.util.ArrayList$SubList$1@5000248d)
ARR 5000451e (sz=32, trace=301781, nelems=0, elem type=char[])
OBJ 5000451f (sz=32, trace=301535, class=sun.misc.FloatingDecimal$ASCIIToBinaryBuffer@500024ac)
ARR 50004520 (sz=32, trace=301782, nelems=0, elem type=char[])
OBJ 50004521 (sz=32, trace=301535, class=sun.misc.FloatingDecimal$ASCIIToBinaryBuffer@500024ac)
OBJ 50004522 (sz=32, trace=301783, class=Point@5000255b)
ARR 50004523 (sz=32, trace=301784, nelems=0, elem type=char[])
OBJ 50004524 (sz=32, trace=301535, class=sun.misc.FloatingDecimal$ASCIIToBinaryBuffer@500024ac)
ARR 50004525 (sz=32, trace=301785, nelems=0, elem type=char[])
OBJ 50004526 (sz=32, trace=301535, class=sun.misc.FloatingDecimal$ASCIIToBinaryBuffer@500024ac)
OBJ 50004527 (sz=32, trace=301786, class=Point@5000255b)
OBJ 50004528 (sz=32, trace=301537, class=Point@5000255b)
OBJ 50004529 (sz=32, trace=301787, class=Line@50006f05)
OBJ 5000452a (sz=24, trace=301779, class=java.lang.String@5000016f)
ARR 5000452b (sz=88, trace=300326, nelems=0, elem type=char[])
OBJ 5000452c (sz=24, trace=301497, class=java.util.ArrayList@500000c5)
OBJ 5000452d (sz=24, trace=301498, class=java.lang.String@5000016f)
ARR 5000452e (sz=32, trace=301499, nelems=0, elem type=char[])
ARR 5000452f (sz=56, trace=300281, nelems=0, elem type=java.lang.Object[]@5000010a)
OBJ 50004530 (sz=24, trace=301498, class=java.lang.String@5000016f)
ARR 50004531 (sz=32, trace=301499, nelems=0, elem type=char[])
OBJ 50004532 (sz=24, trace=301498, class=java.lang.String@5000016f)
ARR 50004533 (sz=32, trace=301499, nelems=0, elem type=char[])
OBJ 50004534 (sz=24, trace=301500, class=java.lang.String@5000016f)
ARR 50004535 (sz=32, trace=301501, nelems=0, elem type=char[])
ARR 50004536 (sz=32, trace=301780, nelems=0, elem type=java.lang.String[]@500000cf)
OBJ 50004537 (sz=40, trace=301504, class=java.util.ArrayList$SubList@5000248a)
OBJ 50004538 (sz=32, trace=301537, class=Point@5000255b)
OBJ 50004539 (sz=40, trace=301506, class=java.util.ArrayList$SubList$1@5000248d)
ARR 5000453a (sz=32, trace=301781, nelems=0, elem type=char[])
OBJ 5000453b (sz=32, trace=301535, class=sun.misc.FloatingDecimal$ASCIIToBinaryBuffer@500024ac)
ARR 5000453c (sz=32, trace=301782, nelems=0, elem type=char[])
OBJ 5000453d (sz=32, trace=301535, class=sun.misc.FloatingDecimal$ASCIIToBinaryBuffer@500024ac)
OBJ 5000453e (sz=32, trace=301783, class=Point@5000255b)
ARR 5000453f (sz=32, trace=301784, nelems=0, elem type=char[])
OBJ 50004540 (sz=32, trace=301535, class=sun.misc.FloatingDecimal$ASCIIToBinaryBuffer@500024ac)
ARR 50004541 (sz=32, trace=301785, nelems=0, elem type=char[])
OBJ 50004542 (sz=32, trace=301535, class=sun.misc.FloatingDecimal$ASCIIToBinaryBuffer@500024ac)
OBJ 50004543 (sz=32, trace=301786, class=Point@5000255b)
OBJ 50004544 (sz=32, trace=301787, class=Line@50006f05)
OBJ 50004545 (sz=24, trace=301779, class=java.lang.String@5000016f)
ARR 50004546 (sz=80, trace=300326, nelems=0, elem type=char[])
OBJ 50004547 (sz=24, trace=301497, class=java.util.ArrayList@500000c5)
OBJ 50004548 (sz=32, trace=301537, class=Point@5000255b)
OBJ 50004549 (sz=24, trace=301498, class=java.lang.String@5000016f)
ARR 5000454a (sz=32, trace=301499, nelems=0, elem type=char[])
ARR 5000454b (sz=56, trace=300281, nelems=0, elem type=java.lang.Object[]@5000010a)
OBJ 5000454c (sz=24, trace=301498, class=java.lang.String@5000016f)
ARR 5000454d (sz=32, trace=301499, nelems=0, elem type=char[])
OBJ 5000454e (sz=24, trace=301498, class=java.lang.String@5000016f)
ARR 5000454f (sz=32, trace=301499, nelems=0, elem type=char[])
OBJ 50004550 (sz=24, trace=301500, class=java.lang.String@5000016f)
ARR 50004551 (sz=32, trace=301501, nelems=0, elem type=char[])
ARR 50004552 (sz=32, trace=301780, nelems=0, elem type=java.lang.String[]@500000cf)
OBJ 50004553 (sz=40, trace=301504, class=java.util.ArrayList$SubList@5000248a)
OBJ 50004554 (sz=40, trace=301506, class=java.util.ArrayList$SubList$1@5000248d)
ARR 50004555 (sz=32, trace=301781, nelems=0, elem type=char[])
OBJ 50004556 (sz=32, trace=301535, class=sun.misc.FloatingDecimal$ASCIIToBinaryBuffer@500024ac)
ARR 50004557 (sz=32, trace=301782, nelems=0, elem type=char[])
OBJ 50004558 (sz=32, trace=301537, class=Point@5000255b)
OBJ 50004559 (sz=32, trace=301535, class=sun.misc.FloatingDecimal$ASCIIToBinaryBuffer@500024ac)
OBJ 5000455a (sz=32, trace=301783, class=Point@5000255b)
ARR 5000455b (sz=32, trace=301784, nelems=0, elem type=char[])
OBJ 5000455c (sz=32, trace=301535, class=sun.misc.FloatingDecimal$ASCIIToBinaryBuffer@500024ac)
ARR 5000455d (sz=32, trace=301785, nelems=0, elem type=char[])
OBJ 5000455e (sz=32, trace=301535, class=sun.misc.FloatingDecimal$ASCIIToBinaryBuffer@500024ac)
OBJ 5000455f (sz=32, trace=301786, class=Point@5000255b)
OBJ 50004560 (sz=32, trace=301787, class=Line@50006f05)
OBJ 50004561 (sz=24, trace=301779, class=java.lang.String@5000016f)
ARR 50004562 (sz=80, trace=300326, nelems=0, elem type=char[])
OBJ 50004563 (sz=24, trace=301497, class=java.util.ArrayList@500000c5)
OBJ 50004564 (sz=24, trace=301498, class=java.lang.String@5000016f)
ARR 50004565 (sz=32, trace=301499, nelems=0, elem type=char[])
ARR 50004566 (sz=56, trace=300281, nelems=0, elem type=java.lang.Object[]@5000010a)
OBJ 50004567 (sz=24, trace=301498, class=java.lang.String@5000016f)
OBJ 50004568 (sz=32, trace=301537, class=Point@5000255b)
ARR 50004569 (sz=32, trace=301499, nelems=0, elem type=char[])
OBJ 5000456a (sz=24, trace=301498, class=java.lang.String@5000016f)
ARR 5000456b (sz=32, trace=301499, nelems=0, elem type=char[])
OBJ 5000456c (sz=24, trace=301500, class=java.lang.String@5000016f)
ARR 5000456d (sz=32, trace=301501, nelems=0, elem type=char[])
ARR 5000456e (sz=32, trace=301780, nelems=0, elem type=java.lang.String[]@500000cf)
OBJ 5000456f (sz=40, trace=301504, class=java.util.ArrayList$SubList@5000248a)
OBJ 50004570 (sz=40, trace=301506, class=java.util.ArrayList$SubList$1@5000248d)
ARR 50004571 (sz=32, trace=301781, nelems=0, elem type=char[])
OBJ 50004572 (sz=32, trace=301535, class=sun.misc.FloatingDecimal$ASCIIToBinaryBuffer@500024ac)
ARR 50004573 (sz=32, trace=301782, nelems=0, elem type=char[])
OBJ 50004574 (sz=32, trace=301535, class=sun.misc.FloatingDecimal$ASCIIToBinaryBuffer@500024ac)
OBJ 50004575 (sz=32, trace=301783, class=Point@5000255b)
ARR 50004576 (sz=32, trace=301784, nelems=0, elem type=char[])
OBJ 50004577 (sz=32, trace=301535, class=sun.misc.FloatingDecimal$ASCIIToBinaryBuffer@500024ac)
OBJ 50004578 (sz=32, trace=301537, class=Point@5000255b)
ARR 50004579 (sz=32, trace=301785, nelems=0, elem type=char[])
OBJ 5000457a (sz=32, trace=301535, class=sun.misc.FloatingDecimal$ASCIIToBinaryBuffer@500024ac)
OBJ 5000457b (sz=32, trace=301786, class=Point@5000255b)
OBJ 5000457c (sz=32, trace=301787, class=Line@50006f05)
OBJ 5000457d (sz=24, trace=301779, class=java.lang.String@5000016f)
ARR 5000457e (sz=80, trace=300326, nelems=0, elem type=char[])
OBJ 5000457f (sz=24, trace=301497, class=java.util.ArrayList@500000c5)
OBJ 50004580 (sz=24, trace=301498, class=java.lang.String@5000016f)
ARR 50004581 (sz=32, trace=301499, nelems=0, elem type=char[])
ARR 50004582 (sz=56, trace=300281, nelems=0, elem type=java.lang.Object[]@5000010a)
OBJ 50004583 (sz=24, trace=301498, class=java.lang.String@5000016f)
ARR 50004584 (sz=32, trace=301499, nelems=0, elem type=char[])
OBJ 50004585 (sz=24, trace=301498, class=java.lang.String@5000016f)
ARR 50004586 (sz=32, trace=301499, nelems=0, elem type=char[])
OBJ 50004587 (sz=24, trace=301500, class=java.lang.String@5000016f)
OBJ 50004588 (sz=32, trace=301537, class=Point@5000255b)
ARR 50004589 (sz=32, trace=301501, nelems=0, elem type=char[])
ARR 5000458a (sz=32, trace=301780, nelems=0, elem type=java.lang.String[]@500000cf)
OBJ 5000458b (sz=40, trace=301504, class=java.util.ArrayList$SubList@5000248a)
OBJ 5000458c (sz=40, trace=301506, class=java.util.ArrayList$SubList$1@5000248d)
ARR 5000458d (sz=32, trace=301781, nelems=0, elem type=char[])
OBJ 5000458e (sz=32, trace=301535, class=sun.misc.FloatingDecimal$ASCIIToBinaryBuffer@500024ac)
ARR 5000458f (sz=32, trace=301782, nelems=0, elem type=char[])
OBJ 50004590 (sz=32, trace=301535, class=sun.misc.FloatingDecimal$ASCIIToBinaryBuffer@500024ac)
OBJ 50004591 (sz=32, trace=301783, class=Point@5000255b)
ARR 50004592 (sz=32, trace=301784, nelems=0, elem type=char[])
OBJ 50004593 (sz=32, trace=301535, class=sun.misc.FloatingDecimal$ASCIIToBinaryBuffer@500024ac)
ARR 50004594 (sz=32, trace=301785, nelems=0, elem type=char[])
OBJ 50004595 (sz=32, trace=301535, class=sun.misc.FloatingDecimal$ASCIIToBinaryBuffer@500024ac)
OBJ 50004596 (sz=32, trace=301786, class=Point@5000255b)
OBJ 50004597 (sz=32, trace=301787, class=Line@50006f05)
OBJ 50004598 (sz=32, trace=301537, class=Point@5000255b)
OBJ 50004599 (sz=24, trace=301779, class=java.lang.String@5000016f)
ARR 5000459a (sz=88, trace=300326, nelems=0, elem type=char[])
OBJ 5000459b (sz=24, trace=301497, class=java.util.ArrayList@500000c5)
OBJ 5000459c (sz=24, trace=301498, class=java.lang.String@5000016f)
ARR 5000459d (sz=32, trace=301499, nelems=0, elem type=char[])
ARR 5000459e (sz=56, trace=300281, nelems=0, elem type=java.lang.Object[]@5000010a)
OBJ 5000459f (sz=24, trace=301498, class=java.lang.String@5000016f)
ARR 500045a0 (sz=32, trace=301499, nelems=0, elem type=char[])
OBJ 500045a1 (sz=24, trace=301498, class=java.lang.String@5000016f)
ARR 500045a2 (sz=32, trace=301499, nelems=0, elem type=char[])
OBJ 500045a3 (sz=24, trace=301500, class=java.lang.String@5000016f)
ARR 500045a4 (sz=32, trace=301501, nelems=0, elem type=char[])
ARR 500045a5 (sz=32, trace=301780, nelems=0, elem type=java.lang.String[]@500000cf)
OBJ 500045a6 (sz=40, trace=301504, class=java.util.ArrayList$SubList@5000248a)
OBJ 500045a7 (sz=40, trace=301506, class=java.util.ArrayList$SubList$1@5000248d)
OBJ 500045a8 (sz=32, trace=301537, class=Point@5000255b)
ARR 500045a9 (sz=32, trace=301781, nelems=0, elem type=char[])
OBJ 500045aa (sz=32, trace=301535, class=sun.misc.FloatingDecimal$ASCIIToBinaryBuffer@500024ac)
ARR 500045ab (sz=32, trace=301782, nelems=0, elem type=char[])
OBJ 500045ac (sz=32, trace=301535, class=sun.misc.FloatingDecimal$ASCIIToBinaryBuffer@500024ac)
OBJ 500045ad (sz=32, trace=301783, class=Point@5000255b)
ARR 500045ae (sz=32, trace=301784, nelems=0, elem type=char[])
OBJ 500045af (sz=32, trace=301535, class=sun.misc.FloatingDecimal$ASCIIToBinaryBuffer@500024ac)
ARR 500045b0 (sz=32, trace=301785, nelems=0, elem type=char[])
OBJ 500045b1 (sz=32, trace=301535, class=sun.misc.FloatingDecimal$ASCIIToBinaryBuffer@500024ac)
OBJ 500045b2 (sz=32, trace=301786, class=Point@5000255b)
OBJ 500045b3 (sz=32, trace=301787, class=Line@50006f05)
OBJ 500045b4 (sz=24, trace=301779, class=java.lang.String@5000016f)
ARR 500045b5 (sz=88, trace=300326, nelems=0, elem type=char[])
OBJ 500045b6 (sz=24, trace=301497, class=java.util.ArrayList@500000c5)
OBJ 500045b7 (sz=24, trace=301498, class=java.lang.String@5000016f)
OBJ 500045b8 (sz=32, trace=301537, class=Point@5000255b)
ARR 500045b9 (sz=32, trace=301499, nelems=0, elem type=char[])
ARR 500045ba (sz=56, trace=300281, nelems=0, elem type=java.lang.Object[]@5000010a)
OBJ 500045bb (sz=24, trace=301498, class=java.lang.String@5000016f)
ARR 500045bc (sz=32, trace=301499, nelems=0, elem type=char[])
OBJ 500045bd (sz=24, trace=301498, class=java.lang.String@5000016f)
ARR 500045be (sz=32, trace=301499, nelems=0, elem type=char[])
OBJ 500045bf (sz=24, trace=301500, class=java.lang.String@5000016f)
ARR 500045c0 (sz=32, trace=301501, nelems=0, elem type=char[])
ARR 500045c1 (sz=32, trace=301780, nelems=0, elem type=java.lang.String[]@500000cf)
OBJ 500045c2 (sz=40, trace=301504, class=java.util.ArrayList$SubList@5000248a)
OBJ 500045c3 (sz=40, trace=301506, class=java.util.ArrayList$SubList$1@5000248d)
ARR 500045c4 (sz=32, trace=301781, nelems=0, elem type=char[])
OBJ 500045c5 (sz=32, trace=301535, class=sun.misc.FloatingDecimal$ASCIIToBinaryBuffer@500024ac)
ARR 500045c6 (sz=32, trace=301782, nelems=0, elem type=char[])
OBJ 500045c7 (sz=32, trace=301535, class=sun.misc.FloatingDecimal$ASCIIToBinaryBuffer@500024ac)
OBJ 500045c8 (sz=32, trace=301537, class=Point@5000255b)
OBJ 500045c9 (sz=32, trace=301783, class=Point@5000255b)
ARR 500045ca (sz=32, trace=301784, nelems=0, elem type=char[])
OBJ 500045cb (sz=32, trace=301535, class=sun.misc.FloatingDecimal$ASCIIToBinaryBuffer@500024ac)
ARR 500045cc (sz=32, trace=301785, nelems=0, elem type=char[])
OBJ 500045cd (sz=32, trace=301535, class=sun.misc.FloatingDecimal$ASCIIToBinaryBuffer@500024ac)
OBJ 500045ce (sz=32, trace=301786, class=Point@5000255b)
OBJ 500045cf (sz=32, trace=301787, class=Line@50006f05)
OBJ 500045d0 (sz=24, trace=301779, class=java.lang.String@5000016f)
ARR 500045d1 (sz=88, trace=300326, nelems=0, elem type=char[])
OBJ 500045d2 (sz=24, trace=301497, class=java.util.ArrayList@500000c5)
OBJ 500045d3 (sz=24, trace=301498, class=java.lang.String@5000016f)
ARR 500045d4 (sz=32, trace=301499, nelems=0, elem type=char[])
ARR 500045d5 (sz=56, trace=300281, nelems=0, elem type=java.lang.Object[]@5000010a)
OBJ 500045d6 (sz=24, trace=301498, class=java.lang.String@5000016f)
ARR 500045d7 (sz=32, trace=301499, nelems=0, elem type=char[])
OBJ 500045d8 (sz=32, trace=301537, class=Point@5000255b)
OBJ 500045d9 (sz=24, trace=301498, class=java.lang.String@5000016f)
ARR 500045da (sz=32, trace=301499, nelems=0, elem type=char[])
OBJ 500045db (sz=24, trace=301500, class=java.lang.String@5000016f)
ARR 500045dc (sz=32, trace=301501, nelems=0, elem type=char[])
ARR 500045dd (sz=32, trace=301780, nelems=0, elem type=java.lang.String[]@500000cf)
OBJ 500045de (sz=40, trace=301504, class=java.util.ArrayList$SubList@5000248a)
OBJ 500045df (sz=40, trace=301506, class=java.util.ArrayList$SubList$1@5000248d)
ARR 500045e0 (sz=32, trace=301781, nelems=0, elem type=char[])
OBJ 500045e1 (sz=32, trace=301535, class=sun.misc.FloatingDecimal$ASCIIToBinaryBuffer@500024ac)
ARR 500045e2 (sz=32, trace=301782, nelems=0, elem type=char[])
OBJ 500045e3 (sz=32, trace=301535, class=sun.misc.FloatingDecimal$ASCIIToBinaryBuffer@500024ac)
OBJ 500045e4 (sz=32, trace=301783, class=Point@5000255b)
ARR 500045e5 (sz=32, trace=301784, nelems=0, elem type=char[])
OBJ 500045e6 (sz=32, trace=301535, class=sun.misc.FloatingDecimal$ASCIIToBinaryBuffer@500024ac)
ARR 500045e7 (sz=32, trace=301785, nelems=0, elem type=char[])
OBJ 500045e8 (sz=32, trace=301537, class=Point@5000255b)
OBJ 500045e9 (sz=32, trace=301535, class=sun.misc.FloatingDecimal$ASCIIToBinaryBuffer@500024ac)
OBJ 500045ea (sz=32, trace=301786, class=Point@5000255b)
OBJ 500045eb (sz=32, trace=301787, class=Line@50006f05)
OBJ 500045ec (sz=24, trace=301779, class=java.lang.String@5000016f)
ARR 500045ed (sz=88, trace=300326, nelems=0, elem type=char[])
OBJ 500045ee (sz=24, trace=301497, class=java.util.ArrayList@500000c5)
OBJ 500045ef (sz=24, trace=301498, class=java.lang.String@5000016f)
ARR 500045f0 (sz=32, trace=301499, nelems=0, elem type=char[])
ARR 500045f1 (sz=56, trace=300281, nelems=0, elem type=java.lang.Object[]@5000010a)
OBJ 500045f2 (sz=24, trace=301498, class=java.lang.String@5000016f)
ARR 500045f3 (sz=32, trace=301499, nelems=0, elem type=char[])
OBJ 500045f4 (sz=24, trace=301498, class=java.lang.String@5000016f)
ARR 500045f5 (sz=32, trace=301499, nelems=0, elem type=char[])
OBJ 500045f6 (sz=24, trace=301500, class=java.lang.String@5000016f)
ARR 500045f7 (sz=32, trace=301501, nelems=0, elem type=char[])
OBJ 500045f8 (sz=32, trace=301537, class=Point@5000255b)
ARR 500045f9 (sz=32, trace=301780, nelems=0, elem type=java.lang.String[]@500000cf)
OBJ 500045fa (sz=40, trace=301504, class=java.util.ArrayList$SubList@5000248a)
OBJ 500045fb (sz=40, trace=301506, class=java.util.ArrayList$SubList$1@5000248d)
ARR 500045fc (sz=32, trace=301781, nelems=0, elem type=char[])
OBJ 500045fd (sz=32, trace=301535, class=sun.misc.FloatingDecimal$ASCIIToBinaryBuffer@500024ac)
ARR 500045fe (sz=32, trace=301782, nelems=0, elem type=char[])
OBJ 500045ff (sz=32, trace=301535, class=sun.misc.FloatingDecimal$ASCIIToBinaryBuffer@500024ac)
OBJ 50004600 (sz=32, trace=301783, class=Point@5000255b)
ARR 50004601 (sz=32, trace=301784, nelems=0, elem type=char[])
OBJ 50004602 (sz=32, trace=301535, class=sun.misc.FloatingDecimal$ASCIIToBinaryBuffer@500024ac)
ARR 50004603 (sz=32, trace=301785, nelems=0, elem type=char[])
OBJ 50004604 (sz=32, trace=301535, class=sun.misc.FloatingDecimal$ASCIIToBinaryBuffer@500024ac)
OBJ 50004605 (sz=32, trace=301786, class=Point@5000255b)
OBJ 50004606 (sz=32, trace=301787, class=Line@50006f05)
OBJ 50004607 (sz=24, trace=301779, class=java.lang.String@5000016f)
OBJ 50004608 (sz=32, trace=301537, class=Point@5000255b)
ARR 50004609 (sz=88, trace=300326, nelems=0, elem type=char[])
OBJ 5000460a (sz=24, trace=301497, class=java.util.ArrayList@500000c5)
OBJ 5000460b (sz=24, trace=301498, class=java.lang.String@5000016f)
ARR 5000460c (sz=32, trace=301499, nelems=0, elem type=char[])
ARR 5000460d (sz=56, trace=300281, nelems=0, elem type=java.lang.Object[]@5000010a)
OBJ 5000460e (sz=24, trace=301498, class=java.lang.String@5000016f)
ARR 5000460f (sz=32, trace=301499, nelems=0, elem type=char[])
OBJ 50004610 (sz=24, trace=301498, class=java.lang.String@5000016f)
ARR 50004611 (sz=32, trace=301499, nelems=0, elem type=char[])
OBJ 50004612 (sz=24, trace=301500, class=java.lang.String@5000016f)
ARR 50004613 (sz=32, trace=301501, nelems=0, elem type=char[])
ARR 50004614 (sz=32, trace=301780, nelems=0, elem type=java.lang.String[]@500000cf)
OBJ 50004615 (sz=40, trace=301504, class=java.util.ArrayList$SubList@5000248a)
OBJ 50004616 (sz=40, trace=301506, class=java.util.ArrayList$SubList$1@5000248d)
ARR 50004617 (sz=32, trace=301781, nelems=0, elem type=char[])
OBJ 50004618 (sz=32, trace=301537, class=Point@5000255b)
OBJ 50004619 (sz=32, trace=301535, class=sun.misc.FloatingDecimal$ASCIIToBinaryBuffer@500024ac)
ARR 5000461a (sz=32, trace=301782, nelems=0, elem type=char[])
OBJ 5000461b (sz=32, trace=301535, class=sun.misc.FloatingDecimal$ASCIIToBinaryBuffer@500024ac)
OBJ 5000461c (sz=32, trace=301783, class=Point@5000255b)
ARR 5000461d (sz=32, trace=301784, nelems=0, elem type=char[])
OBJ 5000461e (sz=32, trace=301535, class=sun.misc.FloatingDecimal$ASCIIToBinaryBuffer@500024ac)
ARR 5000461f (sz=32, trace=301785, nelems=0, elem type=char[])
OBJ 50004620 (sz=32, trace=301535, class=sun.misc.FloatingDecimal$ASCIIToBinaryBuffer@500024ac)
OBJ 50004621 (sz=32, trace=301786, class=Point@5000255b)
OBJ 50004622 (sz=32, trace=301787, class=Line@50006f05)
OBJ 50004623 (sz=24, trace=301779, class=java.lang.String@5000016f)
ARR 50004624 (sz=88, trace=300326, nelems=0, elem type=char[])
OBJ 50004625 (sz=24, trace=301497, class=java.util.ArrayList@500000c5)
OBJ 50004626 (sz=24, trace=301498, class=java.lang.String@5000016f)
ARR 50004627 (sz=32, trace=301499, nelems=0, elem type=char[])
OBJ 50004628 (sz=32, trace=301537, class=Point@5000255b)
ARR 50004629 (sz=56, trace=300281, nelems=0, elem type=java.lang.Object[]@5000010a)
OBJ 5000462a (sz=24, trace=301498, class=java.lang.String@5000016f)
ARR 5000462b (sz=32, trace=301499, nelems=0, elem type=char[])
OBJ 5000462c (sz=24, trace=301498, class=java.lang.String@5000016f)
ARR 5000462d (sz=32, trace=301499, nelems=0, elem type=char[])
OBJ 5000462e (sz=24, trace=301500, class=java.lang.String@5000016f)
ARR 5000462f (sz=32, trace=301501, nelems=0, elem type=char[])
ARR 50004630 (sz=32, trace=301780, nelems=0, elem type=java.lang.String[]@500000cf)
OBJ 50004631 (sz=40, trace=301504, class=java.util.ArrayList$SubList@5000248a)
OBJ 50004632 (sz=40, trace=301506, class=java.util.ArrayList$SubList$1@5000248d)
ARR 50004633 (sz=32, trace=301781, nelems=0, elem type=char[])
OBJ 50004634 (sz=32, trace=301535, class=sun.misc.FloatingDecimal$ASCIIToBinaryBuffer@500024ac)
ARR 50004635 (sz=32, trace=301782, nelems=0, elem type=char[])
OBJ 50004636 (sz=32, trace=301535, class=sun.misc.FloatingDecimal$ASCIIToBinaryBuffer@500024ac)
OBJ 50004637 (sz=32, trace=301783, class=Point@5000255b)
OBJ 50004638 (sz=32, trace=301537, class=Point@5000255b)
ARR 50004639 (sz=32, trace=301784, nelems=0, elem type=char[])
OBJ 5000463a (sz=32, trace=301535, class=sun.misc.FloatingDecimal$ASCIIToBinaryBuffer@500024ac)
ARR 5000463b (sz=32, trace=301785, nelems=0, elem type=char[])
OBJ 5000463c (sz=32, trace=301535, class=sun.misc.FloatingDecimal$ASCIIToBinaryBuffer@500024ac)
OBJ 5000463d (sz=32, trace=301786, class=Point@5000255b)
OBJ 5000463e (sz=32, trace=301787, class=Line@50006f05)
OBJ 5000463f (sz=24, trace=301779, class=java.lang.String@5000016f)
ARR 50004640 (sz=80, trace=300326, nelems=0, elem type=char[])
OBJ 50004641 (sz=24, trace=301497, class=java.util.ArrayList@500000c5)
OBJ 50004642 (sz=24, trace=301498, class=java.lang.String@5000016f)
ARR 50004643 (sz=32, trace=301499, nelems=0, elem type=char[])
ARR 50004644 (sz=56, trace=300281, nelems=0, elem type=java.lang.Object[]@5000010a)
OBJ 50004645 (sz=24, trace=301498, class=java.lang.String@5000016f)
ARR 50004646 (sz=32, trace=301499, nelems=0, elem type=char[])
OBJ 50004647 (sz=24, trace=301498, class=java.lang.String@5000016f)
OBJ 50004648 (sz=32, trace=301537, class=Point@5000255b)
ARR 50004649 (sz=32, trace=301499, nelems=0, elem type=char[])
OBJ 5000464a (sz=24, trace=301500, class=java.lang.String@5000016f)
ARR 5000464b (sz=32, trace=301501, nelems=0, elem type=char[])
ARR 5000464c (sz=32, trace=301780, nelems=0, elem type=java.lang.String[]@500000cf)
OBJ 5000464d (sz=40, trace=301504, class=java.util.ArrayList$SubList@5000248a)
OBJ 5000464e (sz=40, trace=301506, class=java.util.ArrayList$SubList$1@5000248d)
ARR 5000464f (sz=32, trace=301781, nelems=0, elem type=char[])
OBJ 50004650 (sz=32, trace=301535, class=sun.misc.FloatingDecimal$ASCIIToBinaryBuffer@500024ac)
ARR 50004651 (sz=32, trace=301782, nelems=0, elem type=char[])
OBJ 50004652 (sz=32, trace=301535, class=sun.misc.FloatingDecimal$ASCIIToBinaryBuffer@500024ac)
OBJ 50004653 (sz=32, trace=301783, class=Point@5000255b)
ARR 50004654 (sz=32, trace=301784, nelems=0, elem type=char[])
OBJ 50004655 (sz=32, trace=301535, class=sun.misc.FloatingDecimal$ASCIIToBinaryBuffer@500024ac)
ARR 50004656 (sz=32, trace=301785, nelems=0, elem type=char[])
OBJ 50004657 (sz=32, trace=301535, class=sun.misc.FloatingDecimal$ASCIIToBinaryBuffer@500024ac)
OBJ 50004658 (sz=32, trace=301537, class=Point@5000255b)
OBJ 50004659 (sz=32, trace=301786, class=Point@5000255b)
OBJ 5000465a (sz=32, trace=301787, class=Line@50006f05)
OBJ 5000465b (sz=24, trace=301779, class=java.lang.String@5000016f)
ARR 5000465c (sz=88, trace=300326, nelems=0, elem type=char[])
OBJ 5000465d (sz=24, trace=301497, class=java.util.ArrayList@500000c5)
OBJ 5000465e (sz=24, trace=301498, class=java.lang.String@5000016f)
ARR 5000465f (sz=32, trace=301499, nelems=0, elem type=char[])
ARR 50004660 (sz=56, trace=300281, nelems=0, elem type=java.lang.Object[]@5000010a)
OBJ 50004661 (sz=24, trace=301498, class=java.lang.String@5000016f)
ARR 50004662 (sz=32, trace=301499, nelems=0, elem type=char[])
OBJ 50004663 (sz=24, trace=301498, class=java.lang.String@5000016f)
ARR 50004664 (sz=32, trace=301499, nelems=0, elem type=char[])
OBJ 50004665 (sz=24, trace=301500, class=java.lang.String@5000016f)
ARR 50004666 (sz=32, trace=301501, nelems=0, elem type=char[])
ARR 50004667 (sz=32, trace=301780, nelems=0, elem type=java.lang.String[]@500000cf)
OBJ 50004668 (sz=32, trace=301537, class=Point@5000255b)
OBJ 50004669 (sz=40, trace=301504, class=java.util.ArrayList$SubList@5000248a)
OBJ 5000466a (sz=40, trace=301506, class=java.util.ArrayList$SubList$1@5000248d)
ARR 5000466b (sz=32, trace=301781, nelems=0, elem type=char[])
OBJ 5000466c (sz=32, trace=301535, class=sun.misc.FloatingDecimal$ASCIIToBinaryBuffer@500024ac)
ARR 5000466d (sz=32, trace=301782, nelems=0, elem type=char[])
OBJ 5000466e (sz=32, trace=301535, class=sun.misc.FloatingDecimal$ASCIIToBinaryBuffer@500024ac)
OBJ 5000466f (sz=32, trace=301783, class=Point@5000255b)
ARR 50004670 (sz=32, trace=301784, nelems=0, elem type=char[])
OBJ 50004671 (sz=32, trace=301535, class=sun.misc.FloatingDecimal$ASCIIToBinaryBuffer@500024ac)
ARR 50004672 (sz=32, trace=301785, nelems=0, elem type=char[])
OBJ 50004673 (sz=32, trace=301535, class=sun.misc.FloatingDecimal$ASCIIToBinaryBuffer@500024ac)
OBJ 50004674 (sz=32, trace=301786, class=Point@5000255b)
OBJ 50004675 (sz=32, trace=301787, class=Line@50006f05)
OBJ 50004676 (sz=24, trace=301779, class=java.lang.String@5000016f)
ARR 50004677 (sz=88, trace=300326, nelems=0, elem type=char[])
OBJ 50004678 (sz=32, trace=301537, class=Point@5000255b)
OBJ 50004679 (sz=24, trace=301497, class=java.util.ArrayList@500000c5)
OBJ 5000467a (sz=24, trace=301498, class=java.lang.String@5000016f)
ARR 5000467b (sz=32, trace=301499, nelems=0, elem type=char[])
ARR 5000467c (sz=56, trace=300281, nelems=0, elem type=java.lang.Object[]@5000010a)
OBJ 5000467d (sz=24, trace=301498, class=java.lang.String@5000016f)
ARR 5000467e (sz=32, trace=301499, nelems=0, elem type=char[])
OBJ 5000467f (sz=24, trace=301498, class=java.lang.String@5000016f)
ARR 50004680 (sz=32, trace=301499, nelems=0, elem type=char[])
OBJ 50004681 (sz=24, trace=301500, class=java.lang.String@5000016f)
ARR 50004682 (sz=32, trace=301501, nelems=0, elem type=char[])
ARR 50004683 (sz=32, trace=301780, nelems=0, elem type=java.lang.String[]@500000cf)
OBJ 50004684 (sz=40, trace=301504, class=java.util.ArrayList$SubList@5000248a)
OBJ 50004685 (sz=40, trace=301506, class=java.util.ArrayList$SubList$1@5000248d)
ARR 50004686 (sz=32, trace=301781, nelems=0, elem type=char[])
OBJ 50004687 (sz=32, trace=301535, class=sun.misc.FloatingDecimal$ASCIIToBinaryBuffer@500024ac)
OBJ 50004688 (sz=32, trace=301537, class=Point@5000255b)
ARR 50004689 (sz=32, trace=301782, nelems=0, elem type=char[])
OBJ 5000468a (sz=32, trace=301535, class=sun.misc.FloatingDecimal$ASCIIToBinaryBuffer@500024ac)
OBJ 5000468b (sz=32, trace=301783, class=Point@5000255b)
ARR 5000468c (sz=32, trace=301784, nelems=0, elem type=char[])
OBJ 5000468d (sz=32, trace=301535, class=sun.misc.FloatingDecimal$ASCIIToBinaryBuffer@500024ac)
ARR 5000468e (sz=32, trace=301785, nelems=0, elem type=char[])
OBJ 5000468f (sz=32, trace=301535, class=sun.misc.FloatingDecimal$ASCIIToBinaryBuffer@500024ac)
OBJ 50004690 (sz=32, trace=301786, class=Point@5000255b)
OBJ 50004691 (sz=32, trace=301787, class=Line@50006f05)
OBJ 50004692 (sz=24, trace=301779, class=java.lang.String@5000016f)
ARR 50004693 (sz=88, trace=300326, nelems=0, elem type=char[])
OBJ 50004694 (sz=24, trace=301497, class=java.util.ArrayList@500000c5)
OBJ 50004695 (sz=24, trace=301498, class=java.lang.String@5000016f)
ARR 50004696 (sz=32, trace=301499, nelems=0, elem type=char[])
ARR 50004697 (sz=56, trace=300281, nelems=0, elem type=java.lang.Object[]@5000010a)
OBJ 50004698 (sz=32, trace=301537, class=Point@5000255b)
OBJ 50004699 (sz=24, trace=301498, class=java.lang.String@5000016f)
ARR 5000469a (sz=32, trace=301499, nelems=0, elem type=char[])
OBJ 5000469b (sz=24, trace=301498, class=java.lang.String@5000016f)
ARR 5000469c (sz=32, trace=301499, nelems=0, elem type=char[])
OBJ 5000469d (sz=24, trace=301500, class=java.lang.String@5000016f)
ARR 5000469e (sz=32, trace=301501, nelems=0, elem type=char[])
ARR 5000469f (sz=32, trace=301780, nelems=0, elem type=java.lang.String[]@500000cf)
OBJ 500046a0 (sz=40, trace=301504, class=java.util.ArrayList$SubList@5000248a)
OBJ 500046a1 (sz=40, trace=301506, class=java.util.ArrayList$SubList$1@5000248d)
ARR 500046a2 (sz=32, trace=301781, nelems=0, elem type=char[])
OBJ 500046a3 (sz=32, trace=301535, class=sun.misc.FloatingDecimal$ASCIIToBinaryBuffer@500024ac)
ARR 500046a4 (sz=32, trace=301782, nelems=0, elem type=char[])
OBJ 500046a5 (sz=32, trace=301535, class=sun.misc.FloatingDecimal$ASCIIToBinaryBuffer@500024ac)
OBJ 500046a6 (sz=32, trace=301783, class=Point@5000255b)
ARR 500046a7 (sz=32, trace=301784, nelems=0, elem type=char[])
OBJ 500046a8 (sz=32, trace=301537, class=Point@5000255b)
OBJ 500046a9 (sz=32, trace=301535, class=sun.misc.FloatingDecimal$ASCIIToBinaryBuffer@500024ac)
ARR 500046aa (sz=32, trace=301785, nelems=0, elem type=char[])
OBJ 500046ab (sz=32, trace=301535, class=sun.misc.FloatingDecimal$ASCIIToBinaryBuffer@500024ac)
OBJ 500046ac (sz=32, trace=301786, class=Point@5000255b)
OBJ 500046ad (sz=32, trace=301787, class=Line@50006f05)
OBJ 500046ae (sz=24, trace=301779, class=java.lang.String@5000016f)
ARR 500046af (sz=88, trace=300326, nelems=0, elem type=char[])
OBJ 500046b0 (sz=24, trace=301497, class=java.util.ArrayList@500000c5)
OBJ 500046b1 (sz=24, trace=301498, class=java.lang.String@5000016f)
ARR 500046b2 (sz=32, trace=301499, nelems=0, elem type=char[])
ARR 500046b3 (sz=56, trace=300281, nelems=0, elem type=java.lang.Object[]@5000010a)
OBJ 500046b4 (sz=24, trace=301498, class=java.lang.String@5000016f)
ARR 500046b5 (sz=32, trace=301499, nelems=0, elem type=char[])
OBJ 500046b6 (sz=24, trace=301498, class=java.lang.String@5000016f)
ARR 500046b7 (sz=32, trace=301499, nelems=0, elem type=char[])
OBJ 500046b8 (sz=32, trace=301537, class=Point@5000255b)
OBJ 500046b9 (sz=24, trace=301500, class=java.lang.String@5000016f)
ARR 500046ba (sz=32, trace=301501, nelems=0, elem type=char[])
ARR 500046bb (sz=32, trace=301780, nelems=0, elem type=java.lang.String[]@500000cf)
OBJ 500046bc (sz=40, trace=301504, class=java.util.ArrayList$SubList@5000248a)
OBJ 500046bd (sz=40, trace=301506, class=java.util.ArrayList$SubList$1@5000248d)
ARR 500046be (sz=32, trace=301781, nelems=0, elem type=char[])
OBJ 500046bf (sz=32, trace=301535, class=sun.misc.FloatingDecimal$ASCIIToBinaryBuffer@500024ac)
ARR 500046c0 (sz=32, trace=301782, nelems=0, elem type=char[])
OBJ 500046c1 (sz=32, trace=301535, class=sun.misc.FloatingDecimal$ASCIIToBinaryBuffer@500024ac)
OBJ 500046c2 (sz=32, trace=301783, class=Point@5000255b)
ARR 500046c3 (sz=32, trace=301784, nelems=0, elem type=char[])
OBJ 500046c4 (sz=32, trace=301535, class=sun.misc.FloatingDecimal$ASCIIToBinaryBuffer@500024ac)
ARR 500046c5 (sz=32, trace=301785, nelems=0, elem type=char[])
OBJ 500046c6 (sz=32, trace=301535, class=sun.misc.FloatingDecimal$ASCIIToBinaryBuffer@500024ac)
OBJ 500046c7 (sz=32, trace=301786, class=Point@5000255b)
OBJ 500046c8 (sz=32, trace=301537, class=Point@5000255b)
OBJ 500046c9 (sz=32, trace=301787, class=Line@50006f05)
OBJ 500046ca (sz=24, trace=301779, class=java.lang.String@5000016f)
ARR 500046cb (sz=80, trace=300326, nelems=0, elem type=char[])
OBJ 500046cc (sz=24, trace=301497, class=java.util.ArrayList@500000c5)
OBJ 500046cd (sz=24, trace=301498, class=java.lang.String@5000016f)
ARR 500046ce (sz=32, trace=301499, nelems=0, elem type=char[])
ARR 500046cf (sz=56, trace=300281, nelems=0, elem type=java.lang.Object[]@5000010a)
OBJ 500046d0 (sz=24, trace=301498, class=java.lang.String@5000016f)
ARR 500046d1 (sz=32, trace=301499, nelems=0, elem type=char[])
OBJ 500046d2 (sz=24, trace=301498, class=java.lang.String@5000016f)
ARR 500046d3 (sz=32, trace=301499, nelems=0, elem type=char[])
OBJ 500046d4 (sz=24, trace=301500, class=java.lang.String@5000016f)
ARR 500046d5 (sz=32, trace=301501, nelems=0, elem type=char[])
ARR 500046d6 (sz=32, trace=301780, nelems=0, elem type=java.lang.String[]@500000cf)
OBJ 500046d7 (sz=40, trace=301504, class=java.util.ArrayList$SubList@5000248a)
OBJ 500046d8 (sz=32, trace=301537, class=Point@5000255b)
OBJ 500046d9 (sz=40, trace=301506, class=java.util.ArrayList$SubList$1@5000248d)
ARR 500046da (sz=32, trace=301781, nelems=0, elem type=char[])
OBJ 500046db (sz=32, trace=301535, class=sun.misc.FloatingDecimal$ASCIIToBinaryBuffer@500024ac)
ARR 500046dc (sz=32, trace=301782, nelems=0, elem type=char[])
OBJ 500046dd (sz=32, trace=301535, class=sun.misc.FloatingDecimal$ASCIIToBinaryBuffer@500024ac)
OBJ 500046de (sz=32, trace=301783, class=Point@5000255b)
ARR 500046df (sz=32, trace=301784, nelems=0, elem type=char[])
OBJ 500046e0 (sz=32, trace=301535, class=sun.misc.FloatingDecimal$ASCIIToBinaryBuffer@500024ac)
ARR 500046e1 (sz=32, trace=301785, nelems=0, elem type=char[])
OBJ 500046e2 (sz=32, trace=301535, class=sun.misc.FloatingDecimal$ASCIIToBinaryBuffer@500024ac)
OBJ 500046e3 (sz=32, trace=301786, class=Point@5000255b)
OBJ 500046e4 (sz=32, trace=301787, class=Line@50006f05)
OBJ 500046e5 (sz=24, trace=301779, class=java.lang.String@5000016f)
ARR 500046e6 (sz=88, trace=300326, nelems=0, elem type=char[])
OBJ 500046e7 (sz=24, trace=301497, class=java.util.ArrayList@500000c5)
OBJ 500046e8 (sz=32, trace=301537, class=Point@5000255b)
OBJ 500046e9 (sz=24, trace=301498, class=java.lang.String@5000016f)
ARR 500046ea (sz=32, trace=301499, nelems=0, elem type=char[])
ARR 500046eb (sz=56, trace=300281, nelems=0, elem type=java.lang.Object[]@5000010a)
OBJ 500046ec (sz=24, trace=301498, class=java.lang.String@5000016f)
ARR 500046ed (sz=32, trace=301499, nelems=0, elem type=char[])
OBJ 500046ee (sz=24, trace=301498, class=java.lang.String@5000016f)
ARR 500046ef (sz=32, trace=301499, nelems=0, elem type=char[])
OBJ 500046f0 (sz=24, trace=301500, class=java.lang.String@5000016f)
ARR 500046f1 (sz=32, trace=301501, nelems=0, elem type=char[])
ARR 500046f2 (sz=32, trace=301780, nelems=0, elem type=java.lang.String[]@500000cf)
OBJ 500046f3 (sz=40, trace=301504, class=java.util.ArrayList$SubList@5000248a)
OBJ 500046f4 (sz=40, trace=301506, class=java.util.ArrayList$SubList$1@5000248d)
ARR 500046f5 (sz=32, trace=301781, nelems=0, elem type=char[])
OBJ 500046f6 (sz=32, trace=301535, class=sun.misc.FloatingDecimal$ASCIIToBinaryBuffer@500024ac)
ARR 500046f7 (sz=32, trace=301782, nelems=0, elem type=char[])
OBJ 500046f8 (sz=32, trace=301537, class=Point@5000255b)
OBJ 500046f9 (sz=32, trace=301535, class=sun.misc.FloatingDecimal$ASCIIToBinaryBuffer@500024ac)
OBJ 500046fa (sz=32, trace=301783, class=Point@5000255b)
ARR 500046fb (sz=32, trace=301784, nelems=0, elem type=char[])
OBJ 500046fc (sz=32, trace=301535, class=sun.misc.FloatingDecimal$ASCIIToBinaryBuffer@500024ac)
ARR 500046fd (sz=32, trace=301785, nelems=0, elem type=char[])
OBJ 500046fe (sz=32, trace=301535, class=sun.misc.FloatingDecimal$ASCIIToBinaryBuffer@500024ac)
OBJ 500046ff (sz=32, trace=301786, class=Point@5000255b)
OBJ 50004700 (sz=32, trace=301787, class=Line@50006f05)
OBJ 50004701 (sz=24, trace=301779, class=java.lang.String@5000016f)
ARR 50004702 (sz=88, trace=300326, nelems=0, elem type=char[])
OBJ 50004703 (sz=24, trace=301497, class=java.util.ArrayList@500000c5)
OBJ 50004704 (sz=24, trace=301498, class=java.lang.String@5000016f)
ARR 50004705 (sz=32, trace=301499, nelems=0, elem type=char[])
ARR 50004706 (sz=56, trace=300281, nelems=0, elem type=java.lang.Object[]@5000010a)
OBJ 50004707 (sz=24, trace=301498, class=java.lang.String@5000016f)
OBJ 50004708 (sz=32, trace=301537, class=Point@5000255b)
ARR 50004709 (sz=32, trace=301499, nelems=0, elem type=char[])
OBJ 5000470a (sz=24, trace=301498, class=java.lang.String@5000016f)
ARR 5000470b (sz=32, trace=301499, nelems=0, elem type=char[])
OBJ 5000470c (sz=24, trace=301500, class=java.lang.String@5000016f)
ARR 5000470d (sz=32, trace=301501, nelems=0, elem type=char[])
ARR 5000470e (sz=32, trace=301780, nelems=0, elem type=java.lang.String[]@500000cf)
OBJ 5000470f (sz=40, trace=301504, class=java.util.ArrayList$SubList@5000248a)
OBJ 50004710 (sz=40, trace=301506, class=java.util.ArrayList$SubList$1@5000248d)
ARR 50004711 (sz=32, trace=301781, nelems=0, elem type=char[])
OBJ 50004712 (sz=32, trace=301535, class=sun.misc.FloatingDecimal$ASCIIToBinaryBuffer@500024ac)
ARR 50004713 (sz=32, trace=301782, nelems=0, elem type=char[])
OBJ 50004714 (sz=32, trace=301535, class=sun.misc.FloatingDecimal$ASCIIToBinaryBuffer@500024ac)
OBJ 50004715 (sz=32, trace=301783, class=Point@5000255b)
ARR 50004716 (sz=32, trace=301784, nelems=0, elem type=char[])
OBJ 50004717 (sz=32, trace=301535, class=sun.misc.FloatingDecimal$ASCIIToBinaryBuffer@500024ac)
OBJ 50004718 (sz=32, trace=301537, class=Point@5000255b)
ARR 50004719 (sz=32, trace=301785, nelems=0, elem type=char[])
OBJ 5000471a (sz=32, trace=301535, class=sun.misc.FloatingDecimal$ASCIIToBinaryBuffer@500024ac)
OBJ 5000471b (sz=32, trace=301786, class=Point@5000255b)
OBJ 5000471c (sz=32, trace=301787, class=Line@50006f05)
OBJ 5000471d (sz=24, trace=301779, class=java.lang.String@5000016f)
ARR 5000471e (sz=88, trace=300326, nelems=0, elem type=char[])
OBJ 5000471f (sz=24, trace=301497, class=java.util.ArrayList@500000c5)
OBJ 50004720 (sz=24, trace=301498, class=java.lang.String@5000016f)
ARR 50004721 (sz=32, trace=301499, nelems=0, elem type=char[])
ARR 50004722 (sz=56, trace=300281, nelems=0, elem type=java.lang.Object[]@5000010a)
OBJ 50004723 (sz=24, trace=301498, class=java.lang.String@5000016f)
ARR 50004724 (sz=32, trace=301499, nelems=0, elem type=char[])
OBJ 50004725 (sz=24, trace=301498, class=java.lang.String@5000016f)
ARR 50004726 (sz=32, trace=301499, nelems=0, elem type=char[])
OBJ 50004727 (sz=24, trace=301500, class=java.lang.String@5000016f)
OBJ 50004728 (sz=32, trace=301537, class=Point@5000255b)
ARR 50004729 (sz=32, trace=301501, nelems=0, elem type=char[])
ARR 5000472a (sz=32, trace=301780, nelems=0, elem type=java.lang.String[]@500000cf)
OBJ 5000472b (sz=40, trace=301504, class=java.util.ArrayList$SubList@5000248a)
OBJ 5000472c (sz=40, trace=301506, class=java.util.ArrayList$SubList$1@5000248d)
ARR 5000472d (sz=32, trace=301781, nelems=0, elem type=char[])
OBJ 5000472e (sz=32, trace=301535, class=sun.misc.FloatingDecimal$ASCIIToBinaryBuffer@500024ac)
ARR 5000472f (sz=32, trace=301782, nelems=0, elem type=char[])
OBJ 50004730 (sz=32, trace=301535, class=sun.misc.FloatingDecimal$ASCIIToBinaryBuffer@500024ac)
OBJ 50004731 (sz=32, trace=301783, class=Point@5000255b)
ARR 50004732 (sz=32, trace=301784, nelems=0, elem type=char[])
OBJ 50004733 (sz=32, trace=301535, class=sun.misc.FloatingDecimal$ASCIIToBinaryBuffer@500024ac)
ARR 50004734 (sz=32, trace=301785, nelems=0, elem type=char[])
OBJ 50004735 (sz=32, trace=301535, class=sun.misc.FloatingDecimal$ASCIIToBinaryBuffer@500024ac)
OBJ 50004736 (sz=32, trace=301786, class=Point@5000255b)
OBJ 50004737 (sz=32, trace=301787, class=Line@50006f05)
OBJ 50004738 (sz=32, trace=301537, class=Point@5000255b)
OBJ 50004739 (sz=24, trace=301779, class=java.lang.String@5000016f)
ARR 5000473a (sz=88, trace=300326, nelems=0, elem type=char[])
OBJ 5000473b (sz=24, trace=301497, class=java.util.ArrayList@500000c5)
OBJ 5000473c (sz=24, trace=301498, class=java.lang.String@5000016f)
ARR 5000473d (sz=32, trace=301499, nelems=0, elem type=char[])
ARR 5000473e (sz=56, trace=300281, nelems=0, elem type=java.lang.Object[]@5000010a)
OBJ 5000473f (sz=24, trace=301498, class=java.lang.String@5000016f)
ARR 50004740 (sz=32, trace=301499, nelems=0, elem type=char[])
OBJ 50004741 (sz=24, trace=301498, class=java.lang.String@5000016f)
ARR 50004742 (sz=32, trace=301499, nelems=0, elem type=char[])
OBJ 50004743 (sz=24, trace=301500, class=java.lang.String@5000016f)
ARR 50004744 (sz=32, trace=301501, nelems=0, elem type=char[])
ARR 50004745 (sz=32, trace=301780, nelems=0, elem type=java.lang.String[]@500000cf)
OBJ 50004746 (sz=40, trace=301504, class=java.util.ArrayList$SubList@5000248a)
OBJ 50004747 (sz=40, trace=301506, class=java.util.ArrayList$SubList$1@5000248d)
OBJ 50004748 (sz=32, trace=301537, class=Point@5000255b)
ARR 50004749 (sz=32, trace=301781, nelems=0, elem type=char[])
OBJ 5000474a (sz=32, trace=301535, class=sun.misc.FloatingDecimal$ASCIIToBinaryBuffer@500024ac)
ARR 5000474b (sz=32, trace=301782, nelems=0, elem type=char[])
OBJ 5000474c (sz=32, trace=301535, class=sun.misc.FloatingDecimal$ASCIIToBinaryBuffer@500024ac)
OBJ 5000474d (sz=32, trace=301783, class=Point@5000255b)
ARR 5000474e (sz=32, trace=301784, nelems=0, elem type=char[])
OBJ 5000474f (sz=32, trace=301535, class=sun.misc.FloatingDecimal$ASCIIToBinaryBuffer@500024ac)
ARR 50004750 (sz=32, trace=301785, nelems=0, elem type=char[])
OBJ 50004751 (sz=32, trace=301535, class=sun.misc.FloatingDecimal$ASCIIToBinaryBuffer@500024ac)
OBJ 50004752 (sz=32, trace=301786, class=Point@5000255b)
OBJ 50004753 (sz=32, trace=301787, class=Line@50006f05)
OBJ 50004754 (sz=24, trace=301779, class=java.lang.String@5000016f)
ARR 50004755 (sz=88, trace=300326, nelems=0, elem type=char[])
OBJ 50004756 (sz=24, trace=301497, class=java.util.ArrayList@500000c5)
OBJ 50004757 (sz=24, trace=301498, class=java.lang.String@5000016f)
OBJ 50004758 (sz=32, trace=301537, class=Point@5000255b)
ARR 50004759 (sz=32, trace=301499, nelems=0, elem type=char[])
ARR 5000475a (sz=56, trace=300281, nelems=0, elem type=java.lang.Object[]@5000010a)
OBJ 5000475b (sz=24, trace=301498, class=java.lang.String@5000016f)
ARR 5000475c (sz=32, trace=301499, nelems=0, elem type=char[])
OBJ 5000475d (sz=24, trace=301498, class=java.lang.String@5000016f)
ARR 5000475e (sz=32, trace=301499, nelems=0, elem type=char[])
OBJ 5000475f (sz=24, trace=301500, class=java.lang.String@5000016f)
ARR 50004760 (sz=32, trace=301501, nelems=0, elem type=char[])
ARR 50004761 (sz=32, trace=301780, nelems=0, elem type=java.lang.String[]@500000cf)
OBJ 50004762 (sz=40, trace=301504, class=java.util.ArrayList$SubList@5000248a)
OBJ 50004763 (sz=40, trace=301506, class=java.util.ArrayList$SubList$1@5000248d)
ARR 50004764 (sz=32, trace=301781, nelems=0, elem type=char[])
OBJ 50004765 (sz=32, trace=301535, class=sun.misc.FloatingDecimal$ASCIIToBinaryBuffer@500024ac)
ARR 50004766 (sz=32, trace=301782, nelems=0, elem type=char[])
OBJ 50004767 (sz=32, trace=301535, class=sun.misc.FloatingDecimal$ASCIIToBinaryBuffer@500024ac)
OBJ 50004768 (sz=32, trace=301537, class=Point@5000255b)
OBJ 50004769 (sz=32, trace=301783, class=Point@5000255b)
ARR 5000476a (sz=32, trace=301784, nelems=0, elem type=char[])
OBJ 5000476b (sz=32, trace=301535, class=sun.misc.FloatingDecimal$ASCIIToBinaryBuffer@500024ac)
ARR 5000476c (sz=32, trace=301785, nelems=0, elem type=char[])
OBJ 5000476d (sz=32, trace=301535, class=sun.misc.FloatingDecimal$ASCIIToBinaryBuffer@500024ac)
OBJ 5000476e (sz=32, trace=301786, class=Point@5000255b)
OBJ 5000476f (sz=32, trace=301787, class=Line@50006f05)
OBJ 50004770 (sz=24, trace=301779, class=java.lang.String@5000016f)
ARR 50004771 (sz=80, trace=300326, nelems=0, elem type=char[])
OBJ 50004772 (sz=24, trace=301497, class=java.util.ArrayList@500000c5)
OBJ 50004773 (sz=24, trace=301498, class=java.lang.String@5000016f)
ARR 50004774 (sz=32, trace=301499, nelems=0, elem type=char[])
ARR 50004775 (sz=56, trace=300281, nelems=0, elem type=java.lang.Object[]@5000010a)
OBJ 50004776 (sz=24, trace=301498, class=java.lang.String@5000016f)
ARR 50004777 (sz=32, trace=301499, nelems=0, elem type=char[])
OBJ 50004778 (sz=32, trace=301537, class=Point@5000255b)
OBJ 50004779 (sz=24, trace=301498, class=java.lang.String@5000016f)
ARR 5000477a (sz=32, trace=301499, nelems=0, elem type=char[])
OBJ 5000477b (sz=24, trace=301500, class=java.lang.String@5000016f)
ARR 5000477c (sz=32, trace=301501, nelems=0, elem type=char[])
ARR 5000477d (sz=32, trace=301780, nelems=0, elem type=java.lang.String[]@500000cf)
OBJ 5000477e (sz=40, trace=301504, class=java.util.ArrayList$SubList@5000248a)
OBJ 5000477f (sz=40, trace=301506, class=java.util.ArrayList$SubList$1@5000248d)
ARR 50004780 (sz=32, trace=301781, nelems=0, elem type=char[])
OBJ 50004781 (sz=32, trace=301535, class=sun.misc.FloatingDecimal$ASCIIToBinaryBuffer@500024ac)
ARR 50004782 (sz=32, trace=301782, nelems=0, elem type=char[])
OBJ 50004783 (sz=32, trace=301535, class=sun.misc.FloatingDecimal$ASCIIToBinaryBuffer@500024ac)
OBJ 50004784 (sz=32, trace=301783, class=Point@5000255b)
ARR 50004785 (sz=32, trace=301784, nelems=0, elem type=char[])
OBJ 50004786 (sz=32, trace=301535, class=sun.misc.FloatingDecimal$ASCIIToBinaryBuffer@500024ac)
ARR 50004787 (sz=32, trace=301785, nelems=0, elem type=char[])
OBJ 50004788 (sz=32, trace=301537, class=Point@5000255b)
OBJ 50004789 (sz=32, trace=301535, class=sun.misc.FloatingDecimal$ASCIIToBinaryBuffer@500024ac)
OBJ 5000478a (sz=32, trace=301786, class=Point@5000255b)
OBJ 5000478b (sz=32, trace=301787, class=Line@50006f05)
OBJ 5000478c (sz=24, trace=301779, class=java.lang.String@5000016f)
ARR 5000478d (sz=80, trace=300326, nelems=0, elem type=char[])
OBJ 5000478e (sz=24, trace=301497, class=java.util.ArrayList@500000c5)
OBJ 5000478f (sz=24, trace=301498, class=java.lang.String@5000016f)
ARR 50004790 (sz=32, trace=301499, nelems=0, elem type=char[])
ARR 50004791 (sz=56, trace=300281, nelems=0, elem type=java.lang.Object[]@5000010a)
OBJ 50004792 (sz=24, trace=301498, class=java.lang.String@5000016f)
ARR 50004793 (sz=32, trace=301499, nelems=0, elem type=char[])
OBJ 50004794 (sz=24, trace=301498, class=java.lang.String@5000016f)
ARR 50004795 (sz=32, trace=301499, nelems=0, elem type=char[])
OBJ 50004796 (sz=24, trace=301500, class=java.lang.String@5000016f)
ARR 50004797 (sz=32, trace=301501, nelems=0, elem type=char[])
OBJ 50004798 (sz=32, trace=301537, class=Point@5000255b)
ARR 50004799 (sz=32, trace=301780, nelems=0, elem type=java.lang.String[]@500000cf)
OBJ 5000479a (sz=40, trace=301504, class=java.util.ArrayList$SubList@5000248a)
OBJ 5000479b (sz=40, trace=301506, class=java.util.ArrayList$SubList$1@5000248d)
ARR 5000479c (sz=32, trace=301781, nelems=0, elem type=char[])
OBJ 5000479d (sz=32, trace=301535, class=sun.misc.FloatingDecimal$ASCIIToBinaryBuffer@500024ac)
ARR 5000479e (sz=32, trace=301782, nelems=0, elem type=char[])
OBJ 5000479f (sz=32, trace=301535, class=sun.misc.FloatingDecimal$ASCIIToBinaryBuffer@500024ac)
OBJ 500047a0 (sz=32, trace=301783, class=Point@5000255b)
ARR 500047a1 (sz=32, trace=301784, nelems=0, elem type=char[])
OBJ 500047a2 (sz=32, trace=301535, class=sun.misc.FloatingDecimal$ASCIIToBinaryBuffer@500024ac)
ARR 500047a3 (sz=32, trace=301785, nelems=0, elem type=char[])
OBJ 500047a4 (sz=32, trace=301535, class=sun.misc.FloatingDecimal$ASCIIToBinaryBuffer@500024ac)
OBJ 500047a5 (sz=32, trace=301786, class=Point@5000255b)
OBJ 500047a6 (sz=32, trace=301787, class=Line@50006f05)
OBJ 500047a7 (sz=24, trace=301779, class=java.lang.String@5000016f)
OBJ 500047a8 (sz=32, trace=301537, class=Point@5000255b)
ARR 500047a9 (sz=80, trace=300326, nelems=0, elem type=char[])
OBJ 500047aa (sz=24, trace=301497, class=java.util.ArrayList@500000c5)
OBJ 500047ab (sz=24, trace=301498, class=java.lang.String@5000016f)
ARR 500047ac (sz=32, trace=301499, nelems=0, elem type=char[])
ARR 500047ad (sz=56, trace=300281, nelems=0, elem type=java.lang.Object[]@5000010a)
OBJ 500047ae (sz=24, trace=301498, class=java.lang.String@5000016f)
ARR 500047af (sz=32, trace=301499, nelems=0, elem type=char[])
OBJ 500047b0 (sz=24, trace=301498, class=java.lang.String@5000016f)
ARR 500047b1 (sz=32, trace=301499, nelems=0, elem type=char[])
OBJ 500047b2 (sz=24, trace=301500, class=java.lang.String@5000016f)
ARR 500047b3 (sz=32, trace=301501, nelems=0, elem type=char[])
ARR 500047b4 (sz=32, trace=301780, nelems=0, elem type=java.lang.String[]@500000cf)
OBJ 500047b5 (sz=40, trace=301504, class=java.util.ArrayList$SubList@5000248a)
OBJ 500047b6 (sz=40, trace=301506, class=java.util.ArrayList$SubList$1@5000248d)
ARR 500047b7 (sz=32, trace=301781, nelems=0, elem type=char[])
OBJ 500047b8 (sz=32, trace=301537, class=Point@5000255b)
OBJ 500047b9 (sz=32, trace=301535, class=sun.misc.FloatingDecimal$ASCIIToBinaryBuffer@500024ac)
ARR 500047ba (sz=32, trace=301782, nelems=0, elem type=char[])
OBJ 500047bb (sz=32, trace=301535, class=sun.misc.FloatingDecimal$ASCIIToBinaryBuffer@500024ac)
OBJ 500047bc (sz=32, trace=301783, class=Point@5000255b)
ARR 500047bd (sz=32, trace=301784, nelems=0, elem type=char[])
OBJ 500047be (sz=32, trace=301535, class=sun.misc.FloatingDecimal$ASCIIToBinaryBuffer@500024ac)
ARR 500047bf (sz=32, trace=301785, nelems=0, elem type=char[])
OBJ 500047c0 (sz=32, trace=301535, class=sun.misc.FloatingDecimal$ASCIIToBinaryBuffer@500024ac)
OBJ 500047c1 (sz=32, trace=301786, class=Point@5000255b)
OBJ 500047c2 (sz=32, trace=301787, class=Line@50006f05)
OBJ 500047c3 (sz=24, trace=301779, class=java.lang.String@5000016f)
ARR 500047c4 (sz=80, trace=300326, nelems=0, elem type=char[])
OBJ 500047c5 (sz=24, trace=301497, class=java.util.ArrayList@500000c5)
OBJ 500047c6 (sz=24, trace=301498, class=java.lang.String@5000016f)
ARR 500047c7 (sz=32, trace=301499, nelems=0, elem type=char[])
ARR 500047c8 (sz=56, trace=300281, nelems=0, elem type=java.lang.Object[]@5000010a)
OBJ 500047c9 (sz=32, trace=301537, class=Point@5000255b)
OBJ 500047ca (sz=24, trace=301498, class=java.lang.String@5000016f)
ARR 500047cb (sz=32, trace=301499, nelems=0, elem type=char[])
OBJ 500047cc (sz=24, trace=301498, class=java.lang.String@5000016f)
ARR 500047cd (sz=32, trace=301499, nelems=0, elem type=char[])
OBJ 500047ce (sz=24, trace=301500, class=java.lang.String@5000016f)
ARR 500047cf (sz=32, trace=301501, nelems=0, elem type=char[])
ARR 500047d0 (sz=32, trace=301780, nelems=0, elem type=java.lang.String[]@500000cf)
OBJ 500047d1 (sz=40, trace=301504, class=java.util.ArrayList$SubList@5000248a)
OBJ 500047d2 (sz=40, trace=301506, class=java.util.ArrayList$SubList$1@5000248d)
ARR 500047d3 (sz=32, trace=301781, nelems=0, elem type=char[])
OBJ 500047d4 (sz=32, trace=301535, class=sun.misc.FloatingDecimal$ASCIIToBinaryBuffer@500024ac)
ARR 500047d5 (sz=32, trace=301782, nelems=0, elem type=char[])
OBJ 500047d6 (sz=32, trace=301535, class=sun.misc.FloatingDecimal$ASCIIToBinaryBuffer@500024ac)
OBJ 500047d7 (sz=32, trace=301783, class=Point@5000255b)
ARR 500047d8 (sz=32, trace=301784, nelems=0, elem type=char[])
OBJ 500047d9 (sz=32, trace=301537, class=Point@5000255b)
OBJ 500047da (sz=32, trace=301535, class=sun.misc.FloatingDecimal$ASCIIToBinaryBuffer@500024ac)
ARR 500047db (sz=32, trace=301785, nelems=0, elem type=char[])
OBJ 500047dc (sz=32, trace=301535, class=sun.misc.FloatingDecimal$ASCIIToBinaryBuffer@500024ac)
OBJ 500047dd (sz=32, trace=301786, class=Point@5000255b)
OBJ 500047de (sz=32, trace=301787, class=Line@50006f05)
OBJ 500047df (sz=24, trace=301779, class=java.lang.String@5000016f)
ARR 500047e0 (sz=80, trace=300326, nelems=0, elem type=char[])
OBJ 500047e1 (sz=24, trace=301497, class=java.util.ArrayList@500000c5)
OBJ 500047e2 (sz=24, trace=301498, class=java.lang.String@5000016f)
ARR 500047e3 (sz=32, trace=301499, nelems=0, elem type=char[])
ARR 500047e4 (sz=56, trace=300281, nelems=0, elem type=java.lang.Object[]@5000010a)
OBJ 500047e5 (sz=24, trace=301498, class=java.lang.String@5000016f)
ARR 500047e6 (sz=32, trace=301499, nelems=0, elem type=char[])
OBJ 500047e7 (sz=24, trace=301498, class=java.lang.String@5000016f)
ARR 500047e8 (sz=32, trace=301499, nelems=0, elem type=char[])
OBJ 500047e9 (sz=32, trace=301537, class=Point@5000255b)
OBJ 500047ea (sz=24, trace=301500, class=java.lang.String@5000016f)
ARR 500047eb (sz=32, trace=301501, nelems=0, elem type=char[])
ARR 500047ec (sz=32, trace=301780, nelems=0, elem type=java.lang.String[]@500000cf)
OBJ 500047ed (sz=40, trace=301504, class=java.util.ArrayList$SubList@5000248a)
OBJ 500047ee (sz=40, trace=301506, class=java.util.ArrayList$SubList$1@5000248d)
ARR 500047ef (sz=32, trace=301781, nelems=0, elem type=char[])
OBJ 500047f0 (sz=32, trace=301535, class=sun.misc.FloatingDecimal$ASCIIToBinaryBuffer@500024ac)
ARR 500047f1 (sz=32, trace=301782, nelems=0, elem type=char[])
OBJ 500047f2 (sz=32, trace=301535, class=sun.misc.FloatingDecimal$ASCIIToBinaryBuffer@500024ac)
OBJ 500047f3 (sz=32, trace=301783, class=Point@5000255b)
ARR 500047f4 (sz=32, trace=301784, nelems=0, elem type=char[])
OBJ 500047f5 (sz=32, trace=301535, class=sun.misc.FloatingDecimal$ASCIIToBinaryBuffer@500024ac)
ARR 500047f6 (sz=32, trace=301785, nelems=0, elem type=char[])
OBJ 500047f7 (sz=32, trace=301535, class=sun.misc.FloatingDecimal$ASCIIToBinaryBuffer@500024ac)
OBJ 500047f8 (sz=32, trace=301786, class=Point@5000255b)
OBJ 500047f9 (sz=32, trace=301537, class=Point@5000255b)
OBJ 500047fa (sz=32, trace=301787, class=Line@50006f05)
OBJ 500047fb (sz=24, trace=301779, class=java.lang.String@5000016f)
ARR 500047fc (sz=80, trace=300326, nelems=0, elem type=char[])
OBJ 500047fd (sz=24, trace=301497, class=java.util.ArrayList@500000c5)
OBJ 500047fe (sz=24, trace=301498, class=java.lang.String@5000016f)
ARR 500047ff (sz=32, trace=301499, nelems=0, elem type=char[])
ARR 50004800 (sz=56, trace=300281, nelems=0, elem type=java.lang.Object[]@5000010a)
OBJ 50004801 (sz=24, trace=301498, class=java.lang.String@5000016f)
ARR 50004802 (sz=32, trace=301499, nelems=0, elem type=char[])
OBJ 50004803 (sz=24, trace=301498, class=java.lang.String@5000016f)
ARR 50004804 (sz=32, trace=301499, nelems=0, elem type=char[])
OBJ 50004805 (sz=24, trace=301500, class=java.lang.String@5000016f)
ARR 50004806 (sz=32, trace=301501, nelems=0, elem type=char[])
ARR 50004807 (sz=32, trace=301780, nelems=0, elem type=java.lang.String[]@500000cf)
OBJ 50004808 (sz=40, trace=301504, class=java.util.ArrayList$SubList@5000248a)
OBJ 50004809 (sz=32, trace=301537, class=Point@5000255b)
OBJ 5000480a (sz=40, trace=301506, class=java.util.ArrayList$SubList$1@5000248d)
ARR 5000480b (sz=32, trace=301781, nelems=0, elem type=char[])
OBJ 5000480c (sz=32, trace=301535, class=sun.misc.FloatingDecimal$ASCIIToBinaryBuffer@500024ac)
ARR 5000480d (sz=32, trace=301782, nelems=0, elem type=char[])
OBJ 5000480e (sz=32, trace=301535, class=sun.misc.FloatingDecimal$ASCIIToBinaryBuffer@500024ac)
OBJ 5000480f (sz=32, trace=301783, class=Point@5000255b)
ARR 50004810 (sz=32, trace=301784, nelems=0, elem type=char[])
OBJ 50004811 (sz=32, trace=301535, class=sun.misc.FloatingDecimal$ASCIIToBinaryBuffer@500024ac)
ARR 50004812 (sz=32, trace=301785, nelems=0, elem type=char[])
OBJ 50004813 (sz=32, trace=301535, class=sun.misc.FloatingDecimal$ASCIIToBinaryBuffer@500024ac)
OBJ 50004814 (sz=32, trace=301786, class=Point@5000255b)
OBJ 50004815 (sz=32, trace=301787, class=Line@50006f05)
OBJ 50004816 (sz=24, trace=301779, class=java.lang.String@5000016f)
ARR 50004817 (sz=80, trace=300326, nelems=0, elem type=char[])
OBJ 50004818 (sz=24, trace=301497, class=java.util.ArrayList@500000c5)
OBJ 50004819 (sz=32, trace=301537, class=Point@5000255b)
OBJ 5000481a (sz=24, trace=301498, class=java.lang.String@5000016f)
ARR 5000481b (sz=32, trace=301499, nelems=0, elem type=char[])
ARR 5000481c (sz=56, trace=300281, nelems=0, elem type=java.lang.Object[]@5000010a)
OBJ 5000481d (sz=24, trace=301498, class=java.lang.String@5000016f)
ARR 5000481e (sz=32, trace=301499, nelems=0, elem type=char[])
OBJ 5000481f (sz=24, trace=301498, class=java.lang.String@5000016f)
ARR 50004820 (sz=32, trace=301499, nelems=0, elem type=char[])
OBJ 50004821 (sz=24, trace=301500, class=java.lang.String@5000016f)
ARR 50004822 (sz=32, trace=301501, nelems=0, elem type=char[])
ARR 50004823 (sz=32, trace=301780, nelems=0, elem type=java.lang.String[]@500000cf)
OBJ 50004824 (sz=40, trace=301504, class=java.util.ArrayList$SubList@5000248a)
OBJ 50004825 (sz=40, trace=301506, class=java.util.ArrayList$SubList$1@5000248d)
ARR 50004826 (sz=32, trace=301781, nelems=0, elem type=char[])
OBJ 50004827 (sz=32, trace=301535, class=sun.misc.FloatingDecimal$ASCIIToBinaryBuffer@500024ac)
ARR 50004828 (sz=32, trace=301782, nelems=0, elem type=char[])
OBJ 50004829 (sz=32, trace=301537, class=Point@5000255b)
OBJ 5000482a (sz=32, trace=301535, class=sun.misc.FloatingDecimal$ASCIIToBinaryBuffer@500024ac)
OBJ 5000482b (sz=32, trace=301783, class=Point@5000255b)
ARR 5000482c (sz=32, trace=301784, nelems=0, elem type=char[])
OBJ 5000482d (sz=32, trace=301535, class=sun.misc.FloatingDecimal$ASCIIToBinaryBuffer@500024ac)
ARR 5000482e (sz=32, trace=301785, nelems=0, elem type=char[])
OBJ 5000482f (sz=32, trace=301535, class=sun.misc.FloatingDecimal$ASCIIToBinaryBuffer@500024ac)
OBJ 50004830 (sz=32, trace=301786, class=Point@5000255b)
OBJ 50004831 (sz=32, trace=301787, class=Line@50006f05)
OBJ 50004832 (sz=24, trace=301779, class=java.lang.String@5000016f)
ARR 50004833 (sz=80, trace=300326, nelems=0, elem type=char[])
OBJ 50004834 (sz=24, trace=301497, class=java.util.ArrayList@500000c5)
OBJ 50004835 (sz=24, trace=301498, class=java.lang.String@5000016f)
ARR 50004836 (sz=32, trace=301499, nelems=0, elem type=char[])
ARR 50004837 (sz=56, trace=300281, nelems=0, elem type=java.lang.Object[]@5000010a)
OBJ 50004838 (sz=24, trace=301498, class=java.lang.String@5000016f)
OBJ 50004839 (sz=32, trace=301537, class=Point@5000255b)
ARR 5000483a (sz=32, trace=301499, nelems=0, elem type=char[])
OBJ 5000483b (sz=24, trace=301498, class=java.lang.String@5000016f)
ARR 5000483c (sz=32, trace=301499, nelems=0, elem type=char[])
OBJ 5000483d (sz=24, trace=301500, class=java.lang.String@5000016f)
ARR 5000483e (sz=32, trace=301501, nelems=0, elem type=char[])
ARR 5000483f (sz=32, trace=301780, nelems=0, elem type=java.lang.String[]@500000cf)
OBJ 50004840 (sz=40, trace=301504, class=java.util.ArrayList$SubList@5000248a)
OBJ 50004841 (sz=40, trace=301506, class=java.util.ArrayList$SubList$1@5000248d)
ARR 50004842 (sz=32, trace=301781, nelems=0, elem type=char[])
OBJ 50004843 (sz=32, trace=301535, class=sun.misc.FloatingDecimal$ASCIIToBinaryBuffer@500024ac)
ARR 50004844 (sz=32, trace=301782, nelems=0, elem type=char[])
OBJ 50004845 (sz=32, trace=301535, class=sun.misc.FloatingDecimal$ASCIIToBinaryBuffer@500024ac)
OBJ 50004846 (sz=32, trace=301783, class=Point@5000255b)
ARR 50004847 (sz=32, trace=301784, nelems=0, elem type=char[])
OBJ 50004848 (sz=32, trace=301535, class=sun.misc.FloatingDecimal$ASCIIToBinaryBuffer@500024ac)
OBJ 50004849 (sz=32, trace=301537, class=Point@5000255b)
ARR 5000484a (sz=32, trace=301785, nelems=0, elem type=char[])
OBJ 5000484b (sz=32, trace=301535, class=sun.misc.FloatingDecimal$ASCIIToBinaryBuffer@500024ac)
OBJ 5000484c (sz=32, trace=301786, class=Point@5000255b)
OBJ 5000484d (sz=32, trace=301787, class=Line@50006f05)
OBJ 5000484e (sz=24, trace=301779, class=java.lang.String@5000016f)
ARR 5000484f (sz=88, trace=300326, nelems=0, elem type=char[])
OBJ 50004850 (sz=24, trace=301497, class=java.util.ArrayList@500000c5)
OBJ 50004851 (sz=24, trace=301498, class=java.lang.String@5000016f)
ARR 50004852 (sz=32, trace=301499, nelems=0, elem type=char[])
ARR 50004853 (sz=56, trace=300281, nelems=0, elem type=java.lang.Object[]@5000010a)
OBJ 50004854 (sz=24, trace=301498, class=java.lang.String@5000016f)
ARR 50004855 (sz=32, trace=301499, nelems=0, elem type=char[])
OBJ 50004856 (sz=24, trace=301498, class=java.lang.String@5000016f)
ARR 50004857 (sz=32, trace=301499, nelems=0, elem type=char[])
OBJ 50004858 (sz=24, trace=301500, class=java.lang.String@5000016f)
OBJ 50004859 (sz=32, trace=301537, class=Point@5000255b)
ARR 5000485a (sz=32, trace=301501, nelems=0, elem type=char[])
ARR 5000485b (sz=32, trace=301780, nelems=0, elem type=java.lang.String[]@500000cf)
OBJ 5000485c (sz=40, trace=301504, class=java.util.ArrayList$SubList@5000248a)
OBJ 5000485d (sz=40, trace=301506, class=java.util.ArrayList$SubList$1@5000248d)
ARR 5000485e (sz=32, trace=301781, nelems=0, elem type=char[])
OBJ 5000485f (sz=32, trace=301535, class=sun.misc.FloatingDecimal$ASCIIToBinaryBuffer@500024ac)
ARR 50004860 (sz=32, trace=301782, nelems=0, elem type=char[])
OBJ 50004861 (sz=32, trace=301535, class=sun.misc.FloatingDecimal$ASCIIToBinaryBuffer@500024ac)
OBJ 50004862 (sz=32, trace=301783, class=Point@5000255b)
ARR 50004863 (sz=32, trace=301784, nelems=0, elem type=char[])
OBJ 50004864 (sz=32, trace=301535, class=sun.misc.FloatingDecimal$ASCIIToBinaryBuffer@500024ac)
ARR 50004865 (sz=32, trace=301785, nelems=0, elem type=char[])
OBJ 50004866 (sz=32, trace=301535, class=sun.misc.FloatingDecimal$ASCIIToBinaryBuffer@500024ac)
OBJ 50004867 (sz=32, trace=301786, class=Point@5000255b)
OBJ 50004868 (sz=32, trace=301787, class=Line@50006f05)
OBJ 50004869 (sz=32, trace=301537, class=Point@5000255b)
OBJ 5000486a (sz=24, trace=301779, class=java.lang.String@5000016f)
ARR 5000486b (sz=80, trace=300326, nelems=0, elem type=char[])
OBJ 5000486c (sz=24, trace=301497, class=java.util.ArrayList@500000c5)
OBJ 5000486d (sz=24, trace=301498, class=java.lang.String@5000016f)
ARR 5000486e (sz=32, trace=301499, nelems=0, elem type=char[])
ARR 5000486f (sz=56, trace=300281, nelems=0, elem type=java.lang.Object[]@5000010a)
OBJ 50004870 (sz=24, trace=301498, class=java.lang.String@5000016f)
ARR 50004871 (sz=32, trace=301499, nelems=0, elem type=char[])
OBJ 50004872 (sz=24, trace=301498, class=java.lang.String@5000016f)
ARR 50004873 (sz=32, trace=301499, nelems=0, elem type=char[])
OBJ 50004874 (sz=24, trace=301500, class=java.lang.String@5000016f)
ARR 50004875 (sz=32, trace=301501, nelems=0, elem type=char[])
ARR 50004876 (sz=32, trace=301780, nelems=0, elem type=java.lang.String[]@500000cf)
OBJ 50004877 (sz=40, trace=301504, class=java.util.ArrayList$SubList@5000248a)
OBJ 50004878 (sz=40, trace=301506, class=java.util.ArrayList$SubList$1@5000248d)
OBJ 50004879 (sz=32, trace=301537, class=Point@5000255b)
ARR 5000487a (sz=32, trace=301781, nelems=0, elem type=char[])
OBJ 5000487b (sz=32, trace=301535, class=sun.misc.FloatingDecimal$ASCIIToBinaryBuffer@500024ac)
ARR 5000487c (sz=32, trace=301782, nelems=0, elem type=char[])
OBJ 5000487d (sz=32, trace=301535, class=sun.misc.FloatingDecimal$ASCIIToBinaryBuffer@500024ac)
OBJ 5000487e (sz=32, trace=301783, class=Point@5000255b)
ARR 5000487f (sz=32, trace=301784, nelems=0, elem type=char[])
OBJ 50004880 (sz=32, trace=301535, class=sun.misc.FloatingDecimal$ASCIIToBinaryBuffer@500024ac)
ARR 50004881 (sz=32, trace=301785, nelems=0, elem type=char[])
OBJ 50004882 (sz=32, trace=301535, class=sun.misc.FloatingDecimal$ASCIIToBinaryBuffer@500024ac)
OBJ 50004883 (sz=32, trace=301786, class=Point@5000255b)
OBJ 50004884 (sz=32, trace=301787, class=Line@50006f05)
OBJ 50004885 (sz=24, trace=301779, class=java.lang.String@5000016f)
ARR 50004886 (sz=80, trace=300326, nelems=0, elem type=char[])
OBJ 50004887 (sz=24, trace=301497, class=java.util.ArrayList@500000c5)
OBJ 50004888 (sz=24, trace=301498, class=java.lang.String@5000016f)
OBJ 50004889 (sz=32, trace=301537, class=Point@5000255b)
ARR 5000488a (sz=32, trace=301499, nelems=0, elem type=char[])
ARR 5000488b (sz=56, trace=300281, nelems=0, elem type=java.lang.Object[]@5000010a)
OBJ 5000488c (sz=24, trace=301498, class=java.lang.String@5000016f)
ARR 5000488d (sz=32, trace=301499, nelems=0, elem type=char[])
OBJ 5000488e (sz=24, trace=301498, class=java.lang.String@5000016f)
ARR 5000488f (sz=32, trace=301499, nelems=0, elem type=char[])
OBJ 50004890 (sz=24, trace=301500, class=java.lang.String@5000016f)
ARR 50004891 (sz=32, trace=301501, nelems=0, elem type=char[])
ARR 50004892 (sz=32, trace=301780, nelems=0, elem type=java.lang.String[]@500000cf)
OBJ 50004893 (sz=40, trace=301504, class=java.util.ArrayList$SubList@5000248a)
OBJ 50004894 (sz=40, trace=301506, class=java.util.ArrayList$SubList$1@5000248d)
ARR 50004895 (sz=32, trace=301781, nelems=0, elem type=char[])
OBJ 50004896 (sz=32, trace=301535, class=sun.misc.FloatingDecimal$ASCIIToBinaryBuffer@500024ac)
ARR 50004897 (sz=32, trace=301782, nelems=0, elem type=char[])
OBJ 50004898 (sz=32, trace=301535, class=sun.misc.FloatingDecimal$ASCIIToBinaryBuffer@500024ac)
OBJ 50004899 (sz=32, trace=301537, class=Point@5000255b)
OBJ 5000489a (sz=32, trace=301783, class=Point@5000255b)
ARR 5000489b (sz=32, trace=301784, nelems=0, elem type=char[])
OBJ 5000489c (sz=32, trace=301535, class=sun.misc.FloatingDecimal$ASCIIToBinaryBuffer@500024ac)
ARR 5000489d (sz=32, trace=301785, nelems=0, elem type=char[])
OBJ 5000489e (sz=32, trace=301535, class=sun.misc.FloatingDecimal$ASCIIToBinaryBuffer@500024ac)
OBJ 5000489f (sz=32, trace=301786, class=Point@5000255b)
OBJ 500048a0 (sz=32, trace=301787, class=Line@50006f05)
OBJ 500048a1 (sz=24, trace=301779, class=java.lang.String@5000016f)
ARR 500048a2 (sz=88, trace=300326, nelems=0, elem type=char[])
OBJ 500048a3 (sz=24, trace=301497, class=java.util.ArrayList@500000c5)
OBJ 500048a4 (sz=24, trace=301498, class=java.lang.String@5000016f)
ARR 500048a5 (sz=32, trace=301499, nelems=0, elem type=char[])
ARR 500048a6 (sz=56, trace=300281, nelems=0, elem type=java.lang.Object[]@5000010a)
OBJ 500048a7 (sz=24, trace=301498, class=java.lang.String@5000016f)
ARR 500048a8 (sz=32, trace=301499, nelems=0, elem type=char[])
OBJ 500048a9 (sz=32, trace=301537, class=Point@5000255b)
OBJ 500048aa (sz=24, trace=301498, class=java.lang.String@5000016f)
ARR 500048ab (sz=32, trace=301499, nelems=0, elem type=char[])
OBJ 500048ac (sz=24, trace=301500, class=java.lang.String@5000016f)
ARR 500048ad (sz=32, trace=301501, nelems=0, elem type=char[])
ARR 500048ae (sz=32, trace=301780, nelems=0, elem type=java.lang.String[]@500000cf)
OBJ 500048af (sz=40, trace=301504, class=java.util.ArrayList$SubList@5000248a)
OBJ 500048b0 (sz=40, trace=301506, class=java.util.ArrayList$SubList$1@5000248d)
ARR 500048b1 (sz=32, trace=301781, nelems=0, elem type=char[])
OBJ 500048b2 (sz=32, trace=301535, class=sun.misc.FloatingDecimal$ASCIIToBinaryBuffer@500024ac)
ARR 500048b3 (sz=32, trace=301782, nelems=0, elem type=char[])
OBJ 500048b4 (sz=32, trace=301535, class=sun.misc.FloatingDecimal$ASCIIToBinaryBuffer@500024ac)
OBJ 500048b5 (sz=32, trace=301783, class=Point@5000255b)
ARR 500048b6 (sz=32, trace=301784, nelems=0, elem type=char[])
OBJ 500048b7 (sz=32, trace=301535, class=sun.misc.FloatingDecimal$ASCIIToBinaryBuffer@500024ac)
ARR 500048b8 (sz=32, trace=301785, nelems=0, elem type=char[])
OBJ 500048b9 (sz=32, trace=301537, class=Point@5000255b)
OBJ 500048ba (sz=32, trace=301535, class=sun.misc.FloatingDecimal$ASCIIToBinaryBuffer@500024ac)
OBJ 500048bb (sz=32, trace=301786, class=Point@5000255b)
OBJ 500048bc (sz=32, trace=301787, class=Line@50006f05)
OBJ 500048bd (sz=24, trace=301779, class=java.lang.String@5000016f)
ARR 500048be (sz=88, trace=300326, nelems=0, elem type=char[])
OBJ 500048bf (sz=24, trace=301497, class=java.util.ArrayList@500000c5)
OBJ 500048c0 (sz=24, trace=301498, class=java.lang.String@5000016f)
ARR 500048c1 (sz=32, trace=301499, nelems=0, elem type=char[])
ARR 500048c2 (sz=56, trace=300281, nelems=0, elem type=java.lang.Object[]@5000010a)
OBJ 500048c3 (sz=24, trace=301498, class=java.lang.String@5000016f)
ARR 500048c4 (sz=32, trace=301499, nelems=0, elem type=char[])
OBJ 500048c5 (sz=24, trace=301498, class=java.lang.String@5000016f)
ARR 500048c6 (sz=32, trace=301499, nelems=0, elem type=char[])
OBJ 500048c7 (sz=24, trace=301500, class=java.lang.String@5000016f)
ARR 500048c8 (sz=32, trace=301501, nelems=0, elem type=char[])
OBJ 500048c9 (sz=32, trace=301537, class=Point@5000255b)
ARR 500048ca (sz=32, trace=301780, nelems=0, elem type=java.lang.String[]@500000cf)
OBJ 500048cb (sz=40, trace=301504, class=java.util.ArrayList$SubList@5000248a)
OBJ 500048cc (sz=40, trace=301506, class=java.util.ArrayList$SubList$1@5000248d)
ARR 500048cd (sz=32, trace=301781, nelems=0, elem type=char[])
OBJ 500048ce (sz=32, trace=301535, class=sun.misc.FloatingDecimal$ASCIIToBinaryBuffer@500024ac)
ARR 500048cf (sz=32, trace=301782, nelems=0, elem type=char[])
OBJ 500048d0 (sz=32, trace=301535, class=sun.misc.FloatingDecimal$ASCIIToBinaryBuffer@500024ac)
OBJ 500048d1 (sz=32, trace=301783, class=Point@5000255b)
ARR 500048d2 (sz=32, trace=301784, nelems=0, elem type=char[])
OBJ 500048d3 (sz=32, trace=301535, class=sun.misc.FloatingDecimal$ASCIIToBinaryBuffer@500024ac)
ARR 500048d4 (sz=32, trace=301785, nelems=0, elem type=char[])
OBJ 500048d5 (sz=32, trace=301535, class=sun.misc.FloatingDecimal$ASCIIToBinaryBuffer@500024ac)
OBJ 500048d6 (sz=32, trace=301786, class=Point@5000255b)
OBJ 500048d7 (sz=32, trace=301787, class=Line@50006f05)
OBJ 500048d8 (sz=24, trace=301779, class=java.lang.String@5000016f)
OBJ 500048d9 (sz=32, trace=301537, class=Point@5000255b)
ARR 500048da (sz=88, trace=300326, nelems=0, elem type=char[])
OBJ 500048db (sz=24, trace=301497, class=java.util.ArrayList@500000c5)
OBJ 500048dc (sz=24, trace=301498, class=java.lang.String@5000016f)
ARR 500048dd (sz=32, trace=301499, nelems=0, elem type=char[])
ARR 500048de (sz=56, trace=300281, nelems=0, elem type=java.lang.Object[]@5000010a)
OBJ 500048df (sz=24, trace=301498, class=java.lang.String@5000016f)
ARR 500048e0 (sz=32, trace=301499, nelems=0, elem type=char[])
OBJ 500048e1 (sz=24, trace=301498, class=java.lang.String@5000016f)
ARR 500048e2 (sz=32, trace=301499, nelems=0, elem type=char[])
OBJ 500048e3 (sz=24, trace=301500, class=java.lang.String@5000016f)
ARR 500048e4 (sz=32, trace=301501, nelems=0, elem type=char[])
ARR 500048e5 (sz=32, trace=301780, nelems=0, elem type=java.lang.String[]@500000cf)
OBJ 500048e6 (sz=40, trace=301504, class=java.util.ArrayList$SubList@5000248a)
OBJ 500048e7 (sz=40, trace=301506, class=java.util.ArrayList$SubList$1@5000248d)
ARR 500048e8 (sz=32, trace=301781, nelems=0, elem type=char[])
OBJ 500048e9 (sz=32, trace=301537, class=Point@5000255b)
OBJ 500048ea (sz=32, trace=301535, class=sun.misc.FloatingDecimal$ASCIIToBinaryBuffer@500024ac)
ARR 500048eb (sz=32, trace=301782, nelems=0, elem type=char[])
OBJ 500048ec (sz=32, trace=301535, class=sun.misc.FloatingDecimal$ASCIIToBinaryBuffer@500024ac)
OBJ 500048ed (sz=32, trace=301783, class=Point@5000255b)
ARR 500048ee (sz=32, trace=301784, nelems=0, elem type=char[])
OBJ 500048ef (sz=32, trace=301535, class=sun.misc.FloatingDecimal$ASCIIToBinaryBuffer@500024ac)
ARR 500048f0 (sz=32, trace=301785, nelems=0, elem type=char[])
OBJ 500048f1 (sz=32, trace=301535, class=sun.misc.FloatingDecimal$ASCIIToBinaryBuffer@500024ac)
OBJ 500048f2 (sz=32, trace=301786, class=Point@5000255b)
OBJ 500048f3 (sz=32, trace=301787, class=Line@50006f05)
OBJ 500048f4 (sz=24, trace=301779, class=java.lang.String@5000016f)
ARR 500048f5 (sz=88, trace=300326, nelems=0, elem type=char[])
OBJ 500048f6 (sz=24, trace=301497, class=java.util.ArrayList@500000c5)
OBJ 500048f7 (sz=24, trace=301498, class=java.lang.String@5000016f)
ARR 500048f8 (sz=32, trace=301499, nelems=0, elem type=char[])
OBJ 500048f9 (sz=32, trace=301537, class=Point@5000255b)
ARR 500048fa (sz=56, trace=300281, nelems=0, elem type=java.lang.Object[]@5000010a)
OBJ 500048fb (sz=24, trace=301498, class=java.lang.String@5000016f)
ARR 500048fc (sz=32, trace=301499, nelems=0, elem type=char[])
OBJ 500048fd (sz=24, trace=301498, class=java.lang.String@5000016f)
ARR 500048fe (sz=32, trace=301499, nelems=0, elem type=char[])
OBJ 500048ff (sz=24, trace=301500, class=java.lang.String@5000016f)
ARR 50004900 (sz=32, trace=301501, nelems=0, elem type=char[])
ARR 50004901 (sz=32, trace=301780, nelems=0, elem type=java.lang.String[]@500000cf)
OBJ 50004902 (sz=40, trace=301504, class=java.util.ArrayList$SubList@5000248a)
OBJ 50004903 (sz=40, trace=301506, class=java.util.ArrayList$SubList$1@5000248d)
ARR 50004904 (sz=32, trace=301781, nelems=0, elem type=char[])
OBJ 50004905 (sz=32, trace=301535, class=sun.misc.FloatingDecimal$ASCIIToBinaryBuffer@500024ac)
ARR 50004906 (sz=32, trace=301782, nelems=0, elem type=char[])
OBJ 50004907 (sz=32, trace=301535, class=sun.misc.FloatingDecimal$ASCIIToBinaryBuffer@500024ac)
OBJ 50004908 (sz=32, trace=301783, class=Point@5000255b)
OBJ 50004909 (sz=32, trace=301537, class=Point@5000255b)
ARR 5000490a (sz=32, trace=301784, nelems=0, elem type=char[])
OBJ 5000490b (sz=32, trace=301535, class=sun.misc.FloatingDecimal$ASCIIToBinaryBuffer@500024ac)
ARR 5000490c (sz=32, trace=301785, nelems=0, elem type=char[])
OBJ 5000490d (sz=32, trace=301535, class=sun.misc.FloatingDecimal$ASCIIToBinaryBuffer@500024ac)
OBJ 5000490e (sz=32, trace=301786, class=Point@5000255b)
OBJ 5000490f (sz=32, trace=301787, class=Line@50006f05)
OBJ 50004910 (sz=24, trace=301779, class=java.lang.String@5000016f)
ARR 50004911 (sz=88, trace=300326, nelems=0, elem type=char[])
OBJ 50004912 (sz=24, trace=301497, class=java.util.ArrayList@500000c5)
OBJ 50004913 (sz=24, trace=301498, class=java.lang.String@5000016f)
ARR 50004914 (sz=32, trace=301499, nelems=0, elem type=char[])
ARR 50004915 (sz=56, trace=300281, nelems=0, elem type=java.lang.Object[]@5000010a)
OBJ 50004916 (sz=24, trace=301498, class=java.lang.String@5000016f)
ARR 50004917 (sz=32, trace=301499, nelems=0, elem type=char[])
OBJ 50004918 (sz=24, trace=301498, class=java.lang.String@5000016f)
OBJ 50004919 (sz=32, trace=301537, class=Point@5000255b)
ARR 5000491a (sz=32, trace=301499, nelems=0, elem type=char[])
OBJ 5000491b (sz=24, trace=301500, class=java.lang.String@5000016f)
ARR 5000491c (sz=32, trace=301501, nelems=0, elem type=char[])
ARR 5000491d (sz=32, trace=301780, nelems=0, elem type=java.lang.String[]@500000cf)
OBJ 5000491e (sz=40, trace=301504, class=java.util.ArrayList$SubList@5000248a)
OBJ 5000491f (sz=40, trace=301506, class=java.util.ArrayList$SubList$1@5000248d)
ARR 50004920 (sz=32, trace=301781, nelems=0, elem type=char[])
OBJ 50004921 (sz=32, trace=301535, class=sun.misc.FloatingDecimal$ASCIIToBinaryBuffer@500024ac)
ARR 50004922 (sz=32, trace=301782, nelems=0, elem type=char[])
OBJ 50004923 (sz=32, trace=301535, class=sun.misc.FloatingDecimal$ASCIIToBinaryBuffer@500024ac)
OBJ 50004924 (sz=32, trace=301783, class=Point@5000255b)
ARR 50004925 (sz=32, trace=301784, nelems=0, elem type=char[])
OBJ 50004926 (sz=32, trace=301535, class=sun.misc.FloatingDecimal$ASCIIToBinaryBuffer@500024ac)
ARR 50004927 (sz=32, trace=301785, nelems=0, elem type=char[])
OBJ 50004928 (sz=32, trace=301535, class=sun.misc.FloatingDecimal$ASCIIToBinaryBuffer@500024ac)
OBJ 50004929 (sz=32, trace=301537, class=Point@5000255b)
OBJ 5000492a (sz=32, trace=301786, class=Point@5000255b)
OBJ 5000492b (sz=32, trace=301787, class=Line@50006f05)
OBJ 5000492c (sz=24, trace=301779, class=java.lang.String@5000016f)
ARR 5000492d (sz=88, trace=300326, nelems=0, elem type=char[])
OBJ 5000492e (sz=24, trace=301497, class=java.util.ArrayList@500000c5)
OBJ 5000492f (sz=24, trace=301498, class=java.lang.String@5000016f)
ARR 50004930 (sz=32, trace=301499, nelems=0, elem type=char[])
ARR 50004931 (sz=56, trace=300281, nelems=0, elem type=java.lang.Object[]@5000010a)
OBJ 50004932 (sz=24, trace=301498, class=java.lang.String@5000016f)
ARR 50004933 (sz=32, trace=301499, nelems=0, elem type=char[])
OBJ 50004934 (sz=24, trace=301498, class=java.lang.String@5000016f)
ARR 50004935 (sz=32, trace=301499, nelems=0, elem type=char[])
OBJ 50004936 (sz=24, trace=301500, class=java.lang.String@5000016f)
ARR 50004937 (sz=32, trace=301501, nelems=0, elem type=char[])
ARR 50004938 (sz=32, trace=301780, nelems=0, elem type=java.lang.String[]@500000cf)
OBJ 50004939 (sz=32, trace=301537, class=Point@5000255b)
OBJ 5000493a (sz=40, trace=301504, class=java.util.ArrayList$SubList@5000248a)
OBJ 5000493b (sz=40, trace=301506, class=java.util.ArrayList$SubList$1@5000248d)
ARR 5000493c (sz=32, trace=301781, nelems=0, elem type=char[])
OBJ 5000493d (sz=32, trace=301535, class=sun.misc.FloatingDecimal$ASCIIToBinaryBuffer@500024ac)
ARR 5000493e (sz=32, trace=301782, nelems=0, elem type=char[])
OBJ 5000493f (sz=32, trace=301535, class=sun.misc.FloatingDecimal$ASCIIToBinaryBuffer@500024ac)
OBJ 50004940 (sz=32, trace=301783, class=Point@5000255b)
ARR 50004941 (sz=32, trace=301784, nelems=0, elem type=char[])
OBJ 50004942 (sz=32, trace=301535, class=sun.misc.FloatingDecimal$ASCIIToBinaryBuffer@500024ac)
ARR 50004943 (sz=32, trace=301785, nelems=0, elem type=char[])
OBJ 50004944 (sz=32, trace=301535, class=sun.misc.FloatingDecimal$ASCIIToBinaryBuffer@500024ac)
OBJ 50004945 (sz=32, trace=301786, class=Point@5000255b)
OBJ 50004946 (sz=32, trace=301787, class=Line@50006f05)
OBJ 50004947 (sz=24, trace=301779, class=java.lang.String@5000016f)
ARR 50004948 (sz=88, trace=300326, nelems=0, elem type=char[])
OBJ 50004949 (sz=32, trace=301537, class=Point@5000255b)
OBJ 5000494a (sz=24, trace=301497, class=java.util.ArrayList@500000c5)
OBJ 5000494b (sz=24, trace=301498, class=java.lang.String@5000016f)
ARR 5000494c (sz=32, trace=301499, nelems=0, elem type=char[])
ARR 5000494d (sz=56, trace=300281, nelems=0, elem type=java.lang.Object[]@5000010a)
OBJ 5000494e (sz=24, trace=301498, class=java.lang.String@5000016f)
ARR 5000494f (sz=32, trace=301499, nelems=0, elem type=char[])
OBJ 50004950 (sz=24, trace=301498, class=java.lang.String@5000016f)
ARR 50004951 (sz=32, trace=301499, nelems=0, elem type=char[])
OBJ 50004952 (sz=24, trace=301500, class=java.lang.String@5000016f)
ARR 50004953 (sz=32, trace=301501, nelems=0, elem type=char[])
ARR 50004954 (sz=32, trace=301780, nelems=0, elem type=java.lang.String[]@500000cf)
OBJ 50004955 (sz=40, trace=301504, class=java.util.ArrayList$SubList@5000248a)
OBJ 50004956 (sz=40, trace=301506, class=java.util.ArrayList$SubList$1@5000248d)
ARR 50004957 (sz=32, trace=301781, nelems=0, elem type=char[])
OBJ 50004958 (sz=32, trace=301535, class=sun.misc.FloatingDecimal$ASCIIToBinaryBuffer@500024ac)
OBJ 50004959 (sz=32, trace=301537, class=Point@5000255b)
ARR 5000495a (sz=32, trace=301782, nelems=0, elem type=char[])
OBJ 5000495b (sz=32, trace=301535, class=sun.misc.FloatingDecimal$ASCIIToBinaryBuffer@500024ac)
OBJ 5000495c (sz=32, trace=301783, class=Point@5000255b)
ARR 5000495d (sz=32, trace=301784, nelems=0, elem type=char[])
OBJ 5000495e (sz=32, trace=301535, class=sun.misc.FloatingDecimal$ASCIIToBinaryBuffer@500024ac)
ARR 5000495f (sz=32, trace=301785, nelems=0, elem type=char[])
OBJ 50004960 (sz=32, trace=301535, class=sun.misc.FloatingDecimal$ASCIIToBinaryBuffer@500024ac)
OBJ 50004961 (sz=32, trace=301786, class=Point@5000255b)
OBJ 50004962 (sz=32, trace=301787, class=Line@50006f05)
ARR 50004963 (sz=2216, trace=300281, nelems=0, elem type=java.lang.Object[]@5000010a)
OBJ 50004964 (sz=24, trace=301779, class=java.lang.String@5000016f)
ARR 50004965 (sz=80, trace=300326, nelems=0, elem type=char[])
OBJ 50004966 (sz=24, trace=301497, class=java.util.ArrayList@500000c5)
OBJ 50004967 (sz=24, trace=301498, class=java.lang.String@5000016f)
ARR 50004968 (sz=32, trace=301499, nelems=0, elem type=char[])
OBJ 50004969 (sz=32, trace=301537, class=Point@5000255b)
ARR 5000496a (sz=56, trace=300281, nelems=0, elem type=java.lang.Object[]@5000010a)
OBJ 5000496b (sz=24, trace=301498, class=java.lang.String@5000016f)
ARR 5000496c (sz=32, trace=301499, nelems=0, elem type=char[])
OBJ 5000496d (sz=24, trace=301498, class=java.lang.String@5000016f)
ARR 5000496e (sz=32, trace=301499, nelems=0, elem type=char[])
OBJ 5000496f (sz=24, trace=301500, class=java.lang.String@5000016f)
ARR 50004970 (sz=32, trace=301501, nelems=0, elem type=char[])
ARR 50004971 (sz=32, trace=301780, nelems=0, elem type=java.lang.String[]@500000cf)
OBJ 50004972 (sz=40, trace=301504, class=java.util.ArrayList$SubList@5000248a)
OBJ 50004973 (sz=40, trace=301506, class=java.util.ArrayList$SubList$1@5000248d)
ARR 50004974 (sz=32, trace=301781, nelems=0, elem type=char[])
OBJ 50004975 (sz=32, trace=301535, class=sun.misc.FloatingDecimal$ASCIIToBinaryBuffer@500024ac)
ARR 50004976 (sz=32, trace=301782, nelems=0, elem type=char[])
OBJ 50004977 (sz=32, trace=301535, class=sun.misc.FloatingDecimal$ASCIIToBinaryBuffer@500024ac)
OBJ 50004978 (sz=32, trace=301783, class=Point@5000255b)
OBJ 50004979 (sz=32, trace=301537, class=Point@5000255b)
ARR 5000497a (sz=32, trace=301784, nelems=0, elem type=char[])
OBJ 5000497b (sz=32, trace=301535, class=sun.misc.FloatingDecimal$ASCIIToBinaryBuffer@500024ac)
ARR 5000497c (sz=32, trace=301785, nelems=0, elem type=char[])
OBJ 5000497d (sz=32, trace=301535, class=sun.misc.FloatingDecimal$ASCIIToBinaryBuffer@500024ac)
OBJ 5000497e (sz=32, trace=301786, class=Point@5000255b)
OBJ 5000497f (sz=32, trace=301787, class=Line@50006f05)
OBJ 50004980 (sz=24, trace=301779, class=java.lang.String@5000016f)
ARR 50004981 (sz=80, trace=300326, nelems=0, elem type=char[])
OBJ 50004982 (sz=24, trace=301497, class=java.util.ArrayList@500000c5)
OBJ 50004983 (sz=24, trace=301498, class=java.lang.String@5000016f)
ARR 50004984 (sz=32, trace=301499, nelems=0, elem type=char[])
ARR 50004985 (sz=56, trace=300281, nelems=0, elem type=java.lang.Object[]@5000010a)
OBJ 50004986 (sz=24, trace=301498, class=java.lang.String@5000016f)
ARR 50004987 (sz=32, trace=301499, nelems=0, elem type=char[])
OBJ 50004988 (sz=24, trace=301498, class=java.lang.String@5000016f)
OBJ 50004989 (sz=32, trace=301537, class=Point@5000255b)
ARR 5000498a (sz=32, trace=301499, nelems=0, elem type=char[])
OBJ 5000498b (sz=24, trace=301500, class=java.lang.String@5000016f)
ARR 5000498c (sz=32, trace=301501, nelems=0, elem type=char[])
ARR 5000498d (sz=32, trace=301780, nelems=0, elem type=java.lang.String[]@500000cf)
OBJ 5000498e (sz=40, trace=301504, class=java.util.ArrayList$SubList@5000248a)
OBJ 5000498f (sz=40, trace=301506, class=java.util.ArrayList$SubList$1@5000248d)
ARR 50004990 (sz=32, trace=301781, nelems=0, elem type=char[])
OBJ 50004991 (sz=32, trace=301535, class=sun.misc.FloatingDecimal$ASCIIToBinaryBuffer@500024ac)
ARR 50004992 (sz=32, trace=301782, nelems=0, elem type=char[])
OBJ 50004993 (sz=32, trace=301535, class=sun.misc.FloatingDecimal$ASCIIToBinaryBuffer@500024ac)
OBJ 50004994 (sz=32, trace=301783, class=Point@5000255b)
ARR 50004995 (sz=32, trace=301784, nelems=0, elem type=char[])
OBJ 50004996 (sz=32, trace=301535, class=sun.misc.FloatingDecimal$ASCIIToBinaryBuffer@500024ac)
ARR 50004997 (sz=32, trace=301785, nelems=0, elem type=char[])
OBJ 50004998 (sz=32, trace=301535, class=sun.misc.FloatingDecimal$ASCIIToBinaryBuffer@500024ac)
OBJ 50004999 (sz=32, trace=301537, class=Point@5000255b)
OBJ 5000499a (sz=32, trace=301786, class=Point@5000255b)
OBJ 5000499b (sz=32, trace=301787, class=Line@50006f05)
OBJ 5000499c (sz=24, trace=301779, class=java.lang.String@5000016f)
ARR 5000499d (sz=80, trace=300326, nelems=0, elem type=char[])
OBJ 5000499e (sz=24, trace=301497, class=java.util.ArrayList@500000c5)
OBJ 5000499f (sz=24, trace=301498, class=java.lang.String@5000016f)
ARR 500049a0 (sz=32, trace=301499, nelems=0, elem type=char[])
ARR 500049a1 (sz=56, trace=300281, nelems=0, elem type=java.lang.Object[]@5000010a)
OBJ 500049a2 (sz=24, trace=301498, class=java.lang.String@5000016f)
ARR 500049a3 (sz=32, trace=301499, nelems=0, elem type=char[])
OBJ 500049a4 (sz=24, trace=301498, class=java.lang.String@5000016f)
ARR 500049a5 (sz=32, trace=301499, nelems=0, elem type=char[])
OBJ 500049a6 (sz=24, trace=301500, class=java.lang.String@5000016f)
ARR 500049a7 (sz=32, trace=301501, nelems=0, elem type=char[])
ARR 500049a8 (sz=32, trace=301780, nelems=0, elem type=java.lang.String[]@500000cf)
OBJ 500049a9 (sz=32, trace=301537, class=Point@5000255b)
OBJ 500049aa (sz=40, trace=301504, class=java.util.ArrayList$SubList@5000248a)
OBJ 500049ab (sz=40, trace=301506, class=java.util.ArrayList$SubList$1@5000248d)
ARR 500049ac (sz=32, trace=301781, nelems=0, elem type=char[])
OBJ 500049ad (sz=32, trace=301535, class=sun.misc.FloatingDecimal$ASCIIToBinaryBuffer@500024ac)
ARR 500049ae (sz=32, trace=301782, nelems=0, elem type=char[])
OBJ 500049af (sz=32, trace=301535, class=sun.misc.FloatingDecimal$ASCIIToBinaryBuffer@500024ac)
OBJ 500049b0 (sz=32, trace=301783, class=Point@5000255b)
ARR 500049b1 (sz=32, trace=301784, nelems=0, elem type=char[])
OBJ 500049b2 (sz=32, trace=301535, class=sun.misc.FloatingDecimal$ASCIIToBinaryBuffer@500024ac)
ARR 500049b3 (sz=32, trace=301785, nelems=0, elem type=char[])
OBJ 500049b4 (sz=32, trace=301535, class=sun.misc.FloatingDecimal$ASCIIToBinaryBuffer@500024ac)
OBJ 500049b5 (sz=32, trace=301786, class=Point@5000255b)
OBJ 500049b6 (sz=32, trace=301787, class=Line@50006f05)
OBJ 500049b7 (sz=24, trace=301779, class=java.lang.String@5000016f)
ARR 500049b8 (sz=80, trace=300326, nelems=0, elem type=char[])
OBJ 500049b9 (sz=32, trace=301537, class=Point@5000255b)
OBJ 500049ba (sz=24, trace=301497, class=java.util.ArrayList@500000c5)
OBJ 500049bb (sz=24, trace=301498, class=java.lang.String@5000016f)
ARR 500049bc (sz=32, trace=301499, nelems=0, elem type=char[])
ARR 500049bd (sz=56, trace=300281, nelems=0, elem type=java.lang.Object[]@5000010a)
OBJ 500049be (sz=24, trace=301498, class=java.lang.String@5000016f)
ARR 500049bf (sz=32, trace=301499, nelems=0, elem type=char[])
OBJ 500049c0 (sz=24, trace=301498, class=java.lang.String@5000016f)
ARR 500049c1 (sz=32, trace=301499, nelems=0, elem type=char[])
OBJ 500049c2 (sz=24, trace=301500, class=java.lang.String@5000016f)
ARR 500049c3 (sz=32, trace=301501, nelems=0, elem type=char[])
ARR 500049c4 (sz=32, trace=301780, nelems=0, elem type=java.lang.String[]@500000cf)
OBJ 500049c5 (sz=40, trace=301504, class=java.util.ArrayList$SubList@5000248a)
OBJ 500049c6 (sz=40, trace=301506, class=java.util.ArrayList$SubList$1@5000248d)
ARR 500049c7 (sz=32, trace=301781, nelems=0, elem type=char[])
OBJ 500049c8 (sz=32, trace=301535, class=sun.misc.FloatingDecimal$ASCIIToBinaryBuffer@500024ac)
OBJ 500049c9 (sz=32, trace=301537, class=Point@5000255b)
ARR 500049ca (sz=32, trace=301782, nelems=0, elem type=char[])
OBJ 500049cb (sz=32, trace=301535, class=sun.misc.FloatingDecimal$ASCIIToBinaryBuffer@500024ac)
OBJ 500049cc (sz=32, trace=301783, class=Point@5000255b)
ARR 500049cd (sz=32, trace=301784, nelems=0, elem type=char[])
OBJ 500049ce (sz=32, trace=301535, class=sun.misc.FloatingDecimal$ASCIIToBinaryBuffer@500024ac)
ARR 500049cf (sz=32, trace=301785, nelems=0, elem type=char[])
OBJ 500049d0 (sz=32, trace=301535, class=sun.misc.FloatingDecimal$ASCIIToBinaryBuffer@500024ac)
OBJ 500049d1 (sz=32, trace=301786, class=Point@5000255b)
OBJ 500049d2 (sz=32, trace=301787, class=Line@50006f05)
OBJ 500049d3 (sz=24, trace=301779, class=java.lang.String@5000016f)
ARR 500049d4 (sz=80, trace=300326, nelems=0, elem type=char[])
OBJ 500049d5 (sz=24, trace=301497, class=java.util.ArrayList@500000c5)
OBJ 500049d6 (sz=24, trace=301498, class=java.lang.String@5000016f)
ARR 500049d7 (sz=32, trace=301499, nelems=0, elem type=char[])
ARR 500049d8 (sz=56, trace=300281, nelems=0, elem type=java.lang.Object[]@5000010a)
OBJ 500049d9 (sz=32, trace=301537, class=Point@5000255b)
OBJ 500049da (sz=24, trace=301498, class=java.lang.String@5000016f)
ARR 500049db (sz=32, trace=301499, nelems=0, elem type=char[])
OBJ 500049dc (sz=24, trace=301498, class=java.lang.String@5000016f)
ARR 500049dd (sz=32, trace=301499, nelems=0, elem type=char[])
OBJ 500049de (sz=24, trace=301500, class=java.lang.String@5000016f)
ARR 500049df (sz=32, trace=301501, nelems=0, elem type=char[])
ARR 500049e0 (sz=32, trace=301780, nelems=0, elem type=java.lang.String[]@500000cf)
OBJ 500049e1 (sz=40, trace=301504, class=java.util.ArrayList$SubList@5000248a)
OBJ 500049e2 (sz=40, trace=301506, class=java.util.ArrayList$SubList$1@5000248d)
ARR 500049e3 (sz=32, trace=301781, nelems=0, elem type=char[])
OBJ 500049e4 (sz=32, trace=301535, class=sun.misc.FloatingDecimal$ASCIIToBinaryBuffer@500024ac)
ARR 500049e5 (sz=32, trace=301782, nelems=0, elem type=char[])
OBJ 500049e6 (sz=32, trace=301535, class=sun.misc.FloatingDecimal$ASCIIToBinaryBuffer@500024ac)
OBJ 500049e7 (sz=32, trace=301783, class=Point@5000255b)
ARR 500049e8 (sz=32, trace=301784, nelems=0, elem type=char[])
OBJ 500049e9 (sz=32, trace=301537, class=Point@5000255b)
OBJ 500049ea (sz=32, trace=301535, class=sun.misc.FloatingDecimal$ASCIIToBinaryBuffer@500024ac)
ARR 500049eb (sz=32, trace=301785, nelems=0, elem type=char[])
OBJ 500049ec (sz=32, trace=301535, class=sun.misc.FloatingDecimal$ASCIIToBinaryBuffer@500024ac)
OBJ 500049ed (sz=32, trace=301786, class=Point@5000255b)
OBJ 500049ee (sz=32, trace=301787, class=Line@50006f05)
OBJ 500049ef (sz=24, trace=301779, class=java.lang.String@5000016f)
ARR 500049f0 (sz=88, trace=300326, nelems=0, elem type=char[])
OBJ 500049f1 (sz=24, trace=301497, class=java.util.ArrayList@500000c5)
OBJ 500049f2 (sz=24, trace=301498, class=java.lang.String@5000016f)
ARR 500049f3 (sz=32, trace=301499, nelems=0, elem type=char[])
ARR 500049f4 (sz=56, trace=300281, nelems=0, elem type=java.lang.Object[]@5000010a)
OBJ 500049f5 (sz=24, trace=301498, class=java.lang.String@5000016f)
ARR 500049f6 (sz=32, trace=301499, nelems=0, elem type=char[])
OBJ 500049f7 (sz=24, trace=301498, class=java.lang.String@5000016f)
ARR 500049f8 (sz=32, trace=301499, nelems=0, elem type=char[])
OBJ 500049f9 (sz=32, trace=301537, class=Point@5000255b)
OBJ 500049fa (sz=24, trace=301500, class=java.lang.String@5000016f)
ARR 500049fb (sz=32, trace=301501, nelems=0, elem type=char[])
ARR 500049fc (sz=32, trace=301780, nelems=0, elem type=java.lang.String[]@500000cf)
OBJ 500049fd (sz=40, trace=301504, class=java.util.ArrayList$SubList@5000248a)
OBJ 500049fe (sz=40, trace=301506, class=java.util.ArrayList$SubList$1@5000248d)
ARR 500049ff (sz=32, trace=301781, nelems=0, elem type=char[])
OBJ 50004a00 (sz=32, trace=301535, class=sun.misc.FloatingDecimal$ASCIIToBinaryBuffer@500024ac)
ARR 50004a01 (sz=32, trace=301782, nelems=0, elem type=char[])
OBJ 50004a02 (sz=32, trace=301535, class=sun.misc.FloatingDecimal$ASCIIToBinaryBuffer@500024ac)
OBJ 50004a03 (sz=32, trace=301783, class=Point@5000255b)
ARR 50004a04 (sz=32, trace=301784, nelems=0, elem type=char[])
OBJ 50004a05 (sz=32, trace=301535, class=sun.misc.FloatingDecimal$ASCIIToBinaryBuffer@500024ac)
ARR 50004a06 (sz=32, trace=301785, nelems=0, elem type=char[])
OBJ 50004a07 (sz=32, trace=301535, class=sun.misc.FloatingDecimal$ASCIIToBinaryBuffer@500024ac)
OBJ 50004a08 (sz=32, trace=301786, class=Point@5000255b)
OBJ 50004a09 (sz=32, trace=301537, class=Point@5000255b)
OBJ 50004a0a (sz=32, trace=301787, class=Line@50006f05)
OBJ 50004a0b (sz=24, trace=301779, class=java.lang.String@5000016f)
ARR 50004a0c (sz=88, trace=300326, nelems=0, elem type=char[])
OBJ 50004a0d (sz=24, trace=301497, class=java.util.ArrayList@500000c5)
OBJ 50004a0e (sz=24, trace=301498, class=java.lang.String@5000016f)
ARR 50004a0f (sz=32, trace=301499, nelems=0, elem type=char[])
ARR 50004a10 (sz=56, trace=300281, nelems=0, elem type=java.lang.Object[]@5000010a)
OBJ 50004a11 (sz=24, trace=301498, class=java.lang.String@5000016f)
ARR 50004a12 (sz=32, trace=301499, nelems=0, elem type=char[])
OBJ 50004a13 (sz=24, trace=301498, class=java.lang.String@5000016f)
ARR 50004a14 (sz=32, trace=301499, nelems=0, elem type=char[])
OBJ 50004a15 (sz=24, trace=301500, class=java.lang.String@5000016f)
ARR 50004a16 (sz=32, trace=301501, nelems=0, elem type=char[])
ARR 50004a17 (sz=32, trace=301780, nelems=0, elem type=java.lang.String[]@500000cf)
OBJ 50004a18 (sz=40, trace=301504, class=java.util.ArrayList$SubList@5000248a)
OBJ 50004a19 (sz=32, trace=301537, class=Point@5000255b)
OBJ 50004a1a (sz=40, trace=301506, class=java.util.ArrayList$SubList$1@5000248d)
ARR 50004a1b (sz=32, trace=301781, nelems=0, elem type=char[])
OBJ 50004a1c (sz=32, trace=301535, class=sun.misc.FloatingDecimal$ASCIIToBinaryBuffer@500024ac)
ARR 50004a1d (sz=32, trace=301782, nelems=0, elem type=char[])
OBJ 50004a1e (sz=32, trace=301535, class=sun.misc.FloatingDecimal$ASCIIToBinaryBuffer@500024ac)
OBJ 50004a1f (sz=32, trace=301783, class=Point@5000255b)
ARR 50004a20 (sz=32, trace=301784, nelems=0, elem type=char[])
OBJ 50004a21 (sz=32, trace=301535, class=sun.misc.FloatingDecimal$ASCIIToBinaryBuffer@500024ac)
ARR 50004a22 (sz=32, trace=301785, nelems=0, elem type=char[])
OBJ 50004a23 (sz=32, trace=301535, class=sun.misc.FloatingDecimal$ASCIIToBinaryBuffer@500024ac)
OBJ 50004a24 (sz=32, trace=301786, class=Point@5000255b)
OBJ 50004a25 (sz=32, trace=301787, class=Line@50006f05)
OBJ 50004a26 (sz=24, trace=301779, class=java.lang.String@5000016f)
ARR 50004a27 (sz=88, trace=300326, nelems=0, elem type=char[])
OBJ 50004a28 (sz=24, trace=301497, class=java.util.ArrayList@500000c5)
OBJ 50004a29 (sz=32, trace=301537, class=Point@5000255b)
OBJ 50004a2a (sz=24, trace=301498, class=java.lang.String@5000016f)
ARR 50004a2b (sz=32, trace=301499, nelems=0, elem type=char[])
ARR 50004a2c (sz=56, trace=300281, nelems=0, elem type=java.lang.Object[]@5000010a)
OBJ 50004a2d (sz=24, trace=301498, class=java.lang.String@5000016f)
ARR 50004a2e (sz=32, trace=301499, nelems=0, elem type=char[])
OBJ 50004a2f (sz=24, trace=301498, class=java.lang.String@5000016f)
ARR 50004a30 (sz=32, trace=301499, nelems=0, elem type=char[])
OBJ 50004a31 (sz=24, trace=301500, class=java.lang.String@5000016f)
ARR 50004a32 (sz=32, trace=301501, nelems=0, elem type=char[])
ARR 50004a33 (sz=32, trace=301780, nelems=0, elem type=java.lang.String[]@500000cf)
OBJ 50004a34 (sz=40, trace=301504, class=java.util.ArrayList$SubList@5000248a)
OBJ 50004a35 (sz=40, trace=301506, class=java.util.ArrayList$SubList$1@5000248d)
ARR 50004a36 (sz=32, trace=301781, nelems=0, elem type=char[])
OBJ 50004a37 (sz=32, trace=301535, class=sun.misc.FloatingDecimal$ASCIIToBinaryBuffer@500024ac)
ARR 50004a38 (sz=32, trace=301782, nelems=0, elem type=char[])
OBJ 50004a39 (sz=32, trace=301537, class=Point@5000255b)
OBJ 50004a3a (sz=32, trace=301535, class=sun.misc.FloatingDecimal$ASCIIToBinaryBuffer@500024ac)
OBJ 50004a3b (sz=32, trace=301783, class=Point@5000255b)
ARR 50004a3c (sz=32, trace=301784, nelems=0, elem type=char[])
OBJ 50004a3d (sz=32, trace=301535, class=sun.misc.FloatingDecimal$ASCIIToBinaryBuffer@500024ac)
ARR 50004a3e (sz=32, trace=301785, nelems=0, elem type=char[])
OBJ 50004a3f (sz=32, trace=301535, class=sun.misc.FloatingDecimal$ASCIIToBinaryBuffer@500024ac)
OBJ 50004a40 (sz=32, trace=301786, class=Point@5000255b)
OBJ 50004a41 (sz=32, trace=301787, class=Line@50006f05)
OBJ 50004a42 (sz=24, trace=301779, class=java.lang.String@5000016f)
ARR 50004a43 (sz=88, trace=300326, nelems=0, elem type=char[])
OBJ 50004a44 (sz=24, trace=301497, class=java.util.ArrayList@500000c5)
OBJ 50004a45 (sz=24, trace=301498, class=java.lang.String@5000016f)
ARR 50004a46 (sz=32, trace=301499, nelems=0, elem type=char[])
ARR 50004a47 (sz=56, trace=300281, nelems=0, elem type=java.lang.Object[]@5000010a)
OBJ 50004a48 (sz=24, trace=301498, class=java.lang.String@5000016f)
OBJ 50004a49 (sz=32, trace=301537, class=Point@5000255b)
ARR 50004a4a (sz=32, trace=301499, nelems=0, elem type=char[])
OBJ 50004a4b (sz=24, trace=301498, class=java.lang.String@5000016f)
ARR 50004a4c (sz=32, trace=301499, nelems=0, elem type=char[])
OBJ 50004a4d (sz=24, trace=301500, class=java.lang.String@5000016f)
ARR 50004a4e (sz=32, trace=301501, nelems=0, elem type=char[])
ARR 50004a4f (sz=32, trace=301780, nelems=0, elem type=java.lang.String[]@500000cf)
OBJ 50004a50 (sz=40, trace=301504, class=java.util.ArrayList$SubList@5000248a)
OBJ 50004a51 (sz=40, trace=301506, class=java.util.ArrayList$SubList$1@5000248d)
ARR 50004a52 (sz=32, trace=301781, nelems=0, elem type=char[])
OBJ 50004a53 (sz=32, trace=301535, class=sun.misc.FloatingDecimal$ASCIIToBinaryBuffer@500024ac)
ARR 50004a54 (sz=32, trace=301782, nelems=0, elem type=char[])
OBJ 50004a55 (sz=32, trace=301535, class=sun.misc.FloatingDecimal$ASCIIToBinaryBuffer@500024ac)
OBJ 50004a56 (sz=32, trace=301783, class=Point@5000255b)
ARR 50004a57 (sz=32, trace=301784, nelems=0, elem type=char[])
OBJ 50004a58 (sz=32, trace=301535, class=sun.misc.FloatingDecimal$ASCIIToBinaryBuffer@500024ac)
OBJ 50004a59 (sz=32, trace=301537, class=Point@5000255b)
ARR 50004a5a (sz=32, trace=301785, nelems=0, elem type=char[])
OBJ 50004a5b (sz=32, trace=301535, class=sun.misc.FloatingDecimal$ASCIIToBinaryBuffer@500024ac)
OBJ 50004a5c (sz=32, trace=301786, class=Point@5000255b)
OBJ 50004a5d (sz=32, trace=301787, class=Line@50006f05)
OBJ 50004a5e (sz=24, trace=301779, class=java.lang.String@5000016f)
ARR 50004a5f (sz=88, trace=300326, nelems=0, elem type=char[])
OBJ 50004a60 (sz=24, trace=301497, class=java.util.ArrayList@500000c5)
OBJ 50004a61 (sz=24, trace=301498, class=java.lang.String@5000016f)
ARR 50004a62 (sz=32, trace=301499, nelems=0, elem type=char[])
ARR 50004a63 (sz=56, trace=300281, nelems=0, elem type=java.lang.Object[]@5000010a)
OBJ 50004a64 (sz=24, trace=301498, class=java.lang.String@5000016f)
ARR 50004a65 (sz=32, trace=301499, nelems=0, elem type=char[])
OBJ 50004a66 (sz=24, trace=301498, class=java.lang.String@5000016f)
ARR 50004a67 (sz=32, trace=301499, nelems=0, elem type=char[])
OBJ 50004a68 (sz=24, trace=301500, class=java.lang.String@5000016f)
OBJ 50004a69 (sz=32, trace=301537, class=Point@5000255b)
ARR 50004a6a (sz=32, trace=301501, nelems=0, elem type=char[])
ARR 50004a6b (sz=32, trace=301780, nelems=0, elem type=java.lang.String[]@500000cf)
OBJ 50004a6c (sz=40, trace=301504, class=java.util.ArrayList$SubList@5000248a)
OBJ 50004a6d (sz=40, trace=301506, class=java.util.ArrayList$SubList$1@5000248d)
ARR 50004a6e (sz=32, trace=301781, nelems=0, elem type=char[])
OBJ 50004a6f (sz=32, trace=301535, class=sun.misc.FloatingDecimal$ASCIIToBinaryBuffer@500024ac)
ARR 50004a70 (sz=32, trace=301782, nelems=0, elem type=char[])
OBJ 50004a71 (sz=32, trace=301535, class=sun.misc.FloatingDecimal$ASCIIToBinaryBuffer@500024ac)
OBJ 50004a72 (sz=32, trace=301783, class=Point@5000255b)
ARR 50004a73 (sz=32, trace=301784, nelems=0, elem type=char[])
OBJ 50004a74 (sz=32, trace=301535, class=sun.misc.FloatingDecimal$ASCIIToBinaryBuffer@500024ac)
ARR 50004a75 (sz=32, trace=301785, nelems=0, elem type=char[])
OBJ 50004a76 (sz=32, trace=301535, class=sun.misc.FloatingDecimal$ASCIIToBinaryBuffer@500024ac)
OBJ 50004a77 (sz=32, trace=301786, class=Point@5000255b)
OBJ 50004a78 (sz=32, trace=301787, class=Line@50006f05)
OBJ 50004a79 (sz=32, trace=301537, class=Point@5000255b)
OBJ 50004a7a (sz=24, trace=301779, class=java.lang.String@5000016f)
ARR 50004a7b (sz=88, trace=300326, nelems=0, elem type=char[])
OBJ 50004a7c (sz=24, trace=301497, class=java.util.ArrayList@500000c5)
OBJ 50004a7d (sz=24, trace=301498, class=java.lang.String@5000016f)
ARR 50004a7e (sz=32, trace=301499, nelems=0, elem type=char[])
ARR 50004a7f (sz=56, trace=300281, nelems=0, elem type=java.lang.Object[]@5000010a)
OBJ 50004a80 (sz=24, trace=301498, class=java.lang.String@5000016f)
ARR 50004a81 (sz=32, trace=301499, nelems=0, elem type=char[])
OBJ 50004a82 (sz=24, trace=301498, class=java.lang.String@5000016f)
ARR 50004a83 (sz=32, trace=301499, nelems=0, elem type=char[])
OBJ 50004a84 (sz=24, trace=301500, class=java.lang.String@5000016f)
ARR 50004a85 (sz=32, trace=301501, nelems=0, elem type=char[])
ARR 50004a86 (sz=32, trace=301780, nelems=0, elem type=java.lang.String[]@500000cf)
OBJ 50004a87 (sz=40, trace=301504, class=java.util.ArrayList$SubList@5000248a)
OBJ 50004a88 (sz=40, trace=301506, class=java.util.ArrayList$SubList$1@5000248d)
OBJ 50004a89 (sz=32, trace=301537, class=Point@5000255b)
ARR 50004a8a (sz=32, trace=301781, nelems=0, elem type=char[])
OBJ 50004a8b (sz=32, trace=301535, class=sun.misc.FloatingDecimal$ASCIIToBinaryBuffer@500024ac)
ARR 50004a8c (sz=32, trace=301782, nelems=0, elem type=char[])
OBJ 50004a8d (sz=32, trace=301535, class=sun.misc.FloatingDecimal$ASCIIToBinaryBuffer@500024ac)
OBJ 50004a8e (sz=32, trace=301783, class=Point@5000255b)
ARR 50004a8f (sz=32, trace=301784, nelems=0, elem type=char[])
OBJ 50004a90 (sz=32, trace=301535, class=sun.misc.FloatingDecimal$ASCIIToBinaryBuffer@500024ac)
ARR 50004a91 (sz=32, trace=301785, nelems=0, elem type=char[])
OBJ 50004a92 (sz=32, trace=301535, class=sun.misc.FloatingDecimal$ASCIIToBinaryBuffer@500024ac)
OBJ 50004a93 (sz=32, trace=301786, class=Point@5000255b)
OBJ 50004a94 (sz=32, trace=301787, class=Line@50006f05)
OBJ 50004a95 (sz=24, trace=301779, class=java.lang.String@5000016f)
ARR 50004a96 (sz=80, trace=300326, nelems=0, elem type=char[])
OBJ 50004a97 (sz=24, trace=301497, class=java.util.ArrayList@500000c5)
OBJ 50004a98 (sz=24, trace=301498, class=java.lang.String@5000016f)
OBJ 50004a99 (sz=32, trace=301537, class=Point@5000255b)
ARR 50004a9a (sz=32, trace=301499, nelems=0, elem type=char[])
ARR 50004a9b (sz=56, trace=300281, nelems=0, elem type=java.lang.Object[]@5000010a)
OBJ 50004a9c (sz=24, trace=301498, class=java.lang.String@5000016f)
ARR 50004a9d (sz=32, trace=301499, nelems=0, elem type=char[])
OBJ 50004a9e (sz=24, trace=301498, class=java.lang.String@5000016f)
ARR 50004a9f (sz=32, trace=301499, nelems=0, elem type=char[])
OBJ 50004aa0 (sz=24, trace=301500, class=java.lang.String@5000016f)
ARR 50004aa1 (sz=32, trace=301501, nelems=0, elem type=char[])
ARR 50004aa2 (sz=32, trace=301780, nelems=0, elem type=java.lang.String[]@500000cf)
OBJ 50004aa3 (sz=40, trace=301504, class=java.util.ArrayList$SubList@5000248a)
OBJ 50004aa4 (sz=40, trace=301506, class=java.util.ArrayList$SubList$1@5000248d)
ARR 50004aa5 (sz=32, trace=301781, nelems=0, elem type=char[])
OBJ 50004aa6 (sz=32, trace=301535, class=sun.misc.FloatingDecimal$ASCIIToBinaryBuffer@500024ac)
ARR 50004aa7 (sz=32, trace=301782, nelems=0, elem type=char[])
OBJ 50004aa8 (sz=32, trace=301535, class=sun.misc.FloatingDecimal$ASCIIToBinaryBuffer@500024ac)
OBJ 50004aa9 (sz=32, trace=301537, class=Point@5000255b)
OBJ 50004aaa (sz=32, trace=301783, class=Point@5000255b)
ARR 50004aab (sz=32, trace=301784, nelems=0, elem type=char[])
OBJ 50004aac (sz=32, trace=301535, class=sun.misc.FloatingDecimal$ASCIIToBinaryBuffer@500024ac)
ARR 50004aad (sz=32, trace=301785, nelems=0, elem type=char[])
OBJ 50004aae (sz=32, trace=301535, class=sun.misc.FloatingDecimal$ASCIIToBinaryBuffer@500024ac)
OBJ 50004aaf (sz=32, trace=301786, class=Point@5000255b)
OBJ 50004ab0 (sz=32, trace=301787, class=Line@50006f05)
OBJ 50004ab1 (sz=24, trace=301779, class=java.lang.String@5000016f)
ARR 50004ab2 (sz=88, trace=300326, nelems=0, elem type=char[])
OBJ 50004ab3 (sz=24, trace=301497, class=java.util.ArrayList@500000c5)
OBJ 50004ab4 (sz=24, trace=301498, class=java.lang.String@5000016f)
ARR 50004ab5 (sz=32, trace=301499, nelems=0, elem type=char[])
ARR 50004ab6 (sz=56, trace=300281, nelems=0, elem type=java.lang.Object[]@5000010a)
OBJ 50004ab7 (sz=24, trace=301498, class=java.lang.String@5000016f)
ARR 50004ab8 (sz=32, trace=301499, nelems=0, elem type=char[])
OBJ 50004ab9 (sz=32, trace=301537, class=Point@5000255b)
OBJ 50004aba (sz=24, trace=301498, class=java.lang.String@5000016f)
ARR 50004abb (sz=32, trace=301499, nelems=0, elem type=char[])
OBJ 50004abc (sz=24, trace=301500, class=java.lang.String@5000016f)
ARR 50004abd (sz=32, trace=301501, nelems=0, elem type=char[])
ARR 50004abe (sz=32, trace=301780, nelems=0, elem type=java.lang.String[]@500000cf)
OBJ 50004abf (sz=40, trace=301504, class=java.util.ArrayList$SubList@5000248a)
OBJ 50004ac0 (sz=40, trace=301506, class=java.util.ArrayList$SubList$1@5000248d)
ARR 50004ac1 (sz=32, trace=301781, nelems=0, elem type=char[])
OBJ 50004ac2 (sz=32, trace=301535, class=sun.misc.FloatingDecimal$ASCIIToBinaryBuffer@500024ac)
ARR 50004ac3 (sz=32, trace=301782, nelems=0, elem type=char[])
OBJ 50004ac4 (sz=32, trace=301535, class=sun.misc.FloatingDecimal$ASCIIToBinaryBuffer@500024ac)
OBJ 50004ac5 (sz=32, trace=301783, class=Point@5000255b)
ARR 50004ac6 (sz=32, trace=301784, nelems=0, elem type=char[])
OBJ 50004ac7 (sz=32, trace=301535, class=sun.misc.FloatingDecimal$ASCIIToBinaryBuffer@500024ac)
ARR 50004ac8 (sz=32, trace=301785, nelems=0, elem type=char[])
OBJ 50004ac9 (sz=32, trace=301537, class=Point@5000255b)
OBJ 50004aca (sz=32, trace=301535, class=sun.misc.FloatingDecimal$ASCIIToBinaryBuffer@500024ac)
OBJ 50004acb (sz=32, trace=301786, class=Point@5000255b)
OBJ 50004acc (sz=32, trace=301787, class=Line@50006f05)
OBJ 50004acd (sz=24, trace=301779, class=java.lang.String@5000016f)
ARR 50004ace (sz=88, trace=300326, nelems=0, elem type=char[])
OBJ 50004acf (sz=24, trace=301497, class=java.util.ArrayList@500000c5)
OBJ 50004ad0 (sz=24, trace=301498, class=java.lang.String@5000016f)
ARR 50004ad1 (sz=32, trace=301499, nelems=0, elem type=char[])
ARR 50004ad2 (sz=56, trace=300281, nelems=0, elem type=java.lang.Object[]@5000010a)
OBJ 50004ad3 (sz=24, trace=301498, class=java.lang.String@5000016f)
ARR 50004ad4 (sz=32, trace=301499, nelems=0, elem type=char[])
OBJ 50004ad5 (sz=24, trace=301498, class=java.lang.String@5000016f)
ARR 50004ad6 (sz=32, trace=301499, nelems=0, elem type=char[])
OBJ 50004ad7 (sz=24, trace=301500, class=java.lang.String@5000016f)
ARR 50004ad8 (sz=32, trace=301501, nelems=0, elem type=char[])
OBJ 50004ad9 (sz=32, trace=301537, class=Point@5000255b)
ARR 50004ada (sz=32, trace=301780, nelems=0, elem type=java.lang.String[]@500000cf)
OBJ 50004adb (sz=40, trace=301504, class=java.util.ArrayList$SubList@5000248a)
OBJ 50004adc (sz=40, trace=301506, class=java.util.ArrayList$SubList$1@5000248d)
ARR 50004add (sz=32, trace=301781, nelems=0, elem type=char[])
OBJ 50004ade (sz=32, trace=301535, class=sun.misc.FloatingDecimal$ASCIIToBinaryBuffer@500024ac)
ARR 50004adf (sz=32, trace=301782, nelems=0, elem type=char[])
OBJ 50004ae0 (sz=32, trace=301535, class=sun.misc.FloatingDecimal$ASCIIToBinaryBuffer@500024ac)
OBJ 50004ae1 (sz=32, trace=301783, class=Point@5000255b)
ARR 50004ae2 (sz=32, trace=301784, nelems=0, elem type=char[])
OBJ 50004ae3 (sz=32, trace=301535, class=sun.misc.FloatingDecimal$ASCIIToBinaryBuffer@500024ac)
ARR 50004ae4 (sz=32, trace=301785, nelems=0, elem type=char[])
OBJ 50004ae5 (sz=32, trace=301535, class=sun.misc.FloatingDecimal$ASCIIToBinaryBuffer@500024ac)
OBJ 50004ae6 (sz=32, trace=301786, class=Point@5000255b)
OBJ 50004ae7 (sz=32, trace=301787, class=Line@50006f05)
OBJ 50004ae8 (sz=24, trace=301779, class=java.lang.String@5000016f)
OBJ 50004ae9 (sz=32, trace=301537, class=Point@5000255b)
ARR 50004aea (sz=80, trace=300326, nelems=0, elem type=char[])
OBJ 50004aeb (sz=24, trace=301497, class=java.util.ArrayList@500000c5)
OBJ 50004aec (sz=24, trace=301498, class=java.lang.String@5000016f)
ARR 50004aed (sz=32, trace=301499, nelems=0, elem type=char[])
ARR 50004aee (sz=56, trace=300281, nelems=0, elem type=java.lang.Object[]@5000010a)
OBJ 50004aef (sz=24, trace=301498, class=java.lang.String@5000016f)
ARR 50004af0 (sz=32, trace=301499, nelems=0, elem type=char[])
OBJ 50004af1 (sz=24, trace=301498, class=java.lang.String@5000016f)
ARR 50004af2 (sz=32, trace=301499, nelems=0, elem type=char[])
OBJ 50004af3 (sz=24, trace=301500, class=java.lang.String@5000016f)
ARR 50004af4 (sz=32, trace=301501, nelems=0, elem type=char[])
ARR 50004af5 (sz=32, trace=301780, nelems=0, elem type=java.lang.String[]@500000cf)
OBJ 50004af6 (sz=40, trace=301504, class=java.util.ArrayList$SubList@5000248a)
OBJ 50004af7 (sz=40, trace=301506, class=java.util.ArrayList$SubList$1@5000248d)
ARR 50004af8 (sz=32, trace=301781, nelems=0, elem type=char[])
OBJ 50004af9 (sz=32, trace=301537, class=Point@5000255b)
OBJ 50004afa (sz=32, trace=301535, class=sun.misc.FloatingDecimal$ASCIIToBinaryBuffer@500024ac)
ARR 50004afb (sz=32, trace=301782, nelems=0, elem type=char[])
OBJ 50004afc (sz=32, trace=301535, class=sun.misc.FloatingDecimal$ASCIIToBinaryBuffer@500024ac)
OBJ 50004afd (sz=32, trace=301783, class=Point@5000255b)
ARR 50004afe (sz=32, trace=301784, nelems=0, elem type=char[])
OBJ 50004aff (sz=32, trace=301535, class=sun.misc.FloatingDecimal$ASCIIToBinaryBuffer@500024ac)
ARR 50004b00 (sz=32, trace=301785, nelems=0, elem type=char[])
OBJ 50004b01 (sz=32, trace=301535, class=sun.misc.FloatingDecimal$ASCIIToBinaryBuffer@500024ac)
OBJ 50004b02 (sz=32, trace=301786, class=Point@5000255b)
OBJ 50004b03 (sz=32, trace=301787, class=Line@50006f05)
OBJ 50004b04 (sz=24, trace=301779, class=java.lang.String@5000016f)
ARR 50004b05 (sz=88, trace=300326, nelems=0, elem type=char[])
OBJ 50004b06 (sz=24, trace=301497, class=java.util.ArrayList@500000c5)
OBJ 50004b07 (sz=24, trace=301498, class=java.lang.String@5000016f)
ARR 50004b08 (sz=32, trace=301499, nelems=0, elem type=char[])
OBJ 50004b09 (sz=32, trace=301537, class=Point@5000255b)
ARR 50004b0a (sz=56, trace=300281, nelems=0, elem type=java.lang.Object[]@5000010a)
OBJ 50004b0b (sz=24, trace=301498, class=java.lang.String@5000016f)
ARR 50004b0c (sz=32, trace=301499, nelems=0, elem type=char[])
OBJ 50004b0d (sz=24, trace=301498, class=java.lang.String@5000016f)
ARR 50004b0e (sz=32, trace=301499, nelems=0, elem type=char[])
OBJ 50004b0f (sz=24, trace=301500, class=java.lang.String@5000016f)
ARR 50004b10 (sz=32, trace=301501, nelems=0, elem type=char[])
ARR 50004b11 (sz=32, trace=301780, nelems=0, elem type=java.lang.String[]@500000cf)
OBJ 50004b12 (sz=40, trace=301504, class=java.util.ArrayList$SubList@5000248a)
OBJ 50004b13 (sz=40, trace=301506, class=java.util.ArrayList$SubList$1@5000248d)
ARR 50004b14 (sz=32, trace=301781, nelems=0, elem type=char[])
OBJ 50004b15 (sz=32, trace=301535, class=sun.misc.FloatingDecimal$ASCIIToBinaryBuffer@500024ac)
ARR 50004b16 (sz=32, trace=301782, nelems=0, elem type=char[])
OBJ 50004b17 (sz=32, trace=301535, class=sun.misc.FloatingDecimal$ASCIIToBinaryBuffer@500024ac)
OBJ 50004b18 (sz=32, trace=301783, class=Point@5000255b)
OBJ 50004b19 (sz=32, trace=301537, class=Point@5000255b)
ARR 50004b1a (sz=32, trace=301784, nelems=0, elem type=char[])
OBJ 50004b1b (sz=32, trace=301535, class=sun.misc.FloatingDecimal$ASCIIToBinaryBuffer@500024ac)
ARR 50004b1c (sz=32, trace=301785, nelems=0, elem type=char[])
OBJ 50004b1d (sz=32, trace=301535, class=sun.misc.FloatingDecimal$ASCIIToBinaryBuffer@500024ac)
OBJ 50004b1e (sz=32, trace=301786, class=Point@5000255b)
OBJ 50004b1f (sz=32, trace=301787, class=Line@50006f05)
OBJ 50004b20 (sz=24, trace=301779, class=java.lang.String@5000016f)
ARR 50004b21 (sz=88, trace=300326, nelems=0, elem type=char[])
OBJ 50004b22 (sz=24, trace=301497, class=java.util.ArrayList@500000c5)
OBJ 50004b23 (sz=24, trace=301498, class=java.lang.String@5000016f)
ARR 50004b24 (sz=32, trace=301499, nelems=0, elem type=char[])
ARR 50004b25 (sz=56, trace=300281, nelems=0, elem type=java.lang.Object[]@5000010a)
OBJ 50004b26 (sz=24, trace=301498, class=java.lang.String@5000016f)
ARR 50004b27 (sz=32, trace=301499, nelems=0, elem type=char[])
OBJ 50004b28 (sz=24, trace=301498, class=java.lang.String@5000016f)
OBJ 50004b29 (sz=32, trace=301537, class=Point@5000255b)
ARR 50004b2a (sz=32, trace=301499, nelems=0, elem type=char[])
OBJ 50004b2b (sz=24, trace=301500, class=java.lang.String@5000016f)
ARR 50004b2c (sz=32, trace=301501, nelems=0, elem type=char[])
ARR 50004b2d (sz=32, trace=301780, nelems=0, elem type=java.lang.String[]@500000cf)
OBJ 50004b2e (sz=40, trace=301504, class=java.util.ArrayList$SubList@5000248a)
OBJ 50004b2f (sz=40, trace=301506, class=java.util.ArrayList$SubList$1@5000248d)
ARR 50004b30 (sz=32, trace=301781, nelems=0, elem type=char[])
OBJ 50004b31 (sz=32, trace=301535, class=sun.misc.FloatingDecimal$ASCIIToBinaryBuffer@500024ac)
ARR 50004b32 (sz=32, trace=301782, nelems=0, elem type=char[])
OBJ 50004b33 (sz=32, trace=301535, class=sun.misc.FloatingDecimal$ASCIIToBinaryBuffer@500024ac)
OBJ 50004b34 (sz=32, trace=301783, class=Point@5000255b)
ARR 50004b35 (sz=32, trace=301784, nelems=0, elem type=char[])
OBJ 50004b36 (sz=32, trace=301535, class=sun.misc.FloatingDecimal$ASCIIToBinaryBuffer@500024ac)
ARR 50004b37 (sz=32, trace=301785, nelems=0, elem type=char[])
OBJ 50004b38 (sz=32, trace=301535, class=sun.misc.FloatingDecimal$ASCIIToBinaryBuffer@500024ac)
OBJ 50004b39 (sz=32, trace=301537, class=Point@5000255b)
OBJ 50004b3a (sz=32, trace=301786, class=Point@5000255b)
OBJ 50004b3b (sz=32, trace=301787, class=Line@50006f05)
OBJ 50004b3c (sz=24, trace=301779, class=java.lang.String@5000016f)
ARR 50004b3d (sz=88, trace=300326, nelems=0, elem type=char[])
OBJ 50004b3e (sz=24, trace=301497, class=java.util.ArrayList@500000c5)
OBJ 50004b3f (sz=24, trace=301498, class=java.lang.String@5000016f)
ARR 50004b40 (sz=32, trace=301499, nelems=0, elem type=char[])
ARR 50004b41 (sz=56, trace=300281, nelems=0, elem type=java.lang.Object[]@5000010a)
OBJ 50004b42 (sz=24, trace=301498, class=java.lang.String@5000016f)
ARR 50004b43 (sz=32, trace=301499, nelems=0, elem type=char[])
OBJ 50004b44 (sz=24, trace=301498, class=java.lang.String@5000016f)
ARR 50004b45 (sz=32, trace=301499, nelems=0, elem type=char[])
OBJ 50004b46 (sz=24, trace=301500, class=java.lang.String@5000016f)
ARR 50004b47 (sz=32, trace=301501, nelems=0, elem type=char[])
ARR 50004b48 (sz=32, trace=301780, nelems=0, elem type=java.lang.String[]@500000cf)
OBJ 50004b49 (sz=32, trace=301537, class=Point@5000255b)
OBJ 50004b4a (sz=40, trace=301504, class=java.util.ArrayList$SubList@5000248a)
OBJ 50004b4b (sz=40, trace=301506, class=java.util.ArrayList$SubList$1@5000248d)
ARR 50004b4c (sz=32, trace=301781, nelems=0, elem type=char[])
OBJ 50004b4d (sz=32, trace=301535, class=sun.misc.FloatingDecimal$ASCIIToBinaryBuffer@500024ac)
ARR 50004b4e (sz=32, trace=301782, nelems=0, elem type=char[])
OBJ 50004b4f (sz=32, trace=301535, class=sun.misc.FloatingDecimal$ASCIIToBinaryBuffer@500024ac)
OBJ 50004b50 (sz=32, trace=301783, class=Point@5000255b)
ARR 50004b51 (sz=32, trace=301784, nelems=0, elem type=char[])
OBJ 50004b52 (sz=32, trace=301535, class=sun.misc.FloatingDecimal$ASCIIToBinaryBuffer@500024ac)
ARR 50004b53 (sz=32, trace=301785, nelems=0, elem type=char[])
OBJ 50004b54 (sz=32, trace=301535, class=sun.misc.FloatingDecimal$ASCIIToBinaryBuffer@500024ac)
OBJ 50004b55 (sz=32, trace=301786, class=Point@5000255b)
OBJ 50004b56 (sz=32, trace=301787, class=Line@50006f05)
OBJ 50004b57 (sz=24, trace=301779, class=java.lang.String@5000016f)
ARR 50004b58 (sz=88, trace=300326, nelems=0, elem type=char[])
OBJ 50004b59 (sz=32, trace=301537, class=Point@5000255b)
OBJ 50004b5a (sz=24, trace=301497, class=java.util.ArrayList@500000c5)
OBJ 50004b5b (sz=24, trace=301498, class=java.lang.String@5000016f)
ARR 50004b5c (sz=32, trace=301499, nelems=0, elem type=char[])
ARR 50004b5d (sz=56, trace=300281, nelems=0, elem type=java.lang.Object[]@5000010a)
OBJ 50004b5e (sz=24, trace=301498, class=java.lang.String@5000016f)
ARR 50004b5f (sz=32, trace=301499, nelems=0, elem type=char[])
OBJ 50004b60 (sz=24, trace=301498, class=java.lang.String@5000016f)
ARR 50004b61 (sz=32, trace=301499, nelems=0, elem type=char[])
OBJ 50004b62 (sz=24, trace=301500, class=java.lang.String@5000016f)
ARR 50004b63 (sz=32, trace=301501, nelems=0, elem type=char[])
ARR 50004b64 (sz=32, trace=301780, nelems=0, elem type=java.lang.String[]@500000cf)
OBJ 50004b65 (sz=40, trace=301504, class=java.util.ArrayList$SubList@5000248a)
OBJ 50004b66 (sz=40, trace=301506, class=java.util.ArrayList$SubList$1@5000248d)
ARR 50004b67 (sz=32, trace=301781, nelems=0, elem type=char[])
OBJ 50004b68 (sz=32, trace=301535, class=sun.misc.FloatingDecimal$ASCIIToBinaryBuffer@500024ac)
OBJ 50004b69 (sz=32, trace=301537, class=Point@5000255b)
ARR 50004b6a (sz=32, trace=301782, nelems=0, elem type=char[])
OBJ 50004b6b (sz=32, trace=301535, class=sun.misc.FloatingDecimal$ASCIIToBinaryBuffer@500024ac)
OBJ 50004b6c (sz=32, trace=301783, class=Point@5000255b)
ARR 50004b6d (sz=32, trace=301784, nelems=0, elem type=char[])
OBJ 50004b6e (sz=32, trace=301535, class=sun.misc.FloatingDecimal$ASCIIToBinaryBuffer@500024ac)
ARR 50004b6f (sz=32, trace=301785, nelems=0, elem type=char[])
OBJ 50004b70 (sz=32, trace=301535, class=sun.misc.FloatingDecimal$ASCIIToBinaryBuffer@500024ac)
OBJ 50004b71 (sz=32, trace=301786, class=Point@5000255b)
OBJ 50004b72 (sz=32, trace=301787, class=Line@50006f05)
OBJ 50004b73 (sz=24, trace=301779, class=java.lang.String@5000016f)
ARR 50004b74 (sz=88, trace=300326, nelems=0, elem type=char[])
OBJ 50004b75 (sz=24, trace=301497, class=java.util.ArrayList@500000c5)
OBJ 50004b76 (sz=24, trace=301498, class=java.lang.String@5000016f)
ARR 50004b77 (sz=32, trace=301499, nelems=0, elem type=char[])
ARR 50004b78 (sz=56, trace=300281, nelems=0, elem type=java.lang.Object[]@5000010a)
OBJ 50004b79 (sz=32, trace=301537, class=Point@5000255b)
OBJ 50004b7a (sz=24, trace=301498, class=java.lang.String@5000016f)
ARR 50004b7b (sz=32, trace=301499, nelems=0, elem type=char[])
OBJ 50004b7c (sz=24, trace=301498, class=java.lang.String@5000016f)
ARR 50004b7d (sz=32, trace=301499, nelems=0, elem type=char[])
OBJ 50004b7e (sz=24, trace=301500, class=java.lang.String@5000016f)
ARR 50004b7f (sz=32, trace=301501, nelems=0, elem type=char[])
ARR 50004b80 (sz=32, trace=301780, nelems=0, elem type=java.lang.String[]@500000cf)
OBJ 50004b81 (sz=40, trace=301504, class=java.util.ArrayList$SubList@5000248a)
OBJ 50004b82 (sz=40, trace=301506, class=java.util.ArrayList$SubList$1@5000248d)
ARR 50004b83 (sz=32, trace=301781, nelems=0, elem type=char[])
OBJ 50004b84 (sz=32, trace=301535, class=sun.misc.FloatingDecimal$ASCIIToBinaryBuffer@500024ac)
ARR 50004b85 (sz=32, trace=301782, nelems=0, elem type=char[])
OBJ 50004b86 (sz=32, trace=301535, class=sun.misc.FloatingDecimal$ASCIIToBinaryBuffer@500024ac)
OBJ 50004b87 (sz=32, trace=301783, class=Point@5000255b)
ARR 50004b88 (sz=32, trace=301784, nelems=0, elem type=char[])
OBJ 50004b89 (sz=32, trace=301537, class=Point@5000255b)
OBJ 50004b8a (sz=32, trace=301535, class=sun.misc.FloatingDecimal$ASCIIToBinaryBuffer@500024ac)
ARR 50004b8b (sz=32, trace=301785, nelems=0, elem type=char[])
OBJ 50004b8c (sz=32, trace=301535, class=sun.misc.FloatingDecimal$ASCIIToBinaryBuffer@500024ac)
OBJ 50004b8d (sz=32, trace=301786, class=Point@5000255b)
OBJ 50004b8e (sz=32, trace=301787, class=Line@50006f05)
OBJ 50004b8f (sz=24, trace=301779, class=java.lang.String@5000016f)
ARR 50004b90 (sz=88, trace=300326, nelems=0, elem type=char[])
OBJ 50004b91 (sz=24, trace=301497, class=java.util.ArrayList@500000c5)
OBJ 50004b92 (sz=24, trace=301498, class=java.lang.String@5000016f)
ARR 50004b93 (sz=32, trace=301499, nelems=0, elem type=char[])
ARR 50004b94 (sz=56, trace=300281, nelems=0, elem type=java.lang.Object[]@5000010a)
OBJ 50004b95 (sz=24, trace=301498, class=java.lang.String@5000016f)
ARR 50004b96 (sz=32, trace=301499, nelems=0, elem type=char[])
OBJ 50004b97 (sz=24, trace=301498, class=java.lang.String@5000016f)
ARR 50004b98 (sz=32, trace=301499, nelems=0, elem type=char[])
OBJ 50004b99 (sz=32, trace=301537, class=Point@5000255b)
OBJ 50004b9a (sz=24, trace=301500, class=java.lang.String@5000016f)
ARR 50004b9b (sz=32, trace=301501, nelems=0, elem type=char[])
ARR 50004b9c (sz=32, trace=301780, nelems=0, elem type=java.lang.String[]@500000cf)
OBJ 50004b9d (sz=40, trace=301504, class=java.util.ArrayList$SubList@5000248a)
OBJ 50004b9e (sz=40, trace=301506, class=java.util.ArrayList$SubList$1@5000248d)
ARR 50004b9f (sz=32, trace=301781, nelems=0, elem type=char[])
OBJ 50004ba0 (sz=32, trace=301535, class=sun.misc.FloatingDecimal$ASCIIToBinaryBuffer@500024ac)
ARR 50004ba1 (sz=32, trace=301782, nelems=0, elem type=char[])
OBJ 50004ba2 (sz=32, trace=301535, class=sun.misc.FloatingDecimal$ASCIIToBinaryBuffer@500024ac)
OBJ 50004ba3 (sz=32, trace=301783, class=Point@5000255b)
ARR 50004ba4 (sz=32, trace=301784, nelems=0, elem type=char[])
OBJ 50004ba5 (sz=32, trace=301535, class=sun.misc.FloatingDecimal$ASCIIToBinaryBuffer@500024ac)
ARR 50004ba6 (sz=32, trace=301785, nelems=0, elem type=char[])
OBJ 50004ba7 (sz=32, trace=301535, class=sun.misc.FloatingDecimal$ASCIIToBinaryBuffer@500024ac)
OBJ 50004ba8 (sz=32, trace=301786, class=Point@5000255b)
OBJ 50004ba9 (sz=32, trace=301537, class=Point@5000255b)
OBJ 50004baa (sz=32, trace=301787, class=Line@50006f05)
OBJ 50004bab (sz=24, trace=301779, class=java.lang.String@5000016f)
ARR 50004bac (sz=88, trace=300326, nelems=0, elem type=char[])
OBJ 50004bad (sz=24, trace=301497, class=java.util.ArrayList@500000c5)
OBJ 50004bae (sz=24, trace=301498, class=java.lang.String@5000016f)
ARR 50004baf (sz=32, trace=301499, nelems=0, elem type=char[])
ARR 50004bb0 (sz=56, trace=300281, nelems=0, elem type=java.lang.Object[]@5000010a)
OBJ 50004bb1 (sz=24, trace=301498, class=java.lang.String@5000016f)
ARR 50004bb2 (sz=32, trace=301499, nelems=0, elem type=char[])
OBJ 50004bb3 (sz=24, trace=301498, class=java.lang.String@5000016f)
ARR 50004bb4 (sz=32, trace=301499, nelems=0, elem type=char[])
OBJ 50004bb5 (sz=24, trace=301500, class=java.lang.String@5000016f)
ARR 50004bb6 (sz=32, trace=301501, nelems=0, elem type=char[])
ARR 50004bb7 (sz=32, trace=301780, nelems=0, elem type=java.lang.String[]@500000cf)
OBJ 50004bb8 (sz=40, trace=301504, class=java.util.ArrayList$SubList@5000248a)
OBJ 50004bb9 (sz=32, trace=301537, class=Point@5000255b)
OBJ 50004bba (sz=40, trace=301506, class=java.util.ArrayList$SubList$1@5000248d)
ARR 50004bbb (sz=32, trace=301781, nelems=0, elem type=char[])
OBJ 50004bbc (sz=32, trace=301535, class=sun.misc.FloatingDecimal$ASCIIToBinaryBuffer@500024ac)
ARR 50004bbd (sz=32, trace=301782, nelems=0, elem type=char[])
OBJ 50004bbe (sz=32, trace=301535, class=sun.misc.FloatingDecimal$ASCIIToBinaryBuffer@500024ac)
OBJ 50004bbf (sz=32, trace=301783, class=Point@5000255b)
ARR 50004bc0 (sz=32, trace=301784, nelems=0, elem type=char[])
OBJ 50004bc1 (sz=32, trace=301535, class=sun.misc.FloatingDecimal$ASCIIToBinaryBuffer@500024ac)
ARR 50004bc2 (sz=32, trace=301785, nelems=0, elem type=char[])
OBJ 50004bc3 (sz=32, trace=301535, class=sun.misc.FloatingDecimal$ASCIIToBinaryBuffer@500024ac)
OBJ 50004bc4 (sz=32, trace=301786, class=Point@5000255b)
OBJ 50004bc5 (sz=32, trace=301787, class=Line@50006f05)
OBJ 50004bc6 (sz=24, trace=301779, class=java.lang.String@5000016f)
ARR 50004bc7 (sz=88, trace=300326, nelems=0, elem type=char[])
OBJ 50004bc8 (sz=24, trace=301497, class=java.util.ArrayList@500000c5)
OBJ 50004bc9 (sz=32, trace=301537, class=Point@5000255b)
OBJ 50004bca (sz=24, trace=301498, class=java.lang.String@5000016f)
ARR 50004bcb (sz=32, trace=301499, nelems=0, elem type=char[])
ARR 50004bcc (sz=56, trace=300281, nelems=0, elem type=java.lang.Object[]@5000010a)
OBJ 50004bcd (sz=24, trace=301498, class=java.lang.String@5000016f)
ARR 50004bce (sz=32, trace=301499, nelems=0, elem type=char[])
OBJ 50004bcf (sz=24, trace=301498, class=java.lang.String@5000016f)
ARR 50004bd0 (sz=32, trace=301499, nelems=0, elem type=char[])
OBJ 50004bd1 (sz=24, trace=301500, class=java.lang.String@5000016f)
ARR 50004bd2 (sz=32, trace=301501, nelems=0, elem type=char[])
ARR 50004bd3 (sz=32, trace=301780, nelems=0, elem type=java.lang.String[]@500000cf)
OBJ 50004bd4 (sz=40, trace=301504, class=java.util.ArrayList$SubList@5000248a)
OBJ 50004bd5 (sz=40, trace=301506, class=java.util.ArrayList$SubList$1@5000248d)
ARR 50004bd6 (sz=32, trace=301781, nelems=0, elem type=char[])
OBJ 50004bd7 (sz=32, trace=301535, class=sun.misc.FloatingDecimal$ASCIIToBinaryBuffer@500024ac)
ARR 50004bd8 (sz=32, trace=301782, nelems=0, elem type=char[])
OBJ 50004bd9 (sz=32, trace=301537, class=Point@5000255b)
OBJ 50004bda (sz=32, trace=301535, class=sun.misc.FloatingDecimal$ASCIIToBinaryBuffer@500024ac)
OBJ 50004bdb (sz=32, trace=301783, class=Point@5000255b)
ARR 50004bdc (sz=32, trace=301784, nelems=0, elem type=char[])
OBJ 50004bdd (sz=32, trace=301535, class=sun.misc.FloatingDecimal$ASCIIToBinaryBuffer@500024ac)
ARR 50004bde (sz=32, trace=301785, nelems=0, elem type=char[])
OBJ 50004bdf (sz=32, trace=301535, class=sun.misc.FloatingDecimal$ASCIIToBinaryBuffer@500024ac)
OBJ 50004be0 (sz=32, trace=301786, class=Point@5000255b)
OBJ 50004be1 (sz=32, trace=301787, class=Line@50006f05)
OBJ 50004be2 (sz=24, trace=301779, class=java.lang.String@5000016f)
ARR 50004be3 (sz=88, trace=300326, nelems=0, elem type=char[])
OBJ 50004be4 (sz=24, trace=301497, class=java.util.ArrayList@500000c5)
OBJ 50004be5 (sz=24, trace=301498, class=java.lang.String@5000016f)
ARR 50004be6 (sz=32, trace=301499, nelems=0, elem type=char[])
ARR 50004be7 (sz=56, trace=300281, nelems=0, elem type=java.lang.Object[]@5000010a)
OBJ 50004be8 (sz=24, trace=301498, class=java.lang.String@5000016f)
OBJ 50004be9 (sz=32, trace=301537, class=Point@5000255b)
ARR 50004bea (sz=32, trace=301499, nelems=0, elem type=char[])
OBJ 50004beb (sz=24, trace=301498, class=java.lang.String@5000016f)
ARR 50004bec (sz=32, trace=301499, nelems=0, elem type=char[])
OBJ 50004bed (sz=24, trace=301500, class=java.lang.String@5000016f)
ARR 50004bee (sz=32, trace=301501, nelems=0, elem type=char[])
ARR 50004bef (sz=32, trace=301780, nelems=0, elem type=java.lang.String[]@500000cf)
OBJ 50004bf0 (sz=40, trace=301504, class=java.util.ArrayList$SubList@5000248a)
OBJ 50004bf1 (sz=40, trace=301506, class=java.util.ArrayList$SubList$1@5000248d)
ARR 50004bf2 (sz=32, trace=301781, nelems=0, elem type=char[])
OBJ 50004bf3 (sz=32, trace=301535, class=sun.misc.FloatingDecimal$ASCIIToBinaryBuffer@500024ac)
ARR 50004bf4 (sz=32, trace=301782, nelems=0, elem type=char[])
OBJ 50004bf5 (sz=32, trace=301535, class=sun.misc.FloatingDecimal$ASCIIToBinaryBuffer@500024ac)
OBJ 50004bf6 (sz=32, trace=301783, class=Point@5000255b)
ARR 50004bf7 (sz=32, trace=301784, nelems=0, elem type=char[])
OBJ 50004bf8 (sz=32, trace=301535, class=sun.misc.FloatingDecimal$ASCIIToBinaryBuffer@500024ac)
OBJ 50004bf9 (sz=32, trace=301537, class=Point@5000255b)
ARR 50004bfa (sz=32, trace=301785, nelems=0, elem type=char[])
OBJ 50004bfb (sz=32, trace=301535, class=sun.misc.FloatingDecimal$ASCIIToBinaryBuffer@500024ac)
OBJ 50004bfc (sz=32, trace=301786, class=Point@5000255b)
OBJ 50004bfd (sz=32, trace=301787, class=Line@50006f05)
OBJ 50004bfe (sz=24, trace=301779, class=java.lang.String@5000016f)
ARR 50004bff (sz=80, trace=300326, nelems=0, elem type=char[])
OBJ 50004c00 (sz=24, trace=301497, class=java.util.ArrayList@500000c5)
OBJ 50004c01 (sz=24, trace=301498, class=java.lang.String@5000016f)
ARR 50004c02 (sz=32, trace=301499, nelems=0, elem type=char[])
ARR 50004c03 (sz=56, trace=300281, nelems=0, elem type=java.lang.Object[]@5000010a)
OBJ 50004c04 (sz=24, trace=301498, class=java.lang.String@5000016f)
ARR 50004c05 (sz=32, trace=301499, nelems=0, elem type=char[])
OBJ 50004c06 (sz=24, trace=301498, class=java.lang.String@5000016f)
ARR 50004c07 (sz=32, trace=301499, nelems=0, elem type=char[])
OBJ 50004c08 (sz=24, trace=301500, class=java.lang.String@5000016f)
OBJ 50004c09 (sz=32, trace=301537, class=Point@5000255b)
ARR 50004c0a (sz=32, trace=301501, nelems=0, elem type=char[])
ARR 50004c0b (sz=32, trace=301780, nelems=0, elem type=java.lang.String[]@500000cf)
OBJ 50004c0c (sz=40, trace=301504, class=java.util.ArrayList$SubList@5000248a)
OBJ 50004c0d (sz=40, trace=301506, class=java.util.ArrayList$SubList$1@5000248d)
ARR 50004c0e (sz=32, trace=301781, nelems=0, elem type=char[])
OBJ 50004c0f (sz=32, trace=301535, class=sun.misc.FloatingDecimal$ASCIIToBinaryBuffer@500024ac)
ARR 50004c10 (sz=32, trace=301782, nelems=0, elem type=char[])
OBJ 50004c11 (sz=32, trace=301535, class=sun.misc.FloatingDecimal$ASCIIToBinaryBuffer@500024ac)
OBJ 50004c12 (sz=32, trace=301783, class=Point@5000255b)
ARR 50004c13 (sz=32, trace=301784, nelems=0, elem type=char[])
OBJ 50004c14 (sz=32, trace=301535, class=sun.misc.FloatingDecimal$ASCIIToBinaryBuffer@500024ac)
ARR 50004c15 (sz=32, trace=301785, nelems=0, elem type=char[])
OBJ 50004c16 (sz=32, trace=301535, class=sun.misc.FloatingDecimal$ASCIIToBinaryBuffer@500024ac)
OBJ 50004c17 (sz=32, trace=301786, class=Point@5000255b)
OBJ 50004c18 (sz=32, trace=301787, class=Line@50006f05)
OBJ 50004c19 (sz=32, trace=301537, class=Point@5000255b)
OBJ 50004c1a (sz=24, trace=301779, class=java.lang.String@5000016f)
ARR 50004c1b (sz=80, trace=300326, nelems=0, elem type=char[])
OBJ 50004c1c (sz=24, trace=301497, class=java.util.ArrayList@500000c5)
OBJ 50004c1d (sz=24, trace=301498, class=java.lang.String@5000016f)
ARR 50004c1e (sz=32, trace=301499, nelems=0, elem type=char[])
ARR 50004c1f (sz=56, trace=300281, nelems=0, elem type=java.lang.Object[]@5000010a)
OBJ 50004c20 (sz=24, trace=301498, class=java.lang.String@5000016f)
ARR 50004c21 (sz=32, trace=301499, nelems=0, elem type=char[])
OBJ 50004c22 (sz=24, trace=301498, class=java.lang.String@5000016f)
ARR 50004c23 (sz=32, trace=301499, nelems=0, elem type=char[])
OBJ 50004c24 (sz=24, trace=301500, class=java.lang.String@5000016f)
ARR 50004c25 (sz=32, trace=301501, nelems=0, elem type=char[])
ARR 50004c26 (sz=32, trace=301780, nelems=0, elem type=java.lang.String[]@500000cf)
OBJ 50004c27 (sz=40, trace=301504, class=java.util.ArrayList$SubList@5000248a)
OBJ 50004c28 (sz=40, trace=301506, class=java.util.ArrayList$SubList$1@5000248d)
OBJ 50004c29 (sz=32, trace=301537, class=Point@5000255b)
ARR 50004c2a (sz=32, trace=301781, nelems=0, elem type=char[])
OBJ 50004c2b (sz=32, trace=301535, class=sun.misc.FloatingDecimal$ASCIIToBinaryBuffer@500024ac)
ARR 50004c2c (sz=32, trace=301782, nelems=0, elem type=char[])
OBJ 50004c2d (sz=32, trace=301535, class=sun.misc.FloatingDecimal$ASCIIToBinaryBuffer@500024ac)
OBJ 50004c2e (sz=32, trace=301783, class=Point@5000255b)
ARR 50004c2f (sz=32, trace=301784, nelems=0, elem type=char[])
OBJ 50004c30 (sz=32, trace=301535, class=sun.misc.FloatingDecimal$ASCIIToBinaryBuffer@500024ac)
ARR 50004c31 (sz=32, trace=301785, nelems=0, elem type=char[])
OBJ 50004c32 (sz=32, trace=301535, class=sun.misc.FloatingDecimal$ASCIIToBinaryBuffer@500024ac)
OBJ 50004c33 (sz=32, trace=301786, class=Point@5000255b)
OBJ 50004c34 (sz=32, trace=301787, class=Line@50006f05)
OBJ 50004c35 (sz=24, trace=301779, class=java.lang.String@5000016f)
ARR 50004c36 (sz=80, trace=300326, nelems=0, elem type=char[])
OBJ 50004c37 (sz=24, trace=301497, class=java.util.ArrayList@500000c5)
OBJ 50004c38 (sz=24, trace=301498, class=java.lang.String@5000016f)
OBJ 50004c39 (sz=32, trace=301537, class=Point@5000255b)
ARR 50004c3a (sz=32, trace=301499, nelems=0, elem type=char[])
ARR 50004c3b (sz=56, trace=300281, nelems=0, elem type=java.lang.Object[]@5000010a)
OBJ 50004c3c (sz=24, trace=301498, class=java.lang.String@5000016f)
ARR 50004c3d (sz=32, trace=301499, nelems=0, elem type=char[])
OBJ 50004c3e (sz=24, trace=301498, class=java.lang.String@5000016f)
ARR 50004c3f (sz=32, trace=301499, nelems=0, elem type=char[])
OBJ 50004c40 (sz=24, trace=301500, class=java.lang.String@5000016f)
ARR 50004c41 (sz=32, trace=301501, nelems=0, elem type=char[])
ARR 50004c42 (sz=32, trace=301780, nelems=0, elem type=java.lang.String[]@500000cf)
OBJ 50004c43 (sz=40, trace=301504, class=java.util.ArrayList$SubList@5000248a)
OBJ 50004c44 (sz=40, trace=301506, class=java.util.ArrayList$SubList$1@5000248d)
ARR 50004c45 (sz=32, trace=301781, nelems=0, elem type=char[])
OBJ 50004c46 (sz=32, trace=301535, class=sun.misc.FloatingDecimal$ASCIIToBinaryBuffer@500024ac)
ARR 50004c47 (sz=32, trace=301782, nelems=0, elem type=char[])
OBJ 50004c48 (sz=32, trace=301535, class=sun.misc.FloatingDecimal$ASCIIToBinaryBuffer@500024ac)
OBJ 50004c49 (sz=32, trace=301537, class=Point@5000255b)
OBJ 50004c4a (sz=32, trace=301783, class=Point@5000255b)
ARR 50004c4b (sz=32, trace=301784, nelems=0, elem type=char[])
OBJ 50004c4c (sz=32, trace=301535, class=sun.misc.FloatingDecimal$ASCIIToBinaryBuffer@500024ac)
ARR 50004c4d (sz=32, trace=301785, nelems=0, elem type=char[])
OBJ 50004c4e (sz=32, trace=301535, class=sun.misc.FloatingDecimal$ASCIIToBinaryBuffer@500024ac)
OBJ 50004c4f (sz=32, trace=301786, class=Point@5000255b)
OBJ 50004c50 (sz=32, trace=301787, class=Line@50006f05)
OBJ 50004c51 (sz=24, trace=301779, class=java.lang.String@5000016f)
ARR 50004c52 (sz=80, trace=300326, nelems=0, elem type=char[])
OBJ 50004c53 (sz=24, trace=301497, class=java.util.ArrayList@500000c5)
OBJ 50004c54 (sz=24, trace=301498, class=java.lang.String@5000016f)
ARR 50004c55 (sz=32, trace=301499, nelems=0, elem type=char[])
ARR 50004c56 (sz=56, trace=300281, nelems=0, elem type=java.lang.Object[]@5000010a)
OBJ 50004c57 (sz=24, trace=301498, class=java.lang.String@5000016f)
ARR 50004c58 (sz=32, trace=301499, nelems=0, elem type=char[])
OBJ 50004c59 (sz=32, trace=301537, class=Point@5000255b)
OBJ 50004c5a (sz=24, trace=301498, class=java.lang.String@5000016f)
ARR 50004c5b (sz=32, trace=301499, nelems=0, elem type=char[])
OBJ 50004c5c (sz=24, trace=301500, class=java.lang.String@5000016f)
ARR 50004c5d (sz=32, trace=301501, nelems=0, elem type=char[])
ARR 50004c5e (sz=32, trace=301780, nelems=0, elem type=java.lang.String[]@500000cf)
OBJ 50004c5f (sz=40, trace=301504, class=java.util.ArrayList$SubList@5000248a)
OBJ 50004c60 (sz=40, trace=301506, class=java.util.ArrayList$SubList$1@5000248d)
ARR 50004c61 (sz=32, trace=301781, nelems=0, elem type=char[])
OBJ 50004c62 (sz=32, trace=301535, class=sun.misc.FloatingDecimal$ASCIIToBinaryBuffer@500024ac)
ARR 50004c63 (sz=32, trace=301782, nelems=0, elem type=char[])
OBJ 50004c64 (sz=32, trace=301535, class=sun.misc.FloatingDecimal$ASCIIToBinaryBuffer@500024ac)
OBJ 50004c65 (sz=32, trace=301783, class=Point@5000255b)
ARR 50004c66 (sz=32, trace=301784, nelems=0, elem type=char[])
OBJ 50004c67 (sz=32, trace=301535, class=sun.misc.FloatingDecimal$ASCIIToBinaryBuffer@500024ac)
ARR 50004c68 (sz=32, trace=301785, nelems=0, elem type=char[])
OBJ 50004c69 (sz=32, trace=301537, class=Point@5000255b)
OBJ 50004c6a (sz=32, trace=301535, class=sun.misc.FloatingDecimal$ASCIIToBinaryBuffer@500024ac)
OBJ 50004c6b (sz=32, trace=301786, class=Point@5000255b)
OBJ 50004c6c (sz=32, trace=301787, class=Line@50006f05)
OBJ 50004c6d (sz=24, trace=301779, class=java.lang.String@5000016f)
ARR 50004c6e (sz=88, trace=300326, nelems=0, elem type=char[])
OBJ 50004c6f (sz=24, trace=301497, class=java.util.ArrayList@500000c5)
OBJ 50004c70 (sz=24, trace=301498, class=java.lang.String@5000016f)
ARR 50004c71 (sz=32, trace=301499, nelems=0, elem type=char[])
ARR 50004c72 (sz=56, trace=300281, nelems=0, elem type=java.lang.Object[]@5000010a)
OBJ 50004c73 (sz=24, trace=301498, class=java.lang.String@5000016f)
ARR 50004c74 (sz=32, trace=301499, nelems=0, elem type=char[])
OBJ 50004c75 (sz=24, trace=301498, class=java.lang.String@5000016f)
ARR 50004c76 (sz=32, trace=301499, nelems=0, elem type=char[])
OBJ 50004c77 (sz=24, trace=301500, class=java.lang.String@5000016f)
ARR 50004c78 (sz=32, trace=301501, nelems=0, elem type=char[])
OBJ 50004c79 (sz=32, trace=301537, class=Point@5000255b)
ARR 50004c7a (sz=32, trace=301780, nelems=0, elem type=java.lang.String[]@500000cf)
OBJ 50004c7b (sz=40, trace=301504, class=java.util.ArrayList$SubList@5000248a)
OBJ 50004c7c (sz=40, trace=301506, class=java.util.ArrayList$SubList$1@5000248d)
ARR 50004c7d (sz=32, trace=301781, nelems=0, elem type=char[])
OBJ 50004c7e (sz=32, trace=301535, class=sun.misc.FloatingDecimal$ASCIIToBinaryBuffer@500024ac)
ARR 50004c7f (sz=32, trace=301782, nelems=0, elem type=char[])
OBJ 50004c80 (sz=32, trace=301535, class=sun.misc.FloatingDecimal$ASCIIToBinaryBuffer@500024ac)
OBJ 50004c81 (sz=32, trace=301783, class=Point@5000255b)
ARR 50004c82 (sz=32, trace=301784, nelems=0, elem type=char[])
OBJ 50004c83 (sz=32, trace=301535, class=sun.misc.FloatingDecimal$ASCIIToBinaryBuffer@500024ac)
ARR 50004c84 (sz=32, trace=301785, nelems=0, elem type=char[])
OBJ 50004c85 (sz=32, trace=301535, class=sun.misc.FloatingDecimal$ASCIIToBinaryBuffer@500024ac)
OBJ 50004c86 (sz=32, trace=301786, class=Point@5000255b)
OBJ 50004c87 (sz=32, trace=301787, class=Line@50006f05)
OBJ 50004c88 (sz=24, trace=301779, class=java.lang.String@5000016f)
OBJ 50004c89 (sz=32, trace=301537, class=Point@5000255b)
ARR 50004c8a (sz=80, trace=300326, nelems=0, elem type=char[])
OBJ 50004c8b (sz=24, trace=301497, class=java.util.ArrayList@500000c5)
OBJ 50004c8c (sz=24, trace=301498, class=java.lang.String@5000016f)
ARR 50004c8d (sz=32, trace=301499, nelems=0, elem type=char[])
ARR 50004c8e (sz=56, trace=300281, nelems=0, elem type=java.lang.Object[]@5000010a)
OBJ 50004c8f (sz=24, trace=301498, class=java.lang.String@5000016f)
ARR 50004c90 (sz=32, trace=301499, nelems=0, elem type=char[])
OBJ 50004c91 (sz=24, trace=301498, class=java.lang.String@5000016f)
ARR 50004c92 (sz=32, trace=301499, nelems=0, elem type=char[])
OBJ 50004c93 (sz=24, trace=301500, class=java.lang.String@5000016f)
ARR 50004c94 (sz=32, trace=301501, nelems=0, elem type=char[])
ARR 50004c95 (sz=32, trace=301780, nelems=0, elem type=java.lang.String[]@500000cf)
OBJ 50004c96 (sz=40, trace=301504, class=java.util.ArrayList$SubList@5000248a)
OBJ 50004c97 (sz=40, trace=301506, class=java.util.ArrayList$SubList$1@5000248d)
ARR 50004c98 (sz=32, trace=301781, nelems=0, elem type=char[])
OBJ 50004c99 (sz=32, trace=301537, class=Point@5000255b)
OBJ 50004c9a (sz=32, trace=301535, class=sun.misc.FloatingDecimal$ASCIIToBinaryBuffer@500024ac)
ARR 50004c9b (sz=32, trace=301782, nelems=0, elem type=char[])
OBJ 50004c9c (sz=32, trace=301535, class=sun.misc.FloatingDecimal$ASCIIToBinaryBuffer@500024ac)
OBJ 50004c9d (sz=32, trace=301783, class=Point@5000255b)
ARR 50004c9e (sz=32, trace=301784, nelems=0, elem type=char[])
OBJ 50004c9f (sz=32, trace=301535, class=sun.misc.FloatingDecimal$ASCIIToBinaryBuffer@500024ac)
ARR 50004ca0 (sz=32, trace=301785, nelems=0, elem type=char[])
OBJ 50004ca1 (sz=32, trace=301535, class=sun.misc.FloatingDecimal$ASCIIToBinaryBuffer@500024ac)
OBJ 50004ca2 (sz=32, trace=301786, class=Point@5000255b)
OBJ 50004ca3 (sz=32, trace=301787, class=Line@50006f05)
OBJ 50004ca4 (sz=24, trace=301779, class=java.lang.String@5000016f)
ARR 50004ca5 (sz=88, trace=300326, nelems=0, elem type=char[])
OBJ 50004ca6 (sz=24, trace=301497, class=java.util.ArrayList@500000c5)
OBJ 50004ca7 (sz=24, trace=301498, class=java.lang.String@5000016f)
ARR 50004ca8 (sz=32, trace=301499, nelems=0, elem type=char[])
OBJ 50004ca9 (sz=32, trace=301537, class=Point@5000255b)
ARR 50004caa (sz=56, trace=300281, nelems=0, elem type=java.lang.Object[]@5000010a)
OBJ 50004cab (sz=24, trace=301498, class=java.lang.String@5000016f)
ARR 50004cac (sz=32, trace=301499, nelems=0, elem type=char[])
OBJ 50004cad (sz=24, trace=301498, class=java.lang.String@5000016f)
ARR 50004cae (sz=32, trace=301499, nelems=0, elem type=char[])
OBJ 50004caf (sz=24, trace=301500, class=java.lang.String@5000016f)
ARR 50004cb0 (sz=32, trace=301501, nelems=0, elem type=char[])
ARR 50004cb1 (sz=32, trace=301780, nelems=0, elem type=java.lang.String[]@500000cf)
OBJ 50004cb2 (sz=40, trace=301504, class=java.util.ArrayList$SubList@5000248a)
OBJ 50004cb3 (sz=40, trace=301506, class=java.util.ArrayList$SubList$1@5000248d)
ARR 50004cb4 (sz=32, trace=301781, nelems=0, elem type=char[])
OBJ 50004cb5 (sz=32, trace=301535, class=sun.misc.FloatingDecimal$ASCIIToBinaryBuffer@500024ac)
ARR 50004cb6 (sz=32, trace=301782, nelems=0, elem type=char[])
OBJ 50004cb7 (sz=32, trace=301535, class=sun.misc.FloatingDecimal$ASCIIToBinaryBuffer@500024ac)
OBJ 50004cb8 (sz=32, trace=301783, class=Point@5000255b)
OBJ 50004cb9 (sz=32, trace=301537, class=Point@5000255b)
ARR 50004cba (sz=32, trace=301784, nelems=0, elem type=char[])
OBJ 50004cbb (sz=32, trace=301535, class=sun.misc.FloatingDecimal$ASCIIToBinaryBuffer@500024ac)
ARR 50004cbc (sz=32, trace=301785, nelems=0, elem type=char[])
OBJ 50004cbd (sz=32, trace=301535, class=sun.misc.FloatingDecimal$ASCIIToBinaryBuffer@500024ac)
OBJ 50004cbe (sz=32, trace=301786, class=Point@5000255b)
OBJ 50004cbf (sz=32, trace=301787, class=Line@50006f05)
OBJ 50004cc0 (sz=24, trace=301779, class=java.lang.String@5000016f)
ARR 50004cc1 (sz=80, trace=300326, nelems=0, elem type=char[])
OBJ 50004cc2 (sz=24, trace=301497, class=java.util.ArrayList@500000c5)
OBJ 50004cc3 (sz=24, trace=301498, class=java.lang.String@5000016f)
ARR 50004cc4 (sz=32, trace=301499, nelems=0, elem type=char[])
ARR 50004cc5 (sz=56, trace=300281, nelems=0, elem type=java.lang.Object[]@5000010a)
OBJ 50004cc6 (sz=24, trace=301498, class=java.lang.String@5000016f)
ARR 50004cc7 (sz=32, trace=301499, nelems=0, elem type=char[])
OBJ 50004cc8 (sz=24, trace=301498, class=java.lang.String@5000016f)
OBJ 50004cc9 (sz=32, trace=301537, class=Point@5000255b)
ARR 50004cca (sz=32, trace=301499, nelems=0, elem type=char[])
OBJ 50004ccb (sz=24, trace=301500, class=java.lang.String@5000016f)
ARR 50004ccc (sz=32, trace=301501, nelems=0, elem type=char[])
ARR 50004ccd (sz=32, trace=301780, nelems=0, elem type=java.lang.String[]@500000cf)
OBJ 50004cce (sz=40, trace=301504, class=java.util.ArrayList$SubList@5000248a)
OBJ 50004ccf (sz=40, trace=301506, class=java.util.ArrayList$SubList$1@5000248d)
ARR 50004cd0 (sz=32, trace=301781, nelems=0, elem type=char[])
OBJ 50004cd1 (sz=32, trace=301535, class=sun.misc.FloatingDecimal$ASCIIToBinaryBuffer@500024ac)
ARR 50004cd2 (sz=32, trace=301782, nelems=0, elem type=char[])
OBJ 50004cd3 (sz=32, trace=301535, class=sun.misc.FloatingDecimal$ASCIIToBinaryBuffer@500024ac)
OBJ 50004cd4 (sz=32, trace=301783, class=Point@5000255b)
ARR 50004cd5 (sz=32, trace=301784, nelems=0, elem type=char[])
OBJ 50004cd6 (sz=32, trace=301535, class=sun.misc.FloatingDecimal$ASCIIToBinaryBuffer@500024ac)
ARR 50004cd7 (sz=32, trace=301785, nelems=0, elem type=char[])
OBJ 50004cd8 (sz=32, trace=301535, class=sun.misc.FloatingDecimal$ASCIIToBinaryBuffer@500024ac)
OBJ 50004cd9 (sz=32, trace=301537, class=Point@5000255b)
OBJ 50004cda (sz=32, trace=301786, class=Point@5000255b)
OBJ 50004cdb (sz=32, trace=301787, class=Line@50006f05)
OBJ 50004cdc (sz=24, trace=301779, class=java.lang.String@5000016f)
ARR 50004cdd (sz=80, trace=300326, nelems=0, elem type=char[])
OBJ 50004cde (sz=24, trace=301497, class=java.util.ArrayList@500000c5)
OBJ 50004cdf (sz=24, trace=301498, class=java.lang.String@5000016f)
ARR 50004ce0 (sz=32, trace=301499, nelems=0, elem type=char[])
ARR 50004ce1 (sz=56, trace=300281, nelems=0, elem type=java.lang.Object[]@5000010a)
OBJ 50004ce2 (sz=24, trace=301498, class=java.lang.String@5000016f)
ARR 50004ce3 (sz=32, trace=301499, nelems=0, elem type=char[])
OBJ 50004ce4 (sz=24, trace=301498, class=java.lang.String@5000016f)
ARR 50004ce5 (sz=32, trace=301499, nelems=0, elem type=char[])
OBJ 50004ce6 (sz=24, trace=301500, class=java.lang.String@5000016f)
ARR 50004ce7 (sz=32, trace=301501, nelems=0, elem type=char[])
ARR 50004ce8 (sz=32, trace=301780, nelems=0, elem type=java.lang.String[]@500000cf)
OBJ 50004ce9 (sz=32, trace=301537, class=Point@5000255b)
OBJ 50004cea (sz=40, trace=301504, class=java.util.ArrayList$SubList@5000248a)
OBJ 50004ceb (sz=40, trace=301506, class=java.util.ArrayList$SubList$1@5000248d)
ARR 50004cec (sz=32, trace=301781, nelems=0, elem type=char[])
OBJ 50004ced (sz=32, trace=301535, class=sun.misc.FloatingDecimal$ASCIIToBinaryBuffer@500024ac)
ARR 50004cee (sz=32, trace=301782, nelems=0, elem type=char[])
OBJ 50004cef (sz=32, trace=301535, class=sun.misc.FloatingDecimal$ASCIIToBinaryBuffer@500024ac)
OBJ 50004cf0 (sz=32, trace=301783, class=Point@5000255b)
ARR 50004cf1 (sz=32, trace=301784, nelems=0, elem type=char[])
OBJ 50004cf2 (sz=32, trace=301535, class=sun.misc.FloatingDecimal$ASCIIToBinaryBuffer@500024ac)
ARR 50004cf3 (sz=32, trace=301785, nelems=0, elem type=char[])
OBJ 50004cf4 (sz=32, trace=301535, class=sun.misc.FloatingDecimal$ASCIIToBinaryBuffer@500024ac)
OBJ 50004cf5 (sz=32, trace=301786, class=Point@5000255b)
OBJ 50004cf6 (sz=32, trace=301787, class=Line@50006f05)
OBJ 50004cf7 (sz=24, trace=301779, class=java.lang.String@5000016f)
ARR 50004cf8 (sz=88, trace=300326, nelems=0, elem type=char[])
OBJ 50004cf9 (sz=32, trace=301537, class=Point@5000255b)
OBJ 50004cfa (sz=24, trace=301497, class=java.util.ArrayList@500000c5)
OBJ 50004cfb (sz=24, trace=301498, class=java.lang.String@5000016f)
ARR 50004cfc (sz=32, trace=301499, nelems=0, elem type=char[])
ARR 50004cfd (sz=56, trace=300281, nelems=0, elem type=java.lang.Object[]@5000010a)
OBJ 50004cfe (sz=24, trace=301498, class=java.lang.String@5000016f)
ARR 50004cff (sz=32, trace=301499, nelems=0, elem type=char[])
OBJ 50004d00 (sz=24, trace=301498, class=java.lang.String@5000016f)
ARR 50004d01 (sz=32, trace=301499, nelems=0, elem type=char[])
OBJ 50004d02 (sz=24, trace=301500, class=java.lang.String@5000016f)
ARR 50004d03 (sz=32, trace=301501, nelems=0, elem type=char[])
ARR 50004d04 (sz=32, trace=301780, nelems=0, elem type=java.lang.String[]@500000cf)
OBJ 50004d05 (sz=40, trace=301504, class=java.util.ArrayList$SubList@5000248a)
OBJ 50004d06 (sz=40, trace=301506, class=java.util.ArrayList$SubList$1@5000248d)
ARR 50004d07 (sz=32, trace=301781, nelems=0, elem type=char[])
OBJ 50004d08 (sz=32, trace=301535, class=sun.misc.FloatingDecimal$ASCIIToBinaryBuffer@500024ac)
OBJ 50004d09 (sz=32, trace=301537, class=Point@5000255b)
ARR 50004d0a (sz=32, trace=301782, nelems=0, elem type=char[])
OBJ 50004d0b (sz=32, trace=301535, class=sun.misc.FloatingDecimal$ASCIIToBinaryBuffer@500024ac)
OBJ 50004d0c (sz=32, trace=301783, class=Point@5000255b)
ARR 50004d0d (sz=32, trace=301784, nelems=0, elem type=char[])
OBJ 50004d0e (sz=32, trace=301535, class=sun.misc.FloatingDecimal$ASCIIToBinaryBuffer@500024ac)
ARR 50004d0f (sz=32, trace=301785, nelems=0, elem type=char[])
OBJ 50004d10 (sz=32, trace=301535, class=sun.misc.FloatingDecimal$ASCIIToBinaryBuffer@500024ac)
OBJ 50004d11 (sz=32, trace=301786, class=Point@5000255b)
OBJ 50004d12 (sz=32, trace=301787, class=Line@50006f05)
OBJ 50004d13 (sz=24, trace=301779, class=java.lang.String@5000016f)
ARR 50004d14 (sz=88, trace=300326, nelems=0, elem type=char[])
OBJ 50004d15 (sz=24, trace=301497, class=java.util.ArrayList@500000c5)
OBJ 50004d16 (sz=24, trace=301498, class=java.lang.String@5000016f)
ARR 50004d17 (sz=32, trace=301499, nelems=0, elem type=char[])
ARR 50004d18 (sz=56, trace=300281, nelems=0, elem type=java.lang.Object[]@5000010a)
OBJ 50004d19 (sz=32, trace=301537, class=Point@5000255b)
OBJ 50004d1a (sz=24, trace=301498, class=java.lang.String@5000016f)
ARR 50004d1b (sz=32, trace=301499, nelems=0, elem type=char[])
OBJ 50004d1c (sz=24, trace=301498, class=java.lang.String@5000016f)
ARR 50004d1d (sz=32, trace=301499, nelems=0, elem type=char[])
OBJ 50004d1e (sz=24, trace=301500, class=java.lang.String@5000016f)
ARR 50004d1f (sz=32, trace=301501, nelems=0, elem type=char[])
ARR 50004d20 (sz=32, trace=301780, nelems=0, elem type=java.lang.String[]@500000cf)
OBJ 50004d21 (sz=40, trace=301504, class=java.util.ArrayList$SubList@5000248a)
OBJ 50004d22 (sz=40, trace=301506, class=java.util.ArrayList$SubList$1@5000248d)
ARR 50004d23 (sz=32, trace=301781, nelems=0, elem type=char[])
OBJ 50004d24 (sz=32, trace=301535, class=sun.misc.FloatingDecimal$ASCIIToBinaryBuffer@500024ac)
ARR 50004d25 (sz=32, trace=301782, nelems=0, elem type=char[])
OBJ 50004d26 (sz=32, trace=301535, class=sun.misc.FloatingDecimal$ASCIIToBinaryBuffer@500024ac)
OBJ 50004d27 (sz=32, trace=301783, class=Point@5000255b)
ARR 50004d28 (sz=32, trace=301784, nelems=0, elem type=char[])
OBJ 50004d29 (sz=32, trace=301537, class=Point@5000255b)
OBJ 50004d2a (sz=32, trace=301535, class=sun.misc.FloatingDecimal$ASCIIToBinaryBuffer@500024ac)
ARR 50004d2b (sz=32, trace=301785, nelems=0, elem type=char[])
OBJ 50004d2c (sz=32, trace=301535, class=sun.misc.FloatingDecimal$ASCIIToBinaryBuffer@500024ac)
OBJ 50004d2d (sz=32, trace=301786, class=Point@5000255b)
OBJ 50004d2e (sz=32, trace=301787, class=Line@50006f05)
OBJ 50004d2f (sz=24, trace=301779, class=java.lang.String@5000016f)
ARR 50004d30 (sz=80, trace=300326, nelems=0, elem type=char[])
OBJ 50004d31 (sz=24, trace=301497, class=java.util.ArrayList@500000c5)
OBJ 50004d32 (sz=24, trace=301498, class=java.lang.String@5000016f)
ARR 50004d33 (sz=32, trace=301499, nelems=0, elem type=char[])
ARR 50004d34 (sz=56, trace=300281, nelems=0, elem type=java.lang.Object[]@5000010a)
OBJ 50004d35 (sz=24, trace=301498, class=java.lang.String@5000016f)
ARR 50004d36 (sz=32, trace=301499, nelems=0, elem type=char[])
OBJ 50004d37 (sz=24, trace=301498, class=java.lang.String@5000016f)
ARR 50004d38 (sz=32, trace=301499, nelems=0, elem type=char[])
OBJ 50004d39 (sz=32, trace=301537, class=Point@5000255b)
OBJ 50004d3a (sz=24, trace=301500, class=java.lang.String@5000016f)
ARR 50004d3b (sz=32, trace=301501, nelems=0, elem type=char[])
ARR 50004d3c (sz=32, trace=301780, nelems=0, elem type=java.lang.String[]@500000cf)
OBJ 50004d3d (sz=40, trace=301504, class=java.util.ArrayList$SubList@5000248a)
OBJ 50004d3e (sz=40, trace=301506, class=java.util.ArrayList$SubList$1@5000248d)
ARR 50004d3f (sz=32, trace=301781, nelems=0, elem type=char[])
OBJ 50004d40 (sz=32, trace=301535, class=sun.misc.FloatingDecimal$ASCIIToBinaryBuffer@500024ac)
ARR 50004d41 (sz=32, trace=301782, nelems=0, elem type=char[])
OBJ 50004d42 (sz=32, trace=301535, class=sun.misc.FloatingDecimal$ASCIIToBinaryBuffer@500024ac)
OBJ 50004d43 (sz=32, trace=301783, class=Point@5000255b)
ARR 50004d44 (sz=32, trace=301784, nelems=0, elem type=char[])
OBJ 50004d45 (sz=32, trace=301535, class=sun.misc.FloatingDecimal$ASCIIToBinaryBuffer@500024ac)
ARR 50004d46 (sz=32, trace=301785, nelems=0, elem type=char[])
OBJ 50004d47 (sz=32, trace=301535, class=sun.misc.FloatingDecimal$ASCIIToBinaryBuffer@500024ac)
OBJ 50004d48 (sz=32, trace=301786, class=Point@5000255b)
OBJ 50004d49 (sz=32, trace=301537, class=Point@5000255b)
OBJ 50004d4a (sz=32, trace=301787, class=Line@50006f05)
OBJ 50004d4b (sz=24, trace=301779, class=java.lang.String@5000016f)
ARR 50004d4c (sz=88, trace=300326, nelems=0, elem type=char[])
OBJ 50004d4d (sz=24, trace=301497, class=java.util.ArrayList@500000c5)
OBJ 50004d4e (sz=24, trace=301498, class=java.lang.String@5000016f)
ARR 50004d4f (sz=32, trace=301499, nelems=0, elem type=char[])
ARR 50004d50 (sz=56, trace=300281, nelems=0, elem type=java.lang.Object[]@5000010a)
OBJ 50004d51 (sz=24, trace=301498, class=java.lang.String@5000016f)
ARR 50004d52 (sz=32, trace=301499, nelems=0, elem type=char[])
OBJ 50004d53 (sz=24, trace=301498, class=java.lang.String@5000016f)
ARR 50004d54 (sz=32, trace=301499, nelems=0, elem type=char[])
OBJ 50004d55 (sz=24, trace=301500, class=java.lang.String@5000016f)
ARR 50004d56 (sz=32, trace=301501, nelems=0, elem type=char[])
ARR 50004d57 (sz=32, trace=301780, nelems=0, elem type=java.lang.String[]@500000cf)
OBJ 50004d58 (sz=40, trace=301504, class=java.util.ArrayList$SubList@5000248a)
OBJ 50004d59 (sz=32, trace=301537, class=Point@5000255b)
OBJ 50004d5a (sz=40, trace=301506, class=java.util.ArrayList$SubList$1@5000248d)
ARR 50004d5b (sz=32, trace=301781, nelems=0, elem type=char[])
OBJ 50004d5c (sz=32, trace=301535, class=sun.misc.FloatingDecimal$ASCIIToBinaryBuffer@500024ac)
ARR 50004d5d (sz=32, trace=301782, nelems=0, elem type=char[])
OBJ 50004d5e (sz=32, trace=301535, class=sun.misc.FloatingDecimal$ASCIIToBinaryBuffer@500024ac)
OBJ 50004d5f (sz=32, trace=301783, class=Point@5000255b)
ARR 50004d60 (sz=32, trace=301784, nelems=0, elem type=char[])
OBJ 50004d61 (sz=32, trace=301535, class=sun.misc.FloatingDecimal$ASCIIToBinaryBuffer@500024ac)
ARR 50004d62 (sz=32, trace=301785, nelems=0, elem type=char[])
OBJ 50004d63 (sz=32, trace=301535, class=sun.misc.FloatingDecimal$ASCIIToBinaryBuffer@500024ac)
OBJ 50004d64 (sz=32, trace=301786, class=Point@5000255b)
OBJ 50004d65 (sz=32, trace=301787, class=Line@50006f05)
OBJ 50004d66 (sz=24, trace=301779, class=java.lang.String@5000016f)
ARR 50004d67 (sz=80, trace=300326, nelems=0, elem type=char[])
OBJ 50004d68 (sz=24, trace=301497, class=java.util.ArrayList@500000c5)
OBJ 50004d69 (sz=32, trace=301537, class=Point@5000255b)
OBJ 50004d6a (sz=24, trace=301498, class=java.lang.String@5000016f)
ARR 50004d6b (sz=32, trace=301499, nelems=0, elem type=char[])
ARR 50004d6c (sz=56, trace=300281, nelems=0, elem type=java.lang.Object[]@5000010a)
OBJ 50004d6d (sz=24, trace=301498, class=java.lang.String@5000016f)
ARR 50004d6e (sz=32, trace=301499, nelems=0, elem type=char[])
OBJ 50004d6f (sz=24, trace=301498, class=java.lang.String@5000016f)
ARR 50004d70 (sz=32, trace=301499, nelems=0, elem type=char[])
OBJ 50004d71 (sz=24, trace=301500, class=java.lang.String@5000016f)
ARR 50004d72 (sz=32, trace=301501, nelems=0, elem type=char[])
ARR 50004d73 (sz=32, trace=301780, nelems=0, elem type=java.lang.String[]@500000cf)
OBJ 50004d74 (sz=40, trace=301504, class=java.util.ArrayList$SubList@5000248a)
OBJ 50004d75 (sz=40, trace=301506, class=java.util.ArrayList$SubList$1@5000248d)
ARR 50004d76 (sz=32, trace=301781, nelems=0, elem type=char[])
OBJ 50004d77 (sz=32, trace=301535, class=sun.misc.FloatingDecimal$ASCIIToBinaryBuffer@500024ac)
ARR 50004d78 (sz=32, trace=301782, nelems=0, elem type=char[])
OBJ 50004d79 (sz=32, trace=301537, class=Point@5000255b)
OBJ 50004d7a (sz=32, trace=301535, class=sun.misc.FloatingDecimal$ASCIIToBinaryBuffer@500024ac)
OBJ 50004d7b (sz=32, trace=301783, class=Point@5000255b)
ARR 50004d7c (sz=32, trace=301784, nelems=0, elem type=char[])
OBJ 50004d7d (sz=32, trace=301535, class=sun.misc.FloatingDecimal$ASCIIToBinaryBuffer@500024ac)
ARR 50004d7e (sz=32, trace=301785, nelems=0, elem type=char[])
OBJ 50004d7f (sz=32, trace=301535, class=sun.misc.FloatingDecimal$ASCIIToBinaryBuffer@500024ac)
OBJ 50004d80 (sz=32, trace=301786, class=Point@5000255b)
OBJ 50004d81 (sz=32, trace=301787, class=Line@50006f05)
OBJ 50004d82 (sz=24, trace=301779, class=java.lang.String@5000016f)
ARR 50004d83 (sz=80, trace=300326, nelems=0, elem type=char[])
OBJ 50004d84 (sz=24, trace=301497, class=java.util.ArrayList@500000c5)
OBJ 50004d85 (sz=24, trace=301498, class=java.lang.String@5000016f)
ARR 50004d86 (sz=32, trace=301499, nelems=0, elem type=char[])
ARR 50004d87 (sz=56, trace=300281, nelems=0, elem type=java.lang.Object[]@5000010a)
OBJ 50004d88 (sz=24, trace=301498, class=java.lang.String@5000016f)
OBJ 50004d89 (sz=32, trace=301537, class=Point@5000255b)
ARR 50004d8a (sz=32, trace=301499, nelems=0, elem type=char[])
OBJ 50004d8b (sz=24, trace=301498, class=java.lang.String@5000016f)
ARR 50004d8c (sz=32, trace=301499, nelems=0, elem type=char[])
OBJ 50004d8d (sz=24, trace=301500, class=java.lang.String@5000016f)
ARR 50004d8e (sz=32, trace=301501, nelems=0, elem type=char[])
ARR 50004d8f (sz=32, trace=301780, nelems=0, elem type=java.lang.String[]@500000cf)
OBJ 50004d90 (sz=40, trace=301504, class=java.util.ArrayList$SubList@5000248a)
OBJ 50004d91 (sz=40, trace=301506, class=java.util.ArrayList$SubList$1@5000248d)
ARR 50004d92 (sz=32, trace=301781, nelems=0, elem type=char[])
OBJ 50004d93 (sz=32, trace=301535, class=sun.misc.FloatingDecimal$ASCIIToBinaryBuffer@500024ac)
ARR 50004d94 (sz=32, trace=301782, nelems=0, elem type=char[])
OBJ 50004d95 (sz=32, trace=301535, class=sun.misc.FloatingDecimal$ASCIIToBinaryBuffer@500024ac)
OBJ 50004d96 (sz=32, trace=301783, class=Point@5000255b)
ARR 50004d97 (sz=32, trace=301784, nelems=0, elem type=char[])
OBJ 50004d98 (sz=32, trace=301535, class=sun.misc.FloatingDecimal$ASCIIToBinaryBuffer@500024ac)
OBJ 50004d99 (sz=32, trace=301537, class=Point@5000255b)
ARR 50004d9a (sz=32, trace=301785, nelems=0, elem type=char[])
OBJ 50004d9b (sz=32, trace=301535, class=sun.misc.FloatingDecimal$ASCIIToBinaryBuffer@500024ac)
OBJ 50004d9c (sz=32, trace=301786, class=Point@5000255b)
OBJ 50004d9d (sz=32, trace=301787, class=Line@50006f05)
OBJ 50004d9e (sz=24, trace=301779, class=java.lang.String@5000016f)
ARR 50004d9f (sz=80, trace=300326, nelems=0, elem type=char[])
OBJ 50004da0 (sz=24, trace=301497, class=java.util.ArrayList@500000c5)
OBJ 50004da1 (sz=24, trace=301498, class=java.lang.String@5000016f)
ARR 50004da2 (sz=32, trace=301499, nelems=0, elem type=char[])
ARR 50004da3 (sz=56, trace=300281, nelems=0, elem type=java.lang.Object[]@5000010a)
OBJ 50004da4 (sz=24, trace=301498, class=java.lang.String@5000016f)
ARR 50004da5 (sz=32, trace=301499, nelems=0, elem type=char[])
OBJ 50004da6 (sz=24, trace=301498, class=java.lang.String@5000016f)
ARR 50004da7 (sz=32, trace=301499, nelems=0, elem type=char[])
OBJ 50004da8 (sz=24, trace=301500, class=java.lang.String@5000016f)
OBJ 50004da9 (sz=32, trace=301537, class=Point@5000255b)
ARR 50004daa (sz=32, trace=301501, nelems=0, elem type=char[])
ARR 50004dab (sz=32, trace=301780, nelems=0, elem type=java.lang.String[]@500000cf)
OBJ 50004dac (sz=40, trace=301504, class=java.util.ArrayList$SubList@5000248a)
OBJ 50004dad (sz=40, trace=301506, class=java.util.ArrayList$SubList$1@5000248d)
ARR 50004dae (sz=32, trace=301781, nelems=0, elem type=char[])
OBJ 50004daf (sz=32, trace=301535, class=sun.misc.FloatingDecimal$ASCIIToBinaryBuffer@500024ac)
ARR 50004db0 (sz=32, trace=301782, nelems=0, elem type=char[])
OBJ 50004db1 (sz=32, trace=301535, class=sun.misc.FloatingDecimal$ASCIIToBinaryBuffer@500024ac)
OBJ 50004db2 (sz=32, trace=301783, class=Point@5000255b)
ARR 50004db3 (sz=32, trace=301784, nelems=0, elem type=char[])
OBJ 50004db4 (sz=32, trace=301535, class=sun.misc.FloatingDecimal$ASCIIToBinaryBuffer@500024ac)
ARR 50004db5 (sz=32, trace=301785, nelems=0, elem type=char[])
OBJ 50004db6 (sz=32, trace=301535, class=sun.misc.FloatingDecimal$ASCIIToBinaryBuffer@500024ac)
OBJ 50004db7 (sz=32, trace=301786, class=Point@5000255b)
OBJ 50004db8 (sz=32, trace=301787, class=Line@50006f05)
OBJ 50004db9 (sz=32, trace=301537, class=Point@5000255b)
OBJ 50004dba (sz=24, trace=301779, class=java.lang.String@5000016f)
ARR 50004dbb (sz=88, trace=300326, nelems=0, elem type=char[])
OBJ 50004dbc (sz=24, trace=301497, class=java.util.ArrayList@500000c5)
OBJ 50004dbd (sz=24, trace=301498, class=java.lang.String@5000016f)
ARR 50004dbe (sz=32, trace=301499, nelems=0, elem type=char[])
ARR 50004dbf (sz=56, trace=300281, nelems=0, elem type=java.lang.Object[]@5000010a)
OBJ 50004dc0 (sz=24, trace=301498, class=java.lang.String@5000016f)
ARR 50004dc1 (sz=32, trace=301499, nelems=0, elem type=char[])
OBJ 50004dc2 (sz=24, trace=301498, class=java.lang.String@5000016f)
ARR 50004dc3 (sz=32, trace=301499, nelems=0, elem type=char[])
OBJ 50004dc4 (sz=24, trace=301500, class=java.lang.String@5000016f)
ARR 50004dc5 (sz=32, trace=301501, nelems=0, elem type=char[])
ARR 50004dc6 (sz=32, trace=301780, nelems=0, elem type=java.lang.String[]@500000cf)
OBJ 50004dc7 (sz=40, trace=301504, class=java.util.ArrayList$SubList@5000248a)
OBJ 50004dc8 (sz=40, trace=301506, class=java.util.ArrayList$SubList$1@5000248d)
OBJ 50004dc9 (sz=32, trace=301537, class=Point@5000255b)
ARR 50004dca (sz=32, trace=301781, nelems=0, elem type=char[])
OBJ 50004dcb (sz=32, trace=301535, class=sun.misc.FloatingDecimal$ASCIIToBinaryBuffer@500024ac)
ARR 50004dcc (sz=32, trace=301782, nelems=0, elem type=char[])
OBJ 50004dcd (sz=32, trace=301535, class=sun.misc.FloatingDecimal$ASCIIToBinaryBuffer@500024ac)
OBJ 50004dce (sz=32, trace=301783, class=Point@5000255b)
ARR 50004dcf (sz=32, trace=301784, nelems=0, elem type=char[])
OBJ 50004dd0 (sz=32, trace=301535, class=sun.misc.FloatingDecimal$ASCIIToBinaryBuffer@500024ac)
ARR 50004dd1 (sz=32, trace=301785, nelems=0, elem type=char[])
OBJ 50004dd2 (sz=32, trace=301535, class=sun.misc.FloatingDecimal$ASCIIToBinaryBuffer@500024ac)
OBJ 50004dd3 (sz=32, trace=301786, class=Point@5000255b)
OBJ 50004dd4 (sz=32, trace=301787, class=Line@50006f05)
OBJ 50004dd5 (sz=24, trace=301779, class=java.lang.String@5000016f)
ARR 50004dd6 (sz=88, trace=300326, nelems=0, elem type=char[])
OBJ 50004dd7 (sz=24, trace=301497, class=java.util.ArrayList@500000c5)
OBJ 50004dd8 (sz=24, trace=301498, class=java.lang.String@5000016f)
OBJ 50004dd9 (sz=32, trace=301537, class=Point@5000255b)
ARR 50004dda (sz=32, trace=301499, nelems=0, elem type=char[])
ARR 50004ddb (sz=56, trace=300281, nelems=0, elem type=java.lang.Object[]@5000010a)
OBJ 50004ddc (sz=24, trace=301498, class=java.lang.String@5000016f)
ARR 50004ddd (sz=32, trace=301499, nelems=0, elem type=char[])
OBJ 50004dde (sz=24, trace=301498, class=java.lang.String@5000016f)
ARR 50004ddf (sz=32, trace=301499, nelems=0, elem type=char[])
OBJ 50004de0 (sz=24, trace=301500, class=java.lang.String@5000016f)
ARR 50004de1 (sz=32, trace=301501, nelems=0, elem type=char[])
ARR 50004de2 (sz=32, trace=301780, nelems=0, elem type=java.lang.String[]@500000cf)
OBJ 50004de3 (sz=40, trace=301504, class=java.util.ArrayList$SubList@5000248a)
OBJ 50004de4 (sz=40, trace=301506, class=java.util.ArrayList$SubList$1@5000248d)
ARR 50004de5 (sz=32, trace=301781, nelems=0, elem type=char[])
OBJ 50004de6 (sz=32, trace=301535, class=sun.misc.FloatingDecimal$ASCIIToBinaryBuffer@500024ac)
ARR 50004de7 (sz=32, trace=301782, nelems=0, elem type=char[])
OBJ 50004de8 (sz=32, trace=301535, class=sun.misc.FloatingDecimal$ASCIIToBinaryBuffer@500024ac)
OBJ 50004de9 (sz=32, trace=301537, class=Point@5000255b)
OBJ 50004dea (sz=32, trace=301783, class=Point@5000255b)
ARR 50004deb (sz=32, trace=301784, nelems=0, elem type=char[])
OBJ 50004dec (sz=32, trace=301535, class=sun.misc.FloatingDecimal$ASCIIToBinaryBuffer@500024ac)
ARR 50004ded (sz=32, trace=301785, nelems=0, elem type=char[])
OBJ 50004dee (sz=32, trace=301535, class=sun.misc.FloatingDecimal$ASCIIToBinaryBuffer@500024ac)
OBJ 50004def (sz=32, trace=301786, class=Point@5000255b)
OBJ 50004df0 (sz=32, trace=301787, class=Line@50006f05)
OBJ 50004df1 (sz=24, trace=301779, class=java.lang.String@5000016f)
ARR 50004df2 (sz=88, trace=300326, nelems=0, elem type=char[])
OBJ 50004df3 (sz=24, trace=301497, class=java.util.ArrayList@500000c5)
OBJ 50004df4 (sz=24, trace=301498, class=java.lang.String@5000016f)
ARR 50004df5 (sz=32, trace=301499, nelems=0, elem type=char[])
ARR 50004df6 (sz=56, trace=300281, nelems=0, elem type=java.lang.Object[]@5000010a)
OBJ 50004df7 (sz=24, trace=301498, class=java.lang.String@5000016f)
ARR 50004df8 (sz=32, trace=301499, nelems=0, elem type=char[])
OBJ 50004df9 (sz=32, trace=301537, class=Point@5000255b)
OBJ 50004dfa (sz=24, trace=301498, class=java.lang.String@5000016f)
ARR 50004dfb (sz=32, trace=301499, nelems=0, elem type=char[])
OBJ 50004dfc (sz=24, trace=301500, class=java.lang.String@5000016f)
ARR 50004dfd (sz=32, trace=301501, nelems=0, elem type=char[])
ARR 50004dfe (sz=32, trace=301780, nelems=0, elem type=java.lang.String[]@500000cf)
OBJ 50004dff (sz=40, trace=301504, class=java.util.ArrayList$SubList@5000248a)
OBJ 50004e00 (sz=40, trace=301506, class=java.util.ArrayList$SubList$1@5000248d)
ARR 50004e01 (sz=32, trace=301781, nelems=0, elem type=char[])
OBJ 50004e02 (sz=32, trace=301535, class=sun.misc.FloatingDecimal$ASCIIToBinaryBuffer@500024ac)
ARR 50004e03 (sz=32, trace=301782, nelems=0, elem type=char[])
OBJ 50004e04 (sz=32, trace=301535, class=sun.misc.FloatingDecimal$ASCIIToBinaryBuffer@500024ac)
OBJ 50004e05 (sz=32, trace=301783, class=Point@5000255b)
ARR 50004e06 (sz=32, trace=301784, nelems=0, elem type=char[])
OBJ 50004e07 (sz=32, trace=301535, class=sun.misc.FloatingDecimal$ASCIIToBinaryBuffer@500024ac)
ARR 50004e08 (sz=32, trace=301785, nelems=0, elem type=char[])
OBJ 50004e09 (sz=32, trace=301537, class=Point@5000255b)
OBJ 50004e0a (sz=32, trace=301535, class=sun.misc.FloatingDecimal$ASCIIToBinaryBuffer@500024ac)
OBJ 50004e0b (sz=32, trace=301786, class=Point@5000255b)
OBJ 50004e0c (sz=32, trace=301787, class=Line@50006f05)
OBJ 50004e0d (sz=24, trace=301779, class=java.lang.String@5000016f)
ARR 50004e0e (sz=88, trace=300326, nelems=0, elem type=char[])
OBJ 50004e0f (sz=24, trace=301497, class=java.util.ArrayList@500000c5)
OBJ 50004e10 (sz=24, trace=301498, class=java.lang.String@5000016f)
ARR 50004e11 (sz=32, trace=301499, nelems=0, elem type=char[])
ARR 50004e12 (sz=56, trace=300281, nelems=0, elem type=java.lang.Object[]@5000010a)
OBJ 50004e13 (sz=24, trace=301498, class=java.lang.String@5000016f)
ARR 50004e14 (sz=32, trace=301499, nelems=0, elem type=char[])
OBJ 50004e15 (sz=24, trace=301498, class=java.lang.String@5000016f)
ARR 50004e16 (sz=32, trace=301499, nelems=0, elem type=char[])
OBJ 50004e17 (sz=24, trace=301500, class=java.lang.String@5000016f)
ARR 50004e18 (sz=32, trace=301501, nelems=0, elem type=char[])
OBJ 50004e19 (sz=32, trace=301537, class=Point@5000255b)
ARR 50004e1a (sz=32, trace=301780, nelems=0, elem type=java.lang.String[]@500000cf)
OBJ 50004e1b (sz=40, trace=301504, class=java.util.ArrayList$SubList@5000248a)
OBJ 50004e1c (sz=40, trace=301506, class=java.util.ArrayList$SubList$1@5000248d)
ARR 50004e1d (sz=32, trace=301781, nelems=0, elem type=char[])
OBJ 50004e1e (sz=32, trace=301535, class=sun.misc.FloatingDecimal$ASCIIToBinaryBuffer@500024ac)
ARR 50004e1f (sz=32, trace=301782, nelems=0, elem type=char[])
OBJ 50004e20 (sz=32, trace=301535, class=sun.misc.FloatingDecimal$ASCIIToBinaryBuffer@500024ac)
OBJ 50004e21 (sz=32, trace=301783, class=Point@5000255b)
ARR 50004e22 (sz=32, trace=301784, nelems=0, elem type=char[])
OBJ 50004e23 (sz=32, trace=301535, class=sun.misc.FloatingDecimal$ASCIIToBinaryBuffer@500024ac)
ARR 50004e24 (sz=32, trace=301785, nelems=0, elem type=char[])
OBJ 50004e25 (sz=32, trace=301535, class=sun.misc.FloatingDecimal$ASCIIToBinaryBuffer@500024ac)
OBJ 50004e26 (sz=32, trace=301786, class=Point@5000255b)
OBJ 50004e27 (sz=32, trace=301787, class=Line@50006f05)
OBJ 50004e28 (sz=24, trace=301779, class=java.lang.String@5000016f)
OBJ 50004e29 (sz=32, trace=301537, class=Point@5000255b)
ARR 50004e2a (sz=88, trace=300326, nelems=0, elem type=char[])
OBJ 50004e2b (sz=24, trace=301497, class=java.util.ArrayList@500000c5)
OBJ 50004e2c (sz=24, trace=301498, class=java.lang.String@5000016f)
ARR 50004e2d (sz=32, trace=301499, nelems=0, elem type=char[])
ARR 50004e2e (sz=56, trace=300281, nelems=0, elem type=java.lang.Object[]@5000010a)
OBJ 50004e2f (sz=24, trace=301498, class=java.lang.String@5000016f)
ARR 50004e30 (sz=32, trace=301499, nelems=0, elem type=char[])
OBJ 50004e31 (sz=24, trace=301498, class=java.lang.String@5000016f)
ARR 50004e32 (sz=32, trace=301499, nelems=0, elem type=char[])
OBJ 50004e33 (sz=24, trace=301500, class=java.lang.String@5000016f)
ARR 50004e34 (sz=32, trace=301501, nelems=0, elem type=char[])
ARR 50004e35 (sz=32, trace=301780, nelems=0, elem type=java.lang.String[]@500000cf)
OBJ 50004e36 (sz=40, trace=301504, class=java.util.ArrayList$SubList@5000248a)
OBJ 50004e37 (sz=40, trace=301506, class=java.util.ArrayList$SubList$1@5000248d)
ARR 50004e38 (sz=32, trace=301781, nelems=0, elem type=char[])
OBJ 50004e39 (sz=32, trace=301537, class=Point@5000255b)
OBJ 50004e3a (sz=32, trace=301535, class=sun.misc.FloatingDecimal$ASCIIToBinaryBuffer@500024ac)
ARR 50004e3b (sz=32, trace=301782, nelems=0, elem type=char[])
OBJ 50004e3c (sz=32, trace=301535, class=sun.misc.FloatingDecimal$ASCIIToBinaryBuffer@500024ac)
OBJ 50004e3d (sz=32, trace=301783, class=Point@5000255b)
ARR 50004e3e (sz=32, trace=301784, nelems=0, elem type=char[])
OBJ 50004e3f (sz=32, trace=301535, class=sun.misc.FloatingDecimal$ASCIIToBinaryBuffer@500024ac)
ARR 50004e40 (sz=32, trace=301785, nelems=0, elem type=char[])
OBJ 50004e41 (sz=32, trace=301535, class=sun.misc.FloatingDecimal$ASCIIToBinaryBuffer@500024ac)
OBJ 50004e42 (sz=32, trace=301786, class=Point@5000255b)
OBJ 50004e43 (sz=32, trace=301787, class=Line@50006f05)
OBJ 50004e44 (sz=24, trace=301779, class=java.lang.String@5000016f)
ARR 50004e45 (sz=88, trace=300326, nelems=0, elem type=char[])
OBJ 50004e46 (sz=24, trace=301497, class=java.util.ArrayList@500000c5)
OBJ 50004e47 (sz=24, trace=301498, class=java.lang.String@5000016f)
ARR 50004e48 (sz=32, trace=301499, nelems=0, elem type=char[])
OBJ 50004e49 (sz=32, trace=301537, class=Point@5000255b)
ARR 50004e4a (sz=56, trace=300281, nelems=0, elem type=java.lang.Object[]@5000010a)
OBJ 50004e4b (sz=24, trace=301498, class=java.lang.String@5000016f)
ARR 50004e4c (sz=32, trace=301499, nelems=0, elem type=char[])
OBJ 50004e4d (sz=24, trace=301498, class=java.lang.String@5000016f)
ARR 50004e4e (sz=32, trace=301499, nelems=0, elem type=char[])
OBJ 50004e4f (sz=24, trace=301500, class=java.lang.String@5000016f)
ARR 50004e50 (sz=32, trace=301501, nelems=0, elem type=char[])
ARR 50004e51 (sz=32, trace=301780, nelems=0, elem type=java.lang.String[]@500000cf)
OBJ 50004e52 (sz=40, trace=301504, class=java.util.ArrayList$SubList@5000248a)
OBJ 50004e53 (sz=40, trace=301506, class=java.util.ArrayList$SubList$1@5000248d)
ARR 50004e54 (sz=32, trace=301781, nelems=0, elem type=char[])
OBJ 50004e55 (sz=32, trace=301535, class=sun.misc.FloatingDecimal$ASCIIToBinaryBuffer@500024ac)
ARR 50004e56 (sz=32, trace=301782, nelems=0, elem type=char[])
OBJ 50004e57 (sz=32, trace=301535, class=sun.misc.FloatingDecimal$ASCIIToBinaryBuffer@500024ac)
OBJ 50004e58 (sz=32, trace=301783, class=Point@5000255b)
OBJ 50004e59 (sz=32, trace=301537, class=Point@5000255b)
ARR 50004e5a (sz=32, trace=301784, nelems=0, elem type=char[])
OBJ 50004e5b (sz=32, trace=301535, class=sun.misc.FloatingDecimal$ASCIIToBinaryBuffer@500024ac)
ARR 50004e5c (sz=32, trace=301785, nelems=0, elem type=char[])
OBJ 50004e5d (sz=32, trace=301535, class=sun.misc.FloatingDecimal$ASCIIToBinaryBuffer@500024ac)
OBJ 50004e5e (sz=32, trace=301786, class=Point@5000255b)
OBJ 50004e5f (sz=32, trace=301787, class=Line@50006f05)
OBJ 50004e60 (sz=24, trace=301779, class=java.lang.String@5000016f)
ARR 50004e61 (sz=88, trace=300326, nelems=0, elem type=char[])
OBJ 50004e62 (sz=24, trace=301497, class=java.util.ArrayList@500000c5)
OBJ 50004e63 (sz=24, trace=301498, class=java.lang.String@5000016f)
ARR 50004e64 (sz=32, trace=301499, nelems=0, elem type=char[])
ARR 50004e65 (sz=56, trace=300281, nelems=0, elem type=java.lang.Object[]@5000010a)
OBJ 50004e66 (sz=24, trace=301498, class=java.lang.String@5000016f)
ARR 50004e67 (sz=32, trace=301499, nelems=0, elem type=char[])
OBJ 50004e68 (sz=24, trace=301498, class=java.lang.String@5000016f)
OBJ 50004e69 (sz=32, trace=301537, class=Point@5000255b)
ARR 50004e6a (sz=32, trace=301499, nelems=0, elem type=char[])
OBJ 50004e6b (sz=24, trace=301500, class=java.lang.String@5000016f)
ARR 50004e6c (sz=32, trace=301501, nelems=0, elem type=char[])
ARR 50004e6d (sz=32, trace=301780, nelems=0, elem type=java.lang.String[]@500000cf)
OBJ 50004e6e (sz=40, trace=301504, class=java.util.ArrayList$SubList@5000248a)
OBJ 50004e6f (sz=40, trace=301506, class=java.util.ArrayList$SubList$1@5000248d)
ARR 50004e70 (sz=32, trace=301781, nelems=0, elem type=char[])
OBJ 50004e71 (sz=32, trace=301535, class=sun.misc.FloatingDecimal$ASCIIToBinaryBuffer@500024ac)
ARR 50004e72 (sz=32, trace=301782, nelems=0, elem type=char[])
OBJ 50004e73 (sz=32, trace=301535, class=sun.misc.FloatingDecimal$ASCIIToBinaryBuffer@500024ac)
OBJ 50004e74 (sz=32, trace=301783, class=Point@5000255b)
ARR 50004e75 (sz=32, trace=301784, nelems=0, elem type=char[])
OBJ 50004e76 (sz=32, trace=301535, class=sun.misc.FloatingDecimal$ASCIIToBinaryBuffer@500024ac)
ARR 50004e77 (sz=32, trace=301785, nelems=0, elem type=char[])
OBJ 50004e78 (sz=32, trace=301535, class=sun.misc.FloatingDecimal$ASCIIToBinaryBuffer@500024ac)
OBJ 50004e79 (sz=32, trace=301537, class=Point@5000255b)
OBJ 50004e7a (sz=32, trace=301786, class=Point@5000255b)
OBJ 50004e7b (sz=32, trace=301787, class=Line@50006f05)
OBJ 50004e7c (sz=24, trace=301779, class=java.lang.String@5000016f)
ARR 50004e7d (sz=88, trace=300326, nelems=0, elem type=char[])
OBJ 50004e7e (sz=24, trace=301497, class=java.util.ArrayList@500000c5)
OBJ 50004e7f (sz=24, trace=301498, class=java.lang.String@5000016f)
ARR 50004e80 (sz=32, trace=301499, nelems=0, elem type=char[])
ARR 50004e81 (sz=56, trace=300281, nelems=0, elem type=java.lang.Object[]@5000010a)
OBJ 50004e82 (sz=24, trace=301498, class=java.lang.String@5000016f)
ARR 50004e83 (sz=32, trace=301499, nelems=0, elem type=char[])
OBJ 50004e84 (sz=24, trace=301498, class=java.lang.String@5000016f)
ARR 50004e85 (sz=32, trace=301499, nelems=0, elem type=char[])
OBJ 50004e86 (sz=24, trace=301500, class=java.lang.String@5000016f)
ARR 50004e87 (sz=32, trace=301501, nelems=0, elem type=char[])
ARR 50004e88 (sz=32, trace=301780, nelems=0, elem type=java.lang.String[]@500000cf)
OBJ 50004e89 (sz=32, trace=301537, class=Point@5000255b)
OBJ 50004e8a (sz=40, trace=301504, class=java.util.ArrayList$SubList@5000248a)
OBJ 50004e8b (sz=40, trace=301506, class=java.util.ArrayList$SubList$1@5000248d)
ARR 50004e8c (sz=32, trace=301781, nelems=0, elem type=char[])
OBJ 50004e8d (sz=32, trace=301535, class=sun.misc.FloatingDecimal$ASCIIToBinaryBuffer@500024ac)
ARR 50004e8e (sz=32, trace=301782, nelems=0, elem type=char[])
OBJ 50004e8f (sz=32, trace=301535, class=sun.misc.FloatingDecimal$ASCIIToBinaryBuffer@500024ac)
OBJ 50004e90 (sz=32, trace=301783, class=Point@5000255b)
ARR 50004e91 (sz=32, trace=301784, nelems=0, elem type=char[])
OBJ 50004e92 (sz=32, trace=301535, class=sun.misc.FloatingDecimal$ASCIIToBinaryBuffer@500024ac)
ARR 50004e93 (sz=32, trace=301785, nelems=0, elem type=char[])
OBJ 50004e94 (sz=32, trace=301535, class=sun.misc.FloatingDecimal$ASCIIToBinaryBuffer@500024ac)
OBJ 50004e95 (sz=32, trace=301786, class=Point@5000255b)
OBJ 50004e96 (sz=32, trace=301787, class=Line@50006f05)
OBJ 50004e97 (sz=24, trace=301779, class=java.lang.String@5000016f)
ARR 50004e98 (sz=80, trace=300326, nelems=0, elem type=char[])
OBJ 50004e99 (sz=32, trace=301537, class=Point@5000255b)
OBJ 50004e9a (sz=24, trace=301497, class=java.util.ArrayList@500000c5)
OBJ 50004e9b (sz=24, trace=301498, class=java.lang.String@5000016f)
ARR 50004e9c (sz=32, trace=301499, nelems=0, elem type=char[])
ARR 50004e9d (sz=56, trace=300281, nelems=0, elem type=java.lang.Object[]@5000010a)
OBJ 50004e9e (sz=24, trace=301498, class=java.lang.String@5000016f)
ARR 50004e9f (sz=32, trace=301499, nelems=0, elem type=char[])
OBJ 50004ea0 (sz=24, trace=301498, class=java.lang.String@5000016f)
ARR 50004ea1 (sz=32, trace=301499, nelems=0, elem type=char[])
OBJ 50004ea2 (sz=24, trace=301500, class=java.lang.String@5000016f)
ARR 50004ea3 (sz=32, trace=301501, nelems=0, elem type=char[])
ARR 50004ea4 (sz=32, trace=301780, nelems=0, elem type=java.lang.String[]@500000cf)
OBJ 50004ea5 (sz=40, trace=301504, class=java.util.ArrayList$SubList@5000248a)
OBJ 50004ea6 (sz=40, trace=301506, class=java.util.ArrayList$SubList$1@5000248d)
ARR 50004ea7 (sz=32, trace=301781, nelems=0, elem type=char[])
OBJ 50004ea8 (sz=32, trace=301535, class=sun.misc.FloatingDecimal$ASCIIToBinaryBuffer@500024ac)
OBJ 50004ea9 (sz=32, trace=301537, class=Point@5000255b)
ARR 50004eaa (sz=32, trace=301782, nelems=0, elem type=char[])
OBJ 50004eab (sz=32, trace=301535, class=sun.misc.FloatingDecimal$ASCIIToBinaryBuffer@500024ac)
OBJ 50004eac (sz=32, trace=301783, class=Point@5000255b)
ARR 50004ead (sz=32, trace=301784, nelems=0, elem type=char[])
OBJ 50004eae (sz=32, trace=301535, class=sun.misc.FloatingDecimal$ASCIIToBinaryBuffer@500024ac)
ARR 50004eaf (sz=32, trace=301785, nelems=0, elem type=char[])
OBJ 50004eb0 (sz=32, trace=301535, class=sun.misc.FloatingDecimal$ASCIIToBinaryBuffer@500024ac)
OBJ 50004eb1 (sz=32, trace=301786, class=Point@5000255b)
OBJ 50004eb2 (sz=32, trace=301787, class=Line@50006f05)
OBJ 50004eb3 (sz=24, trace=301779, class=java.lang.String@5000016f)
ARR 50004eb4 (sz=88, trace=300326, nelems=0, elem type=char[])
OBJ 50004eb5 (sz=24, trace=301497, class=java.util.ArrayList@500000c5)
OBJ 50004eb6 (sz=24, trace=301498, class=java.lang.String@5000016f)
ARR 50004eb7 (sz=32, trace=301499, nelems=0, elem type=char[])
ARR 50004eb8 (sz=56, trace=300281, nelems=0, elem type=java.lang.Object[]@5000010a)
OBJ 50004eb9 (sz=32, trace=301537, class=Point@5000255b)
OBJ 50004eba (sz=24, trace=301498, class=java.lang.String@5000016f)
ARR 50004ebb (sz=32, trace=301499, nelems=0, elem type=char[])
OBJ 50004ebc (sz=24, trace=301498, class=java.lang.String@5000016f)
ARR 50004ebd (sz=32, trace=301499, nelems=0, elem type=char[])
OBJ 50004ebe (sz=24, trace=301500, class=java.lang.String@5000016f)
ARR 50004ebf (sz=32, trace=301501, nelems=0, elem type=char[])
ARR 50004ec0 (sz=32, trace=301780, nelems=0, elem type=java.lang.String[]@500000cf)
OBJ 50004ec1 (sz=40, trace=301504, class=java.util.ArrayList$SubList@5000248a)
OBJ 50004ec2 (sz=40, trace=301506, class=java.util.ArrayList$SubList$1@5000248d)
ARR 50004ec3 (sz=32, trace=301781, nelems=0, elem type=char[])
OBJ 50004ec4 (sz=32, trace=301535, class=sun.misc.FloatingDecimal$ASCIIToBinaryBuffer@500024ac)
ARR 50004ec5 (sz=32, trace=301782, nelems=0, elem type=char[])
OBJ 50004ec6 (sz=32, trace=301535, class=sun.misc.FloatingDecimal$ASCIIToBinaryBuffer@500024ac)
OBJ 50004ec7 (sz=32, trace=301783, class=Point@5000255b)
ARR 50004ec8 (sz=32, trace=301784, nelems=0, elem type=char[])
OBJ 50004ec9 (sz=32, trace=301537, class=Point@5000255b)
OBJ 50004eca (sz=32, trace=301535, class=sun.misc.FloatingDecimal$ASCIIToBinaryBuffer@500024ac)
ARR 50004ecb (sz=32, trace=301785, nelems=0, elem type=char[])
OBJ 50004ecc (sz=32, trace=301535, class=sun.misc.FloatingDecimal$ASCIIToBinaryBuffer@500024ac)
OBJ 50004ecd (sz=32, trace=301786, class=Point@5000255b)
OBJ 50004ece (sz=32, trace=301787, class=Line@50006f05)
OBJ 50004ecf (sz=24, trace=301779, class=java.lang.String@5000016f)
ARR 50004ed0 (sz=88, trace=300326, nelems=0, elem type=char[])
OBJ 50004ed1 (sz=24, trace=301497, class=java.util.ArrayList@500000c5)
OBJ 50004ed2 (sz=24, trace=301498, class=java.lang.String@5000016f)
ARR 50004ed3 (sz=32, trace=301499, nelems=0, elem type=char[])
ARR 50004ed4 (sz=56, trace=300281, nelems=0, elem type=java.lang.Object[]@5000010a)
OBJ 50004ed5 (sz=24, trace=301498, class=java.lang.String@5000016f)
ARR 50004ed6 (sz=32, trace=301499, nelems=0, elem type=char[])
OBJ 50004ed7 (sz=24, trace=301498, class=java.lang.String@5000016f)
ARR 50004ed8 (sz=32, trace=301499, nelems=0, elem type=char[])
OBJ 50004ed9 (sz=32, trace=301537, class=Point@5000255b)
OBJ 50004eda (sz=24, trace=301500, class=java.lang.String@5000016f)
ARR 50004edb (sz=32, trace=301501, nelems=0, elem type=char[])
ARR 50004edc (sz=32, trace=301780, nelems=0, elem type=java.lang.String[]@500000cf)
OBJ 50004edd (sz=40, trace=301504, class=java.util.ArrayList$SubList@5000248a)
OBJ 50004ede (sz=40, trace=301506, class=java.util.ArrayList$SubList$1@5000248d)
ARR 50004edf (sz=32, trace=301781, nelems=0, elem type=char[])
OBJ 50004ee0 (sz=32, trace=301535, class=sun.misc.FloatingDecimal$ASCIIToBinaryBuffer@500024ac)
ARR 50004ee1 (sz=32, trace=301782, nelems=0, elem type=char[])
OBJ 50004ee2 (sz=32, trace=301535, class=sun.misc.FloatingDecimal$ASCIIToBinaryBuffer@500024ac)
OBJ 50004ee3 (sz=32, trace=301783, class=Point@5000255b)
ARR 50004ee4 (sz=32, trace=301784, nelems=0, elem type=char[])
OBJ 50004ee5 (sz=32, trace=301535, class=sun.misc.FloatingDecimal$ASCIIToBinaryBuffer@500024ac)
ARR 50004ee6 (sz=32, trace=301785, nelems=0, elem type=char[])
OBJ 50004ee7 (sz=32, trace=301535, class=sun.misc.FloatingDecimal$ASCIIToBinaryBuffer@500024ac)
OBJ 50004ee8 (sz=32, trace=301786, class=Point@5000255b)
OBJ 50004ee9 (sz=32, trace=301537, class=Point@5000255b)
OBJ 50004eea (sz=32, trace=301787, class=Line@50006f05)
OBJ 50004eeb (sz=24, trace=301779, class=java.lang.String@5000016f)
ARR 50004eec (sz=80, trace=300326, nelems=0, elem type=char[])
OBJ 50004eed (sz=24, trace=301497, class=java.util.ArrayList@500000c5)
OBJ 50004eee (sz=24, trace=301498, class=java.lang.String@5000016f)
ARR 50004eef (sz=32, trace=301499, nelems=0, elem type=char[])
ARR 50004ef0 (sz=56, trace=300281, nelems=0, elem type=java.lang.Object[]@5000010a)
OBJ 50004ef1 (sz=24, trace=301498, class=java.lang.String@5000016f)
ARR 50004ef2 (sz=32, trace=301499, nelems=0, elem type=char[])
OBJ 50004ef3 (sz=24, trace=301498, class=java.lang.String@5000016f)
ARR 50004ef4 (sz=32, trace=301499, nelems=0, elem type=char[])
OBJ 50004ef5 (sz=24, trace=301500, class=java.lang.String@5000016f)
ARR 50004ef6 (sz=32, trace=301501, nelems=0, elem type=char[])
ARR 50004ef7 (sz=32, trace=301780, nelems=0, elem type=java.lang.String[]@500000cf)
OBJ 50004ef8 (sz=40, trace=301504, class=java.util.ArrayList$SubList@5000248a)
OBJ 50004ef9 (sz=32, trace=301537, class=Point@5000255b)
OBJ 50004efa (sz=40, trace=301506, class=java.util.ArrayList$SubList$1@5000248d)
ARR 50004efb (sz=32, trace=301781, nelems=0, elem type=char[])
OBJ 50004efc (sz=32, trace=301535, class=sun.misc.FloatingDecimal$ASCIIToBinaryBuffer@500024ac)
ARR 50004efd (sz=32, trace=301782, nelems=0, elem type=char[])
OBJ 50004efe (sz=32, trace=301535, class=sun.misc.FloatingDecimal$ASCIIToBinaryBuffer@500024ac)
OBJ 50004eff (sz=32, trace=301783, class=Point@5000255b)
ARR 50004f00 (sz=32, trace=301784, nelems=0, elem type=char[])
OBJ 50004f01 (sz=32, trace=301535, class=sun.misc.FloatingDecimal$ASCIIToBinaryBuffer@500024ac)
ARR 50004f02 (sz=32, trace=301785, nelems=0, elem type=char[])
OBJ 50004f03 (sz=32, trace=301535, class=sun.misc.FloatingDecimal$ASCIIToBinaryBuffer@500024ac)
OBJ 50004f04 (sz=32, trace=301786, class=Point@5000255b)
OBJ 50004f05 (sz=32, trace=301787, class=Line@50006f05)
OBJ 50004f06 (sz=24, trace=301779, class=java.lang.String@5000016f)
ARR 50004f07 (sz=88, trace=300326, nelems=0, elem type=char[])
OBJ 50004f08 (sz=24, trace=301497, class=java.util.ArrayList@500000c5)
OBJ 50004f09 (sz=32, trace=301537, class=Point@5000255b)
OBJ 50004f0a (sz=24, trace=301498, class=java.lang.String@5000016f)
ARR 50004f0b (sz=32, trace=301499, nelems=0, elem type=char[])
ARR 50004f0c (sz=56, trace=300281, nelems=0, elem type=java.lang.Object[]@5000010a)
OBJ 50004f0d (sz=24, trace=301498, class=java.lang.String@5000016f)
ARR 50004f0e (sz=32, trace=301499, nelems=0, elem type=char[])
OBJ 50004f0f (sz=24, trace=301498, class=java.lang.String@5000016f)
ARR 50004f10 (sz=32, trace=301499, nelems=0, elem type=char[])
OBJ 50004f11 (sz=24, trace=301500, class=java.lang.String@5000016f)
ARR 50004f12 (sz=32, trace=301501, nelems=0, elem type=char[])
ARR 50004f13 (sz=32, trace=301780, nelems=0, elem type=java.lang.String[]@500000cf)
OBJ 50004f14 (sz=40, trace=301504, class=java.util.ArrayList$SubList@5000248a)
OBJ 50004f15 (sz=40, trace=301506, class=java.util.ArrayList$SubList$1@5000248d)
ARR 50004f16 (sz=32, trace=301781, nelems=0, elem type=char[])
OBJ 50004f17 (sz=32, trace=301535, class=sun.misc.FloatingDecimal$ASCIIToBinaryBuffer@500024ac)
ARR 50004f18 (sz=32, trace=301782, nelems=0, elem type=char[])
OBJ 50004f19 (sz=32, trace=301537, class=Point@5000255b)
OBJ 50004f1a (sz=32, trace=301535, class=sun.misc.FloatingDecimal$ASCIIToBinaryBuffer@500024ac)
OBJ 50004f1b (sz=32, trace=301783, class=Point@5000255b)
ARR 50004f1c (sz=32, trace=301784, nelems=0, elem type=char[])
OBJ 50004f1d (sz=32, trace=301535, class=sun.misc.FloatingDecimal$ASCIIToBinaryBuffer@500024ac)
ARR 50004f1e (sz=32, trace=301785, nelems=0, elem type=char[])
OBJ 50004f1f (sz=32, trace=301535, class=sun.misc.FloatingDecimal$ASCIIToBinaryBuffer@500024ac)
OBJ 50004f20 (sz=32, trace=301786, class=Point@5000255b)
OBJ 50004f21 (sz=32, trace=301787, class=Line@50006f05)
OBJ 50004f22 (sz=24, trace=301779, class=java.lang.String@5000016f)
ARR 50004f23 (sz=88, trace=300326, nelems=0, elem type=char[])
OBJ 50004f24 (sz=24, trace=301497, class=java.util.ArrayList@500000c5)
OBJ 50004f25 (sz=24, trace=301498, class=java.lang.String@5000016f)
ARR 50004f26 (sz=32, trace=301499, nelems=0, elem type=char[])
ARR 50004f27 (sz=56, trace=300281, nelems=0, elem type=java.lang.Object[]@5000010a)
OBJ 50004f28 (sz=24, trace=301498, class=java.lang.String@5000016f)
OBJ 50004f29 (sz=32, trace=301537, class=Point@5000255b)
ARR 50004f2a (sz=32, trace=301499, nelems=0, elem type=char[])
OBJ 50004f2b (sz=24, trace=301498, class=java.lang.String@5000016f)
ARR 50004f2c (sz=32, trace=301499, nelems=0, elem type=char[])
OBJ 50004f2d (sz=24, trace=301500, class=java.lang.String@5000016f)
ARR 50004f2e (sz=32, trace=301501, nelems=0, elem type=char[])
ARR 50004f2f (sz=32, trace=301780, nelems=0, elem type=java.lang.String[]@500000cf)
OBJ 50004f30 (sz=40, trace=301504, class=java.util.ArrayList$SubList@5000248a)
OBJ 50004f31 (sz=40, trace=301506, class=java.util.ArrayList$SubList$1@5000248d)
ARR 50004f32 (sz=32, trace=301781, nelems=0, elem type=char[])
OBJ 50004f33 (sz=32, trace=301535, class=sun.misc.FloatingDecimal$ASCIIToBinaryBuffer@500024ac)
ARR 50004f34 (sz=32, trace=301782, nelems=0, elem type=char[])
OBJ 50004f35 (sz=32, trace=301535, class=sun.misc.FloatingDecimal$ASCIIToBinaryBuffer@500024ac)
OBJ 50004f36 (sz=32, trace=301783, class=Point@5000255b)
ARR 50004f37 (sz=32, trace=301784, nelems=0, elem type=char[])
OBJ 50004f38 (sz=32, trace=301535, class=sun.misc.FloatingDecimal$ASCIIToBinaryBuffer@500024ac)
OBJ 50004f39 (sz=32, trace=301537, class=Point@5000255b)
ARR 50004f3a (sz=32, trace=301785, nelems=0, elem type=char[])
OBJ 50004f3b (sz=32, trace=301535, class=sun.misc.FloatingDecimal$ASCIIToBinaryBuffer@500024ac)
OBJ 50004f3c (sz=32, trace=301786, class=Point@5000255b)
OBJ 50004f3d (sz=32, trace=301787, class=Line@50006f05)
OBJ 50004f3e (sz=24, trace=301779, class=java.lang.String@5000016f)
ARR 50004f3f (sz=88, trace=300326, nelems=0, elem type=char[])
OBJ 50004f40 (sz=24, trace=301497, class=java.util.ArrayList@500000c5)
OBJ 50004f41 (sz=24, trace=301498, class=java.lang.String@5000016f)
ARR 50004f42 (sz=32, trace=301499, nelems=0, elem type=char[])
ARR 50004f43 (sz=56, trace=300281, nelems=0, elem type=java.lang.Object[]@5000010a)
OBJ 50004f44 (sz=24, trace=301498, class=java.lang.String@5000016f)
ARR 50004f45 (sz=32, trace=301499, nelems=0, elem type=char[])
OBJ 50004f46 (sz=24, trace=301498, class=java.lang.String@5000016f)
ARR 50004f47 (sz=32, trace=301499, nelems=0, elem type=char[])
OBJ 50004f48 (sz=24, trace=301500, class=java.lang.String@5000016f)
OBJ 50004f49 (sz=32, trace=301537, class=Point@5000255b)
ARR 50004f4a (sz=32, trace=301501, nelems=0, elem type=char[])
ARR 50004f4b (sz=32, trace=301780, nelems=0, elem type=java.lang.String[]@500000cf)
OBJ 50004f4c (sz=40, trace=301504, class=java.util.ArrayList$SubList@5000248a)
OBJ 50004f4d (sz=40, trace=301506, class=java.util.ArrayList$SubList$1@5000248d)
ARR 50004f4e (sz=32, trace=301781, nelems=0, elem type=char[])
OBJ 50004f4f (sz=32, trace=301535, class=sun.misc.FloatingDecimal$ASCIIToBinaryBuffer@500024ac)
ARR 50004f50 (sz=32, trace=301782, nelems=0, elem type=char[])
OBJ 50004f51 (sz=32, trace=301535, class=sun.misc.FloatingDecimal$ASCIIToBinaryBuffer@500024ac)
OBJ 50004f52 (sz=32, trace=301783, class=Point@5000255b)
ARR 50004f53 (sz=32, trace=301784, nelems=0, elem type=char[])
OBJ 50004f54 (sz=32, trace=301535, class=sun.misc.FloatingDecimal$ASCIIToBinaryBuffer@500024ac)
ARR 50004f55 (sz=32, trace=301785, nelems=0, elem type=char[])
OBJ 50004f56 (sz=32, trace=301535, class=sun.misc.FloatingDecimal$ASCIIToBinaryBuffer@500024ac)
OBJ 50004f57 (sz=32, trace=301786, class=Point@5000255b)
OBJ 50004f58 (sz=32, trace=301787, class=Line@50006f05)
OBJ 50004f59 (sz=32, trace=301537, class=Point@5000255b)
OBJ 50004f5a (sz=24, trace=301779, class=java.lang.String@5000016f)
ARR 50004f5b (sz=88, trace=300326, nelems=0, elem type=char[])
OBJ 50004f5c (sz=24, trace=301497, class=java.util.ArrayList@500000c5)
OBJ 50004f5d (sz=24, trace=301498, class=java.lang.String@5000016f)
ARR 50004f5e (sz=32, trace=301499, nelems=0, elem type=char[])
ARR 50004f5f (sz=56, trace=300281, nelems=0, elem type=java.lang.Object[]@5000010a)
OBJ 50004f60 (sz=24, trace=301498, class=java.lang.String@5000016f)
ARR 50004f61 (sz=32, trace=301499, nelems=0, elem type=char[])
OBJ 50004f62 (sz=24, trace=301498, class=java.lang.String@5000016f)
ARR 50004f63 (sz=32, trace=301499, nelems=0, elem type=char[])
OBJ 50004f64 (sz=24, trace=301500, class=java.lang.String@5000016f)
ARR 50004f65 (sz=32, trace=301501, nelems=0, elem type=char[])
ARR 50004f66 (sz=32, trace=301780, nelems=0, elem type=java.lang.String[]@500000cf)
OBJ 50004f67 (sz=40, trace=301504, class=java.util.ArrayList$SubList@5000248a)
OBJ 50004f68 (sz=40, trace=301506, class=java.util.ArrayList$SubList$1@5000248d)
OBJ 50004f69 (sz=32, trace=301537, class=Point@5000255b)
ARR 50004f6a (sz=32, trace=301781, nelems=0, elem type=char[])
OBJ 50004f6b (sz=32, trace=301535, class=sun.misc.FloatingDecimal$ASCIIToBinaryBuffer@500024ac)
ARR 50004f6c (sz=32, trace=301782, nelems=0, elem type=char[])
OBJ 50004f6d (sz=32, trace=301535, class=sun.misc.FloatingDecimal$ASCIIToBinaryBuffer@500024ac)
OBJ 50004f6e (sz=32, trace=301783, class=Point@5000255b)
ARR 50004f6f (sz=32, trace=301784, nelems=0, elem type=char[])
OBJ 50004f70 (sz=32, trace=301535, class=sun.misc.FloatingDecimal$ASCIIToBinaryBuffer@500024ac)
ARR 50004f71 (sz=32, trace=301785, nelems=0, elem type=char[])
OBJ 50004f72 (sz=32, trace=301535, class=sun.misc.FloatingDecimal$ASCIIToBinaryBuffer@500024ac)
OBJ 50004f73 (sz=32, trace=301786, class=Point@5000255b)
OBJ 50004f74 (sz=32, trace=301787, class=Line@50006f05)
OBJ 50004f75 (sz=24, trace=301779, class=java.lang.String@5000016f)
ARR 50004f76 (sz=88, trace=300326, nelems=0, elem type=char[])
OBJ 50004f77 (sz=24, trace=301497, class=java.util.ArrayList@500000c5)
OBJ 50004f78 (sz=24, trace=301498, class=java.lang.String@5000016f)
OBJ 50004f79 (sz=32, trace=301537, class=Point@5000255b)
ARR 50004f7a (sz=32, trace=301499, nelems=0, elem type=char[])
ARR 50004f7b (sz=56, trace=300281, nelems=0, elem type=java.lang.Object[]@5000010a)
OBJ 50004f7c (sz=24, trace=301498, class=java.lang.String@5000016f)
ARR 50004f7d (sz=32, trace=301499, nelems=0, elem type=char[])
OBJ 50004f7e (sz=24, trace=301498, class=java.lang.String@5000016f)
ARR 50004f7f (sz=32, trace=301499, nelems=0, elem type=char[])
OBJ 50004f80 (sz=24, trace=301500, class=java.lang.String@5000016f)
ARR 50004f81 (sz=32, trace=301501, nelems=0, elem type=char[])
ARR 50004f82 (sz=32, trace=301780, nelems=0, elem type=java.lang.String[]@500000cf)
OBJ 50004f83 (sz=40, trace=301504, class=java.util.ArrayList$SubList@5000248a)
OBJ 50004f84 (sz=40, trace=301506, class=java.util.ArrayList$SubList$1@5000248d)
ARR 50004f85 (sz=32, trace=301781, nelems=0, elem type=char[])
OBJ 50004f86 (sz=32, trace=301535, class=sun.misc.FloatingDecimal$ASCIIToBinaryBuffer@500024ac)
ARR 50004f87 (sz=32, trace=301782, nelems=0, elem type=char[])
OBJ 50004f88 (sz=32, trace=301535, class=sun.misc.FloatingDecimal$ASCIIToBinaryBuffer@500024ac)
OBJ 50004f89 (sz=32, trace=301537, class=Point@5000255b)
OBJ 50004f8a (sz=32, trace=301783, class=Point@5000255b)
ARR 50004f8b (sz=32, trace=301784, nelems=0, elem type=char[])
OBJ 50004f8c (sz=32, trace=301535, class=sun.misc.FloatingDecimal$ASCIIToBinaryBuffer@500024ac)
ARR 50004f8d (sz=32, trace=301785, nelems=0, elem type=char[])
OBJ 50004f8e (sz=32, trace=301535, class=sun.misc.FloatingDecimal$ASCIIToBinaryBuffer@500024ac)
OBJ 50004f8f (sz=32, trace=301786, class=Point@5000255b)
OBJ 50004f90 (sz=32, trace=301787, class=Line@50006f05)
OBJ 50004f91 (sz=24, trace=301779, class=java.lang.String@5000016f)
ARR 50004f92 (sz=88, trace=300326, nelems=0, elem type=char[])
OBJ 50004f93 (sz=24, trace=301497, class=java.util.ArrayList@500000c5)
OBJ 50004f94 (sz=24, trace=301498, class=java.lang.String@5000016f)
ARR 50004f95 (sz=32, trace=301499, nelems=0, elem type=char[])
ARR 50004f96 (sz=56, trace=300281, nelems=0, elem type=java.lang.Object[]@5000010a)
OBJ 50004f97 (sz=24, trace=301498, class=java.lang.String@5000016f)
ARR 50004f98 (sz=32, trace=301499, nelems=0, elem type=char[])
OBJ 50004f99 (sz=32, trace=301537, class=Point@5000255b)
OBJ 50004f9a (sz=24, trace=301498, class=java.lang.String@5000016f)
ARR 50004f9b (sz=32, trace=301499, nelems=0, elem type=char[])
OBJ 50004f9c (sz=24, trace=301500, class=java.lang.String@5000016f)
ARR 50004f9d (sz=32, trace=301501, nelems=0, elem type=char[])
ARR 50004f9e (sz=32, trace=301780, nelems=0, elem type=java.lang.String[]@500000cf)
OBJ 50004f9f (sz=40, trace=301504, class=java.util.ArrayList$SubList@5000248a)
OBJ 50004fa0 (sz=40, trace=301506, class=java.util.ArrayList$SubList$1@5000248d)
ARR 50004fa1 (sz=32, trace=301781, nelems=0, elem type=char[])
OBJ 50004fa2 (sz=32, trace=301535, class=sun.misc.FloatingDecimal$ASCIIToBinaryBuffer@500024ac)
ARR 50004fa3 (sz=32, trace=301782, nelems=0, elem type=char[])
OBJ 50004fa4 (sz=32, trace=301535, class=sun.misc.FloatingDecimal$ASCIIToBinaryBuffer@500024ac)
OBJ 50004fa5 (sz=32, trace=301783, class=Point@5000255b)
ARR 50004fa6 (sz=32, trace=301784, nelems=0, elem type=char[])
OBJ 50004fa7 (sz=32, trace=301535, class=sun.misc.FloatingDecimal$ASCIIToBinaryBuffer@500024ac)
ARR 50004fa8 (sz=32, trace=301785, nelems=0, elem type=char[])
OBJ 50004fa9 (sz=32, trace=301537, class=Point@5000255b)
OBJ 50004faa (sz=32, trace=301535, class=sun.misc.FloatingDecimal$ASCIIToBinaryBuffer@500024ac)
OBJ 50004fab (sz=32, trace=301786, class=Point@5000255b)
OBJ 50004fac (sz=32, trace=301787, class=Line@50006f05)
OBJ 50004fad (sz=24, trace=301779, class=java.lang.String@5000016f)
ARR 50004fae (sz=88, trace=300326, nelems=0, elem type=char[])
OBJ 50004faf (sz=24, trace=301497, class=java.util.ArrayList@500000c5)
OBJ 50004fb0 (sz=24, trace=301498, class=java.lang.String@5000016f)
ARR 50004fb1 (sz=32, trace=301499, nelems=0, elem type=char[])
ARR 50004fb2 (sz=56, trace=300281, nelems=0, elem type=java.lang.Object[]@5000010a)
OBJ 50004fb3 (sz=24, trace=301498, class=java.lang.String@5000016f)
ARR 50004fb4 (sz=32, trace=301499, nelems=0, elem type=char[])
OBJ 50004fb5 (sz=24, trace=301498, class=java.lang.String@5000016f)
ARR 50004fb6 (sz=32, trace=301499, nelems=0, elem type=char[])
OBJ 50004fb7 (sz=24, trace=301500, class=java.lang.String@5000016f)
ARR 50004fb8 (sz=32, trace=301501, nelems=0, elem type=char[])
OBJ 50004fb9 (sz=32, trace=301537, class=Point@5000255b)
ARR 50004fba (sz=32, trace=301780, nelems=0, elem type=java.lang.String[]@500000cf)
OBJ 50004fbb (sz=40, trace=301504, class=java.util.ArrayList$SubList@5000248a)
OBJ 50004fbc (sz=40, trace=301506, class=java.util.ArrayList$SubList$1@5000248d)
ARR 50004fbd (sz=32, trace=301781, nelems=0, elem type=char[])
OBJ 50004fbe (sz=32, trace=301535, class=sun.misc.FloatingDecimal$ASCIIToBinaryBuffer@500024ac)
ARR 50004fbf (sz=32, trace=301782, nelems=0, elem type=char[])
OBJ 50004fc0 (sz=32, trace=301535, class=sun.misc.FloatingDecimal$ASCIIToBinaryBuffer@500024ac)
OBJ 50004fc1 (sz=32, trace=301783, class=Point@5000255b)
ARR 50004fc2 (sz=32, trace=301784, nelems=0, elem type=char[])
OBJ 50004fc3 (sz=32, trace=301535, class=sun.misc.FloatingDecimal$ASCIIToBinaryBuffer@500024ac)
ARR 50004fc4 (sz=32, trace=301785, nelems=0, elem type=char[])
OBJ 50004fc5 (sz=32, trace=301535, class=sun.misc.FloatingDecimal$ASCIIToBinaryBuffer@500024ac)
OBJ 50004fc6 (sz=32, trace=301786, class=Point@5000255b)
OBJ 50004fc7 (sz=32, trace=301787, class=Line@50006f05)
OBJ 50004fc8 (sz=24, trace=301779, class=java.lang.String@5000016f)
OBJ 50004fc9 (sz=32, trace=301537, class=Point@5000255b)
ARR 50004fca (sz=88, trace=300326, nelems=0, elem type=char[])
OBJ 50004fcb (sz=24, trace=301497, class=java.util.ArrayList@500000c5)
OBJ 50004fcc (sz=24, trace=301498, class=java.lang.String@5000016f)
ARR 50004fcd (sz=32, trace=301499, nelems=0, elem type=char[])
ARR 50004fce (sz=56, trace=300281, nelems=0, elem type=java.lang.Object[]@5000010a)
OBJ 50004fcf (sz=24, trace=301498, class=java.lang.String@5000016f)
ARR 50004fd0 (sz=32, trace=301499, nelems=0, elem type=char[])
OBJ 50004fd1 (sz=24, trace=301498, class=java.lang.String@5000016f)
ARR 50004fd2 (sz=32, trace=301499, nelems=0, elem type=char[])
OBJ 50004fd3 (sz=24, trace=301500, class=java.lang.String@5000016f)
ARR 50004fd4 (sz=32, trace=301501, nelems=0, elem type=char[])
ARR 50004fd5 (sz=32, trace=301780, nelems=0, elem type=java.lang.String[]@500000cf)
OBJ 50004fd6 (sz=40, trace=301504, class=java.util.ArrayList$SubList@5000248a)
OBJ 50004fd7 (sz=40, trace=301506, class=java.util.ArrayList$SubList$1@5000248d)
ARR 50004fd8 (sz=32, trace=301781, nelems=0, elem type=char[])
OBJ 50004fd9 (sz=32, trace=301537, class=Point@5000255b)
OBJ 50004fda (sz=32, trace=301535, class=sun.misc.FloatingDecimal$ASCIIToBinaryBuffer@500024ac)
ARR 50004fdb (sz=32, trace=301782, nelems=0, elem type=char[])
OBJ 50004fdc (sz=32, trace=301535, class=sun.misc.FloatingDecimal$ASCIIToBinaryBuffer@500024ac)
OBJ 50004fdd (sz=32, trace=301783, class=Point@5000255b)
ARR 50004fde (sz=32, trace=301784, nelems=0, elem type=char[])
OBJ 50004fdf (sz=32, trace=301535, class=sun.misc.FloatingDecimal$ASCIIToBinaryBuffer@500024ac)
ARR 50004fe0 (sz=32, trace=301785, nelems=0, elem type=char[])
OBJ 50004fe1 (sz=32, trace=301535, class=sun.misc.FloatingDecimal$ASCIIToBinaryBuffer@500024ac)
OBJ 50004fe2 (sz=32, trace=301786, class=Point@5000255b)
OBJ 50004fe3 (sz=32, trace=301787, class=Line@50006f05)
OBJ 50004fe4 (sz=24, trace=301779, class=java.lang.String@5000016f)
ARR 50004fe5 (sz=88, trace=300326, nelems=0, elem type=char[])
OBJ 50004fe6 (sz=24, trace=301497, class=java.util.ArrayList@500000c5)
OBJ 50004fe7 (sz=24, trace=301498, class=java.lang.String@5000016f)
ARR 50004fe8 (sz=32, trace=301499, nelems=0, elem type=char[])
OBJ 50004fe9 (sz=32, trace=301537, class=Point@5000255b)
ARR 50004fea (sz=56, trace=300281, nelems=0, elem type=java.lang.Object[]@5000010a)
OBJ 50004feb (sz=24, trace=301498, class=java.lang.String@5000016f)
ARR 50004fec (sz=32, trace=301499, nelems=0, elem type=char[])
OBJ 50004fed (sz=24, trace=301498, class=java.lang.String@5000016f)
ARR 50004fee (sz=32, trace=301499, nelems=0, elem type=char[])
OBJ 50004fef (sz=24, trace=301500, class=java.lang.String@5000016f)
ARR 50004ff0 (sz=32, trace=301501, nelems=0, elem type=char[])
ARR 50004ff1 (sz=32, trace=301780, nelems=0, elem type=java.lang.String[]@500000cf)
OBJ 50004ff2 (sz=40, trace=301504, class=java.util.ArrayList$SubList@5000248a)
OBJ 50004ff3 (sz=40, trace=301506, class=java.util.ArrayList$SubList$1@5000248d)
ARR 50004ff4 (sz=32, trace=301781, nelems=0, elem type=char[])
OBJ 50004ff5 (sz=32, trace=301535, class=sun.misc.FloatingDecimal$ASCIIToBinaryBuffer@500024ac)
ARR 50004ff6 (sz=32, trace=301782, nelems=0, elem type=char[])
OBJ 50004ff7 (sz=32, trace=301535, class=sun.misc.FloatingDecimal$ASCIIToBinaryBuffer@500024ac)
OBJ 50004ff8 (sz=32, trace=301783, class=Point@5000255b)
OBJ 50004ff9 (sz=32, trace=301537, class=Point@5000255b)
ARR 50004ffa (sz=32, trace=301784, nelems=0, elem type=char[])
OBJ 50004ffb (sz=32, trace=301535, class=sun.misc.FloatingDecimal$ASCIIToBinaryBuffer@500024ac)
ARR 50004ffc (sz=32, trace=301785, nelems=0, elem type=char[])
OBJ 50004ffd (sz=32, trace=301535, class=sun.misc.FloatingDecimal$ASCIIToBinaryBuffer@500024ac)
OBJ 50004ffe (sz=32, trace=301786, class=Point@5000255b)
OBJ 50004fff (sz=32, trace=301787, class=Line@50006f05)
OBJ 50005000 (sz=24, trace=301779, class=java.lang.String@5000016f)
ARR 50005001 (sz=88, trace=300326, nelems=0, elem type=char[])
OBJ 50005002 (sz=24, trace=301497, class=java.util.ArrayList@500000c5)
OBJ 50005003 (sz=24, trace=301498, class=java.lang.String@5000016f)
ARR 50005004 (sz=32, trace=301499, nelems=0, elem type=char[])
ARR 50005005 (sz=56, trace=300281, nelems=0, elem type=java.lang.Object[]@5000010a)
OBJ 50005006 (sz=24, trace=301498, class=java.lang.String@5000016f)
ARR 50005007 (sz=32, trace=301499, nelems=0, elem type=char[])
OBJ 50005008 (sz=24, trace=301498, class=java.lang.String@5000016f)
OBJ 50005009 (sz=32, trace=301537, class=Point@5000255b)
ARR 5000500a (sz=32, trace=301499, nelems=0, elem type=char[])
OBJ 5000500b (sz=24, trace=301500, class=java.lang.String@5000016f)
ARR 5000500c (sz=32, trace=301501, nelems=0, elem type=char[])
ARR 5000500d (sz=32, trace=301780, nelems=0, elem type=java.lang.String[]@500000cf)
OBJ 5000500e (sz=40, trace=301504, class=java.util.ArrayList$SubList@5000248a)
OBJ 5000500f (sz=40, trace=301506, class=java.util.ArrayList$SubList$1@5000248d)
ARR 50005010 (sz=32, trace=301781, nelems=0, elem type=char[])
OBJ 50005011 (sz=32, trace=301535, class=sun.misc.FloatingDecimal$ASCIIToBinaryBuffer@500024ac)
ARR 50005012 (sz=32, trace=301782, nelems=0, elem type=char[])
OBJ 50005013 (sz=32, trace=301535, class=sun.misc.FloatingDecimal$ASCIIToBinaryBuffer@500024ac)
OBJ 50005014 (sz=32, trace=301783, class=Point@5000255b)
ARR 50005015 (sz=32, trace=301784, nelems=0, elem type=char[])
OBJ 50005016 (sz=32, trace=301535, class=sun.misc.FloatingDecimal$ASCIIToBinaryBuffer@500024ac)
ARR 50005017 (sz=32, trace=301785, nelems=0, elem type=char[])
OBJ 50005018 (sz=32, trace=301535, class=sun.misc.FloatingDecimal$ASCIIToBinaryBuffer@500024ac)
OBJ 50005019 (sz=32, trace=301537, class=Point@5000255b)
OBJ 5000501a (sz=32, trace=301786, class=Point@5000255b)
OBJ 5000501b (sz=32, trace=301787, class=Line@50006f05)
OBJ 5000501c (sz=24, trace=301779, class=java.lang.String@5000016f)
ARR 5000501d (sz=80, trace=300326, nelems=0, elem type=char[])
OBJ 5000501e (sz=24, trace=301497, class=java.util.ArrayList@500000c5)
OBJ 5000501f (sz=24, trace=301498, class=java.lang.String@5000016f)
ARR 50005020 (sz=32, trace=301499, nelems=0, elem type=char[])
ARR 50005021 (sz=56, trace=300281, nelems=0, elem type=java.lang.Object[]@5000010a)
OBJ 50005022 (sz=24, trace=301498, class=java.lang.String@5000016f)
ARR 50005023 (sz=32, trace=301499, nelems=0, elem type=char[])
OBJ 50005024 (sz=24, trace=301498, class=java.lang.String@5000016f)
ARR 50005025 (sz=32, trace=301499, nelems=0, elem type=char[])
OBJ 50005026 (sz=24, trace=301500, class=java.lang.String@5000016f)
ARR 50005027 (sz=32, trace=301501, nelems=0, elem type=char[])
ARR 50005028 (sz=32, trace=301780, nelems=0, elem type=java.lang.String[]@500000cf)
OBJ 50005029 (sz=32, trace=301537, class=Point@5000255b)
OBJ 5000502a (sz=40, trace=301504, class=java.util.ArrayList$SubList@5000248a)
OBJ 5000502b (sz=40, trace=301506, class=java.util.ArrayList$SubList$1@5000248d)
ARR 5000502c (sz=32, trace=301781, nelems=0, elem type=char[])
OBJ 5000502d (sz=32, trace=301535, class=sun.misc.FloatingDecimal$ASCIIToBinaryBuffer@500024ac)
ARR 5000502e (sz=32, trace=301782, nelems=0, elem type=char[])
OBJ 5000502f (sz=32, trace=301535, class=sun.misc.FloatingDecimal$ASCIIToBinaryBuffer@500024ac)
OBJ 50005030 (sz=32, trace=301783, class=Point@5000255b)
ARR 50005031 (sz=32, trace=301784, nelems=0, elem type=char[])
OBJ 50005032 (sz=32, trace=301535, class=sun.misc.FloatingDecimal$ASCIIToBinaryBuffer@500024ac)
ARR 50005033 (sz=32, trace=301785, nelems=0, elem type=char[])
OBJ 50005034 (sz=32, trace=301535, class=sun.misc.FloatingDecimal$ASCIIToBinaryBuffer@500024ac)
OBJ 50005035 (sz=32, trace=301786, class=Point@5000255b)
OBJ 50005036 (sz=32, trace=301787, class=Line@50006f05)
OBJ 50005037 (sz=24, trace=301779, class=java.lang.String@5000016f)
ARR 50005038 (sz=80, trace=300326, nelems=0, elem type=char[])
OBJ 50005039 (sz=32, trace=301537, class=Point@5000255b)
OBJ 5000503a (sz=24, trace=301497, class=java.util.ArrayList@500000c5)
OBJ 5000503b (sz=24, trace=301498, class=java.lang.String@5000016f)
ARR 5000503c (sz=32, trace=301499, nelems=0, elem type=char[])
ARR 5000503d (sz=56, trace=300281, nelems=0, elem type=java.lang.Object[]@5000010a)
OBJ 5000503e (sz=24, trace=301498, class=java.lang.String@5000016f)
ARR 5000503f (sz=32, trace=301499, nelems=0, elem type=char[])
OBJ 50005040 (sz=24, trace=301498, class=java.lang.String@5000016f)
ARR 50005041 (sz=32, trace=301499, nelems=0, elem type=char[])
OBJ 50005042 (sz=24, trace=301500, class=java.lang.String@5000016f)
ARR 50005043 (sz=32, trace=301501, nelems=0, elem type=char[])
ARR 50005044 (sz=32, trace=301780, nelems=0, elem type=java.lang.String[]@500000cf)
OBJ 50005045 (sz=40, trace=301504, class=java.util.ArrayList$SubList@5000248a)
OBJ 50005046 (sz=40, trace=301506, class=java.util.ArrayList$SubList$1@5000248d)
ARR 50005047 (sz=32, trace=301781, nelems=0, elem type=char[])
OBJ 50005048 (sz=32, trace=301535, class=sun.misc.FloatingDecimal$ASCIIToBinaryBuffer@500024ac)
OBJ 50005049 (sz=32, trace=301537, class=Point@5000255b)
ARR 5000504a (sz=32, trace=301782, nelems=0, elem type=char[])
OBJ 5000504b (sz=32, trace=301535, class=sun.misc.FloatingDecimal$ASCIIToBinaryBuffer@500024ac)
OBJ 5000504c (sz=32, trace=301783, class=Point@5000255b)
ARR 5000504d (sz=32, trace=301784, nelems=0, elem type=char[])
OBJ 5000504e (sz=32, trace=301535, class=sun.misc.FloatingDecimal$ASCIIToBinaryBuffer@500024ac)
ARR 5000504f (sz=32, trace=301785, nelems=0, elem type=char[])
OBJ 50005050 (sz=32, trace=301535, class=sun.misc.FloatingDecimal$ASCIIToBinaryBuffer@500024ac)
OBJ 50005051 (sz=32, trace=301786, class=Point@5000255b)
OBJ 50005052 (sz=32, trace=301787, class=Line@50006f05)
OBJ 50005053 (sz=24, trace=301779, class=java.lang.String@5000016f)
ARR 50005054 (sz=80, trace=300326, nelems=0, elem type=char[])
OBJ 50005055 (sz=24, trace=301497, class=java.util.ArrayList@500000c5)
OBJ 50005056 (sz=24, trace=301498, class=java.lang.String@5000016f)
ARR 50005057 (sz=32, trace=301499, nelems=0, elem type=char[])
ARR 50005058 (sz=56, trace=300281, nelems=0, elem type=java.lang.Object[]@5000010a)
OBJ 50005059 (sz=32, trace=301537, class=Point@5000255b)
OBJ 5000505a (sz=24, trace=301498, class=java.lang.String@5000016f)
ARR 5000505b (sz=32, trace=301499, nelems=0, elem type=char[])
OBJ 5000505c (sz=24, trace=301498, class=java.lang.String@5000016f)
ARR 5000505d (sz=32, trace=301499, nelems=0, elem type=char[])
OBJ 5000505e (sz=24, trace=301500, class=java.lang.String@5000016f)
ARR 5000505f (sz=32, trace=301501, nelems=0, elem type=char[])
ARR 50005060 (sz=32, trace=301780, nelems=0, elem type=java.lang.String[]@500000cf)
OBJ 50005061 (sz=40, trace=301504, class=java.util.ArrayList$SubList@5000248a)
OBJ 50005062 (sz=40, trace=301506, class=java.util.ArrayList$SubList$1@5000248d)
ARR 50005063 (sz=32, trace=301781, nelems=0, elem type=char[])
OBJ 50005064 (sz=32, trace=301535, class=sun.misc.FloatingDecimal$ASCIIToBinaryBuffer@500024ac)
ARR 50005065 (sz=32, trace=301782, nelems=0, elem type=char[])
OBJ 50005066 (sz=32, trace=301535, class=sun.misc.FloatingDecimal$ASCIIToBinaryBuffer@500024ac)
OBJ 50005067 (sz=32, trace=301783, class=Point@5000255b)
ARR 50005068 (sz=32, trace=301784, nelems=0, elem type=char[])
OBJ 50005069 (sz=32, trace=301537, class=Point@5000255b)
OBJ 5000506a (sz=32, trace=301535, class=sun.misc.FloatingDecimal$ASCIIToBinaryBuffer@500024ac)
ARR 5000506b (sz=32, trace=301785, nelems=0, elem type=char[])
OBJ 5000506c (sz=32, trace=301535, class=sun.misc.FloatingDecimal$ASCIIToBinaryBuffer@500024ac)
OBJ 5000506d (sz=32, trace=301786, class=Point@5000255b)
OBJ 5000506e (sz=32, trace=301787, class=Line@50006f05)
OBJ 5000506f (sz=24, trace=301779, class=java.lang.String@5000016f)
ARR 50005070 (sz=80, trace=300326, nelems=0, elem type=char[])
OBJ 50005071 (sz=24, trace=301497, class=java.util.ArrayList@500000c5)
OBJ 50005072 (sz=24, trace=301498, class=java.lang.String@5000016f)
ARR 50005073 (sz=32, trace=301499, nelems=0, elem type=char[])
ARR 50005074 (sz=56, trace=300281, nelems=0, elem type=java.lang.Object[]@5000010a)
OBJ 50005075 (sz=24, trace=301498, class=java.lang.String@5000016f)
ARR 50005076 (sz=32, trace=301499, nelems=0, elem type=char[])
OBJ 50005077 (sz=24, trace=301498, class=java.lang.String@5000016f)
ARR 50005078 (sz=32, trace=301499, nelems=0, elem type=char[])
OBJ 50005079 (sz=32, trace=301537, class=Point@5000255b)
OBJ 5000507a (sz=24, trace=301500, class=java.lang.String@5000016f)
ARR 5000507b (sz=32, trace=301501, nelems=0, elem type=char[])
ARR 5000507c (sz=32, trace=301780, nelems=0, elem type=java.lang.String[]@500000cf)
OBJ 5000507d (sz=40, trace=301504, class=java.util.ArrayList$SubList@5000248a)
OBJ 5000507e (sz=40, trace=301506, class=java.util.ArrayList$SubList$1@5000248d)
ARR 5000507f (sz=32, trace=301781, nelems=0, elem type=char[])
OBJ 50005080 (sz=32, trace=301535, class=sun.misc.FloatingDecimal$ASCIIToBinaryBuffer@500024ac)
ARR 50005081 (sz=32, trace=301782, nelems=0, elem type=char[])
OBJ 50005082 (sz=32, trace=301535, class=sun.misc.FloatingDecimal$ASCIIToBinaryBuffer@500024ac)
OBJ 50005083 (sz=32, trace=301783, class=Point@5000255b)
ARR 50005084 (sz=32, trace=301784, nelems=0, elem type=char[])
OBJ 50005085 (sz=32, trace=301535, class=sun.misc.FloatingDecimal$ASCIIToBinaryBuffer@500024ac)
ARR 50005086 (sz=32, trace=301785, nelems=0, elem type=char[])
OBJ 50005087 (sz=32, trace=301535, class=sun.misc.FloatingDecimal$ASCIIToBinaryBuffer@500024ac)
OBJ 50005088 (sz=32, trace=301786, class=Point@5000255b)
OBJ 50005089 (sz=32, trace=301537, class=Point@5000255b)
OBJ 5000508a (sz=32, trace=301787, class=Line@50006f05)
OBJ 5000508b (sz=24, trace=301779, class=java.lang.String@5000016f)
ARR 5000508c (sz=88, trace=300326, nelems=0, elem type=char[])
OBJ 5000508d (sz=24, trace=301497, class=java.util.ArrayList@500000c5)
OBJ 5000508e (sz=24, trace=301498, class=java.lang.String@5000016f)
ARR 5000508f (sz=32, trace=301499, nelems=0, elem type=char[])
ARR 50005090 (sz=56, trace=300281, nelems=0, elem type=java.lang.Object[]@5000010a)
OBJ 50005091 (sz=24, trace=301498, class=java.lang.String@5000016f)
ARR 50005092 (sz=32, trace=301499, nelems=0, elem type=char[])
OBJ 50005093 (sz=24, trace=301498, class=java.lang.String@5000016f)
ARR 50005094 (sz=32, trace=301499, nelems=0, elem type=char[])
OBJ 50005095 (sz=24, trace=301500, class=java.lang.String@5000016f)
ARR 50005096 (sz=32, trace=301501, nelems=0, elem type=char[])
ARR 50005097 (sz=32, trace=301780, nelems=0, elem type=java.lang.String[]@500000cf)
OBJ 50005098 (sz=40, trace=301504, class=java.util.ArrayList$SubList@5000248a)
OBJ 50005099 (sz=32, trace=301537, class=Point@5000255b)
OBJ 5000509a (sz=40, trace=301506, class=java.util.ArrayList$SubList$1@5000248d)
ARR 5000509b (sz=32, trace=301781, nelems=0, elem type=char[])
OBJ 5000509c (sz=32, trace=301535, class=sun.misc.FloatingDecimal$ASCIIToBinaryBuffer@500024ac)
ARR 5000509d (sz=32, trace=301782, nelems=0, elem type=char[])
OBJ 5000509e (sz=32, trace=301535, class=sun.misc.FloatingDecimal$ASCIIToBinaryBuffer@500024ac)
OBJ 5000509f (sz=32, trace=301783, class=Point@5000255b)
ARR 500050a0 (sz=32, trace=301784, nelems=0, elem type=char[])
OBJ 500050a1 (sz=32, trace=301535, class=sun.misc.FloatingDecimal$ASCIIToBinaryBuffer@500024ac)
ARR 500050a2 (sz=32, trace=301785, nelems=0, elem type=char[])
OBJ 500050a3 (sz=32, trace=301535, class=sun.misc.FloatingDecimal$ASCIIToBinaryBuffer@500024ac)
OBJ 500050a4 (sz=32, trace=301786, class=Point@5000255b)
OBJ 500050a5 (sz=32, trace=301787, class=Line@50006f05)
OBJ 500050a6 (sz=24, trace=301779, class=java.lang.String@5000016f)
ARR 500050a7 (sz=80, trace=300326, nelems=0, elem type=char[])
OBJ 500050a8 (sz=24, trace=301497, class=java.util.ArrayList@500000c5)
OBJ 500050a9 (sz=32, trace=301537, class=Point@5000255b)
OBJ 500050aa (sz=24, trace=301498, class=java.lang.String@5000016f)
ARR 500050ab (sz=32, trace=301499, nelems=0, elem type=char[])
ARR 500050ac (sz=56, trace=300281, nelems=0, elem type=java.lang.Object[]@5000010a)
OBJ 500050ad (sz=24, trace=301498, class=java.lang.String@5000016f)
ARR 500050ae (sz=32, trace=301499, nelems=0, elem type=char[])
OBJ 500050af (sz=24, trace=301498, class=java.lang.String@5000016f)
ARR 500050b0 (sz=32, trace=301499, nelems=0, elem type=char[])
OBJ 500050b1 (sz=24, trace=301500, class=java.lang.String@5000016f)
ARR 500050b2 (sz=32, trace=301501, nelems=0, elem type=char[])
ARR 500050b3 (sz=32, trace=301780, nelems=0, elem type=java.lang.String[]@500000cf)
OBJ 500050b4 (sz=40, trace=301504, class=java.util.ArrayList$SubList@5000248a)
OBJ 500050b5 (sz=40, trace=301506, class=java.util.ArrayList$SubList$1@5000248d)
ARR 500050b6 (sz=32, trace=301781, nelems=0, elem type=char[])
OBJ 500050b7 (sz=32, trace=301535, class=sun.misc.FloatingDecimal$ASCIIToBinaryBuffer@500024ac)
ARR 500050b8 (sz=32, trace=301782, nelems=0, elem type=char[])
OBJ 500050b9 (sz=32, trace=301537, class=Point@5000255b)
OBJ 500050ba (sz=32, trace=301535, class=sun.misc.FloatingDecimal$ASCIIToBinaryBuffer@500024ac)
OBJ 500050bb (sz=32, trace=301783, class=Point@5000255b)
ARR 500050bc (sz=32, trace=301784, nelems=0, elem type=char[])
OBJ 500050bd (sz=32, trace=301535, class=sun.misc.FloatingDecimal$ASCIIToBinaryBuffer@500024ac)
ARR 500050be (sz=32, trace=301785, nelems=0, elem type=char[])
OBJ 500050bf (sz=32, trace=301535, class=sun.misc.FloatingDecimal$ASCIIToBinaryBuffer@500024ac)
OBJ 500050c0 (sz=32, trace=301786, class=Point@5000255b)
OBJ 500050c1 (sz=32, trace=301787, class=Line@50006f05)
OBJ 500050c2 (sz=24, trace=301779, class=java.lang.String@5000016f)
ARR 500050c3 (sz=80, trace=300326, nelems=0, elem type=char[])
OBJ 500050c4 (sz=24, trace=301497, class=java.util.ArrayList@500000c5)
OBJ 500050c5 (sz=24, trace=301498, class=java.lang.String@5000016f)
ARR 500050c6 (sz=32, trace=301499, nelems=0, elem type=char[])
ARR 500050c7 (sz=56, trace=300281, nelems=0, elem type=java.lang.Object[]@5000010a)
OBJ 500050c8 (sz=24, trace=301498, class=java.lang.String@5000016f)
OBJ 500050c9 (sz=32, trace=301537, class=Point@5000255b)
ARR 500050ca (sz=32, trace=301499, nelems=0, elem type=char[])
OBJ 500050cb (sz=24, trace=301498, class=java.lang.String@5000016f)
ARR 500050cc (sz=32, trace=301499, nelems=0, elem type=char[])
OBJ 500050cd (sz=24, trace=301500, class=java.lang.String@5000016f)
ARR 500050ce (sz=32, trace=301501, nelems=0, elem type=char[])
ARR 500050cf (sz=32, trace=301780, nelems=0, elem type=java.lang.String[]@500000cf)
OBJ 500050d0 (sz=40, trace=301504, class=java.util.ArrayList$SubList@5000248a)
OBJ 500050d1 (sz=40, trace=301506, class=java.util.ArrayList$SubList$1@5000248d)
ARR 500050d2 (sz=32, trace=301781, nelems=0, elem type=char[])
OBJ 500050d3 (sz=32, trace=301535, class=sun.misc.FloatingDecimal$ASCIIToBinaryBuffer@500024ac)
ARR 500050d4 (sz=32, trace=301782, nelems=0, elem type=char[])
OBJ 500050d5 (sz=32, trace=301535, class=sun.misc.FloatingDecimal$ASCIIToBinaryBuffer@500024ac)
OBJ 500050d6 (sz=32, trace=301783, class=Point@5000255b)
ARR 500050d7 (sz=32, trace=301784, nelems=0, elem type=char[])
OBJ 500050d8 (sz=32, trace=301535, class=sun.misc.FloatingDecimal$ASCIIToBinaryBuffer@500024ac)
OBJ 500050d9 (sz=32, trace=301537, class=Point@5000255b)
ARR 500050da (sz=32, trace=301785, nelems=0, elem type=char[])
OBJ 500050db (sz=32, trace=301535, class=sun.misc.FloatingDecimal$ASCIIToBinaryBuffer@500024ac)
OBJ 500050dc (sz=32, trace=301786, class=Point@5000255b)
OBJ 500050dd (sz=32, trace=301787, class=Line@50006f05)
OBJ 500050de (sz=24, trace=301779, class=java.lang.String@5000016f)
ARR 500050df (sz=80, trace=300326, nelems=0, elem type=char[])
OBJ 500050e0 (sz=24, trace=301497, class=java.util.ArrayList@500000c5)
OBJ 500050e1 (sz=24, trace=301498, class=java.lang.String@5000016f)
ARR 500050e2 (sz=32, trace=301499, nelems=0, elem type=char[])
ARR 500050e3 (sz=56, trace=300281, nelems=0, elem type=java.lang.Object[]@5000010a)
OBJ 500050e4 (sz=24, trace=301498, class=java.lang.String@5000016f)
ARR 500050e5 (sz=32, trace=301499, nelems=0, elem type=char[])
OBJ 500050e6 (sz=24, trace=301498, class=java.lang.String@5000016f)
ARR 500050e7 (sz=32, trace=301499, nelems=0, elem type=char[])
OBJ 500050e8 (sz=24, trace=301500, class=java.lang.String@5000016f)
OBJ 500050e9 (sz=32, trace=301537, class=Point@5000255b)
ARR 500050ea (sz=32, trace=301501, nelems=0, elem type=char[])
ARR 500050eb (sz=32, trace=301780, nelems=0, elem type=java.lang.String[]@500000cf)
OBJ 500050ec (sz=40, trace=301504, class=java.util.ArrayList$SubList@5000248a)
OBJ 500050ed (sz=40, trace=301506, class=java.util.ArrayList$SubList$1@5000248d)
ARR 500050ee (sz=32, trace=301781, nelems=0, elem type=char[])
OBJ 500050ef (sz=32, trace=301535, class=sun.misc.FloatingDecimal$ASCIIToBinaryBuffer@500024ac)
ARR 500050f0 (sz=32, trace=301782, nelems=0, elem type=char[])
OBJ 500050f1 (sz=32, trace=301535, class=sun.misc.FloatingDecimal$ASCIIToBinaryBuffer@500024ac)
OBJ 500050f2 (sz=32, trace=301783, class=Point@5000255b)
ARR 500050f3 (sz=32, trace=301784, nelems=0, elem type=char[])
OBJ 500050f4 (sz=32, trace=301535, class=sun.misc.FloatingDecimal$ASCIIToBinaryBuffer@500024ac)
ARR 500050f5 (sz=32, trace=301785, nelems=0, elem type=char[])
OBJ 500050f6 (sz=32, trace=301535, class=sun.misc.FloatingDecimal$ASCIIToBinaryBuffer@500024ac)
OBJ 500050f7 (sz=32, trace=301786, class=Point@5000255b)
OBJ 500050f8 (sz=32, trace=301787, class=Line@50006f05)
OBJ 500050f9 (sz=32, trace=301537, class=Point@5000255b)
OBJ 500050fa (sz=24, trace=301779, class=java.lang.String@5000016f)
ARR 500050fb (sz=88, trace=300326, nelems=0, elem type=char[])
OBJ 500050fc (sz=24, trace=301497, class=java.util.ArrayList@500000c5)
OBJ 500050fd (sz=24, trace=301498, class=java.lang.String@5000016f)
ARR 500050fe (sz=32, trace=301499, nelems=0, elem type=char[])
ARR 500050ff (sz=56, trace=300281, nelems=0, elem type=java.lang.Object[]@5000010a)
OBJ 50005100 (sz=24, trace=301498, class=java.lang.String@5000016f)
ARR 50005101 (sz=32, trace=301499, nelems=0, elem type=char[])
OBJ 50005102 (sz=24, trace=301498, class=java.lang.String@5000016f)
ARR 50005103 (sz=32, trace=301499, nelems=0, elem type=char[])
OBJ 50005104 (sz=24, trace=301500, class=java.lang.String@5000016f)
ARR 50005105 (sz=32, trace=301501, nelems=0, elem type=char[])
ARR 50005106 (sz=32, trace=301780, nelems=0, elem type=java.lang.String[]@500000cf)
OBJ 50005107 (sz=40, trace=301504, class=java.util.ArrayList$SubList@5000248a)
OBJ 50005108 (sz=40, trace=301506, class=java.util.ArrayList$SubList$1@5000248d)
OBJ 50005109 (sz=32, trace=301537, class=Point@5000255b)
ARR 5000510a (sz=32, trace=301781, nelems=0, elem type=char[])
OBJ 5000510b (sz=32, trace=301535, class=sun.misc.FloatingDecimal$ASCIIToBinaryBuffer@500024ac)
ARR 5000510c (sz=32, trace=301782, nelems=0, elem type=char[])
OBJ 5000510d (sz=32, trace=301535, class=sun.misc.FloatingDecimal$ASCIIToBinaryBuffer@500024ac)
OBJ 5000510e (sz=32, trace=301783, class=Point@5000255b)
ARR 5000510f (sz=32, trace=301784, nelems=0, elem type=char[])
OBJ 50005110 (sz=32, trace=301535, class=sun.misc.FloatingDecimal$ASCIIToBinaryBuffer@500024ac)
ARR 50005111 (sz=32, trace=301785, nelems=0, elem type=char[])
OBJ 50005112 (sz=32, trace=301535, class=sun.misc.FloatingDecimal$ASCIIToBinaryBuffer@500024ac)
OBJ 50005113 (sz=32, trace=301786, class=Point@5000255b)
OBJ 50005114 (sz=32, trace=301787, class=Line@50006f05)
OBJ 50005115 (sz=24, trace=301779, class=java.lang.String@5000016f)
ARR 50005116 (sz=88, trace=300326, nelems=0, elem type=char[])
OBJ 50005117 (sz=24, trace=301497, class=java.util.ArrayList@500000c5)
OBJ 50005118 (sz=24, trace=301498, class=java.lang.String@5000016f)
OBJ 50005119 (sz=32, trace=301537, class=Point@5000255b)
ARR 5000511a (sz=32, trace=301499, nelems=0, elem type=char[])
ARR 5000511b (sz=56, trace=300281, nelems=0, elem type=java.lang.Object[]@5000010a)
OBJ 5000511c (sz=24, trace=301498, class=java.lang.String@5000016f)
ARR 5000511d (sz=32, trace=301499, nelems=0, elem type=char[])
OBJ 5000511e (sz=24, trace=301498, class=java.lang.String@5000016f)
ARR 5000511f (sz=32, trace=301499, nelems=0, elem type=char[])
OBJ 50005120 (sz=24, trace=301500, class=java.lang.String@5000016f)
ARR 50005121 (sz=32, trace=301501, nelems=0, elem type=char[])
ARR 50005122 (sz=32, trace=301780, nelems=0, elem type=java.lang.String[]@500000cf)
OBJ 50005123 (sz=40, trace=301504, class=java.util.ArrayList$SubList@5000248a)
OBJ 50005124 (sz=40, trace=301506, class=java.util.ArrayList$SubList$1@5000248d)
ARR 50005125 (sz=32, trace=301781, nelems=0, elem type=char[])
OBJ 50005126 (sz=32, trace=301535, class=sun.misc.FloatingDecimal$ASCIIToBinaryBuffer@500024ac)
ARR 50005127 (sz=32, trace=301782, nelems=0, elem type=char[])
OBJ 50005128 (sz=32, trace=301535, class=sun.misc.FloatingDecimal$ASCIIToBinaryBuffer@500024ac)
OBJ 50005129 (sz=32, trace=301537, class=Point@5000255b)
OBJ 5000512a (sz=32, trace=301783, class=Point@5000255b)
ARR 5000512b (sz=32, trace=301784, nelems=0, elem type=char[])
OBJ 5000512c (sz=32, trace=301535, class=sun.misc.FloatingDecimal$ASCIIToBinaryBuffer@500024ac)
ARR 5000512d (sz=32, trace=301785, nelems=0, elem type=char[])
OBJ 5000512e (sz=32, trace=301535, class=sun.misc.FloatingDecimal$ASCIIToBinaryBuffer@500024ac)
OBJ 5000512f (sz=32, trace=301786, class=Point@5000255b)
OBJ 50005130 (sz=32, trace=301787, class=Line@50006f05)
OBJ 50005131 (sz=24, trace=301779, class=java.lang.String@5000016f)
ARR 50005132 (sz=88, trace=300326, nelems=0, elem type=char[])
OBJ 50005133 (sz=24, trace=301497, class=java.util.ArrayList@500000c5)
OBJ 50005134 (sz=24, trace=301498, class=java.lang.String@5000016f)
ARR 50005135 (sz=32, trace=301499, nelems=0, elem type=char[])
ARR 50005136 (sz=56, trace=300281, nelems=0, elem type=java.lang.Object[]@5000010a)
OBJ 50005137 (sz=24, trace=301498, class=java.lang.String@5000016f)
ARR 50005138 (sz=32, trace=301499, nelems=0, elem type=char[])
OBJ 50005139 (sz=32, trace=301537, class=Point@5000255b)
OBJ 5000513a (sz=24, trace=301498, class=java.lang.String@5000016f)
ARR 5000513b (sz=32, trace=301499, nelems=0, elem type=char[])
OBJ 5000513c (sz=24, trace=301500, class=java.lang.String@5000016f)
ARR 5000513d (sz=32, trace=301501, nelems=0, elem type=char[])
ARR 5000513e (sz=32, trace=301780, nelems=0, elem type=java.lang.String[]@500000cf)
OBJ 5000513f (sz=40, trace=301504, class=java.util.ArrayList$SubList@5000248a)
OBJ 50005140 (sz=40, trace=301506, class=java.util.ArrayList$SubList$1@5000248d)
ARR 50005141 (sz=32, trace=301781, nelems=0, elem type=char[])
OBJ 50005142 (sz=32, trace=301535, class=sun.misc.FloatingDecimal$ASCIIToBinaryBuffer@500024ac)
ARR 50005143 (sz=32, trace=301782, nelems=0, elem type=char[])
OBJ 50005144 (sz=32, trace=301535, class=sun.misc.FloatingDecimal$ASCIIToBinaryBuffer@500024ac)
OBJ 50005145 (sz=32, trace=301783, class=Point@5000255b)
ARR 50005146 (sz=32, trace=301784, nelems=0, elem type=char[])
OBJ 50005147 (sz=32, trace=301535, class=sun.misc.FloatingDecimal$ASCIIToBinaryBuffer@500024ac)
ARR 50005148 (sz=32, trace=301785, nelems=0, elem type=char[])
OBJ 50005149 (sz=32, trace=301537, class=Point@5000255b)
OBJ 5000514a (sz=32, trace=301535, class=sun.misc.FloatingDecimal$ASCIIToBinaryBuffer@500024ac)
OBJ 5000514b (sz=32, trace=301786, class=Point@5000255b)
OBJ 5000514c (sz=32, trace=301787, class=Line@50006f05)
OBJ 5000514d (sz=24, trace=301779, class=java.lang.String@5000016f)
ARR 5000514e (sz=88, trace=300326, nelems=0, elem type=char[])
OBJ 5000514f (sz=24, trace=301497, class=java.util.ArrayList@500000c5)
OBJ 50005150 (sz=24, trace=301498, class=java.lang.String@5000016f)
ARR 50005151 (sz=32, trace=301499, nelems=0, elem type=char[])
ARR 50005152 (sz=56, trace=300281, nelems=0, elem type=java.lang.Object[]@5000010a)
OBJ 50005153 (sz=24, trace=301498, class=java.lang.String@5000016f)
ARR 50005154 (sz=32, trace=301499, nelems=0, elem type=char[])
OBJ 50005155 (sz=24, trace=301498, class=java.lang.String@5000016f)
ARR 50005156 (sz=32, trace=301499, nelems=0, elem type=char[])
OBJ 50005157 (sz=24, trace=301500, class=java.lang.String@5000016f)
ARR 50005158 (sz=32, trace=301501, nelems=0, elem type=char[])
OBJ 50005159 (sz=32, trace=301537, class=Point@5000255b)
ARR 5000515a (sz=32, trace=301780, nelems=0, elem type=java.lang.String[]@500000cf)
OBJ 5000515b (sz=40, trace=301504, class=java.util.ArrayList$SubList@5000248a)
OBJ 5000515c (sz=40, trace=301506, class=java.util.ArrayList$SubList$1@5000248d)
ARR 5000515d (sz=32, trace=301781, nelems=0, elem type=char[])
OBJ 5000515e (sz=32, trace=301535, class=sun.misc.FloatingDecimal$ASCIIToBinaryBuffer@500024ac)
ARR 5000515f (sz=32, trace=301782, nelems=0, elem type=char[])
OBJ 50005160 (sz=32, trace=301535, class=sun.misc.FloatingDecimal$ASCIIToBinaryBuffer@500024ac)
OBJ 50005161 (sz=32, trace=301783, class=Point@5000255b)
ARR 50005162 (sz=32, trace=301784, nelems=0, elem type=char[])
OBJ 50005163 (sz=32, trace=301535, class=sun.misc.FloatingDecimal$ASCIIToBinaryBuffer@500024ac)
ARR 50005164 (sz=32, trace=301785, nelems=0, elem type=char[])
OBJ 50005165 (sz=32, trace=301535, class=sun.misc.FloatingDecimal$ASCIIToBinaryBuffer@500024ac)
OBJ 50005166 (sz=32, trace=301786, class=Point@5000255b)
OBJ 50005167 (sz=32, trace=301787, class=Line@50006f05)
OBJ 50005168 (sz=24, trace=301779, class=java.lang.String@5000016f)
OBJ 50005169 (sz=32, trace=301537, class=Point@5000255b)
ARR 5000516a (sz=80, trace=300326, nelems=0, elem type=char[])
OBJ 5000516b (sz=24, trace=301497, class=java.util.ArrayList@500000c5)
OBJ 5000516c (sz=24, trace=301498, class=java.lang.String@5000016f)
ARR 5000516d (sz=32, trace=301499, nelems=0, elem type=char[])
ARR 5000516e (sz=56, trace=300281, nelems=0, elem type=java.lang.Object[]@5000010a)
OBJ 5000516f (sz=24, trace=301498, class=java.lang.String@5000016f)
ARR 50005170 (sz=32, trace=301499, nelems=0, elem type=char[])
OBJ 50005171 (sz=24, trace=301498, class=java.lang.String@5000016f)
ARR 50005172 (sz=32, trace=301499, nelems=0, elem type=char[])
OBJ 50005173 (sz=24, trace=301500, class=java.lang.String@5000016f)
ARR 50005174 (sz=32, trace=301501, nelems=0, elem type=char[])
ARR 50005175 (sz=32, trace=301780, nelems=0, elem type=java.lang.String[]@500000cf)
OBJ 50005176 (sz=40, trace=301504, class=java.util.ArrayList$SubList@5000248a)
OBJ 50005177 (sz=40, trace=301506, class=java.util.ArrayList$SubList$1@5000248d)
ARR 50005178 (sz=32, trace=301781, nelems=0, elem type=char[])
OBJ 50005179 (sz=32, trace=301537, class=Point@5000255b)
OBJ 5000517a (sz=32, trace=301535, class=sun.misc.FloatingDecimal$ASCIIToBinaryBuffer@500024ac)
ARR 5000517b (sz=32, trace=301782, nelems=0, elem type=char[])
OBJ 5000517c (sz=32, trace=301535, class=sun.misc.FloatingDecimal$ASCIIToBinaryBuffer@500024ac)
OBJ 5000517d (sz=32, trace=301783, class=Point@5000255b)
ARR 5000517e (sz=32, trace=301784, nelems=0, elem type=char[])
OBJ 5000517f (sz=32, trace=301535, class=sun.misc.FloatingDecimal$ASCIIToBinaryBuffer@500024ac)
ARR 50005180 (sz=32, trace=301785, nelems=0, elem type=char[])
OBJ 50005181 (sz=32, trace=301535, class=sun.misc.FloatingDecimal$ASCIIToBinaryBuffer@500024ac)
OBJ 50005182 (sz=32, trace=301786, class=Point@5000255b)
OBJ 50005183 (sz=32, trace=301787, class=Line@50006f05)
OBJ 50005184 (sz=24, trace=301779, class=java.lang.String@5000016f)
ARR 50005185 (sz=88, trace=300326, nelems=0, elem type=char[])
OBJ 50005186 (sz=24, trace=301497, class=java.util.ArrayList@500000c5)
OBJ 50005187 (sz=24, trace=301498, class=java.lang.String@5000016f)
ARR 50005188 (sz=32, trace=301499, nelems=0, elem type=char[])
OBJ 50005189 (sz=32, trace=301537, class=Point@5000255b)
ARR 5000518a (sz=56, trace=300281, nelems=0, elem type=java.lang.Object[]@5000010a)
OBJ 5000518b (sz=24, trace=301498, class=java.lang.String@5000016f)
ARR 5000518c (sz=32, trace=301499, nelems=0, elem type=char[])
OBJ 5000518d (sz=24, trace=301498, class=java.lang.String@5000016f)
ARR 5000518e (sz=32, trace=301499, nelems=0, elem type=char[])
OBJ 5000518f (sz=24, trace=301500, class=java.lang.String@5000016f)
ARR 50005190 (sz=32, trace=301501, nelems=0, elem type=char[])
ARR 50005191 (sz=32, trace=301780, nelems=0, elem type=java.lang.String[]@500000cf)
OBJ 50005192 (sz=40, trace=301504, class=java.util.ArrayList$SubList@5000248a)
OBJ 50005193 (sz=40, trace=301506, class=java.util.ArrayList$SubList$1@5000248d)
ARR 50005194 (sz=32, trace=301781, nelems=0, elem type=char[])
OBJ 50005195 (sz=32, trace=301535, class=sun.misc.FloatingDecimal$ASCIIToBinaryBuffer@500024ac)
ARR 50005196 (sz=32, trace=301782, nelems=0, elem type=char[])
OBJ 50005197 (sz=32, trace=301535, class=sun.misc.FloatingDecimal$ASCIIToBinaryBuffer@500024ac)
OBJ 50005198 (sz=32, trace=301783, class=Point@5000255b)
OBJ 50005199 (sz=32, trace=301537, class=Point@5000255b)
ARR 5000519a (sz=32, trace=301784, nelems=0, elem type=char[])
OBJ 5000519b (sz=32, trace=301535, class=sun.misc.FloatingDecimal$ASCIIToBinaryBuffer@500024ac)
ARR 5000519c (sz=32, trace=301785, nelems=0, elem type=char[])
OBJ 5000519d (sz=32, trace=301535, class=sun.misc.FloatingDecimal$ASCIIToBinaryBuffer@500024ac)
OBJ 5000519e (sz=32, trace=301786, class=Point@5000255b)
OBJ 5000519f (sz=32, trace=301787, class=Line@50006f05)
OBJ 500051a0 (sz=24, trace=301779, class=java.lang.String@5000016f)
ARR 500051a1 (sz=80, trace=300326, nelems=0, elem type=char[])
OBJ 500051a2 (sz=24, trace=301497, class=java.util.ArrayList@500000c5)
OBJ 500051a3 (sz=24, trace=301498, class=java.lang.String@5000016f)
ARR 500051a4 (sz=32, trace=301499, nelems=0, elem type=char[])
ARR 500051a5 (sz=56, trace=300281, nelems=0, elem type=java.lang.Object[]@5000010a)
OBJ 500051a6 (sz=24, trace=301498, class=java.lang.String@5000016f)
ARR 500051a7 (sz=32, trace=301499, nelems=0, elem type=char[])
OBJ 500051a8 (sz=24, trace=301498, class=java.lang.String@5000016f)
OBJ 500051a9 (sz=32, trace=301537, class=Point@5000255b)
ARR 500051aa (sz=32, trace=301499, nelems=0, elem type=char[])
OBJ 500051ab (sz=24, trace=301500, class=java.lang.String@5000016f)
ARR 500051ac (sz=32, trace=301501, nelems=0, elem type=char[])
ARR 500051ad (sz=32, trace=301780, nelems=0, elem type=java.lang.String[]@500000cf)
OBJ 500051ae (sz=40, trace=301504, class=java.util.ArrayList$SubList@5000248a)
OBJ 500051af (sz=40, trace=301506, class=java.util.ArrayList$SubList$1@5000248d)
ARR 500051b0 (sz=32, trace=301781, nelems=0, elem type=char[])
OBJ 500051b1 (sz=32, trace=301535, class=sun.misc.FloatingDecimal$ASCIIToBinaryBuffer@500024ac)
ARR 500051b2 (sz=32, trace=301782, nelems=0, elem type=char[])
OBJ 500051b3 (sz=32, trace=301535, class=sun.misc.FloatingDecimal$ASCIIToBinaryBuffer@500024ac)
OBJ 500051b4 (sz=32, trace=301783, class=Point@5000255b)
ARR 500051b5 (sz=32, trace=301784, nelems=0, elem type=char[])
OBJ 500051b6 (sz=32, trace=301535, class=sun.misc.FloatingDecimal$ASCIIToBinaryBuffer@500024ac)
ARR 500051b7 (sz=32, trace=301785, nelems=0, elem type=char[])
OBJ 500051b8 (sz=32, trace=301535, class=sun.misc.FloatingDecimal$ASCIIToBinaryBuffer@500024ac)
OBJ 500051b9 (sz=32, trace=301537, class=Point@5000255b)
OBJ 500051ba (sz=32, trace=301786, class=Point@5000255b)
OBJ 500051bb (sz=32, trace=301787, class=Line@50006f05)
OBJ 500051bc (sz=24, trace=301779, class=java.lang.String@5000016f)
ARR 500051bd (sz=88, trace=300326, nelems=0, elem type=char[])
OBJ 500051be (sz=24, trace=301497, class=java.util.ArrayList@500000c5)
OBJ 500051bf (sz=24, trace=301498, class=java.lang.String@5000016f)
ARR 500051c0 (sz=32, trace=301499, nelems=0, elem type=char[])
ARR 500051c1 (sz=56, trace=300281, nelems=0, elem type=java.lang.Object[]@5000010a)
OBJ 500051c2 (sz=24, trace=301498, class=java.lang.String@5000016f)
ARR 500051c3 (sz=32, trace=301499, nelems=0, elem type=char[])
OBJ 500051c4 (sz=24, trace=301498, class=java.lang.String@5000016f)
ARR 500051c5 (sz=32, trace=301499, nelems=0, elem type=char[])
OBJ 500051c6 (sz=24, trace=301500, class=java.lang.String@5000016f)
ARR 500051c7 (sz=32, trace=301501, nelems=0, elem type=char[])
ARR 500051c8 (sz=32, trace=301780, nelems=0, elem type=java.lang.String[]@500000cf)
OBJ 500051c9 (sz=32, trace=301537, class=Point@5000255b)
OBJ 500051ca (sz=40, trace=301504, class=java.util.ArrayList$SubList@5000248a)
OBJ 500051cb (sz=40, trace=301506, class=java.util.ArrayList$SubList$1@5000248d)
ARR 500051cc (sz=32, trace=301781, nelems=0, elem type=char[])
OBJ 500051cd (sz=32, trace=301535, class=sun.misc.FloatingDecimal$ASCIIToBinaryBuffer@500024ac)
ARR 500051ce (sz=32, trace=301782, nelems=0, elem type=char[])
OBJ 500051cf (sz=32, trace=301535, class=sun.misc.FloatingDecimal$ASCIIToBinaryBuffer@500024ac)
OBJ 500051d0 (sz=32, trace=301783, class=Point@5000255b)
ARR 500051d1 (sz=32, trace=301784, nelems=0, elem type=char[])
OBJ 500051d2 (sz=32, trace=301535, class=sun.misc.FloatingDecimal$ASCIIToBinaryBuffer@500024ac)
ARR 500051d3 (sz=32, trace=301785, nelems=0, elem type=char[])
OBJ 500051d4 (sz=32, trace=301535, class=sun.misc.FloatingDecimal$ASCIIToBinaryBuffer@500024ac)
OBJ 500051d5 (sz=32, trace=301786, class=Point@5000255b)
OBJ 500051d6 (sz=32, trace=301787, class=Line@50006f05)
OBJ 500051d7 (sz=24, trace=301779, class=java.lang.String@5000016f)
ARR 500051d8 (sz=88, trace=300326, nelems=0, elem type=char[])
OBJ 500051d9 (sz=32, trace=301537, class=Point@5000255b)
OBJ 500051da (sz=24, trace=301497, class=java.util.ArrayList@500000c5)
OBJ 500051db (sz=24, trace=301498, class=java.lang.String@5000016f)
ARR 500051dc (sz=32, trace=301499, nelems=0, elem type=char[])
ARR 500051dd (sz=56, trace=300281, nelems=0, elem type=java.lang.Object[]@5000010a)
OBJ 500051de (sz=24, trace=301498, class=java.lang.String@5000016f)
ARR 500051df (sz=32, trace=301499, nelems=0, elem type=char[])
OBJ 500051e0 (sz=24, trace=301498, class=java.lang.String@5000016f)
ARR 500051e1 (sz=32, trace=301499, nelems=0, elem type=char[])
OBJ 500051e2 (sz=24, trace=301500, class=java.lang.String@5000016f)
ARR 500051e3 (sz=32, trace=301501, nelems=0, elem type=char[])
ARR 500051e4 (sz=32, trace=301780, nelems=0, elem type=java.lang.String[]@500000cf)
OBJ 500051e5 (sz=40, trace=301504, class=java.util.ArrayList$SubList@5000248a)
OBJ 500051e6 (sz=40, trace=301506, class=java.util.ArrayList$SubList$1@5000248d)
ARR 500051e7 (sz=32, trace=301781, nelems=0, elem type=char[])
OBJ 500051e8 (sz=32, trace=301535, class=sun.misc.FloatingDecimal$ASCIIToBinaryBuffer@500024ac)
OBJ 500051e9 (sz=32, trace=301537, class=Point@5000255b)
ARR 500051ea (sz=32, trace=301782, nelems=0, elem type=char[])
OBJ 500051eb (sz=32, trace=301535, class=sun.misc.FloatingDecimal$ASCIIToBinaryBuffer@500024ac)
OBJ 500051ec (sz=32, trace=301783, class=Point@5000255b)
ARR 500051ed (sz=32, trace=301784, nelems=0, elem type=char[])
OBJ 500051ee (sz=32, trace=301535, class=sun.misc.FloatingDecimal$ASCIIToBinaryBuffer@500024ac)
ARR 500051ef (sz=32, trace=301785, nelems=0, elem type=char[])
OBJ 500051f0 (sz=32, trace=301535, class=sun.misc.FloatingDecimal$ASCIIToBinaryBuffer@500024ac)
OBJ 500051f1 (sz=32, trace=301786, class=Point@5000255b)
OBJ 500051f2 (sz=32, trace=301787, class=Line@50006f05)
OBJ 500051f3 (sz=24, trace=301779, class=java.lang.String@5000016f)
OBJ 500051f4 (sz=32, trace=301755, class=Point@5000255b)
ARR 500051f5 (sz=88, trace=300326, nelems=0, elem type=char[])
OBJ 500051f6 (sz=24, trace=301497, class=java.util.ArrayList@500000c5)
OBJ 500051f7 (sz=24, trace=301498, class=java.lang.String@5000016f)
ARR 500051f8 (sz=32, trace=301499, nelems=0, elem type=char[])
OBJ 500051f9 (sz=32, trace=301537, class=Point@5000255b)
ARR 500051fa (sz=56, trace=300281, nelems=0, elem type=java.lang.Object[]@5000010a)
OBJ 500051fb (sz=24, trace=301498, class=java.lang.String@5000016f)
ARR 500051fc (sz=32, trace=301499, nelems=0, elem type=char[])
OBJ 500051fd (sz=24, trace=301498, class=java.lang.String@5000016f)
ARR 500051fe (sz=32, trace=301499, nelems=0, elem type=char[])
OBJ 500051ff (sz=24, trace=301500, class=java.lang.String@5000016f)
ARR 50005200 (sz=32, trace=301501, nelems=0, elem type=char[])
OBJ 50005201 (sz=32, trace=301755, class=Point@5000255b)
ARR 50005202 (sz=32, trace=301780, nelems=0, elem type=java.lang.String[]@500000cf)
OBJ 50005203 (sz=40, trace=301504, class=java.util.ArrayList$SubList@5000248a)
OBJ 50005204 (sz=40, trace=301506, class=java.util.ArrayList$SubList$1@5000248d)
ARR 50005205 (sz=32, trace=301781, nelems=0, elem type=char[])
OBJ 50005206 (sz=32, trace=301535, class=sun.misc.FloatingDecimal$ASCIIToBinaryBuffer@500024ac)
ARR 50005207 (sz=32, trace=301782, nelems=0, elem type=char[])
OBJ 50005208 (sz=32, trace=301535, class=sun.misc.FloatingDecimal$ASCIIToBinaryBuffer@500024ac)
OBJ 50005209 (sz=32, trace=301537, class=Point@5000255b)
OBJ 5000520a (sz=32, trace=301783, class=Point@5000255b)
ARR 5000520b (sz=32, trace=301784, nelems=0, elem type=char[])
OBJ 5000520c (sz=32, trace=301535, class=sun.misc.FloatingDecimal$ASCIIToBinaryBuffer@500024ac)
ARR 5000520d (sz=32, trace=301785, nelems=0, elem type=char[])
OBJ 5000520e (sz=32, trace=301535, class=sun.misc.FloatingDecimal$ASCIIToBinaryBuffer@500024ac)
OBJ 5000520f (sz=32, trace=301786, class=Point@5000255b)
OBJ 50005210 (sz=32, trace=301787, class=Line@50006f05)
OBJ 50005211 (sz=24, trace=301779, class=java.lang.String@5000016f)
ARR 50005212 (sz=88, trace=300326, nelems=0, elem type=char[])
OBJ 50005213 (sz=24, trace=301497, class=java.util.ArrayList@500000c5)
OBJ 50005214 (sz=24, trace=301498, class=java.lang.String@5000016f)
ARR 50005215 (sz=32, trace=301499, nelems=0, elem type=char[])
ARR 50005216 (sz=56, trace=300281, nelems=0, elem type=java.lang.Object[]@5000010a)
OBJ 50005217 (sz=24, trace=301498, class=java.lang.String@5000016f)
ARR 50005218 (sz=32, trace=301499, nelems=0, elem type=char[])
OBJ 50005219 (sz=32, trace=301537, class=Point@5000255b)
OBJ 5000521a (sz=24, trace=301498, class=java.lang.String@5000016f)
ARR 5000521b (sz=32, trace=301499, nelems=0, elem type=char[])
OBJ 5000521c (sz=24, trace=301500, class=java.lang.String@5000016f)
ARR 5000521d (sz=32, trace=301501, nelems=0, elem type=char[])
ARR 5000521e (sz=32, trace=301780, nelems=0, elem type=java.lang.String[]@500000cf)
OBJ 5000521f (sz=40, trace=301504, class=java.util.ArrayList$SubList@5000248a)
OBJ 50005220 (sz=40, trace=301506, class=java.util.ArrayList$SubList$1@5000248d)
ARR 50005221 (sz=32, trace=301781, nelems=0, elem type=char[])
OBJ 50005222 (sz=32, trace=301535, class=sun.misc.FloatingDecimal$ASCIIToBinaryBuffer@500024ac)
ARR 50005223 (sz=32, trace=301782, nelems=0, elem type=char[])
OBJ 50005224 (sz=32, trace=301535, class=sun.misc.FloatingDecimal$ASCIIToBinaryBuffer@500024ac)
OBJ 50005225 (sz=32, trace=301783, class=Point@5000255b)
ARR 50005226 (sz=32, trace=301784, nelems=0, elem type=char[])
OBJ 50005227 (sz=32, trace=301535, class=sun.misc.FloatingDecimal$ASCIIToBinaryBuffer@500024ac)
ARR 50005228 (sz=32, trace=301785, nelems=0, elem type=char[])
OBJ 50005229 (sz=32, trace=301537, class=Point@5000255b)
OBJ 5000522a (sz=32, trace=301535, class=sun.misc.FloatingDecimal$ASCIIToBinaryBuffer@500024ac)
OBJ 5000522b (sz=32, trace=301786, class=Point@5000255b)
OBJ 5000522c (sz=32, trace=301787, class=Line@50006f05)
OBJ 5000522d (sz=24, trace=301779, class=java.lang.String@5000016f)
ARR 5000522e (sz=88, trace=300326, nelems=0, elem type=char[])
OBJ 5000522f (sz=24, trace=301497, class=java.util.ArrayList@500000c5)
OBJ 50005230 (sz=24, trace=301498, class=java.lang.String@5000016f)
OBJ 50005231 (sz=32, trace=301753, class=Point@5000255b)
ARR 50005232 (sz=32, trace=301499, nelems=0, elem type=char[])
ARR 50005233 (sz=56, trace=300281, nelems=0, elem type=java.lang.Object[]@5000010a)
OBJ 50005234 (sz=24, trace=301498, class=java.lang.String@5000016f)
ARR 50005235 (sz=32, trace=301499, nelems=0, elem type=char[])
OBJ 50005236 (sz=24, trace=301498, class=java.lang.String@5000016f)
ARR 50005237 (sz=32, trace=301499, nelems=0, elem type=char[])
OBJ 50005238 (sz=24, trace=301500, class=java.lang.String@5000016f)
OBJ 50005239 (sz=32, trace=301537, class=Point@5000255b)
ARR 5000523a (sz=32, trace=301501, nelems=0, elem type=char[])
ARR 5000523b (sz=32, trace=301780, nelems=0, elem type=java.lang.String[]@500000cf)
OBJ 5000523c (sz=40, trace=301504, class=java.util.ArrayList$SubList@5000248a)
OBJ 5000523d (sz=40, trace=301506, class=java.util.ArrayList$SubList$1@5000248d)
ARR 5000523e (sz=32, trace=301781, nelems=0, elem type=char[])
OBJ 5000523f (sz=32, trace=301535, class=sun.misc.FloatingDecimal$ASCIIToBinaryBuffer@500024ac)
ARR 50005240 (sz=32, trace=301782, nelems=0, elem type=char[])
OBJ 50005241 (sz=32, trace=301535, class=sun.misc.FloatingDecimal$ASCIIToBinaryBuffer@500024ac)
OBJ 50005242 (sz=32, trace=301783, class=Point@5000255b)
ARR 50005243 (sz=32, trace=301784, nelems=0, elem type=char[])
OBJ 50005244 (sz=32, trace=301535, class=sun.misc.FloatingDecimal$ASCIIToBinaryBuffer@500024ac)
ARR 50005245 (sz=32, trace=301785, nelems=0, elem type=char[])
OBJ 50005246 (sz=32, trace=301535, class=sun.misc.FloatingDecimal$ASCIIToBinaryBuffer@500024ac)
OBJ 50005247 (sz=32, trace=301786, class=Point@5000255b)
OBJ 50005248 (sz=32, trace=301787, class=Line@50006f05)
OBJ 50005249 (sz=32, trace=301537, class=Point@5000255b)
OBJ 5000524a (sz=24, trace=301779, class=java.lang.String@5000016f)
ARR 5000524b (sz=88, trace=300326, nelems=0, elem type=char[])
OBJ 5000524c (sz=24, trace=301497, class=java.util.ArrayList@500000c5)
OBJ 5000524d (sz=24, trace=301498, class=java.lang.String@5000016f)
ARR 5000524e (sz=32, trace=301499, nelems=0, elem type=char[])
ARR 5000524f (sz=56, trace=300281, nelems=0, elem type=java.lang.Object[]@5000010a)
OBJ 50005250 (sz=24, trace=301498, class=java.lang.String@5000016f)
ARR 50005251 (sz=32, trace=301499, nelems=0, elem type=char[])
OBJ 50005252 (sz=24, trace=301498, class=java.lang.String@5000016f)
ARR 50005253 (sz=32, trace=301499, nelems=0, elem type=char[])
OBJ 50005254 (sz=24, trace=301500, class=java.lang.String@5000016f)
ARR 50005255 (sz=32, trace=301501, nelems=0, elem type=char[])
ARR 50005256 (sz=32, trace=301780, nelems=0, elem type=java.lang.String[]@500000cf)
OBJ 50005257 (sz=40, trace=301504, class=java.util.ArrayList$SubList@5000248a)
OBJ 50005258 (sz=40, trace=301506, class=java.util.ArrayList$SubList$1@5000248d)
OBJ 50005259 (sz=32, trace=301537, class=Point@5000255b)
ARR 5000525a (sz=32, trace=301781, nelems=0, elem type=char[])
OBJ 5000525b (sz=32, trace=301535, class=sun.misc.FloatingDecimal$ASCIIToBinaryBuffer@500024ac)
ARR 5000525c (sz=32, trace=301782, nelems=0, elem type=char[])
OBJ 5000525d (sz=32, trace=301535, class=sun.misc.FloatingDecimal$ASCIIToBinaryBuffer@500024ac)
OBJ 5000525e (sz=32, trace=301783, class=Point@5000255b)
ARR 5000525f (sz=32, trace=301784, nelems=0, elem type=char[])
OBJ 50005260 (sz=32, trace=301535, class=sun.misc.FloatingDecimal$ASCIIToBinaryBuffer@500024ac)
ARR 50005261 (sz=32, trace=301785, nelems=0, elem type=char[])
OBJ 50005262 (sz=32, trace=301535, class=sun.misc.FloatingDecimal$ASCIIToBinaryBuffer@500024ac)
OBJ 50005263 (sz=32, trace=301786, class=Point@5000255b)
OBJ 50005264 (sz=32, trace=301787, class=Line@50006f05)
OBJ 50005265 (sz=24, trace=301779, class=java.lang.String@5000016f)
ARR 50005266 (sz=88, trace=300326, nelems=0, elem type=char[])
OBJ 50005267 (sz=24, trace=301497, class=java.util.ArrayList@500000c5)
OBJ 50005268 (sz=24, trace=301498, class=java.lang.String@5000016f)
OBJ 50005269 (sz=32, trace=301537, class=Point@5000255b)
ARR 5000526a (sz=32, trace=301499, nelems=0, elem type=char[])
ARR 5000526b (sz=56, trace=300281, nelems=0, elem type=java.lang.Object[]@5000010a)
OBJ 5000526c (sz=24, trace=301498, class=java.lang.String@5000016f)
ARR 5000526d (sz=32, trace=301499, nelems=0, elem type=char[])
OBJ 5000526e (sz=24, trace=301498, class=java.lang.String@5000016f)
ARR 5000526f (sz=32, trace=301499, nelems=0, elem type=char[])
OBJ 50005270 (sz=24, trace=301500, class=java.lang.String@5000016f)
ARR 50005271 (sz=32, trace=301501, nelems=0, elem type=char[])
ARR 50005272 (sz=32, trace=301780, nelems=0, elem type=java.lang.String[]@500000cf)
OBJ 50005273 (sz=40, trace=301504, class=java.util.ArrayList$SubList@5000248a)
OBJ 50005274 (sz=40, trace=301506, class=java.util.ArrayList$SubList$1@5000248d)
ARR 50005275 (sz=32, trace=301781, nelems=0, elem type=char[])
OBJ 50005276 (sz=32, trace=301535, class=sun.misc.FloatingDecimal$ASCIIToBinaryBuffer@500024ac)
ARR 50005277 (sz=32, trace=301782, nelems=0, elem type=char[])
OBJ 50005278 (sz=32, trace=301535, class=sun.misc.FloatingDecimal$ASCIIToBinaryBuffer@500024ac)
OBJ 50005279 (sz=32, trace=301537, class=Point@5000255b)
OBJ 5000527a (sz=32, trace=301783, class=Point@5000255b)
ARR 5000527b (sz=32, trace=301784, nelems=0, elem type=char[])
OBJ 5000527c (sz=32, trace=301535, class=sun.misc.FloatingDecimal$ASCIIToBinaryBuffer@500024ac)
ARR 5000527d (sz=32, trace=301785, nelems=0, elem type=char[])
OBJ 5000527e (sz=32, trace=301535, class=sun.misc.FloatingDecimal$ASCIIToBinaryBuffer@500024ac)
OBJ 5000527f (sz=32, trace=301786, class=Point@5000255b)
OBJ 50005280 (sz=32, trace=301787, class=Line@50006f05)
OBJ 50005281 (sz=24, trace=301779, class=java.lang.String@5000016f)
ARR 50005282 (sz=80, trace=300326, nelems=0, elem type=char[])
OBJ 50005283 (sz=24, trace=301497, class=java.util.ArrayList@500000c5)
OBJ 50005284 (sz=24, trace=301498, class=java.lang.String@5000016f)
ARR 50005285 (sz=32, trace=301499, nelems=0, elem type=char[])
ARR 50005286 (sz=56, trace=300281, nelems=0, elem type=java.lang.Object[]@5000010a)
OBJ 50005287 (sz=24, trace=301498, class=java.lang.String@5000016f)
ARR 50005288 (sz=32, trace=301499, nelems=0, elem type=char[])
OBJ 50005289 (sz=32, trace=301537, class=Point@5000255b)
OBJ 5000528a (sz=24, trace=301498, class=java.lang.String@5000016f)
ARR 5000528b (sz=32, trace=301499, nelems=0, elem type=char[])
OBJ 5000528c (sz=24, trace=301500, class=java.lang.String@5000016f)
ARR 5000528d (sz=32, trace=301501, nelems=0, elem type=char[])
ARR 5000528e (sz=32, trace=301780, nelems=0, elem type=java.lang.String[]@500000cf)
OBJ 5000528f (sz=40, trace=301504, class=java.util.ArrayList$SubList@5000248a)
OBJ 50005290 (sz=40, trace=301506, class=java.util.ArrayList$SubList$1@5000248d)
ARR 50005291 (sz=32, trace=301781, nelems=0, elem type=char[])
OBJ 50005292 (sz=32, trace=301535, class=sun.misc.FloatingDecimal$ASCIIToBinaryBuffer@500024ac)
ARR 50005293 (sz=32, trace=301782, nelems=0, elem type=char[])
OBJ 50005294 (sz=32, trace=301535, class=sun.misc.FloatingDecimal$ASCIIToBinaryBuffer@500024ac)
OBJ 50005295 (sz=32, trace=301783, class=Point@5000255b)
ARR 50005296 (sz=32, trace=301784, nelems=0, elem type=char[])
OBJ 50005297 (sz=32, trace=301535, class=sun.misc.FloatingDecimal$ASCIIToBinaryBuffer@500024ac)
ARR 50005298 (sz=32, trace=301785, nelems=0, elem type=char[])
OBJ 50005299 (sz=32, trace=301537, class=Point@5000255b)
OBJ 5000529a (sz=32, trace=301535, class=sun.misc.FloatingDecimal$ASCIIToBinaryBuffer@500024ac)
OBJ 5000529b (sz=32, trace=301786, class=Point@5000255b)
OBJ 5000529c (sz=32, trace=301787, class=Line@50006f05)
OBJ 5000529d (sz=24, trace=301779, class=java.lang.String@5000016f)
ARR 5000529e (sz=80, trace=300326, nelems=0, elem type=char[])
OBJ 5000529f (sz=24, trace=301497, class=java.util.ArrayList@500000c5)
OBJ 500052a0 (sz=24, trace=301498, class=java.lang.String@5000016f)
ARR 500052a1 (sz=32, trace=301499, nelems=0, elem type=char[])
ARR 500052a2 (sz=56, trace=300281, nelems=0, elem type=java.lang.Object[]@5000010a)
OBJ 500052a3 (sz=24, trace=301498, class=java.lang.String@5000016f)
ARR 500052a4 (sz=32, trace=301499, nelems=0, elem type=char[])
OBJ 500052a5 (sz=24, trace=301498, class=java.lang.String@5000016f)
ARR 500052a6 (sz=32, trace=301499, nelems=0, elem type=char[])
OBJ 500052a7 (sz=24, trace=301500, class=java.lang.String@5000016f)
ARR 500052a8 (sz=32, trace=301501, nelems=0, elem type=char[])
OBJ 500052a9 (sz=32, trace=301537, class=Point@5000255b)
ARR 500052aa (sz=32, trace=301780, nelems=0, elem type=java.lang.String[]@500000cf)
OBJ 500052ab (sz=40, trace=301504, class=java.util.ArrayList$SubList@5000248a)
OBJ 500052ac (sz=40, trace=301506, class=java.util.ArrayList$SubList$1@5000248d)
ARR 500052ad (sz=32, trace=301781, nelems=0, elem type=char[])
OBJ 500052ae (sz=32, trace=301535, class=sun.misc.FloatingDecimal$ASCIIToBinaryBuffer@500024ac)
ARR 500052af (sz=32, trace=301782, nelems=0, elem type=char[])
OBJ 500052b0 (sz=32, trace=301535, class=sun.misc.FloatingDecimal$ASCIIToBinaryBuffer@500024ac)
OBJ 500052b1 (sz=32, trace=301783, class=Point@5000255b)
ARR 500052b2 (sz=32, trace=301784, nelems=0, elem type=char[])
OBJ 500052b3 (sz=32, trace=301535, class=sun.misc.FloatingDecimal$ASCIIToBinaryBuffer@500024ac)
ARR 500052b4 (sz=32, trace=301785, nelems=0, elem type=char[])
OBJ 500052b5 (sz=32, trace=301535, class=sun.misc.FloatingDecimal$ASCIIToBinaryBuffer@500024ac)
OBJ 500052b6 (sz=32, trace=301786, class=Point@5000255b)
OBJ 500052b7 (sz=32, trace=301787, class=Line@50006f05)
OBJ 500052b8 (sz=24, trace=301779, class=java.lang.String@5000016f)
OBJ 500052b9 (sz=32, trace=301537, class=Point@5000255b)
ARR 500052ba (sz=80, trace=300326, nelems=0, elem type=char[])
OBJ 500052bb (sz=24, trace=301497, class=java.util.ArrayList@500000c5)
OBJ 500052bc (sz=24, trace=301498, class=java.lang.String@5000016f)
ARR 500052bd (sz=32, trace=301499, nelems=0, elem type=char[])
ARR 500052be (sz=56, trace=300281, nelems=0, elem type=java.lang.Object[]@5000010a)
OBJ 500052bf (sz=24, trace=301498, class=java.lang.String@5000016f)
ARR 500052c0 (sz=32, trace=301499, nelems=0, elem type=char[])
OBJ 500052c1 (sz=24, trace=301498, class=java.lang.String@5000016f)
ARR 500052c2 (sz=32, trace=301499, nelems=0, elem type=char[])
OBJ 500052c3 (sz=24, trace=301500, class=java.lang.String@5000016f)
ARR 500052c4 (sz=32, trace=301501, nelems=0, elem type=char[])
ARR 500052c5 (sz=32, trace=301780, nelems=0, elem type=java.lang.String[]@500000cf)
OBJ 500052c6 (sz=40, trace=301504, class=java.util.ArrayList$SubList@5000248a)
OBJ 500052c7 (sz=40, trace=301506, class=java.util.ArrayList$SubList$1@5000248d)
ARR 500052c8 (sz=32, trace=301781, nelems=0, elem type=char[])
OBJ 500052c9 (sz=32, trace=301537, class=Point@5000255b)
OBJ 500052ca (sz=32, trace=301535, class=sun.misc.FloatingDecimal$ASCIIToBinaryBuffer@500024ac)
ARR 500052cb (sz=32, trace=301782, nelems=0, elem type=char[])
OBJ 500052cc (sz=32, trace=301535, class=sun.misc.FloatingDecimal$ASCIIToBinaryBuffer@500024ac)
OBJ 500052cd (sz=32, trace=301783, class=Point@5000255b)
ARR 500052ce (sz=32, trace=301784, nelems=0, elem type=char[])
OBJ 500052cf (sz=32, trace=301535, class=sun.misc.FloatingDecimal$ASCIIToBinaryBuffer@500024ac)
ARR 500052d0 (sz=32, trace=301785, nelems=0, elem type=char[])
OBJ 500052d1 (sz=32, trace=301535, class=sun.misc.FloatingDecimal$ASCIIToBinaryBuffer@500024ac)
OBJ 500052d2 (sz=32, trace=301786, class=Point@5000255b)
OBJ 500052d3 (sz=32, trace=301787, class=Line@50006f05)
OBJ 500052d4 (sz=24, trace=301779, class=java.lang.String@5000016f)
ARR 500052d5 (sz=80, trace=300326, nelems=0, elem type=char[])
OBJ 500052d6 (sz=24, trace=301497, class=java.util.ArrayList@500000c5)
OBJ 500052d7 (sz=24, trace=301498, class=java.lang.String@5000016f)
ARR 500052d8 (sz=32, trace=301499, nelems=0, elem type=char[])
OBJ 500052d9 (sz=32, trace=301537, class=Point@5000255b)
ARR 500052da (sz=56, trace=300281, nelems=0, elem type=java.lang.Object[]@5000010a)
OBJ 500052db (sz=24, trace=301498, class=java.lang.String@5000016f)
ARR 500052dc (sz=32, trace=301499, nelems=0, elem type=char[])
OBJ 500052dd (sz=24, trace=301498, class=java.lang.String@5000016f)
ARR 500052de (sz=32, trace=301499, nelems=0, elem type=char[])
OBJ 500052df (sz=24, trace=301500, class=java.lang.String@5000016f)
ARR 500052e0 (sz=32, trace=301501, nelems=0, elem type=char[])
ARR 500052e1 (sz=32, trace=301780, nelems=0, elem type=java.lang.String[]@500000cf)
OBJ 500052e2 (sz=40, trace=301504, class=java.util.ArrayList$SubList@5000248a)
OBJ 500052e3 (sz=40, trace=301506, class=java.util.ArrayList$SubList$1@5000248d)
ARR 500052e4 (sz=32, trace=301781, nelems=0, elem type=char[])
OBJ 500052e5 (sz=32, trace=301535, class=sun.misc.FloatingDecimal$ASCIIToBinaryBuffer@500024ac)
ARR 500052e6 (sz=32, trace=301782, nelems=0, elem type=char[])
OBJ 500052e7 (sz=32, trace=301535, class=sun.misc.FloatingDecimal$ASCIIToBinaryBuffer@500024ac)
OBJ 500052e8 (sz=32, trace=301783, class=Point@5000255b)
OBJ 500052e9 (sz=32, trace=301537, class=Point@5000255b)
ARR 500052ea (sz=32, trace=301784, nelems=0, elem type=char[])
OBJ 500052eb (sz=32, trace=301535, class=sun.misc.FloatingDecimal$ASCIIToBinaryBuffer@500024ac)
ARR 500052ec (sz=32, trace=301785, nelems=0, elem type=char[])
OBJ 500052ed (sz=32, trace=301535, class=sun.misc.FloatingDecimal$ASCIIToBinaryBuffer@500024ac)
OBJ 500052ee (sz=32, trace=301786, class=Point@5000255b)
OBJ 500052ef (sz=32, trace=301787, class=Line@50006f05)
OBJ 500052f0 (sz=24, trace=301779, class=java.lang.String@5000016f)
ARR 500052f1 (sz=80, trace=300326, nelems=0, elem type=char[])
OBJ 500052f2 (sz=24, trace=301497, class=java.util.ArrayList@500000c5)
OBJ 500052f3 (sz=24, trace=301498, class=java.lang.String@5000016f)
ARR 500052f4 (sz=32, trace=301499, nelems=0, elem type=char[])
ARR 500052f5 (sz=56, trace=300281, nelems=0, elem type=java.lang.Object[]@5000010a)
OBJ 500052f6 (sz=24, trace=301498, class=java.lang.String@5000016f)
ARR 500052f7 (sz=32, trace=301499, nelems=0, elem type=char[])
OBJ 500052f8 (sz=24, trace=301498, class=java.lang.String@5000016f)
OBJ 500052f9 (sz=32, trace=301537, class=Point@5000255b)
ARR 500052fa (sz=32, trace=301499, nelems=0, elem type=char[])
OBJ 500052fb (sz=24, trace=301500, class=java.lang.String@5000016f)
ARR 500052fc (sz=32, trace=301501, nelems=0, elem type=char[])
ARR 500052fd (sz=32, trace=301780, nelems=0, elem type=java.lang.String[]@500000cf)
OBJ 500052fe (sz=40, trace=301504, class=java.util.ArrayList$SubList@5000248a)
OBJ 500052ff (sz=40, trace=301506, class=java.util.ArrayList$SubList$1@5000248d)
ARR 50005300 (sz=32, trace=301781, nelems=0, elem type=char[])
OBJ 50005301 (sz=32, trace=301535, class=sun.misc.FloatingDecimal$ASCIIToBinaryBuffer@500024ac)
ARR 50005302 (sz=32, trace=301782, nelems=0, elem type=char[])
OBJ 50005303 (sz=32, trace=301535, class=sun.misc.FloatingDecimal$ASCIIToBinaryBuffer@500024ac)
OBJ 50005304 (sz=32, trace=301783, class=Point@5000255b)
ARR 50005305 (sz=32, trace=301784, nelems=0, elem type=char[])
OBJ 50005306 (sz=32, trace=301535, class=sun.misc.FloatingDecimal$ASCIIToBinaryBuffer@500024ac)
ARR 50005307 (sz=32, trace=301785, nelems=0, elem type=char[])
OBJ 50005308 (sz=32, trace=301535, class=sun.misc.FloatingDecimal$ASCIIToBinaryBuffer@500024ac)
OBJ 50005309 (sz=32, trace=301537, class=Point@5000255b)
OBJ 5000530a (sz=32, trace=301786, class=Point@5000255b)
OBJ 5000530b (sz=32, trace=301787, class=Line@50006f05)
OBJ 5000530c (sz=24, trace=301779, class=java.lang.String@5000016f)
ARR 5000530d (sz=80, trace=300326, nelems=0, elem type=char[])
OBJ 5000530e (sz=24, trace=301497, class=java.util.ArrayList@500000c5)
OBJ 5000530f (sz=24, trace=301498, class=java.lang.String@5000016f)
ARR 50005310 (sz=32, trace=301499, nelems=0, elem type=char[])
ARR 50005311 (sz=56, trace=300281, nelems=0, elem type=java.lang.Object[]@5000010a)
OBJ 50005312 (sz=24, trace=301498, class=java.lang.String@5000016f)
ARR 50005313 (sz=32, trace=301499, nelems=0, elem type=char[])
OBJ 50005314 (sz=24, trace=301498, class=java.lang.String@5000016f)
ARR 50005315 (sz=32, trace=301499, nelems=0, elem type=char[])
OBJ 50005316 (sz=24, trace=301500, class=java.lang.String@5000016f)
ARR 50005317 (sz=32, trace=301501, nelems=0, elem type=char[])
ARR 50005318 (sz=32, trace=301780, nelems=0, elem type=java.lang.String[]@500000cf)
OBJ 50005319 (sz=32, trace=301537, class=Point@5000255b)
OBJ 5000531a (sz=40, trace=301504, class=java.util.ArrayList$SubList@5000248a)
OBJ 5000531b (sz=40, trace=301506, class=java.util.ArrayList$SubList$1@5000248d)
ARR 5000531c (sz=32, trace=301781, nelems=0, elem type=char[])
OBJ 5000531d (sz=32, trace=301535, class=sun.misc.FloatingDecimal$ASCIIToBinaryBuffer@500024ac)
ARR 5000531e (sz=32, trace=301782, nelems=0, elem type=char[])
OBJ 5000531f (sz=32, trace=301535, class=sun.misc.FloatingDecimal$ASCIIToBinaryBuffer@500024ac)
OBJ 50005320 (sz=32, trace=301783, class=Point@5000255b)
ARR 50005321 (sz=32, trace=301784, nelems=0, elem type=char[])
OBJ 50005322 (sz=32, trace=301535, class=sun.misc.FloatingDecimal$ASCIIToBinaryBuffer@500024ac)
ARR 50005323 (sz=32, trace=301785, nelems=0, elem type=char[])
OBJ 50005324 (sz=32, trace=301535, class=sun.misc.FloatingDecimal$ASCIIToBinaryBuffer@500024ac)
OBJ 50005325 (sz=32, trace=301786, class=Point@5000255b)
OBJ 50005326 (sz=32, trace=301787, class=Line@50006f05)
OBJ 50005327 (sz=24, trace=301779, class=java.lang.String@5000016f)
ARR 50005328 (sz=80, trace=300326, nelems=0, elem type=char[])
OBJ 50005329 (sz=32, trace=301537, class=Point@5000255b)
OBJ 5000532a (sz=24, trace=301497, class=java.util.ArrayList@500000c5)
OBJ 5000532b (sz=24, trace=301498, class=java.lang.String@5000016f)
ARR 5000532c (sz=32, trace=301499, nelems=0, elem type=char[])
ARR 5000532d (sz=56, trace=300281, nelems=0, elem type=java.lang.Object[]@5000010a)
OBJ 5000532e (sz=24, trace=301498, class=java.lang.String@5000016f)
ARR 5000532f (sz=32, trace=301499, nelems=0, elem type=char[])
OBJ 50005330 (sz=24, trace=301498, class=java.lang.String@5000016f)
ARR 50005331 (sz=32, trace=301499, nelems=0, elem type=char[])
OBJ 50005332 (sz=24, trace=301500, class=java.lang.String@5000016f)
ARR 50005333 (sz=32, trace=301501, nelems=0, elem type=char[])
ARR 50005334 (sz=32, trace=301780, nelems=0, elem type=java.lang.String[]@500000cf)
OBJ 50005335 (sz=40, trace=301504, class=java.util.ArrayList$SubList@5000248a)
OBJ 50005336 (sz=40, trace=301506, class=java.util.ArrayList$SubList$1@5000248d)
ARR 50005337 (sz=32, trace=301781, nelems=0, elem type=char[])
OBJ 50005338 (sz=32, trace=301535, class=sun.misc.FloatingDecimal$ASCIIToBinaryBuffer@500024ac)
OBJ 50005339 (sz=32, trace=301537, class=Point@5000255b)
ARR 5000533a (sz=32, trace=301782, nelems=0, elem type=char[])
OBJ 5000533b (sz=32, trace=301535, class=sun.misc.FloatingDecimal$ASCIIToBinaryBuffer@500024ac)
OBJ 5000533c (sz=32, trace=301783, class=Point@5000255b)
ARR 5000533d (sz=32, trace=301784, nelems=0, elem type=char[])
OBJ 5000533e (sz=32, trace=301535, class=sun.misc.FloatingDecimal$ASCIIToBinaryBuffer@500024ac)
ARR 5000533f (sz=32, trace=301785, nelems=0, elem type=char[])
OBJ 50005340 (sz=32, trace=301535, class=sun.misc.FloatingDecimal$ASCIIToBinaryBuffer@500024ac)
OBJ 50005341 (sz=32, trace=301786, class=Point@5000255b)
OBJ 50005342 (sz=32, trace=301787, class=Line@50006f05)
OBJ 50005343 (sz=24, trace=301779, class=java.lang.String@5000016f)
ARR 50005344 (sz=80, trace=300326, nelems=0, elem type=char[])
OBJ 50005345 (sz=24, trace=301497, class=java.util.ArrayList@500000c5)
OBJ 50005346 (sz=24, trace=301498, class=java.lang.String@5000016f)
ARR 50005347 (sz=32, trace=301499, nelems=0, elem type=char[])
ARR 50005348 (sz=56, trace=300281, nelems=0, elem type=java.lang.Object[]@5000010a)
OBJ 50005349 (sz=32, trace=301537, class=Point@5000255b)
OBJ 5000534a (sz=24, trace=301498, class=java.lang.String@5000016f)
ARR 5000534b (sz=32, trace=301499, nelems=0, elem type=char[])
OBJ 5000534c (sz=24, trace=301498, class=java.lang.String@5000016f)
ARR 5000534d (sz=32, trace=301499, nelems=0, elem type=char[])
OBJ 5000534e (sz=24, trace=301500, class=java.lang.String@5000016f)
ARR 5000534f (sz=32, trace=301501, nelems=0, elem type=char[])
ARR 50005350 (sz=32, trace=301780, nelems=0, elem type=java.lang.String[]@500000cf)
OBJ 50005351 (sz=40, trace=301504, class=java.util.ArrayList$SubList@5000248a)
OBJ 50005352 (sz=40, trace=301506, class=java.util.ArrayList$SubList$1@5000248d)
ARR 50005353 (sz=32, trace=301781, nelems=0, elem type=char[])
OBJ 50005354 (sz=32, trace=301535, class=sun.misc.FloatingDecimal$ASCIIToBinaryBuffer@500024ac)
ARR 50005355 (sz=32, trace=301782, nelems=0, elem type=char[])
OBJ 50005356 (sz=32, trace=301535, class=sun.misc.FloatingDecimal$ASCIIToBinaryBuffer@500024ac)
OBJ 50005357 (sz=32, trace=301783, class=Point@5000255b)
ARR 50005358 (sz=32, trace=301784, nelems=0, elem type=char[])
OBJ 50005359 (sz=32, trace=301537, class=Point@5000255b)
OBJ 5000535a (sz=32, trace=301535, class=sun.misc.FloatingDecimal$ASCIIToBinaryBuffer@500024ac)
ARR 5000535b (sz=32, trace=301785, nelems=0, elem type=char[])
OBJ 5000535c (sz=32, trace=301535, class=sun.misc.FloatingDecimal$ASCIIToBinaryBuffer@500024ac)
OBJ 5000535d (sz=32, trace=301786, class=Point@5000255b)
OBJ 5000535e (sz=32, trace=301787, class=Line@50006f05)
OBJ 5000535f (sz=24, trace=301779, class=java.lang.String@5000016f)
ARR 50005360 (sz=80, trace=300326, nelems=0, elem type=char[])
OBJ 50005361 (sz=24, trace=301497, class=java.util.ArrayList@500000c5)
OBJ 50005362 (sz=24, trace=301498, class=java.lang.String@5000016f)
ARR 50005363 (sz=32, trace=301499, nelems=0, elem type=char[])
ARR 50005364 (sz=56, trace=300281, nelems=0, elem type=java.lang.Object[]@5000010a)
OBJ 50005365 (sz=24, trace=301498, class=java.lang.String@5000016f)
ARR 50005366 (sz=32, trace=301499, nelems=0, elem type=char[])
OBJ 50005367 (sz=24, trace=301498, class=java.lang.String@5000016f)
ARR 50005368 (sz=32, trace=301499, nelems=0, elem type=char[])
OBJ 50005369 (sz=32, trace=301537, class=Point@5000255b)
OBJ 5000536a (sz=24, trace=301500, class=java.lang.String@5000016f)
ARR 5000536b (sz=32, trace=301501, nelems=0, elem type=char[])
ARR 5000536c (sz=32, trace=301780, nelems=0, elem type=java.lang.String[]@500000cf)
OBJ 5000536d (sz=40, trace=301504, class=java.util.ArrayList$SubList@5000248a)
OBJ 5000536e (sz=40, trace=301506, class=java.util.ArrayList$SubList$1@5000248d)
ARR 5000536f (sz=32, trace=301781, nelems=0, elem type=char[])
OBJ 50005370 (sz=32, trace=301535, class=sun.misc.FloatingDecimal$ASCIIToBinaryBuffer@500024ac)
ARR 50005371 (sz=32, trace=301782, nelems=0, elem type=char[])
OBJ 50005372 (sz=32, trace=301535, class=sun.misc.FloatingDecimal$ASCIIToBinaryBuffer@500024ac)
OBJ 50005373 (sz=32, trace=301783, class=Point@5000255b)
ARR 50005374 (sz=32, trace=301784, nelems=0, elem type=char[])
OBJ 50005375 (sz=32, trace=301535, class=sun.misc.FloatingDecimal$ASCIIToBinaryBuffer@500024ac)
ARR 50005376 (sz=32, trace=301785, nelems=0, elem type=char[])
OBJ 50005377 (sz=32, trace=301535, class=sun.misc.FloatingDecimal$ASCIIToBinaryBuffer@500024ac)
OBJ 50005378 (sz=32, trace=301786, class=Point@5000255b)
OBJ 50005379 (sz=32, trace=301537, class=Point@5000255b)
OBJ 5000537a (sz=32, trace=301787, class=Line@50006f05)
OBJ 5000537b (sz=24, trace=301779, class=java.lang.String@5000016f)
ARR 5000537c (sz=80, trace=300326, nelems=0, elem type=char[])
OBJ 5000537d (sz=24, trace=301497, class=java.util.ArrayList@500000c5)
OBJ 5000537e (sz=24, trace=301498, class=java.lang.String@5000016f)
ARR 5000537f (sz=32, trace=301499, nelems=0, elem type=char[])
ARR 50005380 (sz=56, trace=300281, nelems=0, elem type=java.lang.Object[]@5000010a)
OBJ 50005381 (sz=24, trace=301498, class=java.lang.String@5000016f)
ARR 50005382 (sz=32, trace=301499, nelems=0, elem type=char[])
OBJ 50005383 (sz=24, trace=301498, class=java.lang.String@5000016f)
ARR 50005384 (sz=32, trace=301499, nelems=0, elem type=char[])
OBJ 50005385 (sz=24, trace=301500, class=java.lang.String@5000016f)
ARR 50005386 (sz=32, trace=301501, nelems=0, elem type=char[])
ARR 50005387 (sz=32, trace=301780, nelems=0, elem type=java.lang.String[]@500000cf)
OBJ 50005388 (sz=40, trace=301504, class=java.util.ArrayList$SubList@5000248a)
OBJ 50005389 (sz=32, trace=301537, class=Point@5000255b)
OBJ 5000538a (sz=40, trace=301506, class=java.util.ArrayList$SubList$1@5000248d)
ARR 5000538b (sz=32, trace=301781, nelems=0, elem type=char[])
OBJ 5000538c (sz=32, trace=301535, class=sun.misc.FloatingDecimal$ASCIIToBinaryBuffer@500024ac)
ARR 5000538d (sz=32, trace=301782, nelems=0, elem type=char[])
OBJ 5000538e (sz=32, trace=301535, class=sun.misc.FloatingDecimal$ASCIIToBinaryBuffer@500024ac)
OBJ 5000538f (sz=32, trace=301783, class=Point@5000255b)
ARR 50005390 (sz=32, trace=301784, nelems=0, elem type=char[])
OBJ 50005391 (sz=32, trace=301535, class=sun.misc.FloatingDecimal$ASCIIToBinaryBuffer@500024ac)
ARR 50005392 (sz=32, trace=301785, nelems=0, elem type=char[])
OBJ 50005393 (sz=32, trace=301535, class=sun.misc.FloatingDecimal$ASCIIToBinaryBuffer@500024ac)
OBJ 50005394 (sz=32, trace=301786, class=Point@5000255b)
OBJ 50005395 (sz=32, trace=301787, class=Line@50006f05)
OBJ 50005396 (sz=24, trace=301779, class=java.lang.String@5000016f)
ARR 50005397 (sz=80, trace=300326, nelems=0, elem type=char[])
OBJ 50005398 (sz=24, trace=301497, class=java.util.ArrayList@500000c5)
OBJ 50005399 (sz=32, trace=301537, class=Point@5000255b)
OBJ 5000539a (sz=24, trace=301498, class=java.lang.String@5000016f)
ARR 5000539b (sz=32, trace=301499, nelems=0, elem type=char[])
ARR 5000539c (sz=56, trace=300281, nelems=0, elem type=java.lang.Object[]@5000010a)
OBJ 5000539d (sz=24, trace=301498, class=java.lang.String@5000016f)
ARR 5000539e (sz=32, trace=301499, nelems=0, elem type=char[])
OBJ 5000539f (sz=24, trace=301498, class=java.lang.String@5000016f)
ARR 500053a0 (sz=32, trace=301499, nelems=0, elem type=char[])
OBJ 500053a1 (sz=24, trace=301500, class=java.lang.String@5000016f)
ARR 500053a2 (sz=32, trace=301501, nelems=0, elem type=char[])
ARR 500053a3 (sz=32, trace=301780, nelems=0, elem type=java.lang.String[]@500000cf)
OBJ 500053a4 (sz=40, trace=301504, class=java.util.ArrayList$SubList@5000248a)
OBJ 500053a5 (sz=40, trace=301506, class=java.util.ArrayList$SubList$1@5000248d)
ARR 500053a6 (sz=32, trace=301781, nelems=0, elem type=char[])
OBJ 500053a7 (sz=32, trace=301535, class=sun.misc.FloatingDecimal$ASCIIToBinaryBuffer@500024ac)
ARR 500053a8 (sz=32, trace=301782, nelems=0, elem type=char[])
OBJ 500053a9 (sz=32, trace=301537, class=Point@5000255b)
OBJ 500053aa (sz=32, trace=301535, class=sun.misc.FloatingDecimal$ASCIIToBinaryBuffer@500024ac)
OBJ 500053ab (sz=32, trace=301783, class=Point@5000255b)
ARR 500053ac (sz=32, trace=301784, nelems=0, elem type=char[])
OBJ 500053ad (sz=32, trace=301535, class=sun.misc.FloatingDecimal$ASCIIToBinaryBuffer@500024ac)
ARR 500053ae (sz=32, trace=301785, nelems=0, elem type=char[])
OBJ 500053af (sz=32, trace=301535, class=sun.misc.FloatingDecimal$ASCIIToBinaryBuffer@500024ac)
OBJ 500053b0 (sz=32, trace=301786, class=Point@5000255b)
OBJ 500053b1 (sz=32, trace=301787, class=Line@50006f05)
OBJ 500053b2 (sz=24, trace=301779, class=java.lang.String@5000016f)
ARR 500053b3 (sz=80, trace=300326, nelems=0, elem type=char[])
OBJ 500053b4 (sz=24, trace=301497, class=java.util.ArrayList@500000c5)
OBJ 500053b5 (sz=24, trace=301498, class=java.lang.String@5000016f)
ARR 500053b6 (sz=32, trace=301499, nelems=0, elem type=char[])
ARR 500053b7 (sz=56, trace=300281, nelems=0, elem type=java.lang.Object[]@5000010a)
OBJ 500053b8 (sz=24, trace=301498, class=java.lang.String@5000016f)
OBJ 500053b9 (sz=32, trace=301537, class=Point@5000255b)
ARR 500053ba (sz=32, trace=301499, nelems=0, elem type=char[])
OBJ 500053bb (sz=24, trace=301498, class=java.lang.String@5000016f)
ARR 500053bc (sz=32, trace=301499, nelems=0, elem type=char[])
OBJ 500053bd (sz=24, trace=301500, class=java.lang.String@5000016f)
ARR 500053be (sz=32, trace=301501, nelems=0, elem type=char[])
ARR 500053bf (sz=32, trace=301780, nelems=0, elem type=java.lang.String[]@500000cf)
OBJ 500053c0 (sz=40, trace=301504, class=java.util.ArrayList$SubList@5000248a)
OBJ 500053c1 (sz=40, trace=301506, class=java.util.ArrayList$SubList$1@5000248d)
ARR 500053c2 (sz=32, trace=301781, nelems=0, elem type=char[])
OBJ 500053c3 (sz=32, trace=301535, class=sun.misc.FloatingDecimal$ASCIIToBinaryBuffer@500024ac)
ARR 500053c4 (sz=32, trace=301782, nelems=0, elem type=char[])
OBJ 500053c5 (sz=32, trace=301535, class=sun.misc.FloatingDecimal$ASCIIToBinaryBuffer@500024ac)
OBJ 500053c6 (sz=32, trace=301783, class=Point@5000255b)
ARR 500053c7 (sz=32, trace=301784, nelems=0, elem type=char[])
OBJ 500053c8 (sz=32, trace=301535, class=sun.misc.FloatingDecimal$ASCIIToBinaryBuffer@500024ac)
OBJ 500053c9 (sz=32, trace=301537, class=Point@5000255b)
ARR 500053ca (sz=32, trace=301785, nelems=0, elem type=char[])
OBJ 500053cb (sz=32, trace=301535, class=sun.misc.FloatingDecimal$ASCIIToBinaryBuffer@500024ac)
OBJ 500053cc (sz=32, trace=301786, class=Point@5000255b)
OBJ 500053cd (sz=32, trace=301787, class=Line@50006f05)
OBJ 500053ce (sz=24, trace=301779, class=java.lang.String@5000016f)
ARR 500053cf (sz=80, trace=300326, nelems=0, elem type=char[])
OBJ 500053d0 (sz=24, trace=301497, class=java.util.ArrayList@500000c5)
OBJ 500053d1 (sz=24, trace=301498, class=java.lang.String@5000016f)
ARR 500053d2 (sz=32, trace=301499, nelems=0, elem type=char[])
ARR 500053d3 (sz=56, trace=300281, nelems=0, elem type=java.lang.Object[]@5000010a)
OBJ 500053d4 (sz=24, trace=301498, class=java.lang.String@5000016f)
ARR 500053d5 (sz=32, trace=301499, nelems=0, elem type=char[])
OBJ 500053d6 (sz=24, trace=301498, class=java.lang.String@5000016f)
ARR 500053d7 (sz=32, trace=301499, nelems=0, elem type=char[])
OBJ 500053d8 (sz=24, trace=301500, class=java.lang.String@5000016f)
OBJ 500053d9 (sz=32, trace=301537, class=Point@5000255b)
ARR 500053da (sz=32, trace=301501, nelems=0, elem type=char[])
ARR 500053db (sz=32, trace=301780, nelems=0, elem type=java.lang.String[]@500000cf)
OBJ 500053dc (sz=40, trace=301504, class=java.util.ArrayList$SubList@5000248a)
OBJ 500053dd (sz=40, trace=301506, class=java.util.ArrayList$SubList$1@5000248d)
ARR 500053de (sz=32, trace=301781, nelems=0, elem type=char[])
OBJ 500053df (sz=32, trace=301535, class=sun.misc.FloatingDecimal$ASCIIToBinaryBuffer@500024ac)
ARR 500053e0 (sz=32, trace=301782, nelems=0, elem type=char[])
OBJ 500053e1 (sz=32, trace=301535, class=sun.misc.FloatingDecimal$ASCIIToBinaryBuffer@500024ac)
OBJ 500053e2 (sz=32, trace=301783, class=Point@5000255b)
ARR 500053e3 (sz=32, trace=301784, nelems=0, elem type=char[])
OBJ 500053e4 (sz=32, trace=301535, class=sun.misc.FloatingDecimal$ASCIIToBinaryBuffer@500024ac)
ARR 500053e5 (sz=32, trace=301785, nelems=0, elem type=char[])
OBJ 500053e6 (sz=32, trace=301535, class=sun.misc.FloatingDecimal$ASCIIToBinaryBuffer@500024ac)
OBJ 500053e7 (sz=32, trace=301786, class=Point@5000255b)
OBJ 500053e8 (sz=32, trace=301787, class=Line@50006f05)
OBJ 500053e9 (sz=32, trace=301537, class=Point@5000255b)
OBJ 500053ea (sz=24, trace=301779, class=java.lang.String@5000016f)
ARR 500053eb (sz=80, trace=300326, nelems=0, elem type=char[])
OBJ 500053ec (sz=24, trace=301497, class=java.util.ArrayList@500000c5)
OBJ 500053ed (sz=24, trace=301498, class=java.lang.String@5000016f)
ARR 500053ee (sz=32, trace=301499, nelems=0, elem type=char[])
ARR 500053ef (sz=56, trace=300281, nelems=0, elem type=java.lang.Object[]@5000010a)
OBJ 500053f0 (sz=24, trace=301498, class=java.lang.String@5000016f)
ARR 500053f1 (sz=32, trace=301499, nelems=0, elem type=char[])
OBJ 500053f2 (sz=24, trace=301498, class=java.lang.String@5000016f)
ARR 500053f3 (sz=32, trace=301499, nelems=0, elem type=char[])
OBJ 500053f4 (sz=24, trace=301500, class=java.lang.String@5000016f)
ARR 500053f5 (sz=32, trace=301501, nelems=0, elem type=char[])
ARR 500053f6 (sz=32, trace=301780, nelems=0, elem type=java.lang.String[]@500000cf)
OBJ 500053f7 (sz=40, trace=301504, class=java.util.ArrayList$SubList@5000248a)
OBJ 500053f8 (sz=40, trace=301506, class=java.util.ArrayList$SubList$1@5000248d)
OBJ 500053f9 (sz=32, trace=301537, class=Point@5000255b)
ARR 500053fa (sz=32, trace=301781, nelems=0, elem type=char[])
OBJ 500053fb (sz=32, trace=301535, class=sun.misc.FloatingDecimal$ASCIIToBinaryBuffer@500024ac)
ARR 500053fc (sz=32, trace=301782, nelems=0, elem type=char[])
OBJ 500053fd (sz=32, trace=301535, class=sun.misc.FloatingDecimal$ASCIIToBinaryBuffer@500024ac)
OBJ 500053fe (sz=32, trace=301783, class=Point@5000255b)
ARR 500053ff (sz=32, trace=301784, nelems=0, elem type=char[])
OBJ 50005400 (sz=32, trace=301535, class=sun.misc.FloatingDecimal$ASCIIToBinaryBuffer@500024ac)
ARR 50005401 (sz=32, trace=301785, nelems=0, elem type=char[])
OBJ 50005402 (sz=32, trace=301535, class=sun.misc.FloatingDecimal$ASCIIToBinaryBuffer@500024ac)
OBJ 50005403 (sz=32, trace=301786, class=Point@5000255b)
OBJ 50005404 (sz=32, trace=301787, class=Line@50006f05)
OBJ 50005405 (sz=24, trace=301779, class=java.lang.String@5000016f)
ARR 50005406 (sz=80, trace=300326, nelems=0, elem type=char[])
OBJ 50005407 (sz=24, trace=301497, class=java.util.ArrayList@500000c5)
OBJ 50005408 (sz=24, trace=301498, class=java.lang.String@5000016f)
OBJ 50005409 (sz=32, trace=301537, class=Point@5000255b)
ARR 5000540a (sz=32, trace=301499, nelems=0, elem type=char[])
ARR 5000540b (sz=56, trace=300281, nelems=0, elem type=java.lang.Object[]@5000010a)
OBJ 5000540c (sz=24, trace=301498, class=java.lang.String@5000016f)
ARR 5000540d (sz=32, trace=301499, nelems=0, elem type=char[])
OBJ 5000540e (sz=24, trace=301498, class=java.lang.String@5000016f)
ARR 5000540f (sz=32, trace=301499, nelems=0, elem type=char[])
OBJ 50005410 (sz=24, trace=301500, class=java.lang.String@5000016f)
ARR 50005411 (sz=32, trace=301501, nelems=0, elem type=char[])
ARR 50005412 (sz=32, trace=301780, nelems=0, elem type=java.lang.String[]@500000cf)
OBJ 50005413 (sz=40, trace=301504, class=java.util.ArrayList$SubList@5000248a)
OBJ 50005414 (sz=40, trace=301506, class=java.util.ArrayList$SubList$1@5000248d)
ARR 50005415 (sz=32, trace=301781, nelems=0, elem type=char[])
OBJ 50005416 (sz=32, trace=301535, class=sun.misc.FloatingDecimal$ASCIIToBinaryBuffer@500024ac)
ARR 50005417 (sz=32, trace=301782, nelems=0, elem type=char[])
OBJ 50005418 (sz=32, trace=301535, class=sun.misc.FloatingDecimal$ASCIIToBinaryBuffer@500024ac)
OBJ 50005419 (sz=32, trace=301537, class=Point@5000255b)
OBJ 5000541a (sz=32, trace=301783, class=Point@5000255b)
ARR 5000541b (sz=32, trace=301784, nelems=0, elem type=char[])
OBJ 5000541c (sz=32, trace=301535, class=sun.misc.FloatingDecimal$ASCIIToBinaryBuffer@500024ac)
ARR 5000541d (sz=32, trace=301785, nelems=0, elem type=char[])
OBJ 5000541e (sz=32, trace=301535, class=sun.misc.FloatingDecimal$ASCIIToBinaryBuffer@500024ac)
OBJ 5000541f (sz=32, trace=301786, class=Point@5000255b)
OBJ 50005420 (sz=32, trace=301787, class=Line@50006f05)
OBJ 50005421 (sz=24, trace=301779, class=java.lang.String@5000016f)
ARR 50005422 (sz=80, trace=300326, nelems=0, elem type=char[])
OBJ 50005423 (sz=24, trace=301497, class=java.util.ArrayList@500000c5)
OBJ 50005424 (sz=24, trace=301498, class=java.lang.String@5000016f)
ARR 50005425 (sz=32, trace=301499, nelems=0, elem type=char[])
ARR 50005426 (sz=56, trace=300281, nelems=0, elem type=java.lang.Object[]@5000010a)
OBJ 50005427 (sz=24, trace=301498, class=java.lang.String@5000016f)
ARR 50005428 (sz=32, trace=301499, nelems=0, elem type=char[])
OBJ 50005429 (sz=32, trace=301537, class=Point@5000255b)
OBJ 5000542a (sz=24, trace=301498, class=java.lang.String@5000016f)
ARR 5000542b (sz=32, trace=301499, nelems=0, elem type=char[])
OBJ 5000542c (sz=24, trace=301500, class=java.lang.String@5000016f)
ARR 5000542d (sz=32, trace=301501, nelems=0, elem type=char[])
ARR 5000542e (sz=32, trace=301780, nelems=0, elem type=java.lang.String[]@500000cf)
OBJ 5000542f (sz=40, trace=301504, class=java.util.ArrayList$SubList@5000248a)
OBJ 50005430 (sz=40, trace=301506, class=java.util.ArrayList$SubList$1@5000248d)
ARR 50005431 (sz=32, trace=301781, nelems=0, elem type=char[])
OBJ 50005432 (sz=32, trace=301535, class=sun.misc.FloatingDecimal$ASCIIToBinaryBuffer@500024ac)
ARR 50005433 (sz=32, trace=301782, nelems=0, elem type=char[])
OBJ 50005434 (sz=32, trace=301535, class=sun.misc.FloatingDecimal$ASCIIToBinaryBuffer@500024ac)
OBJ 50005435 (sz=32, trace=301783, class=Point@5000255b)
ARR 50005436 (sz=32, trace=301784, nelems=0, elem type=char[])
OBJ 50005437 (sz=32, trace=301535, class=sun.misc.FloatingDecimal$ASCIIToBinaryBuffer@500024ac)
ARR 50005438 (sz=32, trace=301785, nelems=0, elem type=char[])
OBJ 50005439 (sz=32, trace=301537, class=Point@5000255b)
OBJ 5000543a (sz=32, trace=301535, class=sun.misc.FloatingDecimal$ASCIIToBinaryBuffer@500024ac)
OBJ 5000543b (sz=32, trace=301786, class=Point@5000255b)
OBJ 5000543c (sz=32, trace=301787, class=Line@50006f05)
OBJ 5000543d (sz=24, trace=301779, class=java.lang.String@5000016f)
ARR 5000543e (sz=80, trace=300326, nelems=0, elem type=char[])
OBJ 5000543f (sz=24, trace=301497, class=java.util.ArrayList@500000c5)
OBJ 50005440 (sz=24, trace=301498, class=java.lang.String@5000016f)
ARR 50005441 (sz=32, trace=301499, nelems=0, elem type=char[])
ARR 50005442 (sz=56, trace=300281, nelems=0, elem type=java.lang.Object[]@5000010a)
OBJ 50005443 (sz=24, trace=301498, class=java.lang.String@5000016f)
ARR 50005444 (sz=32, trace=301499, nelems=0, elem type=char[])
OBJ 50005445 (sz=24, trace=301498, class=java.lang.String@5000016f)
ARR 50005446 (sz=32, trace=301499, nelems=0, elem type=char[])
OBJ 50005447 (sz=24, trace=301500, class=java.lang.String@5000016f)
ARR 50005448 (sz=32, trace=301501, nelems=0, elem type=char[])
OBJ 50005449 (sz=32, trace=301537, class=Point@5000255b)
ARR 5000544a (sz=32, trace=301780, nelems=0, elem type=java.lang.String[]@500000cf)
OBJ 5000544b (sz=40, trace=301504, class=java.util.ArrayList$SubList@5000248a)
OBJ 5000544c (sz=40, trace=301506, class=java.util.ArrayList$SubList$1@5000248d)
ARR 5000544d (sz=32, trace=301781, nelems=0, elem type=char[])
OBJ 5000544e (sz=32, trace=301535, class=sun.misc.FloatingDecimal$ASCIIToBinaryBuffer@500024ac)
ARR 5000544f (sz=32, trace=301782, nelems=0, elem type=char[])
OBJ 50005450 (sz=32, trace=301535, class=sun.misc.FloatingDecimal$ASCIIToBinaryBuffer@500024ac)
OBJ 50005451 (sz=32, trace=301783, class=Point@5000255b)
ARR 50005452 (sz=32, trace=301784, nelems=0, elem type=char[])
OBJ 50005453 (sz=32, trace=301535, class=sun.misc.FloatingDecimal$ASCIIToBinaryBuffer@500024ac)
ARR 50005454 (sz=32, trace=301785, nelems=0, elem type=char[])
OBJ 50005455 (sz=32, trace=301535, class=sun.misc.FloatingDecimal$ASCIIToBinaryBuffer@500024ac)
OBJ 50005456 (sz=32, trace=301786, class=Point@5000255b)
OBJ 50005457 (sz=32, trace=301787, class=Line@50006f05)
OBJ 50005458 (sz=24, trace=301779, class=java.lang.String@5000016f)
OBJ 50005459 (sz=32, trace=301537, class=Point@5000255b)
ARR 5000545a (sz=80, trace=300326, nelems=0, elem type=char[])
OBJ 5000545b (sz=24, trace=301497, class=java.util.ArrayList@500000c5)
OBJ 5000545c (sz=24, trace=301498, class=java.lang.String@5000016f)
ARR 5000545d (sz=32, trace=301499, nelems=0, elem type=char[])
ARR 5000545e (sz=56, trace=300281, nelems=0, elem type=java.lang.Object[]@5000010a)
OBJ 5000545f (sz=24, trace=301498, class=java.lang.String@5000016f)
ARR 50005460 (sz=32, trace=301499, nelems=0, elem type=char[])
OBJ 50005461 (sz=24, trace=301498, class=java.lang.String@5000016f)
ARR 50005462 (sz=32, trace=301499, nelems=0, elem type=char[])
OBJ 50005463 (sz=24, trace=301500, class=java.lang.String@5000016f)
ARR 50005464 (sz=32, trace=301501, nelems=0, elem type=char[])
ARR 50005465 (sz=32, trace=301780, nelems=0, elem type=java.lang.String[]@500000cf)
OBJ 50005466 (sz=40, trace=301504, class=java.util.ArrayList$SubList@5000248a)
OBJ 50005467 (sz=40, trace=301506, class=java.util.ArrayList$SubList$1@5000248d)
ARR 50005468 (sz=32, trace=301781, nelems=0, elem type=char[])
OBJ 50005469 (sz=32, trace=301537, class=Point@5000255b)
OBJ 5000546a (sz=32, trace=301535, class=sun.misc.FloatingDecimal$ASCIIToBinaryBuffer@500024ac)
ARR 5000546b (sz=32, trace=301782, nelems=0, elem type=char[])
OBJ 5000546c (sz=32, trace=301535, class=sun.misc.FloatingDecimal$ASCIIToBinaryBuffer@500024ac)
OBJ 5000546d (sz=32, trace=301783, class=Point@5000255b)
ARR 5000546e (sz=32, trace=301784, nelems=0, elem type=char[])
OBJ 5000546f (sz=32, trace=301535, class=sun.misc.FloatingDecimal$ASCIIToBinaryBuffer@500024ac)
ARR 50005470 (sz=32, trace=301785, nelems=0, elem type=char[])
OBJ 50005471 (sz=32, trace=301535, class=sun.misc.FloatingDecimal$ASCIIToBinaryBuffer@500024ac)
OBJ 50005472 (sz=32, trace=301786, class=Point@5000255b)
OBJ 50005473 (sz=32, trace=301787, class=Line@50006f05)
OBJ 50005474 (sz=24, trace=301779, class=java.lang.String@5000016f)
ARR 50005475 (sz=80, trace=300326, nelems=0, elem type=char[])
OBJ 50005476 (sz=24, trace=301497, class=java.util.ArrayList@500000c5)
OBJ 50005477 (sz=24, trace=301498, class=java.lang.String@5000016f)
ARR 50005478 (sz=32, trace=301499, nelems=0, elem type=char[])
OBJ 50005479 (sz=32, trace=301537, class=Point@5000255b)
ARR 5000547a (sz=56, trace=300281, nelems=0, elem type=java.lang.Object[]@5000010a)
OBJ 5000547b (sz=24, trace=301498, class=java.lang.String@5000016f)
ARR 5000547c (sz=32, trace=301499, nelems=0, elem type=char[])
OBJ 5000547d (sz=24, trace=301498, class=java.lang.String@5000016f)
ARR 5000547e (sz=32, trace=301499, nelems=0, elem type=char[])
OBJ 5000547f (sz=24, trace=301500, class=java.lang.String@5000016f)
ARR 50005480 (sz=32, trace=301501, nelems=0, elem type=char[])
ARR 50005481 (sz=32, trace=301780, nelems=0, elem type=java.lang.String[]@500000cf)
OBJ 50005482 (sz=40, trace=301504, class=java.util.ArrayList$SubList@5000248a)
OBJ 50005483 (sz=40, trace=301506, class=java.util.ArrayList$SubList$1@5000248d)
ARR 50005484 (sz=32, trace=301781, nelems=0, elem type=char[])
OBJ 50005485 (sz=32, trace=301535, class=sun.misc.FloatingDecimal$ASCIIToBinaryBuffer@500024ac)
ARR 50005486 (sz=32, trace=301782, nelems=0, elem type=char[])
OBJ 50005487 (sz=32, trace=301535, class=sun.misc.FloatingDecimal$ASCIIToBinaryBuffer@500024ac)
OBJ 50005488 (sz=32, trace=301783, class=Point@5000255b)
OBJ 50005489 (sz=32, trace=301537, class=Point@5000255b)
ARR 5000548a (sz=32, trace=301784, nelems=0, elem type=char[])
OBJ 5000548b (sz=32, trace=301535, class=sun.misc.FloatingDecimal$ASCIIToBinaryBuffer@500024ac)
ARR 5000548c (sz=32, trace=301785, nelems=0, elem type=char[])
OBJ 5000548d (sz=32, trace=301535, class=sun.misc.FloatingDecimal$ASCIIToBinaryBuffer@500024ac)
OBJ 5000548e (sz=32, trace=301786, class=Point@5000255b)
OBJ 5000548f (sz=32, trace=301787, class=Line@50006f05)
OBJ 50005490 (sz=24, trace=301779, class=java.lang.String@5000016f)
ARR 50005491 (sz=80, trace=300326, nelems=0, elem type=char[])
OBJ 50005492 (sz=24, trace=301497, class=java.util.ArrayList@500000c5)
OBJ 50005493 (sz=24, trace=301498, class=java.lang.String@5000016f)
ARR 50005494 (sz=32, trace=301499, nelems=0, elem type=char[])
ARR 50005495 (sz=56, trace=300281, nelems=0, elem type=java.lang.Object[]@5000010a)
OBJ 50005496 (sz=24, trace=301498, class=java.lang.String@5000016f)
ARR 50005497 (sz=32, trace=301499, nelems=0, elem type=char[])
OBJ 50005498 (sz=24, trace=301498, class=java.lang.String@5000016f)
OBJ 50005499 (sz=32, trace=301537, class=Point@5000255b)
ARR 5000549a (sz=32, trace=301499, nelems=0, elem type=char[])
OBJ 5000549b (sz=24, trace=301500, class=java.lang.String@5000016f)
ARR 5000549c (sz=32, trace=301501, nelems=0, elem type=char[])
ARR 5000549d (sz=32, trace=301780, nelems=0, elem type=java.lang.String[]@500000cf)
OBJ 5000549e (sz=40, trace=301504, class=java.util.ArrayList$SubList@5000248a)
OBJ 5000549f (sz=40, trace=301506, class=java.util.ArrayList$SubList$1@5000248d)
ARR 500054a0 (sz=32, trace=301781, nelems=0, elem type=char[])
OBJ 500054a1 (sz=32, trace=301535, class=sun.misc.FloatingDecimal$ASCIIToBinaryBuffer@500024ac)
ARR 500054a2 (sz=32, trace=301782, nelems=0, elem type=char[])
OBJ 500054a3 (sz=32, trace=301535, class=sun.misc.FloatingDecimal$ASCIIToBinaryBuffer@500024ac)
OBJ 500054a4 (sz=32, trace=301783, class=Point@5000255b)
ARR 500054a5 (sz=32, trace=301784, nelems=0, elem type=char[])
OBJ 500054a6 (sz=32, trace=301535, class=sun.misc.FloatingDecimal$ASCIIToBinaryBuffer@500024ac)
ARR 500054a7 (sz=32, trace=301785, nelems=0, elem type=char[])
OBJ 500054a8 (sz=32, trace=301535, class=sun.misc.FloatingDecimal$ASCIIToBinaryBuffer@500024ac)
OBJ 500054a9 (sz=32, trace=301537, class=Point@5000255b)
OBJ 500054aa (sz=32, trace=301786, class=Point@5000255b)
OBJ 500054ab (sz=32, trace=301787, class=Line@50006f05)
OBJ 500054ac (sz=24, trace=301779, class=java.lang.String@5000016f)
ARR 500054ad (sz=80, trace=300326, nelems=0, elem type=char[])
OBJ 500054ae (sz=24, trace=301497, class=java.util.ArrayList@500000c5)
OBJ 500054af (sz=24, trace=301498, class=java.lang.String@5000016f)
ARR 500054b0 (sz=32, trace=301499, nelems=0, elem type=char[])
ARR 500054b1 (sz=56, trace=300281, nelems=0, elem type=java.lang.Object[]@5000010a)
OBJ 500054b2 (sz=24, trace=301498, class=java.lang.String@5000016f)
ARR 500054b3 (sz=32, trace=301499, nelems=0, elem type=char[])
OBJ 500054b4 (sz=24, trace=301498, class=java.lang.String@5000016f)
ARR 500054b5 (sz=32, trace=301499, nelems=0, elem type=char[])
OBJ 500054b6 (sz=24, trace=301500, class=java.lang.String@5000016f)
ARR 500054b7 (sz=32, trace=301501, nelems=0, elem type=char[])
ARR 500054b8 (sz=32, trace=301780, nelems=0, elem type=java.lang.String[]@500000cf)
OBJ 500054b9 (sz=32, trace=301537, class=Point@5000255b)
OBJ 500054ba (sz=40, trace=301504, class=java.util.ArrayList$SubList@5000248a)
OBJ 500054bb (sz=40, trace=301506, class=java.util.ArrayList$SubList$1@5000248d)
ARR 500054bc (sz=32, trace=301781, nelems=0, elem type=char[])
OBJ 500054bd (sz=32, trace=301535, class=sun.misc.FloatingDecimal$ASCIIToBinaryBuffer@500024ac)
ARR 500054be (sz=32, trace=301782, nelems=0, elem type=char[])
OBJ 500054bf (sz=32, trace=301535, class=sun.misc.FloatingDecimal$ASCIIToBinaryBuffer@500024ac)
OBJ 500054c0 (sz=32, trace=301783, class=Point@5000255b)
ARR 500054c1 (sz=32, trace=301784, nelems=0, elem type=char[])
OBJ 500054c2 (sz=32, trace=301535, class=sun.misc.FloatingDecimal$ASCIIToBinaryBuffer@500024ac)
ARR 500054c3 (sz=32, trace=301785, nelems=0, elem type=char[])
OBJ 500054c4 (sz=32, trace=301535, class=sun.misc.FloatingDecimal$ASCIIToBinaryBuffer@500024ac)
OBJ 500054c5 (sz=32, trace=301786, class=Point@5000255b)
OBJ 500054c6 (sz=32, trace=301787, class=Line@50006f05)
OBJ 500054c7 (sz=24, trace=301779, class=java.lang.String@5000016f)
ARR 500054c8 (sz=80, trace=300326, nelems=0, elem type=char[])
OBJ 500054c9 (sz=32, trace=301537, class=Point@5000255b)
OBJ 500054ca (sz=24, trace=301497, class=java.util.ArrayList@500000c5)
OBJ 500054cb (sz=24, trace=301498, class=java.lang.String@5000016f)
ARR 500054cc (sz=32, trace=301499, nelems=0, elem type=char[])
ARR 500054cd (sz=56, trace=300281, nelems=0, elem type=java.lang.Object[]@5000010a)
OBJ 500054ce (sz=24, trace=301498, class=java.lang.String@5000016f)
ARR 500054cf (sz=32, trace=301499, nelems=0, elem type=char[])
OBJ 500054d0 (sz=24, trace=301498, class=java.lang.String@5000016f)
ARR 500054d1 (sz=32, trace=301499, nelems=0, elem type=char[])
OBJ 500054d2 (sz=24, trace=301500, class=java.lang.String@5000016f)
ARR 500054d3 (sz=32, trace=301501, nelems=0, elem type=char[])
ARR 500054d4 (sz=32, trace=301780, nelems=0, elem type=java.lang.String[]@500000cf)
OBJ 500054d5 (sz=40, trace=301504, class=java.util.ArrayList$SubList@5000248a)
OBJ 500054d6 (sz=40, trace=301506, class=java.util.ArrayList$SubList$1@5000248d)
ARR 500054d7 (sz=32, trace=301781, nelems=0, elem type=char[])
OBJ 500054d8 (sz=32, trace=301535, class=sun.misc.FloatingDecimal$ASCIIToBinaryBuffer@500024ac)
OBJ 500054d9 (sz=32, trace=301537, class=Point@5000255b)
ARR 500054da (sz=32, trace=301782, nelems=0, elem type=char[])
OBJ 500054db (sz=32, trace=301535, class=sun.misc.FloatingDecimal$ASCIIToBinaryBuffer@500024ac)
OBJ 500054dc (sz=32, trace=301783, class=Point@5000255b)
ARR 500054dd (sz=32, trace=301784, nelems=0, elem type=char[])
OBJ 500054de (sz=32, trace=301535, class=sun.misc.FloatingDecimal$ASCIIToBinaryBuffer@500024ac)
ARR 500054df (sz=32, trace=301785, nelems=0, elem type=char[])
OBJ 500054e0 (sz=32, trace=301535, class=sun.misc.FloatingDecimal$ASCIIToBinaryBuffer@500024ac)
OBJ 500054e1 (sz=32, trace=301786, class=Point@5000255b)
OBJ 500054e2 (sz=32, trace=301787, class=Line@50006f05)
OBJ 500054e3 (sz=24, trace=301779, class=java.lang.String@5000016f)
ARR 500054e4 (sz=80, trace=300326, nelems=0, elem type=char[])
OBJ 500054e5 (sz=24, trace=301497, class=java.util.ArrayList@500000c5)
OBJ 500054e6 (sz=24, trace=301498, class=java.lang.String@5000016f)
ARR 500054e7 (sz=32, trace=301499, nelems=0, elem type=char[])
ARR 500054e8 (sz=56, trace=300281, nelems=0, elem type=java.lang.Object[]@5000010a)
OBJ 500054e9 (sz=32, trace=301537, class=Point@5000255b)
OBJ 500054ea (sz=24, trace=301498, class=java.lang.String@5000016f)
ARR 500054eb (sz=32, trace=301499, nelems=0, elem type=char[])
OBJ 500054ec (sz=24, trace=301498, class=java.lang.String@5000016f)
ARR 500054ed (sz=32, trace=301499, nelems=0, elem type=char[])
OBJ 500054ee (sz=24, trace=301500, class=java.lang.String@5000016f)
ARR 500054ef (sz=32, trace=301501, nelems=0, elem type=char[])
ARR 500054f0 (sz=32, trace=301780, nelems=0, elem type=java.lang.String[]@500000cf)
OBJ 500054f1 (sz=40, trace=301504, class=java.util.ArrayList$SubList@5000248a)
OBJ 500054f2 (sz=40, trace=301506, class=java.util.ArrayList$SubList$1@5000248d)
ARR 500054f3 (sz=32, trace=301781, nelems=0, elem type=char[])
OBJ 500054f4 (sz=32, trace=301535, class=sun.misc.FloatingDecimal$ASCIIToBinaryBuffer@500024ac)
ARR 500054f5 (sz=32, trace=301782, nelems=0, elem type=char[])
OBJ 500054f6 (sz=32, trace=301535, class=sun.misc.FloatingDecimal$ASCIIToBinaryBuffer@500024ac)
OBJ 500054f7 (sz=32, trace=301783, class=Point@5000255b)
ARR 500054f8 (sz=32, trace=301784, nelems=0, elem type=char[])
OBJ 500054f9 (sz=32, trace=301537, class=Point@5000255b)
OBJ 500054fa (sz=32, trace=301535, class=sun.misc.FloatingDecimal$ASCIIToBinaryBuffer@500024ac)
ARR 500054fb (sz=32, trace=301785, nelems=0, elem type=char[])
OBJ 500054fc (sz=32, trace=301535, class=sun.misc.FloatingDecimal$ASCIIToBinaryBuffer@500024ac)
OBJ 500054fd (sz=32, trace=301786, class=Point@5000255b)
OBJ 500054fe (sz=32, trace=301787, class=Line@50006f05)
OBJ 500054ff (sz=24, trace=301779, class=java.lang.String@5000016f)
ARR 50005500 (sz=80, trace=300326, nelems=0, elem type=char[])
OBJ 50005501 (sz=24, trace=301497, class=java.util.ArrayList@500000c5)
OBJ 50005502 (sz=24, trace=301498, class=java.lang.String@5000016f)
ARR 50005503 (sz=32, trace=301499, nelems=0, elem type=char[])
ARR 50005504 (sz=56, trace=300281, nelems=0, elem type=java.lang.Object[]@5000010a)
OBJ 50005505 (sz=24, trace=301498, class=java.lang.String@5000016f)
ARR 50005506 (sz=32, trace=301499, nelems=0, elem type=char[])
OBJ 50005507 (sz=24, trace=301498, class=java.lang.String@5000016f)
ARR 50005508 (sz=32, trace=301499, nelems=0, elem type=char[])
OBJ 50005509 (sz=32, trace=301537, class=Point@5000255b)
OBJ 5000550a (sz=24, trace=301500, class=java.lang.String@5000016f)
ARR 5000550b (sz=32, trace=301501, nelems=0, elem type=char[])
ARR 5000550c (sz=32, trace=301780, nelems=0, elem type=java.lang.String[]@500000cf)
OBJ 5000550d (sz=40, trace=301504, class=java.util.ArrayList$SubList@5000248a)
OBJ 5000550e (sz=40, trace=301506, class=java.util.ArrayList$SubList$1@5000248d)
ARR 5000550f (sz=32, trace=301781, nelems=0, elem type=char[])
OBJ 50005510 (sz=32, trace=301535, class=sun.misc.FloatingDecimal$ASCIIToBinaryBuffer@500024ac)
ARR 50005511 (sz=32, trace=301782, nelems=0, elem type=char[])
OBJ 50005512 (sz=32, trace=301535, class=sun.misc.FloatingDecimal$ASCIIToBinaryBuffer@500024ac)
OBJ 50005513 (sz=32, trace=301783, class=Point@5000255b)
ARR 50005514 (sz=32, trace=301784, nelems=0, elem type=char[])
OBJ 50005515 (sz=32, trace=301535, class=sun.misc.FloatingDecimal$ASCIIToBinaryBuffer@500024ac)
ARR 50005516 (sz=32, trace=301785, nelems=0, elem type=char[])
OBJ 50005517 (sz=32, trace=301535, class=sun.misc.FloatingDecimal$ASCIIToBinaryBuffer@500024ac)
OBJ 50005518 (sz=32, trace=301786, class=Point@5000255b)
OBJ 50005519 (sz=32, trace=301537, class=Point@5000255b)
OBJ 5000551a (sz=32, trace=301787, class=Line@50006f05)
OBJ 5000551b (sz=24, trace=301779, class=java.lang.String@5000016f)
ARR 5000551c (sz=80, trace=300326, nelems=0, elem type=char[])
OBJ 5000551d (sz=24, trace=301497, class=java.util.ArrayList@500000c5)
OBJ 5000551e (sz=24, trace=301498, class=java.lang.String@5000016f)
ARR 5000551f (sz=32, trace=301499, nelems=0, elem type=char[])
ARR 50005520 (sz=56, trace=300281, nelems=0, elem type=java.lang.Object[]@5000010a)
OBJ 50005521 (sz=24, trace=301498, class=java.lang.String@5000016f)
ARR 50005522 (sz=32, trace=301499, nelems=0, elem type=char[])
OBJ 50005523 (sz=24, trace=301498, class=java.lang.String@5000016f)
ARR 50005524 (sz=32, trace=301499, nelems=0, elem type=char[])
OBJ 50005525 (sz=24, trace=301500, class=java.lang.String@5000016f)
ARR 50005526 (sz=32, trace=301501, nelems=0, elem type=char[])
ARR 50005527 (sz=32, trace=301780, nelems=0, elem type=java.lang.String[]@500000cf)
OBJ 50005528 (sz=40, trace=301504, class=java.util.ArrayList$SubList@5000248a)
OBJ 50005529 (sz=32, trace=301537, class=Point@5000255b)
OBJ 5000552a (sz=40, trace=301506, class=java.util.ArrayList$SubList$1@5000248d)
ARR 5000552b (sz=32, trace=301781, nelems=0, elem type=char[])
OBJ 5000552c (sz=32, trace=301535, class=sun.misc.FloatingDecimal$ASCIIToBinaryBuffer@500024ac)
ARR 5000552d (sz=32, trace=301782, nelems=0, elem type=char[])
OBJ 5000552e (sz=32, trace=301535, class=sun.misc.FloatingDecimal$ASCIIToBinaryBuffer@500024ac)
OBJ 5000552f (sz=32, trace=301783, class=Point@5000255b)
ARR 50005530 (sz=32, trace=301784, nelems=0, elem type=char[])
OBJ 50005531 (sz=32, trace=301535, class=sun.misc.FloatingDecimal$ASCIIToBinaryBuffer@500024ac)
ARR 50005532 (sz=32, trace=301785, nelems=0, elem type=char[])
OBJ 50005533 (sz=32, trace=301535, class=sun.misc.FloatingDecimal$ASCIIToBinaryBuffer@500024ac)
OBJ 50005534 (sz=32, trace=301786, class=Point@5000255b)
OBJ 50005535 (sz=32, trace=301787, class=Line@50006f05)
OBJ 50005536 (sz=24, trace=301538, class=java.lang.StringBuffer@50000124)
ARR 50005537 (sz=176, trace=301539, nelems=0, elem type=char[])
OBJ 50005538 (sz=48, trace=300324, class=java.nio.HeapCharBuffer@50000035)
OBJ 50005539 (sz=32, trace=301537, class=Point@5000255b)
ARR 5000553a (sz=80, trace=301540, nelems=0, elem type=char[])
OBJ 5000553b (sz=24, trace=301541, class=java.lang.String@5000016f)
OBJ 5000553c (sz=24, trace=301497, class=java.util.ArrayList@500000c5)
OBJ 5000553d (sz=24, trace=301498, class=java.lang.String@5000016f)
ARR 5000553e (sz=32, trace=301499, nelems=0, elem type=char[])
ARR 5000553f (sz=56, trace=300281, nelems=0, elem type=java.lang.Object[]@5000010a)
OBJ 50005540 (sz=24, trace=301498, class=java.lang.String@5000016f)
ARR 50005541 (sz=32, trace=301499, nelems=0, elem type=char[])
OBJ 50005542 (sz=24, trace=301498, class=java.lang.String@5000016f)
ARR 50005543 (sz=32, trace=301499, nelems=0, elem type=char[])
OBJ 50005544 (sz=24, trace=301500, class=java.lang.String@5000016f)
ARR 50005545 (sz=32, trace=301501, nelems=0, elem type=char[])
ARR 50005546 (sz=32, trace=301780, nelems=0, elem type=java.lang.String[]@500000cf)
OBJ 50005547 (sz=40, trace=301504, class=java.util.ArrayList$SubList@5000248a)
OBJ 50005548 (sz=40, trace=301506, class=java.util.ArrayList$SubList$1@5000248d)
OBJ 50005549 (sz=32, trace=301537, class=Point@5000255b)
ARR 5000554a (sz=32, trace=301781, nelems=0, elem type=char[])
OBJ 5000554b (sz=32, trace=301535, class=sun.misc.FloatingDecimal$ASCIIToBinaryBuffer@500024ac)
ARR 5000554c (sz=32, trace=301782, nelems=0, elem type=char[])
OBJ 5000554d (sz=32, trace=301535, class=sun.misc.FloatingDecimal$ASCIIToBinaryBuffer@500024ac)
OBJ 5000554e (sz=32, trace=301783, class=Point@5000255b)
ARR 5000554f (sz=32, trace=301784, nelems=0, elem type=char[])
OBJ 50005550 (sz=32, trace=301535, class=sun.misc.FloatingDecimal$ASCIIToBinaryBuffer@500024ac)
ARR 50005551 (sz=32, trace=301785, nelems=0, elem type=char[])
OBJ 50005552 (sz=32, trace=301535, class=sun.misc.FloatingDecimal$ASCIIToBinaryBuffer@500024ac)
OBJ 50005553 (sz=32, trace=301786, class=Point@5000255b)
OBJ 50005554 (sz=32, trace=301787, class=Line@50006f05)
OBJ 50005555 (sz=24, trace=301779, class=java.lang.String@5000016f)
ARR 50005556 (sz=80, trace=300326, nelems=0, elem type=char[])
OBJ 50005557 (sz=24, trace=301497, class=java.util.ArrayList@500000c5)
OBJ 50005558 (sz=24, trace=301498, class=java.lang.String@5000016f)
OBJ 50005559 (sz=32, trace=301537, class=Point@5000255b)
ARR 5000555a (sz=32, trace=301499, nelems=0, elem type=char[])
ARR 5000555b (sz=56, trace=300281, nelems=0, elem type=java.lang.Object[]@5000010a)
OBJ 5000555c (sz=24, trace=301498, class=java.lang.String@5000016f)
ARR 5000555d (sz=32, trace=301499, nelems=0, elem type=char[])
OBJ 5000555e (sz=24, trace=301498, class=java.lang.String@5000016f)
ARR 5000555f (sz=32, trace=301499, nelems=0, elem type=char[])
OBJ 50005560 (sz=24, trace=301500, class=java.lang.String@5000016f)
ARR 50005561 (sz=32, trace=301501, nelems=0, elem type=char[])
ARR 50005562 (sz=32, trace=301780, nelems=0, elem type=java.lang.String[]@500000cf)
OBJ 50005563 (sz=40, trace=301504, class=java.util.ArrayList$SubList@5000248a)
OBJ 50005564 (sz=40, trace=301506, class=java.util.ArrayList$SubList$1@5000248d)
ARR 50005565 (sz=32, trace=301781, nelems=0, elem type=char[])
OBJ 50005566 (sz=32, trace=301535, class=sun.misc.FloatingDecimal$ASCIIToBinaryBuffer@500024ac)
ARR 50005567 (sz=32, trace=301782, nelems=0, elem type=char[])
OBJ 50005568 (sz=32, trace=301535, class=sun.misc.FloatingDecimal$ASCIIToBinaryBuffer@500024ac)
OBJ 50005569 (sz=32, trace=301537, class=Point@5000255b)
OBJ 5000556a (sz=32, trace=301783, class=Point@5000255b)
ARR 5000556b (sz=32, trace=301784, nelems=0, elem type=char[])
OBJ 5000556c (sz=32, trace=301535, class=sun.misc.FloatingDecimal$ASCIIToBinaryBuffer@500024ac)
ARR 5000556d (sz=32, trace=301785, nelems=0, elem type=char[])
OBJ 5000556e (sz=32, trace=301535, class=sun.misc.FloatingDecimal$ASCIIToBinaryBuffer@500024ac)
OBJ 5000556f (sz=32, trace=301786, class=Point@5000255b)
OBJ 50005570 (sz=32, trace=301787, class=Line@50006f05)
OBJ 50005571 (sz=24, trace=301779, class=java.lang.String@5000016f)
ARR 50005572 (sz=80, trace=300326, nelems=0, elem type=char[])
OBJ 50005573 (sz=24, trace=301497, class=java.util.ArrayList@500000c5)
OBJ 50005574 (sz=24, trace=301498, class=java.lang.String@5000016f)
ARR 50005575 (sz=32, trace=301499, nelems=0, elem type=char[])
ARR 50005576 (sz=56, trace=300281, nelems=0, elem type=java.lang.Object[]@5000010a)
OBJ 50005577 (sz=24, trace=301498, class=java.lang.String@5000016f)
ARR 50005578 (sz=32, trace=301499, nelems=0, elem type=char[])
OBJ 50005579 (sz=32, trace=301537, class=Point@5000255b)
OBJ 5000557a (sz=24, trace=301498, class=java.lang.String@5000016f)
ARR 5000557b (sz=32, trace=301499, nelems=0, elem type=char[])
OBJ 5000557c (sz=24, trace=301500, class=java.lang.String@5000016f)
ARR 5000557d (sz=32, trace=301501, nelems=0, elem type=char[])
ARR 5000557e (sz=32, trace=301780, nelems=0, elem type=java.lang.String[]@500000cf)
OBJ 5000557f (sz=40, trace=301504, class=java.util.ArrayList$SubList@5000248a)
OBJ 50005580 (sz=40, trace=301506, class=java.util.ArrayList$SubList$1@5000248d)
ARR 50005581 (sz=32, trace=301781, nelems=0, elem type=char[])
OBJ 50005582 (sz=32, trace=301535, class=sun.misc.FloatingDecimal$ASCIIToBinaryBuffer@500024ac)
ARR 50005583 (sz=32, trace=301782, nelems=0, elem type=char[])
OBJ 50005584 (sz=32, trace=301535, class=sun.misc.FloatingDecimal$ASCIIToBinaryBuffer@500024ac)
OBJ 50005585 (sz=32, trace=301783, class=Point@5000255b)
ARR 50005586 (sz=32, trace=301784, nelems=0, elem type=char[])
OBJ 50005587 (sz=32, trace=301535, class=sun.misc.FloatingDecimal$ASCIIToBinaryBuffer@500024ac)
ARR 50005588 (sz=32, trace=301785, nelems=0, elem type=char[])
OBJ 50005589 (sz=32, trace=301537, class=Point@5000255b)
OBJ 5000558a (sz=32, trace=301535, class=sun.misc.FloatingDecimal$ASCIIToBinaryBuffer@500024ac)
OBJ 5000558b (sz=32, trace=301786, class=Point@5000255b)
OBJ 5000558c (sz=32, trace=301787, class=Line@50006f05)
OBJ 5000558d (sz=24, trace=301779, class=java.lang.String@5000016f)
ARR 5000558e (sz=80, trace=300326, nelems=0, elem type=char[])
OBJ 5000558f (sz=24, trace=301497, class=java.util.ArrayList@500000c5)
OBJ 50005590 (sz=24, trace=301498, class=java.lang.String@5000016f)
ARR 50005591 (sz=32, trace=301499, nelems=0, elem type=char[])
ARR 50005592 (sz=56, trace=300281, nelems=0, elem type=java.lang.Object[]@5000010a)
OBJ 50005593 (sz=24, trace=301498, class=java.lang.String@5000016f)
ARR 50005594 (sz=32, trace=301499, nelems=0, elem type=char[])
OBJ 50005595 (sz=24, trace=301498, class=java.lang.String@5000016f)
ARR 50005596 (sz=32, trace=301499, nelems=0, elem type=char[])
OBJ 50005597 (sz=24, trace=301500, class=java.lang.String@5000016f)
ARR 50005598 (sz=32, trace=301501, nelems=0, elem type=char[])
OBJ 50005599 (sz=32, trace=301537, class=Point@5000255b)
ARR 5000559a (sz=32, trace=301780, nelems=0, elem type=java.lang.String[]@500000cf)
OBJ 5000559b (sz=40, trace=301504, class=java.util.ArrayList$SubList@5000248a)
OBJ 5000559c (sz=40, trace=301506, class=java.util.ArrayList$SubList$1@5000248d)
ARR 5000559d (sz=32, trace=301781, nelems=0, elem type=char[])
OBJ 5000559e (sz=32, trace=301535, class=sun.misc.FloatingDecimal$ASCIIToBinaryBuffer@500024ac)
ARR 5000559f (sz=32, trace=301782, nelems=0, elem type=char[])
OBJ 500055a0 (sz=32, trace=301535, class=sun.misc.FloatingDecimal$ASCIIToBinaryBuffer@500024ac)
OBJ 500055a1 (sz=32, trace=301783, class=Point@5000255b)
ARR 500055a2 (sz=32, trace=301784, nelems=0, elem type=char[])
OBJ 500055a3 (sz=32, trace=301535, class=sun.misc.FloatingDecimal$ASCIIToBinaryBuffer@500024ac)
ARR 500055a4 (sz=32, trace=301785, nelems=0, elem type=char[])
OBJ 500055a5 (sz=32, trace=301535, class=sun.misc.FloatingDecimal$ASCIIToBinaryBuffer@500024ac)
OBJ 500055a6 (sz=32, trace=301786, class=Point@5000255b)
OBJ 500055a7 (sz=32, trace=301787, class=Line@50006f05)
OBJ 500055a8 (sz=24, trace=301779, class=java.lang.String@5000016f)
OBJ 500055a9 (sz=32, trace=301537, class=Point@5000255b)
ARR 500055aa (sz=80, trace=300326, nelems=0, elem type=char[])
OBJ 500055ab (sz=24, trace=301497, class=java.util.ArrayList@500000c5)
OBJ 500055ac (sz=24, trace=301498, class=java.lang.String@5000016f)
ARR 500055ad (sz=32, trace=301499, nelems=0, elem type=char[])
ARR 500055ae (sz=56, trace=300281, nelems=0, elem type=java.lang.Object[]@5000010a)
OBJ 500055af (sz=24, trace=301498, class=java.lang.String@5000016f)
ARR 500055b0 (sz=32, trace=301499, nelems=0, elem type=char[])
OBJ 500055b1 (sz=24, trace=301498, class=java.lang.String@5000016f)
ARR 500055b2 (sz=32, trace=301499, nelems=0, elem type=char[])
OBJ 500055b3 (sz=24, trace=301500, class=java.lang.String@5000016f)
ARR 500055b4 (sz=32, trace=301501, nelems=0, elem type=char[])
ARR 500055b5 (sz=32, trace=301780, nelems=0, elem type=java.lang.String[]@500000cf)
OBJ 500055b6 (sz=40, trace=301504, class=java.util.ArrayList$SubList@5000248a)
OBJ 500055b7 (sz=40, trace=301506, class=java.util.ArrayList$SubList$1@5000248d)
ARR 500055b8 (sz=32, trace=301781, nelems=0, elem type=char[])
OBJ 500055b9 (sz=32, trace=301537, class=Point@5000255b)
OBJ 500055ba (sz=32, trace=301535, class=sun.misc.FloatingDecimal$ASCIIToBinaryBuffer@500024ac)
ARR 500055bb (sz=32, trace=301782, nelems=0, elem type=char[])
OBJ 500055bc (sz=32, trace=301535, class=sun.misc.FloatingDecimal$ASCIIToBinaryBuffer@500024ac)
OBJ 500055bd (sz=32, trace=301783, class=Point@5000255b)
ARR 500055be (sz=32, trace=301784, nelems=0, elem type=char[])
OBJ 500055bf (sz=32, trace=301535, class=sun.misc.FloatingDecimal$ASCIIToBinaryBuffer@500024ac)
ARR 500055c0 (sz=32, trace=301785, nelems=0, elem type=char[])
OBJ 500055c1 (sz=32, trace=301535, class=sun.misc.FloatingDecimal$ASCIIToBinaryBuffer@500024ac)
OBJ 500055c2 (sz=32, trace=301786, class=Point@5000255b)
OBJ 500055c3 (sz=32, trace=301787, class=Line@50006f05)
OBJ 500055c4 (sz=24, trace=301779, class=java.lang.String@5000016f)
ARR 500055c5 (sz=88, trace=300326, nelems=0, elem type=char[])
OBJ 500055c6 (sz=24, trace=301497, class=java.util.ArrayList@500000c5)
OBJ 500055c7 (sz=24, trace=301498, class=java.lang.String@5000016f)
ARR 500055c8 (sz=32, trace=301499, nelems=0, elem type=char[])
OBJ 500055c9 (sz=32, trace=301537, class=Point@5000255b)
ARR 500055ca (sz=56, trace=300281, nelems=0, elem type=java.lang.Object[]@5000010a)
OBJ 500055cb (sz=24, trace=301498, class=java.lang.String@5000016f)
ARR 500055cc (sz=32, trace=301499, nelems=0, elem type=char[])
OBJ 500055cd (sz=24, trace=301498, class=java.lang.String@5000016f)
ARR 500055ce (sz=32, trace=301499, nelems=0, elem type=char[])
OBJ 500055cf (sz=24, trace=301500, class=java.lang.String@5000016f)
ARR 500055d0 (sz=32, trace=301501, nelems=0, elem type=char[])
ARR 500055d1 (sz=32, trace=301780, nelems=0, elem type=java.lang.String[]@500000cf)
OBJ 500055d2 (sz=40, trace=301504, class=java.util.ArrayList$SubList@5000248a)
OBJ 500055d3 (sz=40, trace=301506, class=java.util.ArrayList$SubList$1@5000248d)
ARR 500055d4 (sz=32, trace=301781, nelems=0, elem type=char[])
OBJ 500055d5 (sz=32, trace=301535, class=sun.misc.FloatingDecimal$ASCIIToBinaryBuffer@500024ac)
ARR 500055d6 (sz=32, trace=301782, nelems=0, elem type=char[])
OBJ 500055d7 (sz=32, trace=301535, class=sun.misc.FloatingDecimal$ASCIIToBinaryBuffer@500024ac)
OBJ 500055d8 (sz=32, trace=301783, class=Point@5000255b)
OBJ 500055d9 (sz=32, trace=301537, class=Point@5000255b)
ARR 500055da (sz=32, trace=301784, nelems=0, elem type=char[])
OBJ 500055db (sz=32, trace=301535, class=sun.misc.FloatingDecimal$ASCIIToBinaryBuffer@500024ac)
ARR 500055dc (sz=32, trace=301785, nelems=0, elem type=char[])
OBJ 500055dd (sz=32, trace=301535, class=sun.misc.FloatingDecimal$ASCIIToBinaryBuffer@500024ac)
OBJ 500055de (sz=32, trace=301786, class=Point@5000255b)
OBJ 500055df (sz=32, trace=301787, class=Line@50006f05)
OBJ 500055e0 (sz=24, trace=301779, class=java.lang.String@5000016f)
ARR 500055e1 (sz=88, trace=300326, nelems=0, elem type=char[])
OBJ 500055e2 (sz=24, trace=301497, class=java.util.ArrayList@500000c5)
OBJ 500055e3 (sz=24, trace=301498, class=java.lang.String@5000016f)
ARR 500055e4 (sz=32, trace=301499, nelems=0, elem type=char[])
ARR 500055e5 (sz=56, trace=300281, nelems=0, elem type=java.lang.Object[]@5000010a)
OBJ 500055e6 (sz=24, trace=301498, class=java.lang.String@5000016f)
ARR 500055e7 (sz=32, trace=301499, nelems=0, elem type=char[])
OBJ 500055e8 (sz=24, trace=301498, class=java.lang.String@5000016f)
OBJ 500055e9 (sz=32, trace=301537, class=Point@5000255b)
ARR 500055ea (sz=32, trace=301499, nelems=0, elem type=char[])
OBJ 500055eb (sz=24, trace=301500, class=java.lang.String@5000016f)
ARR 500055ec (sz=32, trace=301501, nelems=0, elem type=char[])
ARR 500055ed (sz=32, trace=301780, nelems=0, elem type=java.lang.String[]@500000cf)
OBJ 500055ee (sz=40, trace=301504, class=java.util.ArrayList$SubList@5000248a)
OBJ 500055ef (sz=40, trace=301506, class=java.util.ArrayList$SubList$1@5000248d)
ARR 500055f0 (sz=32, trace=301781, nelems=0, elem type=char[])
OBJ 500055f1 (sz=32, trace=301535, class=sun.misc.FloatingDecimal$ASCIIToBinaryBuffer@500024ac)
ARR 500055f2 (sz=32, trace=301782, nelems=0, elem type=char[])
OBJ 500055f3 (sz=32, trace=301535, class=sun.misc.FloatingDecimal$ASCIIToBinaryBuffer@500024ac)
OBJ 500055f4 (sz=32, trace=301783, class=Point@5000255b)
ARR 500055f5 (sz=32, trace=301784, nelems=0, elem type=char[])
OBJ 500055f6 (sz=32, trace=301535, class=sun.misc.FloatingDecimal$ASCIIToBinaryBuffer@500024ac)
ARR 500055f7 (sz=32, trace=301785, nelems=0, elem type=char[])
OBJ 500055f8 (sz=32, trace=301535, class=sun.misc.FloatingDecimal$ASCIIToBinaryBuffer@500024ac)
OBJ 500055f9 (sz=32, trace=301537, class=Point@5000255b)
OBJ 500055fa (sz=32, trace=301786, class=Point@5000255b)
OBJ 500055fb (sz=32, trace=301787, class=Line@50006f05)
OBJ 500055fc (sz=24, trace=301779, class=java.lang.String@5000016f)
ARR 500055fd (sz=88, trace=300326, nelems=0, elem type=char[])
OBJ 500055fe (sz=24, trace=301497, class=java.util.ArrayList@500000c5)
OBJ 500055ff (sz=24, trace=301498, class=java.lang.String@5000016f)
ARR 50005600 (sz=32, trace=301499, nelems=0, elem type=char[])
ARR 50005601 (sz=56, trace=300281, nelems=0, elem type=java.lang.Object[]@5000010a)
OBJ 50005602 (sz=24, trace=301498, class=java.lang.String@5000016f)
ARR 50005603 (sz=32, trace=301499, nelems=0, elem type=char[])
OBJ 50005604 (sz=24, trace=301498, class=java.lang.String@5000016f)
ARR 50005605 (sz=32, trace=301499, nelems=0, elem type=char[])
OBJ 50005606 (sz=24, trace=301500, class=java.lang.String@5000016f)
ARR 50005607 (sz=32, trace=301501, nelems=0, elem type=char[])
ARR 50005608 (sz=32, trace=301780, nelems=0, elem type=java.lang.String[]@500000cf)
OBJ 50005609 (sz=32, trace=301537, class=Point@5000255b)
OBJ 5000560a (sz=40, trace=301504, class=java.util.ArrayList$SubList@5000248a)
OBJ 5000560b (sz=40, trace=301506, class=java.util.ArrayList$SubList$1@5000248d)
ARR 5000560c (sz=32, trace=301781, nelems=0, elem type=char[])
OBJ 5000560d (sz=32, trace=301535, class=sun.misc.FloatingDecimal$ASCIIToBinaryBuffer@500024ac)
ARR 5000560e (sz=32, trace=301782, nelems=0, elem type=char[])
OBJ 5000560f (sz=32, trace=301535, class=sun.misc.FloatingDecimal$ASCIIToBinaryBuffer@500024ac)
OBJ 50005610 (sz=32, trace=301783, class=Point@5000255b)
ARR 50005611 (sz=32, trace=301784, nelems=0, elem type=char[])
OBJ 50005612 (sz=32, trace=301535, class=sun.misc.FloatingDecimal$ASCIIToBinaryBuffer@500024ac)
ARR 50005613 (sz=32, trace=301785, nelems=0, elem type=char[])
OBJ 50005614 (sz=32, trace=301535, class=sun.misc.FloatingDecimal$ASCIIToBinaryBuffer@500024ac)
OBJ 50005615 (sz=32, trace=301786, class=Point@5000255b)
OBJ 50005616 (sz=32, trace=301787, class=Line@50006f05)
OBJ 50005617 (sz=24, trace=301779, class=java.lang.String@5000016f)
ARR 50005618 (sz=88, trace=300326, nelems=0, elem type=char[])
OBJ 50005619 (sz=32, trace=301537, class=Point@5000255b)
OBJ 5000561a (sz=24, trace=301497, class=java.util.ArrayList@500000c5)
OBJ 5000561b (sz=24, trace=301498, class=java.lang.String@5000016f)
ARR 5000561c (sz=32, trace=301499, nelems=0, elem type=char[])
ARR 5000561d (sz=56, trace=300281, nelems=0, elem type=java.lang.Object[]@5000010a)
OBJ 5000561e (sz=24, trace=301498, class=java.lang.String@5000016f)
ARR 5000561f (sz=32, trace=301499, nelems=0, elem type=char[])
OBJ 50005620 (sz=24, trace=301498, class=java.lang.String@5000016f)
ARR 50005621 (sz=32, trace=301499, nelems=0, elem type=char[])
OBJ 50005622 (sz=24, trace=301500, class=java.lang.String@5000016f)
ARR 50005623 (sz=32, trace=301501, nelems=0, elem type=char[])
ARR 50005624 (sz=32, trace=301780, nelems=0, elem type=java.lang.String[]@500000cf)
OBJ 50005625 (sz=40, trace=301504, class=java.util.ArrayList$SubList@5000248a)
OBJ 50005626 (sz=40, trace=301506, class=java.util.ArrayList$SubList$1@5000248d)
ARR 50005627 (sz=32, trace=301781, nelems=0, elem type=char[])
OBJ 50005628 (sz=32, trace=301535, class=sun.misc.FloatingDecimal$ASCIIToBinaryBuffer@500024ac)
OBJ 50005629 (sz=32, trace=301537, class=Point@5000255b)
ARR 5000562a (sz=32, trace=301782, nelems=0, elem type=char[])
OBJ 5000562b (sz=32, trace=301535, class=sun.misc.FloatingDecimal$ASCIIToBinaryBuffer@500024ac)
OBJ 5000562c (sz=32, trace=301783, class=Point@5000255b)
ARR 5000562d (sz=32, trace=301784, nelems=0, elem type=char[])
OBJ 5000562e (sz=32, trace=301535, class=sun.misc.FloatingDecimal$ASCIIToBinaryBuffer@500024ac)
ARR 5000562f (sz=32, trace=301785, nelems=0, elem type=char[])
OBJ 50005630 (sz=32, trace=301535, class=sun.misc.FloatingDecimal$ASCIIToBinaryBuffer@500024ac)
OBJ 50005631 (sz=32, trace=301786, class=Point@5000255b)
OBJ 50005632 (sz=32, trace=301787, class=Line@50006f05)
OBJ 50005633 (sz=24, trace=301779, class=java.lang.String@5000016f)
ARR 50005634 (sz=88, trace=300326, nelems=0, elem type=char[])
OBJ 50005635 (sz=24, trace=301497, class=java.util.ArrayList@500000c5)
OBJ 50005636 (sz=24, trace=301498, class=java.lang.String@5000016f)
ARR 50005637 (sz=32, trace=301499, nelems=0, elem type=char[])
ARR 50005638 (sz=56, trace=300281, nelems=0, elem type=java.lang.Object[]@5000010a)
OBJ 50005639 (sz=32, trace=301537, class=Point@5000255b)
OBJ 5000563a (sz=24, trace=301498, class=java.lang.String@5000016f)
ARR 5000563b (sz=32, trace=301499, nelems=0, elem type=char[])
OBJ 5000563c (sz=24, trace=301498, class=java.lang.String@5000016f)
ARR 5000563d (sz=32, trace=301499, nelems=0, elem type=char[])
OBJ 5000563e (sz=24, trace=301500, class=java.lang.String@5000016f)
ARR 5000563f (sz=32, trace=301501, nelems=0, elem type=char[])
ARR 50005640 (sz=32, trace=301780, nelems=0, elem type=java.lang.String[]@500000cf)
OBJ 50005641 (sz=40, trace=301504, class=java.util.ArrayList$SubList@5000248a)
OBJ 50005642 (sz=40, trace=301506, class=java.util.ArrayList$SubList$1@5000248d)
ARR 50005643 (sz=32, trace=301781, nelems=0, elem type=char[])
OBJ 50005644 (sz=32, trace=301535, class=sun.misc.FloatingDecimal$ASCIIToBinaryBuffer@500024ac)
ARR 50005645 (sz=32, trace=301782, nelems=0, elem type=char[])
OBJ 50005646 (sz=32, trace=301535, class=sun.misc.FloatingDecimal$ASCIIToBinaryBuffer@500024ac)
OBJ 50005647 (sz=32, trace=301783, class=Point@5000255b)
ARR 50005648 (sz=32, trace=301784, nelems=0, elem type=char[])
OBJ 50005649 (sz=32, trace=301537, class=Point@5000255b)
OBJ 5000564a (sz=32, trace=301535, class=sun.misc.FloatingDecimal$ASCIIToBinaryBuffer@500024ac)
ARR 5000564b (sz=32, trace=301785, nelems=0, elem type=char[])
OBJ 5000564c (sz=32, trace=301535, class=sun.misc.FloatingDecimal$ASCIIToBinaryBuffer@500024ac)
OBJ 5000564d (sz=32, trace=301786, class=Point@5000255b)
OBJ 5000564e (sz=32, trace=301787, class=Line@50006f05)
OBJ 5000564f (sz=24, trace=301779, class=java.lang.String@5000016f)
ARR 50005650 (sz=80, trace=300326, nelems=0, elem type=char[])
OBJ 50005651 (sz=24, trace=301497, class=java.util.ArrayList@500000c5)
OBJ 50005652 (sz=24, trace=301498, class=java.lang.String@5000016f)
ARR 50005653 (sz=32, trace=301499, nelems=0, elem type=char[])
ARR 50005654 (sz=56, trace=300281, nelems=0, elem type=java.lang.Object[]@5000010a)
OBJ 50005655 (sz=24, trace=301498, class=java.lang.String@5000016f)
ARR 50005656 (sz=32, trace=301499, nelems=0, elem type=char[])
OBJ 50005657 (sz=24, trace=301498, class=java.lang.String@5000016f)
ARR 50005658 (sz=32, trace=301499, nelems=0, elem type=char[])
OBJ 50005659 (sz=32, trace=301537, class=Point@5000255b)
OBJ 5000565a (sz=24, trace=301500, class=java.lang.String@5000016f)
ARR 5000565b (sz=32, trace=301501, nelems=0, elem type=char[])
ARR 5000565c (sz=32, trace=301780, nelems=0, elem type=java.lang.String[]@500000cf)
OBJ 5000565d (sz=40, trace=301504, class=java.util.ArrayList$SubList@5000248a)
OBJ 5000565e (sz=40, trace=301506, class=java.util.ArrayList$SubList$1@5000248d)
ARR 5000565f (sz=32, trace=301781, nelems=0, elem type=char[])
OBJ 50005660 (sz=32, trace=301535, class=sun.misc.FloatingDecimal$ASCIIToBinaryBuffer@500024ac)
ARR 50005661 (sz=32, trace=301782, nelems=0, elem type=char[])
OBJ 50005662 (sz=32, trace=301535, class=sun.misc.FloatingDecimal$ASCIIToBinaryBuffer@500024ac)
OBJ 50005663 (sz=32, trace=301783, class=Point@5000255b)
ARR 50005664 (sz=32, trace=301784, nelems=0, elem type=char[])
OBJ 50005665 (sz=32, trace=301535, class=sun.misc.FloatingDecimal$ASCIIToBinaryBuffer@500024ac)
ARR 50005666 (sz=32, trace=301785, nelems=0, elem type=char[])
OBJ 50005667 (sz=32, trace=301535, class=sun.misc.FloatingDecimal$ASCIIToBinaryBuffer@500024ac)
OBJ 50005668 (sz=32, trace=301786, class=Point@5000255b)
OBJ 50005669 (sz=32, trace=301537, class=Point@5000255b)
OBJ 5000566a (sz=32, trace=301787, class=Line@50006f05)
OBJ 5000566b (sz=24, trace=301779, class=java.lang.String@5000016f)
ARR 5000566c (sz=80, trace=300326, nelems=0, elem type=char[])
OBJ 5000566d (sz=24, trace=301497, class=java.util.ArrayList@500000c5)
OBJ 5000566e (sz=24, trace=301498, class=java.lang.String@5000016f)
ARR 5000566f (sz=32, trace=301499, nelems=0, elem type=char[])
ARR 50005670 (sz=56, trace=300281, nelems=0, elem type=java.lang.Object[]@5000010a)
OBJ 50005671 (sz=24, trace=301498, class=java.lang.String@5000016f)
ARR 50005672 (sz=32, trace=301499, nelems=0, elem type=char[])
OBJ 50005673 (sz=24, trace=301498, class=java.lang.String@5000016f)
ARR 50005674 (sz=32, trace=301499, nelems=0, elem type=char[])
OBJ 50005675 (sz=24, trace=301500, class=java.lang.String@5000016f)
ARR 50005676 (sz=32, trace=301501, nelems=0, elem type=char[])
ARR 50005677 (sz=32, trace=301780, nelems=0, elem type=java.lang.String[]@500000cf)
OBJ 50005678 (sz=40, trace=301504, class=java.util.ArrayList$SubList@5000248a)
OBJ 50005679 (sz=32, trace=301537, class=Point@5000255b)
OBJ 5000567a (sz=40, trace=301506, class=java.util.ArrayList$SubList$1@5000248d)
ARR 5000567b (sz=32, trace=301781, nelems=0, elem type=char[])
OBJ 5000567c (sz=32, trace=301535, class=sun.misc.FloatingDecimal$ASCIIToBinaryBuffer@500024ac)
ARR 5000567d (sz=32, trace=301782, nelems=0, elem type=char[])
OBJ 5000567e (sz=32, trace=301535, class=sun.misc.FloatingDecimal$ASCIIToBinaryBuffer@500024ac)
OBJ 5000567f (sz=32, trace=301783, class=Point@5000255b)
ARR 50005680 (sz=32, trace=301784, nelems=0, elem type=char[])
OBJ 50005681 (sz=32, trace=301535, class=sun.misc.FloatingDecimal$ASCIIToBinaryBuffer@500024ac)
ARR 50005682 (sz=32, trace=301785, nelems=0, elem type=char[])
OBJ 50005683 (sz=32, trace=301535, class=sun.misc.FloatingDecimal$ASCIIToBinaryBuffer@500024ac)
OBJ 50005684 (sz=32, trace=301786, class=Point@5000255b)
OBJ 50005685 (sz=32, trace=301787, class=Line@50006f05)
OBJ 50005686 (sz=24, trace=301779, class=java.lang.String@5000016f)
ARR 50005687 (sz=80, trace=300326, nelems=0, elem type=char[])
OBJ 50005688 (sz=24, trace=301497, class=java.util.ArrayList@500000c5)
OBJ 50005689 (sz=32, trace=301537, class=Point@5000255b)
OBJ 5000568a (sz=24, trace=301498, class=java.lang.String@5000016f)
ARR 5000568b (sz=32, trace=301499, nelems=0, elem type=char[])
ARR 5000568c (sz=56, trace=300281, nelems=0, elem type=java.lang.Object[]@5000010a)
OBJ 5000568d (sz=24, trace=301498, class=java.lang.String@5000016f)
ARR 5000568e (sz=32, trace=301499, nelems=0, elem type=char[])
OBJ 5000568f (sz=24, trace=301498, class=java.lang.String@5000016f)
ARR 50005690 (sz=32, trace=301499, nelems=0, elem type=char[])
OBJ 50005691 (sz=24, trace=301500, class=java.lang.String@5000016f)
ARR 50005692 (sz=32, trace=301501, nelems=0, elem type=char[])
ARR 50005693 (sz=32, trace=301780, nelems=0, elem type=java.lang.String[]@500000cf)
OBJ 50005694 (sz=40, trace=301504, class=java.util.ArrayList$SubList@5000248a)
OBJ 50005695 (sz=40, trace=301506, class=java.util.ArrayList$SubList$1@5000248d)
ARR 50005696 (sz=32, trace=301781, nelems=0, elem type=char[])
OBJ 50005697 (sz=32, trace=301535, class=sun.misc.FloatingDecimal$ASCIIToBinaryBuffer@500024ac)
ARR 50005698 (sz=32, trace=301782, nelems=0, elem type=char[])
OBJ 50005699 (sz=32, trace=301537, class=Point@5000255b)
OBJ 5000569a (sz=32, trace=301535, class=sun.misc.FloatingDecimal$ASCIIToBinaryBuffer@500024ac)
OBJ 5000569b (sz=32, trace=301783, class=Point@5000255b)
ARR 5000569c (sz=32, trace=301784, nelems=0, elem type=char[])
OBJ 5000569d (sz=32, trace=301535, class=sun.misc.FloatingDecimal$ASCIIToBinaryBuffer@500024ac)
ARR 5000569e (sz=32, trace=301785, nelems=0, elem type=char[])
OBJ 5000569f (sz=32, trace=301535, class=sun.misc.FloatingDecimal$ASCIIToBinaryBuffer@500024ac)
OBJ 500056a0 (sz=32, trace=301786, class=Point@5000255b)
OBJ 500056a1 (sz=32, trace=301787, class=Line@50006f05)
OBJ 500056a2 (sz=24, trace=301779, class=java.lang.String@5000016f)
ARR 500056a3 (sz=80, trace=300326, nelems=0, elem type=char[])
OBJ 500056a4 (sz=24, trace=301497, class=java.util.ArrayList@500000c5)
OBJ 500056a5 (sz=24, trace=301498, class=java.lang.String@5000016f)
ARR 500056a6 (sz=32, trace=301499, nelems=0, elem type=char[])
ARR 500056a7 (sz=56, trace=300281, nelems=0, elem type=java.lang.Object[]@5000010a)
OBJ 500056a8 (sz=24, trace=301498, class=java.lang.String@5000016f)
OBJ 500056a9 (sz=32, trace=301537, class=Point@5000255b)
ARR 500056aa (sz=32, trace=301499, nelems=0, elem type=char[])
OBJ 500056ab (sz=24, trace=301498, class=java.lang.String@5000016f)
ARR 500056ac (sz=32, trace=301499, nelems=0, elem type=char[])
OBJ 500056ad (sz=24, trace=301500, class=java.lang.String@5000016f)
ARR 500056ae (sz=32, trace=301501, nelems=0, elem type=char[])
ARR 500056af (sz=32, trace=301780, nelems=0, elem type=java.lang.String[]@500000cf)
OBJ 500056b0 (sz=40, trace=301504, class=java.util.ArrayList$SubList@5000248a)
OBJ 500056b1 (sz=40, trace=301506, class=java.util.ArrayList$SubList$1@5000248d)
ARR 500056b2 (sz=32, trace=301781, nelems=0, elem type=char[])
OBJ 500056b3 (sz=32, trace=301535, class=sun.misc.FloatingDecimal$ASCIIToBinaryBuffer@500024ac)
ARR 500056b4 (sz=32, trace=301782, nelems=0, elem type=char[])
OBJ 500056b5 (sz=32, trace=301535, class=sun.misc.FloatingDecimal$ASCIIToBinaryBuffer@500024ac)
OBJ 500056b6 (sz=32, trace=301783, class=Point@5000255b)
ARR 500056b7 (sz=32, trace=301784, nelems=0, elem type=char[])
OBJ 500056b8 (sz=32, trace=301535, class=sun.misc.FloatingDecimal$ASCIIToBinaryBuffer@500024ac)
OBJ 500056b9 (sz=32, trace=301537, class=Point@5000255b)
ARR 500056ba (sz=32, trace=301785, nelems=0, elem type=char[])
OBJ 500056bb (sz=32, trace=301535, class=sun.misc.FloatingDecimal$ASCIIToBinaryBuffer@500024ac)
OBJ 500056bc (sz=32, trace=301786, class=Point@5000255b)
OBJ 500056bd (sz=32, trace=301787, class=Line@50006f05)
OBJ 500056be (sz=24, trace=301779, class=java.lang.String@5000016f)
ARR 500056bf (sz=80, trace=300326, nelems=0, elem type=char[])
OBJ 500056c0 (sz=24, trace=301497, class=java.util.ArrayList@500000c5)
OBJ 500056c1 (sz=24, trace=301498, class=java.lang.String@5000016f)
ARR 500056c2 (sz=32, trace=301499, nelems=0, elem type=char[])
ARR 500056c3 (sz=56, trace=300281, nelems=0, elem type=java.lang.Object[]@5000010a)
OBJ 500056c4 (sz=24, trace=301498, class=java.lang.String@5000016f)
ARR 500056c5 (sz=32, trace=301499, nelems=0, elem type=char[])
OBJ 500056c6 (sz=24, trace=301498, class=java.lang.String@5000016f)
ARR 500056c7 (sz=32, trace=301499, nelems=0, elem type=char[])
OBJ 500056c8 (sz=24, trace=301500, class=java.lang.String@5000016f)
OBJ 500056c9 (sz=32, trace=301537, class=Point@5000255b)
ARR 500056ca (sz=32, trace=301501, nelems=0, elem type=char[])
ARR 500056cb (sz=32, trace=301780, nelems=0, elem type=java.lang.String[]@500000cf)
OBJ 500056cc (sz=40, trace=301504, class=java.util.ArrayList$SubList@5000248a)
OBJ 500056cd (sz=40, trace=301506, class=java.util.ArrayList$SubList$1@5000248d)
ARR 500056ce (sz=32, trace=301781, nelems=0, elem type=char[])
OBJ 500056cf (sz=32, trace=301535, class=sun.misc.FloatingDecimal$ASCIIToBinaryBuffer@500024ac)
ARR 500056d0 (sz=32, trace=301782, nelems=0, elem type=char[])
OBJ 500056d1 (sz=32, trace=301535, class=sun.misc.FloatingDecimal$ASCIIToBinaryBuffer@500024ac)
OBJ 500056d2 (sz=32, trace=301783, class=Point@5000255b)
ARR 500056d3 (sz=32, trace=301784, nelems=0, elem type=char[])
OBJ 500056d4 (sz=32, trace=301535, class=sun.misc.FloatingDecimal$ASCIIToBinaryBuffer@500024ac)
ARR 500056d5 (sz=32, trace=301785, nelems=0, elem type=char[])
OBJ 500056d6 (sz=32, trace=301535, class=sun.misc.FloatingDecimal$ASCIIToBinaryBuffer@500024ac)
OBJ 500056d7 (sz=32, trace=301786, class=Point@5000255b)
OBJ 500056d8 (sz=32, trace=301787, class=Line@50006f05)
OBJ 500056d9 (sz=32, trace=301537, class=Point@5000255b)
OBJ 500056da (sz=24, trace=301779, class=java.lang.String@5000016f)
ARR 500056db (sz=80, trace=300326, nelems=0, elem type=char[])
OBJ 500056dc (sz=24, trace=301497, class=java.util.ArrayList@500000c5)
OBJ 500056dd (sz=24, trace=301498, class=java.lang.String@5000016f)
ARR 500056de (sz=32, trace=301499, nelems=0, elem type=char[])
ARR 500056df (sz=56, trace=300281, nelems=0, elem type=java.lang.Object[]@5000010a)
OBJ 500056e0 (sz=24, trace=301498, class=java.lang.String@5000016f)
ARR 500056e1 (sz=32, trace=301499, nelems=0, elem type=char[])
OBJ 500056e2 (sz=24, trace=301498, class=java.lang.String@5000016f)
ARR 500056e3 (sz=32, trace=301499, nelems=0, elem type=char[])
OBJ 500056e4 (sz=24, trace=301500, class=java.lang.String@5000016f)
ARR 500056e5 (sz=32, trace=301501, nelems=0, elem type=char[])
ARR 500056e6 (sz=32, trace=301780, nelems=0, elem type=java.lang.String[]@500000cf)
OBJ 500056e7 (sz=40, trace=301504, class=java.util.ArrayList$SubList@5000248a)
OBJ 500056e8 (sz=40, trace=301506, class=java.util.ArrayList$SubList$1@5000248d)
OBJ 500056e9 (sz=32, trace=301537, class=Point@5000255b)
ARR 500056ea (sz=32, trace=301781, nelems=0, elem type=char[])
OBJ 500056eb (sz=32, trace=301535, class=sun.misc.FloatingDecimal$ASCIIToBinaryBuffer@500024ac)
ARR 500056ec (sz=32, trace=301782, nelems=0, elem type=char[])
OBJ 500056ed (sz=32, trace=301535, class=sun.misc.FloatingDecimal$ASCIIToBinaryBuffer@500024ac)
OBJ 500056ee (sz=32, trace=301783, class=Point@5000255b)
ARR 500056ef (sz=32, trace=301784, nelems=0, elem type=char[])
OBJ 500056f0 (sz=32, trace=301535, class=sun.misc.FloatingDecimal$ASCIIToBinaryBuffer@500024ac)
ARR 500056f1 (sz=32, trace=301785, nelems=0, elem type=char[])
OBJ 500056f2 (sz=32, trace=301535, class=sun.misc.FloatingDecimal$ASCIIToBinaryBuffer@500024ac)
OBJ 500056f3 (sz=32, trace=301786, class=Point@5000255b)
OBJ 500056f4 (sz=32, trace=301787, class=Line@50006f05)
OBJ 500056f5 (sz=24, trace=301779, class=java.lang.String@5000016f)
ARR 500056f6 (sz=80, trace=300326, nelems=0, elem type=char[])
OBJ 500056f7 (sz=24, trace=301497, class=java.util.ArrayList@500000c5)
OBJ 500056f8 (sz=24, trace=301498, class=java.lang.String@5000016f)
OBJ 500056f9 (sz=32, trace=301537, class=Point@5000255b)
ARR 500056fa (sz=32, trace=301499, nelems=0, elem type=char[])
ARR 500056fb (sz=56, trace=300281, nelems=0, elem type=java.lang.Object[]@5000010a)
OBJ 500056fc (sz=24, trace=301498, class=java.lang.String@5000016f)
ARR 500056fd (sz=32, trace=301499, nelems=0, elem type=char[])
OBJ 500056fe (sz=24, trace=301498, class=java.lang.String@5000016f)
ARR 500056ff (sz=32, trace=301499, nelems=0, elem type=char[])
OBJ 50005700 (sz=24, trace=301500, class=java.lang.String@5000016f)
ARR 50005701 (sz=32, trace=301501, nelems=0, elem type=char[])
ARR 50005702 (sz=32, trace=301780, nelems=0, elem type=java.lang.String[]@500000cf)
OBJ 50005703 (sz=40, trace=301504, class=java.util.ArrayList$SubList@5000248a)
OBJ 50005704 (sz=40, trace=301506, class=java.util.ArrayList$SubList$1@5000248d)
ARR 50005705 (sz=32, trace=301781, nelems=0, elem type=char[])
OBJ 50005706 (sz=32, trace=301535, class=sun.misc.FloatingDecimal$ASCIIToBinaryBuffer@500024ac)
ARR 50005707 (sz=32, trace=301782, nelems=0, elem type=char[])
OBJ 50005708 (sz=32, trace=301535, class=sun.misc.FloatingDecimal$ASCIIToBinaryBuffer@500024ac)
OBJ 50005709 (sz=32, trace=301537, class=Point@5000255b)
OBJ 5000570a (sz=32, trace=301783, class=Point@5000255b)
ARR 5000570b (sz=32, trace=301784, nelems=0, elem type=char[])
OBJ 5000570c (sz=32, trace=301535, class=sun.misc.FloatingDecimal$ASCIIToBinaryBuffer@500024ac)
ARR 5000570d (sz=32, trace=301785, nelems=0, elem type=char[])
OBJ 5000570e (sz=32, trace=301535, class=sun.misc.FloatingDecimal$ASCIIToBinaryBuffer@500024ac)
OBJ 5000570f (sz=32, trace=301786, class=Point@5000255b)
OBJ 50005710 (sz=32, trace=301787, class=Line@50006f05)
OBJ 50005711 (sz=24, trace=301779, class=java.lang.String@5000016f)
ARR 50005712 (sz=80, trace=300326, nelems=0, elem type=char[])
OBJ 50005713 (sz=24, trace=301497, class=java.util.ArrayList@500000c5)
OBJ 50005714 (sz=24, trace=301498, class=java.lang.String@5000016f)
ARR 50005715 (sz=32, trace=301499, nelems=0, elem type=char[])
ARR 50005716 (sz=56, trace=300281, nelems=0, elem type=java.lang.Object[]@5000010a)
OBJ 50005717 (sz=24, trace=301498, class=java.lang.String@5000016f)
ARR 50005718 (sz=32, trace=301499, nelems=0, elem type=char[])
OBJ 50005719 (sz=32, trace=301537, class=Point@5000255b)
OBJ 5000571a (sz=24, trace=301498, class=java.lang.String@5000016f)
ARR 5000571b (sz=32, trace=301499, nelems=0, elem type=char[])
OBJ 5000571c (sz=24, trace=301500, class=java.lang.String@5000016f)
ARR 5000571d (sz=32, trace=301501, nelems=0, elem type=char[])
ARR 5000571e (sz=32, trace=301780, nelems=0, elem type=java.lang.String[]@500000cf)
OBJ 5000571f (sz=40, trace=301504, class=java.util.ArrayList$SubList@5000248a)
OBJ 50005720 (sz=40, trace=301506, class=java.util.ArrayList$SubList$1@5000248d)
ARR 50005721 (sz=32, trace=301781, nelems=0, elem type=char[])
OBJ 50005722 (sz=32, trace=301535, class=sun.misc.FloatingDecimal$ASCIIToBinaryBuffer@500024ac)
ARR 50005723 (sz=32, trace=301782, nelems=0, elem type=char[])
OBJ 50005724 (sz=32, trace=301535, class=sun.misc.FloatingDecimal$ASCIIToBinaryBuffer@500024ac)
OBJ 50005725 (sz=32, trace=301783, class=Point@5000255b)
ARR 50005726 (sz=32, trace=301784, nelems=0, elem type=char[])
OBJ 50005727 (sz=32, trace=301535, class=sun.misc.FloatingDecimal$ASCIIToBinaryBuffer@500024ac)
ARR 50005728 (sz=32, trace=301785, nelems=0, elem type=char[])
OBJ 50005729 (sz=32, trace=301537, class=Point@5000255b)
OBJ 5000572a (sz=32, trace=301535, class=sun.misc.FloatingDecimal$ASCIIToBinaryBuffer@500024ac)
OBJ 5000572b (sz=32, trace=301786, class=Point@5000255b)
OBJ 5000572c (sz=32, trace=301787, class=Line@50006f05)
OBJ 5000572d (sz=24, trace=301779, class=java.lang.String@5000016f)
ARR 5000572e (sz=80, trace=300326, nelems=0, elem type=char[])
OBJ 5000572f (sz=24, trace=301497, class=java.util.ArrayList@500000c5)
OBJ 50005730 (sz=24, trace=301498, class=java.lang.String@5000016f)
ARR 50005731 (sz=32, trace=301499, nelems=0, elem type=char[])
ARR 50005732 (sz=56, trace=300281, nelems=0, elem type=java.lang.Object[]@5000010a)
OBJ 50005733 (sz=24, trace=301498, class=java.lang.String@5000016f)
ARR 50005734 (sz=32, trace=301499, nelems=0, elem type=char[])
OBJ 50005735 (sz=24, trace=301498, class=java.lang.String@5000016f)
ARR 50005736 (sz=32, trace=301499, nelems=0, elem type=char[])
OBJ 50005737 (sz=24, trace=301500, class=java.lang.String@5000016f)
ARR 50005738 (sz=32, trace=301501, nelems=0, elem type=char[])
OBJ 50005739 (sz=32, trace=301537, class=Point@5000255b)
ARR 5000573a (sz=32, trace=301780, nelems=0, elem type=java.lang.String[]@500000cf)
OBJ 5000573b (sz=40, trace=301504, class=java.util.ArrayList$SubList@5000248a)
OBJ 5000573c (sz=40, trace=301506, class=java.util.ArrayList$SubList$1@5000248d)
ARR 5000573d (sz=32, trace=301781, nelems=0, elem type=char[])
OBJ 5000573e (sz=32, trace=301535, class=sun.misc.FloatingDecimal$ASCIIToBinaryBuffer@500024ac)
ARR 5000573f (sz=32, trace=301782, nelems=0, elem type=char[])
OBJ 50005740 (sz=32, trace=301535, class=sun.misc.FloatingDecimal$ASCIIToBinaryBuffer@500024ac)
OBJ 50005741 (sz=32, trace=301783, class=Point@5000255b)
ARR 50005742 (sz=32, trace=301784, nelems=0, elem type=char[])
OBJ 50005743 (sz=32, trace=301535, class=sun.misc.FloatingDecimal$ASCIIToBinaryBuffer@500024ac)
ARR 50005744 (sz=32, trace=301785, nelems=0, elem type=char[])
OBJ 50005745 (sz=32, trace=301535, class=sun.misc.FloatingDecimal$ASCIIToBinaryBuffer@500024ac)
OBJ 50005746 (sz=32, trace=301786, class=Point@5000255b)
OBJ 50005747 (sz=32, trace=301787, class=Line@50006f05)
OBJ 50005748 (sz=24, trace=301779, class=java.lang.String@5000016f)
OBJ 50005749 (sz=32, trace=301537, class=Point@5000255b)
ARR 5000574a (sz=80, trace=300326, nelems=0, elem type=char[])
OBJ 5000574b (sz=24, trace=301497, class=java.util.ArrayList@500000c5)
OBJ 5000574c (sz=24, trace=301498, class=java.lang.String@5000016f)
ARR 5000574d (sz=32, trace=301499, nelems=0, elem type=char[])
ARR 5000574e (sz=56, trace=300281, nelems=0, elem type=java.lang.Object[]@5000010a)
OBJ 5000574f (sz=24, trace=301498, class=java.lang.String@5000016f)
ARR 50005750 (sz=32, trace=301499, nelems=0, elem type=char[])
OBJ 50005751 (sz=24, trace=301498, class=java.lang.String@5000016f)
ARR 50005752 (sz=32, trace=301499, nelems=0, elem type=char[])
OBJ 50005753 (sz=24, trace=301500, class=java.lang.String@5000016f)
ARR 50005754 (sz=32, trace=301501, nelems=0, elem type=char[])
ARR 50005755 (sz=32, trace=301780, nelems=0, elem type=java.lang.String[]@500000cf)
OBJ 50005756 (sz=40, trace=301504, class=java.util.ArrayList$SubList@5000248a)
OBJ 50005757 (sz=40, trace=301506, class=java.util.ArrayList$SubList$1@5000248d)
ARR 50005758 (sz=32, trace=301781, nelems=0, elem type=char[])
OBJ 50005759 (sz=32, trace=301537, class=Point@5000255b)
OBJ 5000575a (sz=32, trace=301535, class=sun.misc.FloatingDecimal$ASCIIToBinaryBuffer@500024ac)
ARR 5000575b (sz=32, trace=301782, nelems=0, elem type=char[])
OBJ 5000575c (sz=32, trace=301535, class=sun.misc.FloatingDecimal$ASCIIToBinaryBuffer@500024ac)
OBJ 5000575d (sz=32, trace=301783, class=Point@5000255b)
ARR 5000575e (sz=32, trace=301784, nelems=0, elem type=char[])
OBJ 5000575f (sz=32, trace=301535, class=sun.misc.FloatingDecimal$ASCIIToBinaryBuffer@500024ac)
ARR 50005760 (sz=32, trace=301785, nelems=0, elem type=char[])
OBJ 50005761 (sz=32, trace=301535, class=sun.misc.FloatingDecimal$ASCIIToBinaryBuffer@500024ac)
OBJ 50005762 (sz=32, trace=301786, class=Point@5000255b)
OBJ 50005763 (sz=32, trace=301787, class=Line@50006f05)
OBJ 50005764 (sz=24, trace=301779, class=java.lang.String@5000016f)
ARR 50005765 (sz=72, trace=300326, nelems=0, elem type=char[])
OBJ 50005766 (sz=24, trace=301497, class=java.util.ArrayList@500000c5)
OBJ 50005767 (sz=24, trace=301498, class=java.lang.String@5000016f)
ARR 50005768 (sz=32, trace=301499, nelems=0, elem type=char[])
OBJ 50005769 (sz=32, trace=301537, class=Point@5000255b)
ARR 5000576a (sz=56, trace=300281, nelems=0, elem type=java.lang.Object[]@5000010a)
OBJ 5000576b (sz=24, trace=301498, class=java.lang.String@5000016f)
ARR 5000576c (sz=32, trace=301499, nelems=0, elem type=char[])
OBJ 5000576d (sz=24, trace=301498, class=java.lang.String@5000016f)
ARR 5000576e (sz=32, trace=301499, nelems=0, elem type=char[])
OBJ 5000576f (sz=24, trace=301500, class=java.lang.String@5000016f)
ARR 50005770 (sz=32, trace=301501, nelems=0, elem type=char[])
ARR 50005771 (sz=32, trace=301780, nelems=0, elem type=java.lang.String[]@500000cf)
OBJ 50005772 (sz=40, trace=301504, class=java.util.ArrayList$SubList@5000248a)
OBJ 50005773 (sz=40, trace=301506, class=java.util.ArrayList$SubList$1@5000248d)
ARR 50005774 (sz=32, trace=301781, nelems=0, elem type=char[])
OBJ 50005775 (sz=32, trace=301535, class=sun.misc.FloatingDecimal$ASCIIToBinaryBuffer@500024ac)
ARR 50005776 (sz=32, trace=301782, nelems=0, elem type=char[])
OBJ 50005777 (sz=32, trace=301535, class=sun.misc.FloatingDecimal$ASCIIToBinaryBuffer@500024ac)
OBJ 50005778 (sz=32, trace=301783, class=Point@5000255b)
OBJ 50005779 (sz=32, trace=301537, class=Point@5000255b)
ARR 5000577a (sz=32, trace=301784, nelems=0, elem type=char[])
OBJ 5000577b (sz=32, trace=301535, class=sun.misc.FloatingDecimal$ASCIIToBinaryBuffer@500024ac)
ARR 5000577c (sz=32, trace=301785, nelems=0, elem type=char[])
OBJ 5000577d (sz=32, trace=301535, class=sun.misc.FloatingDecimal$ASCIIToBinaryBuffer@500024ac)
OBJ 5000577e (sz=32, trace=301786, class=Point@5000255b)
OBJ 5000577f (sz=32, trace=301787, class=Line@50006f05)
OBJ 50005780 (sz=24, trace=301779, class=java.lang.String@5000016f)
ARR 50005781 (sz=72, trace=300326, nelems=0, elem type=char[])
OBJ 50005782 (sz=24, trace=301497, class=java.util.ArrayList@500000c5)
OBJ 50005783 (sz=24, trace=301498, class=java.lang.String@5000016f)
ARR 50005784 (sz=32, trace=301499, nelems=0, elem type=char[])
ARR 50005785 (sz=56, trace=300281, nelems=0, elem type=java.lang.Object[]@5000010a)
OBJ 50005786 (sz=24, trace=301498, class=java.lang.String@5000016f)
ARR 50005787 (sz=32, trace=301499, nelems=0, elem type=char[])
OBJ 50005788 (sz=24, trace=301498, class=java.lang.String@5000016f)
OBJ 50005789 (sz=32, trace=301537, class=Point@5000255b)
ARR 5000578a (sz=32, trace=301499, nelems=0, elem type=char[])
OBJ 5000578b (sz=24, trace=301500, class=java.lang.String@5000016f)
ARR 5000578c (sz=32, trace=301501, nelems=0, elem type=char[])
ARR 5000578d (sz=32, trace=301780, nelems=0, elem type=java.lang.String[]@500000cf)
OBJ 5000578e (sz=40, trace=301504, class=java.util.ArrayList$SubList@5000248a)
OBJ 5000578f (sz=40, trace=301506, class=java.util.ArrayList$SubList$1@5000248d)
ARR 50005790 (sz=32, trace=301781, nelems=0, elem type=char[])
OBJ 50005791 (sz=32, trace=301535, class=sun.misc.FloatingDecimal$ASCIIToBinaryBuffer@500024ac)
ARR 50005792 (sz=32, trace=301782, nelems=0, elem type=char[])
OBJ 50005793 (sz=32, trace=301535, class=sun.misc.FloatingDecimal$ASCIIToBinaryBuffer@500024ac)
OBJ 50005794 (sz=32, trace=301783, class=Point@5000255b)
ARR 50005795 (sz=32, trace=301784, nelems=0, elem type=char[])
OBJ 50005796 (sz=32, trace=301535, class=sun.misc.FloatingDecimal$ASCIIToBinaryBuffer@500024ac)
ARR 50005797 (sz=32, trace=301785, nelems=0, elem type=char[])
OBJ 50005798 (sz=32, trace=301535, class=sun.misc.FloatingDecimal$ASCIIToBinaryBuffer@500024ac)
OBJ 50005799 (sz=32, trace=301537, class=Point@5000255b)
OBJ 5000579a (sz=32, trace=301786, class=Point@5000255b)
OBJ 5000579b (sz=32, trace=301787, class=Line@50006f05)
OBJ 5000579c (sz=24, trace=301779, class=java.lang.String@5000016f)
ARR 5000579d (sz=72, trace=300326, nelems=0, elem type=char[])
OBJ 5000579e (sz=24, trace=301497, class=java.util.ArrayList@500000c5)
OBJ 5000579f (sz=24, trace=301498, class=java.lang.String@5000016f)
ARR 500057a0 (sz=32, trace=301499, nelems=0, elem type=char[])
ARR 500057a1 (sz=56, trace=300281, nelems=0, elem type=java.lang.Object[]@5000010a)
OBJ 500057a2 (sz=24, trace=301498, class=java.lang.String@5000016f)
ARR 500057a3 (sz=32, trace=301499, nelems=0, elem type=char[])
OBJ 500057a4 (sz=24, trace=301498, class=java.lang.String@5000016f)
ARR 500057a5 (sz=32, trace=301499, nelems=0, elem type=char[])
OBJ 500057a6 (sz=24, trace=301500, class=java.lang.String@5000016f)
ARR 500057a7 (sz=32, trace=301501, nelems=0, elem type=char[])
ARR 500057a8 (sz=32, trace=301780, nelems=0, elem type=java.lang.String[]@500000cf)
OBJ 500057a9 (sz=32, trace=301537, class=Point@5000255b)
OBJ 500057aa (sz=40, trace=301504, class=java.util.ArrayList$SubList@5000248a)
OBJ 500057ab (sz=40, trace=301506, class=java.util.ArrayList$SubList$1@5000248d)
ARR 500057ac (sz=32, trace=301781, nelems=0, elem type=char[])
OBJ 500057ad (sz=32, trace=301535, class=sun.misc.FloatingDecimal$ASCIIToBinaryBuffer@500024ac)
ARR 500057ae (sz=32, trace=301782, nelems=0, elem type=char[])
OBJ 500057af (sz=32, trace=301535, class=sun.misc.FloatingDecimal$ASCIIToBinaryBuffer@500024ac)
OBJ 500057b0 (sz=32, trace=301783, class=Point@5000255b)
ARR 500057b1 (sz=32, trace=301784, nelems=0, elem type=char[])
OBJ 500057b2 (sz=32, trace=301535, class=sun.misc.FloatingDecimal$ASCIIToBinaryBuffer@500024ac)
ARR 500057b3 (sz=32, trace=301785, nelems=0, elem type=char[])
OBJ 500057b4 (sz=32, trace=301535, class=sun.misc.FloatingDecimal$ASCIIToBinaryBuffer@500024ac)
OBJ 500057b5 (sz=32, trace=301786, class=Point@5000255b)
OBJ 500057b6 (sz=32, trace=301787, class=Line@50006f05)
OBJ 500057b7 (sz=24, trace=301779, class=java.lang.String@5000016f)
ARR 500057b8 (sz=80, trace=300326, nelems=0, elem type=char[])
OBJ 500057b9 (sz=32, trace=301537, class=Point@5000255b)
OBJ 500057ba (sz=24, trace=301497, class=java.util.ArrayList@500000c5)
OBJ 500057bb (sz=24, trace=301498, class=java.lang.String@5000016f)
ARR 500057bc (sz=32, trace=301499, nelems=0, elem type=char[])
ARR 500057bd (sz=56, trace=300281, nelems=0, elem type=java.lang.Object[]@5000010a)
OBJ 500057be (sz=24, trace=301498, class=java.lang.String@5000016f)
ARR 500057bf (sz=32, trace=301499, nelems=0, elem type=char[])
OBJ 500057c0 (sz=24, trace=301498, class=java.lang.String@5000016f)
ARR 500057c1 (sz=32, trace=301499, nelems=0, elem type=char[])
OBJ 500057c2 (sz=24, trace=301500, class=java.lang.String@5000016f)
ARR 500057c3 (sz=32, trace=301501, nelems=0, elem type=char[])
ARR 500057c4 (sz=32, trace=301780, nelems=0, elem type=java.lang.String[]@500000cf)
OBJ 500057c5 (sz=40, trace=301504, class=java.util.ArrayList$SubList@5000248a)
OBJ 500057c6 (sz=40, trace=301506, class=java.util.ArrayList$SubList$1@5000248d)
ARR 500057c7 (sz=32, trace=301781, nelems=0, elem type=char[])
OBJ 500057c8 (sz=32, trace=301535, class=sun.misc.FloatingDecimal$ASCIIToBinaryBuffer@500024ac)
OBJ 500057c9 (sz=32, trace=301537, class=Point@5000255b)
ARR 500057ca (sz=32, trace=301782, nelems=0, elem type=char[])
OBJ 500057cb (sz=32, trace=301535, class=sun.misc.FloatingDecimal$ASCIIToBinaryBuffer@500024ac)
OBJ 500057cc (sz=32, trace=301783, class=Point@5000255b)
ARR 500057cd (sz=32, trace=301784, nelems=0, elem type=char[])
OBJ 500057ce (sz=32, trace=301535, class=sun.misc.FloatingDecimal$ASCIIToBinaryBuffer@500024ac)
ARR 500057cf (sz=32, trace=301785, nelems=0, elem type=char[])
OBJ 500057d0 (sz=32, trace=301535, class=sun.misc.FloatingDecimal$ASCIIToBinaryBuffer@500024ac)
OBJ 500057d1 (sz=32, trace=301786, class=Point@5000255b)
OBJ 500057d2 (sz=32, trace=301787, class=Line@50006f05)
OBJ 500057d3 (sz=24, trace=301779, class=java.lang.String@5000016f)
ARR 500057d4 (sz=80, trace=300326, nelems=0, elem type=char[])
OBJ 500057d5 (sz=24, trace=301497, class=java.util.ArrayList@500000c5)
OBJ 500057d6 (sz=24, trace=301498, class=java.lang.String@5000016f)
ARR 500057d7 (sz=32, trace=301499, nelems=0, elem type=char[])
ARR 500057d8 (sz=56, trace=300281, nelems=0, elem type=java.lang.Object[]@5000010a)
OBJ 500057d9 (sz=32, trace=301537, class=Point@5000255b)
OBJ 500057da (sz=24, trace=301498, class=java.lang.String@5000016f)
ARR 500057db (sz=32, trace=301499, nelems=0, elem type=char[])
OBJ 500057dc (sz=24, trace=301498, class=java.lang.String@5000016f)
ARR 500057dd (sz=32, trace=301499, nelems=0, elem type=char[])
OBJ 500057de (sz=24, trace=301500, class=java.lang.String@5000016f)
ARR 500057df (sz=32, trace=301501, nelems=0, elem type=char[])
ARR 500057e0 (sz=32, trace=301780, nelems=0, elem type=java.lang.String[]@500000cf)
OBJ 500057e1 (sz=40, trace=301504, class=java.util.ArrayList$SubList@5000248a)
OBJ 500057e2 (sz=40, trace=301506, class=java.util.ArrayList$SubList$1@5000248d)
ARR 500057e3 (sz=32, trace=301781, nelems=0, elem type=char[])
OBJ 500057e4 (sz=32, trace=301535, class=sun.misc.FloatingDecimal$ASCIIToBinaryBuffer@500024ac)
ARR 500057e5 (sz=32, trace=301782, nelems=0, elem type=char[])
OBJ 500057e6 (sz=32, trace=301535, class=sun.misc.FloatingDecimal$ASCIIToBinaryBuffer@500024ac)
OBJ 500057e7 (sz=32, trace=301783, class=Point@5000255b)
ARR 500057e8 (sz=32, trace=301784, nelems=0, elem type=char[])
OBJ 500057e9 (sz=32, trace=301537, class=Point@5000255b)
OBJ 500057ea (sz=32, trace=301535, class=sun.misc.FloatingDecimal$ASCIIToBinaryBuffer@500024ac)
ARR 500057eb (sz=32, trace=301785, nelems=0, elem type=char[])
OBJ 500057ec (sz=32, trace=301535, class=sun.misc.FloatingDecimal$ASCIIToBinaryBuffer@500024ac)
OBJ 500057ed (sz=32, trace=301786, class=Point@5000255b)
OBJ 500057ee (sz=32, trace=301787, class=Line@50006f05)
OBJ 500057ef (sz=24, trace=301779, class=java.lang.String@5000016f)
ARR 500057f0 (sz=80, trace=300326, nelems=0, elem type=char[])
OBJ 500057f1 (sz=24, trace=301497, class=java.util.ArrayList@500000c5)
OBJ 500057f2 (sz=24, trace=301498, class=java.lang.String@5000016f)
ARR 500057f3 (sz=32, trace=301499, nelems=0, elem type=char[])
ARR 500057f4 (sz=56, trace=300281, nelems=0, elem type=java.lang.Object[]@5000010a)
OBJ 500057f5 (sz=24, trace=301498, class=java.lang.String@5000016f)
ARR 500057f6 (sz=32, trace=301499, nelems=0, elem type=char[])
OBJ 500057f7 (sz=24, trace=301498, class=java.lang.String@5000016f)
ARR 500057f8 (sz=32, trace=301499, nelems=0, elem type=char[])
OBJ 500057f9 (sz=32, trace=301537, class=Point@5000255b)
OBJ 500057fa (sz=24, trace=301500, class=java.lang.String@5000016f)
ARR 500057fb (sz=32, trace=301501, nelems=0, elem type=char[])
ARR 500057fc (sz=32, trace=301780, nelems=0, elem type=java.lang.String[]@500000cf)
OBJ 500057fd (sz=40, trace=301504, class=java.util.ArrayList$SubList@5000248a)
OBJ 500057fe (sz=40, trace=301506, class=java.util.ArrayList$SubList$1@5000248d)
ARR 500057ff (sz=32, trace=301781, nelems=0, elem type=char[])
OBJ 50005800 (sz=32, trace=301535, class=sun.misc.FloatingDecimal$ASCIIToBinaryBuffer@500024ac)
ARR 50005801 (sz=32, trace=301782, nelems=0, elem type=char[])
OBJ 50005802 (sz=32, trace=301535, class=sun.misc.FloatingDecimal$ASCIIToBinaryBuffer@500024ac)
OBJ 50005803 (sz=32, trace=301783, class=Point@5000255b)
ARR 50005804 (sz=32, trace=301784, nelems=0, elem type=char[])
OBJ 50005805 (sz=32, trace=301535, class=sun.misc.FloatingDecimal$ASCIIToBinaryBuffer@500024ac)
ARR 50005806 (sz=32, trace=301785, nelems=0, elem type=char[])
OBJ 50005807 (sz=32, trace=301535, class=sun.misc.FloatingDecimal$ASCIIToBinaryBuffer@500024ac)
OBJ 50005808 (sz=32, trace=301786, class=Point@5000255b)
OBJ 50005809 (sz=32, trace=301537, class=Point@5000255b)
OBJ 5000580a (sz=32, trace=301787, class=Line@50006f05)
OBJ 5000580b (sz=24, trace=301779, class=java.lang.String@5000016f)
ARR 5000580c (sz=80, trace=300326, nelems=0, elem type=char[])
OBJ 5000580d (sz=24, trace=301497, class=java.util.ArrayList@500000c5)
OBJ 5000580e (sz=24, trace=301498, class=java.lang.String@5000016f)
ARR 5000580f (sz=32, trace=301499, nelems=0, elem type=char[])
ARR 50005810 (sz=56, trace=300281, nelems=0, elem type=java.lang.Object[]@5000010a)
OBJ 50005811 (sz=24, trace=301498, class=java.lang.String@5000016f)
ARR 50005812 (sz=32, trace=301499, nelems=0, elem type=char[])
OBJ 50005813 (sz=24, trace=301498, class=java.lang.String@5000016f)
ARR 50005814 (sz=32, trace=301499, nelems=0, elem type=char[])
OBJ 50005815 (sz=24, trace=301500, class=java.lang.String@5000016f)
ARR 50005816 (sz=32, trace=301501, nelems=0, elem type=char[])
ARR 50005817 (sz=32, trace=301780, nelems=0, elem type=java.lang.String[]@500000cf)
OBJ 50005818 (sz=40, trace=301504, class=java.util.ArrayList$SubList@5000248a)
OBJ 50005819 (sz=32, trace=301537, class=Point@5000255b)
OBJ 5000581a (sz=40, trace=301506, class=java.util.ArrayList$SubList$1@5000248d)
ARR 5000581b (sz=32, trace=301781, nelems=0, elem type=char[])
OBJ 5000581c (sz=32, trace=301535, class=sun.misc.FloatingDecimal$ASCIIToBinaryBuffer@500024ac)
ARR 5000581d (sz=32, trace=301782, nelems=0, elem type=char[])
OBJ 5000581e (sz=32, trace=301535, class=sun.misc.FloatingDecimal$ASCIIToBinaryBuffer@500024ac)
OBJ 5000581f (sz=32, trace=301783, class=Point@5000255b)
ARR 50005820 (sz=32, trace=301784, nelems=0, elem type=char[])
OBJ 50005821 (sz=32, trace=301535, class=sun.misc.FloatingDecimal$ASCIIToBinaryBuffer@500024ac)
ARR 50005822 (sz=32, trace=301785, nelems=0, elem type=char[])
OBJ 50005823 (sz=32, trace=301535, class=sun.misc.FloatingDecimal$ASCIIToBinaryBuffer@500024ac)
OBJ 50005824 (sz=32, trace=301786, class=Point@5000255b)
OBJ 50005825 (sz=32, trace=301787, class=Line@50006f05)
OBJ 50005826 (sz=24, trace=301779, class=java.lang.String@5000016f)
ARR 50005827 (sz=80, trace=300326, nelems=0, elem type=char[])
OBJ 50005828 (sz=24, trace=301497, class=java.util.ArrayList@500000c5)
OBJ 50005829 (sz=32, trace=301537, class=Point@5000255b)
OBJ 5000582a (sz=24, trace=301498, class=java.lang.String@5000016f)
ARR 5000582b (sz=32, trace=301499, nelems=0, elem type=char[])
ARR 5000582c (sz=56, trace=300281, nelems=0, elem type=java.lang.Object[]@5000010a)
OBJ 5000582d (sz=24, trace=301498, class=java.lang.String@5000016f)
ARR 5000582e (sz=32, trace=301499, nelems=0, elem type=char[])
OBJ 5000582f (sz=24, trace=301498, class=java.lang.String@5000016f)
ARR 50005830 (sz=32, trace=301499, nelems=0, elem type=char[])
OBJ 50005831 (sz=24, trace=301500, class=java.lang.String@5000016f)
ARR 50005832 (sz=32, trace=301501, nelems=0, elem type=char[])
ARR 50005833 (sz=32, trace=301780, nelems=0, elem type=java.lang.String[]@500000cf)
OBJ 50005834 (sz=40, trace=301504, class=java.util.ArrayList$SubList@5000248a)
OBJ 50005835 (sz=40, trace=301506, class=java.util.ArrayList$SubList$1@5000248d)
ARR 50005836 (sz=32, trace=301781, nelems=0, elem type=char[])
OBJ 50005837 (sz=32, trace=301535, class=sun.misc.FloatingDecimal$ASCIIToBinaryBuffer@500024ac)
ARR 50005838 (sz=32, trace=301782, nelems=0, elem type=char[])
OBJ 50005839 (sz=32, trace=301537, class=Point@5000255b)
OBJ 5000583a (sz=32, trace=301535, class=sun.misc.FloatingDecimal$ASCIIToBinaryBuffer@500024ac)
OBJ 5000583b (sz=32, trace=301783, class=Point@5000255b)
ARR 5000583c (sz=32, trace=301784, nelems=0, elem type=char[])
OBJ 5000583d (sz=32, trace=301535, class=sun.misc.FloatingDecimal$ASCIIToBinaryBuffer@500024ac)
ARR 5000583e (sz=32, trace=301785, nelems=0, elem type=char[])
OBJ 5000583f (sz=32, trace=301535, class=sun.misc.FloatingDecimal$ASCIIToBinaryBuffer@500024ac)
OBJ 50005840 (sz=32, trace=301786, class=Point@5000255b)
OBJ 50005841 (sz=32, trace=301787, class=Line@50006f05)
OBJ 50005842 (sz=24, trace=301779, class=java.lang.String@5000016f)
ARR 50005843 (sz=80, trace=300326, nelems=0, elem type=char[])
OBJ 50005844 (sz=24, trace=301497, class=java.util.ArrayList@500000c5)
OBJ 50005845 (sz=24, trace=301498, class=java.lang.String@5000016f)
ARR 50005846 (sz=32, trace=301499, nelems=0, elem type=char[])
ARR 50005847 (sz=56, trace=300281, nelems=0, elem type=java.lang.Object[]@5000010a)
OBJ 50005848 (sz=24, trace=301498, class=java.lang.String@5000016f)
OBJ 50005849 (sz=32, trace=301537, class=Point@5000255b)
ARR 5000584a (sz=32, trace=301499, nelems=0, elem type=char[])
OBJ 5000584b (sz=24, trace=301498, class=java.lang.String@5000016f)
ARR 5000584c (sz=32, trace=301499, nelems=0, elem type=char[])
OBJ 5000584d (sz=24, trace=301500, class=java.lang.String@5000016f)
ARR 5000584e (sz=32, trace=301501, nelems=0, elem type=char[])
ARR 5000584f (sz=32, trace=301780, nelems=0, elem type=java.lang.String[]@500000cf)
OBJ 50005850 (sz=40, trace=301504, class=java.util.ArrayList$SubList@5000248a)
OBJ 50005851 (sz=40, trace=301506, class=java.util.ArrayList$SubList$1@5000248d)
ARR 50005852 (sz=32, trace=301781, nelems=0, elem type=char[])
OBJ 50005853 (sz=32, trace=301535, class=sun.misc.FloatingDecimal$ASCIIToBinaryBuffer@500024ac)
ARR 50005854 (sz=32, trace=301782, nelems=0, elem type=char[])
OBJ 50005855 (sz=32, trace=301535, class=sun.misc.FloatingDecimal$ASCIIToBinaryBuffer@500024ac)
OBJ 50005856 (sz=32, trace=301783, class=Point@5000255b)
ARR 50005857 (sz=32, trace=301784, nelems=0, elem type=char[])
OBJ 50005858 (sz=32, trace=301535, class=sun.misc.FloatingDecimal$ASCIIToBinaryBuffer@500024ac)
OBJ 50005859 (sz=32, trace=301537, class=Point@5000255b)
ARR 5000585a (sz=32, trace=301785, nelems=0, elem type=char[])
OBJ 5000585b (sz=32, trace=301535, class=sun.misc.FloatingDecimal$ASCIIToBinaryBuffer@500024ac)
OBJ 5000585c (sz=32, trace=301786, class=Point@5000255b)
OBJ 5000585d (sz=32, trace=301787, class=Line@50006f05)
OBJ 5000585e (sz=24, trace=301779, class=java.lang.String@5000016f)
ARR 5000585f (sz=80, trace=300326, nelems=0, elem type=char[])
OBJ 50005860 (sz=24, trace=301497, class=java.util.ArrayList@500000c5)
OBJ 50005861 (sz=24, trace=301498, class=java.lang.String@5000016f)
ARR 50005862 (sz=32, trace=301499, nelems=0, elem type=char[])
ARR 50005863 (sz=56, trace=300281, nelems=0, elem type=java.lang.Object[]@5000010a)
OBJ 50005864 (sz=24, trace=301498, class=java.lang.String@5000016f)
ARR 50005865 (sz=32, trace=301499, nelems=0, elem type=char[])
OBJ 50005866 (sz=24, trace=301498, class=java.lang.String@5000016f)
ARR 50005867 (sz=32, trace=301499, nelems=0, elem type=char[])
OBJ 50005868 (sz=24, trace=301500, class=java.lang.String@5000016f)
OBJ 50005869 (sz=32, trace=301537, class=Point@5000255b)
ARR 5000586a (sz=32, trace=301501, nelems=0, elem type=char[])
ARR 5000586b (sz=32, trace=301780, nelems=0, elem type=java.lang.String[]@500000cf)
OBJ 5000586c (sz=40, trace=301504, class=java.util.ArrayList$SubList@5000248a)
OBJ 5000586d (sz=40, trace=301506, class=java.util.ArrayList$SubList$1@5000248d)
ARR 5000586e (sz=32, trace=301781, nelems=0, elem type=char[])
OBJ 5000586f (sz=32, trace=301535, class=sun.misc.FloatingDecimal$ASCIIToBinaryBuffer@500024ac)
ARR 50005870 (sz=32, trace=301782, nelems=0, elem type=char[])
OBJ 50005871 (sz=32, trace=301535, class=sun.misc.FloatingDecimal$ASCIIToBinaryBuffer@500024ac)
OBJ 50005872 (sz=32, trace=301783, class=Point@5000255b)
ARR 50005873 (sz=32, trace=301784, nelems=0, elem type=char[])
OBJ 50005874 (sz=32, trace=301535, class=sun.misc.FloatingDecimal$ASCIIToBinaryBuffer@500024ac)
ARR 50005875 (sz=32, trace=301785, nelems=0, elem type=char[])
OBJ 50005876 (sz=32, trace=301535, class=sun.misc.FloatingDecimal$ASCIIToBinaryBuffer@500024ac)
OBJ 50005877 (sz=32, trace=301786, class=Point@5000255b)
OBJ 50005878 (sz=32, trace=301787, class=Line@50006f05)
OBJ 50005879 (sz=32, trace=301537, class=Point@5000255b)
OBJ 5000587a (sz=24, trace=301779, class=java.lang.String@5000016f)
ARR 5000587b (sz=80, trace=300326, nelems=0, elem type=char[])
OBJ 5000587c (sz=24, trace=301497, class=java.util.ArrayList@500000c5)
OBJ 5000587d (sz=24, trace=301498, class=java.lang.String@5000016f)
ARR 5000587e (sz=32, trace=301499, nelems=0, elem type=char[])
ARR 5000587f (sz=56, trace=300281, nelems=0, elem type=java.lang.Object[]@5000010a)
OBJ 50005880 (sz=24, trace=301498, class=java.lang.String@5000016f)
ARR 50005881 (sz=32, trace=301499, nelems=0, elem type=char[])
OBJ 50005882 (sz=24, trace=301498, class=java.lang.String@5000016f)
ARR 50005883 (sz=32, trace=301499, nelems=0, elem type=char[])
OBJ 50005884 (sz=24, trace=301500, class=java.lang.String@5000016f)
ARR 50005885 (sz=32, trace=301501, nelems=0, elem type=char[])
ARR 50005886 (sz=32, trace=301780, nelems=0, elem type=java.lang.String[]@500000cf)
OBJ 50005887 (sz=40, trace=301504, class=java.util.ArrayList$SubList@5000248a)
OBJ 50005888 (sz=40, trace=301506, class=java.util.ArrayList$SubList$1@5000248d)
OBJ 50005889 (sz=32, trace=301537, class=Point@5000255b)
ARR 5000588a (sz=32, trace=301781, nelems=0, elem type=char[])
OBJ 5000588b (sz=32, trace=301535, class=sun.misc.FloatingDecimal$ASCIIToBinaryBuffer@500024ac)
ARR 5000588c (sz=32, trace=301782, nelems=0, elem type=char[])
OBJ 5000588d (sz=32, trace=301535, class=sun.misc.FloatingDecimal$ASCIIToBinaryBuffer@500024ac)
OBJ 5000588e (sz=32, trace=301783, class=Point@5000255b)
ARR 5000588f (sz=32, trace=301784, nelems=0, elem type=char[])
OBJ 50005890 (sz=32, trace=301535, class=sun.misc.FloatingDecimal$ASCIIToBinaryBuffer@500024ac)
ARR 50005891 (sz=32, trace=301785, nelems=0, elem type=char[])
OBJ 50005892 (sz=32, trace=301535, class=sun.misc.FloatingDecimal$ASCIIToBinaryBuffer@500024ac)
OBJ 50005893 (sz=32, trace=301786, class=Point@5000255b)
OBJ 50005894 (sz=32, trace=301787, class=Line@50006f05)
OBJ 50005895 (sz=24, trace=301779, class=java.lang.String@5000016f)
ARR 50005896 (sz=88, trace=300326, nelems=0, elem type=char[])
OBJ 50005897 (sz=24, trace=301497, class=java.util.ArrayList@500000c5)
OBJ 50005898 (sz=24, trace=301498, class=java.lang.String@5000016f)
OBJ 50005899 (sz=32, trace=301537, class=Point@5000255b)
ARR 5000589a (sz=32, trace=301499, nelems=0, elem type=char[])
ARR 5000589b (sz=56, trace=300281, nelems=0, elem type=java.lang.Object[]@5000010a)
OBJ 5000589c (sz=24, trace=301498, class=java.lang.String@5000016f)
ARR 5000589d (sz=32, trace=301499, nelems=0, elem type=char[])
OBJ 5000589e (sz=24, trace=301498, class=java.lang.String@5000016f)
ARR 5000589f (sz=32, trace=301499, nelems=0, elem type=char[])
OBJ 500058a0 (sz=24, trace=301500, class=java.lang.String@5000016f)
ARR 500058a1 (sz=32, trace=301501, nelems=0, elem type=char[])
ARR 500058a2 (sz=32, trace=301780, nelems=0, elem type=java.lang.String[]@500000cf)
OBJ 500058a3 (sz=40, trace=301504, class=java.util.ArrayList$SubList@5000248a)
OBJ 500058a4 (sz=40, trace=301506, class=java.util.ArrayList$SubList$1@5000248d)
ARR 500058a5 (sz=32, trace=301781, nelems=0, elem type=char[])
OBJ 500058a6 (sz=32, trace=301535, class=sun.misc.FloatingDecimal$ASCIIToBinaryBuffer@500024ac)
ARR 500058a7 (sz=32, trace=301782, nelems=0, elem type=char[])
OBJ 500058a8 (sz=32, trace=301535, class=sun.misc.FloatingDecimal$ASCIIToBinaryBuffer@500024ac)
OBJ 500058a9 (sz=32, trace=301537, class=Point@5000255b)
OBJ 500058aa (sz=32, trace=301783, class=Point@5000255b)
ARR 500058ab (sz=32, trace=301784, nelems=0, elem type=char[])
OBJ 500058ac (sz=32, trace=301535, class=sun.misc.FloatingDecimal$ASCIIToBinaryBuffer@500024ac)
ARR 500058ad (sz=32, trace=301785, nelems=0, elem type=char[])
OBJ 500058ae (sz=32, trace=301535, class=sun.misc.FloatingDecimal$ASCIIToBinaryBuffer@500024ac)
OBJ 500058af (sz=32, trace=301786, class=Point@5000255b)
OBJ 500058b0 (sz=32, trace=301787, class=Line@50006f05)
OBJ 500058b1 (sz=24, trace=301779, class=java.lang.String@5000016f)
ARR 500058b2 (sz=80, trace=300326, nelems=0, elem type=char[])
OBJ 500058b3 (sz=24, trace=301497, class=java.util.ArrayList@500000c5)
OBJ 500058b4 (sz=24, trace=301498, class=java.lang.String@5000016f)
ARR 500058b5 (sz=32, trace=301499, nelems=0, elem type=char[])
ARR 500058b6 (sz=56, trace=300281, nelems=0, elem type=java.lang.Object[]@5000010a)
OBJ 500058b7 (sz=24, trace=301498, class=java.lang.String@5000016f)
ARR 500058b8 (sz=32, trace=301499, nelems=0, elem type=char[])
OBJ 500058b9 (sz=32, trace=301537, class=Point@5000255b)
OBJ 500058ba (sz=24, trace=301498, class=java.lang.String@5000016f)
ARR 500058bb (sz=32, trace=301499, nelems=0, elem type=char[])
OBJ 500058bc (sz=24, trace=301500, class=java.lang.String@5000016f)
ARR 500058bd (sz=32, trace=301501, nelems=0, elem type=char[])
ARR 500058be (sz=32, trace=301780, nelems=0, elem type=java.lang.String[]@500000cf)
OBJ 500058bf (sz=40, trace=301504, class=java.util.ArrayList$SubList@5000248a)
OBJ 500058c0 (sz=40, trace=301506, class=java.util.ArrayList$SubList$1@5000248d)
ARR 500058c1 (sz=32, trace=301781, nelems=0, elem type=char[])
OBJ 500058c2 (sz=32, trace=301535, class=sun.misc.FloatingDecimal$ASCIIToBinaryBuffer@500024ac)
ARR 500058c3 (sz=32, trace=301782, nelems=0, elem type=char[])
OBJ 500058c4 (sz=32, trace=301535, class=sun.misc.FloatingDecimal$ASCIIToBinaryBuffer@500024ac)
OBJ 500058c5 (sz=32, trace=301783, class=Point@5000255b)
ARR 500058c6 (sz=32, trace=301784, nelems=0, elem type=char[])
OBJ 500058c7 (sz=32, trace=301535, class=sun.misc.FloatingDecimal$ASCIIToBinaryBuffer@500024ac)
ARR 500058c8 (sz=32, trace=301785, nelems=0, elem type=char[])
OBJ 500058c9 (sz=32, trace=301537, class=Point@5000255b)
OBJ 500058ca (sz=32, trace=301535, class=sun.misc.FloatingDecimal$ASCIIToBinaryBuffer@500024ac)
OBJ 500058cb (sz=32, trace=301786, class=Point@5000255b)
OBJ 500058cc (sz=32, trace=301787, class=Line@50006f05)
OBJ 500058cd (sz=24, trace=301779, class=java.lang.String@5000016f)
ARR 500058ce (sz=80, trace=300326, nelems=0, elem type=char[])
OBJ 500058cf (sz=24, trace=301497, class=java.util.ArrayList@500000c5)
OBJ 500058d0 (sz=24, trace=301498, class=java.lang.String@5000016f)
ARR 500058d1 (sz=32, trace=301499, nelems=0, elem type=char[])
ARR 500058d2 (sz=56, trace=300281, nelems=0, elem type=java.lang.Object[]@5000010a)
OBJ 500058d3 (sz=24, trace=301498, class=java.lang.String@5000016f)
ARR 500058d4 (sz=32, trace=301499, nelems=0, elem type=char[])
OBJ 500058d5 (sz=24, trace=301498, class=java.lang.String@5000016f)
ARR 500058d6 (sz=32, trace=301499, nelems=0, elem type=char[])
OBJ 500058d7 (sz=24, trace=301500, class=java.lang.String@5000016f)
ARR 500058d8 (sz=32, trace=301501, nelems=0, elem type=char[])
OBJ 500058d9 (sz=32, trace=301537, class=Point@5000255b)
ARR 500058da (sz=4952, trace=300281, nelems=0, elem type=java.lang.Object[]@5000010a)
ARR 500058db (sz=32, trace=301780, nelems=0, elem type=java.lang.String[]@500000cf)
OBJ 500058dc (sz=40, trace=301504, class=java.util.ArrayList$SubList@5000248a)
OBJ 500058dd (sz=40, trace=301506, class=java.util.ArrayList$SubList$1@5000248d)
ARR 500058de (sz=32, trace=301781, nelems=0, elem type=char[])
OBJ 500058df (sz=32, trace=301535, class=sun.misc.FloatingDecimal$ASCIIToBinaryBuffer@500024ac)
ARR 500058e0 (sz=32, trace=301782, nelems=0, elem type=char[])
OBJ 500058e1 (sz=32, trace=301535, class=sun.misc.FloatingDecimal$ASCIIToBinaryBuffer@500024ac)
OBJ 500058e2 (sz=32, trace=301783, class=Point@5000255b)
ARR 500058e3 (sz=32, trace=301784, nelems=0, elem type=char[])
OBJ 500058e4 (sz=32, trace=301535, class=sun.misc.FloatingDecimal$ASCIIToBinaryBuffer@500024ac)
ARR 500058e5 (sz=32, trace=301785, nelems=0, elem type=char[])
OBJ 500058e6 (sz=32, trace=301535, class=sun.misc.FloatingDecimal$ASCIIToBinaryBuffer@500024ac)
OBJ 500058e7 (sz=32, trace=301786, class=Point@5000255b)
OBJ 500058e8 (sz=32, trace=301787, class=Line@50006f05)
OBJ 500058e9 (sz=24, trace=301779, class=java.lang.String@5000016f)
OBJ 500058ea (sz=32, trace=301537, class=Point@5000255b)
ARR 500058eb (sz=80, trace=300326, nelems=0, elem type=char[])
OBJ 500058ec (sz=24, trace=301497, class=java.util.ArrayList@500000c5)
OBJ 500058ed (sz=24, trace=301498, class=java.lang.String@5000016f)
ARR 500058ee (sz=32, trace=301499, nelems=0, elem type=char[])
ARR 500058ef (sz=56, trace=300281, nelems=0, elem type=java.lang.Object[]@5000010a)
OBJ 500058f0 (sz=24, trace=301498, class=java.lang.String@5000016f)
ARR 500058f1 (sz=32, trace=301499, nelems=0, elem type=char[])
OBJ 500058f2 (sz=24, trace=301498, class=java.lang.String@5000016f)
ARR 500058f3 (sz=32, trace=301499, nelems=0, elem type=char[])
OBJ 500058f4 (sz=24, trace=301500, class=java.lang.String@5000016f)
ARR 500058f5 (sz=32, trace=301501, nelems=0, elem type=char[])
ARR 500058f6 (sz=32, trace=301780, nelems=0, elem type=java.lang.String[]@500000cf)
OBJ 500058f7 (sz=40, trace=301504, class=java.util.ArrayList$SubList@5000248a)
OBJ 500058f8 (sz=40, trace=301506, class=java.util.ArrayList$SubList$1@5000248d)
ARR 500058f9 (sz=32, trace=301781, nelems=0, elem type=char[])
OBJ 500058fa (sz=32, trace=301537, class=Point@5000255b)
OBJ 500058fb (sz=32, trace=301535, class=sun.misc.FloatingDecimal$ASCIIToBinaryBuffer@500024ac)
ARR 500058fc (sz=32, trace=301782, nelems=0, elem type=char[])
OBJ 500058fd (sz=32, trace=301535, class=sun.misc.FloatingDecimal$ASCIIToBinaryBuffer@500024ac)
OBJ 500058fe (sz=32, trace=301783, class=Point@5000255b)
ARR 500058ff (sz=32, trace=301784, nelems=0, elem type=char[])
OBJ 50005900 (sz=32, trace=301535, class=sun.misc.FloatingDecimal$ASCIIToBinaryBuffer@500024ac)
ARR 50005901 (sz=32, trace=301785, nelems=0, elem type=char[])
OBJ 50005902 (sz=32, trace=301535, class=sun.misc.FloatingDecimal$ASCIIToBinaryBuffer@500024ac)
OBJ 50005903 (sz=32, trace=301786, class=Point@5000255b)
OBJ 50005904 (sz=32, trace=301787, class=Line@50006f05)
OBJ 50005905 (sz=24, trace=301779, class=java.lang.String@5000016f)
ARR 50005906 (sz=88, trace=300326, nelems=0, elem type=char[])
OBJ 50005907 (sz=24, trace=301497, class=java.util.ArrayList@500000c5)
OBJ 50005908 (sz=24, trace=301498, class=java.lang.String@5000016f)
ARR 50005909 (sz=32, trace=301499, nelems=0, elem type=char[])
OBJ 5000590a (sz=32, trace=301537, class=Point@5000255b)
ARR 5000590b (sz=56, trace=300281, nelems=0, elem type=java.lang.Object[]@5000010a)
OBJ 5000590c (sz=24, trace=301498, class=java.lang.String@5000016f)
ARR 5000590d (sz=32, trace=301499, nelems=0, elem type=char[])
OBJ 5000590e (sz=24, trace=301498, class=java.lang.String@5000016f)
ARR 5000590f (sz=32, trace=301499, nelems=0, elem type=char[])
OBJ 50005910 (sz=24, trace=301500, class=java.lang.String@5000016f)
ARR 50005911 (sz=32, trace=301501, nelems=0, elem type=char[])
ARR 50005912 (sz=32, trace=301780, nelems=0, elem type=java.lang.String[]@500000cf)
OBJ 50005913 (sz=40, trace=301504, class=java.util.ArrayList$SubList@5000248a)
OBJ 50005914 (sz=40, trace=301506, class=java.util.ArrayList$SubList$1@5000248d)
ARR 50005915 (sz=32, trace=301781, nelems=0, elem type=char[])
OBJ 50005916 (sz=32, trace=301535, class=sun.misc.FloatingDecimal$ASCIIToBinaryBuffer@500024ac)
ARR 50005917 (sz=32, trace=301782, nelems=0, elem type=char[])
OBJ 50005918 (sz=32, trace=301535, class=sun.misc.FloatingDecimal$ASCIIToBinaryBuffer@500024ac)
OBJ 50005919 (sz=32, trace=301783, class=Point@5000255b)
OBJ 5000591a (sz=32, trace=301537, class=Point@5000255b)
ARR 5000591b (sz=32, trace=301784, nelems=0, elem type=char[])
OBJ 5000591c (sz=32, trace=301535, class=sun.misc.FloatingDecimal$ASCIIToBinaryBuffer@500024ac)
ARR 5000591d (sz=32, trace=301785, nelems=0, elem type=char[])
OBJ 5000591e (sz=32, trace=301535, class=sun.misc.FloatingDecimal$ASCIIToBinaryBuffer@500024ac)
OBJ 5000591f (sz=32, trace=301786, class=Point@5000255b)
OBJ 50005920 (sz=32, trace=301787, class=Line@50006f05)
OBJ 50005921 (sz=24, trace=301779, class=java.lang.String@5000016f)
ARR 50005922 (sz=88, trace=300326, nelems=0, elem type=char[])
OBJ 50005923 (sz=24, trace=301497, class=java.util.ArrayList@500000c5)
OBJ 50005924 (sz=24, trace=301498, class=java.lang.String@5000016f)
ARR 50005925 (sz=32, trace=301499, nelems=0, elem type=char[])
ARR 50005926 (sz=56, trace=300281, nelems=0, elem type=java.lang.Object[]@5000010a)
OBJ 50005927 (sz=24, trace=301498, class=java.lang.String@5000016f)
ARR 50005928 (sz=32, trace=301499, nelems=0, elem type=char[])
OBJ 50005929 (sz=24, trace=301498, class=java.lang.String@5000016f)
OBJ 5000592a (sz=32, trace=301537, class=Point@5000255b)
ARR 5000592b (sz=32, trace=301499, nelems=0, elem type=char[])
OBJ 5000592c (sz=24, trace=301500, class=java.lang.String@5000016f)
ARR 5000592d (sz=32, trace=301501, nelems=0, elem type=char[])
ARR 5000592e (sz=32, trace=301780, nelems=0, elem type=java.lang.String[]@500000cf)
OBJ 5000592f (sz=40, trace=301504, class=java.util.ArrayList$SubList@5000248a)
OBJ 50005930 (sz=40, trace=301506, class=java.util.ArrayList$SubList$1@5000248d)
ARR 50005931 (sz=32, trace=301781, nelems=0, elem type=char[])
OBJ 50005932 (sz=32, trace=301535, class=sun.misc.FloatingDecimal$ASCIIToBinaryBuffer@500024ac)
ARR 50005933 (sz=32, trace=301782, nelems=0, elem type=char[])
OBJ 50005934 (sz=32, trace=301535, class=sun.misc.FloatingDecimal$ASCIIToBinaryBuffer@500024ac)
OBJ 50005935 (sz=32, trace=301783, class=Point@5000255b)
ARR 50005936 (sz=32, trace=301784, nelems=0, elem type=char[])
OBJ 50005937 (sz=32, trace=301535, class=sun.misc.FloatingDecimal$ASCIIToBinaryBuffer@500024ac)
ARR 50005938 (sz=32, trace=301785, nelems=0, elem type=char[])
OBJ 50005939 (sz=32, trace=301535, class=sun.misc.FloatingDecimal$ASCIIToBinaryBuffer@500024ac)
OBJ 5000593a (sz=32, trace=301537, class=Point@5000255b)
OBJ 5000593b (sz=32, trace=301786, class=Point@5000255b)
OBJ 5000593c (sz=32, trace=301787, class=Line@50006f05)
OBJ 5000593d (sz=24, trace=301779, class=java.lang.String@5000016f)
ARR 5000593e (sz=88, trace=300326, nelems=0, elem type=char[])
OBJ 5000593f (sz=24, trace=301497, class=java.util.ArrayList@500000c5)
OBJ 50005940 (sz=24, trace=301498, class=java.lang.String@5000016f)
ARR 50005941 (sz=32, trace=301499, nelems=0, elem type=char[])
ARR 50005942 (sz=56, trace=300281, nelems=0, elem type=java.lang.Object[]@5000010a)
OBJ 50005943 (sz=24, trace=301498, class=java.lang.String@5000016f)
ARR 50005944 (sz=32, trace=301499, nelems=0, elem type=char[])
OBJ 50005945 (sz=24, trace=301498, class=java.lang.String@5000016f)
ARR 50005946 (sz=32, trace=301499, nelems=0, elem type=char[])
OBJ 50005947 (sz=24, trace=301500, class=java.lang.String@5000016f)
ARR 50005948 (sz=32, trace=301501, nelems=0, elem type=char[])
ARR 50005949 (sz=32, trace=301780, nelems=0, elem type=java.lang.String[]@500000cf)
OBJ 5000594a (sz=32, trace=301537, class=Point@5000255b)
OBJ 5000594b (sz=40, trace=301504, class=java.util.ArrayList$SubList@5000248a)
OBJ 5000594c (sz=40, trace=301506, class=java.util.ArrayList$SubList$1@5000248d)
ARR 5000594d (sz=32, trace=301781, nelems=0, elem type=char[])
OBJ 5000594e (sz=32, trace=301535, class=sun.misc.FloatingDecimal$ASCIIToBinaryBuffer@500024ac)
ARR 5000594f (sz=32, trace=301782, nelems=0, elem type=char[])
OBJ 50005950 (sz=32, trace=301535, class=sun.misc.FloatingDecimal$ASCIIToBinaryBuffer@500024ac)
OBJ 50005951 (sz=32, trace=301783, class=Point@5000255b)
ARR 50005952 (sz=32, trace=301784, nelems=0, elem type=char[])
OBJ 50005953 (sz=32, trace=301535, class=sun.misc.FloatingDecimal$ASCIIToBinaryBuffer@500024ac)
ARR 50005954 (sz=32, trace=301785, nelems=0, elem type=char[])
OBJ 50005955 (sz=32, trace=301535, class=sun.misc.FloatingDecimal$ASCIIToBinaryBuffer@500024ac)
OBJ 50005956 (sz=32, trace=301786, class=Point@5000255b)
OBJ 50005957 (sz=32, trace=301787, class=Line@50006f05)
OBJ 50005958 (sz=24, trace=301779, class=java.lang.String@5000016f)
ARR 50005959 (sz=88, trace=300326, nelems=0, elem type=char[])
OBJ 5000595a (sz=32, trace=301537, class=Point@5000255b)
OBJ 5000595b (sz=24, trace=301497, class=java.util.ArrayList@500000c5)
OBJ 5000595c (sz=24, trace=301498, class=java.lang.String@5000016f)
ARR 5000595d (sz=32, trace=301499, nelems=0, elem type=char[])
ARR 5000595e (sz=56, trace=300281, nelems=0, elem type=java.lang.Object[]@5000010a)
OBJ 5000595f (sz=24, trace=301498, class=java.lang.String@5000016f)
ARR 50005960 (sz=32, trace=301499, nelems=0, elem type=char[])
OBJ 50005961 (sz=24, trace=301498, class=java.lang.String@5000016f)
ARR 50005962 (sz=32, trace=301499, nelems=0, elem type=char[])
OBJ 50005963 (sz=24, trace=301500, class=java.lang.String@5000016f)
ARR 50005964 (sz=40, trace=301501, nelems=0, elem type=char[])
ARR 50005965 (sz=32, trace=301780, nelems=0, elem type=java.lang.String[]@500000cf)
OBJ 50005966 (sz=40, trace=301504, class=java.util.ArrayList$SubList@5000248a)
OBJ 50005967 (sz=40, trace=301506, class=java.util.ArrayList$SubList$1@5000248d)
ARR 50005968 (sz=32, trace=301781, nelems=0, elem type=char[])
OBJ 50005969 (sz=32, trace=301535, class=sun.misc.FloatingDecimal$ASCIIToBinaryBuffer@500024ac)
OBJ 5000596a (sz=32, trace=301537, class=Point@5000255b)
ARR 5000596b (sz=32, trace=301782, nelems=0, elem type=char[])
OBJ 5000596c (sz=32, trace=301535, class=sun.misc.FloatingDecimal$ASCIIToBinaryBuffer@500024ac)
OBJ 5000596d (sz=32, trace=301783, class=Point@5000255b)
ARR 5000596e (sz=32, trace=301784, nelems=0, elem type=char[])
OBJ 5000596f (sz=32, trace=301535, class=sun.misc.FloatingDecimal$ASCIIToBinaryBuffer@500024ac)
ARR 50005970 (sz=40, trace=301785, nelems=0, elem type=char[])
OBJ 50005971 (sz=32, trace=301535, class=sun.misc.FloatingDecimal$ASCIIToBinaryBuffer@500024ac)
OBJ 50005972 (sz=32, trace=301786, class=Point@5000255b)
OBJ 50005973 (sz=32, trace=301787, class=Line@50006f05)
OBJ 50005974 (sz=24, trace=301779, class=java.lang.String@5000016f)
ARR 50005975 (sz=96, trace=300326, nelems=0, elem type=char[])
OBJ 50005976 (sz=24, trace=301497, class=java.util.ArrayList@500000c5)
OBJ 50005977 (sz=24, trace=301498, class=java.lang.String@5000016f)
ARR 50005978 (sz=32, trace=301499, nelems=0, elem type=char[])
ARR 50005979 (sz=56, trace=300281, nelems=0, elem type=java.lang.Object[]@5000010a)
OBJ 5000597a (sz=32, trace=301537, class=Point@5000255b)
OBJ 5000597b (sz=24, trace=301498, class=java.lang.String@5000016f)
ARR 5000597c (sz=40, trace=301499, nelems=0, elem type=char[])
OBJ 5000597d (sz=24, trace=301498, class=java.lang.String@5000016f)
ARR 5000597e (sz=32, trace=301499, nelems=0, elem type=char[])
OBJ 5000597f (sz=24, trace=301500, class=java.lang.String@5000016f)
ARR 50005980 (sz=32, trace=301501, nelems=0, elem type=char[])
ARR 50005981 (sz=32, trace=301780, nelems=0, elem type=java.lang.String[]@500000cf)
OBJ 50005982 (sz=40, trace=301504, class=java.util.ArrayList$SubList@5000248a)
OBJ 50005983 (sz=40, trace=301506, class=java.util.ArrayList$SubList$1@5000248d)
ARR 50005984 (sz=32, trace=301781, nelems=0, elem type=char[])
OBJ 50005985 (sz=32, trace=301535, class=sun.misc.FloatingDecimal$ASCIIToBinaryBuffer@500024ac)
ARR 50005986 (sz=40, trace=301782, nelems=0, elem type=char[])
OBJ 50005987 (sz=32, trace=301535, class=sun.misc.FloatingDecimal$ASCIIToBinaryBuffer@500024ac)
OBJ 50005988 (sz=32, trace=301783, class=Point@5000255b)
ARR 50005989 (sz=32, trace=301784, nelems=0, elem type=char[])
OBJ 5000598a (sz=32, trace=301537, class=Point@5000255b)
OBJ 5000598b (sz=32, trace=301535, class=sun.misc.FloatingDecimal$ASCIIToBinaryBuffer@500024ac)
ARR 5000598c (sz=32, trace=301785, nelems=0, elem type=char[])
OBJ 5000598d (sz=32, trace=301535, class=sun.misc.FloatingDecimal$ASCIIToBinaryBuffer@500024ac)
OBJ 5000598e (sz=32, trace=301786, class=Point@5000255b)
OBJ 5000598f (sz=32, trace=301787, class=Line@50006f05)
OBJ 50005990 (sz=24, trace=301779, class=java.lang.String@5000016f)
ARR 50005991 (sz=88, trace=300326, nelems=0, elem type=char[])
OBJ 50005992 (sz=24, trace=301497, class=java.util.ArrayList@500000c5)
OBJ 50005993 (sz=24, trace=301498, class=java.lang.String@5000016f)
ARR 50005994 (sz=32, trace=301499, nelems=0, elem type=char[])
ARR 50005995 (sz=56, trace=300281, nelems=0, elem type=java.lang.Object[]@5000010a)
OBJ 50005996 (sz=24, trace=301498, class=java.lang.String@5000016f)
ARR 50005997 (sz=32, trace=301499, nelems=0, elem type=char[])
OBJ 50005998 (sz=24, trace=301498, class=java.lang.String@5000016f)
ARR 50005999 (sz=32, trace=301499, nelems=0, elem type=char[])
OBJ 5000599a (sz=32, trace=301537, class=Point@5000255b)
OBJ 5000599b (sz=24, trace=301500, class=java.lang.String@5000016f)
ARR 5000599c (sz=32, trace=301501, nelems=0, elem type=char[])
ARR 5000599d (sz=32, trace=301780, nelems=0, elem type=java.lang.String[]@500000cf)
OBJ 5000599e (sz=40, trace=301504, class=java.util.ArrayList$SubList@5000248a)
OBJ 5000599f (sz=40, trace=301506, class=java.util.ArrayList$SubList$1@5000248d)
ARR 500059a0 (sz=32, trace=301781, nelems=0, elem type=char[])
OBJ 500059a1 (sz=32, trace=301535, class=sun.misc.FloatingDecimal$ASCIIToBinaryBuffer@500024ac)
ARR 500059a2 (sz=32, trace=301782, nelems=0, elem type=char[])
OBJ 500059a3 (sz=32, trace=301535, class=sun.misc.FloatingDecimal$ASCIIToBinaryBuffer@500024ac)
OBJ 500059a4 (sz=32, trace=301783, class=Point@5000255b)
ARR 500059a5 (sz=32, trace=301784, nelems=0, elem type=char[])
OBJ 500059a6 (sz=32, trace=301535, class=sun.misc.FloatingDecimal$ASCIIToBinaryBuffer@500024ac)
ARR 500059a7 (sz=32, trace=301785, nelems=0, elem type=char[])
OBJ 500059a8 (sz=32, trace=301535, class=sun.misc.FloatingDecimal$ASCIIToBinaryBuffer@500024ac)
OBJ 500059a9 (sz=32, trace=301786, class=Point@5000255b)
OBJ 500059aa (sz=32, trace=301537, class=Point@5000255b)
OBJ 500059ab (sz=32, trace=301787, class=Line@50006f05)
OBJ 500059ac (sz=24, trace=301779, class=java.lang.String@5000016f)
ARR 500059ad (sz=88, trace=300326, nelems=0, elem type=char[])
OBJ 500059ae (sz=24, trace=301497, class=java.util.ArrayList@500000c5)
OBJ 500059af (sz=24, trace=301498, class=java.lang.String@5000016f)
ARR 500059b0 (sz=32, trace=301499, nelems=0, elem type=char[])
ARR 500059b1 (sz=56, trace=300281, nelems=0, elem type=java.lang.Object[]@5000010a)
OBJ 500059b2 (sz=24, trace=301498, class=java.lang.String@5000016f)
ARR 500059b3 (sz=32, trace=301499, nelems=0, elem type=char[])
OBJ 500059b4 (sz=24, trace=301498, class=java.lang.String@5000016f)
ARR 500059b5 (sz=32, trace=301499, nelems=0, elem type=char[])
OBJ 500059b6 (sz=24, trace=301500, class=java.lang.String@5000016f)
ARR 500059b7 (sz=32, trace=301501, nelems=0, elem type=char[])
ARR 500059b8 (sz=32, trace=301780, nelems=0, elem type=java.lang.String[]@500000cf)
OBJ 500059b9 (sz=40, trace=301504, class=java.util.ArrayList$SubList@5000248a)
OBJ 500059ba (sz=32, trace=301537, class=Point@5000255b)
OBJ 500059bb (sz=40, trace=301506, class=java.util.ArrayList$SubList$1@5000248d)
ARR 500059bc (sz=32, trace=301781, nelems=0, elem type=char[])
OBJ 500059bd (sz=32, trace=301535, class=sun.misc.FloatingDecimal$ASCIIToBinaryBuffer@500024ac)
ARR 500059be (sz=32, trace=301782, nelems=0, elem type=char[])
OBJ 500059bf (sz=32, trace=301535, class=sun.misc.FloatingDecimal$ASCIIToBinaryBuffer@500024ac)
OBJ 500059c0 (sz=32, trace=301783, class=Point@5000255b)
ARR 500059c1 (sz=32, trace=301784, nelems=0, elem type=char[])
OBJ 500059c2 (sz=32, trace=301535, class=sun.misc.FloatingDecimal$ASCIIToBinaryBuffer@500024ac)
ARR 500059c3 (sz=32, trace=301785, nelems=0, elem type=char[])
OBJ 500059c4 (sz=32, trace=301535, class=sun.misc.FloatingDecimal$ASCIIToBinaryBuffer@500024ac)
OBJ 500059c5 (sz=32, trace=301786, class=Point@5000255b)
OBJ 500059c6 (sz=32, trace=301787, class=Line@50006f05)
OBJ 500059c7 (sz=24, trace=301779, class=java.lang.String@5000016f)
ARR 500059c8 (sz=88, trace=300326, nelems=0, elem type=char[])
OBJ 500059c9 (sz=24, trace=301497, class=java.util.ArrayList@500000c5)
OBJ 500059ca (sz=32, trace=301537, class=Point@5000255b)
OBJ 500059cb (sz=24, trace=301498, class=java.lang.String@5000016f)
ARR 500059cc (sz=32, trace=301499, nelems=0, elem type=char[])
ARR 500059cd (sz=56, trace=300281, nelems=0, elem type=java.lang.Object[]@5000010a)
OBJ 500059ce (sz=24, trace=301498, class=java.lang.String@5000016f)
ARR 500059cf (sz=32, trace=301499, nelems=0, elem type=char[])
OBJ 500059d0 (sz=24, trace=301498, class=java.lang.String@5000016f)
ARR 500059d1 (sz=32, trace=301499, nelems=0, elem type=char[])
OBJ 500059d2 (sz=24, trace=301500, class=java.lang.String@5000016f)
ARR 500059d3 (sz=32, trace=301501, nelems=0, elem type=char[])
ARR 500059d4 (sz=32, trace=301780, nelems=0, elem type=java.lang.String[]@500000cf)
OBJ 500059d5 (sz=40, trace=301504, class=java.util.ArrayList$SubList@5000248a)
OBJ 500059d6 (sz=40, trace=301506, class=java.util.ArrayList$SubList$1@5000248d)
ARR 500059d7 (sz=32, trace=301781, nelems=0, elem type=char[])
OBJ 500059d8 (sz=32, trace=301535, class=sun.misc.FloatingDecimal$ASCIIToBinaryBuffer@500024ac)
ARR 500059d9 (sz=32, trace=301782, nelems=0, elem type=char[])
OBJ 500059da (sz=32, trace=301537, class=Point@5000255b)
OBJ 500059db (sz=32, trace=301535, class=sun.misc.FloatingDecimal$ASCIIToBinaryBuffer@500024ac)
OBJ 500059dc (sz=32, trace=301783, class=Point@5000255b)
ARR 500059dd (sz=32, trace=301784, nelems=0, elem type=char[])
OBJ 500059de (sz=32, trace=301535, class=sun.misc.FloatingDecimal$ASCIIToBinaryBuffer@500024ac)
ARR 500059df (sz=32, trace=301785, nelems=0, elem type=char[])
OBJ 500059e0 (sz=32, trace=301535, class=sun.misc.FloatingDecimal$ASCIIToBinaryBuffer@500024ac)
OBJ 500059e1 (sz=32, trace=301786, class=Point@5000255b)
OBJ 500059e2 (sz=32, trace=301787, class=Line@50006f05)
OBJ 500059e3 (sz=24, trace=301779, class=java.lang.String@5000016f)
ARR 500059e4 (sz=88, trace=300326, nelems=0, elem type=char[])
OBJ 500059e5 (sz=24, trace=301497, class=java.util.ArrayList@500000c5)
OBJ 500059e6 (sz=24, trace=301498, class=java.lang.String@5000016f)
ARR 500059e7 (sz=32, trace=301499, nelems=0, elem type=char[])
ARR 500059e8 (sz=56, trace=300281, nelems=0, elem type=java.lang.Object[]@5000010a)
OBJ 500059e9 (sz=24, trace=301498, class=java.lang.String@5000016f)
OBJ 500059ea (sz=32, trace=301537, class=Point@5000255b)
ARR 500059eb (sz=32, trace=301499, nelems=0, elem type=char[])
OBJ 500059ec (sz=24, trace=301498, class=java.lang.String@5000016f)
ARR 500059ed (sz=32, trace=301499, nelems=0, elem type=char[])
OBJ 500059ee (sz=24, trace=301500, class=java.lang.String@5000016f)
ARR 500059ef (sz=32, trace=301501, nelems=0, elem type=char[])
ARR 500059f0 (sz=32, trace=301780, nelems=0, elem type=java.lang.String[]@500000cf)
OBJ 500059f1 (sz=40, trace=301504, class=java.util.ArrayList$SubList@5000248a)
OBJ 500059f2 (sz=40, trace=301506, class=java.util.ArrayList$SubList$1@5000248d)
ARR 500059f3 (sz=32, trace=301781, nelems=0, elem type=char[])
OBJ 500059f4 (sz=32, trace=301535, class=sun.misc.FloatingDecimal$ASCIIToBinaryBuffer@500024ac)
ARR 500059f5 (sz=32, trace=301782, nelems=0, elem type=char[])
OBJ 500059f6 (sz=32, trace=301535, class=sun.misc.FloatingDecimal$ASCIIToBinaryBuffer@500024ac)
OBJ 500059f7 (sz=32, trace=301783, class=Point@5000255b)
ARR 500059f8 (sz=32, trace=301784, nelems=0, elem type=char[])
OBJ 500059f9 (sz=32, trace=301535, class=sun.misc.FloatingDecimal$ASCIIToBinaryBuffer@500024ac)
OBJ 500059fa (sz=32, trace=301537, class=Point@5000255b)
ARR 500059fb (sz=32, trace=301785, nelems=0, elem type=char[])
OBJ 500059fc (sz=32, trace=301535, class=sun.misc.FloatingDecimal$ASCIIToBinaryBuffer@500024ac)
OBJ 500059fd (sz=32, trace=301786, class=Point@5000255b)
OBJ 500059fe (sz=32, trace=301787, class=Line@50006f05)
OBJ 500059ff (sz=24, trace=301779, class=java.lang.String@5000016f)
ARR 50005a00 (sz=88, trace=300326, nelems=0, elem type=char[])
OBJ 50005a01 (sz=24, trace=301497, class=java.util.ArrayList@500000c5)
OBJ 50005a02 (sz=24, trace=301498, class=java.lang.String@5000016f)
ARR 50005a03 (sz=32, trace=301499, nelems=0, elem type=char[])
ARR 50005a04 (sz=56, trace=300281, nelems=0, elem type=java.lang.Object[]@5000010a)
OBJ 50005a05 (sz=24, trace=301498, class=java.lang.String@5000016f)
ARR 50005a06 (sz=32, trace=301499, nelems=0, elem type=char[])
OBJ 50005a07 (sz=24, trace=301498, class=java.lang.String@5000016f)
ARR 50005a08 (sz=32, trace=301499, nelems=0, elem type=char[])
OBJ 50005a09 (sz=24, trace=301500, class=java.lang.String@5000016f)
OBJ 50005a0a (sz=32, trace=301537, class=Point@5000255b)
ARR 50005a0b (sz=32, trace=301501, nelems=0, elem type=char[])
ARR 50005a0c (sz=32, trace=301780, nelems=0, elem type=java.lang.String[]@500000cf)
OBJ 50005a0d (sz=40, trace=301504, class=java.util.ArrayList$SubList@5000248a)
OBJ 50005a0e (sz=40, trace=301506, class=java.util.ArrayList$SubList$1@5000248d)
ARR 50005a0f (sz=32, trace=301781, nelems=0, elem type=char[])
OBJ 50005a10 (sz=32, trace=301535, class=sun.misc.FloatingDecimal$ASCIIToBinaryBuffer@500024ac)
ARR 50005a11 (sz=32, trace=301782, nelems=0, elem type=char[])
OBJ 50005a12 (sz=32, trace=301535, class=sun.misc.FloatingDecimal$ASCIIToBinaryBuffer@500024ac)
OBJ 50005a13 (sz=32, trace=301783, class=Point@5000255b)
ARR 50005a14 (sz=32, trace=301784, nelems=0, elem type=char[])
OBJ 50005a15 (sz=32, trace=301535, class=sun.misc.FloatingDecimal$ASCIIToBinaryBuffer@500024ac)
ARR 50005a16 (sz=32, trace=301785, nelems=0, elem type=char[])
OBJ 50005a17 (sz=32, trace=301535, class=sun.misc.FloatingDecimal$ASCIIToBinaryBuffer@500024ac)
OBJ 50005a18 (sz=32, trace=301786, class=Point@5000255b)
OBJ 50005a19 (sz=32, trace=301787, class=Line@50006f05)
OBJ 50005a1a (sz=32, trace=301537, class=Point@5000255b)
OBJ 50005a1b (sz=24, trace=301779, class=java.lang.String@5000016f)
ARR 50005a1c (sz=80, trace=300326, nelems=0, elem type=char[])
OBJ 50005a1d (sz=24, trace=301497, class=java.util.ArrayList@500000c5)
OBJ 50005a1e (sz=24, trace=301498, class=java.lang.String@5000016f)
ARR 50005a1f (sz=32, trace=301499, nelems=0, elem type=char[])
ARR 50005a20 (sz=56, trace=300281, nelems=0, elem type=java.lang.Object[]@5000010a)
OBJ 50005a21 (sz=24, trace=301498, class=java.lang.String@5000016f)
ARR 50005a22 (sz=32, trace=301499, nelems=0, elem type=char[])
OBJ 50005a23 (sz=24, trace=301498, class=java.lang.String@5000016f)
ARR 50005a24 (sz=32, trace=301499, nelems=0, elem type=char[])
OBJ 50005a25 (sz=24, trace=301500, class=java.lang.String@5000016f)
ARR 50005a26 (sz=32, trace=301501, nelems=0, elem type=char[])
ARR 50005a27 (sz=32, trace=301780, nelems=0, elem type=java.lang.String[]@500000cf)
OBJ 50005a28 (sz=40, trace=301504, class=java.util.ArrayList$SubList@5000248a)
OBJ 50005a29 (sz=40, trace=301506, class=java.util.ArrayList$SubList$1@5000248d)
OBJ 50005a2a (sz=32, trace=301537, class=Point@5000255b)
ARR 50005a2b (sz=32, trace=301781, nelems=0, elem type=char[])
OBJ 50005a2c (sz=32, trace=301535, class=sun.misc.FloatingDecimal$ASCIIToBinaryBuffer@500024ac)
ARR 50005a2d (sz=32, trace=301782, nelems=0, elem type=char[])
OBJ 50005a2e (sz=32, trace=301535, class=sun.misc.FloatingDecimal$ASCIIToBinaryBuffer@500024ac)
OBJ 50005a2f (sz=32, trace=301783, class=Point@5000255b)
ARR 50005a30 (sz=32, trace=301784, nelems=0, elem type=char[])
OBJ 50005a31 (sz=32, trace=301535, class=sun.misc.FloatingDecimal$ASCIIToBinaryBuffer@500024ac)
ARR 50005a32 (sz=32, trace=301785, nelems=0, elem type=char[])
OBJ 50005a33 (sz=32, trace=301535, class=sun.misc.FloatingDecimal$ASCIIToBinaryBuffer@500024ac)
OBJ 50005a34 (sz=32, trace=301786, class=Point@5000255b)
OBJ 50005a35 (sz=32, trace=301787, class=Line@50006f05)
OBJ 50005a36 (sz=24, trace=301779, class=java.lang.String@5000016f)
ARR 50005a37 (sz=88, trace=300326, nelems=0, elem type=char[])
OBJ 50005a38 (sz=24, trace=301497, class=java.util.ArrayList@500000c5)
OBJ 50005a39 (sz=24, trace=301498, class=java.lang.String@5000016f)
OBJ 50005a3a (sz=32, trace=301537, class=Point@5000255b)
ARR 50005a3b (sz=32, trace=301499, nelems=0, elem type=char[])
ARR 50005a3c (sz=56, trace=300281, nelems=0, elem type=java.lang.Object[]@5000010a)
OBJ 50005a3d (sz=24, trace=301498, class=java.lang.String@5000016f)
ARR 50005a3e (sz=32, trace=301499, nelems=0, elem type=char[])
OBJ 50005a3f (sz=24, trace=301498, class=java.lang.String@5000016f)
ARR 50005a40 (sz=32, trace=301499, nelems=0, elem type=char[])
OBJ 50005a41 (sz=24, trace=301500, class=java.lang.String@5000016f)
ARR 50005a42 (sz=32, trace=301501, nelems=0, elem type=char[])
ARR 50005a43 (sz=32, trace=301780, nelems=0, elem type=java.lang.String[]@500000cf)
OBJ 50005a44 (sz=40, trace=301504, class=java.util.ArrayList$SubList@5000248a)
OBJ 50005a45 (sz=40, trace=301506, class=java.util.ArrayList$SubList$1@5000248d)
ARR 50005a46 (sz=32, trace=301781, nelems=0, elem type=char[])
OBJ 50005a47 (sz=32, trace=301535, class=sun.misc.FloatingDecimal$ASCIIToBinaryBuffer@500024ac)
ARR 50005a48 (sz=32, trace=301782, nelems=0, elem type=char[])
OBJ 50005a49 (sz=32, trace=301535, class=sun.misc.FloatingDecimal$ASCIIToBinaryBuffer@500024ac)
OBJ 50005a4a (sz=32, trace=301537, class=Point@5000255b)
OBJ 50005a4b (sz=32, trace=301783, class=Point@5000255b)
ARR 50005a4c (sz=32, trace=301784, nelems=0, elem type=char[])
OBJ 50005a4d (sz=32, trace=301535, class=sun.misc.FloatingDecimal$ASCIIToBinaryBuffer@500024ac)
ARR 50005a4e (sz=32, trace=301785, nelems=0, elem type=char[])
OBJ 50005a4f (sz=32, trace=301535, class=sun.misc.FloatingDecimal$ASCIIToBinaryBuffer@500024ac)
OBJ 50005a50 (sz=32, trace=301786, class=Point@5000255b)
OBJ 50005a51 (sz=32, trace=301787, class=Line@50006f05)
OBJ 50005a52 (sz=24, trace=301779, class=java.lang.String@5000016f)
ARR 50005a53 (sz=88, trace=300326, nelems=0, elem type=char[])
OBJ 50005a54 (sz=24, trace=301497, class=java.util.ArrayList@500000c5)
OBJ 50005a55 (sz=24, trace=301498, class=java.lang.String@5000016f)
ARR 50005a56 (sz=32, trace=301499, nelems=0, elem type=char[])
ARR 50005a57 (sz=56, trace=300281, nelems=0, elem type=java.lang.Object[]@5000010a)
OBJ 50005a58 (sz=24, trace=301498, class=java.lang.String@5000016f)
ARR 50005a59 (sz=32, trace=301499, nelems=0, elem type=char[])
OBJ 50005a5a (sz=32, trace=301537, class=Point@5000255b)
OBJ 50005a5b (sz=24, trace=301498, class=java.lang.String@5000016f)
ARR 50005a5c (sz=32, trace=301499, nelems=0, elem type=char[])
OBJ 50005a5d (sz=24, trace=301500, class=java.lang.String@5000016f)
ARR 50005a5e (sz=32, trace=301501, nelems=0, elem type=char[])
ARR 50005a5f (sz=32, trace=301780, nelems=0, elem type=java.lang.String[]@500000cf)
OBJ 50005a60 (sz=40, trace=301504, class=java.util.ArrayList$SubList@5000248a)
OBJ 50005a61 (sz=40, trace=301506, class=java.util.ArrayList$SubList$1@5000248d)
ARR 50005a62 (sz=32, trace=301781, nelems=0, elem type=char[])
OBJ 50005a63 (sz=32, trace=301535, class=sun.misc.FloatingDecimal$ASCIIToBinaryBuffer@500024ac)
ARR 50005a64 (sz=32, trace=301782, nelems=0, elem type=char[])
OBJ 50005a65 (sz=32, trace=301535, class=sun.misc.FloatingDecimal$ASCIIToBinaryBuffer@500024ac)
OBJ 50005a66 (sz=32, trace=301783, class=Point@5000255b)
ARR 50005a67 (sz=32, trace=301784, nelems=0, elem type=char[])
OBJ 50005a68 (sz=32, trace=301535, class=sun.misc.FloatingDecimal$ASCIIToBinaryBuffer@500024ac)
ARR 50005a69 (sz=32, trace=301785, nelems=0, elem type=char[])
OBJ 50005a6a (sz=32, trace=301537, class=Point@5000255b)
OBJ 50005a6b (sz=32, trace=301535, class=sun.misc.FloatingDecimal$ASCIIToBinaryBuffer@500024ac)
OBJ 50005a6c (sz=32, trace=301786, class=Point@5000255b)
OBJ 50005a6d (sz=32, trace=301787, class=Line@50006f05)
OBJ 50005a6e (sz=24, trace=301779, class=java.lang.String@5000016f)
ARR 50005a6f (sz=88, trace=300326, nelems=0, elem type=char[])
OBJ 50005a70 (sz=24, trace=301497, class=java.util.ArrayList@500000c5)
OBJ 50005a71 (sz=24, trace=301498, class=java.lang.String@5000016f)
ARR 50005a72 (sz=32, trace=301499, nelems=0, elem type=char[])
ARR 50005a73 (sz=56, trace=300281, nelems=0, elem type=java.lang.Object[]@5000010a)
OBJ 50005a74 (sz=24, trace=301498, class=java.lang.String@5000016f)
ARR 50005a75 (sz=32, trace=301499, nelems=0, elem type=char[])
OBJ 50005a76 (sz=24, trace=301498, class=java.lang.String@5000016f)
ARR 50005a77 (sz=32, trace=301499, nelems=0, elem type=char[])
OBJ 50005a78 (sz=24, trace=301500, class=java.lang.String@5000016f)
ARR 50005a79 (sz=32, trace=301501, nelems=0, elem type=char[])
OBJ 50005a7a (sz=32, trace=301537, class=Point@5000255b)
ARR 50005a7b (sz=32, trace=301780, nelems=0, elem type=java.lang.String[]@500000cf)
OBJ 50005a7c (sz=40, trace=301504, class=java.util.ArrayList$SubList@5000248a)
OBJ 50005a7d (sz=40, trace=301506, class=java.util.ArrayList$SubList$1@5000248d)
ARR 50005a7e (sz=32, trace=301781, nelems=0, elem type=char[])
OBJ 50005a7f (sz=32, trace=301535, class=sun.misc.FloatingDecimal$ASCIIToBinaryBuffer@500024ac)
ARR 50005a80 (sz=32, trace=301782, nelems=0, elem type=char[])
OBJ 50005a81 (sz=32, trace=301535, class=sun.misc.FloatingDecimal$ASCIIToBinaryBuffer@500024ac)
OBJ 50005a82 (sz=32, trace=301783, class=Point@5000255b)
ARR 50005a83 (sz=32, trace=301784, nelems=0, elem type=char[])
OBJ 50005a84 (sz=32, trace=301535, class=sun.misc.FloatingDecimal$ASCIIToBinaryBuffer@500024ac)
ARR 50005a85 (sz=32, trace=301785, nelems=0, elem type=char[])
OBJ 50005a86 (sz=32, trace=301535, class=sun.misc.FloatingDecimal$ASCIIToBinaryBuffer@500024ac)
OBJ 50005a87 (sz=32, trace=301786, class=Point@5000255b)
OBJ 50005a88 (sz=32, trace=301787, class=Line@50006f05)
OBJ 50005a89 (sz=24, trace=301779, class=java.lang.String@5000016f)
OBJ 50005a8a (sz=32, trace=301537, class=Point@5000255b)
ARR 50005a8b (sz=80, trace=300326, nelems=0, elem type=char[])
OBJ 50005a8c (sz=24, trace=301497, class=java.util.ArrayList@500000c5)
OBJ 50005a8d (sz=24, trace=301498, class=java.lang.String@5000016f)
ARR 50005a8e (sz=32, trace=301499, nelems=0, elem type=char[])
ARR 50005a8f (sz=56, trace=300281, nelems=0, elem type=java.lang.Object[]@5000010a)
OBJ 50005a90 (sz=24, trace=301498, class=java.lang.String@5000016f)
ARR 50005a91 (sz=32, trace=301499, nelems=0, elem type=char[])
OBJ 50005a92 (sz=24, trace=301498, class=java.lang.String@5000016f)
ARR 50005a93 (sz=32, trace=301499, nelems=0, elem type=char[])
OBJ 50005a94 (sz=24, trace=301500, class=java.lang.String@5000016f)
ARR 50005a95 (sz=32, trace=301501, nelems=0, elem type=char[])
ARR 50005a96 (sz=32, trace=301780, nelems=0, elem type=java.lang.String[]@500000cf)
OBJ 50005a97 (sz=40, trace=301504, class=java.util.ArrayList$SubList@5000248a)
OBJ 50005a98 (sz=40, trace=301506, class=java.util.ArrayList$SubList$1@5000248d)
ARR 50005a99 (sz=32, trace=301781, nelems=0, elem type=char[])
OBJ 50005a9a (sz=32, trace=301537, class=Point@5000255b)
OBJ 50005a9b (sz=32, trace=301535, class=sun.misc.FloatingDecimal$ASCIIToBinaryBuffer@500024ac)
ARR 50005a9c (sz=32, trace=301782, nelems=0, elem type=char[])
OBJ 50005a9d (sz=32, trace=301535, class=sun.misc.FloatingDecimal$ASCIIToBinaryBuffer@500024ac)
OBJ 50005a9e (sz=32, trace=301783, class=Point@5000255b)
ARR 50005a9f (sz=32, trace=301784, nelems=0, elem type=char[])
OBJ 50005aa0 (sz=32, trace=301535, class=sun.misc.FloatingDecimal$ASCIIToBinaryBuffer@500024ac)
ARR 50005aa1 (sz=32, trace=301785, nelems=0, elem type=char[])
OBJ 50005aa2 (sz=32, trace=301535, class=sun.misc.FloatingDecimal$ASCIIToBinaryBuffer@500024ac)
OBJ 50005aa3 (sz=32, trace=301786, class=Point@5000255b)
OBJ 50005aa4 (sz=32, trace=301787, class=Line@50006f05)
OBJ 50005aa5 (sz=24, trace=301779, class=java.lang.String@5000016f)
ARR 50005aa6 (sz=88, trace=300326, nelems=0, elem type=char[])
OBJ 50005aa7 (sz=24, trace=301497, class=java.util.ArrayList@500000c5)
OBJ 50005aa8 (sz=24, trace=301498, class=java.lang.String@5000016f)
ARR 50005aa9 (sz=32, trace=301499, nelems=0, elem type=char[])
OBJ 50005aaa (sz=32, trace=301537, class=Point@5000255b)
ARR 50005aab (sz=56, trace=300281, nelems=0, elem type=java.lang.Object[]@5000010a)
OBJ 50005aac (sz=24, trace=301498, class=java.lang.String@5000016f)
ARR 50005aad (sz=32, trace=301499, nelems=0, elem type=char[])
OBJ 50005aae (sz=24, trace=301498, class=java.lang.String@5000016f)
ARR 50005aaf (sz=32, trace=301499, nelems=0, elem type=char[])
OBJ 50005ab0 (sz=24, trace=301500, class=java.lang.String@5000016f)
ARR 50005ab1 (sz=32, trace=301501, nelems=0, elem type=char[])
ARR 50005ab2 (sz=32, trace=301780, nelems=0, elem type=java.lang.String[]@500000cf)
OBJ 50005ab3 (sz=40, trace=301504, class=java.util.ArrayList$SubList@5000248a)
OBJ 50005ab4 (sz=40, trace=301506, class=java.util.ArrayList$SubList$1@5000248d)
ARR 50005ab5 (sz=32, trace=301781, nelems=0, elem type=char[])
OBJ 50005ab6 (sz=32, trace=301535, class=sun.misc.FloatingDecimal$ASCIIToBinaryBuffer@500024ac)
ARR 50005ab7 (sz=32, trace=301782, nelems=0, elem type=char[])
OBJ 50005ab8 (sz=32, trace=301535, class=sun.misc.FloatingDecimal$ASCIIToBinaryBuffer@500024ac)
OBJ 50005ab9 (sz=32, trace=301783, class=Point@5000255b)
OBJ 50005aba (sz=32, trace=301537, class=Point@5000255b)
ARR 50005abb (sz=32, trace=301784, nelems=0, elem type=char[])
OBJ 50005abc (sz=32, trace=301535, class=sun.misc.FloatingDecimal$ASCIIToBinaryBuffer@500024ac)
ARR 50005abd (sz=32, trace=301785, nelems=0, elem type=char[])
OBJ 50005abe (sz=32, trace=301535, class=sun.misc.FloatingDecimal$ASCIIToBinaryBuffer@500024ac)
OBJ 50005abf (sz=32, trace=301786, class=Point@5000255b)
OBJ 50005ac0 (sz=32, trace=301787, class=Line@50006f05)
OBJ 50005ac1 (sz=24, trace=301779, class=java.lang.String@5000016f)
ARR 50005ac2 (sz=88, trace=300326, nelems=0, elem type=char[])
OBJ 50005ac3 (sz=24, trace=301497, class=java.util.ArrayList@500000c5)
OBJ 50005ac4 (sz=24, trace=301498, class=java.lang.String@5000016f)
ARR 50005ac5 (sz=32, trace=301499, nelems=0, elem type=char[])
ARR 50005ac6 (sz=56, trace=300281, nelems=0, elem type=java.lang.Object[]@5000010a)
OBJ 50005ac7 (sz=24, trace=301498, class=java.lang.String@5000016f)
ARR 50005ac8 (sz=32, trace=301499, nelems=0, elem type=char[])
OBJ 50005ac9 (sz=24, trace=301498, class=java.lang.String@5000016f)
OBJ 50005aca (sz=32, trace=301537, class=Point@5000255b)
ARR 50005acb (sz=32, trace=301499, nelems=0, elem type=char[])
OBJ 50005acc (sz=24, trace=301500, class=java.lang.String@5000016f)
ARR 50005acd (sz=32, trace=301501, nelems=0, elem type=char[])
ARR 50005ace (sz=32, trace=301780, nelems=0, elem type=java.lang.String[]@500000cf)
OBJ 50005acf (sz=40, trace=301504, class=java.util.ArrayList$SubList@5000248a)
OBJ 50005ad0 (sz=40, trace=301506, class=java.util.ArrayList$SubList$1@5000248d)
ARR 50005ad1 (sz=32, trace=301781, nelems=0, elem type=char[])
OBJ 50005ad2 (sz=32, trace=301535, class=sun.misc.FloatingDecimal$ASCIIToBinaryBuffer@500024ac)
ARR 50005ad3 (sz=32, trace=301782, nelems=0, elem type=char[])
OBJ 50005ad4 (sz=32, trace=301535, class=sun.misc.FloatingDecimal$ASCIIToBinaryBuffer@500024ac)
OBJ 50005ad5 (sz=32, trace=301783, class=Point@5000255b)
ARR 50005ad6 (sz=32, trace=301784, nelems=0, elem type=char[])
OBJ 50005ad7 (sz=32, trace=301535, class=sun.misc.FloatingDecimal$ASCIIToBinaryBuffer@500024ac)
ARR 50005ad8 (sz=32, trace=301785, nelems=0, elem type=char[])
OBJ 50005ad9 (sz=32, trace=301535, class=sun.misc.FloatingDecimal$ASCIIToBinaryBuffer@500024ac)
OBJ 50005ada (sz=32, trace=301537, class=Point@5000255b)
OBJ 50005adb (sz=32, trace=301786, class=Point@5000255b)
OBJ 50005adc (sz=32, trace=301787, class=Line@50006f05)
OBJ 50005add (sz=24, trace=301779, class=java.lang.String@5000016f)
ARR 50005ade (sz=80, trace=300326, nelems=0, elem type=char[])
OBJ 50005adf (sz=24, trace=301497, class=java.util.ArrayList@500000c5)
OBJ 50005ae0 (sz=24, trace=301498, class=java.lang.String@5000016f)
ARR 50005ae1 (sz=32, trace=301499, nelems=0, elem type=char[])
ARR 50005ae2 (sz=56, trace=300281, nelems=0, elem type=java.lang.Object[]@5000010a)
OBJ 50005ae3 (sz=24, trace=301498, class=java.lang.String@5000016f)
ARR 50005ae4 (sz=32, trace=301499, nelems=0, elem type=char[])
OBJ 50005ae5 (sz=24, trace=301498, class=java.lang.String@5000016f)
ARR 50005ae6 (sz=32, trace=301499, nelems=0, elem type=char[])
OBJ 50005ae7 (sz=24, trace=301500, class=java.lang.String@5000016f)
ARR 50005ae8 (sz=32, trace=301501, nelems=0, elem type=char[])
ARR 50005ae9 (sz=32, trace=301780, nelems=0, elem type=java.lang.String[]@500000cf)
OBJ 50005aea (sz=32, trace=301537, class=Point@5000255b)
OBJ 50005aeb (sz=40, trace=301504, class=java.util.ArrayList$SubList@5000248a)
OBJ 50005aec (sz=40, trace=301506, class=java.util.ArrayList$SubList$1@5000248d)
ARR 50005aed (sz=32, trace=301781, nelems=0, elem type=char[])
OBJ 50005aee (sz=32, trace=301535, class=sun.misc.FloatingDecimal$ASCIIToBinaryBuffer@500024ac)
ARR 50005aef (sz=32, trace=301782, nelems=0, elem type=char[])
OBJ 50005af0 (sz=32, trace=301535, class=sun.misc.FloatingDecimal$ASCIIToBinaryBuffer@500024ac)
OBJ 50005af1 (sz=32, trace=301783, class=Point@5000255b)
ARR 50005af2 (sz=32, trace=301784, nelems=0, elem type=char[])
OBJ 50005af3 (sz=32, trace=301535, class=sun.misc.FloatingDecimal$ASCIIToBinaryBuffer@500024ac)
ARR 50005af4 (sz=32, trace=301785, nelems=0, elem type=char[])
OBJ 50005af5 (sz=32, trace=301535, class=sun.misc.FloatingDecimal$ASCIIToBinaryBuffer@500024ac)
OBJ 50005af6 (sz=32, trace=301786, class=Point@5000255b)
OBJ 50005af7 (sz=32, trace=301787, class=Line@50006f05)
OBJ 50005af8 (sz=24, trace=301779, class=java.lang.String@5000016f)
ARR 50005af9 (sz=80, trace=300326, nelems=0, elem type=char[])
OBJ 50005afa (sz=32, trace=301537, class=Point@5000255b)
OBJ 50005afb (sz=24, trace=301497, class=java.util.ArrayList@500000c5)
OBJ 50005afc (sz=24, trace=301498, class=java.lang.String@5000016f)
ARR 50005afd (sz=32, trace=301499, nelems=0, elem type=char[])
ARR 50005afe (sz=56, trace=300281, nelems=0, elem type=java.lang.Object[]@5000010a)
OBJ 50005aff (sz=24, trace=301498, class=java.lang.String@5000016f)
ARR 50005b00 (sz=32, trace=301499, nelems=0, elem type=char[])
OBJ 50005b01 (sz=24, trace=301498, class=java.lang.String@5000016f)
ARR 50005b02 (sz=32, trace=301499, nelems=0, elem type=char[])
OBJ 50005b03 (sz=24, trace=301500, class=java.lang.String@5000016f)
ARR 50005b04 (sz=32, trace=301501, nelems=0, elem type=char[])
ARR 50005b05 (sz=32, trace=301780, nelems=0, elem type=java.lang.String[]@500000cf)
OBJ 50005b06 (sz=40, trace=301504, class=java.util.ArrayList$SubList@5000248a)
OBJ 50005b07 (sz=40, trace=301506, class=java.util.ArrayList$SubList$1@5000248d)
ARR 50005b08 (sz=32, trace=301781, nelems=0, elem type=char[])
OBJ 50005b09 (sz=32, trace=301535, class=sun.misc.FloatingDecimal$ASCIIToBinaryBuffer@500024ac)
OBJ 50005b0a (sz=32, trace=301537, class=Point@5000255b)
ARR 50005b0b (sz=32, trace=301782, nelems=0, elem type=char[])
OBJ 50005b0c (sz=32, trace=301535, class=sun.misc.FloatingDecimal$ASCIIToBinaryBuffer@500024ac)
OBJ 50005b0d (sz=32, trace=301783, class=Point@5000255b)
ARR 50005b0e (sz=32, trace=301784, nelems=0, elem type=char[])
OBJ 50005b0f (sz=32, trace=301535, class=sun.misc.FloatingDecimal$ASCIIToBinaryBuffer@500024ac)
ARR 50005b10 (sz=32, trace=301785, nelems=0, elem type=char[])
OBJ 50005b11 (sz=32, trace=301535, class=sun.misc.FloatingDecimal$ASCIIToBinaryBuffer@500024ac)
OBJ 50005b12 (sz=32, trace=301786, class=Point@5000255b)
OBJ 50005b13 (sz=32, trace=301787, class=Line@50006f05)
OBJ 50005b14 (sz=24, trace=301779, class=java.lang.String@5000016f)
ARR 50005b15 (sz=88, trace=300326, nelems=0, elem type=char[])
OBJ 50005b16 (sz=24, trace=301497, class=java.util.ArrayList@500000c5)
OBJ 50005b17 (sz=24, trace=301498, class=java.lang.String@5000016f)
ARR 50005b18 (sz=32, trace=301499, nelems=0, elem type=char[])
ARR 50005b19 (sz=56, trace=300281, nelems=0, elem type=java.lang.Object[]@5000010a)
OBJ 50005b1a (sz=32, trace=301537, class=Point@5000255b)
OBJ 50005b1b (sz=24, trace=301498, class=java.lang.String@5000016f)
ARR 50005b1c (sz=32, trace=301499, nelems=0, elem type=char[])
OBJ 50005b1d (sz=24, trace=301498, class=java.lang.String@5000016f)
ARR 50005b1e (sz=32, trace=301499, nelems=0, elem type=char[])
OBJ 50005b1f (sz=24, trace=301500, class=java.lang.String@5000016f)
ARR 50005b20 (sz=32, trace=301501, nelems=0, elem type=char[])
ARR 50005b21 (sz=32, trace=301780, nelems=0, elem type=java.lang.String[]@500000cf)
OBJ 50005b22 (sz=40, trace=301504, class=java.util.ArrayList$SubList@5000248a)
OBJ 50005b23 (sz=40, trace=301506, class=java.util.ArrayList$SubList$1@5000248d)
ARR 50005b24 (sz=32, trace=301781, nelems=0, elem type=char[])
OBJ 50005b25 (sz=32, trace=301535, class=sun.misc.FloatingDecimal$ASCIIToBinaryBuffer@500024ac)
ARR 50005b26 (sz=32, trace=301782, nelems=0, elem type=char[])
OBJ 50005b27 (sz=32, trace=301535, class=sun.misc.FloatingDecimal$ASCIIToBinaryBuffer@500024ac)
OBJ 50005b28 (sz=32, trace=301783, class=Point@5000255b)
ARR 50005b29 (sz=32, trace=301784, nelems=0, elem type=char[])
OBJ 50005b2a (sz=32, trace=301537, class=Point@5000255b)
OBJ 50005b2b (sz=32, trace=301535, class=sun.misc.FloatingDecimal$ASCIIToBinaryBuffer@500024ac)
ARR 50005b2c (sz=32, trace=301785, nelems=0, elem type=char[])
OBJ 50005b2d (sz=32, trace=301535, class=sun.misc.FloatingDecimal$ASCIIToBinaryBuffer@500024ac)
OBJ 50005b2e (sz=32, trace=301786, class=Point@5000255b)
OBJ 50005b2f (sz=32, trace=301787, class=Line@50006f05)
OBJ 50005b30 (sz=24, trace=301779, class=java.lang.String@5000016f)
ARR 50005b31 (sz=80, trace=300326, nelems=0, elem type=char[])
OBJ 50005b32 (sz=24, trace=301497, class=java.util.ArrayList@500000c5)
OBJ 50005b33 (sz=24, trace=301498, class=java.lang.String@5000016f)
ARR 50005b34 (sz=32, trace=301499, nelems=0, elem type=char[])
ARR 50005b35 (sz=56, trace=300281, nelems=0, elem type=java.lang.Object[]@5000010a)
OBJ 50005b36 (sz=24, trace=301498, class=java.lang.String@5000016f)
ARR 50005b37 (sz=32, trace=301499, nelems=0, elem type=char[])
OBJ 50005b38 (sz=24, trace=301498, class=java.lang.String@5000016f)
ARR 50005b39 (sz=32, trace=301499, nelems=0, elem type=char[])
OBJ 50005b3a (sz=32, trace=301537, class=Point@5000255b)
OBJ 50005b3b (sz=24, trace=301500, class=java.lang.String@5000016f)
ARR 50005b3c (sz=32, trace=301501, nelems=0, elem type=char[])
ARR 50005b3d (sz=32, trace=301780, nelems=0, elem type=java.lang.String[]@500000cf)
OBJ 50005b3e (sz=40, trace=301504, class=java.util.ArrayList$SubList@5000248a)
OBJ 50005b3f (sz=40, trace=301506, class=java.util.ArrayList$SubList$1@5000248d)
ARR 50005b40 (sz=32, trace=301781, nelems=0, elem type=char[])
OBJ 50005b41 (sz=32, trace=301535, class=sun.misc.FloatingDecimal$ASCIIToBinaryBuffer@500024ac)
ARR 50005b42 (sz=32, trace=301782, nelems=0, elem type=char[])
OBJ 50005b43 (sz=32, trace=301535, class=sun.misc.FloatingDecimal$ASCIIToBinaryBuffer@500024ac)
OBJ 50005b44 (sz=32, trace=301783, class=Point@5000255b)
ARR 50005b45 (sz=32, trace=301784, nelems=0, elem type=char[])
OBJ 50005b46 (sz=32, trace=301535, class=sun.misc.FloatingDecimal$ASCIIToBinaryBuffer@500024ac)
ARR 50005b47 (sz=32, trace=301785, nelems=0, elem type=char[])
OBJ 50005b48 (sz=32, trace=301535, class=sun.misc.FloatingDecimal$ASCIIToBinaryBuffer@500024ac)
OBJ 50005b49 (sz=32, trace=301786, class=Point@5000255b)
OBJ 50005b4a (sz=32, trace=301537, class=Point@5000255b)
OBJ 50005b4b (sz=32, trace=301787, class=Line@50006f05)
OBJ 50005b4c (sz=24, trace=301779, class=java.lang.String@5000016f)
ARR 50005b4d (sz=80, trace=300326, nelems=0, elem type=char[])
OBJ 50005b4e (sz=24, trace=301497, class=java.util.ArrayList@500000c5)
OBJ 50005b4f (sz=24, trace=301498, class=java.lang.String@5000016f)
ARR 50005b50 (sz=32, trace=301499, nelems=0, elem type=char[])
ARR 50005b51 (sz=56, trace=300281, nelems=0, elem type=java.lang.Object[]@5000010a)
OBJ 50005b52 (sz=24, trace=301498, class=java.lang.String@5000016f)
ARR 50005b53 (sz=32, trace=301499, nelems=0, elem type=char[])
OBJ 50005b54 (sz=24, trace=301498, class=java.lang.String@5000016f)
ARR 50005b55 (sz=32, trace=301499, nelems=0, elem type=char[])
OBJ 50005b56 (sz=24, trace=301500, class=java.lang.String@5000016f)
ARR 50005b57 (sz=32, trace=301501, nelems=0, elem type=char[])
ARR 50005b58 (sz=32, trace=301780, nelems=0, elem type=java.lang.String[]@500000cf)
OBJ 50005b59 (sz=40, trace=301504, class=java.util.ArrayList$SubList@5000248a)
OBJ 50005b5a (sz=32, trace=301537, class=Point@5000255b)
OBJ 50005b5b (sz=40, trace=301506, class=java.util.ArrayList$SubList$1@5000248d)
ARR 50005b5c (sz=32, trace=301781, nelems=0, elem type=char[])
OBJ 50005b5d (sz=32, trace=301535, class=sun.misc.FloatingDecimal$ASCIIToBinaryBuffer@500024ac)
ARR 50005b5e (sz=32, trace=301782, nelems=0, elem type=char[])
OBJ 50005b5f (sz=32, trace=301535, class=sun.misc.FloatingDecimal$ASCIIToBinaryBuffer@500024ac)
OBJ 50005b60 (sz=32, trace=301783, class=Point@5000255b)
ARR 50005b61 (sz=32, trace=301784, nelems=0, elem type=char[])
OBJ 50005b62 (sz=32, trace=301535, class=sun.misc.FloatingDecimal$ASCIIToBinaryBuffer@500024ac)
ARR 50005b63 (sz=32, trace=301785, nelems=0, elem type=char[])
OBJ 50005b64 (sz=32, trace=301535, class=sun.misc.FloatingDecimal$ASCIIToBinaryBuffer@500024ac)
OBJ 50005b65 (sz=32, trace=301786, class=Point@5000255b)
OBJ 50005b66 (sz=32, trace=301787, class=Line@50006f05)
OBJ 50005b67 (sz=24, trace=301779, class=java.lang.String@5000016f)
ARR 50005b68 (sz=88, trace=300326, nelems=0, elem type=char[])
OBJ 50005b69 (sz=24, trace=301497, class=java.util.ArrayList@500000c5)
OBJ 50005b6a (sz=32, trace=301537, class=Point@5000255b)
OBJ 50005b6b (sz=24, trace=301498, class=java.lang.String@5000016f)
ARR 50005b6c (sz=32, trace=301499, nelems=0, elem type=char[])
ARR 50005b6d (sz=56, trace=300281, nelems=0, elem type=java.lang.Object[]@5000010a)
OBJ 50005b6e (sz=24, trace=301498, class=java.lang.String@5000016f)
ARR 50005b6f (sz=32, trace=301499, nelems=0, elem type=char[])
OBJ 50005b70 (sz=24, trace=301498, class=java.lang.String@5000016f)
ARR 50005b71 (sz=32, trace=301499, nelems=0, elem type=char[])
OBJ 50005b72 (sz=24, trace=301500, class=java.lang.String@5000016f)
ARR 50005b73 (sz=32, trace=301501, nelems=0, elem type=char[])
ARR 50005b74 (sz=32, trace=301780, nelems=0, elem type=java.lang.String[]@500000cf)
OBJ 50005b75 (sz=40, trace=301504, class=java.util.ArrayList$SubList@5000248a)
OBJ 50005b76 (sz=40, trace=301506, class=java.util.ArrayList$SubList$1@5000248d)
ARR 50005b77 (sz=32, trace=301781, nelems=0, elem type=char[])
OBJ 50005b78 (sz=32, trace=301535, class=sun.misc.FloatingDecimal$ASCIIToBinaryBuffer@500024ac)
ARR 50005b79 (sz=32, trace=301782, nelems=0, elem type=char[])
OBJ 50005b7a (sz=32, trace=301537, class=Point@5000255b)
OBJ 50005b7b (sz=32, trace=301535, class=sun.misc.FloatingDecimal$ASCIIToBinaryBuffer@500024ac)
OBJ 50005b7c (sz=32, trace=301783, class=Point@5000255b)
ARR 50005b7d (sz=32, trace=301784, nelems=0, elem type=char[])
OBJ 50005b7e (sz=32, trace=301535, class=sun.misc.FloatingDecimal$ASCIIToBinaryBuffer@500024ac)
ARR 50005b7f (sz=32, trace=301785, nelems=0, elem type=char[])
OBJ 50005b80 (sz=32, trace=301535, class=sun.misc.FloatingDecimal$ASCIIToBinaryBuffer@500024ac)
OBJ 50005b81 (sz=32, trace=301786, class=Point@5000255b)
OBJ 50005b82 (sz=32, trace=301787, class=Line@50006f05)
OBJ 50005b83 (sz=24, trace=301779, class=java.lang.String@5000016f)
ARR 50005b84 (sz=88, trace=300326, nelems=0, elem type=char[])
OBJ 50005b85 (sz=24, trace=301497, class=java.util.ArrayList@500000c5)
OBJ 50005b86 (sz=24, trace=301498, class=java.lang.String@5000016f)
ARR 50005b87 (sz=32, trace=301499, nelems=0, elem type=char[])
ARR 50005b88 (sz=56, trace=300281, nelems=0, elem type=java.lang.Object[]@5000010a)
OBJ 50005b89 (sz=24, trace=301498, class=java.lang.String@5000016f)
OBJ 50005b8a (sz=32, trace=301537, class=Point@5000255b)
ARR 50005b8b (sz=32, trace=301499, nelems=0, elem type=char[])
OBJ 50005b8c (sz=24, trace=301498, class=java.lang.String@5000016f)
ARR 50005b8d (sz=32, trace=301499, nelems=0, elem type=char[])
OBJ 50005b8e (sz=24, trace=301500, class=java.lang.String@5000016f)
ARR 50005b8f (sz=32, trace=301501, nelems=0, elem type=char[])
ARR 50005b90 (sz=32, trace=301780, nelems=0, elem type=java.lang.String[]@500000cf)
OBJ 50005b91 (sz=40, trace=301504, class=java.util.ArrayList$SubList@5000248a)
OBJ 50005b92 (sz=40, trace=301506, class=java.util.ArrayList$SubList$1@5000248d)
ARR 50005b93 (sz=32, trace=301781, nelems=0, elem type=char[])
OBJ 50005b94 (sz=32, trace=301535, class=sun.misc.FloatingDecimal$ASCIIToBinaryBuffer@500024ac)
ARR 50005b95 (sz=32, trace=301782, nelems=0, elem type=char[])
OBJ 50005b96 (sz=32, trace=301535, class=sun.misc.FloatingDecimal$ASCIIToBinaryBuffer@500024ac)
OBJ 50005b97 (sz=32, trace=301783, class=Point@5000255b)
ARR 50005b98 (sz=32, trace=301784, nelems=0, elem type=char[])
OBJ 50005b99 (sz=32, trace=301535, class=sun.misc.FloatingDecimal$ASCIIToBinaryBuffer@500024ac)
OBJ 50005b9a (sz=32, trace=301537, class=Point@5000255b)
ARR 50005b9b (sz=32, trace=301785, nelems=0, elem type=char[])
OBJ 50005b9c (sz=32, trace=301535, class=sun.misc.FloatingDecimal$ASCIIToBinaryBuffer@500024ac)
OBJ 50005b9d (sz=32, trace=301786, class=Point@5000255b)
OBJ 50005b9e (sz=32, trace=301787, class=Line@50006f05)
OBJ 50005b9f (sz=24, trace=301779, class=java.lang.String@5000016f)
ARR 50005ba0 (sz=80, trace=300326, nelems=0, elem type=char[])
OBJ 50005ba1 (sz=24, trace=301497, class=java.util.ArrayList@500000c5)
OBJ 50005ba2 (sz=24, trace=301498, class=java.lang.String@5000016f)
ARR 50005ba3 (sz=32, trace=301499, nelems=0, elem type=char[])
ARR 50005ba4 (sz=56, trace=300281, nelems=0, elem type=java.lang.Object[]@5000010a)
OBJ 50005ba5 (sz=24, trace=301498, class=java.lang.String@5000016f)
ARR 50005ba6 (sz=32, trace=301499, nelems=0, elem type=char[])
OBJ 50005ba7 (sz=24, trace=301498, class=java.lang.String@5000016f)
ARR 50005ba8 (sz=32, trace=301499, nelems=0, elem type=char[])
OBJ 50005ba9 (sz=24, trace=301500, class=java.lang.String@5000016f)
OBJ 50005baa (sz=32, trace=301537, class=Point@5000255b)
ARR 50005bab (sz=32, trace=301501, nelems=0, elem type=char[])
ARR 50005bac (sz=32, trace=301780, nelems=0, elem type=java.lang.String[]@500000cf)
OBJ 50005bad (sz=40, trace=301504, class=java.util.ArrayList$SubList@5000248a)
OBJ 50005bae (sz=40, trace=301506, class=java.util.ArrayList$SubList$1@5000248d)
ARR 50005baf (sz=32, trace=301781, nelems=0, elem type=char[])
OBJ 50005bb0 (sz=32, trace=301535, class=sun.misc.FloatingDecimal$ASCIIToBinaryBuffer@500024ac)
ARR 50005bb1 (sz=32, trace=301782, nelems=0, elem type=char[])
OBJ 50005bb2 (sz=32, trace=301535, class=sun.misc.FloatingDecimal$ASCIIToBinaryBuffer@500024ac)
OBJ 50005bb3 (sz=32, trace=301783, class=Point@5000255b)
ARR 50005bb4 (sz=32, trace=301784, nelems=0, elem type=char[])
OBJ 50005bb5 (sz=32, trace=301535, class=sun.misc.FloatingDecimal$ASCIIToBinaryBuffer@500024ac)
ARR 50005bb6 (sz=32, trace=301785, nelems=0, elem type=char[])
OBJ 50005bb7 (sz=32, trace=301535, class=sun.misc.FloatingDecimal$ASCIIToBinaryBuffer@500024ac)
OBJ 50005bb8 (sz=32, trace=301786, class=Point@5000255b)
OBJ 50005bb9 (sz=32, trace=301787, class=Line@50006f05)
OBJ 50005bba (sz=32, trace=301537, class=Point@5000255b)
OBJ 50005bbb (sz=24, trace=301779, class=java.lang.String@5000016f)
ARR 50005bbc (sz=80, trace=300326, nelems=0, elem type=char[])
OBJ 50005bbd (sz=24, trace=301497, class=java.util.ArrayList@500000c5)
OBJ 50005bbe (sz=24, trace=301498, class=java.lang.String@5000016f)
ARR 50005bbf (sz=32, trace=301499, nelems=0, elem type=char[])
ARR 50005bc0 (sz=56, trace=300281, nelems=0, elem type=java.lang.Object[]@5000010a)
OBJ 50005bc1 (sz=24, trace=301498, class=java.lang.String@5000016f)
ARR 50005bc2 (sz=32, trace=301499, nelems=0, elem type=char[])
OBJ 50005bc3 (sz=24, trace=301498, class=java.lang.String@5000016f)
ARR 50005bc4 (sz=32, trace=301499, nelems=0, elem type=char[])
OBJ 50005bc5 (sz=24, trace=301500, class=java.lang.String@5000016f)
ARR 50005bc6 (sz=32, trace=301501, nelems=0, elem type=char[])
ARR 50005bc7 (sz=32, trace=301780, nelems=0, elem type=java.lang.String[]@500000cf)
OBJ 50005bc8 (sz=40, trace=301504, class=java.util.ArrayList$SubList@5000248a)
OBJ 50005bc9 (sz=40, trace=301506, class=java.util.ArrayList$SubList$1@5000248d)
OBJ 50005bca (sz=32, trace=301537, class=Point@5000255b)
ARR 50005bcb (sz=32, trace=301781, nelems=0, elem type=char[])
OBJ 50005bcc (sz=32, trace=301535, class=sun.misc.FloatingDecimal$ASCIIToBinaryBuffer@500024ac)
ARR 50005bcd (sz=32, trace=301782, nelems=0, elem type=char[])
OBJ 50005bce (sz=32, trace=301535, class=sun.misc.FloatingDecimal$ASCIIToBinaryBuffer@500024ac)
OBJ 50005bcf (sz=32, trace=301783, class=Point@5000255b)
ARR 50005bd0 (sz=32, trace=301784, nelems=0, elem type=char[])
OBJ 50005bd1 (sz=32, trace=301535, class=sun.misc.FloatingDecimal$ASCIIToBinaryBuffer@500024ac)
ARR 50005bd2 (sz=32, trace=301785, nelems=0, elem type=char[])
OBJ 50005bd3 (sz=32, trace=301535, class=sun.misc.FloatingDecimal$ASCIIToBinaryBuffer@500024ac)
OBJ 50005bd4 (sz=32, trace=301786, class=Point@5000255b)
OBJ 50005bd5 (sz=32, trace=301787, class=Line@50006f05)
OBJ 50005bd6 (sz=24, trace=301779, class=java.lang.String@5000016f)
ARR 50005bd7 (sz=88, trace=300326, nelems=0, elem type=char[])
OBJ 50005bd8 (sz=24, trace=301497, class=java.util.ArrayList@500000c5)
OBJ 50005bd9 (sz=24, trace=301498, class=java.lang.String@5000016f)
OBJ 50005bda (sz=32, trace=301537, class=Point@5000255b)
ARR 50005bdb (sz=32, trace=301499, nelems=0, elem type=char[])
ARR 50005bdc (sz=56, trace=300281, nelems=0, elem type=java.lang.Object[]@5000010a)
OBJ 50005bdd (sz=24, trace=301498, class=java.lang.String@5000016f)
ARR 50005bde (sz=32, trace=301499, nelems=0, elem type=char[])
OBJ 50005bdf (sz=24, trace=301498, class=java.lang.String@5000016f)
ARR 50005be0 (sz=32, trace=301499, nelems=0, elem type=char[])
OBJ 50005be1 (sz=24, trace=301500, class=java.lang.String@5000016f)
ARR 50005be2 (sz=32, trace=301501, nelems=0, elem type=char[])
ARR 50005be3 (sz=32, trace=301780, nelems=0, elem type=java.lang.String[]@500000cf)
OBJ 50005be4 (sz=40, trace=301504, class=java.util.ArrayList$SubList@5000248a)
OBJ 50005be5 (sz=40, trace=301506, class=java.util.ArrayList$SubList$1@5000248d)
ARR 50005be6 (sz=32, trace=301781, nelems=0, elem type=char[])
OBJ 50005be7 (sz=32, trace=301535, class=sun.misc.FloatingDecimal$ASCIIToBinaryBuffer@500024ac)
ARR 50005be8 (sz=32, trace=301782, nelems=0, elem type=char[])
OBJ 50005be9 (sz=32, trace=301535, class=sun.misc.FloatingDecimal$ASCIIToBinaryBuffer@500024ac)
OBJ 50005bea (sz=32, trace=301537, class=Point@5000255b)
OBJ 50005beb (sz=32, trace=301783, class=Point@5000255b)
ARR 50005bec (sz=32, trace=301784, nelems=0, elem type=char[])
OBJ 50005bed (sz=32, trace=301535, class=sun.misc.FloatingDecimal$ASCIIToBinaryBuffer@500024ac)
ARR 50005bee (sz=32, trace=301785, nelems=0, elem type=char[])
OBJ 50005bef (sz=32, trace=301535, class=sun.misc.FloatingDecimal$ASCIIToBinaryBuffer@500024ac)
OBJ 50005bf0 (sz=32, trace=301786, class=Point@5000255b)
OBJ 50005bf1 (sz=32, trace=301787, class=Line@50006f05)
OBJ 50005bf2 (sz=24, trace=301779, class=java.lang.String@5000016f)
ARR 50005bf3 (sz=88, trace=300326, nelems=0, elem type=char[])
OBJ 50005bf4 (sz=24, trace=301497, class=java.util.ArrayList@500000c5)
OBJ 50005bf5 (sz=24, trace=301498, class=java.lang.String@5000016f)
ARR 50005bf6 (sz=32, trace=301499, nelems=0, elem type=char[])
ARR 50005bf7 (sz=56, trace=300281, nelems=0, elem type=java.lang.Object[]@5000010a)
OBJ 50005bf8 (sz=24, trace=301498, class=java.lang.String@5000016f)
ARR 50005bf9 (sz=32, trace=301499, nelems=0, elem type=char[])
OBJ 50005bfa (sz=32, trace=301537, class=Point@5000255b)
OBJ 50005bfb (sz=24, trace=301498, class=java.lang.String@5000016f)
ARR 50005bfc (sz=32, trace=301499, nelems=0, elem type=char[])
OBJ 50005bfd (sz=24, trace=301500, class=java.lang.String@5000016f)
ARR 50005bfe (sz=32, trace=301501, nelems=0, elem type=char[])
ARR 50005bff (sz=32, trace=301780, nelems=0, elem type=java.lang.String[]@500000cf)
OBJ 50005c00 (sz=40, trace=301504, class=java.util.ArrayList$SubList@5000248a)
OBJ 50005c01 (sz=40, trace=301506, class=java.util.ArrayList$SubList$1@5000248d)
ARR 50005c02 (sz=32, trace=301781, nelems=0, elem type=char[])
OBJ 50005c03 (sz=32, trace=301535, class=sun.misc.FloatingDecimal$ASCIIToBinaryBuffer@500024ac)
ARR 50005c04 (sz=32, trace=301782, nelems=0, elem type=char[])
OBJ 50005c05 (sz=32, trace=301535, class=sun.misc.FloatingDecimal$ASCIIToBinaryBuffer@500024ac)
OBJ 50005c06 (sz=32, trace=301783, class=Point@5000255b)
ARR 50005c07 (sz=32, trace=301784, nelems=0, elem type=char[])
OBJ 50005c08 (sz=32, trace=301535, class=sun.misc.FloatingDecimal$ASCIIToBinaryBuffer@500024ac)
ARR 50005c09 (sz=32, trace=301785, nelems=0, elem type=char[])
OBJ 50005c0a (sz=32, trace=301537, class=Point@5000255b)
OBJ 50005c0b (sz=32, trace=301535, class=sun.misc.FloatingDecimal$ASCIIToBinaryBuffer@500024ac)
OBJ 50005c0c (sz=32, trace=301786, class=Point@5000255b)
OBJ 50005c0d (sz=32, trace=301787, class=Line@50006f05)
OBJ 50005c0e (sz=24, trace=301779, class=java.lang.String@5000016f)
ARR 50005c0f (sz=88, trace=300326, nelems=0, elem type=char[])
OBJ 50005c10 (sz=24, trace=301497, class=java.util.ArrayList@500000c5)
OBJ 50005c11 (sz=24, trace=301498, class=java.lang.String@5000016f)
ARR 50005c12 (sz=32, trace=301499, nelems=0, elem type=char[])
ARR 50005c13 (sz=56, trace=300281, nelems=0, elem type=java.lang.Object[]@5000010a)
OBJ 50005c14 (sz=24, trace=301498, class=java.lang.String@5000016f)
ARR 50005c15 (sz=32, trace=301499, nelems=0, elem type=char[])
OBJ 50005c16 (sz=24, trace=301498, class=java.lang.String@5000016f)
ARR 50005c17 (sz=32, trace=301499, nelems=0, elem type=char[])
OBJ 50005c18 (sz=24, trace=301500, class=java.lang.String@5000016f)
ARR 50005c19 (sz=32, trace=301501, nelems=0, elem type=char[])
OBJ 50005c1a (sz=32, trace=301537, class=Point@5000255b)
ARR 50005c1b (sz=32, trace=301780, nelems=0, elem type=java.lang.String[]@500000cf)
OBJ 50005c1c (sz=40, trace=301504, class=java.util.ArrayList$SubList@5000248a)
OBJ 50005c1d (sz=40, trace=301506, class=java.util.ArrayList$SubList$1@5000248d)
ARR 50005c1e (sz=32, trace=301781, nelems=0, elem type=char[])
OBJ 50005c1f (sz=32, trace=301535, class=sun.misc.FloatingDecimal$ASCIIToBinaryBuffer@500024ac)
ARR 50005c20 (sz=32, trace=301782, nelems=0, elem type=char[])
OBJ 50005c21 (sz=32, trace=301535, class=sun.misc.FloatingDecimal$ASCIIToBinaryBuffer@500024ac)
OBJ 50005c22 (sz=32, trace=301783, class=Point@5000255b)
ARR 50005c23 (sz=32, trace=301784, nelems=0, elem type=char[])
OBJ 50005c24 (sz=32, trace=301535, class=sun.misc.FloatingDecimal$ASCIIToBinaryBuffer@500024ac)
ARR 50005c25 (sz=32, trace=301785, nelems=0, elem type=char[])
OBJ 50005c26 (sz=32, trace=301535, class=sun.misc.FloatingDecimal$ASCIIToBinaryBuffer@500024ac)
OBJ 50005c27 (sz=32, trace=301786, class=Point@5000255b)
OBJ 50005c28 (sz=32, trace=301787, class=Line@50006f05)
OBJ 50005c29 (sz=24, trace=301779, class=java.lang.String@5000016f)
OBJ 50005c2a (sz=32, trace=301537, class=Point@5000255b)
ARR 50005c2b (sz=88, trace=300326, nelems=0, elem type=char[])
OBJ 50005c2c (sz=24, trace=301497, class=java.util.ArrayList@500000c5)
OBJ 50005c2d (sz=24, trace=301498, class=java.lang.String@5000016f)
ARR 50005c2e (sz=32, trace=301499, nelems=0, elem type=char[])
ARR 50005c2f (sz=56, trace=300281, nelems=0, elem type=java.lang.Object[]@5000010a)
OBJ 50005c30 (sz=24, trace=301498, class=java.lang.String@5000016f)
ARR 50005c31 (sz=32, trace=301499, nelems=0, elem type=char[])
OBJ 50005c32 (sz=24, trace=301498, class=java.lang.String@5000016f)
ARR 50005c33 (sz=32, trace=301499, nelems=0, elem type=char[])
OBJ 50005c34 (sz=24, trace=301500, class=java.lang.String@5000016f)
ARR 50005c35 (sz=32, trace=301501, nelems=0, elem type=char[])
ARR 50005c36 (sz=32, trace=301780, nelems=0, elem type=java.lang.String[]@500000cf)
OBJ 50005c37 (sz=40, trace=301504, class=java.util.ArrayList$SubList@5000248a)
OBJ 50005c38 (sz=40, trace=301506, class=java.util.ArrayList$SubList$1@5000248d)
ARR 50005c39 (sz=32, trace=301781, nelems=0, elem type=char[])
OBJ 50005c3a (sz=32, trace=301537, class=Point@5000255b)
OBJ 50005c3b (sz=32, trace=301535, class=sun.misc.FloatingDecimal$ASCIIToBinaryBuffer@500024ac)
ARR 50005c3c (sz=32, trace=301782, nelems=0, elem type=char[])
OBJ 50005c3d (sz=32, trace=301535, class=sun.misc.FloatingDecimal$ASCIIToBinaryBuffer@500024ac)
OBJ 50005c3e (sz=32, trace=301783, class=Point@5000255b)
ARR 50005c3f (sz=32, trace=301784, nelems=0, elem type=char[])
OBJ 50005c40 (sz=32, trace=301535, class=sun.misc.FloatingDecimal$ASCIIToBinaryBuffer@500024ac)
ARR 50005c41 (sz=32, trace=301785, nelems=0, elem type=char[])
OBJ 50005c42 (sz=32, trace=301535, class=sun.misc.FloatingDecimal$ASCIIToBinaryBuffer@500024ac)
OBJ 50005c43 (sz=32, trace=301786, class=Point@5000255b)
OBJ 50005c44 (sz=32, trace=301787, class=Line@50006f05)
OBJ 50005c45 (sz=24, trace=301779, class=java.lang.String@5000016f)
ARR 50005c46 (sz=88, trace=300326, nelems=0, elem type=char[])
OBJ 50005c47 (sz=24, trace=301497, class=java.util.ArrayList@500000c5)
OBJ 50005c48 (sz=24, trace=301498, class=java.lang.String@5000016f)
ARR 50005c49 (sz=32, trace=301499, nelems=0, elem type=char[])
OBJ 50005c4a (sz=32, trace=301537, class=Point@5000255b)
ARR 50005c4b (sz=56, trace=300281, nelems=0, elem type=java.lang.Object[]@5000010a)
OBJ 50005c4c (sz=24, trace=301498, class=java.lang.String@5000016f)
ARR 50005c4d (sz=32, trace=301499, nelems=0, elem type=char[])
OBJ 50005c4e (sz=24, trace=301498, class=java.lang.String@5000016f)
ARR 50005c4f (sz=32, trace=301499, nelems=0, elem type=char[])
OBJ 50005c50 (sz=24, trace=301500, class=java.lang.String@5000016f)
ARR 50005c51 (sz=32, trace=301501, nelems=0, elem type=char[])
ARR 50005c52 (sz=32, trace=301780, nelems=0, elem type=java.lang.String[]@500000cf)
OBJ 50005c53 (sz=40, trace=301504, class=java.util.ArrayList$SubList@5000248a)
OBJ 50005c54 (sz=40, trace=301506, class=java.util.ArrayList$SubList$1@5000248d)
ARR 50005c55 (sz=32, trace=301781, nelems=0, elem type=char[])
OBJ 50005c56 (sz=32, trace=301535, class=sun.misc.FloatingDecimal$ASCIIToBinaryBuffer@500024ac)
ARR 50005c57 (sz=32, trace=301782, nelems=0, elem type=char[])
OBJ 50005c58 (sz=32, trace=301535, class=sun.misc.FloatingDecimal$ASCIIToBinaryBuffer@500024ac)
OBJ 50005c59 (sz=32, trace=301783, class=Point@5000255b)
OBJ 50005c5a (sz=32, trace=301537, class=Point@5000255b)
ARR 50005c5b (sz=32, trace=301784, nelems=0, elem type=char[])
OBJ 50005c5c (sz=32, trace=301535, class=sun.misc.FloatingDecimal$ASCIIToBinaryBuffer@500024ac)
ARR 50005c5d (sz=32, trace=301785, nelems=0, elem type=char[])
OBJ 50005c5e (sz=32, trace=301535, class=sun.misc.FloatingDecimal$ASCIIToBinaryBuffer@500024ac)
OBJ 50005c5f (sz=32, trace=301786, class=Point@5000255b)
OBJ 50005c60 (sz=32, trace=301787, class=Line@50006f05)
OBJ 50005c61 (sz=24, trace=301779, class=java.lang.String@5000016f)
ARR 50005c62 (sz=88, trace=300326, nelems=0, elem type=char[])
OBJ 50005c63 (sz=24, trace=301497, class=java.util.ArrayList@500000c5)
OBJ 50005c64 (sz=24, trace=301498, class=java.lang.String@5000016f)
ARR 50005c65 (sz=32, trace=301499, nelems=0, elem type=char[])
ARR 50005c66 (sz=56, trace=300281, nelems=0, elem type=java.lang.Object[]@5000010a)
OBJ 50005c67 (sz=24, trace=301498, class=java.lang.String@5000016f)
ARR 50005c68 (sz=32, trace=301499, nelems=0, elem type=char[])
OBJ 50005c69 (sz=24, trace=301498, class=java.lang.String@5000016f)
OBJ 50005c6a (sz=32, trace=301537, class=Point@5000255b)
ARR 50005c6b (sz=32, trace=301499, nelems=0, elem type=char[])
OBJ 50005c6c (sz=24, trace=301500, class=java.lang.String@5000016f)
ARR 50005c6d (sz=32, trace=301501, nelems=0, elem type=char[])
ARR 50005c6e (sz=32, trace=301780, nelems=0, elem type=java.lang.String[]@500000cf)
OBJ 50005c6f (sz=40, trace=301504, class=java.util.ArrayList$SubList@5000248a)
OBJ 50005c70 (sz=40, trace=301506, class=java.util.ArrayList$SubList$1@5000248d)
ARR 50005c71 (sz=32, trace=301781, nelems=0, elem type=char[])
OBJ 50005c72 (sz=32, trace=301535, class=sun.misc.FloatingDecimal$ASCIIToBinaryBuffer@500024ac)
ARR 50005c73 (sz=32, trace=301782, nelems=0, elem type=char[])
OBJ 50005c74 (sz=32, trace=301535, class=sun.misc.FloatingDecimal$ASCIIToBinaryBuffer@500024ac)
OBJ 50005c75 (sz=32, trace=301783, class=Point@5000255b)
ARR 50005c76 (sz=32, trace=301784, nelems=0, elem type=char[])
OBJ 50005c77 (sz=32, trace=301535, class=sun.misc.FloatingDecimal$ASCIIToBinaryBuffer@500024ac)
ARR 50005c78 (sz=32, trace=301785, nelems=0, elem type=char[])
OBJ 50005c79 (sz=32, trace=301535, class=sun.misc.FloatingDecimal$ASCIIToBinaryBuffer@500024ac)
OBJ 50005c7a (sz=32, trace=301537, class=Point@5000255b)
OBJ 50005c7b (sz=32, trace=301786, class=Point@5000255b)
OBJ 50005c7c (sz=32, trace=301787, class=Line@50006f05)
OBJ 50005c7d (sz=24, trace=301779, class=java.lang.String@5000016f)
ARR 50005c7e (sz=88, trace=300326, nelems=0, elem type=char[])
OBJ 50005c7f (sz=24, trace=301497, class=java.util.ArrayList@500000c5)
OBJ 50005c80 (sz=24, trace=301498, class=java.lang.String@5000016f)
ARR 50005c81 (sz=32, trace=301499, nelems=0, elem type=char[])
ARR 50005c82 (sz=56, trace=300281, nelems=0, elem type=java.lang.Object[]@5000010a)
OBJ 50005c83 (sz=24, trace=301498, class=java.lang.String@5000016f)
ARR 50005c84 (sz=32, trace=301499, nelems=0, elem type=char[])
OBJ 50005c85 (sz=24, trace=301498, class=java.lang.String@5000016f)
ARR 50005c86 (sz=32, trace=301499, nelems=0, elem type=char[])
OBJ 50005c87 (sz=24, trace=301500, class=java.lang.String@5000016f)
ARR 50005c88 (sz=32, trace=301501, nelems=0, elem type=char[])
ARR 50005c89 (sz=32, trace=301780, nelems=0, elem type=java.lang.String[]@500000cf)
OBJ 50005c8a (sz=32, trace=301537, class=Point@5000255b)
OBJ 50005c8b (sz=40, trace=301504, class=java.util.ArrayList$SubList@5000248a)
OBJ 50005c8c (sz=40, trace=301506, class=java.util.ArrayList$SubList$1@5000248d)
ARR 50005c8d (sz=32, trace=301781, nelems=0, elem type=char[])
OBJ 50005c8e (sz=32, trace=301535, class=sun.misc.FloatingDecimal$ASCIIToBinaryBuffer@500024ac)
ARR 50005c8f (sz=32, trace=301782, nelems=0, elem type=char[])
OBJ 50005c90 (sz=32, trace=301535, class=sun.misc.FloatingDecimal$ASCIIToBinaryBuffer@500024ac)
OBJ 50005c91 (sz=32, trace=301783, class=Point@5000255b)
ARR 50005c92 (sz=32, trace=301784, nelems=0, elem type=char[])
OBJ 50005c93 (sz=32, trace=301535, class=sun.misc.FloatingDecimal$ASCIIToBinaryBuffer@500024ac)
ARR 50005c94 (sz=32, trace=301785, nelems=0, elem type=char[])
OBJ 50005c95 (sz=32, trace=301535, class=sun.misc.FloatingDecimal$ASCIIToBinaryBuffer@500024ac)
OBJ 50005c96 (sz=32, trace=301786, class=Point@5000255b)
OBJ 50005c97 (sz=32, trace=301787, class=Line@50006f05)
OBJ 50005c98 (sz=24, trace=301779, class=java.lang.String@5000016f)
ARR 50005c99 (sz=88, trace=300326, nelems=0, elem type=char[])
OBJ 50005c9a (sz=32, trace=301537, class=Point@5000255b)
OBJ 50005c9b (sz=24, trace=301497, class=java.util.ArrayList@500000c5)
OBJ 50005c9c (sz=24, trace=301498, class=java.lang.String@5000016f)
ARR 50005c9d (sz=32, trace=301499, nelems=0, elem type=char[])
ARR 50005c9e (sz=56, trace=300281, nelems=0, elem type=java.lang.Object[]@5000010a)
OBJ 50005c9f (sz=24, trace=301498, class=java.lang.String@5000016f)
ARR 50005ca0 (sz=32, trace=301499, nelems=0, elem type=char[])
OBJ 50005ca1 (sz=24, trace=301498, class=java.lang.String@5000016f)
ARR 50005ca2 (sz=32, trace=301499, nelems=0, elem type=char[])
OBJ 50005ca3 (sz=24, trace=301500, class=java.lang.String@5000016f)
ARR 50005ca4 (sz=32, trace=301501, nelems=0, elem type=char[])
ARR 50005ca5 (sz=32, trace=301780, nelems=0, elem type=java.lang.String[]@500000cf)
OBJ 50005ca6 (sz=40, trace=301504, class=java.util.ArrayList$SubList@5000248a)
OBJ 50005ca7 (sz=40, trace=301506, class=java.util.ArrayList$SubList$1@5000248d)
ARR 50005ca8 (sz=32, trace=301781, nelems=0, elem type=char[])
OBJ 50005ca9 (sz=32, trace=301535, class=sun.misc.FloatingDecimal$ASCIIToBinaryBuffer@500024ac)
OBJ 50005caa (sz=32, trace=301537, class=Point@5000255b)
ARR 50005cab (sz=32, trace=301782, nelems=0, elem type=char[])
OBJ 50005cac (sz=32, trace=301535, class=sun.misc.FloatingDecimal$ASCIIToBinaryBuffer@500024ac)
OBJ 50005cad (sz=32, trace=301783, class=Point@5000255b)
ARR 50005cae (sz=32, trace=301784, nelems=0, elem type=char[])
OBJ 50005caf (sz=32, trace=301535, class=sun.misc.FloatingDecimal$ASCIIToBinaryBuffer@500024ac)
ARR 50005cb0 (sz=32, trace=301785, nelems=0, elem type=char[])
OBJ 50005cb1 (sz=32, trace=301535, class=sun.misc.FloatingDecimal$ASCIIToBinaryBuffer@500024ac)
OBJ 50005cb2 (sz=32, trace=301786, class=Point@5000255b)
OBJ 50005cb3 (sz=32, trace=301787, class=Line@50006f05)
OBJ 50005cb4 (sz=24, trace=301779, class=java.lang.String@5000016f)
ARR 50005cb5 (sz=88, trace=300326, nelems=0, elem type=char[])
OBJ 50005cb6 (sz=24, trace=301497, class=java.util.ArrayList@500000c5)
OBJ 50005cb7 (sz=24, trace=301498, class=java.lang.String@5000016f)
ARR 50005cb8 (sz=32, trace=301499, nelems=0, elem type=char[])
ARR 50005cb9 (sz=56, trace=300281, nelems=0, elem type=java.lang.Object[]@5000010a)
OBJ 50005cba (sz=32, trace=301537, class=Point@5000255b)
OBJ 50005cbb (sz=24, trace=301498, class=java.lang.String@5000016f)
ARR 50005cbc (sz=32, trace=301499, nelems=0, elem type=char[])
OBJ 50005cbd (sz=24, trace=301498, class=java.lang.String@5000016f)
ARR 50005cbe (sz=32, trace=301499, nelems=0, elem type=char[])
OBJ 50005cbf (sz=24, trace=301500, class=java.lang.String@5000016f)
ARR 50005cc0 (sz=32, trace=301501, nelems=0, elem type=char[])
ARR 50005cc1 (sz=32, trace=301780, nelems=0, elem type=java.lang.String[]@500000cf)
OBJ 50005cc2 (sz=40, trace=301504, class=java.util.ArrayList$SubList@5000248a)
OBJ 50005cc3 (sz=40, trace=301506, class=java.util.ArrayList$SubList$1@5000248d)
ARR 50005cc4 (sz=32, trace=301781, nelems=0, elem type=char[])
OBJ 50005cc5 (sz=32, trace=301535, class=sun.misc.FloatingDecimal$ASCIIToBinaryBuffer@500024ac)
ARR 50005cc6 (sz=32, trace=301782, nelems=0, elem type=char[])
OBJ 50005cc7 (sz=32, trace=301535, class=sun.misc.FloatingDecimal$ASCIIToBinaryBuffer@500024ac)
OBJ 50005cc8 (sz=32, trace=301783, class=Point@5000255b)
ARR 50005cc9 (sz=32, trace=301784, nelems=0, elem type=char[])
OBJ 50005cca (sz=32, trace=301537, class=Point@5000255b)
OBJ 50005ccb (sz=32, trace=301535, class=sun.misc.FloatingDecimal$ASCIIToBinaryBuffer@500024ac)
ARR 50005ccc (sz=32, trace=301785, nelems=0, elem type=char[])
OBJ 50005ccd (sz=32, trace=301535, class=sun.misc.FloatingDecimal$ASCIIToBinaryBuffer@500024ac)
OBJ 50005cce (sz=32, trace=301786, class=Point@5000255b)
OBJ 50005ccf (sz=32, trace=301787, class=Line@50006f05)
OBJ 50005cd0 (sz=24, trace=301779, class=java.lang.String@5000016f)
ARR 50005cd1 (sz=80, trace=300326, nelems=0, elem type=char[])
OBJ 50005cd2 (sz=24, trace=301497, class=java.util.ArrayList@500000c5)
OBJ 50005cd3 (sz=24, trace=301498, class=java.lang.String@5000016f)
ARR 50005cd4 (sz=32, trace=301499, nelems=0, elem type=char[])
ARR 50005cd5 (sz=56, trace=300281, nelems=0, elem type=java.lang.Object[]@5000010a)
OBJ 50005cd6 (sz=24, trace=301498, class=java.lang.String@5000016f)
ARR 50005cd7 (sz=32, trace=301499, nelems=0, elem type=char[])
OBJ 50005cd8 (sz=24, trace=301498, class=java.lang.String@5000016f)
ARR 50005cd9 (sz=32, trace=301499, nelems=0, elem type=char[])
OBJ 50005cda (sz=32, trace=301537, class=Point@5000255b)
OBJ 50005cdb (sz=24, trace=301500, class=java.lang.String@5000016f)
ARR 50005cdc (sz=32, trace=301501, nelems=0, elem type=char[])
ARR 50005cdd (sz=32, trace=301780, nelems=0, elem type=java.lang.String[]@500000cf)
OBJ 50005cde (sz=40, trace=301504, class=java.util.ArrayList$SubList@5000248a)
OBJ 50005cdf (sz=40, trace=301506, class=java.util.ArrayList$SubList$1@5000248d)
ARR 50005ce0 (sz=32, trace=301781, nelems=0, elem type=char[])
OBJ 50005ce1 (sz=32, trace=301535, class=sun.misc.FloatingDecimal$ASCIIToBinaryBuffer@500024ac)
ARR 50005ce2 (sz=32, trace=301782, nelems=0, elem type=char[])
OBJ 50005ce3 (sz=32, trace=301535, class=sun.misc.FloatingDecimal$ASCIIToBinaryBuffer@500024ac)
OBJ 50005ce4 (sz=32, trace=301783, class=Point@5000255b)
ARR 50005ce5 (sz=32, trace=301784, nelems=0, elem type=char[])
OBJ 50005ce6 (sz=32, trace=301535, class=sun.misc.FloatingDecimal$ASCIIToBinaryBuffer@500024ac)
ARR 50005ce7 (sz=32, trace=301785, nelems=0, elem type=char[])
OBJ 50005ce8 (sz=32, trace=301535, class=sun.misc.FloatingDecimal$ASCIIToBinaryBuffer@500024ac)
OBJ 50005ce9 (sz=32, trace=301786, class=Point@5000255b)
OBJ 50005cea (sz=32, trace=301537, class=Point@5000255b)
OBJ 50005ceb (sz=32, trace=301787, class=Line@50006f05)
OBJ 50005cec (sz=24, trace=301779, class=java.lang.String@5000016f)
ARR 50005ced (sz=80, trace=300326, nelems=0, elem type=char[])
OBJ 50005cee (sz=24, trace=301497, class=java.util.ArrayList@500000c5)
OBJ 50005cef (sz=24, trace=301498, class=java.lang.String@5000016f)
ARR 50005cf0 (sz=32, trace=301499, nelems=0, elem type=char[])
ARR 50005cf1 (sz=56, trace=300281, nelems=0, elem type=java.lang.Object[]@5000010a)
OBJ 50005cf2 (sz=24, trace=301498, class=java.lang.String@5000016f)
ARR 50005cf3 (sz=32, trace=301499, nelems=0, elem type=char[])
OBJ 50005cf4 (sz=24, trace=301498, class=java.lang.String@5000016f)
ARR 50005cf5 (sz=32, trace=301499, nelems=0, elem type=char[])
OBJ 50005cf6 (sz=24, trace=301500, class=java.lang.String@5000016f)
ARR 50005cf7 (sz=32, trace=301501, nelems=0, elem type=char[])
ARR 50005cf8 (sz=32, trace=301780, nelems=0, elem type=java.lang.String[]@500000cf)
OBJ 50005cf9 (sz=40, trace=301504, class=java.util.ArrayList$SubList@5000248a)
OBJ 50005cfa (sz=32, trace=301537, class=Point@5000255b)
OBJ 50005cfb (sz=40, trace=301506, class=java.util.ArrayList$SubList$1@5000248d)
ARR 50005cfc (sz=32, trace=301781, nelems=0, elem type=char[])
OBJ 50005cfd (sz=32, trace=301535, class=sun.misc.FloatingDecimal$ASCIIToBinaryBuffer@500024ac)
ARR 50005cfe (sz=32, trace=301782, nelems=0, elem type=char[])
OBJ 50005cff (sz=32, trace=301535, class=sun.misc.FloatingDecimal$ASCIIToBinaryBuffer@500024ac)
OBJ 50005d00 (sz=32, trace=301783, class=Point@5000255b)
ARR 50005d01 (sz=32, trace=301784, nelems=0, elem type=char[])
OBJ 50005d02 (sz=32, trace=301535, class=sun.misc.FloatingDecimal$ASCIIToBinaryBuffer@500024ac)
ARR 50005d03 (sz=32, trace=301785, nelems=0, elem type=char[])
OBJ 50005d04 (sz=32, trace=301535, class=sun.misc.FloatingDecimal$ASCIIToBinaryBuffer@500024ac)
OBJ 50005d05 (sz=32, trace=301786, class=Point@5000255b)
OBJ 50005d06 (sz=32, trace=301787, class=Line@50006f05)
OBJ 50005d07 (sz=24, trace=301779, class=java.lang.String@5000016f)
ARR 50005d08 (sz=80, trace=300326, nelems=0, elem type=char[])
OBJ 50005d09 (sz=24, trace=301497, class=java.util.ArrayList@500000c5)
OBJ 50005d0a (sz=32, trace=301537, class=Point@5000255b)
OBJ 50005d0b (sz=24, trace=301498, class=java.lang.String@5000016f)
ARR 50005d0c (sz=32, trace=301499, nelems=0, elem type=char[])
ARR 50005d0d (sz=56, trace=300281, nelems=0, elem type=java.lang.Object[]@5000010a)
OBJ 50005d0e (sz=24, trace=301498, class=java.lang.String@5000016f)
ARR 50005d0f (sz=32, trace=301499, nelems=0, elem type=char[])
OBJ 50005d10 (sz=24, trace=301498, class=java.lang.String@5000016f)
ARR 50005d11 (sz=32, trace=301499, nelems=0, elem type=char[])
OBJ 50005d12 (sz=24, trace=301500, class=java.lang.String@5000016f)
ARR 50005d13 (sz=32, trace=301501, nelems=0, elem type=char[])
ARR 50005d14 (sz=32, trace=301780, nelems=0, elem type=java.lang.String[]@500000cf)
OBJ 50005d15 (sz=40, trace=301504, class=java.util.ArrayList$SubList@5000248a)
OBJ 50005d16 (sz=40, trace=301506, class=java.util.ArrayList$SubList$1@5000248d)
ARR 50005d17 (sz=32, trace=301781, nelems=0, elem type=char[])
OBJ 50005d18 (sz=32, trace=301535, class=sun.misc.FloatingDecimal$ASCIIToBinaryBuffer@500024ac)
ARR 50005d19 (sz=32, trace=301782, nelems=0, elem type=char[])
OBJ 50005d1a (sz=32, trace=301537, class=Point@5000255b)
OBJ 50005d1b (sz=32, trace=301535, class=sun.misc.FloatingDecimal$ASCIIToBinaryBuffer@500024ac)
OBJ 50005d1c (sz=32, trace=301783, class=Point@5000255b)
ARR 50005d1d (sz=32, trace=301784, nelems=0, elem type=char[])
OBJ 50005d1e (sz=32, trace=301535, class=sun.misc.FloatingDecimal$ASCIIToBinaryBuffer@500024ac)
ARR 50005d1f (sz=32, trace=301785, nelems=0, elem type=char[])
OBJ 50005d20 (sz=32, trace=301535, class=sun.misc.FloatingDecimal$ASCIIToBinaryBuffer@500024ac)
OBJ 50005d21 (sz=32, trace=301786, class=Point@5000255b)
OBJ 50005d22 (sz=32, trace=301787, class=Line@50006f05)
OBJ 50005d23 (sz=24, trace=301779, class=java.lang.String@5000016f)
ARR 50005d24 (sz=80, trace=300326, nelems=0, elem type=char[])
OBJ 50005d25 (sz=24, trace=301497, class=java.util.ArrayList@500000c5)
OBJ 50005d26 (sz=24, trace=301498, class=java.lang.String@5000016f)
ARR 50005d27 (sz=32, trace=301499, nelems=0, elem type=char[])
ARR 50005d28 (sz=56, trace=300281, nelems=0, elem type=java.lang.Object[]@5000010a)
OBJ 50005d29 (sz=24, trace=301498, class=java.lang.String@5000016f)
OBJ 50005d2a (sz=32, trace=301537, class=Point@5000255b)
ARR 50005d2b (sz=32, trace=301499, nelems=0, elem type=char[])
OBJ 50005d2c (sz=24, trace=301498, class=java.lang.String@5000016f)
ARR 50005d2d (sz=32, trace=301499, nelems=0, elem type=char[])
OBJ 50005d2e (sz=24, trace=301500, class=java.lang.String@5000016f)
ARR 50005d2f (sz=32, trace=301501, nelems=0, elem type=char[])
ARR 50005d30 (sz=32, trace=301780, nelems=0, elem type=java.lang.String[]@500000cf)
OBJ 50005d31 (sz=40, trace=301504, class=java.util.ArrayList$SubList@5000248a)
OBJ 50005d32 (sz=40, trace=301506, class=java.util.ArrayList$SubList$1@5000248d)
ARR 50005d33 (sz=32, trace=301781, nelems=0, elem type=char[])
OBJ 50005d34 (sz=32, trace=301535, class=sun.misc.FloatingDecimal$ASCIIToBinaryBuffer@500024ac)
ARR 50005d35 (sz=32, trace=301782, nelems=0, elem type=char[])
OBJ 50005d36 (sz=32, trace=301535, class=sun.misc.FloatingDecimal$ASCIIToBinaryBuffer@500024ac)
OBJ 50005d37 (sz=32, trace=301783, class=Point@5000255b)
ARR 50005d38 (sz=32, trace=301784, nelems=0, elem type=char[])
OBJ 50005d39 (sz=32, trace=301535, class=sun.misc.FloatingDecimal$ASCIIToBinaryBuffer@500024ac)
OBJ 50005d3a (sz=32, trace=301537, class=Point@5000255b)
ARR 50005d3b (sz=32, trace=301785, nelems=0, elem type=char[])
OBJ 50005d3c (sz=32, trace=301535, class=sun.misc.FloatingDecimal$ASCIIToBinaryBuffer@500024ac)
OBJ 50005d3d (sz=32, trace=301786, class=Point@5000255b)
OBJ 50005d3e (sz=32, trace=301787, class=Line@50006f05)
OBJ 50005d3f (sz=24, trace=301779, class=java.lang.String@5000016f)
ARR 50005d40 (sz=88, trace=300326, nelems=0, elem type=char[])
OBJ 50005d41 (sz=24, trace=301497, class=java.util.ArrayList@500000c5)
OBJ 50005d42 (sz=24, trace=301498, class=java.lang.String@5000016f)
ARR 50005d43 (sz=32, trace=301499, nelems=0, elem type=char[])
ARR 50005d44 (sz=56, trace=300281, nelems=0, elem type=java.lang.Object[]@5000010a)
OBJ 50005d45 (sz=24, trace=301498, class=java.lang.String@5000016f)
ARR 50005d46 (sz=32, trace=301499, nelems=0, elem type=char[])
OBJ 50005d47 (sz=24, trace=301498, class=java.lang.String@5000016f)
ARR 50005d48 (sz=32, trace=301499, nelems=0, elem type=char[])
OBJ 50005d49 (sz=24, trace=301500, class=java.lang.String@5000016f)
OBJ 50005d4a (sz=32, trace=301537, class=Point@5000255b)
ARR 50005d4b (sz=32, trace=301501, nelems=0, elem type=char[])
ARR 50005d4c (sz=32, trace=301780, nelems=0, elem type=java.lang.String[]@500000cf)
OBJ 50005d4d (sz=40, trace=301504, class=java.util.ArrayList$SubList@5000248a)
OBJ 50005d4e (sz=40, trace=301506, class=java.util.ArrayList$SubList$1@5000248d)
ARR 50005d4f (sz=32, trace=301781, nelems=0, elem type=char[])
OBJ 50005d50 (sz=32, trace=301535, class=sun.misc.FloatingDecimal$ASCIIToBinaryBuffer@500024ac)
ARR 50005d51 (sz=32, trace=301782, nelems=0, elem type=char[])
OBJ 50005d52 (sz=32, trace=301535, class=sun.misc.FloatingDecimal$ASCIIToBinaryBuffer@500024ac)
OBJ 50005d53 (sz=32, trace=301783, class=Point@5000255b)
ARR 50005d54 (sz=32, trace=301784, nelems=0, elem type=char[])
OBJ 50005d55 (sz=32, trace=301535, class=sun.misc.FloatingDecimal$ASCIIToBinaryBuffer@500024ac)
ARR 50005d56 (sz=32, trace=301785, nelems=0, elem type=char[])
OBJ 50005d57 (sz=32, trace=301535, class=sun.misc.FloatingDecimal$ASCIIToBinaryBuffer@500024ac)
OBJ 50005d58 (sz=32, trace=301786, class=Point@5000255b)
OBJ 50005d59 (sz=32, trace=301787, class=Line@50006f05)
OBJ 50005d5a (sz=32, trace=301537, class=Point@5000255b)
OBJ 50005d5b (sz=24, trace=301779, class=java.lang.String@5000016f)
ARR 50005d5c (sz=88, trace=300326, nelems=0, elem type=char[])
OBJ 50005d5d (sz=24, trace=301497, class=java.util.ArrayList@500000c5)
OBJ 50005d5e (sz=24, trace=301498, class=java.lang.String@5000016f)
ARR 50005d5f (sz=32, trace=301499, nelems=0, elem type=char[])
ARR 50005d60 (sz=56, trace=300281, nelems=0, elem type=java.lang.Object[]@5000010a)
OBJ 50005d61 (sz=24, trace=301498, class=java.lang.String@5000016f)
ARR 50005d62 (sz=32, trace=301499, nelems=0, elem type=char[])
OBJ 50005d63 (sz=24, trace=301498, class=java.lang.String@5000016f)
ARR 50005d64 (sz=32, trace=301499, nelems=0, elem type=char[])
OBJ 50005d65 (sz=24, trace=301500, class=java.lang.String@5000016f)
ARR 50005d66 (sz=32, trace=301501, nelems=0, elem type=char[])
ARR 50005d67 (sz=32, trace=301780, nelems=0, elem type=java.lang.String[]@500000cf)
OBJ 50005d68 (sz=40, trace=301504, class=java.util.ArrayList$SubList@5000248a)
OBJ 50005d69 (sz=40, trace=301506, class=java.util.ArrayList$SubList$1@5000248d)
OBJ 50005d6a (sz=32, trace=301537, class=Point@5000255b)
ARR 50005d6b (sz=32, trace=301781, nelems=0, elem type=char[])
OBJ 50005d6c (sz=32, trace=301535, class=sun.misc.FloatingDecimal$ASCIIToBinaryBuffer@500024ac)
ARR 50005d6d (sz=32, trace=301782, nelems=0, elem type=char[])
OBJ 50005d6e (sz=32, trace=301535, class=sun.misc.FloatingDecimal$ASCIIToBinaryBuffer@500024ac)
OBJ 50005d6f (sz=32, trace=301783, class=Point@5000255b)
ARR 50005d70 (sz=32, trace=301784, nelems=0, elem type=char[])
OBJ 50005d71 (sz=32, trace=301535, class=sun.misc.FloatingDecimal$ASCIIToBinaryBuffer@500024ac)
ARR 50005d72 (sz=32, trace=301785, nelems=0, elem type=char[])
OBJ 50005d73 (sz=32, trace=301535, class=sun.misc.FloatingDecimal$ASCIIToBinaryBuffer@500024ac)
OBJ 50005d74 (sz=32, trace=301786, class=Point@5000255b)
OBJ 50005d75 (sz=32, trace=301787, class=Line@50006f05)
OBJ 50005d76 (sz=24, trace=301779, class=java.lang.String@5000016f)
ARR 50005d77 (sz=80, trace=300326, nelems=0, elem type=char[])
OBJ 50005d78 (sz=24, trace=301497, class=java.util.ArrayList@500000c5)
OBJ 50005d79 (sz=24, trace=301498, class=java.lang.String@5000016f)
OBJ 50005d7a (sz=32, trace=301537, class=Point@5000255b)
ARR 50005d7b (sz=32, trace=301499, nelems=0, elem type=char[])
ARR 50005d7c (sz=56, trace=300281, nelems=0, elem type=java.lang.Object[]@5000010a)
OBJ 50005d7d (sz=24, trace=301498, class=java.lang.String@5000016f)
ARR 50005d7e (sz=32, trace=301499, nelems=0, elem type=char[])
OBJ 50005d7f (sz=24, trace=301498, class=java.lang.String@5000016f)
ARR 50005d80 (sz=32, trace=301499, nelems=0, elem type=char[])
OBJ 50005d81 (sz=24, trace=301500, class=java.lang.String@5000016f)
ARR 50005d82 (sz=32, trace=301501, nelems=0, elem type=char[])
ARR 50005d83 (sz=32, trace=301780, nelems=0, elem type=java.lang.String[]@500000cf)
OBJ 50005d84 (sz=40, trace=301504, class=java.util.ArrayList$SubList@5000248a)
OBJ 50005d85 (sz=40, trace=301506, class=java.util.ArrayList$SubList$1@5000248d)
ARR 50005d86 (sz=32, trace=301781, nelems=0, elem type=char[])
OBJ 50005d87 (sz=32, trace=301535, class=sun.misc.FloatingDecimal$ASCIIToBinaryBuffer@500024ac)
ARR 50005d88 (sz=32, trace=301782, nelems=0, elem type=char[])
OBJ 50005d89 (sz=32, trace=301535, class=sun.misc.FloatingDecimal$ASCIIToBinaryBuffer@500024ac)
OBJ 50005d8a (sz=32, trace=301537, class=Point@5000255b)
OBJ 50005d8b (sz=32, trace=301783, class=Point@5000255b)
ARR 50005d8c (sz=32, trace=301784, nelems=0, elem type=char[])
OBJ 50005d8d (sz=32, trace=301535, class=sun.misc.FloatingDecimal$ASCIIToBinaryBuffer@500024ac)
ARR 50005d8e (sz=32, trace=301785, nelems=0, elem type=char[])
OBJ 50005d8f (sz=32, trace=301535, class=sun.misc.FloatingDecimal$ASCIIToBinaryBuffer@500024ac)
OBJ 50005d90 (sz=32, trace=301786, class=Point@5000255b)
OBJ 50005d91 (sz=32, trace=301787, class=Line@50006f05)
OBJ 50005d92 (sz=24, trace=301779, class=java.lang.String@5000016f)
ARR 50005d93 (sz=80, trace=300326, nelems=0, elem type=char[])
OBJ 50005d94 (sz=24, trace=301497, class=java.util.ArrayList@500000c5)
OBJ 50005d95 (sz=24, trace=301498, class=java.lang.String@5000016f)
ARR 50005d96 (sz=32, trace=301499, nelems=0, elem type=char[])
ARR 50005d97 (sz=56, trace=300281, nelems=0, elem type=java.lang.Object[]@5000010a)
OBJ 50005d98 (sz=24, trace=301498, class=java.lang.String@5000016f)
ARR 50005d99 (sz=32, trace=301499, nelems=0, elem type=char[])
OBJ 50005d9a (sz=32, trace=301537, class=Point@5000255b)
OBJ 50005d9b (sz=24, trace=301498, class=java.lang.String@5000016f)
ARR 50005d9c (sz=32, trace=301499, nelems=0, elem type=char[])
OBJ 50005d9d (sz=24, trace=301500, class=java.lang.String@5000016f)
ARR 50005d9e (sz=32, trace=301501, nelems=0, elem type=char[])
ARR 50005d9f (sz=32, trace=301780, nelems=0, elem type=java.lang.String[]@500000cf)
OBJ 50005da0 (sz=40, trace=301504, class=java.util.ArrayList$SubList@5000248a)
OBJ 50005da1 (sz=40, trace=301506, class=java.util.ArrayList$SubList$1@5000248d)
ARR 50005da2 (sz=32, trace=301781, nelems=0, elem type=char[])
OBJ 50005da3 (sz=32, trace=301535, class=sun.misc.FloatingDecimal$ASCIIToBinaryBuffer@500024ac)
ARR 50005da4 (sz=32, trace=301782, nelems=0, elem type=char[])
OBJ 50005da5 (sz=32, trace=301535, class=sun.misc.FloatingDecimal$ASCIIToBinaryBuffer@500024ac)
OBJ 50005da6 (sz=32, trace=301783, class=Point@5000255b)
ARR 50005da7 (sz=32, trace=301784, nelems=0, elem type=char[])
OBJ 50005da8 (sz=32, trace=301535, class=sun.misc.FloatingDecimal$ASCIIToBinaryBuffer@500024ac)
ARR 50005da9 (sz=32, trace=301785, nelems=0, elem type=char[])
OBJ 50005daa (sz=32, trace=301537, class=Point@5000255b)
OBJ 50005dab (sz=32, trace=301535, class=sun.misc.FloatingDecimal$ASCIIToBinaryBuffer@500024ac)
OBJ 50005dac (sz=32, trace=301786, class=Point@5000255b)
OBJ 50005dad (sz=32, trace=301787, class=Line@50006f05)
OBJ 50005dae (sz=24, trace=301779, class=java.lang.String@5000016f)
ARR 50005daf (sz=88, trace=300326, nelems=0, elem type=char[])
OBJ 50005db0 (sz=24, trace=301497, class=java.util.ArrayList@500000c5)
OBJ 50005db1 (sz=24, trace=301498, class=java.lang.String@5000016f)
ARR 50005db2 (sz=32, trace=301499, nelems=0, elem type=char[])
ARR 50005db3 (sz=56, trace=300281, nelems=0, elem type=java.lang.Object[]@5000010a)
OBJ 50005db4 (sz=24, trace=301498, class=java.lang.String@5000016f)
ARR 50005db5 (sz=32, trace=301499, nelems=0, elem type=char[])
OBJ 50005db6 (sz=24, trace=301498, class=java.lang.String@5000016f)
ARR 50005db7 (sz=32, trace=301499, nelems=0, elem type=char[])
OBJ 50005db8 (sz=24, trace=301500, class=java.lang.String@5000016f)
ARR 50005db9 (sz=32, trace=301501, nelems=0, elem type=char[])
OBJ 50005dba (sz=32, trace=301537, class=Point@5000255b)
ARR 50005dbb (sz=32, trace=301780, nelems=0, elem type=java.lang.String[]@500000cf)
OBJ 50005dbc (sz=40, trace=301504, class=java.util.ArrayList$SubList@5000248a)
OBJ 50005dbd (sz=40, trace=301506, class=java.util.ArrayList$SubList$1@5000248d)
ARR 50005dbe (sz=32, trace=301781, nelems=0, elem type=char[])
OBJ 50005dbf (sz=32, trace=301535, class=sun.misc.FloatingDecimal$ASCIIToBinaryBuffer@500024ac)
ARR 50005dc0 (sz=32, trace=301782, nelems=0, elem type=char[])
OBJ 50005dc1 (sz=32, trace=301535, class=sun.misc.FloatingDecimal$ASCIIToBinaryBuffer@500024ac)
OBJ 50005dc2 (sz=32, trace=301783, class=Point@5000255b)
ARR 50005dc3 (sz=32, trace=301784, nelems=0, elem type=char[])
OBJ 50005dc4 (sz=32, trace=301535, class=sun.misc.FloatingDecimal$ASCIIToBinaryBuffer@500024ac)
ARR 50005dc5 (sz=32, trace=301785, nelems=0, elem type=char[])
OBJ 50005dc6 (sz=32, trace=301535, class=sun.misc.FloatingDecimal$ASCIIToBinaryBuffer@500024ac)
OBJ 50005dc7 (sz=32, trace=301786, class=Point@5000255b)
OBJ 50005dc8 (sz=32, trace=301787, class=Line@50006f05)
OBJ 50005dc9 (sz=24, trace=301779, class=java.lang.String@5000016f)
OBJ 50005dca (sz=32, trace=301537, class=Point@5000255b)
ARR 50005dcb (sz=88, trace=300326, nelems=0, elem type=char[])
OBJ 50005dcc (sz=24, trace=301497, class=java.util.ArrayList@500000c5)
OBJ 50005dcd (sz=24, trace=301498, class=java.lang.String@5000016f)
ARR 50005dce (sz=32, trace=301499, nelems=0, elem type=char[])
ARR 50005dcf (sz=56, trace=300281, nelems=0, elem type=java.lang.Object[]@5000010a)
OBJ 50005dd0 (sz=24, trace=301498, class=java.lang.String@5000016f)
ARR 50005dd1 (sz=32, trace=301499, nelems=0, elem type=char[])
OBJ 50005dd2 (sz=24, trace=301498, class=java.lang.String@5000016f)
ARR 50005dd3 (sz=32, trace=301499, nelems=0, elem type=char[])
OBJ 50005dd4 (sz=24, trace=301500, class=java.lang.String@5000016f)
ARR 50005dd5 (sz=32, trace=301501, nelems=0, elem type=char[])
ARR 50005dd6 (sz=32, trace=301780, nelems=0, elem type=java.lang.String[]@500000cf)
OBJ 50005dd7 (sz=40, trace=301504, class=java.util.ArrayList$SubList@5000248a)
OBJ 50005dd8 (sz=40, trace=301506, class=java.util.ArrayList$SubList$1@5000248d)
ARR 50005dd9 (sz=32, trace=301781, nelems=0, elem type=char[])
OBJ 50005dda (sz=32, trace=301537, class=Point@5000255b)
OBJ 50005ddb (sz=32, trace=301535, class=sun.misc.FloatingDecimal$ASCIIToBinaryBuffer@500024ac)
ARR 50005ddc (sz=32, trace=301782, nelems=0, elem type=char[])
OBJ 50005ddd (sz=32, trace=301535, class=sun.misc.FloatingDecimal$ASCIIToBinaryBuffer@500024ac)
OBJ 50005dde (sz=32, trace=301783, class=Point@5000255b)
ARR 50005ddf (sz=32, trace=301784, nelems=0, elem type=char[])
OBJ 50005de0 (sz=32, trace=301535, class=sun.misc.FloatingDecimal$ASCIIToBinaryBuffer@500024ac)
ARR 50005de1 (sz=32, trace=301785, nelems=0, elem type=char[])
OBJ 50005de2 (sz=32, trace=301535, class=sun.misc.FloatingDecimal$ASCIIToBinaryBuffer@500024ac)
OBJ 50005de3 (sz=32, trace=301786, class=Point@5000255b)
OBJ 50005de4 (sz=32, trace=301787, class=Line@50006f05)
OBJ 50005de5 (sz=24, trace=301779, class=java.lang.String@5000016f)
ARR 50005de6 (sz=88, trace=300326, nelems=0, elem type=char[])
OBJ 50005de7 (sz=24, trace=301497, class=java.util.ArrayList@500000c5)
OBJ 50005de8 (sz=24, trace=301498, class=java.lang.String@5000016f)
ARR 50005de9 (sz=32, trace=301499, nelems=0, elem type=char[])
OBJ 50005dea (sz=32, trace=301537, class=Point@5000255b)
ARR 50005deb (sz=56, trace=300281, nelems=0, elem type=java.lang.Object[]@5000010a)
OBJ 50005dec (sz=24, trace=301498, class=java.lang.String@5000016f)
ARR 50005ded (sz=32, trace=301499, nelems=0, elem type=char[])
OBJ 50005dee (sz=24, trace=301498, class=java.lang.String@5000016f)
ARR 50005def (sz=32, trace=301499, nelems=0, elem type=char[])
OBJ 50005df0 (sz=24, trace=301500, class=java.lang.String@5000016f)
ARR 50005df1 (sz=32, trace=301501, nelems=0, elem type=char[])
ARR 50005df2 (sz=32, trace=301780, nelems=0, elem type=java.lang.String[]@500000cf)
OBJ 50005df3 (sz=40, trace=301504, class=java.util.ArrayList$SubList@5000248a)
OBJ 50005df4 (sz=40, trace=301506, class=java.util.ArrayList$SubList$1@5000248d)
ARR 50005df5 (sz=32, trace=301781, nelems=0, elem type=char[])
OBJ 50005df6 (sz=32, trace=301535, class=sun.misc.FloatingDecimal$ASCIIToBinaryBuffer@500024ac)
ARR 50005df7 (sz=32, trace=301782, nelems=0, elem type=char[])
OBJ 50005df8 (sz=32, trace=301535, class=sun.misc.FloatingDecimal$ASCIIToBinaryBuffer@500024ac)
OBJ 50005df9 (sz=32, trace=301783, class=Point@5000255b)
OBJ 50005dfa (sz=32, trace=301537, class=Point@5000255b)
ARR 50005dfb (sz=32, trace=301784, nelems=0, elem type=char[])
OBJ 50005dfc (sz=32, trace=301535, class=sun.misc.FloatingDecimal$ASCIIToBinaryBuffer@500024ac)
ARR 50005dfd (sz=32, trace=301785, nelems=0, elem type=char[])
OBJ 50005dfe (sz=32, trace=301535, class=sun.misc.FloatingDecimal$ASCIIToBinaryBuffer@500024ac)
OBJ 50005dff (sz=32, trace=301786, class=Point@5000255b)
OBJ 50005e00 (sz=32, trace=301787, class=Line@50006f05)
OBJ 50005e01 (sz=24, trace=301779, class=java.lang.String@5000016f)
ARR 50005e02 (sz=88, trace=300326, nelems=0, elem type=char[])
OBJ 50005e03 (sz=24, trace=301497, class=java.util.ArrayList@500000c5)
OBJ 50005e04 (sz=24, trace=301498, class=java.lang.String@5000016f)
ARR 50005e05 (sz=32, trace=301499, nelems=0, elem type=char[])
ARR 50005e06 (sz=56, trace=300281, nelems=0, elem type=java.lang.Object[]@5000010a)
OBJ 50005e07 (sz=24, trace=301498, class=java.lang.String@5000016f)
ARR 50005e08 (sz=32, trace=301499, nelems=0, elem type=char[])
OBJ 50005e09 (sz=24, trace=301498, class=java.lang.String@5000016f)
OBJ 50005e0a (sz=32, trace=301537, class=Point@5000255b)
ARR 50005e0b (sz=32, trace=301499, nelems=0, elem type=char[])
OBJ 50005e0c (sz=24, trace=301500, class=java.lang.String@5000016f)
ARR 50005e0d (sz=32, trace=301501, nelems=0, elem type=char[])
ARR 50005e0e (sz=32, trace=301780, nelems=0, elem type=java.lang.String[]@500000cf)
OBJ 50005e0f (sz=40, trace=301504, class=java.util.ArrayList$SubList@5000248a)
OBJ 50005e10 (sz=40, trace=301506, class=java.util.ArrayList$SubList$1@5000248d)
ARR 50005e11 (sz=32, trace=301781, nelems=0, elem type=char[])
OBJ 50005e12 (sz=32, trace=301535, class=sun.misc.FloatingDecimal$ASCIIToBinaryBuffer@500024ac)
ARR 50005e13 (sz=32, trace=301782, nelems=0, elem type=char[])
OBJ 50005e14 (sz=32, trace=301535, class=sun.misc.FloatingDecimal$ASCIIToBinaryBuffer@500024ac)
OBJ 50005e15 (sz=32, trace=301783, class=Point@5000255b)
ARR 50005e16 (sz=32, trace=301784, nelems=0, elem type=char[])
OBJ 50005e17 (sz=32, trace=301535, class=sun.misc.FloatingDecimal$ASCIIToBinaryBuffer@500024ac)
ARR 50005e18 (sz=32, trace=301785, nelems=0, elem type=char[])
OBJ 50005e19 (sz=32, trace=301535, class=sun.misc.FloatingDecimal$ASCIIToBinaryBuffer@500024ac)
OBJ 50005e1a (sz=32, trace=301537, class=Point@5000255b)
OBJ 50005e1b (sz=32, trace=301786, class=Point@5000255b)
OBJ 50005e1c (sz=32, trace=301787, class=Line@50006f05)
OBJ 50005e1d (sz=24, trace=301779, class=java.lang.String@5000016f)
ARR 50005e1e (sz=80, trace=300326, nelems=0, elem type=char[])
OBJ 50005e1f (sz=24, trace=301497, class=java.util.ArrayList@500000c5)
OBJ 50005e20 (sz=24, trace=301498, class=java.lang.String@5000016f)
ARR 50005e21 (sz=32, trace=301499, nelems=0, elem type=char[])
ARR 50005e22 (sz=56, trace=300281, nelems=0, elem type=java.lang.Object[]@5000010a)
OBJ 50005e23 (sz=24, trace=301498, class=java.lang.String@5000016f)
ARR 50005e24 (sz=32, trace=301499, nelems=0, elem type=char[])
OBJ 50005e25 (sz=24, trace=301498, class=java.lang.String@5000016f)
ARR 50005e26 (sz=32, trace=301499, nelems=0, elem type=char[])
OBJ 50005e27 (sz=24, trace=301500, class=java.lang.String@5000016f)
ARR 50005e28 (sz=32, trace=301501, nelems=0, elem type=char[])
ARR 50005e29 (sz=32, trace=301780, nelems=0, elem type=java.lang.String[]@500000cf)
OBJ 50005e2a (sz=32, trace=301537, class=Point@5000255b)
OBJ 50005e2b (sz=40, trace=301504, class=java.util.ArrayList$SubList@5000248a)
OBJ 50005e2c (sz=40, trace=301506, class=java.util.ArrayList$SubList$1@5000248d)
ARR 50005e2d (sz=32, trace=301781, nelems=0, elem type=char[])
OBJ 50005e2e (sz=32, trace=301535, class=sun.misc.FloatingDecimal$ASCIIToBinaryBuffer@500024ac)
ARR 50005e2f (sz=32, trace=301782, nelems=0, elem type=char[])
OBJ 50005e30 (sz=32, trace=301535, class=sun.misc.FloatingDecimal$ASCIIToBinaryBuffer@500024ac)
OBJ 50005e31 (sz=32, trace=301783, class=Point@5000255b)
ARR 50005e32 (sz=32, trace=301784, nelems=0, elem type=char[])
OBJ 50005e33 (sz=32, trace=301535, class=sun.misc.FloatingDecimal$ASCIIToBinaryBuffer@500024ac)
ARR 50005e34 (sz=32, trace=301785, nelems=0, elem type=char[])
OBJ 50005e35 (sz=32, trace=301535, class=sun.misc.FloatingDecimal$ASCIIToBinaryBuffer@500024ac)
OBJ 50005e36 (sz=32, trace=301786, class=Point@5000255b)
OBJ 50005e37 (sz=32, trace=301787, class=Line@50006f05)
OBJ 50005e38 (sz=24, trace=301779, class=java.lang.String@5000016f)
ARR 50005e39 (sz=88, trace=300326, nelems=0, elem type=char[])
OBJ 50005e3a (sz=32, trace=301537, class=Point@5000255b)
OBJ 50005e3b (sz=24, trace=301497, class=java.util.ArrayList@500000c5)
OBJ 50005e3c (sz=24, trace=301498, class=java.lang.String@5000016f)
ARR 50005e3d (sz=32, trace=301499, nelems=0, elem type=char[])
ARR 50005e3e (sz=56, trace=300281, nelems=0, elem type=java.lang.Object[]@5000010a)
OBJ 50005e3f (sz=24, trace=301498, class=java.lang.String@5000016f)
ARR 50005e40 (sz=32, trace=301499, nelems=0, elem type=char[])
OBJ 50005e41 (sz=24, trace=301498, class=java.lang.String@5000016f)
ARR 50005e42 (sz=32, trace=301499, nelems=0, elem type=char[])
OBJ 50005e43 (sz=24, trace=301500, class=java.lang.String@5000016f)
ARR 50005e44 (sz=32, trace=301501, nelems=0, elem type=char[])
ARR 50005e45 (sz=32, trace=301780, nelems=0, elem type=java.lang.String[]@500000cf)
OBJ 50005e46 (sz=40, trace=301504, class=java.util.ArrayList$SubList@5000248a)
OBJ 50005e47 (sz=40, trace=301506, class=java.util.ArrayList$SubList$1@5000248d)
ARR 50005e48 (sz=32, trace=301781, nelems=0, elem type=char[])
OBJ 50005e49 (sz=32, trace=301535, class=sun.misc.FloatingDecimal$ASCIIToBinaryBuffer@500024ac)
OBJ 50005e4a (sz=32, trace=301537, class=Point@5000255b)
ARR 50005e4b (sz=32, trace=301782, nelems=0, elem type=char[])
OBJ 50005e4c (sz=32, trace=301535, class=sun.misc.FloatingDecimal$ASCIIToBinaryBuffer@500024ac)
OBJ 50005e4d (sz=32, trace=301783, class=Point@5000255b)
ARR 50005e4e (sz=32, trace=301784, nelems=0, elem type=char[])
OBJ 50005e4f (sz=32, trace=301535, class=sun.misc.FloatingDecimal$ASCIIToBinaryBuffer@500024ac)
ARR 50005e50 (sz=32, trace=301785, nelems=0, elem type=char[])
OBJ 50005e51 (sz=32, trace=301535, class=sun.misc.FloatingDecimal$ASCIIToBinaryBuffer@500024ac)
OBJ 50005e52 (sz=32, trace=301786, class=Point@5000255b)
OBJ 50005e53 (sz=32, trace=301787, class=Line@50006f05)
OBJ 50005e54 (sz=24, trace=301779, class=java.lang.String@5000016f)
ARR 50005e55 (sz=88, trace=300326, nelems=0, elem type=char[])
OBJ 50005e56 (sz=24, trace=301497, class=java.util.ArrayList@500000c5)
OBJ 50005e57 (sz=24, trace=301498, class=java.lang.String@5000016f)
ARR 50005e58 (sz=32, trace=301499, nelems=0, elem type=char[])
ARR 50005e59 (sz=56, trace=300281, nelems=0, elem type=java.lang.Object[]@5000010a)
OBJ 50005e5a (sz=32, trace=301537, class=Point@5000255b)
OBJ 50005e5b (sz=24, trace=301498, class=java.lang.String@5000016f)
ARR 50005e5c (sz=32, trace=301499, nelems=0, elem type=char[])
OBJ 50005e5d (sz=24, trace=301498, class=java.lang.String@5000016f)
ARR 50005e5e (sz=32, trace=301499, nelems=0, elem type=char[])
OBJ 50005e5f (sz=24, trace=301500, class=java.lang.String@5000016f)
ARR 50005e60 (sz=32, trace=301501, nelems=0, elem type=char[])
ARR 50005e61 (sz=32, trace=301780, nelems=0, elem type=java.lang.String[]@500000cf)
OBJ 50005e62 (sz=40, trace=301504, class=java.util.ArrayList$SubList@5000248a)
OBJ 50005e63 (sz=40, trace=301506, class=java.util.ArrayList$SubList$1@5000248d)
ARR 50005e64 (sz=32, trace=301781, nelems=0, elem type=char[])
OBJ 50005e65 (sz=32, trace=301535, class=sun.misc.FloatingDecimal$ASCIIToBinaryBuffer@500024ac)
ARR 50005e66 (sz=32, trace=301782, nelems=0, elem type=char[])
OBJ 50005e67 (sz=32, trace=301535, class=sun.misc.FloatingDecimal$ASCIIToBinaryBuffer@500024ac)
OBJ 50005e68 (sz=32, trace=301783, class=Point@5000255b)
ARR 50005e69 (sz=32, trace=301784, nelems=0, elem type=char[])
OBJ 50005e6a (sz=32, trace=301537, class=Point@5000255b)
OBJ 50005e6b (sz=32, trace=301535, class=sun.misc.FloatingDecimal$ASCIIToBinaryBuffer@500024ac)
ARR 50005e6c (sz=32, trace=301785, nelems=0, elem type=char[])
OBJ 50005e6d (sz=32, trace=301535, class=sun.misc.FloatingDecimal$ASCIIToBinaryBuffer@500024ac)
OBJ 50005e6e (sz=32, trace=301786, class=Point@5000255b)
OBJ 50005e6f (sz=32, trace=301787, class=Line@50006f05)
OBJ 50005e70 (sz=24, trace=301779, class=java.lang.String@5000016f)
ARR 50005e71 (sz=88, trace=300326, nelems=0, elem type=char[])
OBJ 50005e72 (sz=24, trace=301497, class=java.util.ArrayList@500000c5)
OBJ 50005e73 (sz=24, trace=301498, class=java.lang.String@5000016f)
ARR 50005e74 (sz=32, trace=301499, nelems=0, elem type=char[])
ARR 50005e75 (sz=56, trace=300281, nelems=0, elem type=java.lang.Object[]@5000010a)
OBJ 50005e76 (sz=24, trace=301498, class=java.lang.String@5000016f)
ARR 50005e77 (sz=32, trace=301499, nelems=0, elem type=char[])
OBJ 50005e78 (sz=24, trace=301498, class=java.lang.String@5000016f)
ARR 50005e79 (sz=32, trace=301499, nelems=0, elem type=char[])
OBJ 50005e7a (sz=32, trace=301537, class=Point@5000255b)
OBJ 50005e7b (sz=24, trace=301500, class=java.lang.String@5000016f)
ARR 50005e7c (sz=32, trace=301501, nelems=0, elem type=char[])
ARR 50005e7d (sz=32, trace=301780, nelems=0, elem type=java.lang.String[]@500000cf)
OBJ 50005e7e (sz=40, trace=301504, class=java.util.ArrayList$SubList@5000248a)
OBJ 50005e7f (sz=40, trace=301506, class=java.util.ArrayList$SubList$1@5000248d)
ARR 50005e80 (sz=32, trace=301781, nelems=0, elem type=char[])
OBJ 50005e81 (sz=32, trace=301535, class=sun.misc.FloatingDecimal$ASCIIToBinaryBuffer@500024ac)
ARR 50005e82 (sz=32, trace=301782, nelems=0, elem type=char[])
OBJ 50005e83 (sz=32, trace=301535, class=sun.misc.FloatingDecimal$ASCIIToBinaryBuffer@500024ac)
OBJ 50005e84 (sz=32, trace=301783, class=Point@5000255b)
ARR 50005e85 (sz=32, trace=301784, nelems=0, elem type=char[])
OBJ 50005e86 (sz=32, trace=301535, class=sun.misc.FloatingDecimal$ASCIIToBinaryBuffer@500024ac)
ARR 50005e87 (sz=32, trace=301785, nelems=0, elem type=char[])
OBJ 50005e88 (sz=32, trace=301535, class=sun.misc.FloatingDecimal$ASCIIToBinaryBuffer@500024ac)
OBJ 50005e89 (sz=32, trace=301786, class=Point@5000255b)
OBJ 50005e8a (sz=32, trace=301537, class=Point@5000255b)
OBJ 50005e8b (sz=32, trace=301787, class=Line@50006f05)
OBJ 50005e8c (sz=24, trace=301779, class=java.lang.String@5000016f)
ARR 50005e8d (sz=80, trace=300326, nelems=0, elem type=char[])
OBJ 50005e8e (sz=24, trace=301497, class=java.util.ArrayList@500000c5)
OBJ 50005e8f (sz=24, trace=301498, class=java.lang.String@5000016f)
ARR 50005e90 (sz=32, trace=301499, nelems=0, elem type=char[])
ARR 50005e91 (sz=56, trace=300281, nelems=0, elem type=java.lang.Object[]@5000010a)
OBJ 50005e92 (sz=24, trace=301498, class=java.lang.String@5000016f)
ARR 50005e93 (sz=32, trace=301499, nelems=0, elem type=char[])
OBJ 50005e94 (sz=24, trace=301498, class=java.lang.String@5000016f)
ARR 50005e95 (sz=32, trace=301499, nelems=0, elem type=char[])
OBJ 50005e96 (sz=24, trace=301500, class=java.lang.String@5000016f)
ARR 50005e97 (sz=32, trace=301501, nelems=0, elem type=char[])
ARR 50005e98 (sz=32, trace=301780, nelems=0, elem type=java.lang.String[]@500000cf)
OBJ 50005e99 (sz=40, trace=301504, class=java.util.ArrayList$SubList@5000248a)
OBJ 50005e9a (sz=32, trace=301537, class=Point@5000255b)
OBJ 50005e9b (sz=40, trace=301506, class=java.util.ArrayList$SubList$1@5000248d)
ARR 50005e9c (sz=32, trace=301781, nelems=0, elem type=char[])
OBJ 50005e9d (sz=32, trace=301535, class=sun.misc.FloatingDecimal$ASCIIToBinaryBuffer@500024ac)
ARR 50005e9e (sz=32, trace=301782, nelems=0, elem type=char[])
OBJ 50005e9f (sz=32, trace=301535, class=sun.misc.FloatingDecimal$ASCIIToBinaryBuffer@500024ac)
OBJ 50005ea0 (sz=32, trace=301783, class=Point@5000255b)
ARR 50005ea1 (sz=32, trace=301784, nelems=0, elem type=char[])
OBJ 50005ea2 (sz=32, trace=301535, class=sun.misc.FloatingDecimal$ASCIIToBinaryBuffer@500024ac)
ARR 50005ea3 (sz=32, trace=301785, nelems=0, elem type=char[])
OBJ 50005ea4 (sz=32, trace=301535, class=sun.misc.FloatingDecimal$ASCIIToBinaryBuffer@500024ac)
OBJ 50005ea5 (sz=32, trace=301786, class=Point@5000255b)
OBJ 50005ea6 (sz=32, trace=301787, class=Line@50006f05)
OBJ 50005ea7 (sz=24, trace=301779, class=java.lang.String@5000016f)
ARR 50005ea8 (sz=80, trace=300326, nelems=0, elem type=char[])
OBJ 50005ea9 (sz=24, trace=301497, class=java.util.ArrayList@500000c5)
OBJ 50005eaa (sz=32, trace=301537, class=Point@5000255b)
OBJ 50005eab (sz=24, trace=301498, class=java.lang.String@5000016f)
ARR 50005eac (sz=32, trace=301499, nelems=0, elem type=char[])
ARR 50005ead (sz=56, trace=300281, nelems=0, elem type=java.lang.Object[]@5000010a)
OBJ 50005eae (sz=24, trace=301498, class=java.lang.String@5000016f)
ARR 50005eaf (sz=32, trace=301499, nelems=0, elem type=char[])
OBJ 50005eb0 (sz=24, trace=301498, class=java.lang.String@5000016f)
ARR 50005eb1 (sz=32, trace=301499, nelems=0, elem type=char[])
OBJ 50005eb2 (sz=24, trace=301500, class=java.lang.String@5000016f)
ARR 50005eb3 (sz=32, trace=301501, nelems=0, elem type=char[])
ARR 50005eb4 (sz=32, trace=301780, nelems=0, elem type=java.lang.String[]@500000cf)
OBJ 50005eb5 (sz=40, trace=301504, class=java.util.ArrayList$SubList@5000248a)
OBJ 50005eb6 (sz=40, trace=301506, class=java.util.ArrayList$SubList$1@5000248d)
ARR 50005eb7 (sz=32, trace=301781, nelems=0, elem type=char[])
OBJ 50005eb8 (sz=32, trace=301535, class=sun.misc.FloatingDecimal$ASCIIToBinaryBuffer@500024ac)
ARR 50005eb9 (sz=32, trace=301782, nelems=0, elem type=char[])
OBJ 50005eba (sz=32, trace=301537, class=Point@5000255b)
OBJ 50005ebb (sz=32, trace=301535, class=sun.misc.FloatingDecimal$ASCIIToBinaryBuffer@500024ac)
OBJ 50005ebc (sz=32, trace=301783, class=Point@5000255b)
ARR 50005ebd (sz=32, trace=301784, nelems=0, elem type=char[])
OBJ 50005ebe (sz=32, trace=301535, class=sun.misc.FloatingDecimal$ASCIIToBinaryBuffer@500024ac)
ARR 50005ebf (sz=32, trace=301785, nelems=0, elem type=char[])
OBJ 50005ec0 (sz=32, trace=301535, class=sun.misc.FloatingDecimal$ASCIIToBinaryBuffer@500024ac)
OBJ 50005ec1 (sz=32, trace=301786, class=Point@5000255b)
OBJ 50005ec2 (sz=32, trace=301787, class=Line@50006f05)
OBJ 50005ec3 (sz=24, trace=301779, class=java.lang.String@5000016f)
ARR 50005ec4 (sz=88, trace=300326, nelems=0, elem type=char[])
OBJ 50005ec5 (sz=24, trace=301497, class=java.util.ArrayList@500000c5)
OBJ 50005ec6 (sz=24, trace=301498, class=java.lang.String@5000016f)
ARR 50005ec7 (sz=32, trace=301499, nelems=0, elem type=char[])
ARR 50005ec8 (sz=56, trace=300281, nelems=0, elem type=java.lang.Object[]@5000010a)
OBJ 50005ec9 (sz=24, trace=301498, class=java.lang.String@5000016f)
OBJ 50005eca (sz=32, trace=301537, class=Point@5000255b)
ARR 50005ecb (sz=32, trace=301499, nelems=0, elem type=char[])
OBJ 50005ecc (sz=24, trace=301498, class=java.lang.String@5000016f)
ARR 50005ecd (sz=32, trace=301499, nelems=0, elem type=char[])
OBJ 50005ece (sz=24, trace=301500, class=java.lang.String@5000016f)
ARR 50005ecf (sz=32, trace=301501, nelems=0, elem type=char[])
ARR 50005ed0 (sz=32, trace=301780, nelems=0, elem type=java.lang.String[]@500000cf)
OBJ 50005ed1 (sz=40, trace=301504, class=java.util.ArrayList$SubList@5000248a)
OBJ 50005ed2 (sz=40, trace=301506, class=java.util.ArrayList$SubList$1@5000248d)
ARR 50005ed3 (sz=32, trace=301781, nelems=0, elem type=char[])
OBJ 50005ed4 (sz=32, trace=301535, class=sun.misc.FloatingDecimal$ASCIIToBinaryBuffer@500024ac)
ARR 50005ed5 (sz=32, trace=301782, nelems=0, elem type=char[])
OBJ 50005ed6 (sz=32, trace=301535, class=sun.misc.FloatingDecimal$ASCIIToBinaryBuffer@500024ac)
OBJ 50005ed7 (sz=32, trace=301783, class=Point@5000255b)
ARR 50005ed8 (sz=32, trace=301784, nelems=0, elem type=char[])
OBJ 50005ed9 (sz=32, trace=301535, class=sun.misc.FloatingDecimal$ASCIIToBinaryBuffer@500024ac)
OBJ 50005eda (sz=32, trace=301537, class=Point@5000255b)
ARR 50005edb (sz=32, trace=301785, nelems=0, elem type=char[])
OBJ 50005edc (sz=32, trace=301535, class=sun.misc.FloatingDecimal$ASCIIToBinaryBuffer@500024ac)
OBJ 50005edd (sz=32, trace=301786, class=Point@5000255b)
OBJ 50005ede (sz=32, trace=301787, class=Line@50006f05)
OBJ 50005edf (sz=24, trace=301779, class=java.lang.String@5000016f)
ARR 50005ee0 (sz=80, trace=300326, nelems=0, elem type=char[])
OBJ 50005ee1 (sz=24, trace=301497, class=java.util.ArrayList@500000c5)
OBJ 50005ee2 (sz=24, trace=301498, class=java.lang.String@5000016f)
ARR 50005ee3 (sz=32, trace=301499, nelems=0, elem type=char[])
ARR 50005ee4 (sz=56, trace=300281, nelems=0, elem type=java.lang.Object[]@5000010a)
OBJ 50005ee5 (sz=24, trace=301498, class=java.lang.String@5000016f)
ARR 50005ee6 (sz=32, trace=301499, nelems=0, elem type=char[])
OBJ 50005ee7 (sz=24, trace=301498, class=java.lang.String@5000016f)
ARR 50005ee8 (sz=32, trace=301499, nelems=0, elem type=char[])
OBJ 50005ee9 (sz=24, trace=301500, class=java.lang.String@5000016f)
OBJ 50005eea (sz=32, trace=301537, class=Point@5000255b)
ARR 50005eeb (sz=32, trace=301501, nelems=0, elem type=char[])
ARR 50005eec (sz=32, trace=301780, nelems=0, elem type=java.lang.String[]@500000cf)
OBJ 50005eed (sz=40, trace=301504, class=java.util.ArrayList$SubList@5000248a)
OBJ 50005eee (sz=40, trace=301506, class=java.util.ArrayList$SubList$1@5000248d)
ARR 50005eef (sz=32, trace=301781, nelems=0, elem type=char[])
OBJ 50005ef0 (sz=32, trace=301535, class=sun.misc.FloatingDecimal$ASCIIToBinaryBuffer@500024ac)
ARR 50005ef1 (sz=32, trace=301782, nelems=0, elem type=char[])
OBJ 50005ef2 (sz=32, trace=301535, class=sun.misc.FloatingDecimal$ASCIIToBinaryBuffer@500024ac)
OBJ 50005ef3 (sz=32, trace=301783, class=Point@5000255b)
ARR 50005ef4 (sz=32, trace=301784, nelems=0, elem type=char[])
OBJ 50005ef5 (sz=32, trace=301535, class=sun.misc.FloatingDecimal$ASCIIToBinaryBuffer@500024ac)
ARR 50005ef6 (sz=32, trace=301785, nelems=0, elem type=char[])
OBJ 50005ef7 (sz=32, trace=301535, class=sun.misc.FloatingDecimal$ASCIIToBinaryBuffer@500024ac)
OBJ 50005ef8 (sz=32, trace=301786, class=Point@5000255b)
OBJ 50005ef9 (sz=32, trace=301787, class=Line@50006f05)
OBJ 50005efa (sz=32, trace=301537, class=Point@5000255b)
OBJ 50005efb (sz=24, trace=301779, class=java.lang.String@5000016f)
ARR 50005efc (sz=80, trace=300326, nelems=0, elem type=char[])
OBJ 50005efd (sz=24, trace=301497, class=java.util.ArrayList@500000c5)
OBJ 50005efe (sz=24, trace=301498, class=java.lang.String@5000016f)
ARR 50005eff (sz=32, trace=301499, nelems=0, elem type=char[])
ARR 50005f00 (sz=56, trace=300281, nelems=0, elem type=java.lang.Object[]@5000010a)
OBJ 50005f01 (sz=24, trace=301498, class=java.lang.String@5000016f)
ARR 50005f02 (sz=32, trace=301499, nelems=0, elem type=char[])
OBJ 50005f03 (sz=24, trace=301498, class=java.lang.String@5000016f)
ARR 50005f04 (sz=32, trace=301499, nelems=0, elem type=char[])
OBJ 50005f05 (sz=24, trace=301500, class=java.lang.String@5000016f)
ARR 50005f06 (sz=32, trace=301501, nelems=0, elem type=char[])
ARR 50005f07 (sz=32, trace=301780, nelems=0, elem type=java.lang.String[]@500000cf)
OBJ 50005f08 (sz=40, trace=301504, class=java.util.ArrayList$SubList@5000248a)
OBJ 50005f09 (sz=40, trace=301506, class=java.util.ArrayList$SubList$1@5000248d)
OBJ 50005f0a (sz=32, trace=301537, class=Point@5000255b)
ARR 50005f0b (sz=32, trace=301781, nelems=0, elem type=char[])
OBJ 50005f0c (sz=32, trace=301535, class=sun.misc.FloatingDecimal$ASCIIToBinaryBuffer@500024ac)
ARR 50005f0d (sz=32, trace=301782, nelems=0, elem type=char[])
OBJ 50005f0e (sz=32, trace=301535, class=sun.misc.FloatingDecimal$ASCIIToBinaryBuffer@500024ac)
OBJ 50005f0f (sz=32, trace=301783, class=Point@5000255b)
ARR 50005f10 (sz=32, trace=301784, nelems=0, elem type=char[])
OBJ 50005f11 (sz=32, trace=301535, class=sun.misc.FloatingDecimal$ASCIIToBinaryBuffer@500024ac)
ARR 50005f12 (sz=32, trace=301785, nelems=0, elem type=char[])
OBJ 50005f13 (sz=32, trace=301535, class=sun.misc.FloatingDecimal$ASCIIToBinaryBuffer@500024ac)
OBJ 50005f14 (sz=32, trace=301786, class=Point@5000255b)
OBJ 50005f15 (sz=32, trace=301787, class=Line@50006f05)
OBJ 50005f16 (sz=24, trace=301779, class=java.lang.String@5000016f)
ARR 50005f17 (sz=80, trace=300326, nelems=0, elem type=char[])
OBJ 50005f18 (sz=24, trace=301497, class=java.util.ArrayList@500000c5)
OBJ 50005f19 (sz=24, trace=301498, class=java.lang.String@5000016f)
OBJ 50005f1a (sz=32, trace=301537, class=Point@5000255b)
ARR 50005f1b (sz=32, trace=301499, nelems=0, elem type=char[])
ARR 50005f1c (sz=56, trace=300281, nelems=0, elem type=java.lang.Object[]@5000010a)
OBJ 50005f1d (sz=24, trace=301498, class=java.lang.String@5000016f)
ARR 50005f1e (sz=32, trace=301499, nelems=0, elem type=char[])
OBJ 50005f1f (sz=24, trace=301498, class=java.lang.String@5000016f)
ARR 50005f20 (sz=32, trace=301499, nelems=0, elem type=char[])
OBJ 50005f21 (sz=24, trace=301500, class=java.lang.String@5000016f)
ARR 50005f22 (sz=32, trace=301501, nelems=0, elem type=char[])
ARR 50005f23 (sz=32, trace=301780, nelems=0, elem type=java.lang.String[]@500000cf)
OBJ 50005f24 (sz=40, trace=301504, class=java.util.ArrayList$SubList@5000248a)
OBJ 50005f25 (sz=40, trace=301506, class=java.util.ArrayList$SubList$1@5000248d)
ARR 50005f26 (sz=32, trace=301781, nelems=0, elem type=char[])
OBJ 50005f27 (sz=32, trace=301535, class=sun.misc.FloatingDecimal$ASCIIToBinaryBuffer@500024ac)
ARR 50005f28 (sz=32, trace=301782, nelems=0, elem type=char[])
OBJ 50005f29 (sz=32, trace=301535, class=sun.misc.FloatingDecimal$ASCIIToBinaryBuffer@500024ac)
OBJ 50005f2a (sz=32, trace=301537, class=Point@5000255b)
OBJ 50005f2b (sz=32, trace=301783, class=Point@5000255b)
ARR 50005f2c (sz=32, trace=301784, nelems=0, elem type=char[])
OBJ 50005f2d (sz=32, trace=301535, class=sun.misc.FloatingDecimal$ASCIIToBinaryBuffer@500024ac)
ARR 50005f2e (sz=32, trace=301785, nelems=0, elem type=char[])
OBJ 50005f2f (sz=32, trace=301535, class=sun.misc.FloatingDecimal$ASCIIToBinaryBuffer@500024ac)
OBJ 50005f30 (sz=32, trace=301786, class=Point@5000255b)
OBJ 50005f31 (sz=32, trace=301787, class=Line@50006f05)
OBJ 50005f32 (sz=24, trace=301779, class=java.lang.String@5000016f)
ARR 50005f33 (sz=80, trace=300326, nelems=0, elem type=char[])
OBJ 50005f34 (sz=24, trace=301497, class=java.util.ArrayList@500000c5)
OBJ 50005f35 (sz=24, trace=301498, class=java.lang.String@5000016f)
ARR 50005f36 (sz=32, trace=301499, nelems=0, elem type=char[])
ARR 50005f37 (sz=56, trace=300281, nelems=0, elem type=java.lang.Object[]@5000010a)
OBJ 50005f38 (sz=24, trace=301498, class=java.lang.String@5000016f)
ARR 50005f39 (sz=32, trace=301499, nelems=0, elem type=char[])
OBJ 50005f3a (sz=32, trace=301537, class=Point@5000255b)
OBJ 50005f3b (sz=24, trace=301498, class=java.lang.String@5000016f)
ARR 50005f3c (sz=32, trace=301499, nelems=0, elem type=char[])
OBJ 50005f3d (sz=24, trace=301500, class=java.lang.String@5000016f)
ARR 50005f3e (sz=32, trace=301501, nelems=0, elem type=char[])
ARR 50005f3f (sz=32, trace=301780, nelems=0, elem type=java.lang.String[]@500000cf)
OBJ 50005f40 (sz=40, trace=301504, class=java.util.ArrayList$SubList@5000248a)
OBJ 50005f41 (sz=40, trace=301506, class=java.util.ArrayList$SubList$1@5000248d)
ARR 50005f42 (sz=32, trace=301781, nelems=0, elem type=char[])
OBJ 50005f43 (sz=32, trace=301535, class=sun.misc.FloatingDecimal$ASCIIToBinaryBuffer@500024ac)
ARR 50005f44 (sz=32, trace=301782, nelems=0, elem type=char[])
OBJ 50005f45 (sz=32, trace=301535, class=sun.misc.FloatingDecimal$ASCIIToBinaryBuffer@500024ac)
OBJ 50005f46 (sz=32, trace=301783, class=Point@5000255b)
ARR 50005f47 (sz=32, trace=301784, nelems=0, elem type=char[])
OBJ 50005f48 (sz=32, trace=301535, class=sun.misc.FloatingDecimal$ASCIIToBinaryBuffer@500024ac)
ARR 50005f49 (sz=32, trace=301785, nelems=0, elem type=char[])
OBJ 50005f4a (sz=32, trace=301537, class=Point@5000255b)
OBJ 50005f4b (sz=32, trace=301535, class=sun.misc.FloatingDecimal$ASCIIToBinaryBuffer@500024ac)
OBJ 50005f4c (sz=32, trace=301786, class=Point@5000255b)
OBJ 50005f4d (sz=32, trace=301787, class=Line@50006f05)
OBJ 50005f4e (sz=24, trace=301779, class=java.lang.String@5000016f)
ARR 50005f4f (sz=80, trace=300326, nelems=0, elem type=char[])
OBJ 50005f50 (sz=24, trace=301497, class=java.util.ArrayList@500000c5)
OBJ 50005f51 (sz=24, trace=301498, class=java.lang.String@5000016f)
ARR 50005f52 (sz=32, trace=301499, nelems=0, elem type=char[])
ARR 50005f53 (sz=56, trace=300281, nelems=0, elem type=java.lang.Object[]@5000010a)
OBJ 50005f54 (sz=24, trace=301498, class=java.lang.String@5000016f)
ARR 50005f55 (sz=32, trace=301499, nelems=0, elem type=char[])
OBJ 50005f56 (sz=24, trace=301498, class=java.lang.String@5000016f)
ARR 50005f57 (sz=32, trace=301499, nelems=0, elem type=char[])
OBJ 50005f58 (sz=24, trace=301500, class=java.lang.String@5000016f)
ARR 50005f59 (sz=32, trace=301501, nelems=0, elem type=char[])
OBJ 50005f5a (sz=32, trace=301537, class=Point@5000255b)
ARR 50005f5b (sz=32, trace=301780, nelems=0, elem type=java.lang.String[]@500000cf)
OBJ 50005f5c (sz=40, trace=301504, class=java.util.ArrayList$SubList@5000248a)
OBJ 50005f5d (sz=40, trace=301506, class=java.util.ArrayList$SubList$1@5000248d)
ARR 50005f5e (sz=32, trace=301781, nelems=0, elem type=char[])
OBJ 50005f5f (sz=32, trace=301535, class=sun.misc.FloatingDecimal$ASCIIToBinaryBuffer@500024ac)
ARR 50005f60 (sz=32, trace=301782, nelems=0, elem type=char[])
OBJ 50005f61 (sz=32, trace=301535, class=sun.misc.FloatingDecimal$ASCIIToBinaryBuffer@500024ac)
OBJ 50005f62 (sz=32, trace=301783, class=Point@5000255b)
ARR 50005f63 (sz=32, trace=301784, nelems=0, elem type=char[])
OBJ 50005f64 (sz=32, trace=301535, class=sun.misc.FloatingDecimal$ASCIIToBinaryBuffer@500024ac)
ARR 50005f65 (sz=32, trace=301785, nelems=0, elem type=char[])
OBJ 50005f66 (sz=32, trace=301535, class=sun.misc.FloatingDecimal$ASCIIToBinaryBuffer@500024ac)
OBJ 50005f67 (sz=32, trace=301786, class=Point@5000255b)
OBJ 50005f68 (sz=32, trace=301787, class=Line@50006f05)
OBJ 50005f69 (sz=24, trace=301779, class=java.lang.String@5000016f)
OBJ 50005f6a (sz=32, trace=301537, class=Point@5000255b)
ARR 50005f6b (sz=80, trace=300326, nelems=0, elem type=char[])
OBJ 50005f6c (sz=24, trace=301497, class=java.util.ArrayList@500000c5)
OBJ 50005f6d (sz=24, trace=301498, class=java.lang.String@5000016f)
ARR 50005f6e (sz=32, trace=301499, nelems=0, elem type=char[])
ARR 50005f6f (sz=56, trace=300281, nelems=0, elem type=java.lang.Object[]@5000010a)
OBJ 50005f70 (sz=24, trace=301498, class=java.lang.String@5000016f)
ARR 50005f71 (sz=32, trace=301499, nelems=0, elem type=char[])
OBJ 50005f72 (sz=24, trace=301498, class=java.lang.String@5000016f)
ARR 50005f73 (sz=32, trace=301499, nelems=0, elem type=char[])
OBJ 50005f74 (sz=24, trace=301500, class=java.lang.String@5000016f)
ARR 50005f75 (sz=32, trace=301501, nelems=0, elem type=char[])
ARR 50005f76 (sz=32, trace=301780, nelems=0, elem type=java.lang.String[]@500000cf)
OBJ 50005f77 (sz=40, trace=301504, class=java.util.ArrayList$SubList@5000248a)
OBJ 50005f78 (sz=40, trace=301506, class=java.util.ArrayList$SubList$1@5000248d)
ARR 50005f79 (sz=32, trace=301781, nelems=0, elem type=char[])
OBJ 50005f7a (sz=32, trace=301537, class=Point@5000255b)
OBJ 50005f7b (sz=32, trace=301535, class=sun.misc.FloatingDecimal$ASCIIToBinaryBuffer@500024ac)
ARR 50005f7c (sz=32, trace=301782, nelems=0, elem type=char[])
OBJ 50005f7d (sz=32, trace=301535, class=sun.misc.FloatingDecimal$ASCIIToBinaryBuffer@500024ac)
OBJ 50005f7e (sz=32, trace=301783, class=Point@5000255b)
ARR 50005f7f (sz=32, trace=301784, nelems=0, elem type=char[])
OBJ 50005f80 (sz=32, trace=301535, class=sun.misc.FloatingDecimal$ASCIIToBinaryBuffer@500024ac)
ARR 50005f81 (sz=32, trace=301785, nelems=0, elem type=char[])
OBJ 50005f82 (sz=32, trace=301535, class=sun.misc.FloatingDecimal$ASCIIToBinaryBuffer@500024ac)
OBJ 50005f83 (sz=32, trace=301786, class=Point@5000255b)
OBJ 50005f84 (sz=32, trace=301787, class=Line@50006f05)
OBJ 50005f85 (sz=24, trace=301779, class=java.lang.String@5000016f)
ARR 50005f86 (sz=80, trace=300326, nelems=0, elem type=char[])
OBJ 50005f87 (sz=24, trace=301497, class=java.util.ArrayList@500000c5)
OBJ 50005f88 (sz=24, trace=301498, class=java.lang.String@5000016f)
ARR 50005f89 (sz=32, trace=301499, nelems=0, elem type=char[])
OBJ 50005f8a (sz=32, trace=301537, class=Point@5000255b)
ARR 50005f8b (sz=56, trace=300281, nelems=0, elem type=java.lang.Object[]@5000010a)
OBJ 50005f8c (sz=24, trace=301498, class=java.lang.String@5000016f)
ARR 50005f8d (sz=32, trace=301499, nelems=0, elem type=char[])
OBJ 50005f8e (sz=24, trace=301498, class=java.lang.String@5000016f)
ARR 50005f8f (sz=32, trace=301499, nelems=0, elem type=char[])
OBJ 50005f90 (sz=24, trace=301500, class=java.lang.String@5000016f)
ARR 50005f91 (sz=32, trace=301501, nelems=0, elem type=char[])
ARR 50005f92 (sz=32, trace=301780, nelems=0, elem type=java.lang.String[]@500000cf)
OBJ 50005f93 (sz=40, trace=301504, class=java.util.ArrayList$SubList@5000248a)
OBJ 50005f94 (sz=40, trace=301506, class=java.util.ArrayList$SubList$1@5000248d)
ARR 50005f95 (sz=32, trace=301781, nelems=0, elem type=char[])
OBJ 50005f96 (sz=32, trace=301535, class=sun.misc.FloatingDecimal$ASCIIToBinaryBuffer@500024ac)
ARR 50005f97 (sz=32, trace=301782, nelems=0, elem type=char[])
OBJ 50005f98 (sz=32, trace=301535, class=sun.misc.FloatingDecimal$ASCIIToBinaryBuffer@500024ac)
OBJ 50005f99 (sz=32, trace=301783, class=Point@5000255b)
OBJ 50005f9a (sz=32, trace=301537, class=Point@5000255b)
ARR 50005f9b (sz=32, trace=301784, nelems=0, elem type=char[])
OBJ 50005f9c (sz=32, trace=301535, class=sun.misc.FloatingDecimal$ASCIIToBinaryBuffer@500024ac)
ARR 50005f9d (sz=32, trace=301785, nelems=0, elem type=char[])
OBJ 50005f9e (sz=32, trace=301535, class=sun.misc.FloatingDecimal$ASCIIToBinaryBuffer@500024ac)
OBJ 50005f9f (sz=32, trace=301786, class=Point@5000255b)
OBJ 50005fa0 (sz=32, trace=301787, class=Line@50006f05)
OBJ 50005fa1 (sz=24, trace=301779, class=java.lang.String@5000016f)
ARR 50005fa2 (sz=80, trace=300326, nelems=0, elem type=char[])
OBJ 50005fa3 (sz=24, trace=301497, class=java.util.ArrayList@500000c5)
OBJ 50005fa4 (sz=24, trace=301498, class=java.lang.String@5000016f)
ARR 50005fa5 (sz=32, trace=301499, nelems=0, elem type=char[])
ARR 50005fa6 (sz=56, trace=300281, nelems=0, elem type=java.lang.Object[]@5000010a)
OBJ 50005fa7 (sz=24, trace=301498, class=java.lang.String@5000016f)
ARR 50005fa8 (sz=32, trace=301499, nelems=0, elem type=char[])
OBJ 50005fa9 (sz=24, trace=301498, class=java.lang.String@5000016f)
OBJ 50005faa (sz=32, trace=301537, class=Point@5000255b)
ARR 50005fab (sz=32, trace=301499, nelems=0, elem type=char[])
OBJ 50005fac (sz=24, trace=301500, class=java.lang.String@5000016f)
ARR 50005fad (sz=32, trace=301501, nelems=0, elem type=char[])
ARR 50005fae (sz=32, trace=301780, nelems=0, elem type=java.lang.String[]@500000cf)
OBJ 50005faf (sz=40, trace=301504, class=java.util.ArrayList$SubList@5000248a)
OBJ 50005fb0 (sz=40, trace=301506, class=java.util.ArrayList$SubList$1@5000248d)
ARR 50005fb1 (sz=32, trace=301781, nelems=0, elem type=char[])
OBJ 50005fb2 (sz=32, trace=301535, class=sun.misc.FloatingDecimal$ASCIIToBinaryBuffer@500024ac)
ARR 50005fb3 (sz=32, trace=301782, nelems=0, elem type=char[])
OBJ 50005fb4 (sz=32, trace=301535, class=sun.misc.FloatingDecimal$ASCIIToBinaryBuffer@500024ac)
OBJ 50005fb5 (sz=32, trace=301783, class=Point@5000255b)
ARR 50005fb6 (sz=32, trace=301784, nelems=0, elem type=char[])
OBJ 50005fb7 (sz=32, trace=301535, class=sun.misc.FloatingDecimal$ASCIIToBinaryBuffer@500024ac)
ARR 50005fb8 (sz=32, trace=301785, nelems=0, elem type=char[])
OBJ 50005fb9 (sz=32, trace=301535, class=sun.misc.FloatingDecimal$ASCIIToBinaryBuffer@500024ac)
OBJ 50005fba (sz=32, trace=301537, class=Point@5000255b)
OBJ 50005fbb (sz=32, trace=301786, class=Point@5000255b)
OBJ 50005fbc (sz=32, trace=301787, class=Line@50006f05)
OBJ 50005fbd (sz=24, trace=301779, class=java.lang.String@5000016f)
ARR 50005fbe (sz=80, trace=300326, nelems=0, elem type=char[])
OBJ 50005fbf (sz=24, trace=301497, class=java.util.ArrayList@500000c5)
OBJ 50005fc0 (sz=24, trace=301498, class=java.lang.String@5000016f)
ARR 50005fc1 (sz=32, trace=301499, nelems=0, elem type=char[])
ARR 50005fc2 (sz=56, trace=300281, nelems=0, elem type=java.lang.Object[]@5000010a)
OBJ 50005fc3 (sz=24, trace=301498, class=java.lang.String@5000016f)
ARR 50005fc4 (sz=32, trace=301499, nelems=0, elem type=char[])
OBJ 50005fc5 (sz=24, trace=301498, class=java.lang.String@5000016f)
ARR 50005fc6 (sz=32, trace=301499, nelems=0, elem type=char[])
OBJ 50005fc7 (sz=24, trace=301500, class=java.lang.String@5000016f)
ARR 50005fc8 (sz=32, trace=301501, nelems=0, elem type=char[])
ARR 50005fc9 (sz=32, trace=301780, nelems=0, elem type=java.lang.String[]@500000cf)
OBJ 50005fca (sz=32, trace=301537, class=Point@5000255b)
OBJ 50005fcb (sz=40, trace=301504, class=java.util.ArrayList$SubList@5000248a)
OBJ 50005fcc (sz=40, trace=301506, class=java.util.ArrayList$SubList$1@5000248d)
ARR 50005fcd (sz=32, trace=301781, nelems=0, elem type=char[])
OBJ 50005fce (sz=32, trace=301535, class=sun.misc.FloatingDecimal$ASCIIToBinaryBuffer@500024ac)
ARR 50005fcf (sz=32, trace=301782, nelems=0, elem type=char[])
OBJ 50005fd0 (sz=32, trace=301535, class=sun.misc.FloatingDecimal$ASCIIToBinaryBuffer@500024ac)
OBJ 50005fd1 (sz=32, trace=301783, class=Point@5000255b)
ARR 50005fd2 (sz=32, trace=301784, nelems=0, elem type=char[])
OBJ 50005fd3 (sz=32, trace=301535, class=sun.misc.FloatingDecimal$ASCIIToBinaryBuffer@500024ac)
ARR 50005fd4 (sz=32, trace=301785, nelems=0, elem type=char[])
OBJ 50005fd5 (sz=32, trace=301535, class=sun.misc.FloatingDecimal$ASCIIToBinaryBuffer@500024ac)
OBJ 50005fd6 (sz=32, trace=301786, class=Point@5000255b)
OBJ 50005fd7 (sz=32, trace=301787, class=Line@50006f05)
OBJ 50005fd8 (sz=24, trace=301779, class=java.lang.String@5000016f)
ARR 50005fd9 (sz=80, trace=300326, nelems=0, elem type=char[])
OBJ 50005fda (sz=32, trace=301537, class=Point@5000255b)
OBJ 50005fdb (sz=24, trace=301497, class=java.util.ArrayList@500000c5)
OBJ 50005fdc (sz=24, trace=301498, class=java.lang.String@5000016f)
ARR 50005fdd (sz=32, trace=301499, nelems=0, elem type=char[])
ARR 50005fde (sz=56, trace=300281, nelems=0, elem type=java.lang.Object[]@5000010a)
OBJ 50005fdf (sz=24, trace=301498, class=java.lang.String@5000016f)
ARR 50005fe0 (sz=32, trace=301499, nelems=0, elem type=char[])
OBJ 50005fe1 (sz=24, trace=301498, class=java.lang.String@5000016f)
ARR 50005fe2 (sz=32, trace=301499, nelems=0, elem type=char[])
OBJ 50005fe3 (sz=24, trace=301500, class=java.lang.String@5000016f)
ARR 50005fe4 (sz=32, trace=301501, nelems=0, elem type=char[])
ARR 50005fe5 (sz=32, trace=301780, nelems=0, elem type=java.lang.String[]@500000cf)
OBJ 50005fe6 (sz=40, trace=301504, class=java.util.ArrayList$SubList@5000248a)
OBJ 50005fe7 (sz=40, trace=301506, class=java.util.ArrayList$SubList$1@5000248d)
ARR 50005fe8 (sz=32, trace=301781, nelems=0, elem type=char[])
OBJ 50005fe9 (sz=32, trace=301535, class=sun.misc.FloatingDecimal$ASCIIToBinaryBuffer@500024ac)
OBJ 50005fea (sz=32, trace=301537, class=Point@5000255b)
ARR 50005feb (sz=32, trace=301782, nelems=0, elem type=char[])
OBJ 50005fec (sz=32, trace=301535, class=sun.misc.FloatingDecimal$ASCIIToBinaryBuffer@500024ac)
OBJ 50005fed (sz=32, trace=301783, class=Point@5000255b)
ARR 50005fee (sz=32, trace=301784, nelems=0, elem type=char[])
OBJ 50005fef (sz=32, trace=301535, class=sun.misc.FloatingDecimal$ASCIIToBinaryBuffer@500024ac)
ARR 50005ff0 (sz=32, trace=301785, nelems=0, elem type=char[])
OBJ 50005ff1 (sz=32, trace=301535, class=sun.misc.FloatingDecimal$ASCIIToBinaryBuffer@500024ac)
OBJ 50005ff2 (sz=32, trace=301786, class=Point@5000255b)
OBJ 50005ff3 (sz=32, trace=301787, class=Line@50006f05)
OBJ 50005ff4 (sz=24, trace=301779, class=java.lang.String@5000016f)
ARR 50005ff5 (sz=80, trace=300326, nelems=0, elem type=char[])
OBJ 50005ff6 (sz=24, trace=301497, class=java.util.ArrayList@500000c5)
OBJ 50005ff7 (sz=24, trace=301498, class=java.lang.String@5000016f)
ARR 50005ff8 (sz=32, trace=301499, nelems=0, elem type=char[])
ARR 50005ff9 (sz=56, trace=300281, nelems=0, elem type=java.lang.Object[]@5000010a)
OBJ 50005ffa (sz=32, trace=301537, class=Point@5000255b)
OBJ 50005ffb (sz=24, trace=301498, class=java.lang.String@5000016f)
ARR 50005ffc (sz=32, trace=301499, nelems=0, elem type=char[])
OBJ 50005ffd (sz=24, trace=301498, class=java.lang.String@5000016f)
ARR 50005ffe (sz=32, trace=301499, nelems=0, elem type=char[])
OBJ 50005fff (sz=24, trace=301500, class=java.lang.String@5000016f)
ARR 50006000 (sz=32, trace=301501, nelems=0, elem type=char[])
ARR 50006001 (sz=32, trace=301780, nelems=0, elem type=java.lang.String[]@500000cf)
OBJ 50006002 (sz=40, trace=301504, class=java.util.ArrayList$SubList@5000248a)
OBJ 50006003 (sz=40, trace=301506, class=java.util.ArrayList$SubList$1@5000248d)
ARR 50006004 (sz=32, trace=301781, nelems=0, elem type=char[])
OBJ 50006005 (sz=32, trace=301535, class=sun.misc.FloatingDecimal$ASCIIToBinaryBuffer@500024ac)
ARR 50006006 (sz=32, trace=301782, nelems=0, elem type=char[])
OBJ 50006007 (sz=32, trace=301535, class=sun.misc.FloatingDecimal$ASCIIToBinaryBuffer@500024ac)
OBJ 50006008 (sz=32, trace=301783, class=Point@5000255b)
ARR 50006009 (sz=32, trace=301784, nelems=0, elem type=char[])
OBJ 5000600a (sz=32, trace=301537, class=Point@5000255b)
OBJ 5000600b (sz=32, trace=301535, class=sun.misc.FloatingDecimal$ASCIIToBinaryBuffer@500024ac)
ARR 5000600c (sz=32, trace=301785, nelems=0, elem type=char[])
OBJ 5000600d (sz=32, trace=301535, class=sun.misc.FloatingDecimal$ASCIIToBinaryBuffer@500024ac)
OBJ 5000600e (sz=32, trace=301786, class=Point@5000255b)
OBJ 5000600f (sz=32, trace=301787, class=Line@50006f05)
OBJ 50006010 (sz=24, trace=301779, class=java.lang.String@5000016f)
ARR 50006011 (sz=80, trace=300326, nelems=0, elem type=char[])
OBJ 50006012 (sz=24, trace=301497, class=java.util.ArrayList@500000c5)
OBJ 50006013 (sz=24, trace=301498, class=java.lang.String@5000016f)
ARR 50006014 (sz=32, trace=301499, nelems=0, elem type=char[])
ARR 50006015 (sz=56, trace=300281, nelems=0, elem type=java.lang.Object[]@5000010a)
OBJ 50006016 (sz=24, trace=301498, class=java.lang.String@5000016f)
ARR 50006017 (sz=32, trace=301499, nelems=0, elem type=char[])
OBJ 50006018 (sz=24, trace=301498, class=java.lang.String@5000016f)
ARR 50006019 (sz=32, trace=301499, nelems=0, elem type=char[])
OBJ 5000601a (sz=32, trace=301537, class=Point@5000255b)
OBJ 5000601b (sz=24, trace=301500, class=java.lang.String@5000016f)
ARR 5000601c (sz=32, trace=301501, nelems=0, elem type=char[])
ARR 5000601d (sz=32, trace=301780, nelems=0, elem type=java.lang.String[]@500000cf)
OBJ 5000601e (sz=40, trace=301504, class=java.util.ArrayList$SubList@5000248a)
OBJ 5000601f (sz=40, trace=301506, class=java.util.ArrayList$SubList$1@5000248d)
ARR 50006020 (sz=32, trace=301781, nelems=0, elem type=char[])
OBJ 50006021 (sz=32, trace=301535, class=sun.misc.FloatingDecimal$ASCIIToBinaryBuffer@500024ac)
ARR 50006022 (sz=32, trace=301782, nelems=0, elem type=char[])
OBJ 50006023 (sz=32, trace=301535, class=sun.misc.FloatingDecimal$ASCIIToBinaryBuffer@500024ac)
OBJ 50006024 (sz=32, trace=301783, class=Point@5000255b)
ARR 50006025 (sz=32, trace=301784, nelems=0, elem type=char[])
OBJ 50006026 (sz=32, trace=301535, class=sun.misc.FloatingDecimal$ASCIIToBinaryBuffer@500024ac)
ARR 50006027 (sz=32, trace=301785, nelems=0, elem type=char[])
OBJ 50006028 (sz=32, trace=301535, class=sun.misc.FloatingDecimal$ASCIIToBinaryBuffer@500024ac)
OBJ 50006029 (sz=32, trace=301786, class=Point@5000255b)
OBJ 5000602a (sz=32, trace=301537, class=Point@5000255b)
OBJ 5000602b (sz=32, trace=301787, class=Line@50006f05)
OBJ 5000602c (sz=24, trace=301779, class=java.lang.String@5000016f)
ARR 5000602d (sz=80, trace=300326, nelems=0, elem type=char[])
OBJ 5000602e (sz=24, trace=301497, class=java.util.ArrayList@500000c5)
OBJ 5000602f (sz=24, trace=301498, class=java.lang.String@5000016f)
ARR 50006030 (sz=32, trace=301499, nelems=0, elem type=char[])
ARR 50006031 (sz=56, trace=300281, nelems=0, elem type=java.lang.Object[]@5000010a)
OBJ 50006032 (sz=24, trace=301498, class=java.lang.String@5000016f)
ARR 50006033 (sz=32, trace=301499, nelems=0, elem type=char[])
OBJ 50006034 (sz=24, trace=301498, class=java.lang.String@5000016f)
ARR 50006035 (sz=32, trace=301499, nelems=0, elem type=char[])
OBJ 50006036 (sz=24, trace=301500, class=java.lang.String@5000016f)
ARR 50006037 (sz=32, trace=301501, nelems=0, elem type=char[])
ARR 50006038 (sz=32, trace=301780, nelems=0, elem type=java.lang.String[]@500000cf)
OBJ 50006039 (sz=40, trace=301504, class=java.util.ArrayList$SubList@5000248a)
OBJ 5000603a (sz=32, trace=301537, class=Point@5000255b)
OBJ 5000603b (sz=40, trace=301506, class=java.util.ArrayList$SubList$1@5000248d)
ARR 5000603c (sz=32, trace=301781, nelems=0, elem type=char[])
OBJ 5000603d (sz=32, trace=301535, class=sun.misc.FloatingDecimal$ASCIIToBinaryBuffer@500024ac)
ARR 5000603e (sz=32, trace=301782, nelems=0, elem type=char[])
OBJ 5000603f (sz=32, trace=301535, class=sun.misc.FloatingDecimal$ASCIIToBinaryBuffer@500024ac)
OBJ 50006040 (sz=32, trace=301783, class=Point@5000255b)
ARR 50006041 (sz=32, trace=301784, nelems=0, elem type=char[])
OBJ 50006042 (sz=32, trace=301535, class=sun.misc.FloatingDecimal$ASCIIToBinaryBuffer@500024ac)
ARR 50006043 (sz=32, trace=301785, nelems=0, elem type=char[])
OBJ 50006044 (sz=32, trace=301535, class=sun.misc.FloatingDecimal$ASCIIToBinaryBuffer@500024ac)
OBJ 50006045 (sz=32, trace=301786, class=Point@5000255b)
OBJ 50006046 (sz=32, trace=301787, class=Line@50006f05)
OBJ 50006047 (sz=24, trace=301779, class=java.lang.String@5000016f)
ARR 50006048 (sz=80, trace=300326, nelems=0, elem type=char[])
OBJ 50006049 (sz=24, trace=301497, class=java.util.ArrayList@500000c5)
OBJ 5000604a (sz=32, trace=301537, class=Point@5000255b)
OBJ 5000604b (sz=24, trace=301498, class=java.lang.String@5000016f)
ARR 5000604c (sz=32, trace=301499, nelems=0, elem type=char[])
ARR 5000604d (sz=56, trace=300281, nelems=0, elem type=java.lang.Object[]@5000010a)
OBJ 5000604e (sz=24, trace=301498, class=java.lang.String@5000016f)
ARR 5000604f (sz=32, trace=301499, nelems=0, elem type=char[])
OBJ 50006050 (sz=24, trace=301498, class=java.lang.String@5000016f)
ARR 50006051 (sz=32, trace=301499, nelems=0, elem type=char[])
OBJ 50006052 (sz=24, trace=301500, class=java.lang.String@5000016f)
ARR 50006053 (sz=32, trace=301501, nelems=0, elem type=char[])
ARR 50006054 (sz=32, trace=301780, nelems=0, elem type=java.lang.String[]@500000cf)
OBJ 50006055 (sz=40, trace=301504, class=java.util.ArrayList$SubList@5000248a)
OBJ 50006056 (sz=40, trace=301506, class=java.util.ArrayList$SubList$1@5000248d)
ARR 50006057 (sz=32, trace=301781, nelems=0, elem type=char[])
OBJ 50006058 (sz=32, trace=301535, class=sun.misc.FloatingDecimal$ASCIIToBinaryBuffer@500024ac)
ARR 50006059 (sz=32, trace=301782, nelems=0, elem type=char[])
OBJ 5000605a (sz=32, trace=301537, class=Point@5000255b)
OBJ 5000605b (sz=32, trace=301535, class=sun.misc.FloatingDecimal$ASCIIToBinaryBuffer@500024ac)
OBJ 5000605c (sz=32, trace=301783, class=Point@5000255b)
ARR 5000605d (sz=32, trace=301784, nelems=0, elem type=char[])
OBJ 5000605e (sz=32, trace=301535, class=sun.misc.FloatingDecimal$ASCIIToBinaryBuffer@500024ac)
ARR 5000605f (sz=32, trace=301785, nelems=0, elem type=char[])
OBJ 50006060 (sz=32, trace=301535, class=sun.misc.FloatingDecimal$ASCIIToBinaryBuffer@500024ac)
OBJ 50006061 (sz=32, trace=301786, class=Point@5000255b)
OBJ 50006062 (sz=32, trace=301787, class=Line@50006f05)
OBJ 50006063 (sz=24, trace=301779, class=java.lang.String@5000016f)
ARR 50006064 (sz=80, trace=300326, nelems=0, elem type=char[])
OBJ 50006065 (sz=24, trace=301497, class=java.util.ArrayList@500000c5)
OBJ 50006066 (sz=24, trace=301498, class=java.lang.String@5000016f)
ARR 50006067 (sz=32, trace=301499, nelems=0, elem type=char[])
ARR 50006068 (sz=56, trace=300281, nelems=0, elem type=java.lang.Object[]@5000010a)
OBJ 50006069 (sz=24, trace=301498, class=java.lang.String@5000016f)
OBJ 5000606a (sz=32, trace=301537, class=Point@5000255b)
ARR 5000606b (sz=32, trace=301499, nelems=0, elem type=char[])
OBJ 5000606c (sz=24, trace=301498, class=java.lang.String@5000016f)
ARR 5000606d (sz=32, trace=301499, nelems=0, elem type=char[])
OBJ 5000606e (sz=24, trace=301500, class=java.lang.String@5000016f)
ARR 5000606f (sz=32, trace=301501, nelems=0, elem type=char[])
ARR 50006070 (sz=32, trace=301780, nelems=0, elem type=java.lang.String[]@500000cf)
OBJ 50006071 (sz=40, trace=301504, class=java.util.ArrayList$SubList@5000248a)
OBJ 50006072 (sz=40, trace=301506, class=java.util.ArrayList$SubList$1@5000248d)
ARR 50006073 (sz=32, trace=301781, nelems=0, elem type=char[])
OBJ 50006074 (sz=32, trace=301535, class=sun.misc.FloatingDecimal$ASCIIToBinaryBuffer@500024ac)
ARR 50006075 (sz=32, trace=301782, nelems=0, elem type=char[])
OBJ 50006076 (sz=32, trace=301535, class=sun.misc.FloatingDecimal$ASCIIToBinaryBuffer@500024ac)
OBJ 50006077 (sz=32, trace=301783, class=Point@5000255b)
ARR 50006078 (sz=32, trace=301784, nelems=0, elem type=char[])
OBJ 50006079 (sz=32, trace=301535, class=sun.misc.FloatingDecimal$ASCIIToBinaryBuffer@500024ac)
OBJ 5000607a (sz=32, trace=301537, class=Point@5000255b)
ARR 5000607b (sz=32, trace=301785, nelems=0, elem type=char[])
OBJ 5000607c (sz=32, trace=301535, class=sun.misc.FloatingDecimal$ASCIIToBinaryBuffer@500024ac)
OBJ 5000607d (sz=32, trace=301786, class=Point@5000255b)
OBJ 5000607e (sz=32, trace=301787, class=Line@50006f05)
OBJ 5000607f (sz=24, trace=301779, class=java.lang.String@5000016f)
ARR 50006080 (sz=88, trace=300326, nelems=0, elem type=char[])
OBJ 50006081 (sz=24, trace=301497, class=java.util.ArrayList@500000c5)
OBJ 50006082 (sz=24, trace=301498, class=java.lang.String@5000016f)
ARR 50006083 (sz=32, trace=301499, nelems=0, elem type=char[])
ARR 50006084 (sz=56, trace=300281, nelems=0, elem type=java.lang.Object[]@5000010a)
OBJ 50006085 (sz=24, trace=301498, class=java.lang.String@5000016f)
ARR 50006086 (sz=32, trace=301499, nelems=0, elem type=char[])
OBJ 50006087 (sz=24, trace=301498, class=java.lang.String@5000016f)
ARR 50006088 (sz=32, trace=301499, nelems=0, elem type=char[])
OBJ 50006089 (sz=24, trace=301500, class=java.lang.String@5000016f)
OBJ 5000608a (sz=32, trace=301537, class=Point@5000255b)
ARR 5000608b (sz=32, trace=301501, nelems=0, elem type=char[])
ARR 5000608c (sz=32, trace=301780, nelems=0, elem type=java.lang.String[]@500000cf)
OBJ 5000608d (sz=40, trace=301504, class=java.util.ArrayList$SubList@5000248a)
OBJ 5000608e (sz=40, trace=301506, class=java.util.ArrayList$SubList$1@5000248d)
ARR 5000608f (sz=32, trace=301781, nelems=0, elem type=char[])
OBJ 50006090 (sz=32, trace=301535, class=sun.misc.FloatingDecimal$ASCIIToBinaryBuffer@500024ac)
ARR 50006091 (sz=32, trace=301782, nelems=0, elem type=char[])
OBJ 50006092 (sz=32, trace=301535, class=sun.misc.FloatingDecimal$ASCIIToBinaryBuffer@500024ac)
OBJ 50006093 (sz=32, trace=301783, class=Point@5000255b)
ARR 50006094 (sz=32, trace=301784, nelems=0, elem type=char[])
OBJ 50006095 (sz=32, trace=301535, class=sun.misc.FloatingDecimal$ASCIIToBinaryBuffer@500024ac)
ARR 50006096 (sz=32, trace=301785, nelems=0, elem type=char[])
OBJ 50006097 (sz=32, trace=301535, class=sun.misc.FloatingDecimal$ASCIIToBinaryBuffer@500024ac)
OBJ 50006098 (sz=32, trace=301786, class=Point@5000255b)
OBJ 50006099 (sz=32, trace=301787, class=Line@50006f05)
OBJ 5000609a (sz=32, trace=301537, class=Point@5000255b)
OBJ 5000609b (sz=24, trace=301779, class=java.lang.String@5000016f)
ARR 5000609c (sz=88, trace=300326, nelems=0, elem type=char[])
OBJ 5000609d (sz=24, trace=301497, class=java.util.ArrayList@500000c5)
OBJ 5000609e (sz=24, trace=301498, class=java.lang.String@5000016f)
ARR 5000609f (sz=32, trace=301499, nelems=0, elem type=char[])
ARR 500060a0 (sz=56, trace=300281, nelems=0, elem type=java.lang.Object[]@5000010a)
OBJ 500060a1 (sz=24, trace=301498, class=java.lang.String@5000016f)
ARR 500060a2 (sz=32, trace=301499, nelems=0, elem type=char[])
OBJ 500060a3 (sz=24, trace=301498, class=java.lang.String@5000016f)
ARR 500060a4 (sz=32, trace=301499, nelems=0, elem type=char[])
OBJ 500060a5 (sz=24, trace=301500, class=java.lang.String@5000016f)
ARR 500060a6 (sz=32, trace=301501, nelems=0, elem type=char[])
ARR 500060a7 (sz=32, trace=301780, nelems=0, elem type=java.lang.String[]@500000cf)
OBJ 500060a8 (sz=40, trace=301504, class=java.util.ArrayList$SubList@5000248a)
OBJ 500060a9 (sz=40, trace=301506, class=java.util.ArrayList$SubList$1@5000248d)
OBJ 500060aa (sz=32, trace=301537, class=Point@5000255b)
ARR 500060ab (sz=32, trace=301781, nelems=0, elem type=char[])
OBJ 500060ac (sz=32, trace=301535, class=sun.misc.FloatingDecimal$ASCIIToBinaryBuffer@500024ac)
ARR 500060ad (sz=32, trace=301782, nelems=0, elem type=char[])
OBJ 500060ae (sz=32, trace=301535, class=sun.misc.FloatingDecimal$ASCIIToBinaryBuffer@500024ac)
OBJ 500060af (sz=32, trace=301783, class=Point@5000255b)
ARR 500060b0 (sz=32, trace=301784, nelems=0, elem type=char[])
OBJ 500060b1 (sz=32, trace=301535, class=sun.misc.FloatingDecimal$ASCIIToBinaryBuffer@500024ac)
ARR 500060b2 (sz=32, trace=301785, nelems=0, elem type=char[])
OBJ 500060b3 (sz=32, trace=301535, class=sun.misc.FloatingDecimal$ASCIIToBinaryBuffer@500024ac)
OBJ 500060b4 (sz=32, trace=301786, class=Point@5000255b)
OBJ 500060b5 (sz=32, trace=301787, class=Line@50006f05)
OBJ 500060b6 (sz=24, trace=301779, class=java.lang.String@5000016f)
ARR 500060b7 (sz=80, trace=300326, nelems=0, elem type=char[])
OBJ 500060b8 (sz=24, trace=301497, class=java.util.ArrayList@500000c5)
OBJ 500060b9 (sz=24, trace=301498, class=java.lang.String@5000016f)
OBJ 500060ba (sz=32, trace=301537, class=Point@5000255b)
ARR 500060bb (sz=32, trace=301499, nelems=0, elem type=char[])
ARR 500060bc (sz=56, trace=300281, nelems=0, elem type=java.lang.Object[]@5000010a)
OBJ 500060bd (sz=24, trace=301498, class=java.lang.String@5000016f)
ARR 500060be (sz=32, trace=301499, nelems=0, elem type=char[])
OBJ 500060bf (sz=24, trace=301498, class=java.lang.String@5000016f)
ARR 500060c0 (sz=32, trace=301499, nelems=0, elem type=char[])
OBJ 500060c1 (sz=24, trace=301500, class=java.lang.String@5000016f)
ARR 500060c2 (sz=32, trace=301501, nelems=0, elem type=char[])
ARR 500060c3 (sz=32, trace=301780, nelems=0, elem type=java.lang.String[]@500000cf)
OBJ 500060c4 (sz=40, trace=301504, class=java.util.ArrayList$SubList@5000248a)
OBJ 500060c5 (sz=40, trace=301506, class=java.util.ArrayList$SubList$1@5000248d)
ARR 500060c6 (sz=32, trace=301781, nelems=0, elem type=char[])
OBJ 500060c7 (sz=32, trace=301535, class=sun.misc.FloatingDecimal$ASCIIToBinaryBuffer@500024ac)
ARR 500060c8 (sz=32, trace=301782, nelems=0, elem type=char[])
OBJ 500060c9 (sz=32, trace=301535, class=sun.misc.FloatingDecimal$ASCIIToBinaryBuffer@500024ac)
OBJ 500060ca (sz=32, trace=301537, class=Point@5000255b)
OBJ 500060cb (sz=32, trace=301783, class=Point@5000255b)
ARR 500060cc (sz=32, trace=301784, nelems=0, elem type=char[])
OBJ 500060cd (sz=32, trace=301535, class=sun.misc.FloatingDecimal$ASCIIToBinaryBuffer@500024ac)
ARR 500060ce (sz=32, trace=301785, nelems=0, elem type=char[])
OBJ 500060cf (sz=32, trace=301535, class=sun.misc.FloatingDecimal$ASCIIToBinaryBuffer@500024ac)
OBJ 500060d0 (sz=32, trace=301786, class=Point@5000255b)
OBJ 500060d1 (sz=32, trace=301787, class=Line@50006f05)
OBJ 500060d2 (sz=24, trace=301779, class=java.lang.String@5000016f)
ARR 500060d3 (sz=88, trace=300326, nelems=0, elem type=char[])
OBJ 500060d4 (sz=24, trace=301497, class=java.util.ArrayList@500000c5)
OBJ 500060d5 (sz=24, trace=301498, class=java.lang.String@5000016f)
ARR 500060d6 (sz=32, trace=301499, nelems=0, elem type=char[])
ARR 500060d7 (sz=56, trace=300281, nelems=0, elem type=java.lang.Object[]@5000010a)
OBJ 500060d8 (sz=24, trace=301498, class=java.lang.String@5000016f)
ARR 500060d9 (sz=32, trace=301499, nelems=0, elem type=char[])
OBJ 500060da (sz=32, trace=301537, class=Point@5000255b)
OBJ 500060db (sz=24, trace=301498, class=java.lang.String@5000016f)
ARR 500060dc (sz=32, trace=301499, nelems=0, elem type=char[])
OBJ 500060dd (sz=24, trace=301500, class=java.lang.String@5000016f)
ARR 500060de (sz=32, trace=301501, nelems=0, elem type=char[])
ARR 500060df (sz=32, trace=301780, nelems=0, elem type=java.lang.String[]@500000cf)
OBJ 500060e0 (sz=40, trace=301504, class=java.util.ArrayList$SubList@5000248a)
OBJ 500060e1 (sz=40, trace=301506, class=java.util.ArrayList$SubList$1@5000248d)
ARR 500060e2 (sz=32, trace=301781, nelems=0, elem type=char[])
OBJ 500060e3 (sz=32, trace=301535, class=sun.misc.FloatingDecimal$ASCIIToBinaryBuffer@500024ac)
ARR 500060e4 (sz=32, trace=301782, nelems=0, elem type=char[])
OBJ 500060e5 (sz=32, trace=301535, class=sun.misc.FloatingDecimal$ASCIIToBinaryBuffer@500024ac)
OBJ 500060e6 (sz=32, trace=301783, class=Point@5000255b)
ARR 500060e7 (sz=32, trace=301784, nelems=0, elem type=char[])
OBJ 500060e8 (sz=32, trace=301535, class=sun.misc.FloatingDecimal$ASCIIToBinaryBuffer@500024ac)
ARR 500060e9 (sz=32, trace=301785, nelems=0, elem type=char[])
OBJ 500060ea (sz=32, trace=301537, class=Point@5000255b)
OBJ 500060eb (sz=32, trace=301535, class=sun.misc.FloatingDecimal$ASCIIToBinaryBuffer@500024ac)
OBJ 500060ec (sz=32, trace=301786, class=Point@5000255b)
OBJ 500060ed (sz=32, trace=301787, class=Line@50006f05)
OBJ 500060ee (sz=24, trace=301779, class=java.lang.String@5000016f)
ARR 500060ef (sz=88, trace=300326, nelems=0, elem type=char[])
OBJ 500060f0 (sz=24, trace=301497, class=java.util.ArrayList@500000c5)
OBJ 500060f1 (sz=24, trace=301498, class=java.lang.String@5000016f)
ARR 500060f2 (sz=32, trace=301499, nelems=0, elem type=char[])
ARR 500060f3 (sz=56, trace=300281, nelems=0, elem type=java.lang.Object[]@5000010a)
OBJ 500060f4 (sz=24, trace=301498, class=java.lang.String@5000016f)
ARR 500060f5 (sz=32, trace=301499, nelems=0, elem type=char[])
OBJ 500060f6 (sz=24, trace=301498, class=java.lang.String@5000016f)
ARR 500060f7 (sz=32, trace=301499, nelems=0, elem type=char[])
OBJ 500060f8 (sz=24, trace=301500, class=java.lang.String@5000016f)
ARR 500060f9 (sz=32, trace=301501, nelems=0, elem type=char[])
OBJ 500060fa (sz=32, trace=301537, class=Point@5000255b)
ARR 500060fb (sz=32, trace=301780, nelems=0, elem type=java.lang.String[]@500000cf)
OBJ 500060fc (sz=40, trace=301504, class=java.util.ArrayList$SubList@5000248a)
OBJ 500060fd (sz=40, trace=301506, class=java.util.ArrayList$SubList$1@5000248d)
ARR 500060fe (sz=32, trace=301781, nelems=0, elem type=char[])
OBJ 500060ff (sz=32, trace=301535, class=sun.misc.FloatingDecimal$ASCIIToBinaryBuffer@500024ac)
ARR 50006100 (sz=32, trace=301782, nelems=0, elem type=char[])
OBJ 50006101 (sz=32, trace=301535, class=sun.misc.FloatingDecimal$ASCIIToBinaryBuffer@500024ac)
OBJ 50006102 (sz=32, trace=301783, class=Point@5000255b)
ARR 50006103 (sz=32, trace=301784, nelems=0, elem type=char[])
OBJ 50006104 (sz=32, trace=301535, class=sun.misc.FloatingDecimal$ASCIIToBinaryBuffer@500024ac)
ARR 50006105 (sz=32, trace=301785, nelems=0, elem type=char[])
OBJ 50006106 (sz=32, trace=301535, class=sun.misc.FloatingDecimal$ASCIIToBinaryBuffer@500024ac)
OBJ 50006107 (sz=32, trace=301786, class=Point@5000255b)
OBJ 50006108 (sz=32, trace=301787, class=Line@50006f05)
OBJ 50006109 (sz=24, trace=301779, class=java.lang.String@5000016f)
OBJ 5000610a (sz=32, trace=301537, class=Point@5000255b)
ARR 5000610b (sz=88, trace=300326, nelems=0, elem type=char[])
OBJ 5000610c (sz=24, trace=301497, class=java.util.ArrayList@500000c5)
OBJ 5000610d (sz=24, trace=301498, class=java.lang.String@5000016f)
ARR 5000610e (sz=32, trace=301499, nelems=0, elem type=char[])
ARR 5000610f (sz=56, trace=300281, nelems=0, elem type=java.lang.Object[]@5000010a)
OBJ 50006110 (sz=24, trace=301498, class=java.lang.String@5000016f)
ARR 50006111 (sz=32, trace=301499, nelems=0, elem type=char[])
OBJ 50006112 (sz=24, trace=301498, class=java.lang.String@5000016f)
ARR 50006113 (sz=32, trace=301499, nelems=0, elem type=char[])
OBJ 50006114 (sz=24, trace=301500, class=java.lang.String@5000016f)
ARR 50006115 (sz=32, trace=301501, nelems=0, elem type=char[])
ARR 50006116 (sz=32, trace=301780, nelems=0, elem type=java.lang.String[]@500000cf)
OBJ 50006117 (sz=40, trace=301504, class=java.util.ArrayList$SubList@5000248a)
OBJ 50006118 (sz=40, trace=301506, class=java.util.ArrayList$SubList$1@5000248d)
ARR 50006119 (sz=32, trace=301781, nelems=0, elem type=char[])
OBJ 5000611a (sz=32, trace=301537, class=Point@5000255b)
OBJ 5000611b (sz=32, trace=301535, class=sun.misc.FloatingDecimal$ASCIIToBinaryBuffer@500024ac)
ARR 5000611c (sz=32, trace=301782, nelems=0, elem type=char[])
OBJ 5000611d (sz=32, trace=301535, class=sun.misc.FloatingDecimal$ASCIIToBinaryBuffer@500024ac)
OBJ 5000611e (sz=32, trace=301783, class=Point@5000255b)
ARR 5000611f (sz=32, trace=301784, nelems=0, elem type=char[])
OBJ 50006120 (sz=32, trace=301535, class=sun.misc.FloatingDecimal$ASCIIToBinaryBuffer@500024ac)
ARR 50006121 (sz=32, trace=301785, nelems=0, elem type=char[])
OBJ 50006122 (sz=32, trace=301535, class=sun.misc.FloatingDecimal$ASCIIToBinaryBuffer@500024ac)
OBJ 50006123 (sz=32, trace=301786, class=Point@5000255b)
OBJ 50006124 (sz=32, trace=301787, class=Line@50006f05)
OBJ 50006125 (sz=24, trace=301779, class=java.lang.String@5000016f)
ARR 50006126 (sz=88, trace=300326, nelems=0, elem type=char[])
OBJ 50006127 (sz=24, trace=301497, class=java.util.ArrayList@500000c5)
OBJ 50006128 (sz=24, trace=301498, class=java.lang.String@5000016f)
ARR 50006129 (sz=32, trace=301499, nelems=0, elem type=char[])
OBJ 5000612a (sz=32, trace=301537, class=Point@5000255b)
ARR 5000612b (sz=56, trace=300281, nelems=0, elem type=java.lang.Object[]@5000010a)
OBJ 5000612c (sz=24, trace=301498, class=java.lang.String@5000016f)
ARR 5000612d (sz=32, trace=301499, nelems=0, elem type=char[])
OBJ 5000612e (sz=24, trace=301498, class=java.lang.String@5000016f)
ARR 5000612f (sz=32, trace=301499, nelems=0, elem type=char[])
OBJ 50006130 (sz=24, trace=301500, class=java.lang.String@5000016f)
ARR 50006131 (sz=32, trace=301501, nelems=0, elem type=char[])
ARR 50006132 (sz=32, trace=301780, nelems=0, elem type=java.lang.String[]@500000cf)
OBJ 50006133 (sz=40, trace=301504, class=java.util.ArrayList$SubList@5000248a)
OBJ 50006134 (sz=40, trace=301506, class=java.util.ArrayList$SubList$1@5000248d)
ARR 50006135 (sz=32, trace=301781, nelems=0, elem type=char[])
OBJ 50006136 (sz=32, trace=301535, class=sun.misc.FloatingDecimal$ASCIIToBinaryBuffer@500024ac)
ARR 50006137 (sz=32, trace=301782, nelems=0, elem type=char[])
OBJ 50006138 (sz=32, trace=301535, class=sun.misc.FloatingDecimal$ASCIIToBinaryBuffer@500024ac)
OBJ 50006139 (sz=32, trace=301783, class=Point@5000255b)
OBJ 5000613a (sz=32, trace=301537, class=Point@5000255b)
ARR 5000613b (sz=32, trace=301784, nelems=0, elem type=char[])
OBJ 5000613c (sz=32, trace=301535, class=sun.misc.FloatingDecimal$ASCIIToBinaryBuffer@500024ac)
ARR 5000613d (sz=32, trace=301785, nelems=0, elem type=char[])
OBJ 5000613e (sz=32, trace=301535, class=sun.misc.FloatingDecimal$ASCIIToBinaryBuffer@500024ac)
OBJ 5000613f (sz=32, trace=301786, class=Point@5000255b)
OBJ 50006140 (sz=32, trace=301787, class=Line@50006f05)
OBJ 50006141 (sz=24, trace=301779, class=java.lang.String@5000016f)
ARR 50006142 (sz=88, trace=300326, nelems=0, elem type=char[])
OBJ 50006143 (sz=24, trace=301497, class=java.util.ArrayList@500000c5)
OBJ 50006144 (sz=24, trace=301498, class=java.lang.String@5000016f)
ARR 50006145 (sz=32, trace=301499, nelems=0, elem type=char[])
ARR 50006146 (sz=56, trace=300281, nelems=0, elem type=java.lang.Object[]@5000010a)
OBJ 50006147 (sz=24, trace=301498, class=java.lang.String@5000016f)
ARR 50006148 (sz=32, trace=301499, nelems=0, elem type=char[])
OBJ 50006149 (sz=24, trace=301498, class=java.lang.String@5000016f)
OBJ 5000614a (sz=32, trace=301537, class=Point@5000255b)
ARR 5000614b (sz=32, trace=301499, nelems=0, elem type=char[])
OBJ 5000614c (sz=24, trace=301500, class=java.lang.String@5000016f)
ARR 5000614d (sz=32, trace=301501, nelems=0, elem type=char[])
ARR 5000614e (sz=32, trace=301780, nelems=0, elem type=java.lang.String[]@500000cf)
OBJ 5000614f (sz=40, trace=301504, class=java.util.ArrayList$SubList@5000248a)
OBJ 50006150 (sz=40, trace=301506, class=java.util.ArrayList$SubList$1@5000248d)
ARR 50006151 (sz=32, trace=301781, nelems=0, elem type=char[])
OBJ 50006152 (sz=32, trace=301535, class=sun.misc.FloatingDecimal$ASCIIToBinaryBuffer@500024ac)
ARR 50006153 (sz=32, trace=301782, nelems=0, elem type=char[])
OBJ 50006154 (sz=32, trace=301535, class=sun.misc.FloatingDecimal$ASCIIToBinaryBuffer@500024ac)
OBJ 50006155 (sz=32, trace=301783, class=Point@5000255b)
ARR 50006156 (sz=32, trace=301784, nelems=0, elem type=char[])
OBJ 50006157 (sz=32, trace=301535, class=sun.misc.FloatingDecimal$ASCIIToBinaryBuffer@500024ac)
ARR 50006158 (sz=32, trace=301785, nelems=0, elem type=char[])
OBJ 50006159 (sz=32, trace=301535, class=sun.misc.FloatingDecimal$ASCIIToBinaryBuffer@500024ac)
OBJ 5000615a (sz=32, trace=301537, class=Point@5000255b)
OBJ 5000615b (sz=32, trace=301786, class=Point@5000255b)
OBJ 5000615c (sz=32, trace=301787, class=Line@50006f05)
OBJ 5000615d (sz=24, trace=301779, class=java.lang.String@5000016f)
ARR 5000615e (sz=88, trace=300326, nelems=0, elem type=char[])
OBJ 5000615f (sz=24, trace=301497, class=java.util.ArrayList@500000c5)
OBJ 50006160 (sz=24, trace=301498, class=java.lang.String@5000016f)
ARR 50006161 (sz=32, trace=301499, nelems=0, elem type=char[])
ARR 50006162 (sz=56, trace=300281, nelems=0, elem type=java.lang.Object[]@5000010a)
OBJ 50006163 (sz=24, trace=301498, class=java.lang.String@5000016f)
ARR 50006164 (sz=32, trace=301499, nelems=0, elem type=char[])
OBJ 50006165 (sz=24, trace=301498, class=java.lang.String@5000016f)
ARR 50006166 (sz=32, trace=301499, nelems=0, elem type=char[])
OBJ 50006167 (sz=24, trace=301500, class=java.lang.String@5000016f)
ARR 50006168 (sz=32, trace=301501, nelems=0, elem type=char[])
ARR 50006169 (sz=32, trace=301780, nelems=0, elem type=java.lang.String[]@500000cf)
OBJ 5000616a (sz=32, trace=301537, class=Point@5000255b)
OBJ 5000616b (sz=40, trace=301504, class=java.util.ArrayList$SubList@5000248a)
OBJ 5000616c (sz=40, trace=301506, class=java.util.ArrayList$SubList$1@5000248d)
ARR 5000616d (sz=32, trace=301781, nelems=0, elem type=char[])
OBJ 5000616e (sz=32, trace=301535, class=sun.misc.FloatingDecimal$ASCIIToBinaryBuffer@500024ac)
ARR 5000616f (sz=32, trace=301782, nelems=0, elem type=char[])
OBJ 50006170 (sz=32, trace=301535, class=sun.misc.FloatingDecimal$ASCIIToBinaryBuffer@500024ac)
OBJ 50006171 (sz=32, trace=301783, class=Point@5000255b)
ARR 50006172 (sz=32, trace=301784, nelems=0, elem type=char[])
OBJ 50006173 (sz=32, trace=301535, class=sun.misc.FloatingDecimal$ASCIIToBinaryBuffer@500024ac)
ARR 50006174 (sz=32, trace=301785, nelems=0, elem type=char[])
OBJ 50006175 (sz=32, trace=301535, class=sun.misc.FloatingDecimal$ASCIIToBinaryBuffer@500024ac)
OBJ 50006176 (sz=32, trace=301786, class=Point@5000255b)
OBJ 50006177 (sz=32, trace=301787, class=Line@50006f05)
OBJ 50006178 (sz=24, trace=301779, class=java.lang.String@5000016f)
ARR 50006179 (sz=80, trace=300326, nelems=0, elem type=char[])
OBJ 5000617a (sz=32, trace=301537, class=Point@5000255b)
OBJ 5000617b (sz=24, trace=301497, class=java.util.ArrayList@500000c5)
OBJ 5000617c (sz=24, trace=301498, class=java.lang.String@5000016f)
ARR 5000617d (sz=32, trace=301499, nelems=0, elem type=char[])
ARR 5000617e (sz=56, trace=300281, nelems=0, elem type=java.lang.Object[]@5000010a)
OBJ 5000617f (sz=24, trace=301498, class=java.lang.String@5000016f)
ARR 50006180 (sz=32, trace=301499, nelems=0, elem type=char[])
OBJ 50006181 (sz=24, trace=301498, class=java.lang.String@5000016f)
ARR 50006182 (sz=32, trace=301499, nelems=0, elem type=char[])
OBJ 50006183 (sz=24, trace=301500, class=java.lang.String@5000016f)
ARR 50006184 (sz=32, trace=301501, nelems=0, elem type=char[])
ARR 50006185 (sz=32, trace=301780, nelems=0, elem type=java.lang.String[]@500000cf)
OBJ 50006186 (sz=40, trace=301504, class=java.util.ArrayList$SubList@5000248a)
OBJ 50006187 (sz=40, trace=301506, class=java.util.ArrayList$SubList$1@5000248d)
ARR 50006188 (sz=32, trace=301781, nelems=0, elem type=char[])
OBJ 50006189 (sz=32, trace=301535, class=sun.misc.FloatingDecimal$ASCIIToBinaryBuffer@500024ac)
OBJ 5000618a (sz=32, trace=301537, class=Point@5000255b)
ARR 5000618b (sz=32, trace=301782, nelems=0, elem type=char[])
OBJ 5000618c (sz=32, trace=301535, class=sun.misc.FloatingDecimal$ASCIIToBinaryBuffer@500024ac)
OBJ 5000618d (sz=32, trace=301783, class=Point@5000255b)
ARR 5000618e (sz=32, trace=301784, nelems=0, elem type=char[])
OBJ 5000618f (sz=32, trace=301535, class=sun.misc.FloatingDecimal$ASCIIToBinaryBuffer@500024ac)
ARR 50006190 (sz=32, trace=301785, nelems=0, elem type=char[])
OBJ 50006191 (sz=32, trace=301535, class=sun.misc.FloatingDecimal$ASCIIToBinaryBuffer@500024ac)
OBJ 50006192 (sz=32, trace=301786, class=Point@5000255b)
OBJ 50006193 (sz=32, trace=301787, class=Line@50006f05)
OBJ 50006194 (sz=24, trace=301779, class=java.lang.String@5000016f)
ARR 50006195 (sz=88, trace=300326, nelems=0, elem type=char[])
OBJ 50006196 (sz=24, trace=301497, class=java.util.ArrayList@500000c5)
OBJ 50006197 (sz=24, trace=301498, class=java.lang.String@5000016f)
ARR 50006198 (sz=32, trace=301499, nelems=0, elem type=char[])
ARR 50006199 (sz=56, trace=300281, nelems=0, elem type=java.lang.Object[]@5000010a)
OBJ 5000619a (sz=32, trace=301537, class=Point@5000255b)
OBJ 5000619b (sz=24, trace=301498, class=java.lang.String@5000016f)
ARR 5000619c (sz=32, trace=301499, nelems=0, elem type=char[])
OBJ 5000619d (sz=24, trace=301498, class=java.lang.String@5000016f)
ARR 5000619e (sz=32, trace=301499, nelems=0, elem type=char[])
OBJ 5000619f (sz=24, trace=301500, class=java.lang.String@5000016f)
ARR 500061a0 (sz=32, trace=301501, nelems=0, elem type=char[])
ARR 500061a1 (sz=32, trace=301780, nelems=0, elem type=java.lang.String[]@500000cf)
OBJ 500061a2 (sz=40, trace=301504, class=java.util.ArrayList$SubList@5000248a)
OBJ 500061a3 (sz=40, trace=301506, class=java.util.ArrayList$SubList$1@5000248d)
ARR 500061a4 (sz=32, trace=301781, nelems=0, elem type=char[])
OBJ 500061a5 (sz=32, trace=301535, class=sun.misc.FloatingDecimal$ASCIIToBinaryBuffer@500024ac)
ARR 500061a6 (sz=32, trace=301782, nelems=0, elem type=char[])
OBJ 500061a7 (sz=32, trace=301535, class=sun.misc.FloatingDecimal$ASCIIToBinaryBuffer@500024ac)
OBJ 500061a8 (sz=32, trace=301783, class=Point@5000255b)
ARR 500061a9 (sz=32, trace=301784, nelems=0, elem type=char[])
OBJ 500061aa (sz=32, trace=301537, class=Point@5000255b)
OBJ 500061ab (sz=32, trace=301535, class=sun.misc.FloatingDecimal$ASCIIToBinaryBuffer@500024ac)
ARR 500061ac (sz=32, trace=301785, nelems=0, elem type=char[])
OBJ 500061ad (sz=32, trace=301535, class=sun.misc.FloatingDecimal$ASCIIToBinaryBuffer@500024ac)
OBJ 500061ae (sz=32, trace=301786, class=Point@5000255b)
OBJ 500061af (sz=32, trace=301787, class=Line@50006f05)
OBJ 500061b0 (sz=24, trace=301779, class=java.lang.String@5000016f)
ARR 500061b1 (sz=88, trace=300326, nelems=0, elem type=char[])
OBJ 500061b2 (sz=24, trace=301497, class=java.util.ArrayList@500000c5)
OBJ 500061b3 (sz=24, trace=301498, class=java.lang.String@5000016f)
ARR 500061b4 (sz=32, trace=301499, nelems=0, elem type=char[])
ARR 500061b5 (sz=56, trace=300281, nelems=0, elem type=java.lang.Object[]@5000010a)
OBJ 500061b6 (sz=24, trace=301498, class=java.lang.String@5000016f)
ARR 500061b7 (sz=32, trace=301499, nelems=0, elem type=char[])
OBJ 500061b8 (sz=24, trace=301498, class=java.lang.String@5000016f)
ARR 500061b9 (sz=32, trace=301499, nelems=0, elem type=char[])
OBJ 500061ba (sz=32, trace=301537, class=Point@5000255b)
OBJ 500061bb (sz=24, trace=301500, class=java.lang.String@5000016f)
ARR 500061bc (sz=32, trace=301501, nelems=0, elem type=char[])
ARR 500061bd (sz=32, trace=301780, nelems=0, elem type=java.lang.String[]@500000cf)
OBJ 500061be (sz=40, trace=301504, class=java.util.ArrayList$SubList@5000248a)
OBJ 500061bf (sz=40, trace=301506, class=java.util.ArrayList$SubList$1@5000248d)
ARR 500061c0 (sz=32, trace=301781, nelems=0, elem type=char[])
OBJ 500061c1 (sz=32, trace=301535, class=sun.misc.FloatingDecimal$ASCIIToBinaryBuffer@500024ac)
ARR 500061c2 (sz=32, trace=301782, nelems=0, elem type=char[])
OBJ 500061c3 (sz=32, trace=301535, class=sun.misc.FloatingDecimal$ASCIIToBinaryBuffer@500024ac)
OBJ 500061c4 (sz=32, trace=301783, class=Point@5000255b)
ARR 500061c5 (sz=32, trace=301784, nelems=0, elem type=char[])
OBJ 500061c6 (sz=32, trace=301535, class=sun.misc.FloatingDecimal$ASCIIToBinaryBuffer@500024ac)
ARR 500061c7 (sz=32, trace=301785, nelems=0, elem type=char[])
OBJ 500061c8 (sz=32, trace=301535, class=sun.misc.FloatingDecimal$ASCIIToBinaryBuffer@500024ac)
OBJ 500061c9 (sz=32, trace=301786, class=Point@5000255b)
OBJ 500061ca (sz=32, trace=301537, class=Point@5000255b)
OBJ 500061cb (sz=32, trace=301787, class=Line@50006f05)
OBJ 500061cc (sz=24, trace=301779, class=java.lang.String@5000016f)
ARR 500061cd (sz=88, trace=300326, nelems=0, elem type=char[])
OBJ 500061ce (sz=24, trace=301497, class=java.util.ArrayList@500000c5)
OBJ 500061cf (sz=24, trace=301498, class=java.lang.String@5000016f)
ARR 500061d0 (sz=32, trace=301499, nelems=0, elem type=char[])
ARR 500061d1 (sz=56, trace=300281, nelems=0, elem type=java.lang.Object[]@5000010a)
OBJ 500061d2 (sz=24, trace=301498, class=java.lang.String@5000016f)
ARR 500061d3 (sz=32, trace=301499, nelems=0, elem type=char[])
OBJ 500061d4 (sz=24, trace=301498, class=java.lang.String@5000016f)
ARR 500061d5 (sz=32, trace=301499, nelems=0, elem type=char[])
OBJ 500061d6 (sz=24, trace=301500, class=java.lang.String@5000016f)
ARR 500061d7 (sz=32, trace=301501, nelems=0, elem type=char[])
ARR 500061d8 (sz=32, trace=301780, nelems=0, elem type=java.lang.String[]@500000cf)
OBJ 500061d9 (sz=40, trace=301504, class=java.util.ArrayList$SubList@5000248a)
OBJ 500061da (sz=32, trace=301537, class=Point@5000255b)
OBJ 500061db (sz=40, trace=301506, class=java.util.ArrayList$SubList$1@5000248d)
ARR 500061dc (sz=32, trace=301781, nelems=0, elem type=char[])
OBJ 500061dd (sz=32, trace=301535, class=sun.misc.FloatingDecimal$ASCIIToBinaryBuffer@500024ac)
ARR 500061de (sz=32, trace=301782, nelems=0, elem type=char[])
OBJ 500061df (sz=32, trace=301535, class=sun.misc.FloatingDecimal$ASCIIToBinaryBuffer@500024ac)
OBJ 500061e0 (sz=32, trace=301783, class=Point@5000255b)
ARR 500061e1 (sz=32, trace=301784, nelems=0, elem type=char[])
OBJ 500061e2 (sz=32, trace=301535, class=sun.misc.FloatingDecimal$ASCIIToBinaryBuffer@500024ac)
ARR 500061e3 (sz=32, trace=301785, nelems=0, elem type=char[])
OBJ 500061e4 (sz=32, trace=301535, class=sun.misc.FloatingDecimal$ASCIIToBinaryBuffer@500024ac)
OBJ 500061e5 (sz=32, trace=301786, class=Point@5000255b)
OBJ 500061e6 (sz=32, trace=301787, class=Line@50006f05)
OBJ 500061e7 (sz=24, trace=301779, class=java.lang.String@5000016f)
ARR 500061e8 (sz=88, trace=300326, nelems=0, elem type=char[])
OBJ 500061e9 (sz=24, trace=301497, class=java.util.ArrayList@500000c5)
OBJ 500061ea (sz=32, trace=301537, class=Point@5000255b)
OBJ 500061eb (sz=24, trace=301498, class=java.lang.String@5000016f)
ARR 500061ec (sz=32, trace=301499, nelems=0, elem type=char[])
ARR 500061ed (sz=56, trace=300281, nelems=0, elem type=java.lang.Object[]@5000010a)
OBJ 500061ee (sz=24, trace=301498, class=java.lang.String@5000016f)
ARR 500061ef (sz=32, trace=301499, nelems=0, elem type=char[])
OBJ 500061f0 (sz=24, trace=301498, class=java.lang.String@5000016f)
ARR 500061f1 (sz=32, trace=301499, nelems=0, elem type=char[])
OBJ 500061f2 (sz=24, trace=301500, class=java.lang.String@5000016f)
ARR 500061f3 (sz=32, trace=301501, nelems=0, elem type=char[])
ARR 500061f4 (sz=32, trace=301780, nelems=0, elem type=java.lang.String[]@500000cf)
OBJ 500061f5 (sz=40, trace=301504, class=java.util.ArrayList$SubList@5000248a)
OBJ 500061f6 (sz=40, trace=301506, class=java.util.ArrayList$SubList$1@5000248d)
ARR 500061f7 (sz=32, trace=301781, nelems=0, elem type=char[])
OBJ 500061f8 (sz=32, trace=301535, class=sun.misc.FloatingDecimal$ASCIIToBinaryBuffer@500024ac)
ARR 500061f9 (sz=32, trace=301782, nelems=0, elem type=char[])
OBJ 500061fa (sz=32, trace=301537, class=Point@5000255b)
OBJ 500061fb (sz=32, trace=301535, class=sun.misc.FloatingDecimal$ASCIIToBinaryBuffer@500024ac)
OBJ 500061fc (sz=32, trace=301783, class=Point@5000255b)
ARR 500061fd (sz=32, trace=301784, nelems=0, elem type=char[])
OBJ 500061fe (sz=32, trace=301535, class=sun.misc.FloatingDecimal$ASCIIToBinaryBuffer@500024ac)
ARR 500061ff (sz=32, trace=301785, nelems=0, elem type=char[])
OBJ 50006200 (sz=32, trace=301535, class=sun.misc.FloatingDecimal$ASCIIToBinaryBuffer@500024ac)
OBJ 50006201 (sz=32, trace=301786, class=Point@5000255b)
OBJ 50006202 (sz=32, trace=301787, class=Line@50006f05)
OBJ 50006203 (sz=24, trace=301779, class=java.lang.String@5000016f)
ARR 50006204 (sz=88, trace=300326, nelems=0, elem type=char[])
OBJ 50006205 (sz=24, trace=301497, class=java.util.ArrayList@500000c5)
OBJ 50006206 (sz=24, trace=301498, class=java.lang.String@5000016f)
ARR 50006207 (sz=32, trace=301499, nelems=0, elem type=char[])
ARR 50006208 (sz=56, trace=300281, nelems=0, elem type=java.lang.Object[]@5000010a)
OBJ 50006209 (sz=24, trace=301498, class=java.lang.String@5000016f)
OBJ 5000620a (sz=32, trace=301537, class=Point@5000255b)
ARR 5000620b (sz=32, trace=301499, nelems=0, elem type=char[])
OBJ 5000620c (sz=24, trace=301498, class=java.lang.String@5000016f)
ARR 5000620d (sz=32, trace=301499, nelems=0, elem type=char[])
OBJ 5000620e (sz=24, trace=301500, class=java.lang.String@5000016f)
ARR 5000620f (sz=32, trace=301501, nelems=0, elem type=char[])
ARR 50006210 (sz=32, trace=301780, nelems=0, elem type=java.lang.String[]@500000cf)
OBJ 50006211 (sz=40, trace=301504, class=java.util.ArrayList$SubList@5000248a)
OBJ 50006212 (sz=40, trace=301506, class=java.util.ArrayList$SubList$1@5000248d)
ARR 50006213 (sz=32, trace=301781, nelems=0, elem type=char[])
OBJ 50006214 (sz=32, trace=301535, class=sun.misc.FloatingDecimal$ASCIIToBinaryBuffer@500024ac)
ARR 50006215 (sz=32, trace=301782, nelems=0, elem type=char[])
OBJ 50006216 (sz=32, trace=301535, class=sun.misc.FloatingDecimal$ASCIIToBinaryBuffer@500024ac)
OBJ 50006217 (sz=32, trace=301783, class=Point@5000255b)
ARR 50006218 (sz=32, trace=301784, nelems=0, elem type=char[])
OBJ 50006219 (sz=32, trace=301535, class=sun.misc.FloatingDecimal$ASCIIToBinaryBuffer@500024ac)
OBJ 5000621a (sz=32, trace=301537, class=Point@5000255b)
ARR 5000621b (sz=32, trace=301785, nelems=0, elem type=char[])
OBJ 5000621c (sz=32, trace=301535, class=sun.misc.FloatingDecimal$ASCIIToBinaryBuffer@500024ac)
OBJ 5000621d (sz=32, trace=301786, class=Point@5000255b)
OBJ 5000621e (sz=32, trace=301787, class=Line@50006f05)
OBJ 5000621f (sz=24, trace=301779, class=java.lang.String@5000016f)
ARR 50006220 (sz=88, trace=300326, nelems=0, elem type=char[])
OBJ 50006221 (sz=24, trace=301497, class=java.util.ArrayList@500000c5)
OBJ 50006222 (sz=24, trace=301498, class=java.lang.String@5000016f)
ARR 50006223 (sz=32, trace=301499, nelems=0, elem type=char[])
ARR 50006224 (sz=56, trace=300281, nelems=0, elem type=java.lang.Object[]@5000010a)
OBJ 50006225 (sz=24, trace=301498, class=java.lang.String@5000016f)
ARR 50006226 (sz=32, trace=301499, nelems=0, elem type=char[])
OBJ 50006227 (sz=24, trace=301498, class=java.lang.String@5000016f)
ARR 50006228 (sz=32, trace=301499, nelems=0, elem type=char[])
OBJ 50006229 (sz=24, trace=301500, class=java.lang.String@5000016f)
OBJ 5000622a (sz=32, trace=301537, class=Point@5000255b)
ARR 5000622b (sz=32, trace=301501, nelems=0, elem type=char[])
ARR 5000622c (sz=32, trace=301780, nelems=0, elem type=java.lang.String[]@500000cf)
OBJ 5000622d (sz=40, trace=301504, class=java.util.ArrayList$SubList@5000248a)
OBJ 5000622e (sz=40, trace=301506, class=java.util.ArrayList$SubList$1@5000248d)
ARR 5000622f (sz=32, trace=301781, nelems=0, elem type=char[])
OBJ 50006230 (sz=32, trace=301535, class=sun.misc.FloatingDecimal$ASCIIToBinaryBuffer@500024ac)
ARR 50006231 (sz=32, trace=301782, nelems=0, elem type=char[])
OBJ 50006232 (sz=32, trace=301535, class=sun.misc.FloatingDecimal$ASCIIToBinaryBuffer@500024ac)
OBJ 50006233 (sz=32, trace=301783, class=Point@5000255b)
ARR 50006234 (sz=32, trace=301784, nelems=0, elem type=char[])
OBJ 50006235 (sz=32, trace=301535, class=sun.misc.FloatingDecimal$ASCIIToBinaryBuffer@500024ac)
ARR 50006236 (sz=32, trace=301785, nelems=0, elem type=char[])
OBJ 50006237 (sz=32, trace=301535, class=sun.misc.FloatingDecimal$ASCIIToBinaryBuffer@500024ac)
OBJ 50006238 (sz=32, trace=301786, class=Point@5000255b)
OBJ 50006239 (sz=32, trace=301787, class=Line@50006f05)
OBJ 5000623a (sz=24, trace=301779, class=java.lang.String@5000016f)
ARR 5000623b (sz=88, trace=300326, nelems=0, elem type=char[])
OBJ 5000623c (sz=24, trace=301497, class=java.util.ArrayList@500000c5)
OBJ 5000623d (sz=32, trace=301537, class=Point@5000255b)
OBJ 5000623e (sz=24, trace=301498, class=java.lang.String@5000016f)
ARR 5000623f (sz=32, trace=301499, nelems=0, elem type=char[])
ARR 50006240 (sz=56, trace=300281, nelems=0, elem type=java.lang.Object[]@5000010a)
OBJ 50006241 (sz=24, trace=301498, class=java.lang.String@5000016f)
ARR 50006242 (sz=32, trace=301499, nelems=0, elem type=char[])
OBJ 50006243 (sz=24, trace=301498, class=java.lang.String@5000016f)
ARR 50006244 (sz=32, trace=301499, nelems=0, elem type=char[])
OBJ 50006245 (sz=24, trace=301500, class=java.lang.String@5000016f)
ARR 50006246 (sz=32, trace=301501, nelems=0, elem type=char[])
ARR 50006247 (sz=32, trace=301780, nelems=0, elem type=java.lang.String[]@500000cf)
OBJ 50006248 (sz=40, trace=301504, class=java.util.ArrayList$SubList@5000248a)
OBJ 50006249 (sz=40, trace=301506, class=java.util.ArrayList$SubList$1@5000248d)
ARR 5000624a (sz=32, trace=301781, nelems=0, elem type=char[])
OBJ 5000624b (sz=32, trace=301535, class=sun.misc.FloatingDecimal$ASCIIToBinaryBuffer@500024ac)
ARR 5000624c (sz=32, trace=301782, nelems=0, elem type=char[])
OBJ 5000624d (sz=32, trace=301537, class=Point@5000255b)
OBJ 5000624e (sz=32, trace=301535, class=sun.misc.FloatingDecimal$ASCIIToBinaryBuffer@500024ac)
OBJ 5000624f (sz=32, trace=301783, class=Point@5000255b)
ARR 50006250 (sz=32, trace=301784, nelems=0, elem type=char[])
OBJ 50006251 (sz=32, trace=301535, class=sun.misc.FloatingDecimal$ASCIIToBinaryBuffer@500024ac)
ARR 50006252 (sz=32, trace=301785, nelems=0, elem type=char[])
OBJ 50006253 (sz=32, trace=301535, class=sun.misc.FloatingDecimal$ASCIIToBinaryBuffer@500024ac)
OBJ 50006254 (sz=32, trace=301786, class=Point@5000255b)
OBJ 50006255 (sz=32, trace=301787, class=Line@50006f05)
OBJ 50006256 (sz=24, trace=301779, class=java.lang.String@5000016f)
ARR 50006257 (sz=88, trace=300326, nelems=0, elem type=char[])
OBJ 50006258 (sz=24, trace=301497, class=java.util.ArrayList@500000c5)
OBJ 50006259 (sz=24, trace=301498, class=java.lang.String@5000016f)
ARR 5000625a (sz=32, trace=301499, nelems=0, elem type=char[])
ARR 5000625b (sz=56, trace=300281, nelems=0, elem type=java.lang.Object[]@5000010a)
OBJ 5000625c (sz=24, trace=301498, class=java.lang.String@5000016f)
OBJ 5000625d (sz=32, trace=301537, class=Point@5000255b)
ARR 5000625e (sz=32, trace=301499, nelems=0, elem type=char[])
OBJ 5000625f (sz=24, trace=301498, class=java.lang.String@5000016f)
ARR 50006260 (sz=32, trace=301499, nelems=0, elem type=char[])
OBJ 50006261 (sz=24, trace=301500, class=java.lang.String@5000016f)
ARR 50006262 (sz=32, trace=301501, nelems=0, elem type=char[])
ARR 50006263 (sz=32, trace=301780, nelems=0, elem type=java.lang.String[]@500000cf)
OBJ 50006264 (sz=40, trace=301504, class=java.util.ArrayList$SubList@5000248a)
OBJ 50006265 (sz=40, trace=301506, class=java.util.ArrayList$SubList$1@5000248d)
ARR 50006266 (sz=32, trace=301781, nelems=0, elem type=char[])
OBJ 50006267 (sz=32, trace=301535, class=sun.misc.FloatingDecimal$ASCIIToBinaryBuffer@500024ac)
ARR 50006268 (sz=32, trace=301782, nelems=0, elem type=char[])
OBJ 50006269 (sz=32, trace=301535, class=sun.misc.FloatingDecimal$ASCIIToBinaryBuffer@500024ac)
OBJ 5000626a (sz=32, trace=301783, class=Point@5000255b)
ARR 5000626b (sz=32, trace=301784, nelems=0, elem type=char[])
OBJ 5000626c (sz=32, trace=301535, class=sun.misc.FloatingDecimal$ASCIIToBinaryBuffer@500024ac)
OBJ 5000626d (sz=32, trace=301537, class=Point@5000255b)
ARR 5000626e (sz=32, trace=301785, nelems=0, elem type=char[])
OBJ 5000626f (sz=32, trace=301535, class=sun.misc.FloatingDecimal$ASCIIToBinaryBuffer@500024ac)
OBJ 50006270 (sz=32, trace=301786, class=Point@5000255b)
OBJ 50006271 (sz=32, trace=301787, class=Line@50006f05)
OBJ 50006272 (sz=24, trace=301779, class=java.lang.String@5000016f)
ARR 50006273 (sz=88, trace=300326, nelems=0, elem type=char[])
OBJ 50006274 (sz=24, trace=301497, class=java.util.ArrayList@500000c5)
OBJ 50006275 (sz=24, trace=301498, class=java.lang.String@5000016f)
ARR 50006276 (sz=32, trace=301499, nelems=0, elem type=char[])
ARR 50006277 (sz=56, trace=300281, nelems=0, elem type=java.lang.Object[]@5000010a)
OBJ 50006278 (sz=24, trace=301498, class=java.lang.String@5000016f)
ARR 50006279 (sz=32, trace=301499, nelems=0, elem type=char[])
OBJ 5000627a (sz=24, trace=301498, class=java.lang.String@5000016f)
ARR 5000627b (sz=32, trace=301499, nelems=0, elem type=char[])
OBJ 5000627c (sz=24, trace=301500, class=java.lang.String@5000016f)
OBJ 5000627d (sz=32, trace=301537, class=Point@5000255b)
ARR 5000627e (sz=32, trace=301501, nelems=0, elem type=char[])
ARR 5000627f (sz=32, trace=301780, nelems=0, elem type=java.lang.String[]@500000cf)
OBJ 50006280 (sz=40, trace=301504, class=java.util.ArrayList$SubList@5000248a)
OBJ 50006281 (sz=40, trace=301506, class=java.util.ArrayList$SubList$1@5000248d)
ARR 50006282 (sz=32, trace=301781, nelems=0, elem type=char[])
OBJ 50006283 (sz=32, trace=301535, class=sun.misc.FloatingDecimal$ASCIIToBinaryBuffer@500024ac)
ARR 50006284 (sz=32, trace=301782, nelems=0, elem type=char[])
OBJ 50006285 (sz=32, trace=301535, class=sun.misc.FloatingDecimal$ASCIIToBinaryBuffer@500024ac)
OBJ 50006286 (sz=32, trace=301783, class=Point@5000255b)
ARR 50006287 (sz=32, trace=301784, nelems=0, elem type=char[])
OBJ 50006288 (sz=32, trace=301535, class=sun.misc.FloatingDecimal$ASCIIToBinaryBuffer@500024ac)
ARR 50006289 (sz=32, trace=301785, nelems=0, elem type=char[])
OBJ 5000628a (sz=32, trace=301535, class=sun.misc.FloatingDecimal$ASCIIToBinaryBuffer@500024ac)
OBJ 5000628b (sz=32, trace=301786, class=Point@5000255b)
OBJ 5000628c (sz=32, trace=301787, class=Line@50006f05)
OBJ 5000628d (sz=32, trace=301537, class=Point@5000255b)
OBJ 5000628e (sz=24, trace=301779, class=java.lang.String@5000016f)
ARR 5000628f (sz=88, trace=300326, nelems=0, elem type=char[])
OBJ 50006290 (sz=24, trace=301497, class=java.util.ArrayList@500000c5)
OBJ 50006291 (sz=24, trace=301498, class=java.lang.String@5000016f)
ARR 50006292 (sz=32, trace=301499, nelems=0, elem type=char[])
ARR 50006293 (sz=56, trace=300281, nelems=0, elem type=java.lang.Object[]@5000010a)
OBJ 50006294 (sz=24, trace=301498, class=java.lang.String@5000016f)
ARR 50006295 (sz=32, trace=301499, nelems=0, elem type=char[])
OBJ 50006296 (sz=24, trace=301498, class=java.lang.String@5000016f)
ARR 50006297 (sz=32, trace=301499, nelems=0, elem type=char[])
OBJ 50006298 (sz=24, trace=301500, class=java.lang.String@5000016f)
ARR 50006299 (sz=32, trace=301501, nelems=0, elem type=char[])
ARR 5000629a (sz=32, trace=301780, nelems=0, elem type=java.lang.String[]@500000cf)
OBJ 5000629b (sz=40, trace=301504, class=java.util.ArrayList$SubList@5000248a)
OBJ 5000629c (sz=40, trace=301506, class=java.util.ArrayList$SubList$1@5000248d)
OBJ 5000629d (sz=32, trace=301537, class=Point@5000255b)
ARR 5000629e (sz=32, trace=301781, nelems=0, elem type=char[])
OBJ 5000629f (sz=32, trace=301535, class=sun.misc.FloatingDecimal$ASCIIToBinaryBuffer@500024ac)
ARR 500062a0 (sz=32, trace=301782, nelems=0, elem type=char[])
OBJ 500062a1 (sz=32, trace=301535, class=sun.misc.FloatingDecimal$ASCIIToBinaryBuffer@500024ac)
OBJ 500062a2 (sz=32, trace=301783, class=Point@5000255b)
ARR 500062a3 (sz=32, trace=301784, nelems=0, elem type=char[])
OBJ 500062a4 (sz=32, trace=301535, class=sun.misc.FloatingDecimal$ASCIIToBinaryBuffer@500024ac)
ARR 500062a5 (sz=32, trace=301785, nelems=0, elem type=char[])
OBJ 500062a6 (sz=32, trace=301535, class=sun.misc.FloatingDecimal$ASCIIToBinaryBuffer@500024ac)
OBJ 500062a7 (sz=32, trace=301786, class=Point@5000255b)
OBJ 500062a8 (sz=32, trace=301787, class=Line@50006f05)
OBJ 500062a9 (sz=24, trace=301779, class=java.lang.String@5000016f)
ARR 500062aa (sz=80, trace=300326, nelems=0, elem type=char[])
OBJ 500062ab (sz=24, trace=301497, class=java.util.ArrayList@500000c5)
OBJ 500062ac (sz=24, trace=301498, class=java.lang.String@5000016f)
OBJ 500062ad (sz=32, trace=301537, class=Point@5000255b)
ARR 500062ae (sz=32, trace=301499, nelems=0, elem type=char[])
ARR 500062af (sz=56, trace=300281, nelems=0, elem type=java.lang.Object[]@5000010a)
OBJ 500062b0 (sz=24, trace=301498, class=java.lang.String@5000016f)
ARR 500062b1 (sz=32, trace=301499, nelems=0, elem type=char[])
OBJ 500062b2 (sz=24, trace=301498, class=java.lang.String@5000016f)
ARR 500062b3 (sz=32, trace=301499, nelems=0, elem type=char[])
OBJ 500062b4 (sz=24, trace=301500, class=java.lang.String@5000016f)
ARR 500062b5 (sz=32, trace=301501, nelems=0, elem type=char[])
ARR 500062b6 (sz=32, trace=301780, nelems=0, elem type=java.lang.String[]@500000cf)
OBJ 500062b7 (sz=40, trace=301504, class=java.util.ArrayList$SubList@5000248a)
OBJ 500062b8 (sz=40, trace=301506, class=java.util.ArrayList$SubList$1@5000248d)
ARR 500062b9 (sz=32, trace=301781, nelems=0, elem type=char[])
OBJ 500062ba (sz=32, trace=301535, class=sun.misc.FloatingDecimal$ASCIIToBinaryBuffer@500024ac)
ARR 500062bb (sz=32, trace=301782, nelems=0, elem type=char[])
OBJ 500062bc (sz=32, trace=301535, class=sun.misc.FloatingDecimal$ASCIIToBinaryBuffer@500024ac)
OBJ 500062bd (sz=32, trace=301537, class=Point@5000255b)
OBJ 500062be (sz=32, trace=301783, class=Point@5000255b)
ARR 500062bf (sz=32, trace=301784, nelems=0, elem type=char[])
OBJ 500062c0 (sz=32, trace=301535, class=sun.misc.FloatingDecimal$ASCIIToBinaryBuffer@500024ac)
ARR 500062c1 (sz=32, trace=301785, nelems=0, elem type=char[])
OBJ 500062c2 (sz=32, trace=301535, class=sun.misc.FloatingDecimal$ASCIIToBinaryBuffer@500024ac)
OBJ 500062c3 (sz=32, trace=301786, class=Point@5000255b)
OBJ 500062c4 (sz=32, trace=301787, class=Line@50006f05)
OBJ 500062c5 (sz=24, trace=301779, class=java.lang.String@5000016f)
ARR 500062c6 (sz=80, trace=300326, nelems=0, elem type=char[])
OBJ 500062c7 (sz=24, trace=301497, class=java.util.ArrayList@500000c5)
OBJ 500062c8 (sz=24, trace=301498, class=java.lang.String@5000016f)
ARR 500062c9 (sz=32, trace=301499, nelems=0, elem type=char[])
ARR 500062ca (sz=56, trace=300281, nelems=0, elem type=java.lang.Object[]@5000010a)
OBJ 500062cb (sz=24, trace=301498, class=java.lang.String@5000016f)
ARR 500062cc (sz=32, trace=301499, nelems=0, elem type=char[])
OBJ 500062cd (sz=32, trace=301537, class=Point@5000255b)
OBJ 500062ce (sz=24, trace=301498, class=java.lang.String@5000016f)
ARR 500062cf (sz=32, trace=301499, nelems=0, elem type=char[])
OBJ 500062d0 (sz=24, trace=301500, class=java.lang.String@5000016f)
ARR 500062d1 (sz=32, trace=301501, nelems=0, elem type=char[])
ARR 500062d2 (sz=32, trace=301780, nelems=0, elem type=java.lang.String[]@500000cf)
OBJ 500062d3 (sz=40, trace=301504, class=java.util.ArrayList$SubList@5000248a)
OBJ 500062d4 (sz=40, trace=301506, class=java.util.ArrayList$SubList$1@5000248d)
ARR 500062d5 (sz=32, trace=301781, nelems=0, elem type=char[])
OBJ 500062d6 (sz=32, trace=301535, class=sun.misc.FloatingDecimal$ASCIIToBinaryBuffer@500024ac)
ARR 500062d7 (sz=32, trace=301782, nelems=0, elem type=char[])
OBJ 500062d8 (sz=32, trace=301535, class=sun.misc.FloatingDecimal$ASCIIToBinaryBuffer@500024ac)
OBJ 500062d9 (sz=32, trace=301783, class=Point@5000255b)
ARR 500062da (sz=32, trace=301784, nelems=0, elem type=char[])
OBJ 500062db (sz=32, trace=301535, class=sun.misc.FloatingDecimal$ASCIIToBinaryBuffer@500024ac)
ARR 500062dc (sz=32, trace=301785, nelems=0, elem type=char[])
OBJ 500062dd (sz=32, trace=301537, class=Point@5000255b)
OBJ 500062de (sz=32, trace=301535, class=sun.misc.FloatingDecimal$ASCIIToBinaryBuffer@500024ac)
OBJ 500062df (sz=32, trace=301786, class=Point@5000255b)
OBJ 500062e0 (sz=32, trace=301787, class=Line@50006f05)
OBJ 500062e1 (sz=24, trace=301779, class=java.lang.String@5000016f)
ARR 500062e2 (sz=80, trace=300326, nelems=0, elem type=char[])
OBJ 500062e3 (sz=24, trace=301497, class=java.util.ArrayList@500000c5)
OBJ 500062e4 (sz=24, trace=301498, class=java.lang.String@5000016f)
ARR 500062e5 (sz=32, trace=301499, nelems=0, elem type=char[])
ARR 500062e6 (sz=56, trace=300281, nelems=0, elem type=java.lang.Object[]@5000010a)
OBJ 500062e7 (sz=24, trace=301498, class=java.lang.String@5000016f)
ARR 500062e8 (sz=32, trace=301499, nelems=0, elem type=char[])
OBJ 500062e9 (sz=24, trace=301498, class=java.lang.String@5000016f)
ARR 500062ea (sz=32, trace=301499, nelems=0, elem type=char[])
OBJ 500062eb (sz=24, trace=301500, class=java.lang.String@5000016f)
ARR 500062ec (sz=32, trace=301501, nelems=0, elem type=char[])
OBJ 500062ed (sz=32, trace=301537, class=Point@5000255b)
ARR 500062ee (sz=32, trace=301780, nelems=0, elem type=java.lang.String[]@500000cf)
OBJ 500062ef (sz=40, trace=301504, class=java.util.ArrayList$SubList@5000248a)
OBJ 500062f0 (sz=40, trace=301506, class=java.util.ArrayList$SubList$1@5000248d)
ARR 500062f1 (sz=32, trace=301781, nelems=0, elem type=char[])
OBJ 500062f2 (sz=32, trace=301535, class=sun.misc.FloatingDecimal$ASCIIToBinaryBuffer@500024ac)
ARR 500062f3 (sz=32, trace=301782, nelems=0, elem type=char[])
OBJ 500062f4 (sz=32, trace=301535, class=sun.misc.FloatingDecimal$ASCIIToBinaryBuffer@500024ac)
OBJ 500062f5 (sz=32, trace=301783, class=Point@5000255b)
ARR 500062f6 (sz=32, trace=301784, nelems=0, elem type=char[])
OBJ 500062f7 (sz=32, trace=301535, class=sun.misc.FloatingDecimal$ASCIIToBinaryBuffer@500024ac)
ARR 500062f8 (sz=32, trace=301785, nelems=0, elem type=char[])
OBJ 500062f9 (sz=32, trace=301535, class=sun.misc.FloatingDecimal$ASCIIToBinaryBuffer@500024ac)
OBJ 500062fa (sz=32, trace=301786, class=Point@5000255b)
OBJ 500062fb (sz=32, trace=301787, class=Line@50006f05)
OBJ 500062fc (sz=24, trace=301779, class=java.lang.String@5000016f)
OBJ 500062fd (sz=32, trace=301537, class=Point@5000255b)
ARR 500062fe (sz=80, trace=300326, nelems=0, elem type=char[])
OBJ 500062ff (sz=24, trace=301497, class=java.util.ArrayList@500000c5)
OBJ 50006300 (sz=24, trace=301498, class=java.lang.String@5000016f)
ARR 50006301 (sz=32, trace=301499, nelems=0, elem type=char[])
ARR 50006302 (sz=56, trace=300281, nelems=0, elem type=java.lang.Object[]@5000010a)
OBJ 50006303 (sz=24, trace=301498, class=java.lang.String@5000016f)
ARR 50006304 (sz=32, trace=301499, nelems=0, elem type=char[])
OBJ 50006305 (sz=24, trace=301498, class=java.lang.String@5000016f)
ARR 50006306 (sz=32, trace=301499, nelems=0, elem type=char[])
OBJ 50006307 (sz=24, trace=301500, class=java.lang.String@5000016f)
ARR 50006308 (sz=32, trace=301501, nelems=0, elem type=char[])
ARR 50006309 (sz=32, trace=301780, nelems=0, elem type=java.lang.String[]@500000cf)
OBJ 5000630a (sz=40, trace=301504, class=java.util.ArrayList$SubList@5000248a)
OBJ 5000630b (sz=40, trace=301506, class=java.util.ArrayList$SubList$1@5000248d)
ARR 5000630c (sz=32, trace=301781, nelems=0, elem type=char[])
OBJ 5000630d (sz=32, trace=301537, class=Point@5000255b)
OBJ 5000630e (sz=32, trace=301535, class=sun.misc.FloatingDecimal$ASCIIToBinaryBuffer@500024ac)
ARR 5000630f (sz=32, trace=301782, nelems=0, elem type=char[])
OBJ 50006310 (sz=32, trace=301535, class=sun.misc.FloatingDecimal$ASCIIToBinaryBuffer@500024ac)
OBJ 50006311 (sz=32, trace=301783, class=Point@5000255b)
ARR 50006312 (sz=32, trace=301784, nelems=0, elem type=char[])
OBJ 50006313 (sz=32, trace=301535, class=sun.misc.FloatingDecimal$ASCIIToBinaryBuffer@500024ac)
ARR 50006314 (sz=32, trace=301785, nelems=0, elem type=char[])
OBJ 50006315 (sz=32, trace=301535, class=sun.misc.FloatingDecimal$ASCIIToBinaryBuffer@500024ac)
OBJ 50006316 (sz=32, trace=301786, class=Point@5000255b)
OBJ 50006317 (sz=32, trace=301787, class=Line@50006f05)
OBJ 50006318 (sz=24, trace=301779, class=java.lang.String@5000016f)
ARR 50006319 (sz=80, trace=300326, nelems=0, elem type=char[])
OBJ 5000631a (sz=24, trace=301497, class=java.util.ArrayList@500000c5)
OBJ 5000631b (sz=24, trace=301498, class=java.lang.String@5000016f)
ARR 5000631c (sz=32, trace=301499, nelems=0, elem type=char[])
OBJ 5000631d (sz=32, trace=301537, class=Point@5000255b)
ARR 5000631e (sz=56, trace=300281, nelems=0, elem type=java.lang.Object[]@5000010a)
OBJ 5000631f (sz=24, trace=301498, class=java.lang.String@5000016f)
ARR 50006320 (sz=32, trace=301499, nelems=0, elem type=char[])
OBJ 50006321 (sz=24, trace=301498, class=java.lang.String@5000016f)
ARR 50006322 (sz=32, trace=301499, nelems=0, elem type=char[])
OBJ 50006323 (sz=24, trace=301500, class=java.lang.String@5000016f)
ARR 50006324 (sz=32, trace=301501, nelems=0, elem type=char[])
ARR 50006325 (sz=32, trace=301780, nelems=0, elem type=java.lang.String[]@500000cf)
OBJ 50006326 (sz=40, trace=301504, class=java.util.ArrayList$SubList@5000248a)
OBJ 50006327 (sz=40, trace=301506, class=java.util.ArrayList$SubList$1@5000248d)
ARR 50006328 (sz=32, trace=301781, nelems=0, elem type=char[])
OBJ 50006329 (sz=32, trace=301535, class=sun.misc.FloatingDecimal$ASCIIToBinaryBuffer@500024ac)
ARR 5000632a (sz=32, trace=301782, nelems=0, elem type=char[])
OBJ 5000632b (sz=32, trace=301535, class=sun.misc.FloatingDecimal$ASCIIToBinaryBuffer@500024ac)
OBJ 5000632c (sz=32, trace=301783, class=Point@5000255b)
OBJ 5000632d (sz=32, trace=301537, class=Point@5000255b)
ARR 5000632e (sz=32, trace=301784, nelems=0, elem type=char[])
OBJ 5000632f (sz=32, trace=301535, class=sun.misc.FloatingDecimal$ASCIIToBinaryBuffer@500024ac)
ARR 50006330 (sz=32, trace=301785, nelems=0, elem type=char[])
OBJ 50006331 (sz=32, trace=301535, class=sun.misc.FloatingDecimal$ASCIIToBinaryBuffer@500024ac)
OBJ 50006332 (sz=32, trace=301786, class=Point@5000255b)
OBJ 50006333 (sz=32, trace=301787, class=Line@50006f05)
OBJ 50006334 (sz=24, trace=301779, class=java.lang.String@5000016f)
ARR 50006335 (sz=80, trace=300326, nelems=0, elem type=char[])
OBJ 50006336 (sz=24, trace=301497, class=java.util.ArrayList@500000c5)
OBJ 50006337 (sz=24, trace=301498, class=java.lang.String@5000016f)
ARR 50006338 (sz=32, trace=301499, nelems=0, elem type=char[])
ARR 50006339 (sz=56, trace=300281, nelems=0, elem type=java.lang.Object[]@5000010a)
OBJ 5000633a (sz=24, trace=301498, class=java.lang.String@5000016f)
ARR 5000633b (sz=32, trace=301499, nelems=0, elem type=char[])
OBJ 5000633c (sz=24, trace=301498, class=java.lang.String@5000016f)
OBJ 5000633d (sz=32, trace=301537, class=Point@5000255b)
ARR 5000633e (sz=32, trace=301499, nelems=0, elem type=char[])
OBJ 5000633f (sz=24, trace=301500, class=java.lang.String@5000016f)
ARR 50006340 (sz=32, trace=301501, nelems=0, elem type=char[])
ARR 50006341 (sz=32, trace=301780, nelems=0, elem type=java.lang.String[]@500000cf)
OBJ 50006342 (sz=40, trace=301504, class=java.util.ArrayList$SubList@5000248a)
OBJ 50006343 (sz=40, trace=301506, class=java.util.ArrayList$SubList$1@5000248d)
ARR 50006344 (sz=32, trace=301781, nelems=0, elem type=char[])
OBJ 50006345 (sz=32, trace=301535, class=sun.misc.FloatingDecimal$ASCIIToBinaryBuffer@500024ac)
ARR 50006346 (sz=32, trace=301782, nelems=0, elem type=char[])
OBJ 50006347 (sz=32, trace=301535, class=sun.misc.FloatingDecimal$ASCIIToBinaryBuffer@500024ac)
OBJ 50006348 (sz=32, trace=301783, class=Point@5000255b)
ARR 50006349 (sz=32, trace=301784, nelems=0, elem type=char[])
OBJ 5000634a (sz=32, trace=301535, class=sun.misc.FloatingDecimal$ASCIIToBinaryBuffer@500024ac)
ARR 5000634b (sz=32, trace=301785, nelems=0, elem type=char[])
OBJ 5000634c (sz=32, trace=301535, class=sun.misc.FloatingDecimal$ASCIIToBinaryBuffer@500024ac)
OBJ 5000634d (sz=32, trace=301537, class=Point@5000255b)
OBJ 5000634e (sz=32, trace=301786, class=Point@5000255b)
OBJ 5000634f (sz=32, trace=301787, class=Line@50006f05)
OBJ 50006350 (sz=24, trace=301779, class=java.lang.String@5000016f)
ARR 50006351 (sz=80, trace=300326, nelems=0, elem type=char[])
OBJ 50006352 (sz=24, trace=301497, class=java.util.ArrayList@500000c5)
OBJ 50006353 (sz=24, trace=301498, class=java.lang.String@5000016f)
ARR 50006354 (sz=32, trace=301499, nelems=0, elem type=char[])
ARR 50006355 (sz=56, trace=300281, nelems=0, elem type=java.lang.Object[]@5000010a)
OBJ 50006356 (sz=24, trace=301498, class=java.lang.String@5000016f)
ARR 50006357 (sz=32, trace=301499, nelems=0, elem type=char[])
OBJ 50006358 (sz=24, trace=301498, class=java.lang.String@5000016f)
ARR 50006359 (sz=32, trace=301499, nelems=0, elem type=char[])
OBJ 5000635a (sz=24, trace=301500, class=java.lang.String@5000016f)
ARR 5000635b (sz=32, trace=301501, nelems=0, elem type=char[])
ARR 5000635c (sz=32, trace=301780, nelems=0, elem type=java.lang.String[]@500000cf)
OBJ 5000635d (sz=32, trace=301537, class=Point@5000255b)
OBJ 5000635e (sz=40, trace=301504, class=java.util.ArrayList$SubList@5000248a)
OBJ 5000635f (sz=40, trace=301506, class=java.util.ArrayList$SubList$1@5000248d)
ARR 50006360 (sz=32, trace=301781, nelems=0, elem type=char[])
OBJ 50006361 (sz=32, trace=301535, class=sun.misc.FloatingDecimal$ASCIIToBinaryBuffer@500024ac)
ARR 50006362 (sz=32, trace=301782, nelems=0, elem type=char[])
OBJ 50006363 (sz=32, trace=301535, class=sun.misc.FloatingDecimal$ASCIIToBinaryBuffer@500024ac)
OBJ 50006364 (sz=32, trace=301783, class=Point@5000255b)
ARR 50006365 (sz=32, trace=301784, nelems=0, elem type=char[])
OBJ 50006366 (sz=32, trace=301535, class=sun.misc.FloatingDecimal$ASCIIToBinaryBuffer@500024ac)
ARR 50006367 (sz=32, trace=301785, nelems=0, elem type=char[])
OBJ 50006368 (sz=32, trace=301535, class=sun.misc.FloatingDecimal$ASCIIToBinaryBuffer@500024ac)
OBJ 50006369 (sz=32, trace=301786, class=Point@5000255b)
OBJ 5000636a (sz=32, trace=301787, class=Line@50006f05)
OBJ 5000636b (sz=24, trace=301779, class=java.lang.String@5000016f)
ARR 5000636c (sz=80, trace=300326, nelems=0, elem type=char[])
OBJ 5000636d (sz=32, trace=301537, class=Point@5000255b)
OBJ 5000636e (sz=24, trace=301497, class=java.util.ArrayList@500000c5)
OBJ 5000636f (sz=24, trace=301498, class=java.lang.String@5000016f)
ARR 50006370 (sz=32, trace=301499, nelems=0, elem type=char[])
ARR 50006371 (sz=56, trace=300281, nelems=0, elem type=java.lang.Object[]@5000010a)
OBJ 50006372 (sz=24, trace=301498, class=java.lang.String@5000016f)
ARR 50006373 (sz=32, trace=301499, nelems=0, elem type=char[])
OBJ 50006374 (sz=24, trace=301498, class=java.lang.String@5000016f)
ARR 50006375 (sz=32, trace=301499, nelems=0, elem type=char[])
OBJ 50006376 (sz=24, trace=301500, class=java.lang.String@5000016f)
ARR 50006377 (sz=32, trace=301501, nelems=0, elem type=char[])
ARR 50006378 (sz=32, trace=301780, nelems=0, elem type=java.lang.String[]@500000cf)
OBJ 50006379 (sz=40, trace=301504, class=java.util.ArrayList$SubList@5000248a)
OBJ 5000637a (sz=40, trace=301506, class=java.util.ArrayList$SubList$1@5000248d)
ARR 5000637b (sz=32, trace=301781, nelems=0, elem type=char[])
OBJ 5000637c (sz=32, trace=301535, class=sun.misc.FloatingDecimal$ASCIIToBinaryBuffer@500024ac)
OBJ 5000637d (sz=32, trace=301537, class=Point@5000255b)
ARR 5000637e (sz=32, trace=301782, nelems=0, elem type=char[])
OBJ 5000637f (sz=32, trace=301535, class=sun.misc.FloatingDecimal$ASCIIToBinaryBuffer@500024ac)
OBJ 50006380 (sz=32, trace=301783, class=Point@5000255b)
ARR 50006381 (sz=32, trace=301784, nelems=0, elem type=char[])
OBJ 50006382 (sz=32, trace=301535, class=sun.misc.FloatingDecimal$ASCIIToBinaryBuffer@500024ac)
ARR 50006383 (sz=32, trace=301785, nelems=0, elem type=char[])
OBJ 50006384 (sz=32, trace=301535, class=sun.misc.FloatingDecimal$ASCIIToBinaryBuffer@500024ac)
OBJ 50006385 (sz=32, trace=301786, class=Point@5000255b)
OBJ 50006386 (sz=32, trace=301787, class=Line@50006f05)
OBJ 50006387 (sz=24, trace=301779, class=java.lang.String@5000016f)
ARR 50006388 (sz=80, trace=300326, nelems=0, elem type=char[])
OBJ 50006389 (sz=24, trace=301497, class=java.util.ArrayList@500000c5)
OBJ 5000638a (sz=24, trace=301498, class=java.lang.String@5000016f)
ARR 5000638b (sz=32, trace=301499, nelems=0, elem type=char[])
ARR 5000638c (sz=56, trace=300281, nelems=0, elem type=java.lang.Object[]@5000010a)
OBJ 5000638d (sz=32, trace=301537, class=Point@5000255b)
OBJ 5000638e (sz=24, trace=301498, class=java.lang.String@5000016f)
ARR 5000638f (sz=32, trace=301499, nelems=0, elem type=char[])
OBJ 50006390 (sz=24, trace=301498, class=java.lang.String@5000016f)
ARR 50006391 (sz=32, trace=301499, nelems=0, elem type=char[])
OBJ 50006392 (sz=24, trace=301500, class=java.lang.String@5000016f)
ARR 50006393 (sz=32, trace=301501, nelems=0, elem type=char[])
ARR 50006394 (sz=32, trace=301780, nelems=0, elem type=java.lang.String[]@500000cf)
OBJ 50006395 (sz=40, trace=301504, class=java.util.ArrayList$SubList@5000248a)
OBJ 50006396 (sz=40, trace=301506, class=java.util.ArrayList$SubList$1@5000248d)
ARR 50006397 (sz=32, trace=301781, nelems=0, elem type=char[])
OBJ 50006398 (sz=32, trace=301535, class=sun.misc.FloatingDecimal$ASCIIToBinaryBuffer@500024ac)
ARR 50006399 (sz=32, trace=301782, nelems=0, elem type=char[])
OBJ 5000639a (sz=32, trace=301535, class=sun.misc.FloatingDecimal$ASCIIToBinaryBuffer@500024ac)
OBJ 5000639b (sz=32, trace=301783, class=Point@5000255b)
ARR 5000639c (sz=32, trace=301784, nelems=0, elem type=char[])
OBJ 5000639d (sz=32, trace=301537, class=Point@5000255b)
OBJ 5000639e (sz=32, trace=301535, class=sun.misc.FloatingDecimal$ASCIIToBinaryBuffer@500024ac)
ARR 5000639f (sz=32, trace=301785, nelems=0, elem type=char[])
OBJ 500063a0 (sz=32, trace=301535, class=sun.misc.FloatingDecimal$ASCIIToBinaryBuffer@500024ac)
OBJ 500063a1 (sz=32, trace=301786, class=Point@5000255b)
OBJ 500063a2 (sz=32, trace=301787, class=Line@50006f05)
OBJ 500063a3 (sz=24, trace=301779, class=java.lang.String@5000016f)
ARR 500063a4 (sz=80, trace=300326, nelems=0, elem type=char[])
OBJ 500063a5 (sz=24, trace=301497, class=java.util.ArrayList@500000c5)
OBJ 500063a6 (sz=24, trace=301498, class=java.lang.String@5000016f)
ARR 500063a7 (sz=32, trace=301499, nelems=0, elem type=char[])
ARR 500063a8 (sz=56, trace=300281, nelems=0, elem type=java.lang.Object[]@5000010a)
OBJ 500063a9 (sz=24, trace=301498, class=java.lang.String@5000016f)
ARR 500063aa (sz=32, trace=301499, nelems=0, elem type=char[])
OBJ 500063ab (sz=24, trace=301498, class=java.lang.String@5000016f)
ARR 500063ac (sz=32, trace=301499, nelems=0, elem type=char[])
OBJ 500063ad (sz=32, trace=301537, class=Point@5000255b)
OBJ 500063ae (sz=24, trace=301500, class=java.lang.String@5000016f)
ARR 500063af (sz=32, trace=301501, nelems=0, elem type=char[])
ARR 500063b0 (sz=32, trace=301780, nelems=0, elem type=java.lang.String[]@500000cf)
OBJ 500063b1 (sz=40, trace=301504, class=java.util.ArrayList$SubList@5000248a)
OBJ 500063b2 (sz=40, trace=301506, class=java.util.ArrayList$SubList$1@5000248d)
ARR 500063b3 (sz=32, trace=301781, nelems=0, elem type=char[])
OBJ 500063b4 (sz=32, trace=301535, class=sun.misc.FloatingDecimal$ASCIIToBinaryBuffer@500024ac)
ARR 500063b5 (sz=32, trace=301782, nelems=0, elem type=char[])
OBJ 500063b6 (sz=32, trace=301535, class=sun.misc.FloatingDecimal$ASCIIToBinaryBuffer@500024ac)
OBJ 500063b7 (sz=32, trace=301783, class=Point@5000255b)
ARR 500063b8 (sz=32, trace=301784, nelems=0, elem type=char[])
OBJ 500063b9 (sz=32, trace=301535, class=sun.misc.FloatingDecimal$ASCIIToBinaryBuffer@500024ac)
ARR 500063ba (sz=32, trace=301785, nelems=0, elem type=char[])
OBJ 500063bb (sz=32, trace=301535, class=sun.misc.FloatingDecimal$ASCIIToBinaryBuffer@500024ac)
OBJ 500063bc (sz=32, trace=301786, class=Point@5000255b)
OBJ 500063bd (sz=32, trace=301537, class=Point@5000255b)
OBJ 500063be (sz=32, trace=301787, class=Line@50006f05)
OBJ 500063bf (sz=24, trace=301779, class=java.lang.String@5000016f)
ARR 500063c0 (sz=80, trace=300326, nelems=0, elem type=char[])
OBJ 500063c1 (sz=24, trace=301497, class=java.util.ArrayList@500000c5)
OBJ 500063c2 (sz=24, trace=301498, class=java.lang.String@5000016f)
ARR 500063c3 (sz=32, trace=301499, nelems=0, elem type=char[])
ARR 500063c4 (sz=56, trace=300281, nelems=0, elem type=java.lang.Object[]@5000010a)
OBJ 500063c5 (sz=24, trace=301498, class=java.lang.String@5000016f)
ARR 500063c6 (sz=32, trace=301499, nelems=0, elem type=char[])
OBJ 500063c7 (sz=24, trace=301498, class=java.lang.String@5000016f)
ARR 500063c8 (sz=32, trace=301499, nelems=0, elem type=char[])
OBJ 500063c9 (sz=24, trace=301500, class=java.lang.String@5000016f)
ARR 500063ca (sz=32, trace=301501, nelems=0, elem type=char[])
ARR 500063cb (sz=32, trace=301780, nelems=0, elem type=java.lang.String[]@500000cf)
OBJ 500063cc (sz=40, trace=301504, class=java.util.ArrayList$SubList@5000248a)
OBJ 500063cd (sz=32, trace=301537, class=Point@5000255b)
OBJ 500063ce (sz=40, trace=301506, class=java.util.ArrayList$SubList$1@5000248d)
ARR 500063cf (sz=32, trace=301781, nelems=0, elem type=char[])
OBJ 500063d0 (sz=32, trace=301535, class=sun.misc.FloatingDecimal$ASCIIToBinaryBuffer@500024ac)
ARR 500063d1 (sz=32, trace=301782, nelems=0, elem type=char[])
OBJ 500063d2 (sz=32, trace=301535, class=sun.misc.FloatingDecimal$ASCIIToBinaryBuffer@500024ac)
OBJ 500063d3 (sz=32, trace=301783, class=Point@5000255b)
ARR 500063d4 (sz=32, trace=301784, nelems=0, elem type=char[])
OBJ 500063d5 (sz=32, trace=301535, class=sun.misc.FloatingDecimal$ASCIIToBinaryBuffer@500024ac)
ARR 500063d6 (sz=32, trace=301785, nelems=0, elem type=char[])
OBJ 500063d7 (sz=32, trace=301535, class=sun.misc.FloatingDecimal$ASCIIToBinaryBuffer@500024ac)
OBJ 500063d8 (sz=32, trace=301786, class=Point@5000255b)
OBJ 500063d9 (sz=32, trace=301787, class=Line@50006f05)
OBJ 500063da (sz=24, trace=301779, class=java.lang.String@5000016f)
ARR 500063db (sz=80, trace=300326, nelems=0, elem type=char[])
OBJ 500063dc (sz=24, trace=301497, class=java.util.ArrayList@500000c5)
OBJ 500063dd (sz=24, trace=301498, class=java.lang.String@5000016f)
ARR 500063de (sz=32, trace=301499, nelems=0, elem type=char[])
ARR 500063df (sz=56, trace=300281, nelems=0, elem type=java.lang.Object[]@5000010a)
OBJ 500063e0 (sz=32, trace=301537, class=Point@5000255b)
OBJ 500063e1 (sz=24, trace=301498, class=java.lang.String@5000016f)
ARR 500063e2 (sz=32, trace=301499, nelems=0, elem type=char[])
OBJ 500063e3 (sz=16, trace=300114, class=java.lang.Object@50000173)
OBJ 500063e4 (sz=32, trace=300116, class=java.util.concurrent.ConcurrentHashMap$Node@50000020)
	key		50009f42
	val		500063e3
	next		50006d82
OBJ 500063e5 (sz=16, trace=300117, class=java.lang.Object@50000173)
OBJ 500063e6 (sz=32, trace=300116, class=java.util.concurrent.ConcurrentHashMap$Node@50000020)
	key		50009f42
	val		500063e5
	next		50006d84
OBJ 500063e7 (sz=24, trace=301498, class=java.lang.String@5000016f)
ARR 500063e8 (sz=32, trace=301499, nelems=0, elem type=char[])
OBJ 500063e9 (sz=16, trace=300114, class=java.lang.Object@50000173)
OBJ 500063ea (sz=32, trace=300593, class=java.util.concurrent.ConcurrentHashMap$Node@50000020)
	key		50009f56
	val		500063e9
OBJ 500063eb (sz=16, trace=300117, class=java.lang.Object@50000173)
OBJ 500063ec (sz=32, trace=300593, class=java.util.concurrent.ConcurrentHashMap$Node@50000020)
	key		50009f56
	val		500063eb
OBJ 500063ed (sz=24, trace=301500, class=java.lang.String@5000016f)
ARR 500063ee (sz=32, trace=301501, nelems=0, elem type=char[])
ARR 500063ef (sz=32, trace=301780, nelems=0, elem type=java.lang.String[]@500000cf)
OBJ 500063f0 (sz=40, trace=301504, class=java.util.ArrayList$SubList@5000248a)
OBJ 500063f1 (sz=40, trace=301506, class=java.util.ArrayList$SubList$1@5000248d)
ARR 500063f2 (sz=32, trace=301781, nelems=0, elem type=char[])
OBJ 500063f3 (sz=32, trace=301535, class=sun.misc.FloatingDecimal$ASCIIToBinaryBuffer@500024ac)
ARR 500063f4 (sz=32, trace=301782, nelems=0, elem type=char[])
OBJ 500063f5 (sz=32, trace=301535, class=sun.misc.FloatingDecimal$ASCIIToBinaryBuffer@500024ac)
OBJ 500063f6 (sz=32, trace=301783, class=Point@5000255b)
ARR 500063f7 (sz=32, trace=301784, nelems=0, elem type=char[])
OBJ 500063f8 (sz=32, trace=301535, class=sun.misc.FloatingDecimal$ASCIIToBinaryBuffer@500024ac)
ARR 500063f9 (sz=32, trace=301785, nelems=0, elem type=char[])
OBJ 500063fa (sz=32, trace=301535, class=sun.misc.FloatingDecimal$ASCIIToBinaryBuffer@500024ac)
OBJ 500063fb (sz=32, trace=301786, class=Point@5000255b)
OBJ 500063fc (sz=32, trace=301787, class=Line@50006f05)
OBJ 500063fd (sz=24, trace=301779, class=java.lang.String@5000016f)
ARR 500063fe (sz=80, trace=300326, nelems=0, elem type=char[])
OBJ 500063ff (sz=24, trace=301497, class=java.util.ArrayList@500000c5)
OBJ 50006400 (sz=24, trace=301498, class=java.lang.String@5000016f)
ARR 50006401 (sz=32, trace=301499, nelems=0, elem type=char[])
ARR 50006402 (sz=56, trace=300281, nelems=0, elem type=java.lang.Object[]@5000010a)
OBJ 50006403 (sz=24, trace=301498, class=java.lang.String@5000016f)
ARR 50006404 (sz=32, trace=301499, nelems=0, elem type=char[])
OBJ 50006405 (sz=24, trace=301498, class=java.lang.String@5000016f)
ARR 50006406 (sz=32, trace=301499, nelems=0, elem type=char[])
OBJ 50006407 (sz=24, trace=301500, class=java.lang.String@5000016f)
ARR 50006408 (sz=32, trace=301501, nelems=0, elem type=char[])
ARR 50006409 (sz=32, trace=301780, nelems=0, elem type=java.lang.String[]@500000cf)
OBJ 5000640a (sz=40, trace=301504, class=java.util.ArrayList$SubList@5000248a)
OBJ 5000640b (sz=40, trace=301506, class=java.util.ArrayList$SubList$1@5000248d)
ARR 5000640c (sz=32, trace=301781, nelems=0, elem type=char[])
OBJ 5000640d (sz=32, trace=301535, class=sun.misc.FloatingDecimal$ASCIIToBinaryBuffer@500024ac)
ARR 5000640e (sz=32, trace=301782, nelems=0, elem type=char[])
OBJ 5000640f (sz=32, trace=301535, class=sun.misc.FloatingDecimal$ASCIIToBinaryBuffer@500024ac)
OBJ 50006410 (sz=32, trace=301783, class=Point@5000255b)
ARR 50006411 (sz=32, trace=301784, nelems=0, elem type=char[])
OBJ 50006412 (sz=32, trace=301535, class=sun.misc.FloatingDecimal$ASCIIToBinaryBuffer@500024ac)
ARR 50006413 (sz=32, trace=301785, nelems=0, elem type=char[])
OBJ 50006414 (sz=32, trace=301535, class=sun.misc.FloatingDecimal$ASCIIToBinaryBuffer@500024ac)
OBJ 50006415 (sz=32, trace=301786, class=Point@5000255b)
OBJ 50006416 (sz=32, trace=301787, class=Line@50006f05)
OBJ 50006417 (sz=24, trace=301779, class=java.lang.String@5000016f)
ARR 50006418 (sz=80, trace=300326, nelems=0, elem type=char[])
OBJ 50006419 (sz=24, trace=301497, class=java.util.ArrayList@500000c5)
OBJ 5000641a (sz=24, trace=301498, class=java.lang.String@5000016f)
ARR 5000641b (sz=32, trace=301499, nelems=0, elem type=char[])
ARR 5000641c (sz=56, trace=300281, nelems=0, elem type=java.lang.Object[]@5000010a)
OBJ 5000641d (sz=24, trace=301498, class=java.lang.String@5000016f)
ARR 5000641e (sz=32, trace=301499, nelems=0, elem type=char[])
OBJ 5000641f (sz=24, trace=301498, class=java.lang.String@5000016f)
ARR 50006420 (sz=32, trace=301499, nelems=0, elem type=char[])
OBJ 50006421 (sz=24, trace=301500, class=java.lang.String@5000016f)
ARR 50006422 (sz=32, trace=301501, nelems=0, elem type=char[])
ARR 50006423 (sz=32, trace=301780, nelems=0, elem type=java.lang.String[]@500000cf)
OBJ 50006424 (sz=40, trace=301504, class=java.util.ArrayList$SubList@5000248a)
OBJ 50006425 (sz=40, trace=301506, class=java.util.ArrayList$SubList$1@5000248d)
ARR 50006426 (sz=32, trace=301781, nelems=0, elem type=char[])
OBJ 50006427 (sz=32, trace=301535, class=sun.misc.FloatingDecimal$ASCIIToBinaryBuffer@500024ac)
ARR 50006428 (sz=32, trace=301782, nelems=0, elem type=char[])
OBJ 50006429 (sz=32, trace=301535, class=sun.misc.FloatingDecimal$ASCIIToBinaryBuffer@500024ac)
OBJ 5000642a (sz=32, trace=301783, class=Point@5000255b)
ARR 5000642b (sz=32, trace=301784, nelems=0, elem type=char[])
OBJ 5000642c (sz=32, trace=301535, class=sun.misc.FloatingDecimal$ASCIIToBinaryBuffer@500024ac)
ARR 5000642d (sz=32, trace=301785, nelems=0, elem type=char[])
OBJ 5000642e (sz=32, trace=301535, class=sun.misc.FloatingDecimal$ASCIIToBinaryBuffer@500024ac)
OBJ 5000642f (sz=32, trace=301786, class=Point@5000255b)
OBJ 50006430 (sz=32, trace=301787, class=Line@50006f05)
OBJ 50006431 (sz=24, trace=301779, class=java.lang.String@5000016f)
ARR 50006432 (sz=80, trace=300326, nelems=0, elem type=char[])
OBJ 50006433 (sz=24, trace=301497, class=java.util.ArrayList@500000c5)
OBJ 50006434 (sz=24, trace=301498, class=java.lang.String@5000016f)
ARR 50006435 (sz=32, trace=301499, nelems=0, elem type=char[])
ARR 50006436 (sz=56, trace=300281, nelems=0, elem type=java.lang.Object[]@5000010a)
OBJ 50006437 (sz=24, trace=301498, class=java.lang.String@5000016f)
ARR 50006438 (sz=32, trace=301499, nelems=0, elem type=char[])
OBJ 50006439 (sz=24, trace=301498, class=java.lang.String@5000016f)
OBJ 5000643a (sz=24, trace=301576, class=java.lang.String@5000016f)
ARR 5000643b (sz=1440, trace=301577, nelems=0, elem type=char[])
ARR 5000643c (sz=48, trace=301578, nelems=0, elem type=java.lang.Object[]@5000010a)
OBJ 5000643d (sz=72, trace=301579, class=java.util.regex.Pattern@50001839)
ARR 5000643e (sz=32, trace=301499, nelems=0, elem type=char[])
OBJ 5000643f (sz=24, trace=301500, class=java.lang.String@5000016f)
ARR 50006441 (sz=512, trace=301583, nelems=128, elem type=int[])
ARR 50006442 (sz=32, trace=301501, nelems=0, elem type=char[])
ARR 50006443 (sz=32, trace=301780, nelems=0, elem type=java.lang.String[]@500000cf)
OBJ 50006444 (sz=40, trace=301504, class=java.util.ArrayList$SubList@5000248a)
OBJ 50006445 (sz=24, trace=301587, class=java.util.regex.Pattern$GroupHead@50001843)
OBJ 50006447 (sz=24, trace=301589, class=java.util.regex.Pattern$GroupTail@50006446)
OBJ 50006448 (sz=24, trace=301587, class=java.util.regex.Pattern$GroupHead@50001843)
OBJ 50006449 (sz=24, trace=301589, class=java.util.regex.Pattern$GroupTail@50006446)
OBJ 5000644a (sz=24, trace=300843, class=java.util.regex.Pattern$BitClass@50001922)
ARR 5000644b (sz=272, trace=300844, nelems=0, elem type=boolean[])
OBJ 5000644d (sz=24, trace=301591, class=java.util.regex.Pattern$Ques@5000644c)
OBJ 5000644e (sz=24, trace=301587, class=java.util.regex.Pattern$GroupHead@50001843)
OBJ 5000644f (sz=24, trace=301589, class=java.util.regex.Pattern$GroupTail@50006446)
OBJ 50006450 (sz=24, trace=301587, class=java.util.regex.Pattern$GroupHead@50001843)
OBJ 50006451 (sz=24, trace=301589, class=java.util.regex.Pattern$GroupTail@50006446)
OBJ 50006452 (sz=24, trace=301587, class=java.util.regex.Pattern$GroupHead@50001843)
OBJ 50006453 (sz=24, trace=301589, class=java.util.regex.Pattern$GroupTail@50006446)
OBJ 50006454 (sz=24, trace=301587, class=java.util.regex.Pattern$GroupHead@50001843)
OBJ 50006455 (sz=24, trace=301589, class=java.util.regex.Pattern$GroupTail@50006446)
OBJ 50006456 (sz=24, trace=300843, class=java.util.regex.Pattern$BitClass@50001922)
ARR 50006457 (sz=272, trace=300844, nelems=0, elem type=boolean[])
OBJ 50006458 (sz=40, trace=301506, class=java.util.ArrayList$SubList$1@5000248d)
ARR 50006459 (sz=32, trace=301781, nelems=0, elem type=char[])
OBJ 5000645b (sz=16, trace=301593, class=java.util.regex.Pattern$BranchConn@5000645a)
OBJ 5000645d (sz=32, trace=301595, class=java.util.regex.Pattern$Branch@5000645c)
ARR 5000645f (sz=24, trace=301596, nelems=0, elem type=java.util.regex.Pattern$Node[]@5000645e)
OBJ 50006460 (sz=32, trace=301597, class=java.util.regex.Pattern$Curly@5000190a)
OBJ 50006461 (sz=24, trace=301587, class=java.util.regex.Pattern$GroupHead@50001843)
OBJ 50006462 (sz=24, trace=301589, class=java.util.regex.Pattern$GroupTail@50006446)
OBJ 50006463 (sz=32, trace=301535, class=sun.misc.FloatingDecimal$ASCIIToBinaryBuffer@500024ac)
ARR 50006464 (sz=32, trace=301782, nelems=0, elem type=char[])
OBJ 50006465 (sz=32, trace=301535, class=sun.misc.FloatingDecimal$ASCIIToBinaryBuffer@500024ac)
OBJ 50006466 (sz=32, trace=301783, class=Point@5000255b)
OBJ 50006467 (sz=24, trace=300843, class=java.util.regex.Pattern$BitClass@50001922)
ARR 50006468 (sz=272, trace=300847, nelems=0, elem type=boolean[])
OBJ 50006469 (sz=24, trace=300851, class=java.util.regex.Pattern$CharProperty$1@5000192b)
OBJ 5000646a (sz=24, trace=300853, class=java.util.regex.Pattern$6@5000192d)
OBJ 5000646b (sz=24, trace=301587, class=java.util.regex.Pattern$GroupHead@50001843)
OBJ 5000646c (sz=24, trace=301589, class=java.util.regex.Pattern$GroupTail@50006446)
OBJ 5000646d (sz=24, trace=300843, class=java.util.regex.Pattern$BitClass@50001922)
ARR 5000646e (sz=272, trace=300844, nelems=0, elem type=boolean[])
ARR 5000646f (sz=32, trace=301784, nelems=0, elem type=char[])
OBJ 50006470 (sz=32, trace=301535, class=sun.misc.FloatingDecimal$ASCIIToBinaryBuffer@500024ac)
OBJ 50006471 (sz=16, trace=301593, class=java.util.regex.Pattern$BranchConn@5000645a)
OBJ 50006472 (sz=32, trace=301595, class=java.util.regex.Pattern$Branch@5000645c)
ARR 50006473 (sz=24, trace=301596, nelems=0, elem type=java.util.regex.Pattern$Node[]@5000645e)
ARR 50006474 (sz=32, trace=301785, nelems=0, elem type=char[])
OBJ 50006475 (sz=16, trace=301599, class=java.util.regex.Pattern$BranchConn@5000645a)
OBJ 50006476 (sz=32, trace=301600, class=java.util.regex.Pattern$Branch@5000645c)
ARR 50006477 (sz=24, trace=301601, nelems=0, elem type=java.util.regex.Pattern$Node[]@5000645e)
OBJ 50006478 (sz=24, trace=301587, class=java.util.regex.Pattern$GroupHead@50001843)
OBJ 50006479 (sz=24, trace=301589, class=java.util.regex.Pattern$GroupTail@50006446)
OBJ 5000647a (sz=24, trace=300843, class=java.util.regex.Pattern$BitClass@50001922)
ARR 5000647b (sz=272, trace=300844, nelems=0, elem type=boolean[])
OBJ 5000647c (sz=32, trace=301535, class=sun.misc.FloatingDecimal$ASCIIToBinaryBuffer@500024ac)
OBJ 5000647d (sz=32, trace=301786, class=Point@5000255b)
OBJ 5000647e (sz=16, trace=301593, class=java.util.regex.Pattern$BranchConn@5000645a)
OBJ 5000647f (sz=32, trace=301595, class=java.util.regex.Pattern$Branch@5000645c)
ARR 50006480 (sz=24, trace=301596, nelems=0, elem type=java.util.regex.Pattern$Node[]@5000645e)
OBJ 50006481 (sz=32, trace=301787, class=Line@50006f05)
OBJ 50006482 (sz=16, trace=301599, class=java.util.regex.Pattern$BranchConn@5000645a)
OBJ 50006483 (sz=32, trace=301600, class=java.util.regex.Pattern$Branch@5000645c)
ARR 50006484 (sz=24, trace=301601, nelems=0, elem type=java.util.regex.Pattern$Node[]@5000645e)
OBJ 50006485 (sz=24, trace=301587, class=java.util.regex.Pattern$GroupHead@50001843)
OBJ 50006486 (sz=24, trace=301589, class=java.util.regex.Pattern$GroupTail@50006446)
OBJ 50006488 (sz=24, trace=300843, class=java.util.regex.Pattern$Single@50006487)
OBJ 50006489 (sz=24, trace=301587, class=java.util.regex.Pattern$GroupHead@50001843)
OBJ 5000648a (sz=24, trace=301589, class=java.util.regex.Pattern$GroupTail@50006446)
OBJ 5000648b (sz=24, trace=300843, class=java.util.regex.Pattern$BitClass@50001922)
ARR 5000648c (sz=272, trace=300844, nelems=0, elem type=boolean[])
OBJ 5000648d (sz=24, trace=301779, class=java.lang.String@5000016f)
ARR 5000648e (sz=80, trace=300326, nelems=0, elem type=char[])
OBJ 5000648f (sz=16, trace=301593, class=java.util.regex.Pattern$BranchConn@5000645a)
OBJ 50006490 (sz=32, trace=301595, class=java.util.regex.Pattern$Branch@5000645c)
ARR 50006491 (sz=24, trace=301596, nelems=0, elem type=java.util.regex.Pattern$Node[]@5000645e)
OBJ 50006492 (sz=24, trace=301587, class=java.util.regex.Pattern$GroupHead@50001843)
OBJ 50006493 (sz=24, trace=301589, class=java.util.regex.Pattern$GroupTail@50006446)
OBJ 50006494 (sz=24, trace=300843, class=java.util.regex.Pattern$BitClass@50001922)
ARR 50006495 (sz=272, trace=300844, nelems=0, elem type=boolean[])
OBJ 50006496 (sz=24, trace=301497, class=java.util.ArrayList@500000c5)
OBJ 50006497 (sz=24, trace=301498, class=java.lang.String@5000016f)
OBJ 50006498 (sz=16, trace=301593, class=java.util.regex.Pattern$BranchConn@5000645a)
OBJ 50006499 (sz=32, trace=301595, class=java.util.regex.Pattern$Branch@5000645c)
ARR 5000649a (sz=24, trace=301596, nelems=0, elem type=java.util.regex.Pattern$Node[]@5000645e)
OBJ 5000649b (sz=24, trace=301587, class=java.util.regex.Pattern$GroupHead@50001843)
OBJ 5000649c (sz=24, trace=301589, class=java.util.regex.Pattern$GroupTail@50006446)
OBJ 5000649d (sz=24, trace=300843, class=java.util.regex.Pattern$BitClass@50001922)
ARR 5000649e (sz=272, trace=300844, nelems=0, elem type=boolean[])
ARR 5000649f (sz=32, trace=301499, nelems=0, elem type=char[])
ARR 500064a0 (sz=56, trace=300281, nelems=0, elem type=java.lang.Object[]@5000010a)
OBJ 500064a1 (sz=16, trace=301593, class=java.util.regex.Pattern$BranchConn@5000645a)
OBJ 500064a2 (sz=32, trace=301595, class=java.util.regex.Pattern$Branch@5000645c)
ARR 500064a3 (sz=24, trace=301596, nelems=0, elem type=java.util.regex.Pattern$Node[]@5000645e)
OBJ 500064a4 (sz=24, trace=301498, class=java.lang.String@5000016f)
ARR 500064a5 (sz=32, trace=301499, nelems=0, elem type=char[])
OBJ 500064a7 (sz=40, trace=301606, class=java.util.regex.Pattern$Loop@500064a6)
OBJ 500064a9 (sz=24, trace=301608, class=java.util.regex.Pattern$Prolog@500064a8)
OBJ 500064aa (sz=16, trace=301593, class=java.util.regex.Pattern$BranchConn@5000645a)
OBJ 500064ab (sz=32, trace=301595, class=java.util.regex.Pattern$Branch@5000645c)
ARR 500064ac (sz=24, trace=301596, nelems=0, elem type=java.util.regex.Pattern$Node[]@5000645e)
OBJ 500064ad (sz=24, trace=301587, class=java.util.regex.Pattern$GroupHead@50001843)
OBJ 500064ae (sz=24, trace=301589, class=java.util.regex.Pattern$GroupTail@50006446)
OBJ 500064af (sz=24, trace=301587, class=java.util.regex.Pattern$GroupHead@50001843)
OBJ 500064b0 (sz=24, trace=301589, class=java.util.regex.Pattern$GroupTail@50006446)
OBJ 500064b1 (sz=24, trace=301587, class=java.util.regex.Pattern$GroupHead@50001843)
OBJ 500064b2 (sz=24, trace=301589, class=java.util.regex.Pattern$GroupTail@50006446)
OBJ 500064b3 (sz=24, trace=301587, class=java.util.regex.Pattern$GroupHead@50001843)
OBJ 500064b4 (sz=24, trace=301589, class=java.util.regex.Pattern$GroupTail@50006446)
OBJ 500064b5 (sz=24, trace=300843, class=java.util.regex.Pattern$BitClass@50001922)
ARR 500064b6 (sz=272, trace=300844, nelems=0, elem type=boolean[])
OBJ 500064b7 (sz=24, trace=301498, class=java.lang.String@5000016f)
ARR 500064b8 (sz=32, trace=301499, nelems=0, elem type=char[])
OBJ 500064b9 (sz=16, trace=301593, class=java.util.regex.Pattern$BranchConn@5000645a)
OBJ 500064ba (sz=32, trace=301595, class=java.util.regex.Pattern$Branch@5000645c)
ARR 500064bb (sz=24, trace=301596, nelems=0, elem type=java.util.regex.Pattern$Node[]@5000645e)
OBJ 500064bc (sz=32, trace=301597, class=java.util.regex.Pattern$Curly@5000190a)
OBJ 500064bd (sz=24, trace=301587, class=java.util.regex.Pattern$GroupHead@50001843)
OBJ 500064be (sz=24, trace=301589, class=java.util.regex.Pattern$GroupTail@50006446)
OBJ 500064bf (sz=24, trace=301500, class=java.lang.String@5000016f)
ARR 500064c0 (sz=32, trace=301501, nelems=0, elem type=char[])
ARR 500064c1 (sz=32, trace=301780, nelems=0, elem type=java.lang.String[]@500000cf)
OBJ 500064c2 (sz=40, trace=301504, class=java.util.ArrayList$SubList@5000248a)
OBJ 500064c3 (sz=24, trace=300843, class=java.util.regex.Pattern$BitClass@50001922)
ARR 500064c4 (sz=272, trace=300847, nelems=0, elem type=boolean[])
OBJ 500064c5 (sz=24, trace=300851, class=java.util.regex.Pattern$CharProperty$1@5000192b)
OBJ 500064c6 (sz=24, trace=300853, class=java.util.regex.Pattern$6@5000192d)
OBJ 500064c7 (sz=24, trace=301587, class=java.util.regex.Pattern$GroupHead@50001843)
OBJ 500064c8 (sz=24, trace=301589, class=java.util.regex.Pattern$GroupTail@50006446)
OBJ 500064c9 (sz=24, trace=300843, class=java.util.regex.Pattern$BitClass@50001922)
ARR 500064ca (sz=272, trace=300844, nelems=0, elem type=boolean[])
OBJ 500064cb (sz=40, trace=301506, class=java.util.ArrayList$SubList$1@5000248d)
ARR 500064cc (sz=32, trace=301781, nelems=0, elem type=char[])
OBJ 500064cd (sz=16, trace=301593, class=java.util.regex.Pattern$BranchConn@5000645a)
OBJ 500064ce (sz=32, trace=301595, class=java.util.regex.Pattern$Branch@5000645c)
ARR 500064cf (sz=24, trace=301596, nelems=0, elem type=java.util.regex.Pattern$Node[]@5000645e)
OBJ 500064d0 (sz=32, trace=301535, class=sun.misc.FloatingDecimal$ASCIIToBinaryBuffer@500024ac)
OBJ 500064d1 (sz=16, trace=301599, class=java.util.regex.Pattern$BranchConn@5000645a)
OBJ 500064d2 (sz=32, trace=301600, class=java.util.regex.Pattern$Branch@5000645c)
ARR 500064d3 (sz=24, trace=301601, nelems=0, elem type=java.util.regex.Pattern$Node[]@5000645e)
OBJ 500064d4 (sz=24, trace=301587, class=java.util.regex.Pattern$GroupHead@50001843)
OBJ 500064d5 (sz=24, trace=301589, class=java.util.regex.Pattern$GroupTail@50006446)
OBJ 500064d6 (sz=24, trace=300843, class=java.util.regex.Pattern$BitClass@50001922)
ARR 500064d7 (sz=272, trace=300844, nelems=0, elem type=boolean[])
ARR 500064d8 (sz=32, trace=301782, nelems=0, elem type=char[])
OBJ 500064d9 (sz=32, trace=301535, class=sun.misc.FloatingDecimal$ASCIIToBinaryBuffer@500024ac)
OBJ 500064da (sz=16, trace=301593, class=java.util.regex.Pattern$BranchConn@5000645a)
OBJ 500064db (sz=32, trace=301595, class=java.util.regex.Pattern$Branch@5000645c)
ARR 500064dc (sz=24, trace=301596, nelems=0, elem type=java.util.regex.Pattern$Node[]@5000645e)
OBJ 500064dd (sz=32, trace=301783, class=Point@5000255b)
OBJ 500064de (sz=16, trace=301599, class=java.util.regex.Pattern$BranchConn@5000645a)
OBJ 500064df (sz=32, trace=301600, class=java.util.regex.Pattern$Branch@5000645c)
ARR 500064e0 (sz=24, trace=301601, nelems=0, elem type=java.util.regex.Pattern$Node[]@5000645e)
OBJ 500064e1 (sz=24, trace=301587, class=java.util.regex.Pattern$GroupHead@50001843)
OBJ 500064e2 (sz=24, trace=301589, class=java.util.regex.Pattern$GroupTail@50006446)
OBJ 500064e3 (sz=24, trace=300843, class=java.util.regex.Pattern$Single@50006487)
OBJ 500064e4 (sz=24, trace=301587, class=java.util.regex.Pattern$GroupHead@50001843)
OBJ 500064e5 (sz=24, trace=301589, class=java.util.regex.Pattern$GroupTail@50006446)
OBJ 500064e6 (sz=24, trace=300843, class=java.util.regex.Pattern$BitClass@50001922)
ARR 500064e7 (sz=272, trace=300844, nelems=0, elem type=boolean[])
ARR 500064e8 (sz=32, trace=301784, nelems=0, elem type=char[])
OBJ 500064e9 (sz=32, trace=301535, class=sun.misc.FloatingDecimal$ASCIIToBinaryBuffer@500024ac)
OBJ 500064ea (sz=16, trace=301593, class=java.util.regex.Pattern$BranchConn@5000645a)
OBJ 500064eb (sz=32, trace=301595, class=java.util.regex.Pattern$Branch@5000645c)
ARR 500064ec (sz=24, trace=301596, nelems=0, elem type=java.util.regex.Pattern$Node[]@5000645e)
OBJ 500064ed (sz=24, trace=301587, class=java.util.regex.Pattern$GroupHead@50001843)
OBJ 500064ee (sz=24, trace=301589, class=java.util.regex.Pattern$GroupTail@50006446)
OBJ 500064ef (sz=24, trace=300843, class=java.util.regex.Pattern$BitClass@50001922)
ARR 500064f0 (sz=272, trace=300844, nelems=0, elem type=boolean[])
ARR 500064f1 (sz=32, trace=301785, nelems=0, elem type=char[])
OBJ 500064f2 (sz=32, trace=301535, class=sun.misc.FloatingDecimal$ASCIIToBinaryBuffer@500024ac)
OBJ 500064f3 (sz=16, trace=301593, class=java.util.regex.Pattern$BranchConn@5000645a)
OBJ 500064f4 (sz=32, trace=301595, class=java.util.regex.Pattern$Branch@5000645c)
ARR 500064f5 (sz=24, trace=301596, nelems=0, elem type=java.util.regex.Pattern$Node[]@5000645e)
OBJ 500064f6 (sz=24, trace=301587, class=java.util.regex.Pattern$GroupHead@50001843)
OBJ 500064f7 (sz=24, trace=301589, class=java.util.regex.Pattern$GroupTail@50006446)
OBJ 500064f8 (sz=24, trace=300843, class=java.util.regex.Pattern$BitClass@50001922)
ARR 500064f9 (sz=272, trace=300844, nelems=0, elem type=boolean[])
OBJ 500064fa (sz=32, trace=301786, class=Point@5000255b)
OBJ 500064fb (sz=32, trace=301787, class=Line@50006f05)
OBJ 500064fc (sz=16, trace=301593, class=java.util.regex.Pattern$BranchConn@5000645a)
OBJ 500064fd (sz=32, trace=301595, class=java.util.regex.Pattern$Branch@5000645c)
ARR 500064fe (sz=24, trace=301596, nelems=0, elem type=java.util.regex.Pattern$Node[]@5000645e)
OBJ 500064ff (sz=24, trace=301779, class=java.lang.String@5000016f)
ARR 50006500 (sz=80, trace=300326, nelems=0, elem type=char[])
OBJ 50006501 (sz=40, trace=301606, class=java.util.regex.Pattern$Loop@500064a6)
OBJ 50006502 (sz=24, trace=301608, class=java.util.regex.Pattern$Prolog@500064a8)
OBJ 50006503 (sz=16, trace=301593, class=java.util.regex.Pattern$BranchConn@5000645a)
OBJ 50006504 (sz=32, trace=301595, class=java.util.regex.Pattern$Branch@5000645c)
ARR 50006505 (sz=24, trace=301596, nelems=0, elem type=java.util.regex.Pattern$Node[]@5000645e)
OBJ 50006506 (sz=16, trace=301609, class=java.util.regex.Pattern$BranchConn@5000645a)
OBJ 50006507 (sz=32, trace=301610, class=java.util.regex.Pattern$Branch@5000645c)
OBJ 50006508 (sz=24, trace=301497, class=java.util.ArrayList@500000c5)
OBJ 50006509 (sz=24, trace=301587, class=java.util.regex.Pattern$GroupHead@50001843)
OBJ 5000650a (sz=24, trace=301589, class=java.util.regex.Pattern$GroupTail@50006446)
OBJ 5000650b (sz=24, trace=300843, class=java.util.regex.Pattern$Single@50006487)
OBJ 5000650c (sz=24, trace=301587, class=java.util.regex.Pattern$GroupHead@50001843)
OBJ 5000650d (sz=24, trace=301589, class=java.util.regex.Pattern$GroupTail@50006446)
OBJ 5000650e (sz=24, trace=301587, class=java.util.regex.Pattern$GroupHead@50001843)
OBJ 5000650f (sz=24, trace=301589, class=java.util.regex.Pattern$GroupTail@50006446)
OBJ 50006510 (sz=24, trace=301587, class=java.util.regex.Pattern$GroupHead@50001843)
OBJ 50006511 (sz=24, trace=301589, class=java.util.regex.Pattern$GroupTail@50006446)
OBJ 50006512 (sz=24, trace=300843, class=java.util.regex.Pattern$BitClass@50001922)
ARR 50006513 (sz=272, trace=300844, nelems=0, elem type=boolean[])
OBJ 50006514 (sz=24, trace=301498, class=java.lang.String@5000016f)
ARR 50006515 (sz=32, trace=301499, nelems=0, elem type=char[])
OBJ 50006516 (sz=16, trace=301593, class=java.util.regex.Pattern$BranchConn@5000645a)
OBJ 50006517 (sz=32, trace=301595, class=java.util.regex.Pattern$Branch@5000645c)
ARR 50006518 (sz=24, trace=301596, nelems=0, elem type=java.util.regex.Pattern$Node[]@5000645e)
OBJ 50006519 (sz=32, trace=301597, class=java.util.regex.Pattern$Curly@5000190a)
OBJ 5000651a (sz=24, trace=301587, class=java.util.regex.Pattern$GroupHead@50001843)
OBJ 5000651b (sz=24, trace=301589, class=java.util.regex.Pattern$GroupTail@50006446)
ARR 5000651c (sz=56, trace=300281, nelems=0, elem type=java.lang.Object[]@5000010a)
OBJ 5000651d (sz=24, trace=301498, class=java.lang.String@5000016f)
ARR 5000651e (sz=32, trace=301499, nelems=0, elem type=char[])
OBJ 5000651f (sz=24, trace=301498, class=java.lang.String@5000016f)
OBJ 50006520 (sz=24, trace=300843, class=java.util.regex.Pattern$BitClass@50001922)
ARR 50006521 (sz=272, trace=300847, nelems=0, elem type=boolean[])
OBJ 50006522 (sz=24, trace=300851, class=java.util.regex.Pattern$CharProperty$1@5000192b)
OBJ 50006523 (sz=24, trace=300853, class=java.util.regex.Pattern$6@5000192d)
OBJ 50006524 (sz=24, trace=301587, class=java.util.regex.Pattern$GroupHead@50001843)
OBJ 50006525 (sz=24, trace=301589, class=java.util.regex.Pattern$GroupTail@50006446)
OBJ 50006526 (sz=24, trace=300843, class=java.util.regex.Pattern$BitClass@50001922)
ARR 50006527 (sz=272, trace=300844, nelems=0, elem type=boolean[])
ARR 50006528 (sz=32, trace=301499, nelems=0, elem type=char[])
OBJ 50006529 (sz=24, trace=301500, class=java.lang.String@5000016f)
OBJ 5000652a (sz=16, trace=301593, class=java.util.regex.Pattern$BranchConn@5000645a)
OBJ 5000652b (sz=32, trace=301595, class=java.util.regex.Pattern$Branch@5000645c)
ARR 5000652c (sz=24, trace=301596, nelems=0, elem type=java.util.regex.Pattern$Node[]@5000645e)
ARR 5000652d (sz=32, trace=301501, nelems=0, elem type=char[])
OBJ 5000652e (sz=16, trace=301599, class=java.util.regex.Pattern$BranchConn@5000645a)
OBJ 5000652f (sz=32, trace=301600, class=java.util.regex.Pattern$Branch@5000645c)
ARR 50006530 (sz=24, trace=301601, nelems=0, elem type=java.util.regex.Pattern$Node[]@5000645e)
OBJ 50006531 (sz=24, trace=301587, class=java.util.regex.Pattern$GroupHead@50001843)
OBJ 50006532 (sz=24, trace=301589, class=java.util.regex.Pattern$GroupTail@50006446)
OBJ 50006533 (sz=24, trace=300843, class=java.util.regex.Pattern$BitClass@50001922)
ARR 50006534 (sz=272, trace=300844, nelems=0, elem type=boolean[])
ARR 50006535 (sz=32, trace=301780, nelems=0, elem type=java.lang.String[]@500000cf)
OBJ 50006536 (sz=40, trace=301504, class=java.util.ArrayList$SubList@5000248a)
OBJ 50006537 (sz=16, trace=301593, class=java.util.regex.Pattern$BranchConn@5000645a)
OBJ 50006538 (sz=32, trace=301595, class=java.util.regex.Pattern$Branch@5000645c)
ARR 50006539 (sz=24, trace=301596, nelems=0, elem type=java.util.regex.Pattern$Node[]@5000645e)
OBJ 5000653a (sz=40, trace=301506, class=java.util.ArrayList$SubList$1@5000248d)
OBJ 5000653b (sz=16, trace=301599, class=java.util.regex.Pattern$BranchConn@5000645a)
OBJ 5000653c (sz=32, trace=301600, class=java.util.regex.Pattern$Branch@5000645c)
ARR 5000653d (sz=24, trace=301601, nelems=0, elem type=java.util.regex.Pattern$Node[]@5000645e)
OBJ 5000653e (sz=24, trace=301587, class=java.util.regex.Pattern$GroupHead@50001843)
OBJ 5000653f (sz=24, trace=301589, class=java.util.regex.Pattern$GroupTail@50006446)
OBJ 50006540 (sz=24, trace=300843, class=java.util.regex.Pattern$Single@50006487)
OBJ 50006541 (sz=24, trace=301587, class=java.util.regex.Pattern$GroupHead@50001843)
OBJ 50006542 (sz=24, trace=301589, class=java.util.regex.Pattern$GroupTail@50006446)
OBJ 50006543 (sz=24, trace=300843, class=java.util.regex.Pattern$BitClass@50001922)
ARR 50006544 (sz=272, trace=300844, nelems=0, elem type=boolean[])
ARR 50006545 (sz=32, trace=301781, nelems=0, elem type=char[])
OBJ 50006546 (sz=32, trace=301535, class=sun.misc.FloatingDecimal$ASCIIToBinaryBuffer@500024ac)
OBJ 50006547 (sz=16, trace=301593, class=java.util.regex.Pattern$BranchConn@5000645a)
OBJ 50006548 (sz=32, trace=301595, class=java.util.regex.Pattern$Branch@5000645c)
ARR 50006549 (sz=24, trace=301596, nelems=0, elem type=java.util.regex.Pattern$Node[]@5000645e)
OBJ 5000654a (sz=24, trace=301587, class=java.util.regex.Pattern$GroupHead@50001843)
OBJ 5000654b (sz=24, trace=301589, class=java.util.regex.Pattern$GroupTail@50006446)
OBJ 5000654c (sz=24, trace=300843, class=java.util.regex.Pattern$BitClass@50001922)
ARR 5000654d (sz=272, trace=300844, nelems=0, elem type=boolean[])
ARR 5000654e (sz=32, trace=301782, nelems=0, elem type=char[])
OBJ 5000654f (sz=32, trace=301535, class=sun.misc.FloatingDecimal$ASCIIToBinaryBuffer@500024ac)
OBJ 50006550 (sz=16, trace=301593, class=java.util.regex.Pattern$BranchConn@5000645a)
OBJ 50006551 (sz=32, trace=301595, class=java.util.regex.Pattern$Branch@5000645c)
ARR 50006552 (sz=24, trace=301596, nelems=0, elem type=java.util.regex.Pattern$Node[]@5000645e)
OBJ 50006553 (sz=24, trace=301587, class=java.util.regex.Pattern$GroupHead@50001843)
OBJ 50006554 (sz=24, trace=301589, class=java.util.regex.Pattern$GroupTail@50006446)
OBJ 50006555 (sz=24, trace=300843, class=java.util.regex.Pattern$BitClass@50001922)
ARR 50006556 (sz=272, trace=300844, nelems=0, elem type=boolean[])
OBJ 50006557 (sz=32, trace=301783, class=Point@5000255b)
ARR 50006558 (sz=32, trace=301784, nelems=0, elem type=char[])
OBJ 50006559 (sz=16, trace=301593, class=java.util.regex.Pattern$BranchConn@5000645a)
OBJ 5000655a (sz=32, trace=301595, class=java.util.regex.Pattern$Branch@5000645c)
ARR 5000655b (sz=24, trace=301596, nelems=0, elem type=java.util.regex.Pattern$Node[]@5000645e)
OBJ 5000655c (sz=32, trace=301535, class=sun.misc.FloatingDecimal$ASCIIToBinaryBuffer@500024ac)
ARR 5000655d (sz=32, trace=301785, nelems=0, elem type=char[])
OBJ 5000655e (sz=40, trace=301606, class=java.util.regex.Pattern$Loop@500064a6)
OBJ 5000655f (sz=24, trace=301608, class=java.util.regex.Pattern$Prolog@500064a8)
OBJ 50006560 (sz=16, trace=301593, class=java.util.regex.Pattern$BranchConn@5000645a)
OBJ 50006561 (sz=32, trace=301595, class=java.util.regex.Pattern$Branch@5000645c)
ARR 50006562 (sz=24, trace=301596, nelems=0, elem type=java.util.regex.Pattern$Node[]@5000645e)
ARR 50006563 (sz=32, trace=301612, nelems=0, elem type=java.util.regex.Pattern$Node[]@5000645e)
OBJ 50006564 (sz=24, trace=300828, class=java.util.regex.Pattern$Start@50001910)
OBJ 50006565 (sz=32, trace=301535, class=sun.misc.FloatingDecimal$ASCIIToBinaryBuffer@500024ac)
OBJ 50006566 (sz=32, trace=301786, class=Point@5000255b)
OBJ 50006567 (sz=32, trace=301787, class=Line@50006f05)
OBJ 50006568 (sz=24, trace=301779, class=java.lang.String@5000016f)
ARR 50006569 (sz=80, trace=300326, nelems=0, elem type=char[])
OBJ 5000656a (sz=24, trace=301497, class=java.util.ArrayList@500000c5)
OBJ 5000656b (sz=24, trace=301498, class=java.lang.String@5000016f)
ARR 5000656c (sz=32, trace=301499, nelems=0, elem type=char[])
ARR 5000656d (sz=56, trace=300281, nelems=0, elem type=java.lang.Object[]@5000010a)
OBJ 5000656e (sz=24, trace=301498, class=java.lang.String@5000016f)
ARR 5000656f (sz=32, trace=301499, nelems=0, elem type=char[])
OBJ 50006570 (sz=24, trace=301498, class=java.lang.String@5000016f)
ARR 50006571 (sz=32, trace=301499, nelems=0, elem type=char[])
OBJ 50006572 (sz=24, trace=301500, class=java.lang.String@5000016f)
ARR 50006573 (sz=32, trace=301501, nelems=0, elem type=char[])
ARR 50006574 (sz=32, trace=301780, nelems=0, elem type=java.lang.String[]@500000cf)
OBJ 50006575 (sz=40, trace=301504, class=java.util.ArrayList$SubList@5000248a)
OBJ 50006576 (sz=40, trace=301506, class=java.util.ArrayList$SubList$1@5000248d)
ARR 50006577 (sz=32, trace=301781, nelems=0, elem type=char[])
OBJ 50006578 (sz=32, trace=301535, class=sun.misc.FloatingDecimal$ASCIIToBinaryBuffer@500024ac)
ARR 50006579 (sz=32, trace=301782, nelems=0, elem type=char[])
OBJ 5000657a (sz=32, trace=301535, class=sun.misc.FloatingDecimal$ASCIIToBinaryBuffer@500024ac)
